[0000.275] I> Welcome to MB2(TBoot-BPMP)(version: 01.00.160913-t186-M-00.00-mobile-c368a720)
[2022-03-13 14:17:05] [0000.283] I> Boot-device: eMMC
[2022-03-13 14:17:05] [0000.291] I> sdmmc bdev is already initialized
[2022-03-13 14:17:05] [0000.295] I> pmic: reset reason (nverc)	: 0x80
[2022-03-13 14:17:05] [0000.328] I> Found 19 partitions in SDMMC_BOOT (instance 3)
[2022-03-13 14:17:05] [0000.348] I> Found 33 partitions in SDMMC_USER (instance 3)
[2022-03-13 14:17:05] [0000.354] W> No valid slot number is found in scratch register
[2022-03-13 14:17:05] [0000.360] W> Return default slot: _a
[2022-03-13 14:17:05] [0000.363] I> A/B: bin_type (16) slot 0
[2022-03-13 14:17:05] [0000.367] I> Loading partition bpmp-fw at 0xd7800000
[2022-03-13 14:17:05] [0000.372] I> Reading two headers - addr:0xd7800000 blocks:1
[2022-03-13 14:17:05] [0000.377] I> Addr: 0xd7800000, start-block: 58777608, num_blocks: 1
[2022-03-13 14:17:05] [0000.402] I> Binary(16) of size 534416 is loaded @ 0xd7800000
[2022-03-13 14:17:05] [0000.408] W> No valid slot number is found in scratch register
[2022-03-13 14:17:05] [0000.414] W> Return default slot: _a
[2022-03-13 14:17:05] [0000.417] I> A/B: bin_type (17) slot 0
[2022-03-13 14:17:05] [0000.421] I> Loading partition bpmp-fw-dtb at 0xd79f0000
[2022-03-13 14:17:05] [0000.426] I> Reading two headers - addr:0xd79f0000 blocks:1
[2022-03-13 14:17:05] [0000.432] I> Addr: 0xd79f0000, start-block: 58780024, num_blocks: 1
[2022-03-13 14:17:05] [0000.457] I> Binary(17) of size 604720 is loaded @ 0xd796c400
[2022-03-13 14:17:05] [0000.687] I> Loading SCE-FW ...
[2022-03-13 14:17:05] [0000.690] W> No valid slot number is found in scratch register
[2022-03-13 14:17:05] [0000.696] W> Return default slot: _a
[2022-03-13 14:17:05] [0000.699] I> A/B: bin_type (12) slot 0
[2022-03-13 14:17:05] [0000.703] I> Loading partition sce-fw at 0xd7300000
[2022-03-13 14:17:05] [0000.708] I> Reading two headers - addr:0xd7300000 blocks:1
[2022-03-13 14:17:05] [0000.713] I> Addr: 0xd7300000, start-block: 58784120, num_blocks: 1
[2022-03-13 14:17:05] [0000.732] I> Binary(12) of size 125632 is loaded @ 0xd7300000
[2022-03-13 14:17:05] [0000.738] I> Init SCE
[2022-03-13 14:17:05] [0000.740] I> Loading APE-FW ...
[2022-03-13 14:17:05] [0000.743] W> No valid slot number is found in scratch register
[2022-03-13 14:17:05] [0000.749] W> Return default slot: _a
[2022-03-13 14:17:05] [0000.752] I> A/B: bin_type (11) slot 0
[2022-03-13 14:17:05] [0000.756] I> Loading partition adsp-fw at 0xd7400000
[2022-03-13 14:17:05] [0000.761] I> Reading two headers - addr:0xd7400000 blocks:1
[2022-03-13 14:17:05] [0000.766] I> Addr: 0xd7400000, start-block: 58761224, num_blocks: 1
[2022-03-13 14:17:05] [0000.785] I> Binary(11) of size 77216 is loaded @ 0xd7400000
[2022-03-13 14:17:05] [0000.791] I> Copy BTCM section
[2022-03-13 14:17:05] [0000.794] W> No valid slot number is found in scratch register
[2022-03-13 14:17:05] [0000.800] W> Return default slot: _a
[2022-03-13 14:17:05] [0000.803] I> A/B: bin_type (13) slot 0
[2022-03-13 14:17:05] [0000.807] I> Loading partition cpu-bootloader at 0x96000000
[2022-03-13 14:17:05] [0000.812] I> Reading two headers - addr:0x96000000 blocks:1
[2022-03-13 14:17:05] [0000.818] I> Addr: 0x96000000, start-block: 58740744, num_blocks: 1
[2022-03-13 14:17:05] [0000.839] I> Binary(13) of size 308800 is loaded @ 0x96000000
[2022-03-13 14:17:05] [0000.844] W> No valid slot number is found in scratch register
[2022-03-13 14:17:05] [0000.850] W> Return default slot: _a
[2022-03-13 14:17:05] [0000.853] I> A/B: bin_type (20) slot 0
[2022-03-13 14:17:05] [0000.857] I> Loading partition bootloader-dtb at 0x85205400
[2022-03-13 14:17:05] [0000.863] I> Reading two headers - addr:0x85205400 blocks:1
[2022-03-13 14:17:05] [0000.868] I> Addr: 0x85205400, start-block: 58742792, num_blocks: 1
[2022-03-13 14:17:05] [0000.890] I> Binary(20) of size 375568 is loaded @ 0x85205400
[2022-03-13 14:17:06] [0000.896] W> No valid slot number is found in scratch register
[2022-03-13 14:17:06] [0000.901] W> Return default slot: _a
[2022-03-13 14:17:06] [0000.905] I> A/B: bin_type (14) slot 0
[2022-03-13 14:17:06] [0000.908] I> Loading partition secure-os at 0x85305600
[2022-03-13 14:17:06] [0000.913] I> Reading two headers - addr:0x85305600 blocks:1
[2022-03-13 14:17:06] [0000.919] I> Addr: 0x85305600, start-block: 58744840, num_blocks: 1
[2022-03-13 14:17:06] [0000.941] I> Binary(14) of size 402864 is loaded @ 0x85305600
[2022-03-13 14:17:06] [0000.948] I> TOS boot-params @ 0x85000000
[2022-03-13 14:17:06] [0000.952] I> TOS params prepared
[2022-03-13 14:17:06] [0000.956] I> Loading EKS ...
[2022-03-13 14:17:06] [0000.958] I> A/B: bin_type (15) slot 0
[2022-03-13 14:17:06] [0000.962] I> Loading partition eks at 0x85905800
[2022-03-13 14:17:06] [0000.966] I> Reading two headers - addr:0x85905800 blocks:1
[2022-03-13 14:17:06] [0000.972] I> Addr: 0x85905800, start-block: 58757128, num_blocks: 1
[2022-03-13 14:17:06] [0000.991] I> Binary(15) of size 1040 is loaded @ 0x85905800
[2022-03-13 14:17:06] [0000.996] I> EKB detected (length: 0x400) @ 0x85905800
[2022-03-13 14:17:06] [0001.001] I> Copied encrypted keys
[2022-03-13 14:17:06] [0001.005] I> boot profiler @ 0x275844000
[2022-03-13 14:17:06] [0001.009] I> boot profiler for TOS @ 0x275844000
[2022-03-13 14:17:06] [0001.014] I> Unhalting SCE
[2022-03-13 14:17:06] [0001.016] I> Primary Memory Start:80000000 Size:70000000
[2022-03-13 14:17:06] [0001.021] I> Extended Memory Start:f0110000 Size:1856f0000
[2022-03-13 14:17:06] [0001.028] I> MB2(TBoot-BPMP) done
[2022-03-13 14:17:06] 
[2022-03-13 14:17:06] NOTICE:  BL31: v1.3(release):b5eeb33f7
[2022-03-13 14:17:06] NOTICE:  BL31: Built : 12:15:17, Jul 26 2021
[2022-03-13 14:17:06] ipc-unittest-main: 1519: Welcome to IPC unittest!!!
[2022-03-13 14:17:06] ipc-unittest-main: 1531: waiting forever
[2022-03-13 14:17:06] ipc-unittest-srv: 329: Init unittest services!!!
[2022-03-13 14:17:06] hwkey-agent: 41: hwkey-agent is running!!
[2022-03-13 14:17:06] hwkey-agent: 315: key_mgnt_processing .......
[2022-03-13 14:17:06] hwkey-agent: 223: Setting EKB key 0 to slot 14
[2022-03-13 14:17:06] hwkey-agent: 178: Init hweky-agent services!!
[2022-03-13 14:17:06] luks-srv: 40: luks-srv is running!!
[2022-03-13 14:17:06] luks-srv: 157: Init luks-srv IPC services!!
[2022-03-13 14:17:06] platform_bootstrap_epilog: trusty bootstrap complete
[2022-03-13 14:17:06] [0001.401] I> Welcome to Cboot
[2022-03-13 14:17:06] [0001.404] I> Cboot Version: t186-00029e71
[2022-03-13 14:17:06] [0001.407] I> CPU-BL Params @ 0x275800000
[2022-03-13 14:17:06] [0001.411] I>  0) Base:0x00000000 Size:0x00000000
[2022-03-13 14:17:06] [0001.416] I>  1) Base:0x277f00000 Size:0x00100000
[2022-03-13 14:17:06] [0001.420] I>  2) Base:0x277e00000 Size:0x00100000
[2022-03-13 14:17:06] [0001.425] I>  3) Base:0x277d00000 Size:0x00100000
[2022-03-13 14:17:06] [0001.429] I>  4) Base:0x277c00000 Size:0x00100000
[2022-03-13 14:17:06] [0001.434] I>  5) Base:0x277b00000 Size:0x00100000
[2022-03-13 14:17:06] [0001.438] I>  6) Base:0x277800000 Size:0x00200000
[2022-03-13 14:17:06] [0001.443] I>  7) Base:0x277400000 Size:0x00400000
[2022-03-13 14:17:06] [0001.447] I>  8) Base:0x277a00000 Size:0x00100000
[2022-03-13 14:17:06] [0001.452] I>  9) Base:0x277300000 Size:0x00100000
[2022-03-13 14:17:06] [0001.456] I> 10) Base:0x276800000 Size:0x00800000
[2022-03-13 14:17:06] [0001.461] I> 11) Base:0x30000000 Size:0x00040000
[2022-03-13 14:17:06] [0001.465] I> 12) Base:0xf0000000 Size:0x00100000
[2022-03-13 14:17:06] [0001.470] I> 13) Base:0x30040000 Size:0x00001000
[2022-03-13 14:17:06] [0001.474] I> 14) Base:0x30048000 Size:0x00001000
[2022-03-13 14:17:06] [0001.479] I> 15) Base:0x30049000 Size:0x00001000
[2022-03-13 14:17:06] [0001.483] I> 16) Base:0x3004a000 Size:0x00001000
[2022-03-13 14:17:06] [0001.487] I> 17) Base:0x3004b000 Size:0x00001000
[2022-03-13 14:17:06] [0001.492] I> 18) Base:0x3004c000 Size:0x00001000
[2022-03-13 14:17:06] [0001.496] I> 19) Base:0x3004d000 Size:0x00001000
[2022-03-13 14:17:06] [0001.501] I> 20) Base:0x3004e000 Size:0x00001000
[2022-03-13 14:17:06] [0001.505] I> 21) Base:0x3004f000 Size:0x00001000
[2022-03-13 14:17:06] [0001.510] I> 22) Base:0x00000000 Size:0x00000000
[2022-03-13 14:17:06] [0001.514] I> 23) Base:0xf0100000 Size:0x00010000
[2022-03-13 14:17:06] [0001.518] I> 24) Base:0x00000000 Size:0x00000000
[2022-03-13 14:17:06] [0001.523] I> 25) Base:0x00000000 Size:0x00000000
[2022-03-13 14:17:06] [0001.527] I> 26) Base:0x00000000 Size:0x00000000
[2022-03-13 14:17:06] [0001.532] I> 27) Base:0x00000000 Size:0x00000000
[2022-03-13 14:17:06] [0001.536] I> 28) Base:0x84400000 Size:0x00400000
[2022-03-13 14:17:06] [0001.541] I> 29) Base:0x30000000 Size:0x00010000
[2022-03-13 14:17:06] [0001.545] I> 30) Base:0x278000000 Size:0x08000000
[2022-03-13 14:17:06] [0001.550] I> 31) Base:0x00000000 Size:0x00000000
[2022-03-13 14:17:06] [0001.554] I> 32) Base:0x276000000 Size:0x00600000
[2022-03-13 14:17:06] [0001.558] I> 33) Base:0x80000000 Size:0x70000000
[2022-03-13 14:17:06] [0001.563] I> 34) Base:0xf0110000 Size:0x1856f0000
[2022-03-13 14:17:06] [0001.567] I> 35) Base:0x00000000 Size:0x00000000
[2022-03-13 14:17:06] [0001.572] I> 36) Base:0x00000000 Size:0x00000000
[2022-03-13 14:17:06] [0001.576] I> 37) Base:0x2772e0000 Size:0x00020000
[2022-03-13 14:17:06] [0001.581] I> 38) Base:0x84000000 Size:0x00400000
[2022-03-13 14:17:06] [0001.585] I> 39) Base:0x96000000 Size:0x02000000
[2022-03-13 14:17:06] [0001.590] I> 40) Base:0x85000000 Size:0x01200000
[2022-03-13 14:17:06] [0001.594] I> 41) Base:0x275800000 Size:0x00500000
[2022-03-13 14:17:06] [0001.599] I> 42) Base:0x00000000 Size:0x00000000
[2022-03-13 14:17:06] [0001.603] I> 43) Base:0x00000000 Size:0x00000000
[2022-03-13 14:17:06] [0001.608] GIC-SPI Target CPU: 4
[2022-03-13 14:17:06] [0001.611] Interrupts Init done
[2022-03-13 14:17:06] [0001.614] calling constructors
[2022-03-13 14:17:06] [0001.617] initializing heap
[2022-03-13 14:17:06] [0001.620] initializing threads
[2022-03-13 14:17:06] [0001.623] initializing timers
[2022-03-13 14:17:06] [0001.626] creating bootstrap completion thread
[2022-03-13 14:17:06] [0001.631] top of bootstrap2()
[2022-03-13 14:17:06] [0001.634] CPU: ARM Cortex A57
[2022-03-13 14:17:06] [0001.637] CPU: MIDR: 0x411FD073, MPIDR: 0x80000100
[2022-03-13 14:17:06] [0001.642] initializing platform
[2022-03-13 14:17:06] [0001.645] I> Bl_dtb @0x85205400
[2022-03-13 14:17:06] [0001.648] I> gpio framework initialized
[2022-03-13 14:17:06] [0001.655] I> tegrabl_gpio_driver_register: register 'nvidia,tegra186-gpio' driver
[2022-03-13 14:17:06] [0001.665] I> tegrabl_gpio_driver_register: register 'nvidia,tegra186-gpio-aon' driver
[2022-03-13 14:17:06] [0001.673] I> GPIO framework and drivers are initialized.
[2022-03-13 14:17:06] [0001.678] I> Boot-device: eMMC
[2022-03-13 14:17:06] [0001.685] I> sdmmc bdev is already initialized
[2022-03-13 14:17:06] [0001.716] I> Found 19 partitions in SDMMC_BOOT (instance 3)
[2022-03-13 14:17:06] [0001.733] I> Found 33 partitions in SDMMC_USER (instance 3)
[2022-03-13 14:17:06] [0001.739] W> opt-in fuse is not set, skip fuse_burning
[2022-03-13 14:17:06] [0001.744] I> Reserved memory at 0xfbe00000 for U-Boot relocation
[2022-03-13 14:17:06] [0001.750] W> No valid slot number is found in scratch register
[2022-03-13 14:17:06] [0001.755] W> Return default slot: _a
[2022-03-13 14:17:06] [0001.765] I> A/B: bin_type (21) slot 0
[2022-03-13 14:17:06] [0001.768] I> Loading kernel-dtb from partition
[2022-03-13 14:17:06] [0001.773] I> Loading partition kernel-dtb at 0x80000000 from device(0x1)
[2022-03-13 14:17:06] [0001.790] I> Kernel_dtb @0x80000000
[2022-03-13 14:17:06] [0001.793] I> tegrabl_tca9539_init: i2c bus: 0, slave addr: 0xee
[2022-03-13 14:17:06] [0001.804] I> tegrabl_gpio_driver_register: register 'tca9539_gpio_driver' driver
[2022-03-13 14:17:06] [0001.811] I> tegrabl_tca9539_init: i2c bus: 0, slave addr: 0xe8
[2022-03-13 14:17:06] [0001.820] I> tegrabl_gpio_driver_register: register 'tca9539_gpio_driver' driver
[2022-03-13 14:17:06] [0001.830] I> fixed regulator driver initialized
[2022-03-13 14:17:06] [0001.863] I> register 'maxim' power off handle
[2022-03-13 14:17:06] [0001.869] I> virtual i2c enabled
[2022-03-13 14:17:06] [0001.873] I> registered 'maxim,max77620' pmic
[2022-03-13 14:17:06] [0001.877] I> tegrabl_gpio_driver_register: register 'max77620-gpio' driver
[2022-03-13 14:17:06] [0001.891] E> failed to read label property for node 324936: 13
[2022-03-13 14:17:07] [0001.899] E> failed to read reg property for node 325032: 13
[2022-03-13 14:17:07] [0001.908] E> failed to read reg property for node 325084: 13
[2022-03-13 14:17:07] [0001.916] E> failed to read label property for node 325168: 13
[2022-03-13 14:17:07] [0001.924] E> failed to read label property for node 325236: 13
[2022-03-13 14:17:07] [0001.933] E> failed to read reg property for node 325304: 13
[2022-03-13 14:17:07] [0001.941] E> failed to read reg property for node 325376: 13
[2022-03-13 14:17:07] [0001.951] I> Find /i2c@c250000's alias i2c7
[2022-03-13 14:17:07] [0001.955] I> Reading eeprom i2c=7 address=0x50
[2022-03-13 14:17:07] [0001.984] I> Device at /i2c@c250000:0x50
[2022-03-13 14:17:07] [0001.988] I> Reading eeprom i2c=7 address=0x57
[2022-03-13 14:17:07] [0002.017] I> Device at /i2c@c250000:0x57
[2022-03-13 14:17:07] [0002.021] I> Find /i2c@c240000's alias i2c1
[2022-03-13 14:17:07] [0002.025] I> Reading eeprom i2c=1 address=0x51
[2022-03-13 14:17:07] [0002.030] E> I2C: slave not found in slaves.
[2022-03-13 14:17:07] [0002.035] E> I2C: Could not write 0 bytes to slave: 0x00a2 with repeat start true.
[2022-03-13 14:17:07] [0002.042] E> I2C_DEV: Failed to send register address 0x00000000.
[2022-03-13 14:17:07] [0002.048] E> I2C_DEV: Could not read 256 registers of size 1 from slave 0xa2 at 0x00000000 via instance 1.
[2022-03-13 14:17:07] [0002.058] E> eeprom: Retry to read I2C slave device.
[2022-03-13 14:17:07] [0002.063] E> I2C: slave not found in slaves.
[2022-03-13 14:17:07] [0002.067] E> I2C: Could not write 0 bytes to slave: 0x00a2 with repeat start true.
[2022-03-13 14:17:07] [0002.074] E> I2C_DEV: Failed to send register address 0x00000000.
[2022-03-13 14:17:07] [0002.080] E> I2C_DEV: Could not read 256 registers of size 1 from slave 0xa2 at 0x00000000 via instance 1.
[2022-03-13 14:17:07] [0002.090] E> eeprom: Failed to read I2C slave device
[2022-03-13 14:17:07] [0002.094] I> Eeprom read failed 0x3526070d
[2022-03-13 14:17:07] [0002.099] I> Find /i2c@3160000's alias i2c0
[2022-03-13 14:17:07] [0002.103] I> Reading eeprom i2c=0 address=0x50
[2022-03-13 14:17:07] [0002.107] E> I2C: slave not found in slaves.
[2022-03-13 14:17:07] [0002.111] E> I2C: Could not write 0 bytes to slave: 0x00a0 with repeat start true.
[2022-03-13 14:17:07] [0002.119] E> I2C_DEV: Failed to send register address 0x00000000.
[2022-03-13 14:17:07] [0002.125] E> I2C_DEV: Could not read 256 registers of size 1 from slave 0xa0 at 0x00000000 via instance 0.
[2022-03-13 14:17:07] [0002.135] E> eeprom: Failed to read I2C slave device
[2022-03-13 14:17:07] [0002.139] I> Eeprom read failed 0x3526070d
[2022-03-13 14:17:07] [0002.144] I> Find /i2c@3180000's alias i2c2
[2022-03-13 14:17:07] [0002.148] I> Reading eeprom i2c=2 address=0x54
[2022-03-13 14:17:07] [0002.152] I> Enabling gpio chip_id = 2, gpio pin = 9
[2022-03-13 14:17:07] [0002.183] I> Disabling gpio chip_id = 2, gpio pin = 9
[2022-03-13 14:17:07] [0002.188] I> Device at /i2c@3180000:0x54
[2022-03-13 14:17:07] [0002.192] I> Reading eeprom i2c=2 address=0x57
[2022-03-13 14:17:07] [0002.196] I> Enabling gpio chip_id = 2, gpio pin = 9
[2022-03-13 14:17:07] [0002.202] E> I2C: slave not found in slaves.
[2022-03-13 14:17:07] [0002.206] E> I2C: Could not write 0 bytes to slave: 0x00ae with repeat start true.
[2022-03-13 14:17:07] [0002.214] E> I2C_DEV: Failed to send register address 0x00000000.
[2022-03-13 14:17:07] [0002.220] E> I2C_DEV: Could not read 256 registers of size 1 from slave 0xae at 0x00000000 via instance 2.
[2022-03-13 14:17:07] [0002.229] E> eeprom: Failed to read I2C slave device
[2022-03-13 14:17:07] [0002.234] I> Disabling gpio chip_id = 2, gpio pin = 9
[2022-03-13 14:17:07] [0002.239] I> Eeprom read failed 0x00000000
[2022-03-13 14:17:07] [0002.243] I> create_pm_ids: id: 3310-1000-D00-L, len: 15
[2022-03-13 14:17:07] [0002.248] I> config: mem-type:00,power-config:00,misc-config:00,modem-config:00,touch-config:00,display-config:00,, len: 93
[2022-03-13 14:17:07] [0002.259] I> create_pm_ids: id: 2597-0000-900-E, len: 15
[2022-03-13 14:17:07] [0002.264] I> config: mem-type:00,power-config:00,misc-config:00,modem-config:00,touch-config:00,display-config:00,, len: 93
[2022-03-13 14:17:07] [0002.275] I> create_pm_ids: id: 3326-1000-000-M, len: 15
[2022-03-13 14:17:07] [0002.280] I> config: mem-type:ff,power-config:ff,misc-config:ff,modem-config:ff,touch-config:ff,display-config:ff,, len: 93
[2022-03-13 14:17:07] [0002.315] I> enabling 'vdd-hdmi' regulator
[2022-03-13 14:17:07] [0002.331] I> regulator 'vdd-hdmi' already enabled
[2022-03-13 14:17:07] [0002.335] E> tegrabl_display_init_regulator: hdmi cable is not connected
[2022-03-13 14:17:07] [0002.342] E> tegrabl_display_get_pdata, failed to parse dtb settings
[2022-03-13 14:17:07] [0002.351] E> cannot find any other nvdisp nodes
[2022-03-13 14:17:07] [0002.355] E> no valid display unit config found in dtb
[2022-03-13 14:17:07] [0002.361] W> display init failed
[2022-03-13 14:17:07] [0002.364] initializing target
[2022-03-13 14:17:07] [0002.367] calling apps_init()
[2022-03-13 14:17:07] [0002.370] starting app kernel_boot_app
[2022-03-13 14:17:07] [0002.392] I> found decompressor handler: lz4-legacy
[2022-03-13 14:17:07] [0002.397] I> decompressing BMP blob ...
[2022-03-13 14:17:07] [0002.409] I> Kernel type = Normal
[2022-03-13 14:17:07] [0002.412] I> ########## Fixed storage boot ##########
[2022-03-13 14:17:07] [0002.417] I> Loading kernel-bootctrl from partition
[2022-03-13 14:17:07] [0002.422] I> Loading partition kernel-bootctrl at 0xa8000000 from device(0x1)
[2022-03-13 14:17:07] [0002.436] W> tegrabl_get_kernel_bootctrl: magic number(0x00000000) is invalid
[2022-03-13 14:17:07] [0002.443] W> tegrabl_get_kernel_bootctrl: use default dummy boot control data
[2022-03-13 14:17:07] [0002.450] W> No valid slot number is found in scratch register
[2022-03-13 14:17:07] [0002.456] W> Return default slot: _a
[2022-03-13 14:17:07] [0002.459] I> A/B: bin_type (24) slot 0
[2022-03-13 14:17:07] [0002.475] I> Boot image size read from image header: 9913d
[2022-03-13 14:17:07] [0002.480] I> Boot image load address: 0x80400000
[2022-03-13 14:17:07] [0002.484] I> Loading kernel from partition
[2022-03-13 14:17:07] [0002.488] I> Loading partition kernel at 0x80400000 from device(0x1)
[2022-03-13 14:17:08] [0003.430] I> Validate kernel ...
[2022-03-13 14:17:08] [0003.433] I> T18x: Authenticate kernel (bin_type 24), max size 0x4000000
[2022-03-13 14:17:08] [0003.441] I> Decrypt the buffer ... [0003.445] W> tegrabl_decrypt_block: fuse (0x0) is not burnt to do encryption (0x4); skip decryption.
[2022-03-13 14:17:08] [0003.453] I> done
[2022-03-13 14:17:08] [0003.455] I> Checking boot.img header magic ... [0003.459] I> [OK]
[2022-03-13 14:17:08] [0003.461] I> kernel-dtb is already loaded
[2022-03-13 14:17:08] [0003.465] I> Validate kernel-dtb ...
[2022-03-13 14:17:08] [0003.468] I> T18x: Authenticate kernel-dtb (bin_type 21), max size 0x100000
[2022-03-13 14:17:08] [0003.476] I> Decrypt the buffer ... [0003.479] W> tegrabl_decrypt_block: fuse (0x0) is not burnt to do encryption (0x4); skip decryption.
[2022-03-13 14:17:08] [0003.488] I> done
[2022-03-13 14:17:08] [0003.490] I> Kernel hdr @0x80400000
[2022-03-13 14:17:08] [0003.493] I> Kernel dtb @0x80000000
[2022-03-13 14:17:08] [0003.497] I> decompressor handler not found
[2022-03-13 14:17:08] [0003.501] I> Copying kernel image (627005 bytes) from 0x80400800 to 0x80600000 ... [0003.508] I> Done
[2022-03-13 14:17:08] [0003.510] I> Move ramdisk (len: 0) from 0x8049a000 to 0x947d0000
[2022-03-13 14:17:08] [0003.517] I> Updated bpmp info to DTB
[2022-03-13 14:17:08] [0003.523] I> Ramdisk: Base: 0x947d0000; Size: 0x0
[2022-03-13 14:17:08] [0003.528] I> Updated initrd info to DTB
[2022-03-13 14:17:08] [0003.532] W> WARN: Fail to override "console=none" in commandline
[2022-03-13 14:17:08] [0003.538] I> Active rootfs suffix: 
[2022-03-13 14:17:08] [0003.541] E> tegrabl_linuxboot_add_disp_param, du 0 failed to get display params
[2022-03-13 14:17:08] [0003.548] E> tegrabl_linuxboot_add_disp_param, du 0 failed to get display params
[2022-03-13 14:17:08] [0003.555] E> tegrabl_linuxboot_add_disp_param, du 0 failed to get display params
[2022-03-13 14:17:08] [0003.562] I> disabled_core_mask: 0xffffff0c
[2022-03-13 14:17:08] [0003.566] W> No valid slot number is found in scratch register
[2022-03-13 14:17:08] [0003.572] W> Return default slot: _a
[2022-03-13 14:17:08] [0003.575] I> Active slot suffix: 
[2022-03-13 14:17:08] [0003.579] I> add_boot_slot_suffix: slot_suffix = 
[2022-03-13 14:17:08] [0003.583] I> Linux Cmdline: console=ttyS0,115200 androidboot.presilicon=true firmware_class.path=/etc/firmware root=/dev/mmcblk0p1 rw rootwait rootfstype=ext4 console=ttyS0,115200n8 console=tty0 fbcon=map:0 net.ifnames=0 isolcpus=1-2  video=tegrafb earlycon=uart8250,mmio32,0x3100000 nvdumper_reserved=0x2772e0000 gpt rootfs.slot_suffix= usbcore.old_scheme_first=1 tegraid=18.1.2.0.0 maxcpus=6 no_console_suspend boot.slot_suffix= boot.ratchetvalues=0.2031647.1 vpr_resize bl_prof_dataptr=0x10000@0x275840000 sdhci_tegra.en_boot_part_access=1 
[2022-03-13 14:17:08] [0003.631] I> Updated bootarg info to DTB
[2022-03-13 14:17:08] [0003.634] I> eeprom_get_mac_addr: MAC (type: 0): 48:b0:2d:0f:11:c5
[2022-03-13 14:17:08] [0003.641] I> eeprom_get_mac_addr: MAC (type: 1): 48:b0:2d:0f:11:c6
[2022-03-13 14:17:08] [0003.647] I> eeprom_get_mac_addr: MAC (type: 2): 48:b0:2d:0f:11:c7
[2022-03-13 14:17:08] [0003.653] E> Found no plugin manager ids in source DT
[2022-03-13 14:17:08] [0003.658] W> Add plugin manager ids from board info
[2022-03-13 14:17:08] [0003.663] W> "plugin-manager" doesn't exist, creating
[2022-03-13 14:17:08] [0003.668] W> "ids" doesn't exist, creating
[2022-03-13 14:17:08] [0003.672] W> "connection" doesn't exist, creating
[2022-03-13 14:17:08] [0003.676] W> "configs" doesn't exist, creating
[2022-03-13 14:17:08] [0003.681] I> create_pm_ids: id: 3310-1000-D00-L, len: 15
[2022-03-13 14:17:08] [0003.686] I> config: mem-type:00,power-config:00,misc-config:00,modem-config:00,touch-config:00,display-config:00,, len: 93
[2022-03-13 14:17:08] [0003.697] I> create_pm_ids: id: 2597-0000-900-E, len: 15
[2022-03-13 14:17:08] [0003.702] I> config: mem-type:00,power-config:00,misc-config:00,modem-config:00,touch-config:00,display-config:00,, len: 93
[2022-03-13 14:17:08] [0003.713] I> create_pm_ids: id: 3326-1000-000-M, len: 15
[2022-03-13 14:17:08] [0003.718] I> config: mem-type:ff,power-config:ff,misc-config:ff,modem-config:ff,touch-config:ff,display-config:ff,, len: 93
[2022-03-13 14:17:08] [0003.729] I> Adding plugin-manager/ids/3310-1000-D00=/i2c@c250000:module@0x50
[2022-03-13 14:17:08] [0003.736] W> "i2c@c250000" doesn't exist, creating
[2022-03-13 14:17:08] [0003.741] W> "module@0x50" doesn't exist, creating
[2022-03-13 14:17:08] [0003.746] I> Adding plugin-manager/ids/2597-0000-900=/i2c@c250000:module@0x57
[2022-03-13 14:17:08] [0003.753] W> "module@0x57" doesn't exist, creating
[2022-03-13 14:17:08] [0003.758] I> Adding plugin-manager/ids/3326-1000-000=/i2c@3180000:module@0x54
[2022-03-13 14:17:08] [0003.765] W> "i2c@3180000" doesn't exist, creating
[2022-03-13 14:17:08] [0003.770] W> "module@0x54" doesn't exist, creating
[2022-03-13 14:17:08] [0003.777] I> Adding plugin-manager/ids/3310-1000-D00-L
[2022-03-13 14:17:08] [0003.784] I> Adding plugin-manager/configs/3310-mem-type 00
[2022-03-13 14:17:08] [0003.789] I> Adding plugin-manager/configs/3310-power-config 00
[2022-03-13 14:17:08] [0003.795] I> Adding plugin-manager/configs/3310-misc-config 00
[2022-03-13 14:17:08] [0003.801] I> Adding plugin-manager/configs/3310-modem-config 00
[2022-03-13 14:17:08] [0003.807] I> Adding plugin-manager/configs/3310-touch-config 00
[2022-03-13 14:17:08] [0003.813] I> Adding plugin-manager/configs/3310-display-config 00
[2022-03-13 14:17:08] [0003.819] I> Adding plugin-manager/cvm
[2022-03-13 14:17:08] [0003.823] W> "chip-id" doesn't exist, creating
[2022-03-13 14:17:08] [0003.827] I> Adding plugin-manager/chip-id/A02P
[2022-03-13 14:17:08] [0003.832] W> "odm-data" doesn't exist, creating
[2022-03-13 14:17:08] [0003.836] I> Adding /chosen/plugin-manager/odm-data
[2022-03-13 14:17:08] [0003.846] I> added [base:0x80000000, size:0x70000000] to /memory
[2022-03-13 14:17:08] [0003.852] I> added [base:0xf0200000, size:0x185600000] to /memory
[2022-03-13 14:17:08] [0003.858] I> added [base:0x275e00000, size:0x200000] to /memory
[2022-03-13 14:17:08] [0003.864] I> added [base:0x276600000, size:0x200000] to /memory
[2022-03-13 14:17:08] [0003.870] I> added [base:0x277000000, size:0x200000] to /memory
[2022-03-13 14:17:08] [0003.875] I> Updated memory info to DTB
[2022-03-13 14:17:08] [0003.880] E> add_disp_param: failed to get display params for du=0
[2022-03-13 14:17:08] [0003.888] W> "reset" doesn't exist, creating
[2022-03-13 14:17:08] [0003.892] W> "pmc-reset-reason" doesn't exist, creating
[2022-03-13 14:17:09] [0003.898] W> "pmic-reset-reason" doesn't exist, creating
[2022-03-13 14:17:09] [0003.904] I> Adding ecid(00000001646db7851000000013038200) to DT
[2022-03-13 14:17:09] [0003.910] I> disabled_core_mask: 0xffffff0c
[2022-03-13 14:17:09] [0003.923] I> Add serial number:1422420022173 as DT property
[2022-03-13 14:17:09] [0003.932] I> Plugin-manager override starting
[2022-03-13 14:17:09] [0003.937] I> node /plugin-manager/fragement@0 matches
[2022-03-13 14:17:09] [0003.947] I> node /plugin-manager/fragement@4 matches
[2022-03-13 14:17:09] [0003.960] I> node /plugin-manager/fragment-sdwake-p3310-1000-300 matches
[2022-03-13 14:17:09] [0003.980] I> node /plugin-manager/fragement-pmon-p3310-1000-300 matches
[2022-03-13 14:17:09] [0003.990] I> node /plugin-manager/fragement-pmon-p3310-1000-800 matches
[2022-03-13 14:17:09] [0003.999] I> node /plugin-manager/fragment-devslp@0 matches
[2022-03-13 14:17:09] [0004.011] I> node /plugin-manager/fragment-500-pcie-config matches
[2022-03-13 14:17:09] [0004.026] I> node /plugin-manager/fragment-500-xusb-config matches
[2022-03-13 14:17:09] [0004.049] I> node /plugin-manager/fragment-p3310-c00-comm matches
[2022-03-13 14:17:09] [0004.063] I> node /plugin-manager/fragment-p3310-c00-pmic matches
[2022-03-13 14:17:09] [0004.073] I> node /plugin-manager/fragment-p3310-c01 matches
[2022-03-13 14:17:09] [0004.086] I> node /plugin-manager/fragment-p3310-c03 matches
[2022-03-13 14:17:09] [0004.129] I> node /plugin-manager/fragment-e3326@0 matches
[2022-03-13 14:17:09] [0004.211] I> node /plugin-manager/fragment-p3310-c00-camera matches
[2022-03-13 14:17:09] [0004.238] I> Disable plugin-manager status in FDT
[2022-03-13 14:17:09] [0004.243] I> Plugin-manager override finished successfully
[2022-03-13 14:17:09] [0004.248] I> tegrabl_load_kernel_and_dtb: Done
[2022-03-13 14:17:09] [0004.252] E> tegrabl_display_clear: display is not initialized
[2022-03-13 14:17:09] [0004.258] W> Boot logo display failed...
[2022-03-13 14:17:09] [0004.261] I> Kernel EP: 0x80600000, DTB: 0x80000000
[2022-03-13 14:17:09] 
[2022-03-13 14:17:09] 
[2022-03-13 14:17:09] U-Boot 2020.04-g46e4604c78 (Jul 26 2021 - 12:10:58 -0700)
[2022-03-13 14:17:09] 
[2022-03-13 14:17:09] SoC: tegra186
[2022-03-13 14:17:09] Model: NVIDIA P2771-0000-500
[2022-03-13 14:17:09] Board: NVIDIA P2771-0000
[2022-03-13 14:17:09] DRAM:  7.8 GiB
[2022-03-13 14:17:09] MMC:   sdhci@3400000: 1, sdhci@3460000: 0
[2022-03-13 14:17:09] Loading Environment from MMC... *** Warning - bad CRC, using default environment
[2022-03-13 14:17:09] 
[2022-03-13 14:17:09] In:    serial
[2022-03-13 14:17:09] Out:   serial
[2022-03-13 14:17:09] Err:   serial
[2022-03-13 14:17:09] Net:   
[2022-03-13 14:17:09] Warning: ethernet@2490000 using MAC address from ROM
[2022-03-13 14:17:09] eth0: ethernet@2490000
[2022-03-13 14:17:09] Hit any key to stop autoboot:  2  1  0 
[2022-03-13 14:17:11] MMC: no card present
[2022-03-13 14:17:11] switch to partitions #0, OK
[2022-03-13 14:17:11] mmc0(part 0) is current device
[2022-03-13 14:17:11] Scanning mmc 0:1...
[2022-03-13 14:17:12] Found /boot/extlinux/extlinux.conf
[2022-03-13 14:17:12] Retrieving file: /boot/extlinux/extlinux.conf
[2022-03-13 14:17:12] 858 bytes read in 22 ms (38.1 KiB/s)
[2022-03-13 14:17:12] 1:	primary kernel
[2022-03-13 14:17:12] Retrieving file: /boot/initrd
[2022-03-13 14:17:12] 7238344 bytes read in 201 ms (34.3 MiB/s)
[2022-03-13 14:17:12] Retrieving file: /boot/Image
[2022-03-13 14:17:13] 34484232 bytes read in 829 ms (39.7 MiB/s)
[2022-03-13 14:17:13] append: console=ttyS0,115200 androidboot.presilicon=true firmware_class.path=/etc/firmware root=/dev/mmcblk0p1 rw rootwait rootfstype=ext4 console=ttyS0,115200n8 console=tty0 fbcon=map:0 net.ifnames=0 isolcpus=1-2  video=tegrafb earlycon=uart8250,mmio32,0x3100000 nvdumper_reserved=0x2772e0000 gpt rootfs.slot_suffix= usbcore.old_scheme_first=1 tegraid=18.1.2.0.0 maxcpus=6 no_console_suspend boot.slot_suffix= boot.ratchetvalues=0.2031647.1 vpr_resize bl_prof_dataptr=0x10000@0x275840000 sdhci_tegra.en_boot_part_access=1 quiet root=/dev/mmcblk0p1 rw rootwait rootfstype=ext4 console=ttyS0,115200n8 console=tty0 fbcon=map:0 net.ifnames=0 isolcpus=1-2 
[2022-03-13 14:17:13] ## Flattened Device Tree blob at 80000000
[2022-03-13 14:17:13]    Booting using the fdt blob at 0x80000000
[2022-03-13 14:17:13] ERROR: reserving fdt memory region failed (addr=0 size=0)
[2022-03-13 14:17:13] ERROR: reserving fdt memory region failed (addr=0 size=0)
[2022-03-13 14:17:13] ERROR: reserving fdt memory region failed (addr=0 size=0)
[2022-03-13 14:17:13]    Using Device Tree in place at 0000000080000000, end 0000000080060aa3
[2022-03-13 14:17:13] copying carveout for /host1x@13e00000/display-hub@15200000/display@15200000...
[2022-03-13 14:17:13] copying carveout for /host1x@13e00000/display-hub@15200000/display@15210000...
[2022-03-13 14:17:13] copying carveout for /host1x@13e00000/display-hub@15200000/display@15220000...
[2022-03-13 14:17:13] 
[2022-03-13 14:17:13] Starting kernel ...
[2022-03-13 14:17:13] 
[2022-03-13 14:17:13] [    0.000000] Booting Linux on physical CPU 0x100
[2022-03-13 14:17:13] [    0.000000] Linux version 4.9.253-tegra (buildbrain@mobile-u64-5497-d3000) (gcc version 7.3.1 20180425 [linaro-7.3-2018.05 revision d29120a424ecfbc167ef90065c0eeb7f91977701] (Linaro GCC 7.3-2018.05) ) #1 SMP PREEMPT Mon Jul 26 12:19:28 PDT 2021
[2022-03-13 14:17:13] [    0.000000] Boot CPU: AArch64 Processor [411fd073]
[2022-03-13 14:17:13] [    0.000000] OF: fdt:memory scan node memory@80000000, reg size 80,
[2022-03-13 14:17:13] [    0.000000] OF: fdt: - 80000000 ,  70000000
[2022-03-13 14:17:13] [    0.000000] OF: fdt: - f0200000 ,  185600000
[2022-03-13 14:17:13] [    0.000000] OF: fdt: - 275e00000 ,  200000
[2022-03-13 14:17:13] [    0.000000] OF: fdt: - 276600000 ,  200000
[2022-03-13 14:17:13] [    0.000000] OF: fdt: - 277000000 ,  200000
[2022-03-13 14:17:13] [    0.000000] earlycon: uart8250 at MMIO32 0x0000000003100000 (options '')
[2022-03-13 14:17:13] [    0.000000] bootconsole [uart8250] enabled
[2022-03-13 14:17:15] [    1.761427] cgroup: cgroup2: unknown option "nsdelegate"
[2022-03-13 14:17:16] [    2.771297] using random self ethernet address
[2022-03-13 14:17:16] [    2.793607] using random host ethernet address
[2022-03-13 14:17:16] [    2.943625] FAT-fs (loop0): Volume was not properly unmounted. Some data may be corrupt. Please run fsck.
[2022-03-13 14:17:17] [    3.235173] random: crng init done
[2022-03-13 14:17:17] [    3.238579] random: 7 urandom warning(s) missed due to ratelimiting
[2022-03-13 14:17:17] [    3.445044] using random self ethernet address
[2022-03-13 14:17:17] [    3.449714] using random host ethernet address
[2022-03-13 14:17:17] [    3.810412] CPU1: shutdown
[2022-03-13 14:17:17] [    3.879793] CPU2: shutdown
[2022-03-13 14:17:18] [    4.725682] Bridge firewalling registered
[2022-03-13 14:17:21] 
[2022-03-13 14:17:21] Ubuntu 18.04.5 LTS JTX2-A ttyS0
[2022-03-13 14:17:21] 
[2022-03-13 14:17:21] JTX2-A login: [0000.302] I> Welcome to MB2(TBoot-BPMP)(version: 01.00.160913-t186-M-00.00-mobile-c368a720)
[2022-03-13 14:18:19] [0000.311] I> Boot-device: eMMC
[2022-03-13 14:18:19] [0000.318] I> sdmmc bdev is already initialized
[2022-03-13 14:18:19] [0000.323] I> pmic: reset reason (nverc)	: 0x80
[2022-03-13 14:18:19] [0000.356] I> Found 19 partitions in SDMMC_BOOT (instance 3)
[2022-03-13 14:18:19] [0000.376] I> Found 33 partitions in SDMMC_USER (instance 3)
[2022-03-13 14:18:19] [0000.382] W> No valid slot number is found in scratch register
[2022-03-13 14:18:19] [0000.387] W> Return default slot: _a
[2022-03-13 14:18:19] [0000.391] I> A/B: bin_type (16) slot 0
[2022-03-13 14:18:19] [0000.394] I> Loading partition bpmp-fw at 0xd7800000
[2022-03-13 14:18:19] [0000.399] I> Reading two headers - addr:0xd7800000 blocks:1
[2022-03-13 14:18:19] [0000.405] I> Addr: 0xd7800000, start-block: 58777608, num_blocks: 1
[2022-03-13 14:18:19] [0000.429] I> Binary(16) of size 534416 is loaded @ 0xd7800000
[2022-03-13 14:18:19] [0000.435] W> No valid slot number is found in scratch register
[2022-03-13 14:18:19] [0000.441] W> Return default slot: _a
[2022-03-13 14:18:19] [0000.444] I> A/B: bin_type (17) slot 0
[2022-03-13 14:18:19] [0000.448] I> Loading partition bpmp-fw-dtb at 0xd79f0000
[2022-03-13 14:18:19] [0000.453] I> Reading two headers - addr:0xd79f0000 blocks:1
[2022-03-13 14:18:19] [0000.459] I> Addr: 0xd79f0000, start-block: 58780024, num_blocks: 1
[2022-03-13 14:18:19] [0000.484] I> Binary(17) of size 604720 is loaded @ 0xd796c400
[2022-03-13 14:18:19] [0000.714] I> Loading SCE-FW ...
[2022-03-13 14:18:19] [0000.717] W> No valid slot number is found in scratch register
[2022-03-13 14:18:19] [0000.723] W> Return default slot: _a
[2022-03-13 14:18:19] [0000.726] I> A/B: bin_type (12) slot 0
[2022-03-13 14:18:19] [0000.730] I> Loading partition sce-fw at 0xd7300000
[2022-03-13 14:18:19] [0000.735] I> Reading two headers - addr:0xd7300000 blocks:1
[2022-03-13 14:18:19] [0000.740] I> Addr: 0xd7300000, start-block: 58784120, num_blocks: 1
[2022-03-13 14:18:19] [0000.759] I> Binary(12) of size 125632 is loaded @ 0xd7300000
[2022-03-13 14:18:19] [0000.765] I> Init SCE
[2022-03-13 14:18:19] [0000.767] I> Loading APE-FW ...
[2022-03-13 14:18:19] [0000.770] W> No valid slot number is found in scratch register
[2022-03-13 14:18:19] [0000.776] W> Return default slot: _a
[2022-03-13 14:18:19] [0000.779] I> A/B: bin_type (11) slot 0
[2022-03-13 14:18:19] [0000.783] I> Loading partition adsp-fw at 0xd7400000
[2022-03-13 14:18:19] [0000.788] I> Reading two headers - addr:0xd7400000 blocks:1
[2022-03-13 14:18:19] [0000.793] I> Addr: 0xd7400000, start-block: 58761224, num_blocks: 1
[2022-03-13 14:18:19] [0000.812] I> Binary(11) of size 77216 is loaded @ 0xd7400000
[2022-03-13 14:18:19] [0000.818] I> Copy BTCM section
[2022-03-13 14:18:19] [0000.821] W> No valid slot number is found in scratch register
[2022-03-13 14:18:19] [0000.827] W> Return default slot: _a
[2022-03-13 14:18:19] [0000.830] I> A/B: bin_type (13) slot 0
[2022-03-13 14:18:19] [0000.834] I> Loading partition cpu-bootloader at 0x96000000
[2022-03-13 14:18:19] [0000.839] I> Reading two headers - addr:0x96000000 blocks:1
[2022-03-13 14:18:19] [0000.845] I> Addr: 0x96000000, start-block: 58740744, num_blocks: 1
[2022-03-13 14:18:19] [0000.866] I> Binary(13) of size 308800 is loaded @ 0x96000000
[2022-03-13 14:18:19] [0000.871] W> No valid slot number is found in scratch register
[2022-03-13 14:18:19] [0000.877] W> Return default slot: _a
[2022-03-13 14:18:19] [0000.880] I> A/B: bin_type (20) slot 0
[2022-03-13 14:18:19] [0000.884] I> Loading partition bootloader-dtb at 0x85205400
[2022-03-13 14:18:19] [0000.889] I> Reading two headers - addr:0x85205400 blocks:1
[2022-03-13 14:18:19] [0000.895] I> Addr: 0x85205400, start-block: 58742792, num_blocks: 1
[2022-03-13 14:18:20] [0000.917] I> Binary(20) of size 375568 is loaded @ 0x85205400
[2022-03-13 14:18:20] [0000.922] W> No valid slot number is found in scratch register
[2022-03-13 14:18:20] [0000.928] W> Return default slot: _a
[2022-03-13 14:18:20] [0000.932] I> A/B: bin_type (14) slot 0
[2022-03-13 14:18:20] [0000.935] I> Loading partition secure-os at 0x85305600
[2022-03-13 14:18:20] [0000.940] I> Reading two headers - addr:0x85305600 blocks:1
[2022-03-13 14:18:20] [0000.946] I> Addr: 0x85305600, start-block: 58744840, num_blocks: 1
[2022-03-13 14:18:20] [0000.968] I> Binary(14) of size 402864 is loaded @ 0x85305600
[2022-03-13 14:18:20] [0000.975] I> TOS boot-params @ 0x85000000
[2022-03-13 14:18:20] [0000.979] I> TOS params prepared
[2022-03-13 14:18:20] [0000.982] I> Loading EKS ...
[2022-03-13 14:18:20] [0000.985] I> A/B: bin_type (15) slot 0
[2022-03-13 14:18:20] [0000.989] I> Loading partition eks at 0x85905800
[2022-03-13 14:18:20] [0000.993] I> Reading two headers - addr:0x85905800 blocks:1
[2022-03-13 14:18:20] [0000.999] I> Addr: 0x85905800, start-block: 58757128, num_blocks: 1
[2022-03-13 14:18:20] [0001.017] I> Binary(15) of size 1040 is loaded @ 0x85905800
[2022-03-13 14:18:20] [0001.023] I> EKB detected (length: 0x400) @ 0x85905800
[2022-03-13 14:18:20] [0001.028] I> Copied encrypted keys
[2022-03-13 14:18:20] [0001.032] I> boot profiler @ 0x275844000
[2022-03-13 14:18:20] [0001.036] I> boot profiler for TOS @ 0x275844000
[2022-03-13 14:18:20] [0001.040] I> Unhalting SCE
[2022-03-13 14:18:20] [0001.043] I> Primary Memory Start:80000000 Size:70000000
[2022-03-13 14:18:20] [0001.048] I> Extended Memory Start:f0110000 Size:1856f0000
[2022-03-13 14:18:20] [0001.055] I> MB2(TBoot-BPMP) done
[2022-03-13 14:18:20] 
[2022-03-13 14:18:20] NOTICE:  BL31: v1.3(release):b5eeb33f7
[2022-03-13 14:18:20] NOTICE:  BL31: Built : 12:15:17, Jul 26 2021
[2022-03-13 14:18:20] ipc-unittest-main: 1519: Welcome to IPC unittest!!!
[2022-03-13 14:18:20] ipc-unittest-main: 1531: waiting forever
[2022-03-13 14:18:20] ipc-unittest-srv: 329: Init unittest services!!!
[2022-03-13 14:18:20] hwkey-agent: 41: hwkey-agent is running!!
[2022-03-13 14:18:20] hwkey-agent: 315: key_mgnt_processing .......
[2022-03-13 14:18:20] hwkey-agent: 223: Setting EKB key 0 to slot 14
[2022-03-13 14:18:20] hwkey-agent: 178: Init hweky-agent services!!
[2022-03-13 14:18:20] luks-srv: 40: luks-srv is running!!
[2022-03-13 14:18:20] luks-srv: 157: Init luks-srv IPC services!!
[2022-03-13 14:18:20] platform_bootstrap_epilog: trusty bootstrap complete
[2022-03-13 14:18:20] [0001.427] I> Welcome to Cboot
[2022-03-13 14:18:20] [0001.430] I> Cboot Version: t186-00029e71
[2022-03-13 14:18:20] [0001.434] I> CPU-BL Params @ 0x275800000
[2022-03-13 14:18:20] [0001.438] I>  0) Base:0x00000000 Size:0x00000000
[2022-03-13 14:18:20] [0001.442] I>  1) Base:0x277f00000 Size:0x00100000
[2022-03-13 14:18:20] [0001.447] I>  2) Base:0x277e00000 Size:0x00100000
[2022-03-13 14:18:20] [0001.451] I>  3) Base:0x277d00000 Size:0x00100000
[2022-03-13 14:18:20] [0001.456] I>  4) Base:0x277c00000 Size:0x00100000
[2022-03-13 14:18:20] [0001.460] I>  5) Base:0x277b00000 Size:0x00100000
[2022-03-13 14:18:20] [0001.465] I>  6) Base:0x277800000 Size:0x00200000
[2022-03-13 14:18:20] [0001.469] I>  7) Base:0x277400000 Size:0x00400000
[2022-03-13 14:18:20] [0001.474] I>  8) Base:0x277a00000 Size:0x00100000
[2022-03-13 14:18:20] [0001.478] I>  9) Base:0x277300000 Size:0x00100000
[2022-03-13 14:18:20] [0001.483] I> 10) Base:0x276800000 Size:0x00800000
[2022-03-13 14:18:20] [0001.487] I> 11) Base:0x30000000 Size:0x00040000
[2022-03-13 14:18:20] [0001.492] I> 12) Base:0xf0000000 Size:0x00100000
[2022-03-13 14:18:20] [0001.496] I> 13) Base:0x30040000 Size:0x00001000
[2022-03-13 14:18:20] [0001.501] I> 14) Base:0x30048000 Size:0x00001000
[2022-03-13 14:18:20] [0001.505] I> 15) Base:0x30049000 Size:0x00001000
[2022-03-13 14:18:20] [0001.509] I> 16) Base:0x3004a000 Size:0x00001000
[2022-03-13 14:18:20] [0001.514] I> 17) Base:0x3004b000 Size:0x00001000
[2022-03-13 14:18:20] [0001.518] I> 18) Base:0x3004c000 Size:0x00001000
[2022-03-13 14:18:20] [0001.523] I> 19) Base:0x3004d000 Size:0x00001000
[2022-03-13 14:18:20] [0001.527] I> 20) Base:0x3004e000 Size:0x00001000
[2022-03-13 14:18:20] [0001.532] I> 21) Base:0x3004f000 Size:0x00001000
[2022-03-13 14:18:20] [0001.536] I> 22) Base:0x00000000 Size:0x00000000
[2022-03-13 14:18:20] [0001.541] I> 23) Base:0xf0100000 Size:0x00010000
[2022-03-13 14:18:20] [0001.545] I> 24) Base:0x00000000 Size:0x00000000
[2022-03-13 14:18:20] [0001.549] I> 25) Base:0x00000000 Size:0x00000000
[2022-03-13 14:18:20] [0001.554] I> 26) Base:0x00000000 Size:0x00000000
[2022-03-13 14:18:20] [0001.558] I> 27) Base:0x00000000 Size:0x00000000
[2022-03-13 14:18:20] [0001.563] I> 28) Base:0x84400000 Size:0x00400000
[2022-03-13 14:18:20] [0001.567] I> 29) Base:0x30000000 Size:0x00010000
[2022-03-13 14:18:20] [0001.572] I> 30) Base:0x278000000 Size:0x08000000
[2022-03-13 14:18:20] [0001.576] I> 31) Base:0x00000000 Size:0x00000000
[2022-03-13 14:18:20] [0001.580] I> 32) Base:0x276000000 Size:0x00600000
[2022-03-13 14:18:20] [0001.585] I> 33) Base:0x80000000 Size:0x70000000
[2022-03-13 14:18:20] [0001.589] I> 34) Base:0xf0110000 Size:0x1856f0000
[2022-03-13 14:18:20] [0001.594] I> 35) Base:0x00000000 Size:0x00000000
[2022-03-13 14:18:20] [0001.598] I> 36) Base:0x00000000 Size:0x00000000
[2022-03-13 14:18:20] [0001.603] I> 37) Base:0x2772e0000 Size:0x00020000
[2022-03-13 14:18:20] [0001.607] I> 38) Base:0x84000000 Size:0x00400000
[2022-03-13 14:18:20] [0001.612] I> 39) Base:0x96000000 Size:0x02000000
[2022-03-13 14:18:20] [0001.616] I> 40) Base:0x85000000 Size:0x01200000
[2022-03-13 14:18:20] [0001.621] I> 41) Base:0x275800000 Size:0x00500000
[2022-03-13 14:18:20] [0001.625] I> 42) Base:0x00000000 Size:0x00000000
[2022-03-13 14:18:20] [0001.630] I> 43) Base:0x00000000 Size:0x00000000
[2022-03-13 14:18:20] [0001.634] GIC-SPI Target CPU: 4
[2022-03-13 14:18:20] [0001.637] Interrupts Init done
[2022-03-13 14:18:20] [0001.641] calling constructors
[2022-03-13 14:18:20] [0001.644] initializing heap
[2022-03-13 14:18:20] [0001.646] initializing threads
[2022-03-13 14:18:20] [0001.650] initializing timers
[2022-03-13 14:18:20] [0001.653] creating bootstrap completion thread
[2022-03-13 14:18:20] [0001.657] top of bootstrap2()
[2022-03-13 14:18:20] [0001.660] CPU: ARM Cortex A57
[2022-03-13 14:18:20] [0001.664] CPU: MIDR: 0x411FD073, MPIDR: 0x80000100
[2022-03-13 14:18:20] [0001.669] initializing platform
[2022-03-13 14:18:20] [0001.672] I> Bl_dtb @0x85205400
[2022-03-13 14:18:20] [0001.675] I> gpio framework initialized
[2022-03-13 14:18:20] [0001.681] I> tegrabl_gpio_driver_register: register 'nvidia,tegra186-gpio' driver
[2022-03-13 14:18:20] [0001.692] I> tegrabl_gpio_driver_register: register 'nvidia,tegra186-gpio-aon' driver
[2022-03-13 14:18:20] [0001.699] I> GPIO framework and drivers are initialized.
[2022-03-13 14:18:20] [0001.704] I> Boot-device: eMMC
[2022-03-13 14:18:20] [0001.712] I> sdmmc bdev is already initialized
[2022-03-13 14:18:20] [0001.742] I> Found 19 partitions in SDMMC_BOOT (instance 3)
[2022-03-13 14:18:20] [0001.760] I> Found 33 partitions in SDMMC_USER (instance 3)
[2022-03-13 14:18:20] [0001.765] W> opt-in fuse is not set, skip fuse_burning
[2022-03-13 14:18:20] [0001.770] I> Reserved memory at 0xfbe00000 for U-Boot relocation
[2022-03-13 14:18:20] [0001.776] W> No valid slot number is found in scratch register
[2022-03-13 14:18:20] [0001.782] W> Return default slot: _a
[2022-03-13 14:18:20] [0001.791] I> A/B: bin_type (21) slot 0
[2022-03-13 14:18:20] [0001.795] I> Loading kernel-dtb from partition
[2022-03-13 14:18:20] [0001.799] I> Loading partition kernel-dtb at 0x80000000 from device(0x1)
[2022-03-13 14:18:20] [0001.816] I> Kernel_dtb @0x80000000
[2022-03-13 14:18:20] [0001.820] I> tegrabl_tca9539_init: i2c bus: 0, slave addr: 0xee
[2022-03-13 14:18:20] [0001.830] I> tegrabl_gpio_driver_register: register 'tca9539_gpio_driver' driver
[2022-03-13 14:18:20] [0001.837] I> tegrabl_tca9539_init: i2c bus: 0, slave addr: 0xe8
[2022-03-13 14:18:20] [0001.846] I> tegrabl_gpio_driver_register: register 'tca9539_gpio_driver' driver
[2022-03-13 14:18:20] [0001.856] I> fixed regulator driver initialized
[2022-03-13 14:18:20] [0001.890] I> register 'maxim' power off handle
[2022-03-13 14:18:20] [0001.896] I> virtual i2c enabled
[2022-03-13 14:18:20] [0001.899] I> registered 'maxim,max77620' pmic
[2022-03-13 14:18:20] [0001.903] I> tegrabl_gpio_driver_register: register 'max77620-gpio' driver
[2022-03-13 14:18:21] [0001.917] E> failed to read label property for node 324936: 13
[2022-03-13 14:18:21] [0001.926] E> failed to read reg property for node 325032: 13
[2022-03-13 14:18:21] [0001.934] E> failed to read reg property for node 325084: 13
[2022-03-13 14:18:21] [0001.942] E> failed to read label property for node 325168: 13
[2022-03-13 14:18:21] [0001.951] E> failed to read label property for node 325236: 13
[2022-03-13 14:18:21] [0001.959] E> failed to read reg property for node 325304: 13
[2022-03-13 14:18:21] [0001.967] E> failed to read reg property for node 325376: 13
[2022-03-13 14:18:21] [0001.978] I> Find /i2c@c250000's alias i2c7
[2022-03-13 14:18:21] [0001.982] I> Reading eeprom i2c=7 address=0x50
[2022-03-13 14:18:21] [0002.011] I> Device at /i2c@c250000:0x50
[2022-03-13 14:18:21] [0002.015] I> Reading eeprom i2c=7 address=0x57
[2022-03-13 14:18:21] [0002.043] I> Device at /i2c@c250000:0x57
[2022-03-13 14:18:21] [0002.048] I> Find /i2c@c240000's alias i2c1
[2022-03-13 14:18:21] [0002.052] I> Reading eeprom i2c=1 address=0x51
[2022-03-13 14:18:21] [0002.057] E> I2C: slave not found in slaves.
[2022-03-13 14:18:21] [0002.061] E> I2C: Could not write 0 bytes to slave: 0x00a2 with repeat start true.
[2022-03-13 14:18:21] [0002.069] E> I2C_DEV: Failed to send register address 0x00000000.
[2022-03-13 14:18:21] [0002.075] E> I2C_DEV: Could not read 256 registers of size 1 from slave 0xa2 at 0x00000000 via instance 1.
[2022-03-13 14:18:21] [0002.084] E> eeprom: Retry to read I2C slave device.
[2022-03-13 14:18:21] [0002.089] E> I2C: slave not found in slaves.
[2022-03-13 14:18:21] [0002.093] E> I2C: Could not write 0 bytes to slave: 0x00a2 with repeat start true.
[2022-03-13 14:18:21] [0002.101] E> I2C_DEV: Failed to send register address 0x00000000.
[2022-03-13 14:18:21] [0002.107] E> I2C_DEV: Could not read 256 registers of size 1 from slave 0xa2 at 0x00000000 via instance 1.
[2022-03-13 14:18:21] [0002.116] E> eeprom: Failed to read I2C slave device
[2022-03-13 14:18:21] [0002.121] I> Eeprom read failed 0x3526070d
[2022-03-13 14:18:21] [0002.125] I> Find /i2c@3160000's alias i2c0
[2022-03-13 14:18:21] [0002.129] I> Reading eeprom i2c=0 address=0x50
[2022-03-13 14:18:21] [0002.134] E> I2C: slave not found in slaves.
[2022-03-13 14:18:21] [0002.138] E> I2C: Could not write 0 bytes to slave: 0x00a0 with repeat start true.
[2022-03-13 14:18:21] [0002.146] E> I2C_DEV: Failed to send register address 0x00000000.
[2022-03-13 14:18:21] [0002.151] E> I2C_DEV: Could not read 256 registers of size 1 from slave 0xa0 at 0x00000000 via instance 0.
[2022-03-13 14:18:21] [0002.161] E> eeprom: Failed to read I2C slave device
[2022-03-13 14:18:21] [0002.166] I> Eeprom read failed 0x3526070d
[2022-03-13 14:18:21] [0002.170] I> Find /i2c@3180000's alias i2c2
[2022-03-13 14:18:21] [0002.174] I> Reading eeprom i2c=2 address=0x54
[2022-03-13 14:18:21] [0002.179] I> Enabling gpio chip_id = 2, gpio pin = 9
[2022-03-13 14:18:21] [0002.209] I> Disabling gpio chip_id = 2, gpio pin = 9
[2022-03-13 14:18:21] [0002.215] I> Device at /i2c@3180000:0x54
[2022-03-13 14:18:21] [0002.218] I> Reading eeprom i2c=2 address=0x57
[2022-03-13 14:18:21] [0002.223] I> Enabling gpio chip_id = 2, gpio pin = 9
[2022-03-13 14:18:21] [0002.228] E> I2C: slave not found in slaves.
[2022-03-13 14:18:21] [0002.232] E> I2C: Could not write 0 bytes to slave: 0x00ae with repeat start true.
[2022-03-13 14:18:21] [0002.240] E> I2C_DEV: Failed to send register address 0x00000000.
[2022-03-13 14:18:21] [0002.246] E> I2C_DEV: Could not read 256 registers of size 1 from slave 0xae at 0x00000000 via instance 2.
[2022-03-13 14:18:21] [0002.255] E> eeprom: Failed to read I2C slave device
[2022-03-13 14:18:21] [0002.260] I> Disabling gpio chip_id = 2, gpio pin = 9
[2022-03-13 14:18:21] [0002.265] I> Eeprom read failed 0x00000000
[2022-03-13 14:18:21] [0002.269] I> create_pm_ids: id: 3310-1000-D00-L, len: 15
[2022-03-13 14:18:21] [0002.274] I> config: mem-type:00,power-config:00,misc-config:00,modem-config:00,touch-config:00,display-config:00,, len: 93
[2022-03-13 14:18:21] [0002.285] I> create_pm_ids: id: 2597-0000-900-E, len: 15
[2022-03-13 14:18:21] [0002.290] I> config: mem-type:00,power-config:00,misc-config:00,modem-config:00,touch-config:00,display-config:00,, len: 93
[2022-03-13 14:18:21] [0002.301] I> create_pm_ids: id: 3326-1000-000-M, len: 15
[2022-03-13 14:18:21] [0002.306] I> config: mem-type:ff,power-config:ff,misc-config:ff,modem-config:ff,touch-config:ff,display-config:ff,, len: 93
[2022-03-13 14:18:21] [0002.342] I> enabling 'vdd-hdmi' regulator
[2022-03-13 14:18:21] [0002.357] I> regulator 'vdd-hdmi' already enabled
[2022-03-13 14:18:21] [0002.362] E> tegrabl_display_init_regulator: hdmi cable is not connected
[2022-03-13 14:18:21] [0002.368] E> tegrabl_display_get_pdata, failed to parse dtb settings
[2022-03-13 14:18:21] [0002.377] E> cannot find any other nvdisp nodes
[2022-03-13 14:18:21] [0002.381] E> no valid display unit config found in dtb
[2022-03-13 14:18:21] [0002.387] W> display init failed
[2022-03-13 14:18:21] [0002.390] initializing target
[2022-03-13 14:18:21] [0002.393] calling apps_init()
[2022-03-13 14:18:21] [0002.397] starting app kernel_boot_app
[2022-03-13 14:18:21] [0002.419] I> found decompressor handler: lz4-legacy
[2022-03-13 14:18:21] [0002.423] I> decompressing BMP blob ...
[2022-03-13 14:18:21] [0002.436] I> Kernel type = Normal
[2022-03-13 14:18:21] [0002.439] I> ########## Fixed storage boot ##########
[2022-03-13 14:18:21] [0002.444] I> Loading kernel-bootctrl from partition
[2022-03-13 14:18:21] [0002.448] I> Loading partition kernel-bootctrl at 0xa8000000 from device(0x1)
[2022-03-13 14:18:21] [0002.463] W> tegrabl_get_kernel_bootctrl: magic number(0x00000000) is invalid
[2022-03-13 14:18:21] [0002.470] W> tegrabl_get_kernel_bootctrl: use default dummy boot control data
[2022-03-13 14:18:21] [0002.477] W> No valid slot number is found in scratch register
[2022-03-13 14:18:21] [0002.482] W> Return default slot: _a
[2022-03-13 14:18:21] [0002.486] I> A/B: bin_type (24) slot 0
[2022-03-13 14:18:21] [0002.501] I> Boot image size read from image header: 9913d
[2022-03-13 14:18:21] [0002.507] I> Boot image load address: 0x80400000
[2022-03-13 14:18:21] [0002.511] I> Loading kernel from partition
[2022-03-13 14:18:21] [0002.515] I> Loading partition kernel at 0x80400000 from device(0x1)
[2022-03-13 14:18:22] [0003.458] I> Validate kernel ...
[2022-03-13 14:18:22] [0003.462] I> T18x: Authenticate kernel (bin_type 24), max size 0x4000000
[2022-03-13 14:18:22] [0003.469] I> Decrypt the buffer ... [0003.473] W> tegrabl_decrypt_block: fuse (0x0) is not burnt to do encryption (0x4); skip decryption.
[2022-03-13 14:18:22] [0003.482] I> done
[2022-03-13 14:18:22] [0003.483] I> Checking boot.img header magic ... [0003.488] I> [OK]
[2022-03-13 14:18:22] [0003.489] I> kernel-dtb is already loaded
[2022-03-13 14:18:22] [0003.493] I> Validate kernel-dtb ...
[2022-03-13 14:18:22] [0003.497] I> T18x: Authenticate kernel-dtb (bin_type 21), max size 0x100000
[2022-03-13 14:18:22] [0003.504] I> Decrypt the buffer ... [0003.507] W> tegrabl_decrypt_block: fuse (0x0) is not burnt to do encryption (0x4); skip decryption.
[2022-03-13 14:18:22] [0003.516] I> done
[2022-03-13 14:18:22] [0003.518] I> Kernel hdr @0x80400000
[2022-03-13 14:18:22] [0003.521] I> Kernel dtb @0x80000000
[2022-03-13 14:18:22] [0003.525] I> decompressor handler not found
[2022-03-13 14:18:22] [0003.529] I> Copying kernel image (627005 bytes) from 0x80400800 to 0x80600000 ... [0003.536] I> Done
[2022-03-13 14:18:22] [0003.538] I> Move ramdisk (len: 0) from 0x8049a000 to 0x947d0000
[2022-03-13 14:18:22] [0003.545] I> Updated bpmp info to DTB
[2022-03-13 14:18:22] [0003.552] I> Ramdisk: Base: 0x947d0000; Size: 0x0
[2022-03-13 14:18:22] [0003.556] I> Updated initrd info to DTB
[2022-03-13 14:18:22] [0003.560] W> WARN: Fail to override "console=none" in commandline
[2022-03-13 14:18:22] [0003.566] I> Active rootfs suffix: 
[2022-03-13 14:18:22] [0003.569] E> tegrabl_linuxboot_add_disp_param, du 0 failed to get display params
[2022-03-13 14:18:22] [0003.576] E> tegrabl_linuxboot_add_disp_param, du 0 failed to get display params
[2022-03-13 14:18:22] [0003.583] E> tegrabl_linuxboot_add_disp_param, du 0 failed to get display params
[2022-03-13 14:18:22] [0003.591] I> disabled_core_mask: 0xffffff0c
[2022-03-13 14:18:22] [0003.595] W> No valid slot number is found in scratch register
[2022-03-13 14:18:22] [0003.600] W> Return default slot: _a
[2022-03-13 14:18:22] [0003.604] I> Active slot suffix: 
[2022-03-13 14:18:22] [0003.607] I> add_boot_slot_suffix: slot_suffix = 
[2022-03-13 14:18:22] [0003.611] I> Linux Cmdline: console=ttyS0,115200 androidboot.presilicon=true firmware_class.path=/etc/firmware root=/dev/mmcblk0p1 rw rootwait rootfstype=ext4 console=ttyS0,115200n8 console=tty0 fbcon=map:0 net.ifnames=0 isolcpus=1-2  video=tegrafb earlycon=uart8250,mmio32,0x3100000 nvdumper_reserved=0x2772e0000 gpt rootfs.slot_suffix= usbcore.old_scheme_first=1 tegraid=18.1.2.0.0 maxcpus=6 no_console_suspend boot.slot_suffix= boot.ratchetvalues=0.2031647.1 vpr_resize bl_prof_dataptr=0x10000@0x275840000 sdhci_tegra.en_boot_part_access=1 
[2022-03-13 14:18:22] [0003.659] I> Updated bootarg info to DTB
[2022-03-13 14:18:22] [0003.662] I> eeprom_get_mac_addr: MAC (type: 0): 48:b0:2d:0f:11:c5
[2022-03-13 14:18:22] [0003.669] I> eeprom_get_mac_addr: MAC (type: 1): 48:b0:2d:0f:11:c6
[2022-03-13 14:18:22] [0003.675] I> eeprom_get_mac_addr: MAC (type: 2): 48:b0:2d:0f:11:c7
[2022-03-13 14:18:22] [0003.681] E> Found no plugin manager ids in source DT
[2022-03-13 14:18:22] [0003.686] W> Add plugin manager ids from board info
[2022-03-13 14:18:22] [0003.691] W> "plugin-manager" doesn't exist, creating
[2022-03-13 14:18:22] [0003.696] W> "ids" doesn't exist, creating
[2022-03-13 14:18:22] [0003.700] W> "connection" doesn't exist, creating
[2022-03-13 14:18:22] [0003.704] W> "configs" doesn't exist, creating
[2022-03-13 14:18:22] [0003.709] I> create_pm_ids: id: 3310-1000-D00-L, len: 15
[2022-03-13 14:18:22] [0003.714] I> config: mem-type:00,power-config:00,misc-config:00,modem-config:00,touch-config:00,display-config:00,, len: 93
[2022-03-13 14:18:22] [0003.725] I> create_pm_ids: id: 2597-0000-900-E, len: 15
[2022-03-13 14:18:22] [0003.730] I> config: mem-type:00,power-config:00,misc-config:00,modem-config:00,touch-config:00,display-config:00,, len: 93
[2022-03-13 14:18:22] [0003.741] I> create_pm_ids: id: 3326-1000-000-M, len: 15
[2022-03-13 14:18:22] [0003.746] I> config: mem-type:ff,power-config:ff,misc-config:ff,modem-config:ff,touch-config:ff,display-config:ff,, len: 93
[2022-03-13 14:18:22] [0003.757] I> Adding plugin-manager/ids/3310-1000-D00=/i2c@c250000:module@0x50
[2022-03-13 14:18:22] [0003.764] W> "i2c@c250000" doesn't exist, creating
[2022-03-13 14:18:22] [0003.769] W> "module@0x50" doesn't exist, creating
[2022-03-13 14:18:22] [0003.774] I> Adding plugin-manager/ids/2597-0000-900=/i2c@c250000:module@0x57
[2022-03-13 14:18:22] [0003.781] W> "module@0x57" doesn't exist, creating
[2022-03-13 14:18:22] [0003.786] I> Adding plugin-manager/ids/3326-1000-000=/i2c@3180000:module@0x54
[2022-03-13 14:18:22] [0003.793] W> "i2c@3180000" doesn't exist, creating
[2022-03-13 14:18:22] [0003.798] W> "module@0x54" doesn't exist, creating
[2022-03-13 14:18:22] [0003.805] I> Adding plugin-manager/ids/3310-1000-D00-L
[2022-03-13 14:18:22] [0003.812] I> Adding plugin-manager/configs/3310-mem-type 00
[2022-03-13 14:18:22] [0003.817] I> Adding plugin-manager/configs/3310-power-config 00
[2022-03-13 14:18:22] [0003.823] I> Adding plugin-manager/configs/3310-misc-config 00
[2022-03-13 14:18:22] [0003.829] I> Adding plugin-manager/configs/3310-modem-config 00
[2022-03-13 14:18:22] [0003.835] I> Adding plugin-manager/configs/3310-touch-config 00
[2022-03-13 14:18:22] [0003.841] I> Adding plugin-manager/configs/3310-display-config 00
[2022-03-13 14:18:22] [0003.847] I> Adding plugin-manager/cvm
[2022-03-13 14:18:22] [0003.851] W> "chip-id" doesn't exist, creating
[2022-03-13 14:18:22] [0003.856] I> Adding plugin-manager/chip-id/A02P
[2022-03-13 14:18:22] [0003.860] W> "odm-data" doesn't exist, creating
[2022-03-13 14:18:22] [0003.865] I> Adding /chosen/plugin-manager/odm-data
[2022-03-13 14:18:22] [0003.875] I> added [base:0x80000000, size:0x70000000] to /memory
[2022-03-13 14:18:22] [0003.880] I> added [base:0xf0200000, size:0x185600000] to /memory
[2022-03-13 14:18:22] [0003.886] I> added [base:0x275e00000, size:0x200000] to /memory
[2022-03-13 14:18:22] [0003.892] I> added [base:0x276600000, size:0x200000] to /memory
[2022-03-13 14:18:22] [0003.898] I> added [base:0x277000000, size:0x200000] to /memory
[2022-03-13 14:18:22] [0003.903] I> Updated memory info to DTB
[2022-03-13 14:18:22] [0003.908] E> add_disp_param: failed to get display params for du=0
[2022-03-13 14:18:23] [0003.916] W> "reset" doesn't exist, creating
[2022-03-13 14:18:23] [0003.920] W> "pmc-reset-reason" doesn't exist, creating
[2022-03-13 14:18:23] [0003.926] W> "pmic-reset-reason" doesn't exist, creating
[2022-03-13 14:18:23] [0003.932] I> Adding ecid(00000001646db7851000000013038200) to DT
[2022-03-13 14:18:23] [0003.938] I> disabled_core_mask: 0xffffff0c
[2022-03-13 14:18:23] [0003.951] I> Add serial number:1422420022173 as DT property
[2022-03-13 14:18:23] [0003.960] I> Plugin-manager override starting
[2022-03-13 14:18:23] [0003.965] I> node /plugin-manager/fragement@0 matches
[2022-03-13 14:18:23] [0003.976] I> node /plugin-manager/fragement@4 matches
[2022-03-13 14:18:23] [0003.989] I> node /plugin-manager/fragment-sdwake-p3310-1000-300 matches
[2022-03-13 14:18:23] [0004.009] I> node /plugin-manager/fragement-pmon-p3310-1000-300 matches
[2022-03-13 14:18:23] [0004.018] I> node /plugin-manager/fragement-pmon-p3310-1000-800 matches
[2022-03-13 14:18:23] [0004.027] I> node /plugin-manager/fragment-devslp@0 matches
[2022-03-13 14:18:23] [0004.039] I> node /plugin-manager/fragment-500-pcie-config matches
[2022-03-13 14:18:23] [0004.054] I> node /plugin-manager/fragment-500-xusb-config matches
[2022-03-13 14:18:23] [0004.077] I> node /plugin-manager/fragment-p3310-c00-comm matches
[2022-03-13 14:18:23] [0004.091] I> node /plugin-manager/fragment-p3310-c00-pmic matches
[2022-03-13 14:18:23] [0004.101] I> node /plugin-manager/fragment-p3310-c01 matches
[2022-03-13 14:18:23] [0004.114] I> node /plugin-manager/fragment-p3310-c03 matches
[2022-03-13 14:18:23] [0004.157] I> node /plugin-manager/fragment-e3326@0 matches
[2022-03-13 14:18:23] [0004.239] I> node /plugin-manager/fragment-p3310-c00-camera matches
[2022-03-13 14:18:23] [0004.266] I> Disable plugin-manager status in FDT
[2022-03-13 14:18:23] [0004.271] I> Plugin-manager override finished successfully
[2022-03-13 14:18:23] [0004.276] I> tegrabl_load_kernel_and_dtb: Done
[2022-03-13 14:18:23] [0004.281] E> tegrabl_display_clear: display is not initialized
[2022-03-13 14:18:23] [0004.286] W> Boot logo display failed...
[2022-03-13 14:18:23] [0004.290] I> Kernel EP: 0x80600000, DTB: 0x80000000
[2022-03-13 14:18:23] 
[2022-03-13 14:18:23] 
[2022-03-13 14:18:23] U-Boot 2020.04-g46e4604c78 (Jul 26 2021 - 12:10:58 -0700)
[2022-03-13 14:18:23] 
[2022-03-13 14:18:23] SoC: tegra186
[2022-03-13 14:18:23] Model: NVIDIA P2771-0000-500
[2022-03-13 14:18:23] Board: NVIDIA P2771-0000
[2022-03-13 14:18:23] DRAM:  7.8 GiB
[2022-03-13 14:18:23] MMC:   sdhci@3400000: 1, sdhci@3460000: 0
[2022-03-13 14:18:23] Loading Environment from MMC... *** Warning - bad CRC, using default environment
[2022-03-13 14:18:23] 
[2022-03-13 14:18:23] In:    serial
[2022-03-13 14:18:23] Out:   serial
[2022-03-13 14:18:23] Err:   serial
[2022-03-13 14:18:23] Net:   
[2022-03-13 14:18:23] Warning: ethernet@2490000 using MAC address from ROM
[2022-03-13 14:18:23] eth0: ethernet@2490000
[2022-03-13 14:18:23] Hit any key to stop autoboot:  2  1  0 
[2022-03-13 14:18:25] MMC: no card present
[2022-03-13 14:18:25] switch to partitions #0, OK
[2022-03-13 14:18:25] mmc0(part 0) is current device
[2022-03-13 14:18:25] Scanning mmc 0:1...
[2022-03-13 14:18:26] Found /boot/extlinux/extlinux.conf
[2022-03-13 14:18:26] Retrieving file: /boot/extlinux/extlinux.conf
[2022-03-13 14:18:26] 858 bytes read in 22 ms (38.1 KiB/s)
[2022-03-13 14:18:26] 1:	primary kernel
[2022-03-13 14:18:26] Retrieving file: /boot/initrd
[2022-03-13 14:18:26] 7238344 bytes read in 201 ms (34.3 MiB/s)
[2022-03-13 14:18:26] Retrieving file: /boot/Image
[2022-03-13 14:18:27] 34484232 bytes read in 829 ms (39.7 MiB/s)
[2022-03-13 14:18:27] append: console=ttyS0,115200 androidboot.presilicon=true firmware_class.path=/etc/firmware root=/dev/mmcblk0p1 rw rootwait rootfstype=ext4 console=ttyS0,115200n8 console=tty0 fbcon=map:0 net.ifnames=0 isolcpus=1-2  video=tegrafb earlycon=uart8250,mmio32,0x3100000 nvdumper_reserved=0x2772e0000 gpt rootfs.slot_suffix= usbcore.old_scheme_first=1 tegraid=18.1.2.0.0 maxcpus=6 no_console_suspend boot.slot_suffix= boot.ratchetvalues=0.2031647.1 vpr_resize bl_prof_dataptr=0x10000@0x275840000 sdhci_tegra.en_boot_part_access=1 quiet root=/dev/mmcblk0p1 rw rootwait rootfstype=ext4 console=ttyS0,115200n8 console=tty0 fbcon=map:0 net.ifnames=0 isolcpus=1-2 
[2022-03-13 14:18:27] ## Flattened Device Tree blob at 80000000
[2022-03-13 14:18:27]    Booting using the fdt blob at 0x80000000
[2022-03-13 14:18:27] ERROR: reserving fdt memory region failed (addr=0 size=0)
[2022-03-13 14:18:27] ERROR: reserving fdt memory region failed (addr=0 size=0)
[2022-03-13 14:18:27] ERROR: reserving fdt memory region failed (addr=0 size=0)
[2022-03-13 14:18:27]    Using Device Tree in place at 0000000080000000, end 0000000080060aa3
[2022-03-13 14:18:27] copying carveout for /host1x@13e00000/display-hub@15200000/display@15200000...
[2022-03-13 14:18:27] copying carveout for /host1x@13e00000/display-hub@15200000/display@15210000...
[2022-03-13 14:18:27] copying carveout for /host1x@13e00000/display-hub@15200000/display@15220000...
[2022-03-13 14:18:27] 
[2022-03-13 14:18:27] Starting kernel ...
[2022-03-13 14:18:27] 
[2022-03-13 14:18:27] [    0.000000] Booting Linux on physical CPU 0x100
[2022-03-13 14:18:27] [    0.000000] Linux version 4.9.253-tegra (buildbrain@mobile-u64-5497-d3000) (gcc version 7.3.1 20180425 [linaro-7.3-2018.05 revision d29120a424ecfbc167ef90065c0eeb7f91977701] (Linaro GCC 7.3-2018.05) ) #1 SMP PREEMPT Mon Jul 26 12:19:28 PDT 2021
[2022-03-13 14:18:27] [    0.000000] Boot CPU: AArch64 Processor [411fd073]
[2022-03-13 14:18:27] [    0.000000] OF: fdt:memory scan node memory@80000000, reg size 80,
[2022-03-13 14:18:27] [    0.000000] OF: fdt: - 80000000 ,  70000000
[2022-03-13 14:18:27] [    0.000000] OF: fdt: - f0200000 ,  185600000
[2022-03-13 14:18:27] [    0.000000] OF: fdt: - 275e00000 ,  200000
[2022-03-13 14:18:27] [    0.000000] OF: fdt: - 276600000 ,  200000
[2022-03-13 14:18:27] [    0.000000] OF: fdt: - 277000000 ,  200000
[2022-03-13 14:18:27] [    0.000000] earlycon: uart8250 at MMIO32 0x0000000003100000 (options '')
[2022-03-13 14:18:27] [    0.000000] bootconsole [uart8250] enabled
[2022-03-13 14:18:29] [    1.849434] cgroup: cgroup2: unknown option "nsdelegate"
[2022-03-13 14:18:33] [    5.705285] bpmp_trywait() timed out (ch 0 mrq 22 data <0x3a 0x00 0x00 0x03 0x00 0x00 0x00 0x00 0x80 0xe6 0x38 0x6f 0x00 0x00 0x00 0x00>)
[2022-03-13 14:18:33] [    5.717810] bwmgr: clk_set_rate failed for freq 1866000000 Hz with errno -22
[2022-03-13 14:18:34] [    6.217296] bpmp_trywait() timed out (ch 1 mrq 27 data <0x01 0x00 0x00 0x00 0x02 0x00 0x00 0x00 0xc1 0xff 0xff 0xff 0xc8 0x08 0x84 0xfe 0xbe 0xff 0xff 0xff>)
[2022-03-13 14:18:35] [    7.241288] bpmp_trywait() timed out (ch 2 mrq 66 data <0x01 0x00 0x00 0x00 0x0f 0x00 0x00 0x00 0x00 0x00 0x00 0x00>)
[2022-03-13 14:18:35] [    7.252054] tegra-xusb 3530000.xhci: can't powergate Host partition
[2022-03-13 14:18:37] [    9.801286] tegra_bpmp_send_receive() down_timeout return -62
[2022-03-13 14:18:37] [    9.807033] tch_free 0x0 to_complete 0x7
[2022-03-13 14:18:38] [   10.313289] tegra_bpmp_send_receive() down_timeout return -62
[2022-03-13 14:18:38] [   10.319033] tch_free 0x0 to_complete 0x7
[2022-03-13 14:18:41] [   13.897282] tegra_bpmp_send_receive() down_timeout return -62
[2022-03-13 14:18:41] [   13.903026] tch_free 0x0 to_complete 0x7
[2022-03-13 14:18:42] [   14.409286] tegra_bpmp_send_receive() down_timeout return -62
[2022-03-13 14:18:42] [   14.415030] tch_free 0x0 to_complete 0x7
[2022-03-13 14:18:45] [   17.993281] tegra_bpmp_send_receive() down_timeout return -62
[2022-03-13 14:18:45] [   17.999025] tch_free 0x0 to_complete 0x7
[2022-03-13 14:18:47] [   19.785287] tegra_bpmp_send_receive() down_timeout return -62
[2022-03-13 14:18:47] [   19.791031] tch_free 0x0 to_complete 0x7
[2022-03-13 14:18:49] [   22.089281] tegra_bpmp_send_receive() down_timeout return -62
[2022-03-13 14:18:49] [   22.095026] tch_free 0x0 to_complete 0x7
[2022-03-13 14:18:51] [   23.881285] tegra_bpmp_send_receive() down_timeout return -62
[2022-03-13 14:18:51] [   23.887030] tch_free 0x0 to_complete 0x7
[2022-03-13 14:18:53] [   26.185285] tegra_bpmp_send_receive() down_timeout return -62
[2022-03-13 14:18:53] [   26.191033] tch_free 0x0 to_complete 0x7
[2022-03-13 14:18:55] [   27.977283] tegra_bpmp_send_receive() down_timeout return -62
[2022-03-13 14:18:55] [   27.983028] tch_free 0x0 to_complete 0x7
[2022-03-13 14:18:58] [   30.281283] tegra_bpmp_send_receive() down_timeout return -62
[2022-03-13 14:18:58] [   30.287026] tch_free 0x0 to_complete 0x7
[2022-03-13 14:19:01] [   33.353284] tegra_bpmp_send_receive() down_timeout return -62
[2022-03-13 14:19:01] [   33.359028] tch_free 0x0 to_complete 0x7
[2022-03-13 14:19:02] [   34.377283] tegra_bpmp_send_receive() down_timeout return -62
[2022-03-13 14:19:02] [   34.383028] tch_free 0x0 to_complete 0x7
[2022-03-13 14:19:03] [   35.913284] tegra_bpmp_send_receive() down_timeout return -62
[2022-03-13 14:19:03] [   35.919028] tch_free 0x0 to_complete 0x7
[2022-03-13 14:19:03] [   35.922956] i2c i2c-4: --- message dump for debugging ---
[2022-03-13 14:19:03] [   35.928354] i2c i2c-4: addr 0x3c flags 0x0 len 2 data:
[2022-03-13 14:19:03] [   35.933489] i2c i2c-4:  23
[2022-03-13 14:19:03] [   35.936191] i2c i2c-4:  28
[2022-03-13 14:19:03] [   35.938898] i2c i2c-4: 
[2022-03-13 14:19:03] [   35.941348] max77620-pmic max77620-pmic: Regulator 5 mode set failed: -62
[2022-03-13 14:19:03] [   35.948130] spmic-ldo0: couldn't disable: -62
[2022-03-13 14:19:05] [   37.449286] tegra_bpmp_send_receive() down_timeout return -62
[2022-03-13 14:19:05] [   37.455030] tch_free 0x0 to_complete 0x7
[2022-03-13 14:19:06] [   38.473284] tegra_bpmp_send_receive() down_timeout return -62
[2022-03-13 14:19:06] [   38.479030] tch_free 0x0 to_complete 0x7
[2022-03-13 14:19:07] [   40.009287] tegra_bpmp_send_receive() down_timeout return -62
[2022-03-13 14:19:07] [   40.015031] tch_free 0x0 to_complete 0x7
[2022-03-13 14:19:07] [   40.018955] i2c i2c-4: --- message dump for debugging ---
[2022-03-13 14:19:07] [   40.024352] i2c i2c-4: addr 0x3c flags 0x0 len 2 data:
[2022-03-13 14:19:07] [   40.029487] i2c i2c-4:  25
[2022-03-13 14:19:07] [   40.032189] i2c i2c-4:  00
[2022-03-13 14:19:07] [   40.034895] i2c i2c-4: 
[2022-03-13 14:19:07] [   40.037343] max77620-pmic max77620-pmic: Regulator 6 mode set failed: -62
[2022-03-13 14:19:07] [   40.044126] spmic-ldo1: couldn't disable: -62
[2022-03-13 14:19:09] [   41.545300] tegra_bpmp_send_receive() down_timeout return -62
[2022-03-13 14:19:09] [   41.551047] tch_free 0x0 to_complete 0x7
[2022-03-13 14:19:10] [   42.569285] tegra_bpmp_send_receive() down_timeout return -62
[2022-03-13 14:19:10] [   42.569288] tegra_bpmp_send_receive() down_timeout return -62
[2022-03-13 14:19:10] [   42.569289] tch_free 0x0 to_complete 0x7
[2022-03-13 14:19:10] [   42.584686] tch_free 0x0 to_complete 0x7
[2022-03-13 14:19:10] [   42.588612] CPU4: SError detected, daif=1c0, spsr=0x80000045, mpidr=80000102, esr=bf40c000
[2022-03-13 14:19:10] [   42.588614] CPU0: SError detected, daif=1c0, spsr=0x800000c5, mpidr=80000100, esr=bf40c000
[2022-03-13 14:19:10] [   42.588616] CPU3: SError detected, daif=1c0, spsr=0x800000c5, mpidr=80000101, esr=bf40c000
[2022-03-13 14:19:10] [   42.588619] CPU5: SError detected, daif=1c0, spsr=0x800000c5, mpidr=80000103, esr=bf40c000
[2022-03-13 14:19:10] [   42.588643] CPU1: SError detected, daif=1c0, spsr=0x800000c5, mpidr=80000000, esr=be000000
[2022-03-13 14:19:10] [   42.588650] CPU2: SError detected, daif=1c0, spsr=0x800000c5, mpidr=80000001, esr=be000000
[2022-03-13 14:19:10] [   42.589158] ROC:CCE Machine Check Error:
[2022-03-13 14:19:10] [   42.590044] CPU0: SError detected, daif=1c0, spsr=0x800000c5, mpidr=80000100, esr=bf40c000
[2022-03-13 14:19:10] [   42.590460] ROC:CCE Machine Check Error:
[2022-03-13 14:19:10] [   42.590874] CPU2: SError detected, daif=1c0, spsr=0x800000c5, mpidr=80000001, esr=be000000
[2022-03-13 14:19:10] [   42.591021] CPU1: SError detected, daif=1c0, spsr=0x800000c5, mpidr=80000000, esr=be000000
[2022-03-13 14:19:10] [   42.591403] ROC:CCE Machine Check Error:
[2022-03-13 14:19:10] [   42.591782] CPU2: SError detected, daif=1c0, spsr=0x800000c5, mpidr=80000001, esr=be000000
[2022-03-13 14:19:14] [   46.665285] tegra_bpmp_send_receive() down_timeout return -62
[2022-03-13 14:19:14] [   46.671030] tch_free 0x0 to_complete 0x7
[2022-03-13 14:19:14] [   46.921283] tegra_bpmp_send_receive() down_timeout return -62
[2022-03-13 14:19:14] [   46.927030] tch_free 0x0 to_complete 0x7
[2022-03-13 14:19:18] [   50.761282] tegra_bpmp_send_receive() down_timeout return -62
[2022-03-13 14:19:18] [   50.761288] tegra_bpmp_send_receive() down_timeout return -62
[2022-03-13 14:19:18] [   50.761289] tch_free 0x0 to_complete 0x7
[2022-03-13 14:19:18] [   50.761293] bwmgr: clk_set_rate failed for freq 1866000000 Hz with errno -22
[2022-03-13 14:19:18] [   50.783724] tch_free 0x0 to_complete 0x7
[2022-03-13 14:19:18] [   51.017285] tegra_bpmp_send_receive() down_timeout return -62
[2022-03-13 14:19:18] [   51.023030] tch_free 0x0 to_complete 0x7
[2022-03-13 14:19:22] [   54.857286] tegra_bpmp_send_receive() down_timeout return -62
[2022-03-13 14:19:22] [   54.863030] tch_free 0x0 to_complete 0x7
[2022-03-13 14:19:22] [   54.866955] bwmgr: clk_set_rate failed for freq 1866000000 Hz with errno -22
[2022-03-13 14:19:22] [   55.113286] tegra_bpmp_send_receive() down_timeout return -62
[2022-03-13 14:19:22] [   55.119030] tch_free 0x0 to_complete 0x7
[2022-03-13 14:19:26] [   58.953280] tegra_bpmp_send_receive() down_timeout return -62
[2022-03-13 14:19:26] [   58.959027] tch_free 0x0 to_complete 0x7
[2022-03-13 14:19:28] [   60.489281] tegra_bpmp_send_receive() down_timeout return -62
[2022-03-13 14:19:28] [   60.495024] tch_free 0x0 to_complete 0x7
[2022-03-13 14:19:30] [   63.049281] tegra_bpmp_send_receive() down_timeout return -62
[2022-03-13 14:19:30] [   63.055026] tch_free 0x0 to_complete 0x7
[2022-03-13 14:19:32] [   64.585283] tegra_bpmp_send_receive() down_timeout return -62
[2022-03-13 14:19:32] [   64.591027] tch_free 0x0 to_complete 0x7
[2022-03-13 14:19:34] [   67.145283] tegra_bpmp_send_receive() down_timeout return -62
[2022-03-13 14:19:34] [   67.151027] tch_free 0x0 to_complete 0x7
[2022-03-13 14:19:34] [   67.154952] tegra-pcie 10003000.pcie-controller: setting afi clk to 0 failed : -22
[2022-03-13 14:19:34] [   67.162549] CPU0: SError detected, daif=1c0, spsr=0x800000c5, mpidr=80000100, esr=bf40c000
[2022-03-13 14:19:34] [   67.162572] CPU1: SError detected, daif=1c0, spsr=0x800000c5, mpidr=80000000, esr=be000000
[2022-03-13 14:19:34] [   67.162984] ROC:CCE Machine Check Error:
[2022-03-13 14:19:36] [   68.681283] tegra_bpmp_send_receive() down_timeout return -62
[2022-03-13 14:19:36] [   68.687028] tch_free 0x0 to_complete 0x7