[0000.277] I> Welcome to MB2(TBoot-BPMP)(version: 01.00.160913-t186-M-00.00-mobile-c368a720)
[2022-03-13 13:51:57] [0000.286] I> Boot-device: eMMC
[2022-03-13 13:51:57] [0000.293] I> sdmmc bdev is already initialized
[2022-03-13 13:51:57] [0000.298] I> pmic: reset reason (nverc)	: 0x80
[2022-03-13 13:51:57] [0000.331] I> Found 19 partitions in SDMMC_BOOT (instance 3)
[2022-03-13 13:51:57] [0000.351] I> Found 33 partitions in SDMMC_USER (instance 3)
[2022-03-13 13:51:57] [0000.357] W> No valid slot number is found in scratch register
[2022-03-13 13:51:57] [0000.362] W> Return default slot: _a
[2022-03-13 13:51:57] [0000.366] I> A/B: bin_type (16) slot 0
[2022-03-13 13:51:57] [0000.369] I> Loading partition bpmp-fw at 0xd7800000
[2022-03-13 13:51:57] [0000.374] I> Reading two headers - addr:0xd7800000 blocks:1
[2022-03-13 13:51:57] [0000.380] I> Addr: 0xd7800000, start-block: 58777608, num_blocks: 1
[2022-03-13 13:51:57] [0000.405] I> Binary(16) of size 534416 is loaded @ 0xd7800000
[2022-03-13 13:51:57] [0000.411] W> No valid slot number is found in scratch register
[2022-03-13 13:51:57] [0000.416] W> Return default slot: _a
[2022-03-13 13:51:57] [0000.420] I> A/B: bin_type (17) slot 0
[2022-03-13 13:51:57] [0000.423] I> Loading partition bpmp-fw-dtb at 0xd79f0000
[2022-03-13 13:51:57] [0000.429] I> Reading two headers - addr:0xd79f0000 blocks:1
[2022-03-13 13:51:57] [0000.434] I> Addr: 0xd79f0000, start-block: 58780024, num_blocks: 1
[2022-03-13 13:51:57] [0000.460] I> Binary(17) of size 604720 is loaded @ 0xd796c400
[2022-03-13 13:51:57] [0000.690] I> Loading SCE-FW ...
[2022-03-13 13:51:57] [0000.693] W> No valid slot number is found in scratch register
[2022-03-13 13:51:57] [0000.698] W> Return default slot: _a
[2022-03-13 13:51:57] [0000.702] I> A/B: bin_type (12) slot 0
[2022-03-13 13:51:57] [0000.705] I> Loading partition sce-fw at 0xd7300000
[2022-03-13 13:51:57] [0000.710] I> Reading two headers - addr:0xd7300000 blocks:1
[2022-03-13 13:51:57] [0000.716] I> Addr: 0xd7300000, start-block: 58784120, num_blocks: 1
[2022-03-13 13:51:57] [0000.735] I> Binary(12) of size 125632 is loaded @ 0xd7300000
[2022-03-13 13:51:57] [0000.741] I> Init SCE
[2022-03-13 13:51:57] [0000.743] I> Loading APE-FW ...
[2022-03-13 13:51:57] [0000.746] W> No valid slot number is found in scratch register
[2022-03-13 13:51:57] [0000.752] W> Return default slot: _a
[2022-03-13 13:51:57] [0000.755] I> A/B: bin_type (11) slot 0
[2022-03-13 13:51:57] [0000.759] I> Loading partition adsp-fw at 0xd7400000
[2022-03-13 13:51:57] [0000.763] I> Reading two headers - addr:0xd7400000 blocks:1
[2022-03-13 13:51:57] [0000.769] I> Addr: 0xd7400000, start-block: 58761224, num_blocks: 1
[2022-03-13 13:51:57] [0000.788] I> Binary(11) of size 77216 is loaded @ 0xd7400000
[2022-03-13 13:51:57] [0000.794] I> Copy BTCM section
[2022-03-13 13:51:57] [0000.797] W> No valid slot number is found in scratch register
[2022-03-13 13:51:57] [0000.802] W> Return default slot: _a
[2022-03-13 13:51:57] [0000.806] I> A/B: bin_type (13) slot 0
[2022-03-13 13:51:57] [0000.809] I> Loading partition cpu-bootloader at 0x96000000
[2022-03-13 13:51:57] [0000.815] I> Reading two headers - addr:0x96000000 blocks:1
[2022-03-13 13:51:57] [0000.820] I> Addr: 0x96000000, start-block: 58740744, num_blocks: 1
[2022-03-13 13:51:57] [0000.841] I> Binary(13) of size 308800 is loaded @ 0x96000000
[2022-03-13 13:51:57] [0000.847] W> No valid slot number is found in scratch register
[2022-03-13 13:51:57] [0000.853] W> Return default slot: _a
[2022-03-13 13:51:57] [0000.856] I> A/B: bin_type (20) slot 0
[2022-03-13 13:51:57] [0000.860] I> Loading partition bootloader-dtb at 0x85205400
[2022-03-13 13:51:57] [0000.865] I> Reading two headers - addr:0x85205400 blocks:1
[2022-03-13 13:51:57] [0000.871] I> Addr: 0x85205400, start-block: 58742792, num_blocks: 1
[2022-03-13 13:51:57] [0000.892] I> Binary(20) of size 375568 is loaded @ 0x85205400
[2022-03-13 13:51:57] [0000.898] W> No valid slot number is found in scratch register
[2022-03-13 13:51:57] [0000.904] W> Return default slot: _a
[2022-03-13 13:51:57] [0000.907] I> A/B: bin_type (14) slot 0
[2022-03-13 13:51:57] [0000.911] I> Loading partition secure-os at 0x85305600
[2022-03-13 13:51:57] [0000.916] I> Reading two headers - addr:0x85305600 blocks:1
[2022-03-13 13:51:57] [0000.921] I> Addr: 0x85305600, start-block: 58744840, num_blocks: 1
[2022-03-13 13:51:57] [0000.944] I> Binary(14) of size 402864 is loaded @ 0x85305600
[2022-03-13 13:51:57] [0000.951] I> TOS boot-params @ 0x85000000
[2022-03-13 13:51:57] [0000.955] I> TOS params prepared
[2022-03-13 13:51:57] [0000.958] I> Loading EKS ...
[2022-03-13 13:51:57] [0000.961] I> A/B: bin_type (15) slot 0
[2022-03-13 13:51:57] [0000.965] I> Loading partition eks at 0x85905800
[2022-03-13 13:51:57] [0000.969] I> Reading two headers - addr:0x85905800 blocks:1
[2022-03-13 13:51:57] [0000.975] I> Addr: 0x85905800, start-block: 58757128, num_blocks: 1
[2022-03-13 13:51:57] [0000.993] I> Binary(15) of size 1040 is loaded @ 0x85905800
[2022-03-13 13:51:57] [0000.999] I> EKB detected (length: 0x400) @ 0x85905800
[2022-03-13 13:51:57] [0001.004] I> Copied encrypted keys
[2022-03-13 13:51:57] [0001.008] I> boot profiler @ 0x275844000
[2022-03-13 13:51:57] [0001.011] I> boot profiler for TOS @ 0x275844000
[2022-03-13 13:51:57] [0001.016] I> Unhalting SCE
[2022-03-13 13:51:57] [0001.019] I> Primary Memory Start:80000000 Size:70000000
[2022-03-13 13:51:57] [0001.024] I> Extended Memory Start:f0110000 Size:1856f0000
[2022-03-13 13:51:57] [0001.031] I> MB2(TBoot-BPMP) done
[2022-03-13 13:51:57] 
[2022-03-13 13:51:57] NOTICE:  BL31: v1.3(release):b5eeb33f7
[2022-03-13 13:51:57] NOTICE:  BL31: Built : 12:15:17, Jul 26 2021
[2022-03-13 13:51:57] ipc-unittest-main: 1519: Welcome to IPC unittest!!!
[2022-03-13 13:51:57] ipc-unittest-main: 1531: waiting forever
[2022-03-13 13:51:57] ipc-unittest-srv: 329: Init unittest services!!!
[2022-03-13 13:51:57] hwkey-agent: 41: hwkey-agent is running!!
[2022-03-13 13:51:57] hwkey-agent: 315: key_mgnt_processing .......
[2022-03-13 13:51:58] hwkey-agent: 223: Setting EKB key 0 to slot 14
[2022-03-13 13:51:58] hwkey-agent: 178: Init hweky-agent services!!
[2022-03-13 13:51:58] luks-srv: 40: luks-srv is running!!
[2022-03-13 13:51:58] luks-srv: 157: Init luks-srv IPC services!!
[2022-03-13 13:51:58] platform_bootstrap_epilog: trusty bootstrap complete
[2022-03-13 13:51:58] [0001.403] I> Welcome to Cboot
[2022-03-13 13:51:58] [0001.406] I> Cboot Version: t186-00029e71
[2022-03-13 13:51:58] [0001.410] I> CPU-BL Params @ 0x275800000
[2022-03-13 13:51:58] [0001.414] I>  0) Base:0x00000000 Size:0x00000000
[2022-03-13 13:51:58] [0001.418] I>  1) Base:0x277f00000 Size:0x00100000
[2022-03-13 13:51:58] [0001.423] I>  2) Base:0x277e00000 Size:0x00100000
[2022-03-13 13:51:58] [0001.427] I>  3) Base:0x277d00000 Size:0x00100000
[2022-03-13 13:51:58] [0001.432] I>  4) Base:0x277c00000 Size:0x00100000
[2022-03-13 13:51:58] [0001.436] I>  5) Base:0x277b00000 Size:0x00100000
[2022-03-13 13:51:58] [0001.441] I>  6) Base:0x277800000 Size:0x00200000
[2022-03-13 13:51:58] [0001.445] I>  7) Base:0x277400000 Size:0x00400000
[2022-03-13 13:51:58] [0001.450] I>  8) Base:0x277a00000 Size:0x00100000
[2022-03-13 13:51:58] [0001.454] I>  9) Base:0x277300000 Size:0x00100000
[2022-03-13 13:51:58] [0001.459] I> 10) Base:0x276800000 Size:0x00800000
[2022-03-13 13:51:58] [0001.463] I> 11) Base:0x30000000 Size:0x00040000
[2022-03-13 13:51:58] [0001.468] I> 12) Base:0xf0000000 Size:0x00100000
[2022-03-13 13:51:58] [0001.472] I> 13) Base:0x30040000 Size:0x00001000
[2022-03-13 13:51:58] [0001.477] I> 14) Base:0x30048000 Size:0x00001000
[2022-03-13 13:51:58] [0001.481] I> 15) Base:0x30049000 Size:0x00001000
[2022-03-13 13:51:58] [0001.486] I> 16) Base:0x3004a000 Size:0x00001000
[2022-03-13 13:51:58] [0001.490] I> 17) Base:0x3004b000 Size:0x00001000
[2022-03-13 13:51:58] [0001.494] I> 18) Base:0x3004c000 Size:0x00001000
[2022-03-13 13:51:58] [0001.499] I> 19) Base:0x3004d000 Size:0x00001000
[2022-03-13 13:51:58] [0001.503] I> 20) Base:0x3004e000 Size:0x00001000
[2022-03-13 13:51:58] [0001.508] I> 21) Base:0x3004f000 Size:0x00001000
[2022-03-13 13:51:58] [0001.512] I> 22) Base:0x00000000 Size:0x00000000
[2022-03-13 13:51:58] [0001.517] I> 23) Base:0xf0100000 Size:0x00010000
[2022-03-13 13:51:58] [0001.521] I> 24) Base:0x00000000 Size:0x00000000
[2022-03-13 13:51:58] [0001.525] I> 25) Base:0x00000000 Size:0x00000000
[2022-03-13 13:51:58] [0001.530] I> 26) Base:0x00000000 Size:0x00000000
[2022-03-13 13:51:58] [0001.534] I> 27) Base:0x00000000 Size:0x00000000
[2022-03-13 13:51:58] [0001.539] I> 28) Base:0x84400000 Size:0x00400000
[2022-03-13 13:51:58] [0001.543] I> 29) Base:0x30000000 Size:0x00010000
[2022-03-13 13:51:58] [0001.548] I> 30) Base:0x278000000 Size:0x08000000
[2022-03-13 13:51:58] [0001.552] I> 31) Base:0x00000000 Size:0x00000000
[2022-03-13 13:51:58] [0001.557] I> 32) Base:0x276000000 Size:0x00600000
[2022-03-13 13:51:58] [0001.561] I> 33) Base:0x80000000 Size:0x70000000
[2022-03-13 13:51:58] [0001.565] I> 34) Base:0xf0110000 Size:0x1856f0000
[2022-03-13 13:51:58] [0001.570] I> 35) Base:0x00000000 Size:0x00000000
[2022-03-13 13:51:58] [0001.574] I> 36) Base:0x00000000 Size:0x00000000
[2022-03-13 13:51:58] [0001.579] I> 37) Base:0x2772e0000 Size:0x00020000
[2022-03-13 13:51:58] [0001.583] I> 38) Base:0x84000000 Size:0x00400000
[2022-03-13 13:51:58] [0001.588] I> 39) Base:0x96000000 Size:0x02000000
[2022-03-13 13:51:58] [0001.592] I> 40) Base:0x85000000 Size:0x01200000
[2022-03-13 13:51:58] [0001.597] I> 41) Base:0x275800000 Size:0x00500000
[2022-03-13 13:51:58] [0001.601] I> 42) Base:0x00000000 Size:0x00000000
[2022-03-13 13:51:58] [0001.606] I> 43) Base:0x00000000 Size:0x00000000
[2022-03-13 13:51:58] [0001.610] GIC-SPI Target CPU: 4
[2022-03-13 13:51:58] [0001.613] Interrupts Init done
[2022-03-13 13:51:58] [0001.617] calling constructors
[2022-03-13 13:51:58] [0001.620] initializing heap
[2022-03-13 13:51:58] [0001.622] initializing threads
[2022-03-13 13:51:58] [0001.626] initializing timers
[2022-03-13 13:51:58] [0001.629] creating bootstrap completion thread
[2022-03-13 13:51:58] [0001.633] top of bootstrap2()
[2022-03-13 13:51:58] [0001.637] CPU: ARM Cortex A57
[2022-03-13 13:51:58] [0001.640] CPU: MIDR: 0x411FD073, MPIDR: 0x80000100
[2022-03-13 13:51:58] [0001.645] initializing platform
[2022-03-13 13:51:58] [0001.648] I> Bl_dtb @0x85205400
[2022-03-13 13:51:58] [0001.651] I> gpio framework initialized
[2022-03-13 13:51:58] [0001.657] I> tegrabl_gpio_driver_register: register 'nvidia,tegra186-gpio' driver
[2022-03-13 13:51:58] [0001.668] I> tegrabl_gpio_driver_register: register 'nvidia,tegra186-gpio-aon' driver
[2022-03-13 13:51:58] [0001.675] I> GPIO framework and drivers are initialized.
[2022-03-13 13:51:58] [0001.680] I> Boot-device: eMMC
[2022-03-13 13:51:58] [0001.688] I> sdmmc bdev is already initialized
[2022-03-13 13:51:58] [0001.718] I> Found 19 partitions in SDMMC_BOOT (instance 3)
[2022-03-13 13:51:58] [0001.736] I> Found 33 partitions in SDMMC_USER (instance 3)
[2022-03-13 13:51:58] [0001.741] W> opt-in fuse is not set, skip fuse_burning
[2022-03-13 13:51:58] [0001.746] I> Reserved memory at 0xfbe00000 for U-Boot relocation
[2022-03-13 13:51:58] [0001.752] W> No valid slot number is found in scratch register
[2022-03-13 13:51:58] [0001.758] W> Return default slot: _a
[2022-03-13 13:51:58] [0001.767] I> A/B: bin_type (21) slot 0
[2022-03-13 13:51:58] [0001.771] I> Loading kernel-dtb from partition
[2022-03-13 13:51:58] [0001.775] I> Loading partition kernel-dtb at 0x80000000 from device(0x1)
[2022-03-13 13:51:58] [0001.793] I> Kernel_dtb @0x80000000
[2022-03-13 13:51:58] [0001.796] I> tegrabl_tca9539_init: i2c bus: 0, slave addr: 0xee
[2022-03-13 13:51:58] [0001.806] I> tegrabl_gpio_driver_register: register 'tca9539_gpio_driver' driver
[2022-03-13 13:51:58] [0001.813] I> tegrabl_tca9539_init: i2c bus: 0, slave addr: 0xe8
[2022-03-13 13:51:58] [0001.822] I> tegrabl_gpio_driver_register: register 'tca9539_gpio_driver' driver
[2022-03-13 13:51:58] [0001.833] I> fixed regulator driver initialized
[2022-03-13 13:51:58] [0001.866] I> register 'maxim' power off handle
[2022-03-13 13:51:58] [0001.872] I> virtual i2c enabled
[2022-03-13 13:51:58] [0001.875] I> registered 'maxim,max77620' pmic
[2022-03-13 13:51:58] [0001.880] I> tegrabl_gpio_driver_register: register 'max77620-gpio' driver
[2022-03-13 13:51:58] [0001.894] E> failed to read label property for node 324936: 13
[2022-03-13 13:51:58] [0001.902] E> failed to read reg property for node 325032: 13
[2022-03-13 13:51:58] [0001.910] E> failed to read reg property for node 325084: 13
[2022-03-13 13:51:58] [0001.919] E> failed to read label property for node 325168: 13
[2022-03-13 13:51:58] [0001.927] E> failed to read label property for node 325236: 13
[2022-03-13 13:51:58] [0001.935] E> failed to read reg property for node 325304: 13
[2022-03-13 13:51:58] [0001.944] E> failed to read reg property for node 325376: 13
[2022-03-13 13:51:58] [0001.954] I> Find /i2c@c250000's alias i2c7
[2022-03-13 13:51:58] [0001.958] I> Reading eeprom i2c=7 address=0x50
[2022-03-13 13:51:58] [0001.987] I> Device at /i2c@c250000:0x50
[2022-03-13 13:51:58] [0001.991] I> Reading eeprom i2c=7 address=0x57
[2022-03-13 13:51:58] [0002.020] I> Device at /i2c@c250000:0x57
[2022-03-13 13:51:58] [0002.024] I> Find /i2c@c240000's alias i2c1
[2022-03-13 13:51:58] [0002.028] I> Reading eeprom i2c=1 address=0x51
[2022-03-13 13:51:58] [0002.033] E> I2C: slave not found in slaves.
[2022-03-13 13:51:58] [0002.037] E> I2C: Could not write 0 bytes to slave: 0x00a2 with repeat start true.
[2022-03-13 13:51:58] [0002.045] E> I2C_DEV: Failed to send register address 0x00000000.
[2022-03-13 13:51:58] [0002.051] E> I2C_DEV: Could not read 256 registers of size 1 from slave 0xa2 at 0x00000000 via instance 1.
[2022-03-13 13:51:58] [0002.060] E> eeprom: Retry to read I2C slave device.
[2022-03-13 13:51:58] [0002.065] E> I2C: slave not found in slaves.
[2022-03-13 13:51:58] [0002.069] E> I2C: Could not write 0 bytes to slave: 0x00a2 with repeat start true.
[2022-03-13 13:51:59] [0002.077] E> I2C_DEV: Failed to send register address 0x00000000.
[2022-03-13 13:51:59] [0002.083] E> I2C_DEV: Could not read 256 registers of size 1 from slave 0xa2 at 0x00000000 via instance 1.
[2022-03-13 13:51:59] [0002.092] E> eeprom: Failed to read I2C slave device
[2022-03-13 13:51:59] [0002.097] I> Eeprom read failed 0x3526070d
[2022-03-13 13:51:59] [0002.102] I> Find /i2c@3160000's alias i2c0
[2022-03-13 13:51:59] [0002.106] I> Reading eeprom i2c=0 address=0x50
[2022-03-13 13:51:59] [0002.110] E> I2C: slave not found in slaves.
[2022-03-13 13:51:59] [0002.114] E> I2C: Could not write 0 bytes to slave: 0x00a0 with repeat start true.
[2022-03-13 13:51:59] [0002.122] E> I2C_DEV: Failed to send register address 0x00000000.
[2022-03-13 13:51:59] [0002.128] E> I2C_DEV: Could not read 256 registers of size 1 from slave 0xa0 at 0x00000000 via instance 0.
[2022-03-13 13:51:59] [0002.137] E> eeprom: Failed to read I2C slave device
[2022-03-13 13:51:59] [0002.142] I> Eeprom read failed 0x3526070d
[2022-03-13 13:51:59] [0002.147] I> Find /i2c@3180000's alias i2c2
[2022-03-13 13:51:59] [0002.151] I> Reading eeprom i2c=2 address=0x54
[2022-03-13 13:51:59] [0002.155] I> Enabling gpio chip_id = 2, gpio pin = 9
[2022-03-13 13:51:59] [0002.186] I> Disabling gpio chip_id = 2, gpio pin = 9
[2022-03-13 13:51:59] [0002.191] I> Device at /i2c@3180000:0x54
[2022-03-13 13:51:59] [0002.195] I> Reading eeprom i2c=2 address=0x57
[2022-03-13 13:51:59] [0002.199] I> Enabling gpio chip_id = 2, gpio pin = 9
[2022-03-13 13:51:59] [0002.205] E> I2C: slave not found in slaves.
[2022-03-13 13:51:59] [0002.209] E> I2C: Could not write 0 bytes to slave: 0x00ae with repeat start true.
[2022-03-13 13:51:59] [0002.216] E> I2C_DEV: Failed to send register address 0x00000000.
[2022-03-13 13:51:59] [0002.222] E> I2C_DEV: Could not read 256 registers of size 1 from slave 0xae at 0x00000000 via instance 2.
[2022-03-13 13:51:59] [0002.232] E> eeprom: Failed to read I2C slave device
[2022-03-13 13:51:59] [0002.237] I> Disabling gpio chip_id = 2, gpio pin = 9
[2022-03-13 13:51:59] [0002.242] I> Eeprom read failed 0x00000000
[2022-03-13 13:51:59] [0002.246] I> create_pm_ids: id: 3310-1000-D00-L, len: 15
[2022-03-13 13:51:59] [0002.251] I> config: mem-type:00,power-config:00,misc-config:00,modem-config:00,touch-config:00,display-config:00,, len: 93
[2022-03-13 13:51:59] [0002.262] I> create_pm_ids: id: 2597-0000-900-E, len: 15
[2022-03-13 13:51:59] [0002.267] I> config: mem-type:00,power-config:00,misc-config:00,modem-config:00,touch-config:00,display-config:00,, len: 93
[2022-03-13 13:51:59] [0002.278] I> create_pm_ids: id: 3326-1000-000-M, len: 15
[2022-03-13 13:51:59] [0002.283] I> config: mem-type:ff,power-config:ff,misc-config:ff,modem-config:ff,touch-config:ff,display-config:ff,, len: 93
[2022-03-13 13:51:59] [0002.318] I> enabling 'vdd-hdmi' regulator
[2022-03-13 13:51:59] [0002.334] I> regulator 'vdd-hdmi' already enabled
[2022-03-13 13:51:59] [0002.338] E> tegrabl_display_init_regulator: hdmi cable is not connected
[2022-03-13 13:51:59] [0002.345] E> tegrabl_display_get_pdata, failed to parse dtb settings
[2022-03-13 13:51:59] [0002.354] E> cannot find any other nvdisp nodes
[2022-03-13 13:51:59] [0002.358] E> no valid display unit config found in dtb
[2022-03-13 13:51:59] [0002.364] W> display init failed
[2022-03-13 13:51:59] [0002.367] initializing target
[2022-03-13 13:51:59] [0002.370] calling apps_init()
[2022-03-13 13:51:59] [0002.373] starting app kernel_boot_app
[2022-03-13 13:51:59] [0002.395] I> found decompressor handler: lz4-legacy
[2022-03-13 13:51:59] [0002.400] I> decompressing BMP blob ...
[2022-03-13 13:51:59] [0002.412] I> Kernel type = Normal
[2022-03-13 13:51:59] [0002.415] I> ########## Fixed storage boot ##########
[2022-03-13 13:51:59] [0002.420] I> Loading kernel-bootctrl from partition
[2022-03-13 13:51:59] [0002.425] I> Loading partition kernel-bootctrl at 0xa8000000 from device(0x1)
[2022-03-13 13:51:59] [0002.439] W> tegrabl_get_kernel_bootctrl: magic number(0x00000000) is invalid
[2022-03-13 13:51:59] [0002.446] W> tegrabl_get_kernel_bootctrl: use default dummy boot control data
[2022-03-13 13:51:59] [0002.453] W> No valid slot number is found in scratch register
[2022-03-13 13:51:59] [0002.459] W> Return default slot: _a
[2022-03-13 13:51:59] [0002.462] I> A/B: bin_type (24) slot 0
[2022-03-13 13:51:59] [0002.478] I> Boot image size read from image header: 9913d
[2022-03-13 13:51:59] [0002.483] I> Boot image load address: 0x80400000
[2022-03-13 13:51:59] [0002.487] I> Loading kernel from partition
[2022-03-13 13:51:59] [0002.491] I> Loading partition kernel at 0x80400000 from device(0x1)
[2022-03-13 13:52:00] [0003.434] I> Validate kernel ...
[2022-03-13 13:52:00] [0003.437] I> T18x: Authenticate kernel (bin_type 24), max size 0x4000000
[2022-03-13 13:52:00] [0003.445] I> Decrypt the buffer ... [0003.449] W> tegrabl_decrypt_block: fuse (0x0) is not burnt to do encryption (0x4); skip decryption.
[2022-03-13 13:52:00] [0003.457] I> done
[2022-03-13 13:52:00] [0003.459] I> Checking boot.img header magic ... [0003.463] I> [OK]
[2022-03-13 13:52:00] [0003.465] I> kernel-dtb is already loaded
[2022-03-13 13:52:00] [0003.469] I> Validate kernel-dtb ...
[2022-03-13 13:52:00] [0003.472] I> T18x: Authenticate kernel-dtb (bin_type 21), max size 0x100000
[2022-03-13 13:52:00] [0003.480] I> Decrypt the buffer ... [0003.483] W> tegrabl_decrypt_block: fuse (0x0) is not burnt to do encryption (0x4); skip decryption.
[2022-03-13 13:52:00] [0003.492] I> done
[2022-03-13 13:52:00] [0003.494] I> Kernel hdr @0x80400000
[2022-03-13 13:52:00] [0003.497] I> Kernel dtb @0x80000000
[2022-03-13 13:52:00] [0003.501] I> decompressor handler not found
[2022-03-13 13:52:00] [0003.505] I> Copying kernel image (627005 bytes) from 0x80400800 to 0x80600000 ... [0003.512] I> Done
[2022-03-13 13:52:00] [0003.514] I> Move ramdisk (len: 0) from 0x8049a000 to 0x947d0000
[2022-03-13 13:52:00] [0003.521] I> Updated bpmp info to DTB
[2022-03-13 13:52:00] [0003.528] I> Ramdisk: Base: 0x947d0000; Size: 0x0
[2022-03-13 13:52:00] [0003.532] I> Updated initrd info to DTB
[2022-03-13 13:52:00] [0003.536] W> WARN: Fail to override "console=none" in commandline
[2022-03-13 13:52:00] [0003.542] I> Active rootfs suffix: 
[2022-03-13 13:52:00] [0003.545] E> tegrabl_linuxboot_add_disp_param, du 0 failed to get display params
[2022-03-13 13:52:00] [0003.552] E> tegrabl_linuxboot_add_disp_param, du 0 failed to get display params
[2022-03-13 13:52:00] [0003.559] E> tegrabl_linuxboot_add_disp_param, du 0 failed to get display params
[2022-03-13 13:52:00] [0003.567] I> disabled_core_mask: 0xffffff0c
[2022-03-13 13:52:00] [0003.571] W> No valid slot number is found in scratch register
[2022-03-13 13:52:00] [0003.576] W> Return default slot: _a
[2022-03-13 13:52:00] [0003.580] I> Active slot suffix: 
[2022-03-13 13:52:00] [0003.583] I> add_boot_slot_suffix: slot_suffix = 
[2022-03-13 13:52:00] [0003.587] I> Linux Cmdline: console=ttyS0,115200 androidboot.presilicon=true firmware_class.path=/etc/firmware root=/dev/mmcblk0p1 rw rootwait rootfstype=ext4 console=ttyS0,115200n8 console=tty0 fbcon=map:0 net.ifnames=0 isolcpus=1-2  video=tegrafb earlycon=uart8250,mmio32,0x3100000 nvdumper_reserved=0x2772e0000 gpt rootfs.slot_suffix= usbcore.old_scheme_first=1 tegraid=18.1.2.0.0 maxcpus=6 no_console_suspend boot.slot_suffix= boot.ratchetvalues=0.2031647.1 vpr_resize bl_prof_dataptr=0x10000@0x275840000 sdhci_tegra.en_boot_part_access=1 
[2022-03-13 13:52:00] [0003.635] I> Updated bootarg info to DTB
[2022-03-13 13:52:00] [0003.639] I> eeprom_get_mac_addr: MAC (type: 0): 48:b0:2d:0f:11:c5
[2022-03-13 13:52:00] [0003.645] I> eeprom_get_mac_addr: MAC (type: 1): 48:b0:2d:0f:11:c6
[2022-03-13 13:52:00] [0003.651] I> eeprom_get_mac_addr: MAC (type: 2): 48:b0:2d:0f:11:c7
[2022-03-13 13:52:00] [0003.657] E> Found no plugin manager ids in source DT
[2022-03-13 13:52:00] [0003.662] W> Add plugin manager ids from board info
[2022-03-13 13:52:00] [0003.667] W> "plugin-manager" doesn't exist, creating
[2022-03-13 13:52:00] [0003.672] W> "ids" doesn't exist, creating
[2022-03-13 13:52:00] [0003.676] W> "connection" doesn't exist, creating
[2022-03-13 13:52:00] [0003.680] W> "configs" doesn't exist, creating
[2022-03-13 13:52:00] [0003.685] I> create_pm_ids: id: 3310-1000-D00-L, len: 15
[2022-03-13 13:52:00] [0003.690] I> config: mem-type:00,power-config:00,misc-config:00,modem-config:00,touch-config:00,display-config:00,, len: 93
[2022-03-13 13:52:00] [0003.701] I> create_pm_ids: id: 2597-0000-900-E, len: 15
[2022-03-13 13:52:00] [0003.706] I> config: mem-type:00,power-config:00,misc-config:00,modem-config:00,touch-config:00,display-config:00,, len: 93
[2022-03-13 13:52:00] [0003.717] I> create_pm_ids: id: 3326-1000-000-M, len: 15
[2022-03-13 13:52:00] [0003.722] I> config: mem-type:ff,power-config:ff,misc-config:ff,modem-config:ff,touch-config:ff,display-config:ff,, len: 93
[2022-03-13 13:52:00] [0003.733] I> Adding plugin-manager/ids/3310-1000-D00=/i2c@c250000:module@0x50
[2022-03-13 13:52:00] [0003.740] W> "i2c@c250000" doesn't exist, creating
[2022-03-13 13:52:00] [0003.745] W> "module@0x50" doesn't exist, creating
[2022-03-13 13:52:00] [0003.750] I> Adding plugin-manager/ids/2597-0000-900=/i2c@c250000:module@0x57
[2022-03-13 13:52:00] [0003.757] W> "module@0x57" doesn't exist, creating
[2022-03-13 13:52:00] [0003.762] I> Adding plugin-manager/ids/3326-1000-000=/i2c@3180000:module@0x54
[2022-03-13 13:52:00] [0003.769] W> "i2c@3180000" doesn't exist, creating
[2022-03-13 13:52:00] [0003.774] W> "module@0x54" doesn't exist, creating
[2022-03-13 13:52:00] [0003.781] I> Adding plugin-manager/ids/3310-1000-D00-L
[2022-03-13 13:52:00] [0003.788] I> Adding plugin-manager/configs/3310-mem-type 00
[2022-03-13 13:52:00] [0003.794] I> Adding plugin-manager/configs/3310-power-config 00
[2022-03-13 13:52:00] [0003.800] I> Adding plugin-manager/configs/3310-misc-config 00
[2022-03-13 13:52:00] [0003.806] I> Adding plugin-manager/configs/3310-modem-config 00
[2022-03-13 13:52:00] [0003.812] I> Adding plugin-manager/configs/3310-touch-config 00
[2022-03-13 13:52:00] [0003.818] I> Adding plugin-manager/configs/3310-display-config 00
[2022-03-13 13:52:00] [0003.824] I> Adding plugin-manager/cvm
[2022-03-13 13:52:00] [0003.828] W> "chip-id" doesn't exist, creating
[2022-03-13 13:52:00] [0003.832] I> Adding plugin-manager/chip-id/A02P
[2022-03-13 13:52:00] [0003.837] W> "odm-data" doesn't exist, creating
[2022-03-13 13:52:00] [0003.841] I> Adding /chosen/plugin-manager/odm-data
[2022-03-13 13:52:00] [0003.851] I> added [base:0x80000000, size:0x70000000] to /memory
[2022-03-13 13:52:00] [0003.857] I> added [base:0xf0200000, size:0x185600000] to /memory
[2022-03-13 13:52:00] [0003.863] I> added [base:0x275e00000, size:0x200000] to /memory
[2022-03-13 13:52:00] [0003.868] I> added [base:0x276600000, size:0x200000] to /memory
[2022-03-13 13:52:00] [0003.874] I> added [base:0x277000000, size:0x200000] to /memory
[2022-03-13 13:52:00] [0003.880] I> Updated memory info to DTB
[2022-03-13 13:52:00] [0003.885] E> add_disp_param: failed to get display params for du=0
[2022-03-13 13:52:00] [0003.892] W> "reset" doesn't exist, creating
[2022-03-13 13:52:00] [0003.896] W> "pmc-reset-reason" doesn't exist, creating
[2022-03-13 13:52:00] [0003.902] W> "pmic-reset-reason" doesn't exist, creating
[2022-03-13 13:52:00] [0003.908] I> Adding ecid(00000001646db7851000000013038200) to DT
[2022-03-13 13:52:00] [0003.914] I> disabled_core_mask: 0xffffff0c
[2022-03-13 13:52:00] [0003.927] I> Add serial number:1422420022173 as DT property
[2022-03-13 13:52:00] [0003.936] I> Plugin-manager override starting
[2022-03-13 13:52:00] [0003.942] I> node /plugin-manager/fragement@0 matches
[2022-03-13 13:52:00] [0003.952] I> node /plugin-manager/fragement@4 matches
[2022-03-13 13:52:00] [0003.965] I> node /plugin-manager/fragment-sdwake-p3310-1000-300 matches
[2022-03-13 13:52:00] [0003.985] I> node /plugin-manager/fragement-pmon-p3310-1000-300 matches
[2022-03-13 13:52:00] [0003.994] I> node /plugin-manager/fragement-pmon-p3310-1000-800 matches
[2022-03-13 13:52:00] [0004.003] I> node /plugin-manager/fragment-devslp@0 matches
[2022-03-13 13:52:00] [0004.016] I> node /plugin-manager/fragment-500-pcie-config matches
[2022-03-13 13:52:00] [0004.031] I> node /plugin-manager/fragment-500-xusb-config matches
[2022-03-13 13:52:00] [0004.054] I> node /plugin-manager/fragment-p3310-c00-comm matches
[2022-03-13 13:52:00] [0004.067] I> node /plugin-manager/fragment-p3310-c00-pmic matches
[2022-03-13 13:52:01] [0004.078] I> node /plugin-manager/fragment-p3310-c01 matches
[2022-03-13 13:52:01] [0004.091] I> node /plugin-manager/fragment-p3310-c03 matches
[2022-03-13 13:52:01] [0004.133] I> node /plugin-manager/fragment-e3326@0 matches
[2022-03-13 13:52:01] [0004.216] I> node /plugin-manager/fragment-p3310-c00-camera matches
[2022-03-13 13:52:01] [0004.243] I> Disable plugin-manager status in FDT
[2022-03-13 13:52:01] [0004.247] I> Plugin-manager override finished successfully
[2022-03-13 13:52:01] [0004.252] I> tegrabl_load_kernel_and_dtb: Done
[2022-03-13 13:52:01] [0004.257] E> tegrabl_display_clear: display is not initialized
[2022-03-13 13:52:01] [0004.262] W> Boot logo display failed...
[2022-03-13 13:52:01] [0004.266] I> Kernel EP: 0x80600000, DTB: 0x80000000
[2022-03-13 13:52:01] 
[2022-03-13 13:52:01] 
[2022-03-13 13:52:01] U-Boot 2020.04-g46e4604c78 (Jul 26 2021 - 12:10:58 -0700)
[2022-03-13 13:52:01] 
[2022-03-13 13:52:01] SoC: tegra186
[2022-03-13 13:52:01] Model: NVIDIA P2771-0000-500
[2022-03-13 13:52:01] Board: NVIDIA P2771-0000
[2022-03-13 13:52:01] DRAM:  7.8 GiB
[2022-03-13 13:52:01] MMC:   sdhci@3400000: 1, sdhci@3460000: 0
[2022-03-13 13:52:01] Loading Environment from MMC... *** Warning - bad CRC, using default environment
[2022-03-13 13:52:01] 
[2022-03-13 13:52:01] In:    serial
[2022-03-13 13:52:01] Out:   serial
[2022-03-13 13:52:01] Err:   serial
[2022-03-13 13:52:01] Net:   
[2022-03-13 13:52:01] Warning: ethernet@2490000 using MAC address from ROM
[2022-03-13 13:52:01] eth0: ethernet@2490000
[2022-03-13 13:52:01] Hit any key to stop autoboot:  2  1  0 
[2022-03-13 13:52:03] MMC: no card present
[2022-03-13 13:52:03] switch to partitions #0, OK
[2022-03-13 13:52:03] mmc0(part 0) is current device
[2022-03-13 13:52:03] Scanning mmc 0:1...
[2022-03-13 13:52:03] Found /boot/extlinux/extlinux.conf
[2022-03-13 13:52:03] Retrieving file: /boot/extlinux/extlinux.conf
[2022-03-13 13:52:03] 858 bytes read in 22 ms (38.1 KiB/s)
[2022-03-13 13:52:03] 1:	primary kernel
[2022-03-13 13:52:03] Retrieving file: /boot/initrd
[2022-03-13 13:52:04] 7238344 bytes read in 201 ms (34.3 MiB/s)
[2022-03-13 13:52:04] Retrieving file: /boot/Image
[2022-03-13 13:52:05] 34484232 bytes read in 830 ms (39.6 MiB/s)
[2022-03-13 13:52:05] append: console=ttyS0,115200 androidboot.presilicon=true firmware_class.path=/etc/firmware root=/dev/mmcblk0p1 rw rootwait rootfstype=ext4 console=ttyS0,115200n8 console=tty0 fbcon=map:0 net.ifnames=0 isolcpus=1-2  video=tegrafb earlycon=uart8250,mmio32,0x3100000 nvdumper_reserved=0x2772e0000 gpt rootfs.slot_suffix= usbcore.old_scheme_first=1 tegraid=18.1.2.0.0 maxcpus=6 no_console_suspend boot.slot_suffix= boot.ratchetvalues=0.2031647.1 vpr_resize bl_prof_dataptr=0x10000@0x275840000 sdhci_tegra.en_boot_part_access=1 quiet root=/dev/mmcblk0p1 rw rootwait rootfstype=ext4 console=ttyS0,115200n8 console=tty0 fbcon=map:0 net.ifnames=0 isolcpus=1-2 
[2022-03-13 13:52:05] ## Flattened Device Tree blob at 80000000
[2022-03-13 13:52:05]    Booting using the fdt blob at 0x80000000
[2022-03-13 13:52:05] ERROR: reserving fdt memory region failed (addr=0 size=0)
[2022-03-13 13:52:05] ERROR: reserving fdt memory region failed (addr=0 size=0)
[2022-03-13 13:52:05] ERROR: reserving fdt memory region failed (addr=0 size=0)
[2022-03-13 13:52:05]    Using Device Tree in place at 0000000080000000, end 0000000080060aa3
[2022-03-13 13:52:05] copying carveout for /host1x@13e00000/display-hub@15200000/display@15200000...
[2022-03-13 13:52:05] copying carveout for /host1x@13e00000/display-hub@15200000/display@15210000...
[2022-03-13 13:52:05] copying carveout for /host1x@13e00000/display-hub@15200000/display@15220000...
[2022-03-13 13:52:05] 
[2022-03-13 13:52:05] Starting kernel ...
[2022-03-13 13:52:05] 
[2022-03-13 13:52:05] [    0.000000] Booting Linux on physical CPU 0x100
[2022-03-13 13:52:05] [    0.000000] Linux version 4.9.253-tegra (buildbrain@mobile-u64-5497-d3000) (gcc version 7.3.1 20180425 [linaro-7.3-2018.05 revision d29120a424ecfbc167ef90065c0eeb7f91977701] (Linaro GCC 7.3-2018.05) ) #1 SMP PREEMPT Mon Jul 26 12:19:28 PDT 2021
[2022-03-13 13:52:05] [    0.000000] Boot CPU: AArch64 Processor [411fd073]
[2022-03-13 13:52:05] [    0.000000] OF: fdt:memory scan node memory@80000000, reg size 80,
[2022-03-13 13:52:05] [    0.000000] OF: fdt: - 80000000 ,  70000000
[2022-03-13 13:52:05] [    0.000000] OF: fdt: - f0200000 ,  185600000
[2022-03-13 13:52:05] [    0.000000] OF: fdt: - 275e00000 ,  200000
[2022-03-13 13:52:05] [    0.000000] OF: fdt: - 276600000 ,  200000
[2022-03-13 13:52:05] [    0.000000] OF: fdt: - 277000000 ,  200000
[2022-03-13 13:52:05] [    0.000000] earlycon: uart8250 at MMIO32 0x0000000003100000 (options '')
[2022-03-13 13:52:05] [    0.000000] bootconsole [uart8250] enabled
[2022-03-13 13:52:07] [    1.893255] cgroup: cgroup2: unknown option "nsdelegate"
[2022-03-13 13:52:08] [    2.759580] using random self ethernet address
[2022-03-13 13:52:08] [    2.772588] using random host ethernet address
[2022-03-13 13:52:08] [    2.897313] FAT-fs (loop0): Volume was not properly unmounted. Some data may be corrupt. Please run fsck.
[2022-03-13 13:52:08] [    3.382722] random: crng init done
[2022-03-13 13:52:08] [    3.386128] random: 7 urandom warning(s) missed due to ratelimiting
[2022-03-13 13:52:09] [    3.504331] using random self ethernet address
[2022-03-13 13:52:09] [    3.513491] using random host ethernet address
[2022-03-13 13:52:09] [    3.797875] CPU1: shutdown
[2022-03-13 13:52:09] [    3.865263] CPU2: shutdown
[2022-03-13 13:52:10] [    4.651252] Bridge firewalling registered
[2022-03-13 13:52:13] 
[2022-03-13 13:52:13] Ubuntu 18.04.5 LTS JTX2-A ttyS0
[2022-03-13 13:52:13] 
[2022-03-13 13:52:13] JTX2-A login: [   42.788339] nvgpu: 17000000.gp10b                     gp10b_ltc_isr:298  [ERR]  mc_ltc_intr: 00000002
[2022-03-13 13:52:48] [   42.797703] nvgpu: 17000000.gp10b                 gp10b_ltc_lts_isr:252  [ERR]  Single bit error detected in GPU L2!
[2022-03-13 13:52:48] [   42.808410] nvgpu: 17000000.gp10b                 gp10b_ltc_lts_isr:286  [ERR]  ltc1, slice 0: bb4f0110
[2022-03-13 13:53:21] [   75.553162] CPU3: SError detected, daif=1c0, spsr=0x800000c5, mpidr=80000101, esr=bf40c000
[2022-03-13 13:53:21] [   75.553164] CPU5: SError detected, daif=1c0, spsr=0x800000c5, mpidr=80000103, esr=bf40c000
[2022-03-13 13:53:21] [   75.553167] CPU4: SError detected, daif=1c0, spsr=0x20000000, mpidr=80000102, esr=bf40c000
[2022-03-13 13:53:21] [   75.553170] CPU0: SError detected, daif=1c0, spsr=0x80000000, mpidr=80000100, esr=bf40c000
[2022-03-13 13:53:21] [   75.553171] **************************************
[2022-03-13 13:53:21] [   75.553175] A57 CPU Memory Error on CPU 5 (A57 Core 3)
[2022-03-13 13:53:21] [   75.553176] 	ESR:               0xbf40c000
[2022-03-13 13:53:21] [   75.553179] 	L2MERRSR: 0xd0091152690
[2022-03-13 13:53:21] [   75.553181] 	L2 Data RAM: 0x11
[2022-03-13 13:53:21] [   75.553182] 	CPU ID of Error:    2
[2022-03-13 13:53:21] [   75.553183] 	WAY of Error:       1
[2022-03-13 13:53:21] [   75.553184] 	Index of Error:     75408
[2022-03-13 13:53:21] [   75.553185] 	Repeat Error Count: 0
[2022-03-13 13:53:21] [   75.553186] 	Other Error Count:  13
[2022-03-13 13:53:21] [   75.553186] **************************************
[2022-03-13 13:53:21] [   75.555590] ROC:CCE Machine Check Error:
[2022-03-13 13:53:21] [   75.555593] 	Address Type = Non-Secure DRAM
[2022-03-13 13:53:21] [   75.555619] 	Address = 0x1eca60f88 -- System RAM + 0xfc860f88
[2022-03-13 13:53:21] [   75.555817] Bad mode in Error handler detected on CPU5, code 0xbf40c000 -- SError
[2022-03-13 13:53:21] [   75.555819] Kernel panic - not syncing: bad mode
[2022-03-13 13:53:21] [   75.555823] CPU: 5 PID: 0 Comm: swapper/5 Not tainted 4.9.253-tegra #1
[2022-03-13 13:53:21] [   75.555824] Hardware name: quill (DT)
[2022-03-13 13:53:21] [   75.555826] Call trace:
[2022-03-13 13:53:21] [   75.555834] [<ffffff800808ba40>] dump_backtrace+0x0/0x198
[2022-03-13 13:53:21] [   75.555837] [<ffffff800808c004>] show_stack+0x24/0x30
[2022-03-13 13:53:21] [   75.555842] [<ffffff8008f6121c>] dump_stack+0xa0/0xc4
[2022-03-13 13:53:21] [   75.555845] [<ffffff8008f5e2c0>] panic+0x12c/0x2a8
[2022-03-13 13:53:21] [   75.555847] [<ffffff800808c894>] bad_mode+0x7c/0x80
[2022-03-13 13:53:21] [   75.555850] [<ffffff800808ca5c>] handle_serr+0x124/0x128
[2022-03-13 13:53:21] [   75.555852] [<ffffff8008082d98>] el1_serr+0xb0/0x144
[2022-03-13 13:53:21] [   75.555856] [<ffffff8008ba09ac>] cpuidle_enter_state+0x84/0x380
[2022-03-13 13:53:21] [   75.555858] [<ffffff8008ba0d1c>] cpuidle_enter+0x34/0x48
[2022-03-13 13:53:21] [   75.555861] [<ffffff800811139c>] call_cpuidle+0x44/0x70
[2022-03-13 13:53:21] [   75.555863] [<ffffff8008111718>] cpu_startup_entry+0x1b0/0x200
[2022-03-13 13:53:21] [   75.555866] [<ffffff8008091cf8>] secondary_start_kernel+0x190/0x1f8
[2022-03-13 13:53:21] [   75.555867] [<000000008116e1a8>] 0x8116e1a8
[2022-03-13 13:53:21] [   75.555871] SMP: stopping secondary CPUs
[2022-03-13 13:53:21] [   75.739298] **************************************
[2022-03-13 13:53:21] [   75.744078] A57 CPU Memory Error on CPU 3 (A57 Core 1)
[2022-03-13 13:53:21] [   75.749204] 	ESR:               0xbf40c000
[2022-03-13 13:53:21] [   75.753290] 	CPUMERRSR: 0x89000d80
[2022-03-13 13:53:21] [   75.756682] 	Data L1 Data RAM: 0x9
[2022-03-13 13:53:21] [   75.760075] 	Bank/Way of Error:  0x0
[2022-03-13 13:53:21] [   75.763640] 	Index of Error:     0xd80
[2022-03-13 13:53:21] [   75.767378] 	Repeat Error Count: 0
[2022-03-13 13:53:21] [   75.770771] 	Other Error Count:  0
[2022-03-13 13:53:21] [   75.774161] **************************************
[2022-03-13 13:53:21] [   75.779142] Bad mode in Error handler detected on CPU3, code 0xbf40c000 -- SError
[2022-03-13 13:53:22] [   76.604670] SMP: failed to stop secondary CPUs 3,5
[2022-03-13 13:53:22] [   76.609453] Kernel Offset: disabled
[2022-03-13 13:53:22] [   76.612934] Memory Limit: none
[2022-03-13 13:53:22] [   76.615981] trusty-log panic notifier - trusty version Built: 12:20:14 Jul 26 2021 [   76.628403] Rebooting in 5 seconds..
[2022-03-13 13:53:27] [   81.632185] SMP: stopping secondary CPUs
[2022-03-13 13:53:31] [0000.289] I> Welcome to MB2(TBoot-BPMP)(version: 01.00.160913-t186-M-00.00-mobile-c368a720)
[2022-03-13 13:53:31] [0000.297] I> Boot-device: eMMC
[2022-03-13 13:53:31] [0000.305] I> sdmmc bdev is already initialized
[2022-03-13 13:53:31] [0000.309] I> pmic: reset reason (nverc)	: 0x80
[2022-03-13 13:53:31] [0000.342] I> Found 19 partitions in SDMMC_BOOT (instance 3)
[2022-03-13 13:53:31] [0000.362] I> Found 33 partitions in SDMMC_USER (instance 3)
[2022-03-13 13:53:31] [0000.368] W> No valid slot number is found in scratch register
[2022-03-13 13:53:31] [0000.374] W> Return default slot: _a
[2022-03-13 13:53:31] [0000.377] I> A/B: bin_type (16) slot 0
[2022-03-13 13:53:31] [0000.381] I> Loading partition bpmp-fw at 0xd7800000
[2022-03-13 13:53:31] [0000.386] I> Reading two headers - addr:0xd7800000 blocks:1
[2022-03-13 13:53:31] [0000.391] I> Addr: 0xd7800000, start-block: 58777608, num_blocks: 1
[2022-03-13 13:53:31] [0000.416] I> Binary(16) of size 534416 is loaded @ 0xd7800000
[2022-03-13 13:53:31] [0000.422] W> No valid slot number is found in scratch register
[2022-03-13 13:53:31] [0000.428] W> Return default slot: _a
[2022-03-13 13:53:31] [0000.431] I> A/B: bin_type (17) slot 0
[2022-03-13 13:53:31] [0000.435] I> Loading partition bpmp-fw-dtb at 0xd79f0000
[2022-03-13 13:53:31] [0000.440] I> Reading two headers - addr:0xd79f0000 blocks:1
[2022-03-13 13:53:31] [0000.445] I> Addr: 0xd79f0000, start-block: 58780024, num_blocks: 1
[2022-03-13 13:53:31] [0000.471] I> Binary(17) of size 604720 is loaded @ 0xd796c400
[2022-03-13 13:53:31] [0000.701] I> Loading SCE-FW ...
[2022-03-13 13:53:31] [0000.704] W> No valid slot number is found in scratch register
[2022-03-13 13:53:31] [0000.710] W> Return default slot: _a
[2022-03-13 13:53:31] [0000.713] I> A/B: bin_type (12) slot 0
[2022-03-13 13:53:31] [0000.717] I> Loading partition sce-fw at 0xd7300000
[2022-03-13 13:53:31] [0000.721] I> Reading two headers - addr:0xd7300000 blocks:1
[2022-03-13 13:53:31] [0000.727] I> Addr: 0xd7300000, start-block: 58784120, num_blocks: 1
[2022-03-13 13:53:32] [0000.746] I> Binary(12) of size 125632 is loaded @ 0xd7300000
[2022-03-13 13:53:32] [0000.752] I> Init SCE
[2022-03-13 13:53:32] [0000.754] I> Loading APE-FW ...
[2022-03-13 13:53:32] [0000.757] W> No valid slot number is found in scratch register
[2022-03-13 13:53:32] [0000.763] W> Return default slot: _a
[2022-03-13 13:53:32] [0000.766] I> A/B: bin_type (11) slot 0
[2022-03-13 13:53:32] [0000.770] I> Loading partition adsp-fw at 0xd7400000
[2022-03-13 13:53:32] [0000.775] I> Reading two headers - addr:0xd7400000 blocks:1
[2022-03-13 13:53:32] [0000.780] I> Addr: 0xd7400000, start-block: 58761224, num_blocks: 1
[2022-03-13 13:53:32] [0000.799] I> Binary(11) of size 77216 is loaded @ 0xd7400000
[2022-03-13 13:53:32] [0000.805] I> Copy BTCM section
[2022-03-13 13:53:32] [0000.808] W> No valid slot number is found in scratch register
[2022-03-13 13:53:32] [0000.813] W> Return default slot: _a
[2022-03-13 13:53:32] [0000.817] I> A/B: bin_type (13) slot 0
[2022-03-13 13:53:32] [0000.820] I> Loading partition cpu-bootloader at 0x96000000
[2022-03-13 13:53:32] [0000.826] I> Reading two headers - addr:0x96000000 blocks:1
[2022-03-13 13:53:32] [0000.831] I> Addr: 0x96000000, start-block: 58740744, num_blocks: 1
[2022-03-13 13:53:32] [0000.852] I> Binary(13) of size 308800 is loaded @ 0x96000000
[2022-03-13 13:53:32] [0000.858] W> No valid slot number is found in scratch register
[2022-03-13 13:53:32] [0000.864] W> Return default slot: _a
[2022-03-13 13:53:32] [0000.867] I> A/B: bin_type (20) slot 0
[2022-03-13 13:53:32] [0000.871] I> Loading partition bootloader-dtb at 0x85205400
[2022-03-13 13:53:32] [0000.876] I> Reading two headers - addr:0x85205400 blocks:1
[2022-03-13 13:53:32] [0000.882] I> Addr: 0x85205400, start-block: 58742792, num_blocks: 1
[2022-03-13 13:53:32] [0000.903] I> Binary(20) of size 375568 is loaded @ 0x85205400
[2022-03-13 13:53:32] [0000.909] W> No valid slot number is found in scratch register
[2022-03-13 13:53:32] [0000.915] W> Return default slot: _a
[2022-03-13 13:53:32] [0000.918] I> A/B: bin_type (14) slot 0
[2022-03-13 13:53:32] [0000.922] I> Loading partition secure-os at 0x85305600
[2022-03-13 13:53:32] [0000.927] I> Reading two headers - addr:0x85305600 blocks:1
[2022-03-13 13:53:32] [0000.932] I> Addr: 0x85305600, start-block: 58744840, num_blocks: 1
[2022-03-13 13:53:32] [0000.955] I> Binary(14) of size 402864 is loaded @ 0x85305600
[2022-03-13 13:53:32] [0000.962] I> TOS boot-params @ 0x85000000
[2022-03-13 13:53:32] [0000.966] I> TOS params prepared
[2022-03-13 13:53:32] [0000.969] I> Loading EKS ...
[2022-03-13 13:53:32] [0000.972] I> A/B: bin_type (15) slot 0
[2022-03-13 13:53:32] [0000.975] I> Loading partition eks at 0x85905800
[2022-03-13 13:53:32] [0000.980] I> Reading two headers - addr:0x85905800 blocks:1
[2022-03-13 13:53:32] [0000.985] I> Addr: 0x85905800, start-block: 58757128, num_blocks: 1
[2022-03-13 13:53:32] [0001.004] I> Binary(15) of size 1040 is loaded @ 0x85905800
[2022-03-13 13:53:32] [0001.010] I> EKB detected (length: 0x400) @ 0x85905800
[2022-03-13 13:53:32] [0001.015] I> Copied encrypted keys
[2022-03-13 13:53:32] [0001.018] I> boot profiler @ 0x275844000
[2022-03-13 13:53:32] [0001.022] I> boot profiler for TOS @ 0x275844000
[2022-03-13 13:53:32] [0001.027] I> Unhalting SCE
[2022-03-13 13:53:32] [0001.030] I> Primary Memory Start:80000000 Size:70000000
[2022-03-13 13:53:32] [0001.035] I> Extended Memory Start:f0110000 Size:1856f0000
[2022-03-13 13:53:32] [0001.042] I> MB2(TBoot-BPMP) done
[2022-03-13 13:53:32] 
[2022-03-13 13:53:32] NOTICE:  BL31: v1.3(release):b5eeb33f7
[2022-03-13 13:53:32] NOTICE:  BL31: Built : 12:15:17, Jul 26 2021
[2022-03-13 13:53:32] ipc-unittest-main: 1519: Welcome to IPC unittest!!!
[2022-03-13 13:53:32] ipc-unittest-main: 1531: waiting forever
[2022-03-13 13:53:32] ipc-unittest-srv: 329: Init unittest services!!!
[2022-03-13 13:53:32] hwkey-agent: 41: hwkey-agent is running!!
[2022-03-13 13:53:32] hwkey-agent: 315: key_mgnt_processing .......
[2022-03-13 13:53:32] hwkey-agent: 223: Setting EKB key 0 to slot 14
[2022-03-13 13:53:32] hwkey-agent: 178: Init hweky-agent services!!
[2022-03-13 13:53:32] luks-srv: 40: luks-srv is running!!
[2022-03-13 13:53:32] luks-srv: 157: Init luks-srv IPC services!!
[2022-03-13 13:53:32] platform_bootstrap_epilog: trusty bootstrap complete
[2022-03-13 13:53:32] [0001.414] I> Welcome to Cboot
[2022-03-13 13:53:32] [0001.417] I> Cboot Version: t186-00029e71
[2022-03-13 13:53:32] [0001.421] I> CPU-BL Params @ 0x275800000
[2022-03-13 13:53:32] [0001.425] I>  0) Base:0x00000000 Size:0x00000000
[2022-03-13 13:53:32] [0001.429] I>  1) Base:0x277f00000 Size:0x00100000
[2022-03-13 13:53:32] [0001.434] I>  2) Base:0x277e00000 Size:0x00100000
[2022-03-13 13:53:32] [0001.438] I>  3) Base:0x277d00000 Size:0x00100000
[2022-03-13 13:53:32] [0001.443] I>  4) Base:0x277c00000 Size:0x00100000
[2022-03-13 13:53:32] [0001.447] I>  5) Base:0x277b00000 Size:0x00100000
[2022-03-13 13:53:32] [0001.452] I>  6) Base:0x277800000 Size:0x00200000
[2022-03-13 13:53:32] [0001.456] I>  7) Base:0x277400000 Size:0x00400000
[2022-03-13 13:53:32] [0001.461] I>  8) Base:0x277a00000 Size:0x00100000
[2022-03-13 13:53:32] [0001.465] I>  9) Base:0x277300000 Size:0x00100000
[2022-03-13 13:53:32] [0001.470] I> 10) Base:0x276800000 Size:0x00800000
[2022-03-13 13:53:32] [0001.474] I> 11) Base:0x30000000 Size:0x00040000
[2022-03-13 13:53:32] [0001.479] I> 12) Base:0xf0000000 Size:0x00100000
[2022-03-13 13:53:32] [0001.483] I> 13) Base:0x30040000 Size:0x00001000
[2022-03-13 13:53:32] [0001.487] I> 14) Base:0x30048000 Size:0x00001000
[2022-03-13 13:53:32] [0001.492] I> 15) Base:0x30049000 Size:0x00001000
[2022-03-13 13:53:32] [0001.496] I> 16) Base:0x3004a000 Size:0x00001000
[2022-03-13 13:53:32] [0001.501] I> 17) Base:0x3004b000 Size:0x00001000
[2022-03-13 13:53:32] [0001.505] I> 18) Base:0x3004c000 Size:0x00001000
[2022-03-13 13:53:32] [0001.510] I> 19) Base:0x3004d000 Size:0x00001000
[2022-03-13 13:53:32] [0001.514] I> 20) Base:0x3004e000 Size:0x00001000
[2022-03-13 13:53:32] [0001.518] I> 21) Base:0x3004f000 Size:0x00001000
[2022-03-13 13:53:32] [0001.523] I> 22) Base:0x00000000 Size:0x00000000
[2022-03-13 13:53:32] [0001.527] I> 23) Base:0xf0100000 Size:0x00010000
[2022-03-13 13:53:32] [0001.532] I> 24) Base:0x00000000 Size:0x00000000
[2022-03-13 13:53:32] [0001.536] I> 25) Base:0x00000000 Size:0x00000000
[2022-03-13 13:53:32] [0001.541] I> 26) Base:0x00000000 Size:0x00000000
[2022-03-13 13:53:32] [0001.545] I> 27) Base:0x00000000 Size:0x00000000
[2022-03-13 13:53:32] [0001.550] I> 28) Base:0x84400000 Size:0x00400000
[2022-03-13 13:53:32] [0001.554] I> 29) Base:0x30000000 Size:0x00010000
[2022-03-13 13:53:32] [0001.558] I> 30) Base:0x278000000 Size:0x08000000
[2022-03-13 13:53:32] [0001.563] I> 31) Base:0x00000000 Size:0x00000000
[2022-03-13 13:53:32] [0001.567] I> 32) Base:0x276000000 Size:0x00600000
[2022-03-13 13:53:32] [0001.572] I> 33) Base:0x80000000 Size:0x70000000
[2022-03-13 13:53:32] [0001.576] I> 34) Base:0xf0110000 Size:0x1856f0000
[2022-03-13 13:53:32] [0001.581] I> 35) Base:0x00000000 Size:0x00000000
[2022-03-13 13:53:32] [0001.585] I> 36) Base:0x00000000 Size:0x00000000
[2022-03-13 13:53:32] [0001.590] I> 37) Base:0x2772e0000 Size:0x00020000
[2022-03-13 13:53:32] [0001.594] I> 38) Base:0x84000000 Size:0x00400000
[2022-03-13 13:53:32] [0001.599] I> 39) Base:0x96000000 Size:0x02000000
[2022-03-13 13:53:32] [0001.603] I> 40) Base:0x85000000 Size:0x01200000
[2022-03-13 13:53:32] [0001.607] I> 41) Base:0x275800000 Size:0x00500000
[2022-03-13 13:53:32] [0001.612] I> 42) Base:0x00000000 Size:0x00000000
[2022-03-13 13:53:32] [0001.616] I> 43) Base:0x00000000 Size:0x00000000
[2022-03-13 13:53:32] [0001.621] GIC-SPI Target CPU: 4
[2022-03-13 13:53:32] [0001.624] Interrupts Init done
[2022-03-13 13:53:32] [0001.627] calling constructors
[2022-03-13 13:53:32] [0001.631] initializing heap
[2022-03-13 13:53:32] [0001.633] initializing threads
[2022-03-13 13:53:32] [0001.636] initializing timers
[2022-03-13 13:53:32] [0001.640] creating bootstrap completion thread
[2022-03-13 13:53:32] [0001.644] top of bootstrap2()
[2022-03-13 13:53:32] [0001.647] CPU: ARM Cortex A57
[2022-03-13 13:53:32] [0001.650] CPU: MIDR: 0x411FD073, MPIDR: 0x80000100
[2022-03-13 13:53:32] [0001.656] initializing platform
[2022-03-13 13:53:32] [0001.659] I> Bl_dtb @0x85205400
[2022-03-13 13:53:32] [0001.662] I> gpio framework initialized
[2022-03-13 13:53:32] [0001.668] I> tegrabl_gpio_driver_register: register 'nvidia,tegra186-gpio' driver
[2022-03-13 13:53:32] [0001.678] I> tegrabl_gpio_driver_register: register 'nvidia,tegra186-gpio-aon' driver
[2022-03-13 13:53:32] [0001.686] I> GPIO framework and drivers are initialized.
[2022-03-13 13:53:32] [0001.691] I> Boot-device: eMMC
[2022-03-13 13:53:32] [0001.698] I> sdmmc bdev is already initialized
[2022-03-13 13:53:32] [0001.729] I> Found 19 partitions in SDMMC_BOOT (instance 3)
[2022-03-13 13:53:33] [0001.747] I> Found 33 partitions in SDMMC_USER (instance 3)
[2022-03-13 13:53:33] [0001.752] W> opt-in fuse is not set, skip fuse_burning
[2022-03-13 13:53:33] [0001.757] I> Reserved memory at 0xfbe00000 for U-Boot relocation
[2022-03-13 13:53:33] [0001.763] W> No valid slot number is found in scratch register
[2022-03-13 13:53:33] [0001.769] W> Return default slot: _a
[2022-03-13 13:53:33] [0001.778] I> A/B: bin_type (21) slot 0
[2022-03-13 13:53:33] [0001.782] I> Loading kernel-dtb from partition
[2022-03-13 13:53:33] [0001.786] I> Loading partition kernel-dtb at 0x80000000 from device(0x1)
[2022-03-13 13:53:33] [0001.803] I> Kernel_dtb @0x80000000
[2022-03-13 13:53:33] [0001.806] I> tegrabl_tca9539_init: i2c bus: 0, slave addr: 0xee
[2022-03-13 13:53:33] [0001.817] I> tegrabl_gpio_driver_register: register 'tca9539_gpio_driver' driver
[2022-03-13 13:53:33] [0001.824] I> tegrabl_tca9539_init: i2c bus: 0, slave addr: 0xe8
[2022-03-13 13:53:33] [0001.833] I> tegrabl_gpio_driver_register: register 'tca9539_gpio_driver' driver
[2022-03-13 13:53:33] [0001.843] I> fixed regulator driver initialized
[2022-03-13 13:53:33] [0001.877] I> register 'maxim' power off handle
[2022-03-13 13:53:33] [0001.883] I> virtual i2c enabled
[2022-03-13 13:53:33] [0001.886] I> registered 'maxim,max77620' pmic
[2022-03-13 13:53:33] [0001.890] I> tegrabl_gpio_driver_register: register 'max77620-gpio' driver
[2022-03-13 13:53:33] [0001.904] E> failed to read label property for node 324936: 13
[2022-03-13 13:53:33] [0001.912] E> failed to read reg property for node 325032: 13
[2022-03-13 13:53:33] [0001.921] E> failed to read reg property for node 325084: 13
[2022-03-13 13:53:33] [0001.929] E> failed to read label property for node 325168: 13
[2022-03-13 13:53:33] [0001.937] E> failed to read label property for node 325236: 13
[2022-03-13 13:53:33] [0001.946] E> failed to read reg property for node 325304: 13
[2022-03-13 13:53:33] [0001.954] E> failed to read reg property for node 325376: 13
[2022-03-13 13:53:33] [0001.964] I> Find /i2c@c250000's alias i2c7
[2022-03-13 13:53:33] [0001.968] I> Reading eeprom i2c=7 address=0x50
[2022-03-13 13:53:33] [0001.998] I> Device at /i2c@c250000:0x50
[2022-03-13 13:53:33] [0002.001] I> Reading eeprom i2c=7 address=0x57
[2022-03-13 13:53:33] [0002.030] I> Device at /i2c@c250000:0x57
[2022-03-13 13:53:33] [0002.035] I> Find /i2c@c240000's alias i2c1
[2022-03-13 13:53:33] [0002.039] I> Reading eeprom i2c=1 address=0x51
[2022-03-13 13:53:33] [0002.044] E> I2C: slave not found in slaves.
[2022-03-13 13:53:33] [0002.048] E> I2C: Could not write 0 bytes to slave: 0x00a2 with repeat start true.
[2022-03-13 13:53:33] [0002.055] E> I2C_DEV: Failed to send register address 0x00000000.
[2022-03-13 13:53:33] [0002.061] E> I2C_DEV: Could not read 256 registers of size 1 from slave 0xa2 at 0x00000000 via instance 1.
[2022-03-13 13:53:33] [0002.071] E> eeprom: Retry to read I2C slave device.
[2022-03-13 13:53:33] [0002.076] E> I2C: slave not found in slaves.
[2022-03-13 13:53:33] [0002.080] E> I2C: Could not write 0 bytes to slave: 0x00a2 with repeat start true.
[2022-03-13 13:53:33] [0002.088] E> I2C_DEV: Failed to send register address 0x00000000.
[2022-03-13 13:53:33] [0002.093] E> I2C_DEV: Could not read 256 registers of size 1 from slave 0xa2 at 0x00000000 via instance 1.
[2022-03-13 13:53:33] [0002.103] E> eeprom: Failed to read I2C slave device
[2022-03-13 13:53:33] [0002.108] I> Eeprom read failed 0x3526070d
[2022-03-13 13:53:33] [0002.112] I> Find /i2c@3160000's alias i2c0
[2022-03-13 13:53:33] [0002.116] I> Reading eeprom i2c=0 address=0x50
[2022-03-13 13:53:33] [0002.121] E> I2C: slave not found in slaves.
[2022-03-13 13:53:33] [0002.125] E> I2C: Could not write 0 bytes to slave: 0x00a0 with repeat start true.
[2022-03-13 13:53:33] [0002.132] E> I2C_DEV: Failed to send register address 0x00000000.
[2022-03-13 13:53:33] [0002.138] E> I2C_DEV: Could not read 256 registers of size 1 from slave 0xa0 at 0x00000000 via instance 0.
[2022-03-13 13:53:33] [0002.148] E> eeprom: Failed to read I2C slave device
[2022-03-13 13:53:33] [0002.153] I> Eeprom read failed 0x3526070d
[2022-03-13 13:53:33] [0002.157] I> Find /i2c@3180000's alias i2c2
[2022-03-13 13:53:33] [0002.161] I> Reading eeprom i2c=2 address=0x54
[2022-03-13 13:53:33] [0002.166] I> Enabling gpio chip_id = 2, gpio pin = 9
[2022-03-13 13:53:33] [0002.196] I> Disabling gpio chip_id = 2, gpio pin = 9
[2022-03-13 13:53:33] [0002.201] I> Device at /i2c@3180000:0x54
[2022-03-13 13:53:33] [0002.205] I> Reading eeprom i2c=2 address=0x57
[2022-03-13 13:53:33] [0002.209] I> Enabling gpio chip_id = 2, gpio pin = 9
[2022-03-13 13:53:33] [0002.215] E> I2C: slave not found in slaves.
[2022-03-13 13:53:33] [0002.219] E> I2C: Could not write 0 bytes to slave: 0x00ae with repeat start true.
[2022-03-13 13:53:33] [0002.227] E> I2C_DEV: Failed to send register address 0x00000000.
[2022-03-13 13:53:33] [0002.233] E> I2C_DEV: Could not read 256 registers of size 1 from slave 0xae at 0x00000000 via instance 2.
[2022-03-13 13:53:33] [0002.242] E> eeprom: Failed to read I2C slave device
[2022-03-13 13:53:33] [0002.247] I> Disabling gpio chip_id = 2, gpio pin = 9
[2022-03-13 13:53:33] [0002.252] I> Eeprom read failed 0x00000000
[2022-03-13 13:53:33] [0002.256] I> create_pm_ids: id: 3310-1000-D00-L, len: 15
[2022-03-13 13:53:33] [0002.261] I> config: mem-type:00,power-config:00,misc-config:00,modem-config:00,touch-config:00,display-config:00,, len: 93
[2022-03-13 13:53:33] [0002.272] I> create_pm_ids: id: 2597-0000-900-E, len: 15
[2022-03-13 13:53:33] [0002.277] I> config: mem-type:00,power-config:00,misc-config:00,modem-config:00,touch-config:00,display-config:00,, len: 93
[2022-03-13 13:53:33] [0002.288] I> create_pm_ids: id: 3326-1000-000-M, len: 15
[2022-03-13 13:53:33] [0002.293] I> config: mem-type:ff,power-config:ff,misc-config:ff,modem-config:ff,touch-config:ff,display-config:ff,, len: 93
[2022-03-13 13:53:33] [0002.328] I> enabling 'vdd-hdmi' regulator
[2022-03-13 13:53:33] [0002.344] I> regulator 'vdd-hdmi' already enabled
[2022-03-13 13:53:33] [0002.349] E> tegrabl_display_init_regulator: hdmi cable is not connected
[2022-03-13 13:53:33] [0002.355] E> tegrabl_display_get_pdata, failed to parse dtb settings
[2022-03-13 13:53:33] [0002.364] E> cannot find any other nvdisp nodes
[2022-03-13 13:53:33] [0002.368] E> no valid display unit config found in dtb
[2022-03-13 13:53:33] [0002.374] W> display init failed
[2022-03-13 13:53:33] [0002.377] initializing target
[2022-03-13 13:53:33] [0002.380] calling apps_init()
[2022-03-13 13:53:33] [0002.383] starting app kernel_boot_app
[2022-03-13 13:53:33] [0002.406] I> found decompressor handler: lz4-legacy
[2022-03-13 13:53:33] [0002.410] I> decompressing BMP blob ...
[2022-03-13 13:53:33] [0002.422] I> Kernel type = Normal
[2022-03-13 13:53:33] [0002.426] I> ########## Fixed storage boot ##########
[2022-03-13 13:53:33] [0002.430] I> Loading kernel-bootctrl from partition
[2022-03-13 13:53:33] [0002.435] I> Loading partition kernel-bootctrl at 0xa8000000 from device(0x1)
[2022-03-13 13:53:33] [0002.449] W> tegrabl_get_kernel_bootctrl: magic number(0x00000000) is invalid
[2022-03-13 13:53:33] [0002.456] W> tegrabl_get_kernel_bootctrl: use default dummy boot control data
[2022-03-13 13:53:33] [0002.463] W> No valid slot number is found in scratch register
[2022-03-13 13:53:33] [0002.469] W> Return default slot: _a
[2022-03-13 13:53:33] [0002.472] I> A/B: bin_type (24) slot 0
[2022-03-13 13:53:33] [0002.488] I> Boot image size read from image header: 9913d
[2022-03-13 13:53:33] [0002.493] I> Boot image load address: 0x80400000
[2022-03-13 13:53:33] [0002.498] I> Loading kernel from partition
[2022-03-13 13:53:33] [0002.501] I> Loading partition kernel at 0x80400000 from device(0x1)
[2022-03-13 13:53:34] [0003.444] I> Validate kernel ...
[2022-03-13 13:53:34] [0003.447] I> T18x: Authenticate kernel (bin_type 24), max size 0x4000000
[2022-03-13 13:53:34] [0003.455] I> Decrypt the buffer ... [0003.458] W> tegrabl_decrypt_block: fuse (0x0) is not burnt to do encryption (0x4); skip decryption.
[2022-03-13 13:53:34] [0003.467] I> done
[2022-03-13 13:53:34] [0003.469] I> Checking boot.img header magic ... [0003.473] I> [OK]
[2022-03-13 13:53:34] [0003.475] I> kernel-dtb is already loaded
[2022-03-13 13:53:34] [0003.479] I> Validate kernel-dtb ...
[2022-03-13 13:53:34] [0003.482] I> T18x: Authenticate kernel-dtb (bin_type 21), max size 0x100000
[2022-03-13 13:53:34] [0003.490] I> Decrypt the buffer ... [0003.493] W> tegrabl_decrypt_block: fuse (0x0) is not burnt to do encryption (0x4); skip decryption.
[2022-03-13 13:53:34] [0003.502] I> done
[2022-03-13 13:53:34] [0003.503] I> Kernel hdr @0x80400000
[2022-03-13 13:53:34] [0003.507] I> Kernel dtb @0x80000000
[2022-03-13 13:53:34] [0003.510] I> decompressor handler not found
[2022-03-13 13:53:34] [0003.514] I> Copying kernel image (627005 bytes) from 0x80400800 to 0x80600000 ... [0003.522] I> Done
[2022-03-13 13:53:34] [0003.523] I> Move ramdisk (len: 0) from 0x8049a000 to 0x947d0000
[2022-03-13 13:53:34] [0003.531] I> Updated bpmp info to DTB
[2022-03-13 13:53:34] [0003.537] I> Ramdisk: Base: 0x947d0000; Size: 0x0
[2022-03-13 13:53:34] [0003.542] I> Updated initrd info to DTB
[2022-03-13 13:53:34] [0003.545] W> WARN: Fail to override "console=none" in commandline
[2022-03-13 13:53:34] [0003.551] I> Active rootfs suffix: 
[2022-03-13 13:53:34] [0003.554] E> tegrabl_linuxboot_add_disp_param, du 0 failed to get display params
[2022-03-13 13:53:34] [0003.562] E> tegrabl_linuxboot_add_disp_param, du 0 failed to get display params
[2022-03-13 13:53:34] [0003.569] E> tegrabl_linuxboot_add_disp_param, du 0 failed to get display params
[2022-03-13 13:53:34] [0003.576] I> disabled_core_mask: 0xffffff0c
[2022-03-13 13:53:34] [0003.580] W> No valid slot number is found in scratch register
[2022-03-13 13:53:34] [0003.586] W> Return default slot: _a
[2022-03-13 13:53:34] [0003.589] I> Active slot suffix: 
[2022-03-13 13:53:34] [0003.592] I> add_boot_slot_suffix: slot_suffix = 
[2022-03-13 13:53:34] [0003.597] I> Linux Cmdline: console=ttyS0,115200 androidboot.presilicon=true firmware_class.path=/etc/firmware root=/dev/mmcblk0p1 rw rootwait rootfstype=ext4 console=ttyS0,115200n8 console=tty0 fbcon=map:0 net.ifnames=0 isolcpus=1-2  video=tegrafb earlycon=uart8250,mmio32,0x3100000 nvdumper_reserved=0x2772e0000 gpt rootfs.slot_suffix= usbcore.old_scheme_first=1 tegraid=18.1.2.0.0 maxcpus=6 no_console_suspend boot.slot_suffix= boot.ratchetvalues=0.2031647.1 vpr_resize bl_prof_dataptr=0x10000@0x275840000 sdhci_tegra.en_boot_part_access=1 
[2022-03-13 13:53:34] [0003.644] I> Updated bootarg info to DTB
[2022-03-13 13:53:34] [0003.648] I> eeprom_get_mac_addr: MAC (type: 0): 48:b0:2d:0f:11:c5
[2022-03-13 13:53:34] [0003.654] I> eeprom_get_mac_addr: MAC (type: 1): 48:b0:2d:0f:11:c6
[2022-03-13 13:53:34] [0003.661] I> eeprom_get_mac_addr: MAC (type: 2): 48:b0:2d:0f:11:c7
[2022-03-13 13:53:34] [0003.667] E> Found no plugin manager ids in source DT
[2022-03-13 13:53:34] [0003.672] W> Add plugin manager ids from board info
[2022-03-13 13:53:34] [0003.676] W> "plugin-manager" doesn't exist, creating
[2022-03-13 13:53:34] [0003.681] W> "ids" doesn't exist, creating
[2022-03-13 13:53:34] [0003.685] W> "connection" doesn't exist, creating
[2022-03-13 13:53:34] [0003.690] W> "configs" doesn't exist, creating
[2022-03-13 13:53:34] [0003.694] I> create_pm_ids: id: 3310-1000-D00-L, len: 15
[2022-03-13 13:53:34] [0003.699] I> config: mem-type:00,power-config:00,misc-config:00,modem-config:00,touch-config:00,display-config:00,, len: 93
[2022-03-13 13:53:34] [0003.710] I> create_pm_ids: id: 2597-0000-900-E, len: 15
[2022-03-13 13:53:34] [0003.715] I> config: mem-type:00,power-config:00,misc-config:00,modem-config:00,touch-config:00,display-config:00,, len: 93
[2022-03-13 13:53:34] [0003.726] I> create_pm_ids: id: 3326-1000-000-M, len: 15
[2022-03-13 13:53:34] [0003.731] I> config: mem-type:ff,power-config:ff,misc-config:ff,modem-config:ff,touch-config:ff,display-config:ff,, len: 93
[2022-03-13 13:53:35] [0003.742] I> Adding plugin-manager/ids/3310-1000-D00=/i2c@c250000:module@0x50
[2022-03-13 13:53:35] [0003.750] W> "i2c@c250000" doesn't exist, creating
[2022-03-13 13:53:35] [0003.754] W> "module@0x50" doesn't exist, creating
[2022-03-13 13:53:35] [0003.759] I> Adding plugin-manager/ids/2597-0000-900=/i2c@c250000:module@0x57
[2022-03-13 13:53:35] [0003.767] W> "module@0x57" doesn't exist, creating
[2022-03-13 13:53:35] [0003.771] I> Adding plugin-manager/ids/3326-1000-000=/i2c@3180000:module@0x54
[2022-03-13 13:53:35] [0003.779] W> "i2c@3180000" doesn't exist, creating
[2022-03-13 13:53:35] [0003.783] W> "module@0x54" doesn't exist, creating
[2022-03-13 13:53:35] [0003.790] I> Adding plugin-manager/ids/3310-1000-D00-L
[2022-03-13 13:53:35] [0003.797] I> Adding plugin-manager/configs/3310-mem-type 00
[2022-03-13 13:53:35] [0003.803] I> Adding plugin-manager/configs/3310-power-config 00
[2022-03-13 13:53:35] [0003.809] I> Adding plugin-manager/configs/3310-misc-config 00
[2022-03-13 13:53:35] [0003.815] I> Adding plugin-manager/configs/3310-modem-config 00
[2022-03-13 13:53:35] [0003.821] I> Adding plugin-manager/configs/3310-touch-config 00
[2022-03-13 13:53:35] [0003.827] I> Adding plugin-manager/configs/3310-display-config 00
[2022-03-13 13:53:35] [0003.833] I> Adding plugin-manager/cvm
[2022-03-13 13:53:35] [0003.837] W> "chip-id" doesn't exist, creating
[2022-03-13 13:53:35] [0003.841] I> Adding plugin-manager/chip-id/A02P
[2022-03-13 13:53:35] [0003.846] W> "odm-data" doesn't exist, creating
[2022-03-13 13:53:35] [0003.850] I> Adding /chosen/plugin-manager/odm-data
[2022-03-13 13:53:35] [0003.860] I> added [base:0x80000000, size:0x70000000] to /memory
[2022-03-13 13:53:35] [0003.866] I> added [base:0xf0200000, size:0x185600000] to /memory
[2022-03-13 13:53:35] [0003.872] I> added [base:0x275e00000, size:0x200000] to /memory
[2022-03-13 13:53:35] [0003.877] I> added [base:0x276600000, size:0x200000] to /memory
[2022-03-13 13:53:35] [0003.883] I> added [base:0x277000000, size:0x200000] to /memory
[2022-03-13 13:53:35] [0003.889] I> Updated memory info to DTB
[2022-03-13 13:53:35] [0003.894] E> add_disp_param: failed to get display params for du=0
[2022-03-13 13:53:35] [0003.901] W> "reset" doesn't exist, creating
[2022-03-13 13:53:35] [0003.905] W> "pmc-reset-reason" doesn't exist, creating
[2022-03-13 13:53:35] [0003.911] W> "pmic-reset-reason" doesn't exist, creating
[2022-03-13 13:53:35] [0003.917] I> Adding ecid(00000001646db7851000000013038200) to DT
[2022-03-13 13:53:35] [0003.923] I> disabled_core_mask: 0xffffff0c
[2022-03-13 13:53:35] [0003.936] I> Add serial number:1422420022173 as DT property
[2022-03-13 13:53:35] [0003.945] I> Plugin-manager override starting
[2022-03-13 13:53:35] [0003.951] I> node /plugin-manager/fragement@0 matches
[2022-03-13 13:53:35] [0003.961] I> node /plugin-manager/fragement@4 matches
[2022-03-13 13:53:35] [0003.974] I> node /plugin-manager/fragment-sdwake-p3310-1000-300 matches
[2022-03-13 13:53:35] [0003.994] I> node /plugin-manager/fragement-pmon-p3310-1000-300 matches
[2022-03-13 13:53:35] [0004.003] I> node /plugin-manager/fragement-pmon-p3310-1000-800 matches
[2022-03-13 13:53:35] [0004.012] I> node /plugin-manager/fragment-devslp@0 matches
[2022-03-13 13:53:35] [0004.025] I> node /plugin-manager/fragment-500-pcie-config matches
[2022-03-13 13:53:35] [0004.040] I> node /plugin-manager/fragment-500-xusb-config matches
[2022-03-13 13:53:35] [0004.063] I> node /plugin-manager/fragment-p3310-c00-comm matches
[2022-03-13 13:53:35] [0004.076] I> node /plugin-manager/fragment-p3310-c00-pmic matches
[2022-03-13 13:53:35] [0004.087] I> node /plugin-manager/fragment-p3310-c01 matches
[2022-03-13 13:53:35] [0004.100] I> node /plugin-manager/fragment-p3310-c03 matches
[2022-03-13 13:53:35] [0004.143] I> node /plugin-manager/fragment-e3326@0 matches
[2022-03-13 13:53:35] [0004.225] I> node /plugin-manager/fragment-p3310-c00-camera matches
[2022-03-13 13:53:35] [0004.252] I> Disable plugin-manager status in FDT
[2022-03-13 13:53:35] [0004.256] I> Plugin-manager override finished successfully
[2022-03-13 13:53:35] [0004.262] I> tegrabl_load_kernel_and_dtb: Done
[2022-03-13 13:53:35] [0004.266] E> tegrabl_display_clear: display is not initialized
[2022-03-13 13:53:35] [0004.272] W> Boot logo display failed...
[2022-03-13 13:53:35] [0004.275] I> Kernel EP: 0x80600000, DTB: 0x80000000
[2022-03-13 13:53:35] 
[2022-03-13 13:53:35] 
[2022-03-13 13:53:35] U-Boot 2020.04-g46e4604c78 (Jul 26 2021 - 12:10:58 -0700)
[2022-03-13 13:53:35] 
[2022-03-13 13:53:35] SoC: tegra186
[2022-03-13 13:53:35] Model: NVIDIA P2771-0000-500
[2022-03-13 13:53:35] Board: NVIDIA P2771-0000
[2022-03-13 13:53:35] DRAM:  7.8 GiB
[2022-03-13 13:53:35] MMC:   sdhci@3400000: 1, sdhci@3460000: 0
[2022-03-13 13:53:35] Loading Environment from MMC... *** Warning - bad CRC, using default environment
[2022-03-13 13:53:35] 
[2022-03-13 13:53:35] In:    serial
[2022-03-13 13:53:35] Out:   serial
[2022-03-13 13:53:35] Err:   serial
[2022-03-13 13:53:35] Net:   
[2022-03-13 13:53:35] Warning: ethernet@2490000 using MAC address from ROM
[2022-03-13 13:53:35] eth0: ethernet@2490000
[2022-03-13 13:53:35] Hit any key to stop autoboot:  2  1  0 
[2022-03-13 13:53:37] MMC: no card present
[2022-03-13 13:53:37] switch to partitions #0, OK
[2022-03-13 13:53:37] mmc0(part 0) is current device
[2022-03-13 13:53:38] Scanning mmc 0:1...
[2022-03-13 13:53:38] Found /boot/extlinux/extlinux.conf
[2022-03-13 13:53:38] Retrieving file: /boot/extlinux/extlinux.conf
[2022-03-13 13:53:38] 858 bytes read in 23 ms (36.1 KiB/s)
[2022-03-13 13:53:38] 1:	primary kernel
[2022-03-13 13:53:38] Retrieving file: /boot/initrd
[2022-03-13 13:53:38] 7238344 bytes read in 201 ms (34.3 MiB/s)
[2022-03-13 13:53:38] Retrieving file: /boot/Image
[2022-03-13 13:53:39] 34484232 bytes read in 829 ms (39.7 MiB/s)
[2022-03-13 13:53:39] append: console=ttyS0,115200 androidboot.presilicon=true firmware_class.path=/etc/firmware root=/dev/mmcblk0p1 rw rootwait rootfstype=ext4 console=ttyS0,115200n8 console=tty0 fbcon=map:0 net.ifnames=0 isolcpus=1-2  video=tegrafb earlycon=uart8250,mmio32,0x3100000 nvdumper_reserved=0x2772e0000 gpt rootfs.slot_suffix= usbcore.old_scheme_first=1 tegraid=18.1.2.0.0 maxcpus=6 no_console_suspend boot.slot_suffix= boot.ratchetvalues=0.2031647.1 vpr_resize bl_prof_dataptr=0x10000@0x275840000 sdhci_tegra.en_boot_part_access=1 quiet root=/dev/mmcblk0p1 rw rootwait rootfstype=ext4 console=ttyS0,115200n8 console=tty0 fbcon=map:0 net.ifnames=0 isolcpus=1-2 
[2022-03-13 13:53:39] ## Flattened Device Tree blob at 80000000
[2022-03-13 13:53:39]    Booting using the fdt blob at 0x80000000
[2022-03-13 13:53:39] ERROR: reserving fdt memory region failed (addr=0 size=0)
[2022-03-13 13:53:39] ERROR: reserving fdt memory region failed (addr=0 size=0)
[2022-03-13 13:53:39] ERROR: reserving fdt memory region failed (addr=0 size=0)
[2022-03-13 13:53:39]    Using Device Tree in place at 0000000080000000, end 0000000080060aa3
[2022-03-13 13:53:39] copying carveout for /host1x@13e00000/display-hub@15200000/display@15200000...
[2022-03-13 13:53:39] copying carveout for /host1x@13e00000/display-hub@15200000/display@15210000...
[2022-03-13 13:53:39] copying carveout for /host1x@13e00000/display-hub@15200000/display@15220000...
[2022-03-13 13:53:39] 
[2022-03-13 13:53:39] Starting kernel ...
[2022-03-13 13:53:39] 
[2022-03-13 13:53:39] [    0.000000] Booting Linux on physical CPU 0x100
[2022-03-13 13:53:39] [    0.000000] Linux version 4.9.253-tegra (buildbrain@mobile-u64-5497-d3000) (gcc version 7.3.1 20180425 [linaro-7.3-2018.05 revision d29120a424ecfbc167ef90065c0eeb7f91977701] (Linaro GCC 7.3-2018.05) ) #1 SMP PREEMPT Mon Jul 26 12:19:28 PDT 2021
[2022-03-13 13:53:39] [    0.000000] Boot CPU: AArch64 Processor [411fd073]
[2022-03-13 13:53:39] [    0.000000] OF: fdt:memory scan node memory@80000000, reg size 80,
[2022-03-13 13:53:39] [    0.000000] OF: fdt: - 80000000 ,  70000000
[2022-03-13 13:53:39] [    0.000000] OF: fdt: - f0200000 ,  185600000
[2022-03-13 13:53:39] [    0.000000] OF: fdt: - 275e00000 ,  200000
[2022-03-13 13:53:39] [    0.000000] OF: fdt: - 276600000 ,  200000
[2022-03-13 13:53:39] [    0.000000] OF: fdt: - 277000000 ,  200000
[2022-03-13 13:53:39] [    0.000000] earlycon: uart8250 at MMIO32 0x0000000003100000 (options '')
[2022-03-13 13:53:39] [    0.000000] bootconsole [uart8250] enabled
[2022-03-13 13:53:41] [    1.836189] cgroup: cgroup2: unknown option "nsdelegate"
[2022-03-13 13:53:42] [    2.846311] using random self ethernet address
[2022-03-13 13:53:42] [    2.850959] using random host ethernet address
[2022-03-13 13:53:42] [    2.958834] FAT-fs (loop0): Volume was not properly unmounted. Some data may be corrupt. Please run fsck.
[2022-03-13 13:53:43] [    3.436304] random: crng init done
[2022-03-13 13:53:43] [    3.439712] random: 7 urandom warning(s) missed due to ratelimiting
[2022-03-13 13:53:43] [    3.572151] using random self ethernet address
[2022-03-13 13:53:43] [    3.608377] using random host ethernet address
[2022-03-13 13:53:43] [    3.888529] CPU1: shutdown
[2022-03-13 13:53:43] [    3.982037] CPU2: shutdown
[2022-03-13 13:53:44] [    4.897211] Bridge firewalling registered
[2022-03-13 13:53:48] 
[2022-03-13 13:53:48] Ubuntu 18.04.5 LTS JTX2-A ttyS0
[2022-03-13 13:53:48] 
[2022-03-13 13:53:48] JTX2-A login: [   18.391642] CPU5: SError detected, daif=1c0, spsr=0x800000c5, mpidr=80000103, esr=bf40c000
[2022-03-13 13:53:58] [   18.391657] CPU4: SError detected, daif=1c0, spsr=0x800000c5, mpidr=80000102, esr=bf40c000
[2022-03-13 13:53:58] [   18.391672] CPU0: SError detected, daif=1c0, spsr=0x800000c5, mpidr=80000100, esr=bf40c000
[2022-03-13 13:53:58] [   18.391686] CPU3: SError detected, daif=1c0, spsr=0x800000c5, mpidr=80000101, esr=bf40c000
[2022-03-13 13:53:58] [   18.391691] **************************************
[2022-03-13 13:53:58] [   18.391707] A57 CPU Memory Error on CPU 4 (A57 Core 2)
[2022-03-13 13:53:58] [   18.391713] 	ESR:               0xbf40c000
[2022-03-13 13:53:58] [   18.391721] 	L2MERRSR: 0x3009108b458
[2022-03-13 13:53:58] [   18.391729] 	L2 Data RAM: 0x11
[2022-03-13 13:53:58] [   18.391735] 	CPU ID of Error:    1
[2022-03-13 13:53:58] [   18.391740] 	WAY of Error:       0
[2022-03-13 13:53:58] [   18.391745] 	Index of Error:     46168
[2022-03-13 13:53:58] [   18.391750] 	Repeat Error Count: 0
[2022-03-13 13:53:58] [   18.391754] 	Other Error Count:  3
[2022-03-13 13:53:58] [   18.391758] **************************************
[2022-03-13 13:53:58] [   18.397947] ROC:CCE Machine Check Error:
[2022-03-13 13:53:58] [   18.397959] 	Address Type = Non-Secure DRAM
[2022-03-13 13:53:58] [   18.398008] 	Address = 0x26f954440 -- System RAM + 0x17f754440
[2022-03-13 13:53:58] [   18.400379] Bad mode in Error handler detected on CPU4, code 0xbf40c000 -- SError
[2022-03-13 13:53:58] [   18.400386] Kernel panic - not syncing: bad mode
[2022-03-13 13:53:58] [   18.400400] CPU: 4 PID: 0 Comm: swapper/4 Not tainted 4.9.253-tegra #1
[2022-03-13 13:53:58] [   18.400406] Hardware name: quill (DT)
[2022-03-13 13:53:58] [   18.400412] Call trace:
[2022-03-13 13:53:58] [   18.400437] [<ffffff800808ba40>] dump_backtrace+0x0/0x198
[2022-03-13 13:53:58] [   18.400453] [<ffffff800808c004>] show_stack+0x24/0x30
[2022-03-13 13:53:58] [   18.400470] [<ffffff8008f6121c>] dump_stack+0xa0/0xc4
[2022-03-13 13:53:58] [   18.400485] [<ffffff8008f5e2c0>] panic+0x12c/0x2a8
[2022-03-13 13:53:58] [   18.400498] [<ffffff800808c894>] bad_mode+0x7c/0x80
[2022-03-13 13:53:58] [   18.400511] [<ffffff800808ca5c>] handle_serr+0x124/0x128
[2022-03-13 13:53:58] [   18.400520] [<ffffff8008082d98>] el1_serr+0xb0/0x144
[2022-03-13 13:53:58] [   18.400536] [<ffffff8008ba09ac>] cpuidle_enter_state+0x84/0x380
[2022-03-13 13:53:58] [   18.400548] [<ffffff8008ba0d1c>] cpuidle_enter+0x34/0x48
[2022-03-13 13:53:58] [   18.400559] [<ffffff800811139c>] call_cpuidle+0x44/0x70
[2022-03-13 13:53:58] [   18.400568] [<ffffff8008111718>] cpu_startup_entry+0x1b0/0x200
[2022-03-13 13:53:58] [   18.400581] [<ffffff8008091cf8>] secondary_start_kernel+0x190/0x1f8
[2022-03-13 13:53:58] [   18.400589] [<000000008116e1a8>] 0x8116e1a8
[2022-03-13 13:53:58] [   18.400603] SMP: stopping secondary CPUs
[2022-03-13 13:53:58] [   18.406342] ROC:CCE Machine Check Error:
[2022-03-13 13:53:58] [   18.406355] 	Address Type = Secure DRAM
[2022-03-13 13:53:58] [   18.406387] 	Address = 0x27fad4442 (Unknown Device)
[2022-03-13 13:53:58] [   18.414553] ROC:CCE Machine Check Error:
[2022-03-13 13:53:58] [   18.414566] 	Address Type = Secure DRAM
[2022-03-13 13:53:58] [   18.414597] 	Address = 0x27fad434a (Unknown Device)
[2022-03-13 13:53:58] [   18.417122] CPU3: SError detected, daif=1c0, spsr=0x800000c5, mpidr=80000101, esr=bf40c000
[2022-03-13 13:53:58] [   18.423159] ROC:CCE Machine Check Error:
[2022-03-13 13:53:58] [   18.423168] 	Address Type = Secure DRAM
[2022-03-13 13:53:58] [   18.423186] 	Address = 0x27fad4362 (Unknown Device)
[2022-03-13 13:53:58] [   18.628995] ROC:CCE Machine Check Error:
[2022-03-13 13:53:58] [   18.632932] 	Address Type = Secure DRAM
[2022-03-13 13:53:58] [   18.636797] 	Address = 0x27fad434a (Unknown Device)
[2022-03-13 13:53:58] [   18.644131] Kernel Offset: disabled
[2022-03-13 13:53:58] [   18.647639] Memory Limit: none
[2022-03-13 13:53:58] [   18.650706] trusty-log panic notifier - trusty version Built: 12:20:14 Jul 26 2021 [   18.686519] Rebooting in 5 seconds..
[2022-03-13 13:54:03] [0000.163] I> Welcome to MB2(TBoot-BPMP)(version: 01.00.160913-t186-M-00.00-mobile-c368a720)
[2022-03-13 13:54:03] [0000.172] I> Boot-device: eMMC
[2022-03-13 13:54:03] [0000.179] I> sdmmc bdev is already initialized
[2022-03-13 13:54:03] [0000.184] I> pmic: reset reason (nverc)	: 0x0
[2022-03-13 13:54:03] [0000.217] I> Found 19 partitions in SDMMC_BOOT (instance 3)
[2022-03-13 13:54:03] [0000.236] I> Found 33 partitions in SDMMC_USER (instance 3)
[2022-03-13 13:54:03] [0000.242] W> No valid slot number is found in scratch register
[2022-03-13 13:54:03] [0000.248] W> Return default slot: _a
[2022-03-13 13:54:03] [0000.252] I> A/B: bin_type (16) slot 0
[2022-03-13 13:54:03] [0000.255] I> Loading partition bpmp-fw at 0xd7800000
[2022-03-13 13:54:03] [0000.260] I> Reading two headers - addr:0xd7800000 blocks:1
[2022-03-13 13:54:03] [0000.265] I> Addr: 0xd7800000, start-block: 58777608, num_blocks: 1
[2022-03-13 13:54:03] [0000.290] I> Binary(16) of size 534416 is loaded @ 0xd7800000
[2022-03-13 13:54:03] [0000.296] W> No valid slot number is found in scratch register
[2022-03-13 13:54:03] [0000.302] W> Return default slot: _a
[2022-03-13 13:54:03] [0000.305] I> A/B: bin_type (17) slot 0
[2022-03-13 13:54:03] [0000.309] I> Loading partition bpmp-fw-dtb at 0xd79f0000
[2022-03-13 13:54:03] [0000.314] I> Reading two headers - addr:0xd79f0000 blocks:1
[2022-03-13 13:54:03] [0000.319] I> Addr: 0xd79f0000, start-block: 58780024, num_blocks: 1
[2022-03-13 13:54:04] [0000.345] I> Binary(17) of size 604720 is loaded @ 0xd796c400
[2022-03-13 13:54:04] [0000.573] I> Loading SCE-FW ...
[2022-03-13 13:54:04] [0000.576] W> No valid slot number is found in scratch register
[2022-03-13 13:54:04] [0000.582] W> Return default slot: _a
[2022-03-13 13:54:04] [0000.585] I> A/B: bin_type (12) slot 0
[2022-03-13 13:54:04] [0000.589] I> Loading partition sce-fw at 0xd7300000
[2022-03-13 13:54:04] [0000.594] I> Reading two headers - addr:0xd7300000 blocks:1
[2022-03-13 13:54:04] [0000.599] I> Addr: 0xd7300000, start-block: 58784120, num_blocks: 1
[2022-03-13 13:54:04] [0000.618] I> Binary(12) of size 125632 is loaded @ 0xd7300000
[2022-03-13 13:54:04] [0000.624] I> Init SCE
[2022-03-13 13:54:04] [0000.626] I> Loading APE-FW ...
[2022-03-13 13:54:04] [0000.629] W> No valid slot number is found in scratch register
[2022-03-13 13:54:04] [0000.635] W> Return default slot: _a
[2022-03-13 13:54:04] [0000.638] I> A/B: bin_type (11) slot 0
[2022-03-13 13:54:04] [0000.642] I> Loading partition adsp-fw at 0xd7400000
[2022-03-13 13:54:04] [0000.647] I> Reading two headers - addr:0xd7400000 blocks:1
[2022-03-13 13:54:04] [0000.652] I> Addr: 0xd7400000, start-block: 58761224, num_blocks: 1
[2022-03-13 13:54:04] [0000.671] I> Binary(11) of size 77216 is loaded @ 0xd7400000
[2022-03-13 13:54:04] [0000.677] I> Copy BTCM section
[2022-03-13 13:54:04] [0000.680] W> No valid slot number is found in scratch register
[2022-03-13 13:54:04] [0000.686] W> Return default slot: _a
[2022-03-13 13:54:04] [0000.689] I> A/B: bin_type (13) slot 0
[2022-03-13 13:54:04] [0000.693] I> Loading partition cpu-bootloader at 0x96000000
[2022-03-13 13:54:04] [0000.698] I> Reading two headers - addr:0x96000000 blocks:1
[2022-03-13 13:54:04] [0000.704] I> Addr: 0x96000000, start-block: 58740744, num_blocks: 1
[2022-03-13 13:54:04] [0000.725] I> Binary(13) of size 308800 is loaded @ 0x96000000
[2022-03-13 13:54:04] [0000.730] W> No valid slot number is found in scratch register
[2022-03-13 13:54:04] [0000.736] W> Return default slot: _a
[2022-03-13 13:54:04] [0000.740] I> A/B: bin_type (20) slot 0
[2022-03-13 13:54:04] [0000.743] I> Loading partition bootloader-dtb at 0x85205400
[2022-03-13 13:54:04] [0000.749] I> Reading two headers - addr:0x85205400 blocks:1
[2022-03-13 13:54:04] [0000.754] I> Addr: 0x85205400, start-block: 58742792, num_blocks: 1
[2022-03-13 13:54:04] [0000.776] I> Binary(20) of size 375568 is loaded @ 0x85205400
[2022-03-13 13:54:04] [0000.782] W> No valid slot number is found in scratch register
[2022-03-13 13:54:04] [0000.787] W> Return default slot: _a
[2022-03-13 13:54:04] [0000.791] I> A/B: bin_type (14) slot 0
[2022-03-13 13:54:04] [0000.794] I> Loading partition secure-os at 0x85305600
[2022-03-13 13:54:04] [0000.799] I> Reading two headers - addr:0x85305600 blocks:1
[2022-03-13 13:54:04] [0000.805] I> Addr: 0x85305600, start-block: 58744840, num_blocks: 1
[2022-03-13 13:54:04] [0000.827] I> Binary(14) of size 402864 is loaded @ 0x85305600
[2022-03-13 13:54:04] [0000.835] I> TOS boot-params @ 0x85000000
[2022-03-13 13:54:04] [0000.839] I> TOS params prepared
[2022-03-13 13:54:04] [0000.842] I> Loading EKS ...
[2022-03-13 13:54:04] [0000.844] I> A/B: bin_type (15) slot 0
[2022-03-13 13:54:04] [0000.848] I> Loading partition eks at 0x85905800
[2022-03-13 13:54:04] [0000.852] I> Reading two headers - addr:0x85905800 blocks:1
[2022-03-13 13:54:04] [0000.858] I> Addr: 0x85905800, start-block: 58757128, num_blocks: 1
[2022-03-13 13:54:04] [0000.877] I> Binary(15) of size 1040 is loaded @ 0x85905800
[2022-03-13 13:54:04] [0000.882] I> EKB detected (length: 0x400) @ 0x85905800
[2022-03-13 13:54:04] [0000.887] I> Copied encrypted keys
[2022-03-13 13:54:04] [0000.891] I> boot profiler @ 0x275844000
[2022-03-13 13:54:04] [0000.895] I> boot profiler for TOS @ 0x275844000
[2022-03-13 13:54:04] [0000.900] I> Unhalting SCE
[2022-03-13 13:54:04] [0000.902] I> Primary Memory Start:80000000 Size:70000000
[2022-03-13 13:54:04] [0000.907] I> Extended Memory Start:f0110000 Size:1856f0000
[2022-03-13 13:54:04] [0000.914] I> MB2(TBoot-BPMP) done
[2022-03-13 13:54:04] 
[2022-03-13 13:54:04] NOTICE:  BL31: v1.3(release):b5eeb33f7
[2022-03-13 13:54:04] NOTICE:  BL31: Built : 12:15:17, Jul 26 2021
[2022-03-13 13:54:04] ipc-unittest-main: 1519: Welcome to IPC unittest!!!
[2022-03-13 13:54:04] ipc-unittest-main: 1531: waiting forever
[2022-03-13 13:54:04] ipc-unittest-srv: 329: Init unittest services!!!
[2022-03-13 13:54:04] hwkey-agent: 41: hwkey-agent is running!!
[2022-03-13 13:54:04] hwkey-agent: 315: key_mgnt_processing .......
[2022-03-13 13:54:04] hwkey-agent: 223: Setting EKB key 0 to slot 14
[2022-03-13 13:54:04] hwkey-agent: 178: Init hweky-agent services!!
[2022-03-13 13:54:04] luks-srv: 40: luks-srv is running!!
[2022-03-13 13:54:04] luks-srv: 157: Init luks-srv IPC services!!
[2022-03-13 13:54:04] platform_bootstrap_epilog: trusty bootstrap complete
[2022-03-13 13:54:04] [0001.287] I> Welcome to Cboot
[2022-03-13 13:54:04] [0001.289] I> Cboot Version: t186-00029e71
[2022-03-13 13:54:04] [0001.293] I> CPU-BL Params @ 0x275800000
[2022-03-13 13:54:04] [0001.297] I>  0) Base:0x00000000 Size:0x00000000
[2022-03-13 13:54:04] [0001.301] I>  1) Base:0x277f00000 Size:0x00100000
[2022-03-13 13:54:04] [0001.306] I>  2) Base:0x277e00000 Size:0x00100000
[2022-03-13 13:54:04] [0001.310] I>  3) Base:0x277d00000 Size:0x00100000
[2022-03-13 13:54:04] [0001.315] I>  4) Base:0x277c00000 Size:0x00100000
[2022-03-13 13:54:04] [0001.319] I>  5) Base:0x277b00000 Size:0x00100000
[2022-03-13 13:54:04] [0001.324] I>  6) Base:0x277800000 Size:0x00200000
[2022-03-13 13:54:04] [0001.328] I>  7) Base:0x277400000 Size:0x00400000
[2022-03-13 13:54:04] [0001.333] I>  8) Base:0x277a00000 Size:0x00100000
[2022-03-13 13:54:04] [0001.338] I>  9) Base:0x277300000 Size:0x00100000
[2022-03-13 13:54:04] [0001.342] I> 10) Base:0x276800000 Size:0x00800000
[2022-03-13 13:54:05] [0001.347] I> 11) Base:0x30000000 Size:0x00040000
[2022-03-13 13:54:05] [0001.351] I> 12) Base:0xf0000000 Size:0x00100000
[2022-03-13 13:54:05] [0001.355] I> 13) Base:0x30040000 Size:0x00001000
[2022-03-13 13:54:05] [0001.360] I> 14) Base:0x30048000 Size:0x00001000
[2022-03-13 13:54:05] [0001.364] I> 15) Base:0x30049000 Size:0x00001000
[2022-03-13 13:54:05] [0001.369] I> 16) Base:0x3004a000 Size:0x00001000
[2022-03-13 13:54:05] [0001.373] I> 17) Base:0x3004b000 Size:0x00001000
[2022-03-13 13:54:05] [0001.378] I> 18) Base:0x3004c000 Size:0x00001000
[2022-03-13 13:54:05] [0001.382] I> 19) Base:0x3004d000 Size:0x00001000
[2022-03-13 13:54:05] [0001.386] I> 20) Base:0x3004e000 Size:0x00001000
[2022-03-13 13:54:05] [0001.391] I> 21) Base:0x3004f000 Size:0x00001000
[2022-03-13 13:54:05] [0001.395] I> 22) Base:0x00000000 Size:0x00000000
[2022-03-13 13:54:05] [0001.400] I> 23) Base:0xf0100000 Size:0x00010000
[2022-03-13 13:54:05] [0001.404] I> 24) Base:0x00000000 Size:0x00000000
[2022-03-13 13:54:05] [0001.409] I> 25) Base:0x00000000 Size:0x00000000
[2022-03-13 13:54:05] [0001.413] I> 26) Base:0x00000000 Size:0x00000000
[2022-03-13 13:54:05] [0001.417] I> 27) Base:0x00000000 Size:0x00000000
[2022-03-13 13:54:05] [0001.422] I> 28) Base:0x84400000 Size:0x00400000
[2022-03-13 13:54:05] [0001.426] I> 29) Base:0x30000000 Size:0x00010000
[2022-03-13 13:54:05] [0001.431] I> 30) Base:0x278000000 Size:0x08000000
[2022-03-13 13:54:05] [0001.435] I> 31) Base:0x00000000 Size:0x00000000
[2022-03-13 13:54:05] [0001.440] I> 32) Base:0x276000000 Size:0x00600000
[2022-03-13 13:54:05] [0001.444] I> 33) Base:0x80000000 Size:0x70000000
[2022-03-13 13:54:05] [0001.449] I> 34) Base:0xf0110000 Size:0x1856f0000
[2022-03-13 13:54:05] [0001.453] I> 35) Base:0x00000000 Size:0x00000000
[2022-03-13 13:54:05] [0001.458] I> 36) Base:0x00000000 Size:0x00000000
[2022-03-13 13:54:05] [0001.462] I> 37) Base:0x2772e0000 Size:0x00020000
[2022-03-13 13:54:05] [0001.467] I> 38) Base:0x84000000 Size:0x00400000
[2022-03-13 13:54:05] [0001.471] I> 39) Base:0x96000000 Size:0x02000000
[2022-03-13 13:54:05] [0001.475] I> 40) Base:0x85000000 Size:0x01200000
[2022-03-13 13:54:05] [0001.480] I> 41) Base:0x275800000 Size:0x00500000
[2022-03-13 13:54:05] [0001.484] I> 42) Base:0x00000000 Size:0x00000000
[2022-03-13 13:54:05] [0001.489] I> 43) Base:0x00000000 Size:0x00000000
[2022-03-13 13:54:05] [0001.493] GIC-SPI Target CPU: 4
[2022-03-13 13:54:05] [0001.497] Interrupts Init done
[2022-03-13 13:54:05] [0001.500] calling constructors
[2022-03-13 13:54:05] [0001.503] initializing heap
[2022-03-13 13:54:05] [0001.506] initializing threads
[2022-03-13 13:54:05] [0001.509] initializing timers
[2022-03-13 13:54:05] [0001.512] creating bootstrap completion thread
[2022-03-13 13:54:05] [0001.517] top of bootstrap2()
[2022-03-13 13:54:05] [0001.520] CPU: ARM Cortex A57
[2022-03-13 13:54:05] [0001.523] CPU: MIDR: 0x411FD073, MPIDR: 0x80000100
[2022-03-13 13:54:05] [0001.528] initializing platform
[2022-03-13 13:54:05] [0001.531] I> Bl_dtb @0x85205400
[2022-03-13 13:54:05] [0001.534] I> gpio framework initialized
[2022-03-13 13:54:05] [0001.541] I> tegrabl_gpio_driver_register: register 'nvidia,tegra186-gpio' driver
[2022-03-13 13:54:05] [0001.551] I> tegrabl_gpio_driver_register: register 'nvidia,tegra186-gpio-aon' driver
[2022-03-13 13:54:05] [0001.558] I> GPIO framework and drivers are initialized.
[2022-03-13 13:54:05] [0001.564] I> Boot-device: eMMC
[2022-03-13 13:54:05] [0001.571] I> sdmmc bdev is already initialized
[2022-03-13 13:54:05] [0001.601] I> Found 19 partitions in SDMMC_BOOT (instance 3)
[2022-03-13 13:54:05] [0001.619] I> Found 33 partitions in SDMMC_USER (instance 3)
[2022-03-13 13:54:05] [0001.625] W> opt-in fuse is not set, skip fuse_burning
[2022-03-13 13:54:05] [0001.629] I> Reserved memory at 0xfbe00000 for U-Boot relocation
[2022-03-13 13:54:05] [0001.635] W> No valid slot number is found in scratch register
[2022-03-13 13:54:05] [0001.641] W> Return default slot: _a
[2022-03-13 13:54:05] [0001.650] I> A/B: bin_type (21) slot 0
[2022-03-13 13:54:05] [0001.654] I> Loading kernel-dtb from partition
[2022-03-13 13:54:05] [0001.658] I> Loading partition kernel-dtb at 0x80000000 from device(0x1)
[2022-03-13 13:54:05] [0001.675] I> Kernel_dtb @0x80000000
[2022-03-13 13:54:05] [0001.678] I> tegrabl_tca9539_init: i2c bus: 0, slave addr: 0xee
[2022-03-13 13:54:05] [0001.689] I> tegrabl_gpio_driver_register: register 'tca9539_gpio_driver' driver
[2022-03-13 13:54:05] [0001.696] I> tegrabl_tca9539_init: i2c bus: 0, slave addr: 0xe8
[2022-03-13 13:54:05] [0001.705] I> tegrabl_gpio_driver_register: register 'tca9539_gpio_driver' driver
[2022-03-13 13:54:05] [0001.715] I> fixed regulator driver initialized
[2022-03-13 13:54:05] [0001.749] I> register 'maxim' power off handle
[2022-03-13 13:54:05] [0001.755] I> virtual i2c enabled
[2022-03-13 13:54:05] [0001.758] I> registered 'maxim,max77620' pmic
[2022-03-13 13:54:05] [0001.762] I> tegrabl_gpio_driver_register: register 'max77620-gpio' driver
[2022-03-13 13:54:05] [0001.776] E> failed to read label property for node 324936: 13
[2022-03-13 13:54:05] [0001.785] E> failed to read reg property for node 325032: 13
[2022-03-13 13:54:05] [0001.793] E> failed to read reg property for node 325084: 13
[2022-03-13 13:54:05] [0001.801] E> failed to read label property for node 325168: 13
[2022-03-13 13:54:05] [0001.810] E> failed to read label property for node 325236: 13
[2022-03-13 13:54:05] [0001.818] E> failed to read reg property for node 325304: 13
[2022-03-13 13:54:05] [0001.826] E> failed to read reg property for node 325376: 13
[2022-03-13 13:54:05] [0001.837] I> Find /i2c@c250000's alias i2c7
[2022-03-13 13:54:05] [0001.841] I> Reading eeprom i2c=7 address=0x50
[2022-03-13 13:54:05] [0001.870] I> Device at /i2c@c250000:0x50
[2022-03-13 13:54:05] [0001.874] I> Reading eeprom i2c=7 address=0x57
[2022-03-13 13:54:05] [0001.902] I> Device at /i2c@c250000:0x57
[2022-03-13 13:54:05] [0001.907] I> Find /i2c@c240000's alias i2c1
[2022-03-13 13:54:05] [0001.911] I> Reading eeprom i2c=1 address=0x51
[2022-03-13 13:54:05] [0001.916] E> I2C: slave not found in slaves.
[2022-03-13 13:54:05] [0001.920] E> I2C: Could not write 0 bytes to slave: 0x00a2 with repeat start true.
[2022-03-13 13:54:05] [0001.928] E> I2C_DEV: Failed to send register address 0x00000000.
[2022-03-13 13:54:05] [0001.934] E> I2C_DEV: Could not read 256 registers of size 1 from slave 0xa2 at 0x00000000 via instance 1.
[2022-03-13 13:54:05] [0001.943] E> eeprom: Retry to read I2C slave device.
[2022-03-13 13:54:05] [0001.948] E> I2C: slave not found in slaves.
[2022-03-13 13:54:05] [0001.952] E> I2C: Could not write 0 bytes to slave: 0x00a2 with repeat start true.
[2022-03-13 13:54:05] [0001.960] E> I2C_DEV: Failed to send register address 0x00000000.
[2022-03-13 13:54:05] [0001.966] E> I2C_DEV: Could not read 256 registers of size 1 from slave 0xa2 at 0x00000000 via instance 1.
[2022-03-13 13:54:05] [0001.975] E> eeprom: Failed to read I2C slave device
[2022-03-13 13:54:05] [0001.980] I> Eeprom read failed 0x3526070d
[2022-03-13 13:54:05] [0001.984] I> Find /i2c@3160000's alias i2c0
[2022-03-13 13:54:05] [0001.988] I> Reading eeprom i2c=0 address=0x50
[2022-03-13 13:54:05] [0001.993] E> I2C: slave not found in slaves.
[2022-03-13 13:54:05] [0001.997] E> I2C: Could not write 0 bytes to slave: 0x00a0 with repeat start true.
[2022-03-13 13:54:05] [0002.005] E> I2C_DEV: Failed to send register address 0x00000000.
[2022-03-13 13:54:05] [0002.011] E> I2C_DEV: Could not read 256 registers of size 1 from slave 0xa0 at 0x00000000 via instance 0.
[2022-03-13 13:54:05] [0002.020] E> eeprom: Failed to read I2C slave device
[2022-03-13 13:54:05] [0002.025] I> Eeprom read failed 0x3526070d
[2022-03-13 13:54:05] [0002.030] I> Find /i2c@3180000's alias i2c2
[2022-03-13 13:54:05] [0002.034] I> Reading eeprom i2c=2 address=0x54
[2022-03-13 13:54:05] [0002.038] I> Enabling gpio chip_id = 2, gpio pin = 9
[2022-03-13 13:54:05] [0002.068] I> Disabling gpio chip_id = 2, gpio pin = 9
[2022-03-13 13:54:05] [0002.074] I> Device at /i2c@3180000:0x54
[2022-03-13 13:54:05] [0002.077] I> Reading eeprom i2c=2 address=0x57
[2022-03-13 13:54:05] [0002.082] I> Enabling gpio chip_id = 2, gpio pin = 9
[2022-03-13 13:54:05] [0002.087] E> I2C: slave not found in slaves.
[2022-03-13 13:54:05] [0002.091] E> I2C: Could not write 0 bytes to slave: 0x00ae with repeat start true.
[2022-03-13 13:54:05] [0002.099] E> I2C_DEV: Failed to send register address 0x00000000.
[2022-03-13 13:54:05] [0002.105] E> I2C_DEV: Could not read 256 registers of size 1 from slave 0xae at 0x00000000 via instance 2.
[2022-03-13 13:54:05] [0002.114] E> eeprom: Failed to read I2C slave device
[2022-03-13 13:54:05] [0002.119] I> Disabling gpio chip_id = 2, gpio pin = 9
[2022-03-13 13:54:05] [0002.124] I> Eeprom read failed 0x00000000
[2022-03-13 13:54:05] [0002.128] I> create_pm_ids: id: 3310-1000-D00-L, len: 15
[2022-03-13 13:54:05] [0002.133] I> config: mem-type:00,power-config:00,misc-config:00,modem-config:00,touch-config:00,display-config:00,, len: 93
[2022-03-13 13:54:05] [0002.144] I> create_pm_ids: id: 2597-0000-900-E, len: 15
[2022-03-13 13:54:05] [0002.150] I> config: mem-type:00,power-config:00,misc-config:00,modem-config:00,touch-config:00,display-config:00,, len: 93
[2022-03-13 13:54:05] [0002.160] I> create_pm_ids: id: 3326-1000-000-M, len: 15
[2022-03-13 13:54:05] [0002.166] I> config: mem-type:ff,power-config:ff,misc-config:ff,modem-config:ff,touch-config:ff,display-config:ff,, len: 93
[2022-03-13 13:54:05] [0002.201] I> enabling 'vdd-hdmi' regulator
[2022-03-13 13:54:05] [0002.216] I> regulator 'vdd-hdmi' already enabled
[2022-03-13 13:54:05] [0002.221] E> tegrabl_display_init_regulator: hdmi cable is not connected
[2022-03-13 13:54:05] [0002.227] E> tegrabl_display_get_pdata, failed to parse dtb settings
[2022-03-13 13:54:05] [0002.236] E> cannot find any other nvdisp nodes
[2022-03-13 13:54:05] [0002.241] E> no valid display unit config found in dtb
[2022-03-13 13:54:05] [0002.246] W> display init failed
[2022-03-13 13:54:05] [0002.249] initializing target
[2022-03-13 13:54:05] [0002.253] calling apps_init()
[2022-03-13 13:54:05] [0002.256] starting app kernel_boot_app
[2022-03-13 13:54:05] [0002.278] I> found decompressor handler: lz4-legacy
[2022-03-13 13:54:05] [0002.283] I> decompressing BMP blob ...
[2022-03-13 13:54:05] [0002.295] I> Kernel type = Normal
[2022-03-13 13:54:05] [0002.298] I> ########## Fixed storage boot ##########
[2022-03-13 13:54:05] [0002.303] I> Loading kernel-bootctrl from partition
[2022-03-13 13:54:05] [0002.308] I> Loading partition kernel-bootctrl at 0xa8000000 from device(0x1)
[2022-03-13 13:54:05] [0002.322] W> tegrabl_get_kernel_bootctrl: magic number(0x00000000) is invalid
[2022-03-13 13:54:05] [0002.329] W> tegrabl_get_kernel_bootctrl: use default dummy boot control data
[2022-03-13 13:54:05] [0002.336] W> No valid slot number is found in scratch register
[2022-03-13 13:54:05] [0002.341] W> Return default slot: _a
[2022-03-13 13:54:06] [0002.345] I> A/B: bin_type (24) slot 0
[2022-03-13 13:54:06] [0002.360] I> Boot image size read from image header: 9913d
[2022-03-13 13:54:06] [0002.366] I> Boot image load address: 0x80400000
[2022-03-13 13:54:06] [0002.370] I> Loading kernel from partition
[2022-03-13 13:54:06] [0002.374] I> Loading partition kernel at 0x80400000 from device(0x1)
[2022-03-13 13:54:06] [0003.316] I> Validate kernel ...
[2022-03-13 13:54:06] [0003.319] I> T18x: Authenticate kernel (bin_type 24), max size 0x4000000
[2022-03-13 13:54:06] [0003.327] I> Decrypt the buffer ... [0003.331] W> tegrabl_decrypt_block: fuse (0x0) is not burnt to do encryption (0x4); skip decryption.
[2022-03-13 13:54:06] [0003.339] I> done
[2022-03-13 13:54:06] [0003.341] I> Checking boot.img header magic ... [0003.345] I> [OK]
[2022-03-13 13:54:07] [0003.347] I> kernel-dtb is already loaded
[2022-03-13 13:54:07] [0003.351] I> Validate kernel-dtb ...
[2022-03-13 13:54:07] [0003.354] I> T18x: Authenticate kernel-dtb (bin_type 21), max size 0x100000
[2022-03-13 13:54:07] [0003.362] I> Decrypt the buffer ... [0003.365] W> tegrabl_decrypt_block: fuse (0x0) is not burnt to do encryption (0x4); skip decryption.
[2022-03-13 13:54:07] [0003.374] I> done
[2022-03-13 13:54:07] [0003.376] I> Kernel hdr @0x80400000
[2022-03-13 13:54:07] [0003.379] I> Kernel dtb @0x80000000
[2022-03-13 13:54:07] [0003.383] I> decompressor handler not found
[2022-03-13 13:54:07] [0003.387] I> Copying kernel image (627005 bytes) from 0x80400800 to 0x80600000 ... [0003.394] I> Done
[2022-03-13 13:54:07] [0003.396] I> Move ramdisk (len: 0) from 0x8049a000 to 0x947d0000
[2022-03-13 13:54:07] [0003.403] I> Updated bpmp info to DTB
[2022-03-13 13:54:07] [0003.409] I> Ramdisk: Base: 0x947d0000; Size: 0x0
[2022-03-13 13:54:07] [0003.414] I> Updated initrd info to DTB
[2022-03-13 13:54:07] [0003.418] W> WARN: Fail to override "console=none" in commandline
[2022-03-13 13:54:07] [0003.424] I> Active rootfs suffix: 
[2022-03-13 13:54:07] [0003.427] E> tegrabl_linuxboot_add_disp_param, du 0 failed to get display params
[2022-03-13 13:54:07] [0003.434] E> tegrabl_linuxboot_add_disp_param, du 0 failed to get display params
[2022-03-13 13:54:07] [0003.441] E> tegrabl_linuxboot_add_disp_param, du 0 failed to get display params
[2022-03-13 13:54:07] [0003.449] I> disabled_core_mask: 0xffffff0c
[2022-03-13 13:54:07] [0003.453] W> No valid slot number is found in scratch register
[2022-03-13 13:54:07] [0003.458] W> Return default slot: _a
[2022-03-13 13:54:07] [0003.462] I> Active slot suffix: 
[2022-03-13 13:54:07] [0003.465] I> add_boot_slot_suffix: slot_suffix = 
[2022-03-13 13:54:07] [0003.469] I> Linux Cmdline: console=ttyS0,115200 androidboot.presilicon=true firmware_class.path=/etc/firmware root=/dev/mmcblk0p1 rw rootwait rootfstype=ext4 console=ttyS0,115200n8 console=tty0 fbcon=map:0 net.ifnames=0 isolcpus=1-2  video=tegrafb earlycon=uart8250,mmio32,0x3100000 nvdumper_reserved=0x2772e0000 gpt rootfs.slot_suffix= usbcore.old_scheme_first=1 tegraid=18.1.2.0.0 maxcpus=6 no_console_suspend boot.slot_suffix= boot.ratchetvalues=0.2031647.1 vpr_resize bl_prof_dataptr=0x10000@0x275840000 sdhci_tegra.en_boot_part_access=1 
[2022-03-13 13:54:07] [0003.517] I> Updated bootarg info to DTB
[2022-03-13 13:54:07] [0003.520] I> eeprom_get_mac_addr: MAC (type: 0): 48:b0:2d:0f:11:c5
[2022-03-13 13:54:07] [0003.527] I> eeprom_get_mac_addr: MAC (type: 1): 48:b0:2d:0f:11:c6
[2022-03-13 13:54:07] [0003.533] I> eeprom_get_mac_addr: MAC (type: 2): 48:b0:2d:0f:11:c7
[2022-03-13 13:54:07] [0003.539] E> Found no plugin manager ids in source DT
[2022-03-13 13:54:07] [0003.544] W> Add plugin manager ids from board info
[2022-03-13 13:54:07] [0003.549] W> "plugin-manager" doesn't exist, creating
[2022-03-13 13:54:07] [0003.554] W> "ids" doesn't exist, creating
[2022-03-13 13:54:07] [0003.558] W> "connection" doesn't exist, creating
[2022-03-13 13:54:07] [0003.562] W> "configs" doesn't exist, creating
[2022-03-13 13:54:07] [0003.567] I> create_pm_ids: id: 3310-1000-D00-L, len: 15
[2022-03-13 13:54:07] [0003.572] I> config: mem-type:00,power-config:00,misc-config:00,modem-config:00,touch-config:00,display-config:00,, len: 93
[2022-03-13 13:54:07] [0003.583] I> create_pm_ids: id: 2597-0000-900-E, len: 15
[2022-03-13 13:54:07] [0003.588] I> config: mem-type:00,power-config:00,misc-config:00,modem-config:00,touch-config:00,display-config:00,, len: 93
[2022-03-13 13:54:07] [0003.599] I> create_pm_ids: id: 3326-1000-000-M, len: 15
[2022-03-13 13:54:07] [0003.604] I> config: mem-type:ff,power-config:ff,misc-config:ff,modem-config:ff,touch-config:ff,display-config:ff,, len: 93
[2022-03-13 13:54:07] [0003.615] I> Adding plugin-manager/ids/3310-1000-D00=/i2c@c250000:module@0x50
[2022-03-13 13:54:07] [0003.622] W> "i2c@c250000" doesn't exist, creating
[2022-03-13 13:54:07] [0003.627] W> "module@0x50" doesn't exist, creating
[2022-03-13 13:54:07] [0003.632] I> Adding plugin-manager/ids/2597-0000-900=/i2c@c250000:module@0x57
[2022-03-13 13:54:07] [0003.639] W> "module@0x57" doesn't exist, creating
[2022-03-13 13:54:07] [0003.644] I> Adding plugin-manager/ids/3326-1000-000=/i2c@3180000:module@0x54
[2022-03-13 13:54:07] [0003.651] W> "i2c@3180000" doesn't exist, creating
[2022-03-13 13:54:07] [0003.656] W> "module@0x54" doesn't exist, creating
[2022-03-13 13:54:07] [0003.663] I> Adding plugin-manager/ids/3310-1000-D00-L
[2022-03-13 13:54:07] [0003.670] I> Adding plugin-manager/configs/3310-mem-type 00
[2022-03-13 13:54:07] [0003.675] I> Adding plugin-manager/configs/3310-power-config 00
[2022-03-13 13:54:07] [0003.681] I> Adding plugin-manager/configs/3310-misc-config 00
[2022-03-13 13:54:07] [0003.687] I> Adding plugin-manager/configs/3310-modem-config 00
[2022-03-13 13:54:07] [0003.693] I> Adding plugin-manager/configs/3310-touch-config 00
[2022-03-13 13:54:07] [0003.699] I> Adding plugin-manager/configs/3310-display-config 00
[2022-03-13 13:54:07] [0003.705] I> Adding plugin-manager/cvm
[2022-03-13 13:54:07] [0003.709] W> "chip-id" doesn't exist, creating
[2022-03-13 13:54:07] [0003.714] I> Adding plugin-manager/chip-id/A02P
[2022-03-13 13:54:07] [0003.718] W> "odm-data" doesn't exist, creating
[2022-03-13 13:54:07] [0003.723] I> Adding /chosen/plugin-manager/odm-data
[2022-03-13 13:54:07] [0003.733] I> added [base:0x80000000, size:0x70000000] to /memory
[2022-03-13 13:54:07] [0003.738] I> added [base:0xf0200000, size:0x185600000] to /memory
[2022-03-13 13:54:07] [0003.744] I> added [base:0x275e00000, size:0x200000] to /memory
[2022-03-13 13:54:07] [0003.750] I> added [base:0x276600000, size:0x200000] to /memory
[2022-03-13 13:54:07] [0003.756] I> added [base:0x277000000, size:0x200000] to /memory
[2022-03-13 13:54:07] [0003.761] I> Updated memory info to DTB
[2022-03-13 13:54:07] [0003.766] E> add_disp_param: failed to get display params for du=0
[2022-03-13 13:54:07] [0003.774] W> "reset" doesn't exist, creating
[2022-03-13 13:54:07] [0003.778] W> "pmc-reset-reason" doesn't exist, creating
[2022-03-13 13:54:07] [0003.784] W> "pmic-reset-reason" doesn't exist, creating
[2022-03-13 13:54:07] [0003.790] I> Adding ecid(00000001646db7851000000013038200) to DT
[2022-03-13 13:54:07] [0003.796] I> disabled_core_mask: 0xffffff0c
[2022-03-13 13:54:07] [0003.809] I> Add serial number:1422420022173 as DT property
[2022-03-13 13:54:07] [0003.818] I> Plugin-manager override starting
[2022-03-13 13:54:07] [0003.823] I> node /plugin-manager/fragement@0 matches
[2022-03-13 13:54:07] [0003.834] I> node /plugin-manager/fragement@4 matches
[2022-03-13 13:54:07] [0003.847] I> node /plugin-manager/fragment-sdwake-p3310-1000-300 matches
[2022-03-13 13:54:07] [0003.867] I> node /plugin-manager/fragement-pmon-p3310-1000-300 matches
