[0000.287] I> Welcome to MB2(TBoot-BPMP)(version: 01.00.160913-t186-M-00.00-mobile-c368a720)
[2022-03-12 15:08:42] [0000.295] I> Boot-device: eMMC
[2022-03-12 15:08:42] [0000.303] I> sdmmc bdev is already initialized
[2022-03-12 15:08:42] [0000.307] I> pmic: reset reason (nverc)	: 0x80
[2022-03-12 15:08:42] [0000.341] I> Found 19 partitions in SDMMC_BOOT (instance 3)
[2022-03-12 15:08:42] [0000.360] I> Found 33 partitions in SDMMC_USER (instance 3)
[2022-03-12 15:08:42] [0000.366] W> No valid slot number is found in scratch register
[2022-03-12 15:08:42] [0000.372] W> Return default slot: _a
[2022-03-12 15:08:42] [0000.375] I> A/B: bin_type (16) slot 0
[2022-03-12 15:08:42] [0000.379] I> Loading partition bpmp-fw at 0xd7800000
[2022-03-12 15:08:42] [0000.384] I> Reading two headers - addr:0xd7800000 blocks:1
[2022-03-12 15:08:42] [0000.389] I> Addr: 0xd7800000, start-block: 58777608, num_blocks: 1
[2022-03-12 15:08:42] [0000.415] I> Binary(16) of size 534416 is loaded @ 0xd7800000
[2022-03-12 15:08:42] [0000.420] W> No valid slot number is found in scratch register
[2022-03-12 15:08:42] [0000.426] W> Return default slot: _a
[2022-03-12 15:08:42] [0000.429] I> A/B: bin_type (17) slot 0
[2022-03-12 15:08:42] [0000.433] I> Loading partition bpmp-fw-dtb at 0xd79f0000
[2022-03-12 15:08:42] [0000.438] I> Reading two headers - addr:0xd79f0000 blocks:1
[2022-03-12 15:08:42] [0000.444] I> Addr: 0xd79f0000, start-block: 58780024, num_blocks: 1
[2022-03-12 15:08:42] [0000.469] I> Binary(17) of size 604720 is loaded @ 0xd796c400
[2022-03-12 15:08:42] [0000.699] I> Loading SCE-FW ...
[2022-03-12 15:08:42] [0000.702] W> No valid slot number is found in scratch register
[2022-03-12 15:08:42] [0000.708] W> Return default slot: _a
[2022-03-12 15:08:42] [0000.711] I> A/B: bin_type (12) slot 0
[2022-03-12 15:08:42] [0000.715] I> Loading partition sce-fw at 0xd7300000
[2022-03-12 15:08:42] [0000.720] I> Reading two headers - addr:0xd7300000 blocks:1
[2022-03-12 15:08:42] [0000.725] I> Addr: 0xd7300000, start-block: 58784120, num_blocks: 1
[2022-03-12 15:08:42] [0000.744] I> Binary(12) of size 125632 is loaded @ 0xd7300000
[2022-03-12 15:08:42] [0000.750] I> Init SCE
[2022-03-12 15:08:42] [0000.752] I> Loading APE-FW ...
[2022-03-12 15:08:42] [0000.755] W> No valid slot number is found in scratch register
[2022-03-12 15:08:42] [0000.761] W> Return default slot: _a
[2022-03-12 15:08:42] [0000.765] I> A/B: bin_type (11) slot 0
[2022-03-12 15:08:42] [0000.768] I> Loading partition adsp-fw at 0xd7400000
[2022-03-12 15:08:42] [0000.773] I> Reading two headers - addr:0xd7400000 blocks:1
[2022-03-12 15:08:42] [0000.778] I> Addr: 0xd7400000, start-block: 58761224, num_blocks: 1
[2022-03-12 15:08:43] [0000.797] I> Binary(11) of size 77216 is loaded @ 0xd7400000
[2022-03-12 15:08:43] [0000.803] I> Copy BTCM section
[2022-03-12 15:08:43] [0000.806] W> No valid slot number is found in scratch register
[2022-03-12 15:08:43] [0000.812] W> Return default slot: _a
[2022-03-12 15:08:43] [0000.815] I> A/B: bin_type (13) slot 0
[2022-03-12 15:08:43] [0000.819] I> Loading partition cpu-bootloader at 0x96000000
[2022-03-12 15:08:43] [0000.824] I> Reading two headers - addr:0x96000000 blocks:1
[2022-03-12 15:08:43] [0000.830] I> Addr: 0x96000000, start-block: 58740744, num_blocks: 1
[2022-03-12 15:08:43] [0000.851] I> Binary(13) of size 308800 is loaded @ 0x96000000
[2022-03-12 15:08:43] [0000.856] W> No valid slot number is found in scratch register
[2022-03-12 15:08:43] [0000.862] W> Return default slot: _a
[2022-03-12 15:08:43] [0000.866] I> A/B: bin_type (20) slot 0
[2022-03-12 15:08:43] [0000.869] I> Loading partition bootloader-dtb at 0x85205400
[2022-03-12 15:08:43] [0000.875] I> Reading two headers - addr:0x85205400 blocks:1
[2022-03-12 15:08:43] [0000.880] I> Addr: 0x85205400, start-block: 58742792, num_blocks: 1
[2022-03-12 15:08:43] [0000.902] I> Binary(20) of size 375568 is loaded @ 0x85205400
[2022-03-12 15:08:43] [0000.908] W> No valid slot number is found in scratch register
[2022-03-12 15:08:43] [0000.913] W> Return default slot: _a
[2022-03-12 15:08:43] [0000.917] I> A/B: bin_type (14) slot 0
[2022-03-12 15:08:43] [0000.920] I> Loading partition secure-os at 0x85305600
[2022-03-12 15:08:43] [0000.925] I> Reading two headers - addr:0x85305600 blocks:1
[2022-03-12 15:08:43] [0000.931] I> Addr: 0x85305600, start-block: 58744840, num_blocks: 1
[2022-03-12 15:08:43] [0000.953] I> Binary(14) of size 402864 is loaded @ 0x85305600
[2022-03-12 15:08:43] [0000.961] I> TOS boot-params @ 0x85000000
[2022-03-12 15:08:43] [0000.965] I> TOS params prepared
[2022-03-12 15:08:43] [0000.968] I> Loading EKS ...
[2022-03-12 15:08:43] [0000.970] I> A/B: bin_type (15) slot 0
[2022-03-12 15:08:43] [0000.974] I> Loading partition eks at 0x85905800
[2022-03-12 15:08:43] [0000.979] I> Reading two headers - addr:0x85905800 blocks:1
[2022-03-12 15:08:43] [0000.984] I> Addr: 0x85905800, start-block: 58757128, num_blocks: 1
[2022-03-12 15:08:43] [0001.003] I> Binary(15) of size 1040 is loaded @ 0x85905800
[2022-03-12 15:08:43] [0001.008] I> EKB detected (length: 0x400) @ 0x85905800
[2022-03-12 15:08:43] [0001.013] I> Copied encrypted keys
[2022-03-12 15:08:43] [0001.017] I> boot profiler @ 0x275844000
[2022-03-12 15:08:43] [0001.021] I> boot profiler for TOS @ 0x275844000
[2022-03-12 15:08:43] [0001.026] I> Unhalting SCE
[2022-03-12 15:08:43] [0001.028] I> Primary Memory Start:80000000 Size:70000000
[2022-03-12 15:08:43] [0001.034] I> Extended Memory Start:f0110000 Size:1856f0000
[2022-03-12 15:08:43] [0001.040] I> MB2(TBoot-BPMP) done
[2022-03-12 15:08:43] 
[2022-03-12 15:08:43] NOTICE:  BL31: v1.3(release):b5eeb33f7
[2022-03-12 15:08:43] NOTICE:  BL31: Built : 12:15:17, Jul 26 2021
[2022-03-12 15:08:43] ipc-unittest-main: 1519: Welcome to IPC unittest!!!
[2022-03-12 15:08:43] ipc-unittest-main: 1531: waiting forever
[2022-03-12 15:08:43] ipc-unittest-srv: 329: Init unittest services!!!
[2022-03-12 15:08:43] hwkey-agent: 41: hwkey-agent is running!!
[2022-03-12 15:08:43] hwkey-agent: 315: key_mgnt_processing .......
[2022-03-12 15:08:43] hwkey-agent: 223: Setting EKB key 0 to slot 14
[2022-03-12 15:08:43] hwkey-agent: 178: Init hweky-agent services!!
[2022-03-12 15:08:43] luks-srv: 40: luks-srv is running!!
[2022-03-12 15:08:43] luks-srv: 157: Init luks-srv IPC services!!
[2022-03-12 15:08:43] platform_bootstrap_epilog: trusty bootstrap complete
[2022-03-12 15:08:43] [0001.413] I> Welcome to Cboot
[2022-03-12 15:08:43] [0001.416] I> Cboot Version: t186-00029e71
[2022-03-12 15:08:43] [0001.420] I> CPU-BL Params @ 0x275800000
[2022-03-12 15:08:43] [0001.423] I>  0) Base:0x00000000 Size:0x00000000
[2022-03-12 15:08:43] [0001.428] I>  1) Base:0x277f00000 Size:0x00100000
[2022-03-12 15:08:43] [0001.432] I>  2) Base:0x277e00000 Size:0x00100000
[2022-03-12 15:08:43] [0001.437] I>  3) Base:0x277d00000 Size:0x00100000
[2022-03-12 15:08:43] [0001.441] I>  4) Base:0x277c00000 Size:0x00100000
[2022-03-12 15:08:43] [0001.446] I>  5) Base:0x277b00000 Size:0x00100000
[2022-03-12 15:08:43] [0001.450] I>  6) Base:0x277800000 Size:0x00200000
[2022-03-12 15:08:43] [0001.455] I>  7) Base:0x277400000 Size:0x00400000
[2022-03-12 15:08:43] [0001.459] I>  8) Base:0x277a00000 Size:0x00100000
[2022-03-12 15:08:43] [0001.464] I>  9) Base:0x277300000 Size:0x00100000
[2022-03-12 15:08:43] [0001.469] I> 10) Base:0x276800000 Size:0x00800000
[2022-03-12 15:08:43] [0001.473] I> 11) Base:0x30000000 Size:0x00040000
[2022-03-12 15:08:43] [0001.477] I> 12) Base:0xf0000000 Size:0x00100000
[2022-03-12 15:08:43] [0001.482] I> 13) Base:0x30040000 Size:0x00001000
[2022-03-12 15:08:43] [0001.486] I> 14) Base:0x30048000 Size:0x00001000
[2022-03-12 15:08:43] [0001.491] I> 15) Base:0x30049000 Size:0x00001000
[2022-03-12 15:08:43] [0001.495] I> 16) Base:0x3004a000 Size:0x00001000
[2022-03-12 15:08:43] [0001.500] I> 17) Base:0x3004b000 Size:0x00001000
[2022-03-12 15:08:43] [0001.504] I> 18) Base:0x3004c000 Size:0x00001000
[2022-03-12 15:08:43] [0001.508] I> 19) Base:0x3004d000 Size:0x00001000
[2022-03-12 15:08:43] [0001.513] I> 20) Base:0x3004e000 Size:0x00001000
[2022-03-12 15:08:43] [0001.517] I> 21) Base:0x3004f000 Size:0x00001000
[2022-03-12 15:08:43] [0001.522] I> 22) Base:0x00000000 Size:0x00000000
[2022-03-12 15:08:43] [0001.526] I> 23) Base:0xf0100000 Size:0x00010000
[2022-03-12 15:08:43] [0001.531] I> 24) Base:0x00000000 Size:0x00000000
[2022-03-12 15:08:43] [0001.535] I> 25) Base:0x00000000 Size:0x00000000
[2022-03-12 15:08:43] [0001.540] I> 26) Base:0x00000000 Size:0x00000000
[2022-03-12 15:08:43] [0001.544] I> 27) Base:0x00000000 Size:0x00000000
[2022-03-12 15:08:43] [0001.548] I> 28) Base:0x84400000 Size:0x00400000
[2022-03-12 15:08:43] [0001.553] I> 29) Base:0x30000000 Size:0x00010000
[2022-03-12 15:08:43] [0001.557] I> 30) Base:0x278000000 Size:0x08000000
[2022-03-12 15:08:43] [0001.562] I> 31) Base:0x00000000 Size:0x00000000
[2022-03-12 15:08:43] [0001.566] I> 32) Base:0x276000000 Size:0x00600000
[2022-03-12 15:08:43] [0001.571] I> 33) Base:0x80000000 Size:0x70000000
[2022-03-12 15:08:43] [0001.575] I> 34) Base:0xf0110000 Size:0x1856f0000
[2022-03-12 15:08:43] [0001.580] I> 35) Base:0x00000000 Size:0x00000000
[2022-03-12 15:08:43] [0001.584] I> 36) Base:0x00000000 Size:0x00000000
[2022-03-12 15:08:43] [0001.589] I> 37) Base:0x2772e0000 Size:0x00020000
[2022-03-12 15:08:43] [0001.593] I> 38) Base:0x84000000 Size:0x00400000
[2022-03-12 15:08:43] [0001.597] I> 39) Base:0x96000000 Size:0x02000000
[2022-03-12 15:08:43] [0001.602] I> 40) Base:0x85000000 Size:0x01200000
[2022-03-12 15:08:43] [0001.606] I> 41) Base:0x275800000 Size:0x00500000
[2022-03-12 15:08:43] [0001.611] I> 42) Base:0x00000000 Size:0x00000000
[2022-03-12 15:08:43] [0001.615] I> 43) Base:0x00000000 Size:0x00000000
[2022-03-12 15:08:43] [0001.620] GIC-SPI Target CPU: 4
[2022-03-12 15:08:43] [0001.623] Interrupts Init done
[2022-03-12 15:08:43] [0001.626] calling constructors
[2022-03-12 15:08:43] [0001.629] initializing heap
[2022-03-12 15:08:43] [0001.632] initializing threads
[2022-03-12 15:08:43] [0001.635] initializing timers
[2022-03-12 15:08:43] [0001.638] creating bootstrap completion thread
[2022-03-12 15:08:43] [0001.643] top of bootstrap2()
[2022-03-12 15:08:43] [0001.646] CPU: ARM Cortex A57
[2022-03-12 15:08:43] [0001.649] CPU: MIDR: 0x411FD073, MPIDR: 0x80000100
[2022-03-12 15:08:43] [0001.654] initializing platform
[2022-03-12 15:08:43] [0001.658] I> Bl_dtb @0x85205400
[2022-03-12 15:08:43] [0001.661] I> gpio framework initialized
[2022-03-12 15:08:43] [0001.667] I> tegrabl_gpio_driver_register: register 'nvidia,tegra186-gpio' driver
[2022-03-12 15:08:43] [0001.677] I> tegrabl_gpio_driver_register: register 'nvidia,tegra186-gpio-aon' driver
[2022-03-12 15:08:43] [0001.685] I> GPIO framework and drivers are initialized.
[2022-03-12 15:08:43] [0001.690] I> Boot-device: eMMC
[2022-03-12 15:08:43] [0001.697] I> sdmmc bdev is already initialized
[2022-03-12 15:08:43] [0001.728] I> Found 19 partitions in SDMMC_BOOT (instance 3)
[2022-03-12 15:08:43] [0001.746] I> Found 33 partitions in SDMMC_USER (instance 3)
[2022-03-12 15:08:43] [0001.751] W> opt-in fuse is not set, skip fuse_burning
[2022-03-12 15:08:43] [0001.756] I> Reserved memory at 0xfbe00000 for U-Boot relocation
[2022-03-12 15:08:43] [0001.762] W> No valid slot number is found in scratch register
[2022-03-12 15:08:43] [0001.768] W> Return default slot: _a
[2022-03-12 15:08:43] [0001.777] I> A/B: bin_type (21) slot 0
[2022-03-12 15:08:43] [0001.781] I> Loading kernel-dtb from partition
[2022-03-12 15:08:43] [0001.785] I> Loading partition kernel-dtb at 0x80000000 from device(0x1)
[2022-03-12 15:08:44] [0001.803] I> Kernel_dtb @0x80000000
[2022-03-12 15:08:44] [0001.806] I> tegrabl_tca9539_init: i2c bus: 0, slave addr: 0xee
[2022-03-12 15:08:44] [0001.816] I> tegrabl_gpio_driver_register: register 'tca9539_gpio_driver' driver
[2022-03-12 15:08:44] [0001.823] I> tegrabl_tca9539_init: i2c bus: 0, slave addr: 0xe8
[2022-03-12 15:08:44] [0001.832] I> tegrabl_gpio_driver_register: register 'tca9539_gpio_driver' driver
[2022-03-12 15:08:44] [0001.843] I> fixed regulator driver initialized
[2022-03-12 15:08:44] [0001.876] I> register 'maxim' power off handle
[2022-03-12 15:08:44] [0001.882] I> virtual i2c enabled
[2022-03-12 15:08:44] [0001.885] I> registered 'maxim,max77620' pmic
[2022-03-12 15:08:44] [0001.890] I> tegrabl_gpio_driver_register: register 'max77620-gpio' driver
[2022-03-12 15:08:44] [0001.904] E> failed to read label property for node 324936: 13
[2022-03-12 15:08:44] [0001.912] E> failed to read reg property for node 325032: 13
[2022-03-12 15:08:44] [0001.920] E> failed to read reg property for node 325084: 13
[2022-03-12 15:08:44] [0001.929] E> failed to read label property for node 325168: 13
[2022-03-12 15:08:44] [0001.937] E> failed to read label property for node 325236: 13
[2022-03-12 15:08:44] [0001.945] E> failed to read reg property for node 325304: 13
[2022-03-12 15:08:44] [0001.954] E> failed to read reg property for node 325376: 13
[2022-03-12 15:08:44] [0001.964] I> Find /i2c@c250000's alias i2c7
[2022-03-12 15:08:44] [0001.968] I> Reading eeprom i2c=7 address=0x50
[2022-03-12 15:08:44] [0001.997] I> Device at /i2c@c250000:0x50
[2022-03-12 15:08:44] [0002.001] I> Reading eeprom i2c=7 address=0x57
[2022-03-12 15:08:44] [0002.030] I> Device at /i2c@c250000:0x57
[2022-03-12 15:08:44] [0002.034] I> Find /i2c@c240000's alias i2c1
[2022-03-12 15:08:44] [0002.038] I> Reading eeprom i2c=1 address=0x51
[2022-03-12 15:08:44] [0002.043] E> I2C: slave not found in slaves.
[2022-03-12 15:08:44] [0002.047] E> I2C: Could not write 0 bytes to slave: 0x00a2 with repeat start true.
[2022-03-12 15:08:44] [0002.055] E> I2C_DEV: Failed to send register address 0x00000000.
[2022-03-12 15:08:44] [0002.061] E> I2C_DEV: Could not read 256 registers of size 1 from slave 0xa2 at 0x00000000 via instance 1.
[2022-03-12 15:08:44] [0002.070] E> eeprom: Retry to read I2C slave device.
[2022-03-12 15:08:44] [0002.075] E> I2C: slave not found in slaves.
[2022-03-12 15:08:44] [0002.079] E> I2C: Could not write 0 bytes to slave: 0x00a2 with repeat start true.
[2022-03-12 15:08:44] [0002.087] E> I2C_DEV: Failed to send register address 0x00000000.
[2022-03-12 15:08:44] [0002.093] E> I2C_DEV: Could not read 256 registers of size 1 from slave 0xa2 at 0x00000000 via instance 1.
[2022-03-12 15:08:44] [0002.102] E> eeprom: Failed to read I2C slave device
[2022-03-12 15:08:44] [0002.107] I> Eeprom read failed 0x3526070d
[2022-03-12 15:08:44] [0002.112] I> Find /i2c@3160000's alias i2c0
[2022-03-12 15:08:44] [0002.116] I> Reading eeprom i2c=0 address=0x50
[2022-03-12 15:08:44] [0002.120] E> I2C: slave not found in slaves.
[2022-03-12 15:08:44] [0002.124] E> I2C: Could not write 0 bytes to slave: 0x00a0 with repeat start true.
[2022-03-12 15:08:44] [0002.132] E> I2C_DEV: Failed to send register address 0x00000000.
[2022-03-12 15:08:44] [0002.138] E> I2C_DEV: Could not read 256 registers of size 1 from slave 0xa0 at 0x00000000 via instance 0.
[2022-03-12 15:08:44] [0002.147] E> eeprom: Failed to read I2C slave device
[2022-03-12 15:08:44] [0002.152] I> Eeprom read failed 0x3526070d
[2022-03-12 15:08:44] [0002.157] I> Find /i2c@3180000's alias i2c2
[2022-03-12 15:08:44] [0002.161] I> Reading eeprom i2c=2 address=0x54
[2022-03-12 15:08:44] [0002.165] I> Enabling gpio chip_id = 2, gpio pin = 9
[2022-03-12 15:08:44] [0002.196] I> Disabling gpio chip_id = 2, gpio pin = 9
[2022-03-12 15:08:44] [0002.201] I> Device at /i2c@3180000:0x54
[2022-03-12 15:08:44] [0002.205] I> Reading eeprom i2c=2 address=0x57
[2022-03-12 15:08:44] [0002.209] I> Enabling gpio chip_id = 2, gpio pin = 9
[2022-03-12 15:08:44] [0002.215] E> I2C: slave not found in slaves.
[2022-03-12 15:08:44] [0002.219] E> I2C: Could not write 0 bytes to slave: 0x00ae with repeat start true.
[2022-03-12 15:08:44] [0002.226] E> I2C_DEV: Failed to send register address 0x00000000.
[2022-03-12 15:08:44] [0002.232] E> I2C_DEV: Could not read 256 registers of size 1 from slave 0xae at 0x00000000 via instance 2.
[2022-03-12 15:08:44] [0002.242] E> eeprom: Failed to read I2C slave device
[2022-03-12 15:08:44] [0002.247] I> Disabling gpio chip_id = 2, gpio pin = 9
[2022-03-12 15:08:44] [0002.252] I> Eeprom read failed 0x00000000
[2022-03-12 15:08:44] [0002.256] I> create_pm_ids: id: 3310-1000-D00-L, len: 15
[2022-03-12 15:08:44] [0002.261] I> config: mem-type:00,power-config:00,misc-config:00,modem-config:00,touch-config:00,display-config:00,, len: 93
[2022-03-12 15:08:44] [0002.272] I> create_pm_ids: id: 2597-0000-900-E, len: 15
[2022-03-12 15:08:44] [0002.277] I> config: mem-type:00,power-config:00,misc-config:00,modem-config:00,touch-config:00,display-config:00,, len: 93
[2022-03-12 15:08:44] [0002.288] I> create_pm_ids: id: 3326-1000-000-M, len: 15
[2022-03-12 15:08:44] [0002.293] I> config: mem-type:ff,power-config:ff,misc-config:ff,modem-config:ff,touch-config:ff,display-config:ff,, len: 93
[2022-03-12 15:08:44] [0002.328] I> enabling 'vdd-hdmi' regulator
[2022-03-12 15:08:44] [0002.344] I> regulator 'vdd-hdmi' already enabled
[2022-03-12 15:08:44] [0002.348] E> tegrabl_display_init_regulator: hdmi cable is not connected
[2022-03-12 15:08:44] [0002.355] E> tegrabl_display_get_pdata, failed to parse dtb settings
[2022-03-12 15:08:44] [0002.364] E> cannot find any other nvdisp nodes
[2022-03-12 15:08:44] [0002.368] E> no valid display unit config found in dtb
[2022-03-12 15:08:44] [0002.374] W> display init failed
[2022-03-12 15:08:44] [0002.377] initializing target
[2022-03-12 15:08:44] [0002.380] calling apps_init()
[2022-03-12 15:08:44] [0002.383] starting app kernel_boot_app
[2022-03-12 15:08:44] [0002.405] I> found decompressor handler: lz4-legacy
[2022-03-12 15:08:44] [0002.410] I> decompressing BMP blob ...
[2022-03-12 15:08:44] [0002.422] I> Kernel type = Normal
[2022-03-12 15:08:44] [0002.425] I> ########## Fixed storage boot ##########
[2022-03-12 15:08:44] [0002.430] I> Loading kernel-bootctrl from partition
[2022-03-12 15:08:44] [0002.435] I> Loading partition kernel-bootctrl at 0xa8000000 from device(0x1)
[2022-03-12 15:08:44] [0002.449] W> tegrabl_get_kernel_bootctrl: magic number(0x00000000) is invalid
[2022-03-12 15:08:44] [0002.456] W> tegrabl_get_kernel_bootctrl: use default dummy boot control data
[2022-03-12 15:08:44] [0002.463] W> No valid slot number is found in scratch register
[2022-03-12 15:08:44] [0002.469] W> Return default slot: _a
[2022-03-12 15:08:44] [0002.472] I> A/B: bin_type (24) slot 0
[2022-03-12 15:08:44] [0002.488] I> Boot image size read from image header: 9913d
[2022-03-12 15:08:44] [0002.493] I> Boot image load address: 0x80400000
[2022-03-12 15:08:44] [0002.497] I> Loading kernel from partition
[2022-03-12 15:08:44] [0002.501] I> Loading partition kernel at 0x80400000 from device(0x1)
[2022-03-12 15:08:45] [0003.444] I> Validate kernel ...
[2022-03-12 15:08:45] [0003.447] I> T18x: Authenticate kernel (bin_type 24), max size 0x4000000
[2022-03-12 15:08:45] [0003.455] I> Decrypt the buffer ... [0003.458] W> tegrabl_decrypt_block: fuse (0x0) is not burnt to do encryption (0x4); skip decryption.
[2022-03-12 15:08:45] [0003.467] I> done
[2022-03-12 15:08:45] [0003.469] I> Checking boot.img header magic ... [0003.473] I> [OK]
[2022-03-12 15:08:45] [0003.475] I> kernel-dtb is already loaded
[2022-03-12 15:08:45] [0003.479] I> Validate kernel-dtb ...
[2022-03-12 15:08:45] [0003.482] I> T18x: Authenticate kernel-dtb (bin_type 21), max size 0x100000
[2022-03-12 15:08:45] [0003.490] I> Decrypt the buffer ... [0003.493] W> tegrabl_decrypt_block: fuse (0x0) is not burnt to do encryption (0x4); skip decryption.
[2022-03-12 15:08:45] [0003.502] I> done
[2022-03-12 15:08:45] [0003.504] I> Kernel hdr @0x80400000
[2022-03-12 15:08:45] [0003.507] I> Kernel dtb @0x80000000
[2022-03-12 15:08:45] [0003.510] I> decompressor handler not found
[2022-03-12 15:08:45] [0003.514] I> Copying kernel image (627005 bytes) from 0x80400800 to 0x80600000 ... [0003.522] I> Done
[2022-03-12 15:08:45] [0003.524] I> Move ramdisk (len: 0) from 0x8049a000 to 0x947d0000
[2022-03-12 15:08:45] [0003.531] I> Updated bpmp info to DTB
[2022-03-12 15:08:45] [0003.537] I> Ramdisk: Base: 0x947d0000; Size: 0x0
[2022-03-12 15:08:45] [0003.542] I> Updated initrd info to DTB
[2022-03-12 15:08:45] [0003.545] W> WARN: Fail to override "console=none" in commandline
[2022-03-12 15:08:45] [0003.551] I> Active rootfs suffix: 
[2022-03-12 15:08:45] [0003.555] E> tegrabl_linuxboot_add_disp_param, du 0 failed to get display params
[2022-03-12 15:08:45] [0003.562] E> tegrabl_linuxboot_add_disp_param, du 0 failed to get display params
[2022-03-12 15:08:45] [0003.569] E> tegrabl_linuxboot_add_disp_param, du 0 failed to get display params
[2022-03-12 15:08:45] [0003.576] I> disabled_core_mask: 0xffffff0c
[2022-03-12 15:08:45] [0003.580] W> No valid slot number is found in scratch register
[2022-03-12 15:08:45] [0003.586] W> Return default slot: _a
[2022-03-12 15:08:45] [0003.589] I> Active slot suffix: 
[2022-03-12 15:08:45] [0003.592] I> add_boot_slot_suffix: slot_suffix = 
[2022-03-12 15:08:45] [0003.597] I> Linux Cmdline: console=ttyS0,115200 androidboot.presilicon=true firmware_class.path=/etc/firmware root=/dev/mmcblk0p1 rw rootwait rootfstype=ext4 console=ttyS0,115200n8 console=tty0 fbcon=map:0 net.ifnames=0 isolcpus=1-2  video=tegrafb earlycon=uart8250,mmio32,0x3100000 nvdumper_reserved=0x2772e0000 gpt rootfs.slot_suffix= usbcore.old_scheme_first=1 tegraid=18.1.2.0.0 maxcpus=6 no_console_suspend boot.slot_suffix= boot.ratchetvalues=0.2031647.1 vpr_resize bl_prof_dataptr=0x10000@0x275840000 sdhci_tegra.en_boot_part_access=1 
[2022-03-12 15:08:45] [0003.644] I> Updated bootarg info to DTB
[2022-03-12 15:08:45] [0003.648] I> eeprom_get_mac_addr: MAC (type: 0): 48:b0:2d:0f:11:c5
[2022-03-12 15:08:45] [0003.654] I> eeprom_get_mac_addr: MAC (type: 1): 48:b0:2d:0f:11:c6
[2022-03-12 15:08:45] [0003.661] I> eeprom_get_mac_addr: MAC (type: 2): 48:b0:2d:0f:11:c7
[2022-03-12 15:08:45] [0003.667] E> Found no plugin manager ids in source DT
[2022-03-12 15:08:45] [0003.672] W> Add plugin manager ids from board info
[2022-03-12 15:08:45] [0003.677] W> "plugin-manager" doesn't exist, creating
[2022-03-12 15:08:45] [0003.681] W> "ids" doesn't exist, creating
[2022-03-12 15:08:45] [0003.685] W> "connection" doesn't exist, creating
[2022-03-12 15:08:45] [0003.690] W> "configs" doesn't exist, creating
[2022-03-12 15:08:45] [0003.694] I> create_pm_ids: id: 3310-1000-D00-L, len: 15
[2022-03-12 15:08:45] [0003.700] I> config: mem-type:00,power-config:00,misc-config:00,modem-config:00,touch-config:00,display-config:00,, len: 93
[2022-03-12 15:08:45] [0003.710] I> create_pm_ids: id: 2597-0000-900-E, len: 15
[2022-03-12 15:08:45] [0003.716] I> config: mem-type:00,power-config:00,misc-config:00,modem-config:00,touch-config:00,display-config:00,, len: 93
[2022-03-12 15:08:45] [0003.727] I> create_pm_ids: id: 3326-1000-000-M, len: 15
[2022-03-12 15:08:45] [0003.732] I> config: mem-type:ff,power-config:ff,misc-config:ff,modem-config:ff,touch-config:ff,display-config:ff,, len: 93
[2022-03-12 15:08:45] [0003.743] I> Adding plugin-manager/ids/3310-1000-D00=/i2c@c250000:module@0x50
[2022-03-12 15:08:45] [0003.750] W> "i2c@c250000" doesn't exist, creating
[2022-03-12 15:08:45] [0003.755] W> "module@0x50" doesn't exist, creating
[2022-03-12 15:08:45] [0003.760] I> Adding plugin-manager/ids/2597-0000-900=/i2c@c250000:module@0x57
[2022-03-12 15:08:45] [0003.767] W> "module@0x57" doesn't exist, creating
[2022-03-12 15:08:45] [0003.772] I> Adding plugin-manager/ids/3326-1000-000=/i2c@3180000:module@0x54
[2022-03-12 15:08:45] [0003.779] W> "i2c@3180000" doesn't exist, creating
[2022-03-12 15:08:45] [0003.784] W> "module@0x54" doesn't exist, creating
[2022-03-12 15:08:45] [0003.791] I> Adding plugin-manager/ids/3310-1000-D00-L
[2022-03-12 15:08:46] [0003.798] I> Adding plugin-manager/configs/3310-mem-type 00
[2022-03-12 15:08:46] [0003.803] I> Adding plugin-manager/configs/3310-power-config 00
[2022-03-12 15:08:46] [0003.809] I> Adding plugin-manager/configs/3310-misc-config 00
[2022-03-12 15:08:46] [0003.815] I> Adding plugin-manager/configs/3310-modem-config 00
[2022-03-12 15:08:46] [0003.821] I> Adding plugin-manager/configs/3310-touch-config 00
[2022-03-12 15:08:46] [0003.827] I> Adding plugin-manager/configs/3310-display-config 00
[2022-03-12 15:08:46] [0003.833] I> Adding plugin-manager/cvm
[2022-03-12 15:08:46] [0003.837] W> "chip-id" doesn't exist, creating
[2022-03-12 15:08:46] [0003.841] I> Adding plugin-manager/chip-id/A02P
[2022-03-12 15:08:46] [0003.846] W> "odm-data" doesn't exist, creating
[2022-03-12 15:08:46] [0003.850] I> Adding /chosen/plugin-manager/odm-data
[2022-03-12 15:08:46] [0003.860] I> added [base:0x80000000, size:0x70000000] to /memory
[2022-03-12 15:08:46] [0003.866] I> added [base:0xf0200000, size:0x185600000] to /memory
[2022-03-12 15:08:46] [0003.872] I> added [base:0x275e00000, size:0x200000] to /memory
[2022-03-12 15:08:46] [0003.878] I> added [base:0x276600000, size:0x200000] to /memory
[2022-03-12 15:08:46] [0003.884] I> added [base:0x277000000, size:0x200000] to /memory
[2022-03-12 15:08:46] [0003.889] I> Updated memory info to DTB
[2022-03-12 15:08:46] [0003.894] E> add_disp_param: failed to get display params for du=0
[2022-03-12 15:08:46] [0003.902] W> "reset" doesn't exist, creating
[2022-03-12 15:08:46] [0003.906] W> "pmc-reset-reason" doesn't exist, creating
[2022-03-12 15:08:46] [0003.911] W> "pmic-reset-reason" doesn't exist, creating
[2022-03-12 15:08:46] [0003.918] I> Adding ecid(00000001646db7851000000013038200) to DT
[2022-03-12 15:08:46] [0003.924] I> disabled_core_mask: 0xffffff0c
[2022-03-12 15:08:46] [0003.936] I> Add serial number:1422420022173 as DT property
[2022-03-12 15:08:46] [0003.945] I> Plugin-manager override starting
[2022-03-12 15:08:46] [0003.951] I> node /plugin-manager/fragement@0 matches
[2022-03-12 15:08:46] [0003.961] I> node /plugin-manager/fragement@4 matches
[2022-03-12 15:08:46] [0003.974] I> node /plugin-manager/fragment-sdwake-p3310-1000-300 matches
[2022-03-12 15:08:46] [0003.994] I> node /plugin-manager/fragement-pmon-p3310-1000-300 matches
[2022-03-12 15:08:46] [0004.004] I> node /plugin-manager/fragement-pmon-p3310-1000-800 matches
[2022-03-12 15:08:46] [0004.013] I> node /plugin-manager/fragment-devslp@0 matches
[2022-03-12 15:08:46] [0004.025] I> node /plugin-manager/fragment-500-pcie-config matches
[2022-03-12 15:08:46] [0004.040] I> node /plugin-manager/fragment-500-xusb-config matches
[2022-03-12 15:08:46] [0004.063] I> node /plugin-manager/fragment-p3310-c00-comm matches
[2022-03-12 15:08:46] [0004.077] I> node /plugin-manager/fragment-p3310-c00-pmic matches
[2022-03-12 15:08:46] [0004.087] I> node /plugin-manager/fragment-p3310-c01 matches
[2022-03-12 15:08:46] [0004.100] I> node /plugin-manager/fragment-p3310-c03 matches
[2022-03-12 15:08:46] [0004.143] I> node /plugin-manager/fragment-e3326@0 matches
[2022-03-12 15:08:46] [0004.225] I> node /plugin-manager/fragment-p3310-c00-camera matches
[2022-03-12 15:08:46] [0004.252] I> Disable plugin-manager status in FDT
[2022-03-12 15:08:46] [0004.257] I> Plugin-manager override finished successfully
[2022-03-12 15:08:46] [0004.262] I> tegrabl_load_kernel_and_dtb: Done
[2022-03-12 15:08:46] [0004.266] E> tegrabl_display_clear: display is not initialized
[2022-03-12 15:08:46] [0004.272] W> Boot logo display failed...
[2022-03-12 15:08:46] [0004.276] I> Kernel EP: 0x80600000, DTB: 0x80000000
[2022-03-12 15:08:46] 
[2022-03-12 15:08:46] 
[2022-03-12 15:08:46] U-Boot 2020.04-g46e4604c78 (Jul 26 2021 - 12:10:58 -0700)
[2022-03-12 15:08:46] 
[2022-03-12 15:08:46] SoC: tegra186
[2022-03-12 15:08:46] Model: NVIDIA P2771-0000-500
[2022-03-12 15:08:46] Board: NVIDIA P2771-0000
[2022-03-12 15:08:46] DRAM:  7.8 GiB
[2022-03-12 15:08:46] MMC:   sdhci@3400000: 1, sdhci@3460000: 0
[2022-03-12 15:08:46] Loading Environment from MMC... *** Warning - bad CRC, using default environment
[2022-03-12 15:08:46] 
[2022-03-12 15:08:46] In:    serial
[2022-03-12 15:08:46] Out:   serial
[2022-03-12 15:08:46] Err:   serial
[2022-03-12 15:08:46] Net:   
[2022-03-12 15:08:46] Warning: ethernet@2490000 using MAC address from ROM
[2022-03-12 15:08:46] eth0: ethernet@2490000
[2022-03-12 15:08:46] Hit any key to stop autoboot:  2  1  0 
[2022-03-12 15:08:48] MMC: no card present
[2022-03-12 15:08:48] switch to partitions #0, OK
[2022-03-12 15:08:48] mmc0(part 0) is current device
[2022-03-12 15:08:49] Scanning mmc 0:1...
[2022-03-12 15:08:49] Found /boot/extlinux/extlinux.conf
[2022-03-12 15:08:49] Retrieving file: /boot/extlinux/extlinux.conf
[2022-03-12 15:08:49] 858 bytes read in 22 ms (38.1 KiB/s)
[2022-03-12 15:08:49] 1:	primary kernel
[2022-03-12 15:08:49] Retrieving file: /boot/initrd
[2022-03-12 15:08:49] 7238344 bytes read in 201 ms (34.3 MiB/s)
[2022-03-12 15:08:49] Retrieving file: /boot/Image
[2022-03-12 15:08:50] 34484232 bytes read in 830 ms (39.6 MiB/s)
[2022-03-12 15:08:50] append: console=ttyS0,115200 androidboot.presilicon=true firmware_class.path=/etc/firmware root=/dev/mmcblk0p1 rw rootwait rootfstype=ext4 console=ttyS0,115200n8 console=tty0 fbcon=map:0 net.ifnames=0 isolcpus=1-2  video=tegrafb earlycon=uart8250,mmio32,0x3100000 nvdumper_reserved=0x2772e0000 gpt rootfs.slot_suffix= usbcore.old_scheme_first=1 tegraid=18.1.2.0.0 maxcpus=6 no_console_suspend boot.slot_suffix= boot.ratchetvalues=0.2031647.1 vpr_resize bl_prof_dataptr=0x10000@0x275840000 sdhci_tegra.en_boot_part_access=1 quiet root=/dev/mmcblk0p1 rw rootwait rootfstype=ext4 console=ttyS0,115200n8 console=tty0 fbcon=map:0 net.ifnames=0 isolcpus=1-2 
[2022-03-12 15:08:50] ## Flattened Device Tree blob at 80000000
[2022-03-12 15:08:50]    Booting using the fdt blob at 0x80000000
[2022-03-12 15:08:50] ERROR: reserving fdt memory region failed (addr=0 size=0)
[2022-03-12 15:08:50] ERROR: reserving fdt memory region failed (addr=0 size=0)
[2022-03-12 15:08:50] ERROR: reserving fdt memory region failed (addr=0 size=0)
[2022-03-12 15:08:50]    Using Device Tree in place at 0000000080000000, end 0000000080060aa3
[2022-03-12 15:08:50] copying carveout for /host1x@13e00000/display-hub@15200000/display@15200000...
[2022-03-12 15:08:50] copying carveout for /host1x@13e00000/display-hub@15200000/display@15210000...
[2022-03-12 15:08:50] copying carveout for /host1x@13e00000/display-hub@15200000/display@15220000...
[2022-03-12 15:08:50] 
[2022-03-12 15:08:50] Starting kernel ...
[2022-03-12 15:08:50] 
[2022-03-12 15:08:50] [    0.000000] Booting Linux on physical CPU 0x100
[2022-03-12 15:08:50] [    0.000000] Linux version 4.9.253-tegra (buildbrain@mobile-u64-5497-d3000) (gcc version 7.3.1 20180425 [linaro-7.3-2018.05 revision d29120a424ecfbc167ef90065c0eeb7f91977701] (Linaro GCC 7.3-2018.05) ) #1 SMP PREEMPT Mon Jul 26 12:19:28 PDT 2021
[2022-03-12 15:08:50] [    0.000000] Boot CPU: AArch64 Processor [411fd073]
[2022-03-12 15:08:50] [    0.000000] OF: fdt:memory scan node memory@80000000, reg size 80,
[2022-03-12 15:08:50] [    0.000000] OF: fdt: - 80000000 ,  70000000
[2022-03-12 15:08:50] [    0.000000] OF: fdt: - f0200000 ,  185600000
[2022-03-12 15:08:50] [    0.000000] OF: fdt: - 275e00000 ,  200000
[2022-03-12 15:08:50] [    0.000000] OF: fdt: - 276600000 ,  200000
[2022-03-12 15:08:50] [    0.000000] OF: fdt: - 277000000 ,  200000
[2022-03-12 15:08:50] [    0.000000] earlycon: uart8250 at MMIO32 0x0000000003100000 (options '')
[2022-03-12 15:08:50] [    0.000000] bootconsole [uart8250] enabled
[2022-03-12 15:08:52] [    1.921230] cgroup: cgroup2: unknown option "nsdelegate"
[2022-03-12 15:08:53] [    2.893229] using random self ethernet address
[2022-03-12 15:08:53] [    2.897728] using random host ethernet address
[2022-03-12 15:08:54] [    3.275877] random: crng init done
[2022-03-12 15:08:54] [    3.279285] random: 7 urandom warning(s) missed due to ratelimiting
[2022-03-12 15:08:54] [    3.538882] using random self ethernet address
[2022-03-12 15:08:54] [    3.550372] using random host ethernet address
[2022-03-12 15:08:54] [    3.871031] CPU1: shutdown
[2022-03-12 15:08:54] [    3.919724] CPU2: shutdown
[2022-03-12 15:08:55] [    5.014715] Bridge firewalling registered
[2022-03-12 15:08:59] 
[2022-03-12 15:08:59] Ubuntu 18.04.5 LTS JTX2-A ttyS0
[2022-03-12 15:08:59] 
[2022-03-12 15:08:59] JTX2-A login: [   45.053830] CPU0: SError detected, daif=1c0, spsr=0x800000c5, mpidr=80000100, esr=bf40c000
[2022-03-12 15:09:35] [   45.053832] CPU4: SError detected, daif=1c0, spsr=0x80000000, mpidr=80000102, esr=bf40c000
[2022-03-12 15:09:35] [   45.053835] CPU3: SError detected, daif=1c0, spsr=0x60000000, mpidr=80000101, esr=bf40c000
[2022-03-12 15:09:35] [   45.053838] CPU5: SError detected, daif=1c0, spsr=0x800000c5, mpidr=80000103, esr=bf40c000
[2022-03-12 15:09:35] [   45.056125] ROC:CCE Machine Check Error:
[2022-03-12 15:10:50] [  119.652574] CPU4: SError detected, daif=1c0, spsr=0x80000000, mpidr=80000102, esr=bf40c000
[2022-03-12 15:10:50] [  119.660833] **************************************
[2022-03-12 15:10:50] [  119.665623] A57 CPU Memory Error on CPU 4 (A57 Core 2)
[2022-03-12 15:10:50] [  119.670761] 	ESR:               0xbf40c000
[2022-03-12 15:10:50] [  119.674865] 	CPUMERRSR: 0x89000930
[2022-03-12 15:10:50] [  119.678276] 	Data L1 Data RAM: 0x9
[2022-03-12 15:10:50] [  119.681685] 	Bank/Way of Error:  0x0
[2022-03-12 15:10:50] [  119.685265] 	Index of Error:     0x930
[2022-03-12 15:10:50] [  119.689018] 	Repeat Error Count: 0
[2022-03-12 15:10:50] [  119.692423] 	Other Error Count:  0
[2022-03-12 15:10:50] [  119.695829] 	L2MERRSR: 0x6009101cfc0
[2022-03-12 15:10:50] [  119.699409] 	L2 Data RAM: 0x11
[2022-03-12 15:10:50] [  119.702467] 	CPU ID of Error:    0
[2022-03-12 15:10:50] [  119.705874] 	WAY of Error:       0
[2022-03-12 15:10:50] [  119.709280] 	Index of Error:     118720
[2022-03-12 15:10:50] [  119.713119] 	Repeat Error Count: 0
[2022-03-12 15:10:50] [  119.716525] 	Other Error Count:  6
[2022-03-12 15:10:50] [  119.719929] **************************************
[2022-03-12 15:10:50] [  119.725185] ROC:CCE Machine Check Error:
[2022-03-12 15:10:50] [  119.729396] Bad mode in Error handler detected on CPU4, code 0xbf40c000 -- SError
[2022-03-12 15:10:50] [  119.736887] Kernel panic - not syncing: bad mode
[2022-03-12 15:10:50] [  119.741518] CPU: 4 PID: 8641 Comm: mmult Not tainted 4.9.253-tegra #1
[2022-03-12 15:10:50] [  119.747962] Hardware name: quill (DT)
[2022-03-12 15:10:50] [  119.751631] Call trace:
[2022-03-12 15:10:50] [  119.754104] [<ffffff800808ba40>] dump_backtrace+0x0/0x198
[2022-03-12 15:10:50] [  119.759515] [<ffffff800808c004>] show_stack+0x24/0x30
[2022-03-12 15:10:50] [  119.764581] [<ffffff8008f6121c>] dump_stack+0xa0/0xc4
[2022-03-12 15:10:50] [  119.769644] [<ffffff8008f5e2c0>] panic+0x12c/0x2a8
[2022-03-12 15:10:50] [  119.774446] [<ffffff800808c894>] bad_mode+0x7c/0x80
[2022-03-12 15:10:50] [  119.779336] [<ffffff800808ca5c>] handle_serr+0x124/0x128
[2022-03-12 15:10:50] [  119.784655] [<ffffff8008082f20>] el0_serr+0xf4/0xfc
[2022-03-12 15:10:50] [  119.789544] SMP: stopping secondary CPUs
[2022-03-12 15:10:50] [  119.793485] Kernel Offset: disabled
[2022-03-12 15:10:50] [  119.796978] Memory Limit: none
[2022-03-12 15:10:50] [  119.800039] trusty-log panic notifier - trusty version Built: 12:20:14 Jul 26 2021 [  119.835956] Rebooting in 5 seconds..
[2022-03-12 15:10:55] [0000.163] I> Welcome to MB2(TBoot-BPMP)(version: 01.00.160913-t186-M-00.00-mobile-c368a720)
[2022-03-12 15:10:55] [0000.172] I> Boot-device: eMMC
[2022-03-12 15:10:55] [0000.179] I> sdmmc bdev is already initialized
[2022-03-12 15:10:55] [0000.184] I> pmic: reset reason (nverc)	: 0x0
[2022-03-12 15:10:55] [0000.216] I> Found 19 partitions in SDMMC_BOOT (instance 3)
[2022-03-12 15:10:55] [0000.236] I> Found 33 partitions in SDMMC_USER (instance 3)
[2022-03-12 15:10:55] [0000.242] W> No valid slot number is found in scratch register
[2022-03-12 15:10:55] [0000.248] W> Return default slot: _a
[2022-03-12 15:10:55] [0000.251] I> A/B: bin_type (16) slot 0
[2022-03-12 15:10:55] [0000.255] I> Loading partition bpmp-fw at 0xd7800000
[2022-03-12 15:10:56] [0000.260] I> Reading two headers - addr:0xd7800000 blocks:1
[2022-03-12 15:10:56] [0000.265] I> Addr: 0xd7800000, start-block: 58777608, num_blocks: 1
[2022-03-12 15:10:56] [0000.290] I> Binary(16) of size 534416 is loaded @ 0xd7800000
[2022-03-12 15:10:56] [0000.296] W> No valid slot number is found in scratch register
[2022-03-12 15:10:56] [0000.301] W> Return default slot: _a
[2022-03-12 15:10:56] [0000.305] I> A/B: bin_type (17) slot 0
[2022-03-12 15:10:56] [0000.308] I> Loading partition bpmp-fw-dtb at 0xd79f0000
[2022-03-12 15:10:56] [0000.314] I> Reading two headers - addr:0xd79f0000 blocks:1
[2022-03-12 15:10:56] [0000.319] I> Addr: 0xd79f0000, start-block: 58780024, num_blocks: 1
[2022-03-12 15:10:56] [0000.345] I> Binary(17) of size 604720 is loaded @ 0xd796c400
[2022-03-12 15:10:56] [0000.575] I> Loading SCE-FW ...
[2022-03-12 15:10:56] [0000.578] W> No valid slot number is found in scratch register
[2022-03-12 15:10:56] [0000.583] W> Return default slot: _a
[2022-03-12 15:10:56] [0000.587] I> A/B: bin_type (12) slot 0
[2022-03-12 15:10:56] [0000.590] I> Loading partition sce-fw at 0xd7300000
[2022-03-12 15:10:56] [0000.595] I> Reading two headers - addr:0xd7300000 blocks:1
[2022-03-12 15:10:56] [0000.601] I> Addr: 0xd7300000, start-block: 58784120, num_blocks: 1
[2022-03-12 15:10:56] [0000.620] I> Binary(12) of size 125632 is loaded @ 0xd7300000
[2022-03-12 15:10:56] [0000.626] I> Init SCE
[2022-03-12 15:10:56] [0000.628] I> Loading APE-FW ...
[2022-03-12 15:10:56] [0000.631] W> No valid slot number is found in scratch register
[2022-03-12 15:10:56] [0000.637] W> Return default slot: _a
[2022-03-12 15:10:56] [0000.640] I> A/B: bin_type (11) slot 0
[2022-03-12 15:10:56] [0000.644] I> Loading partition adsp-fw at 0xd7400000
[2022-03-12 15:10:56] [0000.648] I> Reading two headers - addr:0xd7400000 blocks:1
[2022-03-12 15:10:56] [0000.654] I> Addr: 0xd7400000, start-block: 58761224, num_blocks: 1
[2022-03-12 15:10:56] [0000.673] I> Binary(11) of size 77216 is loaded @ 0xd7400000
[2022-03-12 15:10:56] [0000.679] I> Copy BTCM section
[2022-03-12 15:10:56] [0000.682] W> No valid slot number is found in scratch register
[2022-03-12 15:10:56] [0000.687] W> Return default slot: _a
[2022-03-12 15:10:56] [0000.691] I> A/B: bin_type (13) slot 0
[2022-03-12 15:10:56] [0000.694] I> Loading partition cpu-bootloader at 0x96000000
[2022-03-12 15:10:56] [0000.700] I> Reading two headers - addr:0x96000000 blocks:1
[2022-03-12 15:10:56] [0000.705] I> Addr: 0x96000000, start-block: 58740744, num_blocks: 1
[2022-03-12 15:10:56] [0000.726] I> Binary(13) of size 308800 is loaded @ 0x96000000
[2022-03-12 15:10:56] [0000.732] W> No valid slot number is found in scratch register
[2022-03-12 15:10:56] [0000.738] W> Return default slot: _a
[2022-03-12 15:10:56] [0000.741] I> A/B: bin_type (20) slot 0
[2022-03-12 15:10:56] [0000.745] I> Loading partition bootloader-dtb at 0x85205400
[2022-03-12 15:10:56] [0000.750] I> Reading two headers - addr:0x85205400 blocks:1
[2022-03-12 15:10:56] [0000.756] I> Addr: 0x85205400, start-block: 58742792, num_blocks: 1
[2022-03-12 15:10:56] [0000.778] I> Binary(20) of size 375568 is loaded @ 0x85205400
[2022-03-12 15:10:56] [0000.783] W> No valid slot number is found in scratch register
[2022-03-12 15:10:56] [0000.789] W> Return default slot: _a
[2022-03-12 15:10:56] [0000.792] I> A/B: bin_type (14) slot 0
[2022-03-12 15:10:56] [0000.796] I> Loading partition secure-os at 0x85305600
[2022-03-12 15:10:56] [0000.801] I> Reading two headers - addr:0x85305600 blocks:1
[2022-03-12 15:10:56] [0000.807] I> Addr: 0x85305600, start-block: 58744840, num_blocks: 1
[2022-03-12 15:10:56] [0000.829] I> Binary(14) of size 402864 is loaded @ 0x85305600
[2022-03-12 15:10:56] [0000.836] I> TOS boot-params @ 0x85000000
[2022-03-12 15:10:56] [0000.840] I> TOS params prepared
[2022-03-12 15:10:56] [0000.843] I> Loading EKS ...
[2022-03-12 15:10:56] [0000.846] I> A/B: bin_type (15) slot 0
[2022-03-12 15:10:56] [0000.850] I> Loading partition eks at 0x85905800
[2022-03-12 15:10:56] [0000.854] I> Reading two headers - addr:0x85905800 blocks:1
[2022-03-12 15:10:56] [0000.860] I> Addr: 0x85905800, start-block: 58757128, num_blocks: 1
[2022-03-12 15:10:56] [0000.878] I> Binary(15) of size 1040 is loaded @ 0x85905800
[2022-03-12 15:10:56] [0000.884] I> EKB detected (length: 0x400) @ 0x85905800
[2022-03-12 15:10:56] [0000.889] I> Copied encrypted keys
[2022-03-12 15:10:56] [0000.893] I> boot profiler @ 0x275844000
[2022-03-12 15:10:56] [0000.896] I> boot profiler for TOS @ 0x275844000
[2022-03-12 15:10:56] [0000.901] I> Unhalting SCE
[2022-03-12 15:10:56] [0000.904] I> Primary Memory Start:80000000 Size:70000000
[2022-03-12 15:10:56] [0000.909] I> Extended Memory Start:f0110000 Size:1856f0000
[2022-03-12 15:10:56] [0000.916] I> MB2(TBoot-BPMP) done
[2022-03-12 15:10:56] 
[2022-03-12 15:10:56] NOTICE:  BL31: v1.3(release):b5eeb33f7
[2022-03-12 15:10:56] NOTICE:  BL31: Built : 12:15:17, Jul 26 2021
[2022-03-12 15:10:56] ipc-unittest-main: 1519: Welcome to IPC unittest!!!
[2022-03-12 15:10:56] ipc-unittest-main: 1531: waiting forever
[2022-03-12 15:10:56] ipc-unittest-srv: 329: Init unittest services!!!
[2022-03-12 15:10:56] hwkey-agent: 41: hwkey-agent is running!!
[2022-03-12 15:10:56] hwkey-agent: 315: key_mgnt_processing .......
[2022-03-12 15:10:56] hwkey-agent: 223: Setting EKB key 0 to slot 14
[2022-03-12 15:10:56] hwkey-agent: 178: Init hweky-agent services!!
[2022-03-12 15:10:56] luks-srv: 40: luks-srv is running!!
[2022-03-12 15:10:56] luks-srv: 157: Init luks-srv IPC services!!
[2022-03-12 15:10:56] platform_bootstrap_epilog: trusty bootstrap complete
[2022-03-12 15:10:57] [0001.289] I> Welcome to Cboot
[2022-03-12 15:10:57] [0001.291] I> Cboot Version: t186-00029e71
[2022-03-12 15:10:57] [0001.295] I> CPU-BL Params @ 0x275800000
[2022-03-12 15:10:57] [0001.299] I>  0) Base:0x00000000 Size:0x00000000
[2022-03-12 15:10:57] [0001.303] I>  1) Base:0x277f00000 Size:0x00100000
[2022-03-12 15:10:57] [0001.308] I>  2) Base:0x277e00000 Size:0x00100000
[2022-03-12 15:10:57] [0001.312] I>  3) Base:0x277d00000 Size:0x00100000
[2022-03-12 15:10:57] [0001.317] I>  4) Base:0x277c00000 Size:0x00100000
[2022-03-12 15:10:57] [0001.321] I>  5) Base:0x277b00000 Size:0x00100000
[2022-03-12 15:10:57] [0001.326] I>  6) Base:0x277800000 Size:0x00200000
[2022-03-12 15:10:57] [0001.330] I>  7) Base:0x277400000 Size:0x00400000
[2022-03-12 15:10:57] [0001.335] I>  8) Base:0x277a00000 Size:0x00100000
[2022-03-12 15:10:57] [0001.339] I>  9) Base:0x277300000 Size:0x00100000
[2022-03-12 15:10:57] [0001.344] I> 10) Base:0x276800000 Size:0x00800000
[2022-03-12 15:10:57] [0001.348] I> 11) Base:0x30000000 Size:0x00040000
[2022-03-12 15:10:57] [0001.353] I> 12) Base:0xf0000000 Size:0x00100000
[2022-03-12 15:10:57] [0001.357] I> 13) Base:0x30040000 Size:0x00001000
[2022-03-12 15:10:57] [0001.362] I> 14) Base:0x30048000 Size:0x00001000
[2022-03-12 15:10:57] [0001.366] I> 15) Base:0x30049000 Size:0x00001000
[2022-03-12 15:10:57] [0001.371] I> 16) Base:0x3004a000 Size:0x00001000
[2022-03-12 15:10:57] [0001.375] I> 17) Base:0x3004b000 Size:0x00001000
[2022-03-12 15:10:57] [0001.380] I> 18) Base:0x3004c000 Size:0x00001000
[2022-03-12 15:10:57] [0001.384] I> 19) Base:0x3004d000 Size:0x00001000
[2022-03-12 15:10:57] [0001.388] I> 20) Base:0x3004e000 Size:0x00001000
[2022-03-12 15:10:57] [0001.393] I> 21) Base:0x3004f000 Size:0x00001000
[2022-03-12 15:10:57] [0001.397] I> 22) Base:0x00000000 Size:0x00000000
[2022-03-12 15:10:57] [0001.402] I> 23) Base:0xf0100000 Size:0x00010000
[2022-03-12 15:10:57] [0001.406] I> 24) Base:0x00000000 Size:0x00000000
[2022-03-12 15:10:57] [0001.411] I> 25) Base:0x00000000 Size:0x00000000
[2022-03-12 15:10:57] [0001.415] I> 26) Base:0x00000000 Size:0x00000000
[2022-03-12 15:10:57] [0001.419] I> 27) Base:0x00000000 Size:0x00000000
[2022-03-12 15:10:57] [0001.424] I> 28) Base:0x84400000 Size:0x00400000
[2022-03-12 15:10:57] [0001.428] I> 29) Base:0x30000000 Size:0x00010000
[2022-03-12 15:10:57] [0001.433] I> 30) Base:0x278000000 Size:0x08000000
[2022-03-12 15:10:57] [0001.437] I> 31) Base:0x00000000 Size:0x00000000
[2022-03-12 15:10:57] [0001.442] I> 32) Base:0x276000000 Size:0x00600000
[2022-03-12 15:10:57] [0001.446] I> 33) Base:0x80000000 Size:0x70000000
[2022-03-12 15:10:57] [0001.451] I> 34) Base:0xf0110000 Size:0x1856f0000
[2022-03-12 15:10:57] [0001.455] I> 35) Base:0x00000000 Size:0x00000000
[2022-03-12 15:10:57] [0001.460] I> 36) Base:0x00000000 Size:0x00000000
[2022-03-12 15:10:57] [0001.464] I> 37) Base:0x2772e0000 Size:0x00020000
[2022-03-12 15:10:57] [0001.468] I> 38) Base:0x84000000 Size:0x00400000
[2022-03-12 15:10:57] [0001.473] I> 39) Base:0x96000000 Size:0x02000000
[2022-03-12 15:10:57] [0001.477] I> 40) Base:0x85000000 Size:0x01200000
[2022-03-12 15:10:57] [0001.482] I> 41) Base:0x275800000 Size:0x00500000
[2022-03-12 15:10:57] [0001.486] I> 42) Base:0x00000000 Size:0x00000000
[2022-03-12 15:10:57] [0001.491] I> 43) Base:0x00000000 Size:0x00000000
[2022-03-12 15:10:57] [0001.495] GIC-SPI Target CPU: 4
[2022-03-12 15:10:57] [0001.498] Interrupts Init done
[2022-03-12 15:10:57] [0001.502] calling constructors
[2022-03-12 15:10:57] [0001.505] initializing heap
[2022-03-12 15:10:57] [0001.507] initializing threads
[2022-03-12 15:10:57] [0001.511] initializing timers
[2022-03-12 15:10:57] [0001.514] creating bootstrap completion thread
[2022-03-12 15:10:57] [0001.519] top of bootstrap2()
[2022-03-12 15:10:57] [0001.522] CPU: ARM Cortex A57
[2022-03-12 15:10:57] [0001.525] CPU: MIDR: 0x411FD073, MPIDR: 0x80000100
[2022-03-12 15:10:57] [0001.530] initializing platform
[2022-03-12 15:10:57] [0001.533] I> Bl_dtb @0x85205400
[2022-03-12 15:10:57] [0001.536] I> gpio framework initialized
[2022-03-12 15:10:57] [0001.543] I> tegrabl_gpio_driver_register: register 'nvidia,tegra186-gpio' driver
[2022-03-12 15:10:57] [0001.553] I> tegrabl_gpio_driver_register: register 'nvidia,tegra186-gpio-aon' driver
[2022-03-12 15:10:57] [0001.560] I> GPIO framework and drivers are initialized.
[2022-03-12 15:10:57] [0001.565] I> Boot-device: eMMC
[2022-03-12 15:10:57] [0001.573] I> sdmmc bdev is already initialized
[2022-03-12 15:10:57] [0001.603] I> Found 19 partitions in SDMMC_BOOT (instance 3)
[2022-03-12 15:10:57] [0001.621] I> Found 33 partitions in SDMMC_USER (instance 3)
[2022-03-12 15:10:57] [0001.626] W> opt-in fuse is not set, skip fuse_burning
[2022-03-12 15:10:57] [0001.631] I> Reserved memory at 0xfbe00000 for U-Boot relocation
[2022-03-12 15:10:57] [0001.637] W> No valid slot number is found in scratch register
[2022-03-12 15:10:57] [0001.643] W> Return default slot: _a
[2022-03-12 15:10:57] [0001.652] I> A/B: bin_type (21) slot 0
[2022-03-12 15:10:57] [0001.656] I> Loading kernel-dtb from partition
[2022-03-12 15:10:57] [0001.660] I> Loading partition kernel-dtb at 0x80000000 from device(0x1)
[2022-03-12 15:10:57] [0001.677] I> Kernel_dtb @0x80000000
[2022-03-12 15:10:57] [0001.681] I> tegrabl_tca9539_init: i2c bus: 0, slave addr: 0xee
[2022-03-12 15:10:57] [0001.691] I> tegrabl_gpio_driver_register: register 'tca9539_gpio_driver' driver
[2022-03-12 15:10:57] [0001.698] I> tegrabl_tca9539_init: i2c bus: 0, slave addr: 0xe8
[2022-03-12 15:10:57] [0001.707] I> tegrabl_gpio_driver_register: register 'tca9539_gpio_driver' driver
[2022-03-12 15:10:57] [0001.718] I> fixed regulator driver initialized
[2022-03-12 15:10:57] [0001.751] I> register 'maxim' power off handle
[2022-03-12 15:10:57] [0001.757] I> virtual i2c enabled
[2022-03-12 15:10:57] [0001.760] I> registered 'maxim,max77620' pmic
[2022-03-12 15:10:57] [0001.764] I> tegrabl_gpio_driver_register: register 'max77620-gpio' driver
[2022-03-12 15:10:57] [0001.778] E> failed to read label property for node 324936: 13
[2022-03-12 15:10:57] [0001.787] E> failed to read reg property for node 325032: 13
[2022-03-12 15:10:57] [0001.795] E> failed to read reg property for node 325084: 13
[2022-03-12 15:10:57] [0001.803] E> failed to read label property for node 325168: 13
[2022-03-12 15:10:57] [0001.812] E> failed to read label property for node 325236: 13
[2022-03-12 15:10:57] [0001.820] E> failed to read reg property for node 325304: 13
[2022-03-12 15:10:57] [0001.828] E> failed to read reg property for node 325376: 13
[2022-03-12 15:10:57] [0001.839] I> Find /i2c@c250000's alias i2c7
[2022-03-12 15:10:57] [0001.843] I> Reading eeprom i2c=7 address=0x50
[2022-03-12 15:10:57] [0001.872] I> Device at /i2c@c250000:0x50
[2022-03-12 15:10:57] [0001.876] I> Reading eeprom i2c=7 address=0x57
[2022-03-12 15:10:57] [0001.904] I> Device at /i2c@c250000:0x57
[2022-03-12 15:10:57] [0001.909] I> Find /i2c@c240000's alias i2c1
[2022-03-12 15:10:57] [0001.913] I> Reading eeprom i2c=1 address=0x51
[2022-03-12 15:10:57] [0001.918] E> I2C: slave not found in slaves.
[2022-03-12 15:10:57] [0001.922] E> I2C: Could not write 0 bytes to slave: 0x00a2 with repeat start true.
[2022-03-12 15:10:57] [0001.930] E> I2C_DEV: Failed to send register address 0x00000000.
[2022-03-12 15:10:57] [0001.936] E> I2C_DEV: Could not read 256 registers of size 1 from slave 0xa2 at 0x00000000 via instance 1.
[2022-03-12 15:10:57] [0001.945] E> eeprom: Retry to read I2C slave device.
[2022-03-12 15:10:57] [0001.950] E> I2C: slave not found in slaves.
[2022-03-12 15:10:57] [0001.954] E> I2C: Could not write 0 bytes to slave: 0x00a2 with repeat start true.
[2022-03-12 15:10:57] [0001.962] E> I2C_DEV: Failed to send register address 0x00000000.
[2022-03-12 15:10:57] [0001.968] E> I2C_DEV: Could not read 256 registers of size 1 from slave 0xa2 at 0x00000000 via instance 1.
[2022-03-12 15:10:57] [0001.977] E> eeprom: Failed to read I2C slave device
[2022-03-12 15:10:57] [0001.982] I> Eeprom read failed 0x3526070d
[2022-03-12 15:10:57] [0001.987] I> Find /i2c@3160000's alias i2c0
[2022-03-12 15:10:57] [0001.991] I> Reading eeprom i2c=0 address=0x50
[2022-03-12 15:10:57] [0001.995] E> I2C: slave not found in slaves.
[2022-03-12 15:10:57] [0001.999] E> I2C: Could not write 0 bytes to slave: 0x00a0 with repeat start true.
[2022-03-12 15:10:57] [0002.007] E> I2C_DEV: Failed to send register address 0x00000000.
[2022-03-12 15:10:57] [0002.013] E> I2C_DEV: Could not read 256 registers of size 1 from slave 0xa0 at 0x00000000 via instance 0.
[2022-03-12 15:10:57] [0002.022] E> eeprom: Failed to read I2C slave device
[2022-03-12 15:10:57] [0002.027] I> Eeprom read failed 0x3526070d
[2022-03-12 15:10:57] [0002.032] I> Find /i2c@3180000's alias i2c2
[2022-03-12 15:10:57] [0002.036] I> Reading eeprom i2c=2 address=0x54
[2022-03-12 15:10:57] [0002.040] I> Enabling gpio chip_id = 2, gpio pin = 9
[2022-03-12 15:10:57] [0002.071] I> Disabling gpio chip_id = 2, gpio pin = 9
[2022-03-12 15:10:57] [0002.076] I> Device at /i2c@3180000:0x54
[2022-03-12 15:10:57] [0002.079] I> Reading eeprom i2c=2 address=0x57
[2022-03-12 15:10:57] [0002.084] I> Enabling gpio chip_id = 2, gpio pin = 9
[2022-03-12 15:10:57] [0002.089] E> I2C: slave not found in slaves.
[2022-03-12 15:10:57] [0002.093] E> I2C: Could not write 0 bytes to slave: 0x00ae with repeat start true.
[2022-03-12 15:10:57] [0002.101] E> I2C_DEV: Failed to send register address 0x00000000.
[2022-03-12 15:10:57] [0002.107] E> I2C_DEV: Could not read 256 registers of size 1 from slave 0xae at 0x00000000 via instance 2.
[2022-03-12 15:10:57] [0002.117] E> eeprom: Failed to read I2C slave device
[2022-03-12 15:10:57] [0002.121] I> Disabling gpio chip_id = 2, gpio pin = 9
[2022-03-12 15:10:57] [0002.127] I> Eeprom read failed 0x00000000
[2022-03-12 15:10:57] [0002.130] I> create_pm_ids: id: 3310-1000-D00-L, len: 15
[2022-03-12 15:10:57] [0002.136] I> config: mem-type:00,power-config:00,misc-config:00,modem-config:00,touch-config:00,display-config:00,, len: 93
[2022-03-12 15:10:57] [0002.146] I> create_pm_ids: id: 2597-0000-900-E, len: 15
[2022-03-12 15:10:57] [0002.152] I> config: mem-type:00,power-config:00,misc-config:00,modem-config:00,touch-config:00,display-config:00,, len: 93
[2022-03-12 15:10:57] [0002.163] I> create_pm_ids: id: 3326-1000-000-M, len: 15
[2022-03-12 15:10:57] [0002.168] I> config: mem-type:ff,power-config:ff,misc-config:ff,modem-config:ff,touch-config:ff,display-config:ff,, len: 93
[2022-03-12 15:10:57] [0002.203] I> enabling 'vdd-hdmi' regulator
[2022-03-12 15:10:57] [0002.218] I> regulator 'vdd-hdmi' already enabled
[2022-03-12 15:10:57] [0002.223] E> tegrabl_display_init_regulator: hdmi cable is not connected
[2022-03-12 15:10:57] [0002.229] E> tegrabl_display_get_pdata, failed to parse dtb settings
[2022-03-12 15:10:57] [0002.238] E> cannot find any other nvdisp nodes
[2022-03-12 15:10:57] [0002.243] E> no valid display unit config found in dtb
[2022-03-12 15:10:57] [0002.248] W> display init failed
[2022-03-12 15:10:57] [0002.251] initializing target
[2022-03-12 15:10:57] [0002.255] calling apps_init()
[2022-03-12 15:10:58] [0002.258] starting app kernel_boot_app
[2022-03-12 15:10:58] [0002.280] I> found decompressor handler: lz4-legacy
[2022-03-12 15:10:58] [0002.285] I> decompressing BMP blob ...
[2022-03-12 15:10:58] [0002.297] I> Kernel type = Normal
[2022-03-12 15:10:58] [0002.300] I> ########## Fixed storage boot ##########
[2022-03-12 15:10:58] [0002.305] I> Loading kernel-bootctrl from partition
[2022-03-12 15:10:58] [0002.309] I> Loading partition kernel-bootctrl at 0xa8000000 from device(0x1)
[2022-03-12 15:10:58] [0002.324] W> tegrabl_get_kernel_bootctrl: magic number(0x00000000) is invalid
[2022-03-12 15:10:58] [0002.331] W> tegrabl_get_kernel_bootctrl: use default dummy boot control data
[2022-03-12 15:10:58] [0002.338] W> No valid slot number is found in scratch register
[2022-03-12 15:10:58] [0002.343] W> Return default slot: _a
[2022-03-12 15:10:58] [0002.347] I> A/B: bin_type (24) slot 0
[2022-03-12 15:10:58] [0002.362] I> Boot image size read from image header: 9913d
[2022-03-12 15:10:58] [0002.368] I> Boot image load address: 0x80400000
[2022-03-12 15:10:58] [0002.372] I> Loading kernel from partition
[2022-03-12 15:10:58] [0002.376] I> Loading partition kernel at 0x80400000 from device(0x1)
[2022-03-12 15:10:59] [0003.318] I> Validate kernel ...
[2022-03-12 15:10:59] [0003.321] I> T18x: Authenticate kernel (bin_type 24), max size 0x4000000
[2022-03-12 15:10:59] [0003.329] I> Decrypt the buffer ... [0003.332] W> tegrabl_decrypt_block: fuse (0x0) is not burnt to do encryption (0x4); skip decryption.
[2022-03-12 15:10:59] [0003.341] I> done
[2022-03-12 15:10:59] [0003.343] I> Checking boot.img header magic ... [0003.347] I> [OK]
[2022-03-12 15:10:59] [0003.349] I> kernel-dtb is already loaded
[2022-03-12 15:10:59] [0003.353] I> Validate kernel-dtb ...
[2022-03-12 15:10:59] [0003.356] I> T18x: Authenticate kernel-dtb (bin_type 21), max size 0x100000
[2022-03-12 15:10:59] [0003.364] I> Decrypt the buffer ... [0003.367] W> tegrabl_decrypt_block: fuse (0x0) is not burnt to do encryption (0x4); skip decryption.
[2022-03-12 15:10:59] [0003.376] I> done
[2022-03-12 15:10:59] [0003.378] I> Kernel hdr @0x80400000
[2022-03-12 15:10:59] [0003.381] I> Kernel dtb @0x80000000
[2022-03-12 15:10:59] [0003.384] I> decompressor handler not found
[2022-03-12 15:10:59] [0003.388] I> Copying kernel image (627005 bytes) from 0x80400800 to 0x80600000 ... [0003.396] I> Done
[2022-03-12 15:10:59] [0003.398] I> Move ramdisk (len: 0) from 0x8049a000 to 0x947d0000
[2022-03-12 15:10:59] [0003.405] I> Updated bpmp info to DTB
[2022-03-12 15:10:59] [0003.411] I> Ramdisk: Base: 0x947d0000; Size: 0x0
[2022-03-12 15:10:59] [0003.416] I> Updated initrd info to DTB
[2022-03-12 15:10:59] [0003.419] W> WARN: Fail to override "console=none" in commandline
[2022-03-12 15:10:59] [0003.425] I> Active rootfs suffix: 
[2022-03-12 15:10:59] [0003.429] E> tegrabl_linuxboot_add_disp_param, du 0 failed to get display params
[2022-03-12 15:10:59] [0003.436] E> tegrabl_linuxboot_add_disp_param, du 0 failed to get display params
[2022-03-12 15:10:59] [0003.443] E> tegrabl_linuxboot_add_disp_param, du 0 failed to get display params
[2022-03-12 15:10:59] [0003.450] I> disabled_core_mask: 0xffffff0c
[2022-03-12 15:10:59] [0003.454] W> No valid slot number is found in scratch register
[2022-03-12 15:10:59] [0003.460] W> Return default slot: _a
[2022-03-12 15:10:59] [0003.463] I> Active slot suffix: 
[2022-03-12 15:10:59] [0003.466] I> add_boot_slot_suffix: slot_suffix = 
[2022-03-12 15:10:59] [0003.471] I> Linux Cmdline: console=ttyS0,115200 androidboot.presilicon=true firmware_class.path=/etc/firmware root=/dev/mmcblk0p1 rw rootwait rootfstype=ext4 console=ttyS0,115200n8 console=tty0 fbcon=map:0 net.ifnames=0 isolcpus=1-2  video=tegrafb earlycon=uart8250,mmio32,0x3100000 nvdumper_reserved=0x2772e0000 gpt rootfs.slot_suffix= usbcore.old_scheme_first=1 tegraid=18.1.2.0.0 maxcpus=6 no_console_suspend boot.slot_suffix= boot.ratchetvalues=0.2031647.1 vpr_resize bl_prof_dataptr=0x10000@0x275840000 sdhci_tegra.en_boot_part_access=1 
[2022-03-12 15:10:59] [0003.518] I> Updated bootarg info to DTB
[2022-03-12 15:10:59] [0003.522] I> eeprom_get_mac_addr: MAC (type: 0): 48:b0:2d:0f:11:c5
[2022-03-12 15:10:59] [0003.528] I> eeprom_get_mac_addr: MAC (type: 1): 48:b0:2d:0f:11:c6
[2022-03-12 15:10:59] [0003.535] I> eeprom_get_mac_addr: MAC (type: 2): 48:b0:2d:0f:11:c7
[2022-03-12 15:10:59] [0003.541] E> Found no plugin manager ids in source DT
[2022-03-12 15:10:59] [0003.546] W> Add plugin manager ids from board info
[2022-03-12 15:10:59] [0003.550] W> "plugin-manager" doesn't exist, creating
[2022-03-12 15:10:59] [0003.555] W> "ids" doesn't exist, creating
[2022-03-12 15:10:59] [0003.559] W> "connection" doesn't exist, creating
[2022-03-12 15:10:59] [0003.564] W> "configs" doesn't exist, creating
[2022-03-12 15:10:59] [0003.568] I> create_pm_ids: id: 3310-1000-D00-L, len: 15
[2022-03-12 15:10:59] [0003.573] I> config: mem-type:00,power-config:00,misc-config:00,modem-config:00,touch-config:00,display-config:00,, len: 93
[2022-03-12 15:10:59] [0003.584] I> create_pm_ids: id: 2597-0000-900-E, len: 15
[2022-03-12 15:10:59] [0003.590] I> config: mem-type:00,power-config:00,misc-config:00,modem-config:00,touch-config:00,display-config:00,, len: 93
[2022-03-12 15:10:59] [0003.600] I> create_pm_ids: id: 3326-1000-000-M, len: 15
[2022-03-12 15:10:59] [0003.606] I> config: mem-type:ff,power-config:ff,misc-config:ff,modem-config:ff,touch-config:ff,display-config:ff,, len: 93
[2022-03-12 15:10:59] [0003.617] I> Adding plugin-manager/ids/3310-1000-D00=/i2c@c250000:module@0x50
[2022-03-12 15:10:59] [0003.624] W> "i2c@c250000" doesn't exist, creating
[2022-03-12 15:10:59] [0003.628] W> "module@0x50" doesn't exist, creating
[2022-03-12 15:10:59] [0003.633] I> Adding plugin-manager/ids/2597-0000-900=/i2c@c250000:module@0x57
[2022-03-12 15:10:59] [0003.641] W> "module@0x57" doesn't exist, creating
[2022-03-12 15:10:59] [0003.646] I> Adding plugin-manager/ids/3326-1000-000=/i2c@3180000:module@0x54
[2022-03-12 15:10:59] [0003.653] W> "i2c@3180000" doesn't exist, creating
[2022-03-12 15:10:59] [0003.658] W> "module@0x54" doesn't exist, creating
[2022-03-12 15:10:59] [0003.664] I> Adding plugin-manager/ids/3310-1000-D00-L
[2022-03-12 15:10:59] [0003.671] I> Adding plugin-manager/configs/3310-mem-type 00
[2022-03-12 15:10:59] [0003.677] I> Adding plugin-manager/configs/3310-power-config 00
[2022-03-12 15:10:59] [0003.683] I> Adding plugin-manager/configs/3310-misc-config 00
[2022-03-12 15:10:59] [0003.689] I> Adding plugin-manager/configs/3310-modem-config 00
[2022-03-12 15:10:59] [0003.695] I> Adding plugin-manager/configs/3310-touch-config 00
[2022-03-12 15:10:59] [0003.701] I> Adding plugin-manager/configs/3310-display-config 00
[2022-03-12 15:10:59] [0003.707] I> Adding plugin-manager/cvm
[2022-03-12 15:10:59] [0003.711] W> "chip-id" doesn't exist, creating
[2022-03-12 15:10:59] [0003.715] I> Adding plugin-manager/chip-id/A02P
[2022-03-12 15:10:59] [0003.720] W> "odm-data" doesn't exist, creating
[2022-03-12 15:10:59] [0003.724] I> Adding /chosen/plugin-manager/odm-data
[2022-03-12 15:10:59] [0003.734] I> added [base:0x80000000, size:0x70000000] to /memory
[2022-03-12 15:10:59] [0003.740] I> added [base:0xf0200000, size:0x185600000] to /memory
[2022-03-12 15:10:59] [0003.746] I> added [base:0x275e00000, size:0x200000] to /memory
[2022-03-12 15:10:59] [0003.752] I> added [base:0x276600000, size:0x200000] to /memory
[2022-03-12 15:10:59] [0003.757] I> added [base:0x277000000, size:0x200000] to /memory
[2022-03-12 15:10:59] [0003.763] I> Updated memory info to DTB
[2022-03-12 15:10:59] [0003.768] E> add_disp_param: failed to get display params for du=0
[2022-03-12 15:10:59] [0003.776] W> "reset" doesn't exist, creating
[2022-03-12 15:10:59] [0003.780] W> "pmc-reset-reason" doesn't exist, creating
[2022-03-12 15:10:59] [0003.785] W> "pmic-reset-reason" doesn't exist, creating
[2022-03-12 15:10:59] [0003.792] I> Adding ecid(00000001646db7851000000013038200) to DT
[2022-03-12 15:10:59] [0003.797] I> disabled_core_mask: 0xffffff0c
[2022-03-12 15:10:59] [0003.810] I> Add serial number:1422420022173 as DT property
[2022-03-12 15:10:59] [0003.819] I> Plugin-manager override starting
[2022-03-12 15:10:59] [0003.825] I> node /plugin-manager/fragement@0 matches
[2022-03-12 15:10:59] [0003.835] I> node /plugin-manager/fragement@4 matches
[2022-03-12 15:10:59] [0003.848] I> node /plugin-manager/fragment-sdwake-p3310-1000-300 matches
[2022-03-12 15:10:59] [0003.868] I> node /plugin-manager/fragement-pmon-p3310-1000-300 matches
[2022-03-12 15:10:59] [0003.878] I> node /plugin-manager/fragement-pmon-p3310-1000-800 matches
[2022-03-12 15:10:59] [0003.887] I> node /plugin-manager/fragment-devslp@0 matches
[2022-03-12 15:10:59] [0003.899] I> node /plugin-manager/fragment-500-pcie-config matches
[2022-03-12 15:10:59] [0003.914] I> node /plugin-manager/fragment-500-xusb-config matches
[2022-03-12 15:10:59] [0003.937] I> node /plugin-manager/fragment-p3310-c00-comm matches
[2022-03-12 15:10:59] [0003.951] I> node /plugin-manager/fragment-p3310-c00-pmic matches
[2022-03-12 15:10:59] [0003.961] I> node /plugin-manager/fragment-p3310-c01 matches
[2022-03-12 15:10:59] [0003.974] I> node /plugin-manager/fragment-p3310-c03 matches
[2022-03-12 15:10:59] [0004.017] I> node /plugin-manager/fragment-e3326@0 matches
[2022-03-12 15:10:59] [0004.099] I> node /plugin-manager/fragment-p3310-c00-camera matches
[2022-03-12 15:10:59] [0004.126] I> Disable plugin-manager status in FDT
[2022-03-12 15:10:59] [0004.130] I> Plugin-manager override finished successfully
[2022-03-12 15:10:59] [0004.136] I> tegrabl_load_kernel_and_dtb: Done
[2022-03-12 15:10:59] [0004.140] E> tegrabl_display_clear: display is not initialized
[2022-03-12 15:10:59] [0004.146] W> Boot logo display failed...
[2022-03-12 15:10:59] [0004.149] I> Kernel EP: 0x80600000, DTB: 0x80000000
[2022-03-12 15:10:59] 
[2022-03-12 15:10:59] 
[2022-03-12 15:10:59] U-Boot 2020.04-g46e4604c78 (Jul 26 2021 - 12:10:58 -0700)
[2022-03-12 15:10:59] 
[2022-03-12 15:10:59] SoC: tegra186
[2022-03-12 15:10:59] Model: NVIDIA P2771-0000-500
[2022-03-12 15:10:59] Board: NVIDIA P2771-0000
[2022-03-12 15:10:59] DRAM:  7.8 GiB
[2022-03-12 15:11:00] MMC:   sdhci@3400000: 1, sdhci@3460000: 0
[2022-03-12 15:11:00] Loading Environment from MMC... *** Warning - bad CRC, using default environment
[2022-03-12 15:11:00] 
[2022-03-12 15:11:00] In:    serial
[2022-03-12 15:11:00] Out:   serial
[2022-03-12 15:11:00] Err:   serial
[2022-03-12 15:11:00] Net:   
[2022-03-12 15:11:00] Warning: ethernet@2490000 using MAC address from ROM
[2022-03-12 15:11:00] eth0: ethernet@2490000
[2022-03-12 15:11:00] Hit any key to stop autoboot:  2  1  0 
[2022-03-12 15:11:02] MMC: no card present
[2022-03-12 15:11:02] switch to partitions #0, OK
[2022-03-12 15:11:02] mmc0(part 0) is current device
[2022-03-12 15:11:02] Scanning mmc 0:1...
[2022-03-12 15:11:02] Found /boot/extlinux/extlinux.conf
[2022-03-12 15:11:02] Retrieving file: /boot/extlinux/extlinux.conf
[2022-03-12 15:11:02] 858 bytes read in 22 ms (38.1 KiB/s)
[2022-03-12 15:11:02] 1:	primary kernel
[2022-03-12 15:11:02] Retrieving file: /boot/initrd
[2022-03-12 15:11:02] 7238344 bytes read in 201 ms (34.3 MiB/s)
[2022-03-12 15:11:02] Retrieving file: /boot/Image
[2022-03-12 15:11:03] 34484232 bytes read in 830 ms (39.6 MiB/s)
[2022-03-12 15:11:03] append: console=ttyS0,115200 androidboot.presilicon=true firmware_class.path=/etc/firmware root=/dev/mmcblk0p1 rw rootwait rootfstype=ext4 console=ttyS0,115200n8 console=tty0 fbcon=map:0 net.ifnames=0 isolcpus=1-2  video=tegrafb earlycon=uart8250,mmio32,0x3100000 nvdumper_reserved=0x2772e0000 gpt rootfs.slot_suffix= usbcore.old_scheme_first=1 tegraid=18.1.2.0.0 maxcpus=6 no_console_suspend boot.slot_suffix= boot.ratchetvalues=0.2031647.1 vpr_resize bl_prof_dataptr=0x10000@0x275840000 sdhci_tegra.en_boot_part_access=1 quiet root=/dev/mmcblk0p1 rw rootwait rootfstype=ext4 console=ttyS0,115200n8 console=tty0 fbcon=map:0 net.ifnames=0 isolcpus=1-2 
[2022-03-12 15:11:03] ## Flattened Device Tree blob at 80000000
[2022-03-12 15:11:03]    Booting using the fdt blob at 0x80000000
[2022-03-12 15:11:03] ERROR: reserving fdt memory region failed (addr=0 size=0)
[2022-03-12 15:11:03] ERROR: reserving fdt memory region failed (addr=0 size=0)
[2022-03-12 15:11:03] ERROR: reserving fdt memory region failed (addr=0 size=0)
[2022-03-12 15:11:03]    Using Device Tree in place at 0000000080000000, end 0000000080060aa3
[2022-03-12 15:11:03] copying carveout for /host1x@13e00000/display-hub@15200000/display@15200000...
[2022-03-12 15:11:03] copying carveout for /host1x@13e00000/display-hub@15200000/display@15210000...
[2022-03-12 15:11:03] copying carveout for /host1x@13e00000/display-hub@15200000/display@15220000...
[2022-03-12 15:11:03] 
[2022-03-12 15:11:03] Starting kernel ...
[2022-03-12 15:11:03] 
[2022-03-12 15:11:03] [    0.000000] Booting Linux on physical CPU 0x100
[2022-03-12 15:11:03] [    0.000000] Linux version 4.9.253-tegra (buildbrain@mobile-u64-5497-d3000) (gcc version 7.3.1 20180425 [linaro-7.3-2018.05 revision d29120a424ecfbc167ef90065c0eeb7f91977701] (Linaro GCC 7.3-2018.05) ) #1 SMP PREEMPT Mon Jul 26 12:19:28 PDT 2021
[2022-03-12 15:11:03] [    0.000000] Boot CPU: AArch64 Processor [411fd073]
[2022-03-12 15:11:03] [    0.000000] OF: fdt:memory scan node memory@80000000, reg size 80,
[2022-03-12 15:11:03] [    0.000000] OF: fdt: - 80000000 ,  70000000
[2022-03-12 15:11:03] [    0.000000] OF: fdt: - f0200000 ,  185600000
[2022-03-12 15:11:03] [    0.000000] OF: fdt: - 275e00000 ,  200000
[2022-03-12 15:11:03] [    0.000000] OF: fdt: - 276600000 ,  200000
[2022-03-12 15:11:03] [    0.000000] OF: fdt: - 277000000 ,  200000
[2022-03-12 15:11:03] [    0.000000] earlycon: uart8250 at MMIO32 0x0000000003100000 (options '')
[2022-03-12 15:11:03] [    0.000000] bootconsole [uart8250] enabled
[2022-03-12 15:11:08] [0000.264] I> Welcome to MB2(TBoot-BPMP)(version: 01.00.160913-t186-M-00.00-mobile-c368a720)
[2022-03-12 15:11:08] [0000.273] I> Boot-device: eMMC
[2022-03-12 15:11:08] [0000.280] I> sdmmc bdev is already initialized
[2022-03-12 15:11:08] [0000.285] I> pmic: reset reason (nverc)	: 0x80
[2022-03-12 15:11:08] [0000.318] I> Found 19 partitions in SDMMC_BOOT (instance 3)
[2022-03-12 15:11:08] [0000.338] I> Found 33 partitions in SDMMC_USER (instance 3)
[2022-03-12 15:11:08] [0000.344] W> No valid slot number is found in scratch register
[2022-03-12 15:11:08] [0000.349] W> Return default slot: _a
[2022-03-12 15:11:08] [0000.353] I> A/B: bin_type (16) slot 0
[2022-03-12 15:11:08] [0000.356] I> Loading partition bpmp-fw at 0xd7800000
[2022-03-12 15:11:08] [0000.361] I> Reading two headers - addr:0xd7800000 blocks:1
[2022-03-12 15:11:08] [0000.367] I> Addr: 0xd7800000, start-block: 58777608, num_blocks: 1
[2022-03-12 15:11:08] [0000.392] I> Binary(16) of size 534416 is loaded @ 0xd7800000
[2022-03-12 15:11:08] [0000.397] W> No valid slot number is found in scratch register
[2022-03-12 15:11:08] [0000.403] W> Return default slot: _a
[2022-03-12 15:11:08] [0000.406] I> A/B: bin_type (17) slot 0
[2022-03-12 15:11:08] [0000.410] I> Loading partition bpmp-fw-dtb at 0xd79f0000
[2022-03-12 15:11:08] [0000.415] I> Reading two headers - addr:0xd79f0000 blocks:1
[2022-03-12 15:11:08] [0000.421] I> Addr: 0xd79f0000, start-block: 58780024, num_blocks: 1
[2022-03-12 15:11:08] [0000.446] I> Binary(17) of size 604720 is loaded @ 0xd796c400
[2022-03-12 15:11:08] [0000.676] I> Loading SCE-FW ...
[2022-03-12 15:11:08] [0000.679] W> No valid slot number is found in scratch register
[2022-03-12 15:11:08] [0000.685] W> Return default slot: _a
[2022-03-12 15:11:08] [0000.688] I> A/B: bin_type (12) slot 0
[2022-03-12 15:11:08] [0000.692] I> Loading partition sce-fw at 0xd7300000
[2022-03-12 15:11:08] [0000.697] I> Reading two headers - addr:0xd7300000 blocks:1
[2022-03-12 15:11:08] [0000.702] I> Addr: 0xd7300000, start-block: 58784120, num_blocks: 1
[2022-03-12 15:11:08] [0000.721] I> Binary(12) of size 125632 is loaded @ 0xd7300000
[2022-03-12 15:11:08] [0000.727] I> Init SCE
[2022-03-12 15:11:08] [0000.729] I> Loading APE-FW ...
[2022-03-12 15:11:08] [0000.732] W> No valid slot number is found in scratch register
[2022-03-12 15:11:08] [0000.738] W> Return default slot: _a
[2022-03-12 15:11:08] [0000.741] I> A/B: bin_type (11) slot 0
[2022-03-12 15:11:08] [0000.745] I> Loading partition adsp-fw at 0xd7400000
[2022-03-12 15:11:08] [0000.750] I> Reading two headers - addr:0xd7400000 blocks:1
[2022-03-12 15:11:08] [0000.755] I> Addr: 0xd7400000, start-block: 58761224, num_blocks: 1
[2022-03-12 15:11:08] [0000.774] I> Binary(11) of size 77216 is loaded @ 0xd7400000
[2022-03-12 15:11:08] [0000.780] I> Copy BTCM section
[2022-03-12 15:11:08] [0000.783] W> No valid slot number is found in scratch register
[2022-03-12 15:11:08] [0000.789] W> Return default slot: _a
[2022-03-12 15:11:08] [0000.792] I> A/B: bin_type (13) slot 0
[2022-03-12 15:11:08] [0000.796] I> Loading partition cpu-bootloader at 0x96000000
[2022-03-12 15:11:08] [0000.801] I> Reading two headers - addr:0x96000000 blocks:1
[2022-03-12 15:11:08] [0000.807] I> Addr: 0x96000000, start-block: 58740744, num_blocks: 1
[2022-03-12 15:11:08] [0000.828] I> Binary(13) of size 308800 is loaded @ 0x96000000
[2022-03-12 15:11:08] [0000.833] W> No valid slot number is found in scratch register
[2022-03-12 15:11:08] [0000.839] W> Return default slot: _a
[2022-03-12 15:11:08] [0000.842] I> A/B: bin_type (20) slot 0
[2022-03-12 15:11:09] [0000.846] I> Loading partition bootloader-dtb at 0x85205400
[2022-03-12 15:11:09] [0000.851] I> Reading two headers - addr:0x85205400 blocks:1
[2022-03-12 15:11:09] [0000.857] I> Addr: 0x85205400, start-block: 58742792, num_blocks: 1
[2022-03-12 15:11:09] [0000.879] I> Binary(20) of size 375568 is loaded @ 0x85205400
[2022-03-12 15:11:09] [0000.885] W> No valid slot number is found in scratch register
[2022-03-12 15:11:09] [0000.890] W> Return default slot: _a
[2022-03-12 15:11:09] [0000.894] I> A/B: bin_type (14) slot 0
[2022-03-12 15:11:09] [0000.897] I> Loading partition secure-os at 0x85305600
[2022-03-12 15:11:09] [0000.902] I> Reading two headers - addr:0x85305600 blocks:1
[2022-03-12 15:11:09] [0000.908] I> Addr: 0x85305600, start-block: 58744840, num_blocks: 1
[2022-03-12 15:11:09] [0000.930] I> Binary(14) of size 402864 is loaded @ 0x85305600
[2022-03-12 15:11:09] [0000.937] I> TOS boot-params @ 0x85000000
[2022-03-12 15:11:09] [0000.941] I> TOS params prepared
[2022-03-12 15:11:09] [0000.944] I> Loading EKS ...
[2022-03-12 15:11:09] [0000.947] I> A/B: bin_type (15) slot 0
[2022-03-12 15:11:09] [0000.951] I> Loading partition eks at 0x85905800
[2022-03-12 15:11:09] [0000.955] I> Reading two headers - addr:0x85905800 blocks:1
[2022-03-12 15:11:09] [0000.961] I> Addr: 0x85905800, start-block: 58757128, num_blocks: 1
[2022-03-12 15:11:09] [0000.980] I> Binary(15) of size 1040 is loaded @ 0x85905800
[2022-03-12 15:11:09] [0000.985] I> EKB detected (length: 0x400) @ 0x85905800
[2022-03-12 15:11:09] [0000.990] I> Copied encrypted keys
[2022-03-12 15:11:09] [0000.994] I> boot profiler @ 0x275844000
[2022-03-12 15:11:09] [0000.998] I> boot profiler for TOS @ 0x275844000
[2022-03-12 15:11:09] [0001.002] I> Unhalting SCE
[2022-03-12 15:11:09] [0001.005] I> Primary Memory Start:80000000 Size:70000000
[2022-03-12 15:11:09] [0001.010] I> Extended Memory Start:f0110000 Size:1856f0000
[2022-03-12 15:11:09] [0001.017] I> MB2(TBoot-BPMP) done
[2022-03-12 15:11:09] 
[2022-03-12 15:11:09] NOTICE:  BL31: v1.3(release):b5eeb33f7
[2022-03-12 15:11:09] NOTICE:  BL31: Built : 12:15:17, Jul 26 2021
[2022-03-12 15:11:09] ipc-unittest-main: 1519: Welcome to IPC unittest!!!
[2022-03-12 15:11:09] ipc-unittest-main: 1531: waiting forever
[2022-03-12 15:11:09] ipc-unittest-srv: 329: Init unittest services!!!
[2022-03-12 15:11:09] hwkey-agent: 41: hwkey-agent is running!!
[2022-03-12 15:11:09] hwkey-agent: 315: key_mgnt_processing .......
[2022-03-12 15:11:09] hwkey-agent: 223: Setting EKB key 0 to slot 14
[2022-03-12 15:11:09] hwkey-agent: 178: Init hweky-agent services!!
[2022-03-12 15:11:09] luks-srv: 40: luks-srv is running!!
[2022-03-12 15:11:09] luks-srv: 157: Init luks-srv IPC services!!
[2022-03-12 15:11:09] platform_bootstrap_epilog: trusty bootstrap complete
[2022-03-12 15:11:09] [0001.389] I> Welcome to Cboot
[2022-03-12 15:11:09] [0001.392] I> Cboot Version: t186-00029e71
[2022-03-12 15:11:09] [0001.396] I> CPU-BL Params @ 0x275800000
[2022-03-12 15:11:09] [0001.400] I>  0) Base:0x00000000 Size:0x00000000
[2022-03-12 15:11:09] [0001.404] I>  1) Base:0x277f00000 Size:0x00100000
[2022-03-12 15:11:09] [0001.408] I>  2) Base:0x277e00000 Size:0x00100000
[2022-03-12 15:11:09] [0001.413] I>  3) Base:0x277d00000 Size:0x00100000
[2022-03-12 15:11:09] [0001.417] I>  4) Base:0x277c00000 Size:0x00100000
[2022-03-12 15:11:09] [0001.422] I>  5) Base:0x277b00000 Size:0x00100000
[2022-03-12 15:11:09] [0001.427] I>  6) Base:0x277800000 Size:0x00200000
[2022-03-12 15:11:09] [0001.431] I>  7) Base:0x277400000 Size:0x00400000
[2022-03-12 15:11:09] [0001.436] I>  8) Base:0x277a00000 Size:0x00100000
[2022-03-12 15:11:09] [0001.440] I>  9) Base:0x277300000 Size:0x00100000
[2022-03-12 15:11:09] [0001.445] I> 10) Base:0x276800000 Size:0x00800000
[2022-03-12 15:11:09] [0001.449] I> 11) Base:0x30000000 Size:0x00040000
[2022-03-12 15:11:09] [0001.454] I> 12) Base:0xf0000000 Size:0x00100000
[2022-03-12 15:11:09] [0001.458] I> 13) Base:0x30040000 Size:0x00001000
[2022-03-12 15:11:09] [0001.462] I> 14) Base:0x30048000 Size:0x00001000
[2022-03-12 15:11:09] [0001.467] I> 15) Base:0x30049000 Size:0x00001000
[2022-03-12 15:11:09] [0001.471] I> 16) Base:0x3004a000 Size:0x00001000
[2022-03-12 15:11:09] [0001.476] I> 17) Base:0x3004b000 Size:0x00001000
[2022-03-12 15:11:09] [0001.480] I> 18) Base:0x3004c000 Size:0x00001000
[2022-03-12 15:11:09] [0001.485] I> 19) Base:0x3004d000 Size:0x00001000
[2022-03-12 15:11:09] [0001.489] I> 20) Base:0x3004e000 Size:0x00001000
[2022-03-12 15:11:09] [0001.493] I> 21) Base:0x3004f000 Size:0x00001000
[2022-03-12 15:11:09] [0001.498] I> 22) Base:0x00000000 Size:0x00000000
[2022-03-12 15:11:09] [0001.502] I> 23) Base:0xf0100000 Size:0x00010000
[2022-03-12 15:11:09] [0001.507] I> 24) Base:0x00000000 Size:0x00000000
[2022-03-12 15:11:09] [0001.511] I> 25) Base:0x00000000 Size:0x00000000
[2022-03-12 15:11:09] [0001.516] I> 26) Base:0x00000000 Size:0x00000000
[2022-03-12 15:11:09] [0001.520] I> 27) Base:0x00000000 Size:0x00000000
[2022-03-12 15:11:09] [0001.524] I> 28) Base:0x84400000 Size:0x00400000
[2022-03-12 15:11:09] [0001.529] I> 29) Base:0x30000000 Size:0x00010000
[2022-03-12 15:11:09] [0001.533] I> 30) Base:0x278000000 Size:0x08000000
[2022-03-12 15:11:09] [0001.538] I> 31) Base:0x00000000 Size:0x00000000
[2022-03-12 15:11:09] [0001.542] I> 32) Base:0x276000000 Size:0x00600000
[2022-03-12 15:11:09] [0001.547] I> 33) Base:0x80000000 Size:0x70000000
[2022-03-12 15:11:09] [0001.551] I> 34) Base:0xf0110000 Size:0x1856f0000
[2022-03-12 15:11:09] [0001.556] I> 35) Base:0x00000000 Size:0x00000000
[2022-03-12 15:11:09] [0001.560] I> 36) Base:0x00000000 Size:0x00000000
[2022-03-12 15:11:09] [0001.565] I> 37) Base:0x2772e0000 Size:0x00020000
[2022-03-12 15:11:09] [0001.569] I> 38) Base:0x84000000 Size:0x00400000
[2022-03-12 15:11:09] [0001.574] I> 39) Base:0x96000000 Size:0x02000000
[2022-03-12 15:11:09] [0001.578] I> 40) Base:0x85000000 Size:0x01200000
[2022-03-12 15:11:09] [0001.582] I> 41) Base:0x275800000 Size:0x00500000
[2022-03-12 15:11:09] [0001.587] I> 42) Base:0x00000000 Size:0x00000000
[2022-03-12 15:11:09] [0001.591] I> 43) Base:0x00000000 Size:0x00000000
[2022-03-12 15:11:09] [0001.596] GIC-SPI Target CPU: 4
[2022-03-12 15:11:09] [0001.599] Interrupts Init done
[2022-03-12 15:11:09] [0001.602] calling constructors
[2022-03-12 15:11:09] [0001.606] initializing heap
[2022-03-12 15:11:09] [0001.608] initializing threads
[2022-03-12 15:11:09] [0001.611] initializing timers
[2022-03-12 15:11:09] [0001.614] creating bootstrap completion thread
[2022-03-12 15:11:09] [0001.619] top of bootstrap2()
[2022-03-12 15:11:09] [0001.622] CPU: ARM Cortex A57
[2022-03-12 15:11:09] [0001.625] CPU: MIDR: 0x411FD073, MPIDR: 0x80000100
[2022-03-12 15:11:09] [0001.630] initializing platform
[2022-03-12 15:11:09] [0001.634] I> Bl_dtb @0x85205400
[2022-03-12 15:11:09] [0001.637] I> gpio framework initialized
[2022-03-12 15:11:09] [0001.643] I> tegrabl_gpio_driver_register: register 'nvidia,tegra186-gpio' driver
[2022-03-12 15:11:09] [0001.653] I> tegrabl_gpio_driver_register: register 'nvidia,tegra186-gpio-aon' driver
[2022-03-12 15:11:09] [0001.661] I> GPIO framework and drivers are initialized.
[2022-03-12 15:11:09] [0001.666] I> Boot-device: eMMC
[2022-03-12 15:11:09] [0001.673] I> sdmmc bdev is already initialized
[2022-03-12 15:11:09] [0001.704] I> Found 19 partitions in SDMMC_BOOT (instance 3)
[2022-03-12 15:11:09] [0001.722] I> Found 33 partitions in SDMMC_USER (instance 3)
[2022-03-12 15:11:09] [0001.727] W> opt-in fuse is not set, skip fuse_burning
[2022-03-12 15:11:09] [0001.732] I> Reserved memory at 0xfbe00000 for U-Boot relocation
[2022-03-12 15:11:09] [0001.738] W> No valid slot number is found in scratch register
[2022-03-12 15:11:09] [0001.744] W> Return default slot: _a
[2022-03-12 15:11:09] [0001.753] I> A/B: bin_type (21) slot 0
[2022-03-12 15:11:09] [0001.757] I> Loading kernel-dtb from partition
[2022-03-12 15:11:09] [0001.761] I> Loading partition kernel-dtb at 0x80000000 from device(0x1)
[2022-03-12 15:11:09] [0001.778] I> Kernel_dtb @0x80000000
[2022-03-12 15:11:09] [0001.781] I> tegrabl_tca9539_init: i2c bus: 0, slave addr: 0xee
[2022-03-12 15:11:09] [0001.792] I> tegrabl_gpio_driver_register: register 'tca9539_gpio_driver' driver
[2022-03-12 15:11:09] [0001.799] I> tegrabl_tca9539_init: i2c bus: 0, slave addr: 0xe8
[2022-03-12 15:11:09] [0001.808] I> tegrabl_gpio_driver_register: register 'tca9539_gpio_driver' driver
[2022-03-12 15:11:09] [0001.818] I> fixed regulator driver initialized
[2022-03-12 15:11:10] [0001.852] I> register 'maxim' power off handle
[2022-03-12 15:11:10] [0001.858] I> virtual i2c enabled
[2022-03-12 15:11:10] [0001.861] I> registered 'maxim,max77620' pmic
[2022-03-12 15:11:10] [0001.865] I> tegrabl_gpio_driver_register: register 'max77620-gpio' driver
[2022-03-12 15:11:10] [0001.879] E> failed to read label property for node 324936: 13
[2022-03-12 15:11:10] [0001.888] E> failed to read reg property for node 325032: 13
[2022-03-12 15:11:10] [0001.896] E> failed to read reg property for node 325084: 13
[2022-03-12 15:11:10] [0001.904] E> failed to read label property for node 325168: 13
[2022-03-12 15:11:10] [0001.912] E> failed to read label property for node 325236: 13
[2022-03-12 15:11:10] [0001.921] E> failed to read reg property for node 325304: 13
[2022-03-12 15:11:10] [0001.929] E> failed to read reg property for node 325376: 13
[2022-03-12 15:11:10] [0001.939] I> Find /i2c@c250000's alias i2c7
[2022-03-12 15:11:10] [0001.943] I> Reading eeprom i2c=7 address=0x50
[2022-03-12 15:11:10] [0001.973] I> Device at /i2c@c250000:0x50
[2022-03-12 15:11:10] [0001.977] I> Reading eeprom i2c=7 address=0x57
[2022-03-12 15:11:10] [0002.005] I> Device at /i2c@c250000:0x57
[2022-03-12 15:11:10] [0002.010] I> Find /i2c@c240000's alias i2c1
[2022-03-12 15:11:10] [0002.014] I> Reading eeprom i2c=1 address=0x51
[2022-03-12 15:11:10] [0002.019] E> I2C: slave not found in slaves.
[2022-03-12 15:11:10] [0002.023] E> I2C: Could not write 0 bytes to slave: 0x00a2 with repeat start true.
[2022-03-12 15:11:10] [0002.031] E> I2C_DEV: Failed to send register address 0x00000000.
[2022-03-12 15:11:10] [0002.036] E> I2C_DEV: Could not read 256 registers of size 1 from slave 0xa2 at 0x00000000 via instance 1.
[2022-03-12 15:11:10] [0002.046] E> eeprom: Retry to read I2C slave device.
[2022-03-12 15:11:10] [0002.051] E> I2C: slave not found in slaves.
[2022-03-12 15:11:10] [0002.055] E> I2C: Could not write 0 bytes to slave: 0x00a2 with repeat start true.
[2022-03-12 15:11:10] [0002.063] E> I2C_DEV: Failed to send register address 0x00000000.
[2022-03-12 15:11:10] [0002.069] E> I2C_DEV: Could not read 256 registers of size 1 from slave 0xa2 at 0x00000000 via instance 1.
[2022-03-12 15:11:10] [0002.078] E> eeprom: Failed to read I2C slave device
[2022-03-12 15:11:10] [0002.083] I> Eeprom read failed 0x3526070d
[2022-03-12 15:11:10] [0002.087] I> Find /i2c@3160000's alias i2c0
[2022-03-12 15:11:10] [0002.091] I> Reading eeprom i2c=0 address=0x50
[2022-03-12 15:11:10] [0002.096] E> I2C: slave not found in slaves.
[2022-03-12 15:11:10] [0002.100] E> I2C: Could not write 0 bytes to slave: 0x00a0 with repeat start true.
[2022-03-12 15:11:10] [0002.107] E> I2C_DEV: Failed to send register address 0x00000000.
[2022-03-12 15:11:10] [0002.113] E> I2C_DEV: Could not read 256 registers of size 1 from slave 0xa0 at 0x00000000 via instance 0.
[2022-03-12 15:11:10] [0002.123] E> eeprom: Failed to read I2C slave device
[2022-03-12 15:11:10] [0002.128] I> Eeprom read failed 0x3526070d
[2022-03-12 15:11:10] [0002.132] I> Find /i2c@3180000's alias i2c2
[2022-03-12 15:11:10] [0002.136] I> Reading eeprom i2c=2 address=0x54
[2022-03-12 15:11:10] [0002.141] I> Enabling gpio chip_id = 2, gpio pin = 9
[2022-03-12 15:11:10] [0002.171] I> Disabling gpio chip_id = 2, gpio pin = 9
[2022-03-12 15:11:10] [0002.176] I> Device at /i2c@3180000:0x54
[2022-03-12 15:11:10] [0002.180] I> Reading eeprom i2c=2 address=0x57
[2022-03-12 15:11:10] [0002.184] I> Enabling gpio chip_id = 2, gpio pin = 9
[2022-03-12 15:11:10] [0002.190] E> I2C: slave not found in slaves.
[2022-03-12 15:11:10] [0002.194] E> I2C: Could not write 0 bytes to slave: 0x00ae with repeat start true.
[2022-03-12 15:11:10] [0002.202] E> I2C_DEV: Failed to send register address 0x00000000.
[2022-03-12 15:11:10] [0002.208] E> I2C_DEV: Could not read 256 registers of size 1 from slave 0xae at 0x00000000 via instance 2.
[2022-03-12 15:11:10] [0002.217] E> eeprom: Failed to read I2C slave device
[2022-03-12 15:11:10] [0002.222] I> Disabling gpio chip_id = 2, gpio pin = 9
[2022-03-12 15:11:10] [0002.227] I> Eeprom read failed 0x00000000
[2022-03-12 15:11:10] [0002.231] I> create_pm_ids: id: 3310-1000-D00-L, len: 15
[2022-03-12 15:11:10] [0002.236] I> config: mem-type:00,power-config:00,misc-config:00,modem-config:00,touch-config:00,display-config:00,, len: 93
[2022-03-12 15:11:10] [0002.247] I> create_pm_ids: id: 2597-0000-900-E, len: 15
[2022-03-12 15:11:10] [0002.252] I> config: mem-type:00,power-config:00,misc-config:00,modem-config:00,touch-config:00,display-config:00,, len: 93
[2022-03-12 15:11:10] [0002.263] I> create_pm_ids: id: 3326-1000-000-M, len: 15
[2022-03-12 15:11:10] [0002.268] I> config: mem-type:ff,power-config:ff,misc-config:ff,modem-config:ff,touch-config:ff,display-config:ff,, len: 93
[2022-03-12 15:11:10] [0002.304] I> enabling 'vdd-hdmi' regulator
[2022-03-12 15:11:10] [0002.319] I> regulator 'vdd-hdmi' already enabled
[2022-03-12 15:11:10] [0002.324] E> tegrabl_display_init_regulator: hdmi cable is not connected
[2022-03-12 15:11:10] [0002.330] E> tegrabl_display_get_pdata, failed to parse dtb settings
[2022-03-12 15:11:10] [0002.339] E> cannot find any other nvdisp nodes
[2022-03-12 15:11:10] [0002.343] E> no valid display unit config found in dtb
[2022-03-12 15:11:10] [0002.349] W> display init failed
[2022-03-12 15:11:10] [0002.352] initializing target
[2022-03-12 15:11:10] [0002.355] calling apps_init()
[2022-03-12 15:11:10] [0002.358] starting app kernel_boot_app
[2022-03-12 15:11:10] [0002.381] I> found decompressor handler: lz4-legacy
[2022-03-12 15:11:10] [0002.385] I> decompressing BMP blob ...
[2022-03-12 15:11:10] [0002.398] I> Kernel type = Normal
[2022-03-12 15:11:10] [0002.401] I> ########## Fixed storage boot ##########
[2022-03-12 15:11:10] [0002.406] I> Loading kernel-bootctrl from partition
[2022-03-12 15:11:10] [0002.410] I> Loading partition kernel-bootctrl at 0xa8000000 from device(0x1)
[2022-03-12 15:11:10] [0002.425] W> tegrabl_get_kernel_bootctrl: magic number(0x00000000) is invalid
[2022-03-12 15:11:10] [0002.432] W> tegrabl_get_kernel_bootctrl: use default dummy boot control data
[2022-03-12 15:11:10] [0002.439] W> No valid slot number is found in scratch register
[2022-03-12 15:11:10] [0002.444] W> Return default slot: _a
[2022-03-12 15:11:10] [0002.448] I> A/B: bin_type (24) slot 0
[2022-03-12 15:11:10] [0002.463] I> Boot image size read from image header: 9913d
[2022-03-12 15:11:10] [0002.469] I> Boot image load address: 0x80400000
[2022-03-12 15:11:10] [0002.473] I> Loading kernel from partition
[2022-03-12 15:11:10] [0002.477] I> Loading partition kernel at 0x80400000 from device(0x1)
[2022-03-12 15:11:11] [0003.420] I> Validate kernel ...
[2022-03-12 15:11:11] [0003.423] I> T18x: Authenticate kernel (bin_type 24), max size 0x4000000
[2022-03-12 15:11:11] [0003.431] I> Decrypt the buffer ... [0003.434] W> tegrabl_decrypt_block: fuse (0x0) is not burnt to do encryption (0x4); skip decryption.
[2022-03-12 15:11:11] [0003.443] I> done
[2022-03-12 15:11:11] [0003.445] I> Checking boot.img header magic ... [0003.449] I> [OK]
[2022-03-12 15:11:11] [0003.451] I> kernel-dtb is already loaded
[2022-03-12 15:11:11] [0003.455] I> Validate kernel-dtb ...
[2022-03-12 15:11:11] [0003.458] I> T18x: Authenticate kernel-dtb (bin_type 21), max size 0x100000
[2022-03-12 15:11:11] [0003.466] I> Decrypt the buffer ... [0003.469] W> tegrabl_decrypt_block: fuse (0x0) is not burnt to do encryption (0x4); skip decryption.
[2022-03-12 15:11:11] [0003.478] I> done
[2022-03-12 15:11:11] [0003.479] I> Kernel hdr @0x80400000
[2022-03-12 15:11:11] [0003.483] I> Kernel dtb @0x80000000
[2022-03-12 15:11:11] [0003.486] I> decompressor handler not found
[2022-03-12 15:11:11] [0003.490] I> Copying kernel image (627005 bytes) from 0x80400800 to 0x80600000 ... [0003.498] I> Done
[2022-03-12 15:11:11] [0003.499] I> Move ramdisk (len: 0) from 0x8049a000 to 0x947d0000
[2022-03-12 15:11:11] [0003.507] I> Updated bpmp info to DTB
[2022-03-12 15:11:11] [0003.513] I> Ramdisk: Base: 0x947d0000; Size: 0x0
[2022-03-12 15:11:11] [0003.517] I> Updated initrd info to DTB
[2022-03-12 15:11:11] [0003.521] W> WARN: Fail to override "console=none" in commandline
[2022-03-12 15:11:11] [0003.527] I> Active rootfs suffix: 
[2022-03-12 15:11:11] [0003.530] E> tegrabl_linuxboot_add_disp_param, du 0 failed to get display params
[2022-03-12 15:11:11] [0003.538] E> tegrabl_linuxboot_add_disp_param, du 0 failed to get display params
[2022-03-12 15:11:11] [0003.545] E> tegrabl_linuxboot_add_disp_param, du 0 failed to get display params
[2022-03-12 15:11:11] [0003.552] I> disabled_core_mask: 0xffffff0c
[2022-03-12 15:11:11] [0003.556] W> No valid slot number is found in scratch register
[2022-03-12 15:11:11] [0003.562] W> Return default slot: _a
[2022-03-12 15:11:11] [0003.565] I> Active slot suffix: 
[2022-03-12 15:11:11] [0003.568] I> add_boot_slot_suffix: slot_suffix = 
[2022-03-12 15:11:11] [0003.573] I> Linux Cmdline: console=ttyS0,115200 androidboot.presilicon=true firmware_class.path=/etc/firmware root=/dev/mmcblk0p1 rw rootwait rootfstype=ext4 console=ttyS0,115200n8 console=tty0 fbcon=map:0 net.ifnames=0 isolcpus=1-2  video=tegrafb earlycon=uart8250,mmio32,0x3100000 nvdumper_reserved=0x2772e0000 gpt rootfs.slot_suffix= usbcore.old_scheme_first=1 tegraid=18.1.2.0.0 maxcpus=6 no_console_suspend boot.slot_suffix= boot.ratchetvalues=0.2031647.1 vpr_resize bl_prof_dataptr=0x10000@0x275840000 sdhci_tegra.en_boot_part_access=1 
[2022-03-12 15:11:11] [0003.620] I> Updated bootarg info to DTB
[2022-03-12 15:11:11] [0003.624] I> eeprom_get_mac_addr: MAC (type: 0): 48:b0:2d:0f:11:c5
[2022-03-12 15:11:11] [0003.630] I> eeprom_get_mac_addr: MAC (type: 1): 48:b0:2d:0f:11:c6
[2022-03-12 15:11:11] [0003.636] I> eeprom_get_mac_addr: MAC (type: 2): 48:b0:2d:0f:11:c7
[2022-03-12 15:11:11] [0003.643] E> Found no plugin manager ids in source DT
[2022-03-12 15:11:11] [0003.648] W> Add plugin manager ids from board info
[2022-03-12 15:11:11] [0003.652] W> "plugin-manager" doesn't exist, creating
[2022-03-12 15:11:11] [0003.657] W> "ids" doesn't exist, creating
[2022-03-12 15:11:11] [0003.661] W> "connection" doesn't exist, creating
[2022-03-12 15:11:11] [0003.666] W> "configs" doesn't exist, creating
[2022-03-12 15:11:11] [0003.670] I> create_pm_ids: id: 3310-1000-D00-L, len: 15
[2022-03-12 15:11:11] [0003.675] I> config: mem-type:00,power-config:00,misc-config:00,modem-config:00,touch-config:00,display-config:00,, len: 93
[2022-03-12 15:11:11] [0003.686] I> create_pm_ids: id: 2597-0000-900-E, len: 15
[2022-03-12 15:11:11] [0003.691] I> config: mem-type:00,power-config:00,misc-config:00,modem-config:00,touch-config:00,display-config:00,, len: 93
[2022-03-12 15:11:11] [0003.702] I> create_pm_ids: id: 3326-1000-000-M, len: 15
[2022-03-12 15:11:11] [0003.707] I> config: mem-type:ff,power-config:ff,misc-config:ff,modem-config:ff,touch-config:ff,display-config:ff,, len: 93
[2022-03-12 15:11:11] [0003.718] I> Adding plugin-manager/ids/3310-1000-D00=/i2c@c250000:module@0x50
[2022-03-12 15:11:11] [0003.725] W> "i2c@c250000" doesn't exist, creating
[2022-03-12 15:11:11] [0003.730] W> "module@0x50" doesn't exist, creating
[2022-03-12 15:11:11] [0003.735] I> Adding plugin-manager/ids/2597-0000-900=/i2c@c250000:module@0x57
[2022-03-12 15:11:11] [0003.742] W> "module@0x57" doesn't exist, creating
[2022-03-12 15:11:11] [0003.747] I> Adding plugin-manager/ids/3326-1000-000=/i2c@3180000:module@0x54
[2022-03-12 15:11:11] [0003.755] W> "i2c@3180000" doesn't exist, creating
[2022-03-12 15:11:11] [0003.759] W> "module@0x54" doesn't exist, creating
[2022-03-12 15:11:11] [0003.766] I> Adding plugin-manager/ids/3310-1000-D00-L
[2022-03-12 15:11:11] [0003.773] I> Adding plugin-manager/configs/3310-mem-type 00
[2022-03-12 15:11:11] [0003.779] I> Adding plugin-manager/configs/3310-power-config 00
[2022-03-12 15:11:11] [0003.785] I> Adding plugin-manager/configs/3310-misc-config 00
[2022-03-12 15:11:11] [0003.791] I> Adding plugin-manager/configs/3310-modem-config 00
[2022-03-12 15:11:11] [0003.797] I> Adding plugin-manager/configs/3310-touch-config 00
[2022-03-12 15:11:11] [0003.803] I> Adding plugin-manager/configs/3310-display-config 00
[2022-03-12 15:11:11] [0003.809] I> Adding plugin-manager/cvm
[2022-03-12 15:11:11] [0003.813] W> "chip-id" doesn't exist, creating
[2022-03-12 15:11:11] [0003.817] I> Adding plugin-manager/chip-id/A02P
[2022-03-12 15:11:11] [0003.822] W> "odm-data" doesn't exist, creating
[2022-03-12 15:11:11] [0003.826] I> Adding /chosen/plugin-manager/odm-data
[2022-03-12 15:11:11] [0003.836] I> added [base:0x80000000, size:0x70000000] to /memory
[2022-03-12 15:11:11] [0003.842] I> added [base:0xf0200000, size:0x185600000] to /memory
[2022-03-12 15:11:12] [0003.848] I> added [base:0x275e00000, size:0x200000] to /memory
[2022-03-12 15:11:12] [0003.853] I> added [base:0x276600000, size:0x200000] to /memory
[2022-03-12 15:11:12] [0003.859] I> added [base:0x277000000, size:0x200000] to /memory
[2022-03-12 15:11:12] [0003.865] I> Updated memory info to DTB
[2022-03-12 15:11:12] [0003.869] E> add_disp_param: failed to get display params for du=0
[2022-03-12 15:11:12] [0003.877] W> "reset" doesn't exist, creating
[2022-03-12 15:11:12] [0003.881] W> "pmc-reset-reason" doesn't exist, creating
[2022-03-12 15:11:12] [0003.887] W> "pmic-reset-reason" doesn't exist, creating
[2022-03-12 15:11:12] [0003.893] I> Adding ecid(00000001646db7851000000013038200) to DT
[2022-03-12 15:11:12] [0003.899] I> disabled_core_mask: 0xffffff0c
[2022-03-12 15:11:12] [0003.912] I> Add serial number:1422420022173 as DT property
[2022-03-12 15:11:12] [0003.921] I> Plugin-manager override starting
[2022-03-12 15:11:12] [0003.927] I> node /plugin-manager/fragement@0 matches
[2022-03-12 15:11:12] [0003.937] I> node /plugin-manager/fragement@4 matches
[2022-03-12 15:11:12] [0003.950] I> node /plugin-manager/fragment-sdwake-p3310-1000-300 matches
[2022-03-12 15:11:12] [0003.970] I> node /plugin-manager/fragement-pmon-p3310-1000-300 matches
[2022-03-12 15:11:12] [0003.979] I> node /plugin-manager/fragement-pmon-p3310-1000-800 matches
[2022-03-12 15:11:12] [0003.988] I> node /plugin-manager/fragment-devslp@0 matches
[2022-03-12 15:11:12] [0004.001] I> node /plugin-manager/fragment-500-pcie-config matches
[2022-03-12 15:11:12] [0004.016] I> node /plugin-manager/fragment-500-xusb-config matches
[2022-03-12 15:11:12] [0004.039] I> node /plugin-manager/fragment-p3310-c00-comm matches
[2022-03-12 15:11:12] [0004.052] I> node /plugin-manager/fragment-p3310-c00-pmic matches
[2022-03-12 15:11:12] [0004.063] I> node /plugin-manager/fragment-p3310-c01 matches
[2022-03-12 15:11:12] [0004.076] I> node /plugin-manager/fragment-p3310-c03 matches
[2022-03-12 15:11:12] [0004.118] I> node /plugin-manager/fragment-e3326@0 matches
[2022-03-12 15:11:12] [0004.200] I> node /plugin-manager/fragment-p3310-c00-camera matches
[2022-03-12 15:11:12] [0004.228] I> Disable plugin-manager status in FDT
[2022-03-12 15:11:12] [0004.232] I> Plugin-manager override finished successfully
[2022-03-12 15:11:12] [0004.237] I> tegrabl_load_kernel_and_dtb: Done
[2022-03-12 15:11:12] [0004.242] E> tegrabl_display_clear: display is not initialized
[2022-03-12 15:11:12] [0004.247] W> Boot logo display failed...
[2022-03-12 15:11:12] [0004.251] I> Kernel EP: 0x80600000, DTB: 0x80000000
[2022-03-12 15:11:12] 
[2022-03-12 15:11:12] 
[2022-03-12 15:11:12] U-Boot 2020.04-g46e4604c78 (Jul 26 2021 - 12:10:58 -0700)
[2022-03-12 15:11:12] 
[2022-03-12 15:11:12] SoC: tegra186
[2022-03-12 15:11:12] Model: NVIDIA P2771-0000-500
[2022-03-12 15:11:12] Board: NVIDIA P2771-0000
[2022-03-12 15:11:12] DRAM:  7.8 GiB
[2022-03-12 15:11:12] MMC:   sdhci@3400000: 1, sdhci@3460000: 0
[2022-03-12 15:11:12] Loading Environment from MMC... *** Warning - bad CRC, using default environment
[2022-03-12 15:11:12] 
[2022-03-12 15:11:12] In:    serial
[2022-03-12 15:11:12] Out:   serial
[2022-03-12 15:11:12] Err:   serial
[2022-03-12 15:11:12] Net:   
[2022-03-12 15:11:12] Warning: ethernet@2490000 using MAC address from ROM
[2022-03-12 15:11:12] eth0: ethernet@2490000
[2022-03-12 15:11:12] Hit any key to stop autoboot:  2  1  0 
[2022-03-12 15:11:14] MMC: no card present
[2022-03-12 15:11:14] switch to partitions #0, OK
[2022-03-12 15:11:14] mmc0(part 0) is current device
[2022-03-12 15:11:15] Scanning mmc 0:1...
[2022-03-12 15:11:15] Found /boot/extlinux/extlinux.conf
[2022-03-12 15:11:15] Retrieving file: /boot/extlinux/extlinux.conf
[2022-03-12 15:11:15] 858 bytes read in 22 ms (38.1 KiB/s)
[2022-03-12 15:11:15] 1:	primary kernel
[2022-03-12 15:11:15] Retrieving file: /boot/initrd
[2022-03-12 15:11:15] 7238344 bytes read in 201 ms (34.3 MiB/s)
[2022-03-12 15:11:15] Retrieving file: /boot/Image
[2022-03-12 15:11:16] 34484232 bytes read in 829 ms (39.7 MiB/s)
[2022-03-12 15:11:16] append: console=ttyS0,115200 androidboot.presilicon=true firmware_class.path=/etc/firmware root=/dev/mmcblk0p1 rw rootwait rootfstype=ext4 console=ttyS0,115200n8 console=tty0 fbcon=map:0 net.ifnames=0 isolcpus=1-2  video=tegrafb earlycon=uart8250,mmio32,0x3100000 nvdumper_reserved=0x2772e0000 gpt rootfs.slot_suffix= usbcore.old_scheme_first=1 tegraid=18.1.2.0.0 maxcpus=6 no_console_suspend boot.slot_suffix= boot.ratchetvalues=0.2031647.1 vpr_resize bl_prof_dataptr=0x10000@0x275840000 sdhci_tegra.en_boot_part_access=1 quiet root=/dev/mmcblk0p1 rw rootwait rootfstype=ext4 console=ttyS0,115200n8 console=tty0 fbcon=map:0 net.ifnames=0 isolcpus=1-2 
[2022-03-12 15:11:16] ## Flattened Device Tree blob at 80000000
[2022-03-12 15:11:16]    Booting using the fdt blob at 0x80000000
[2022-03-12 15:11:16] ERROR: reserving fdt memory region failed (addr=0 size=0)
[2022-03-12 15:11:16] ERROR: reserving fdt memory region failed (addr=0 size=0)
[2022-03-12 15:11:16] ERROR: reserving fdt memory region failed (addr=0 size=0)
[2022-03-12 15:11:16]    Using Device Tree in place at 0000000080000000, end 0000000080060aa3
[2022-03-12 15:11:16] copying carveout for /host1x@13e00000/display-hub@15200000/display@15200000...
[2022-03-12 15:11:16] copying carveout for /host1x@13e00000/display-hub@15200000/display@15210000...
[2022-03-12 15:11:16] copying carveout for /host1x@13e00000/display-hub@15200000/display@15220000...
[2022-03-12 15:11:16] 
[2022-03-12 15:11:16] Starting kernel ...
[2022-03-12 15:11:16] 
[2022-03-12 15:11:16] [    0.000000] Booting Linux on physical CPU 0x100
[2022-03-12 15:11:16] [    0.000000] Linux version 4.9.253-tegra (buildbrain@mobile-u64-5497-d3000) (gcc version 7.3.1 20180425 [linaro-7.3-2018.05 revision d29120a424ecfbc167ef90065c0eeb7f91977701] (Linaro GCC 7.3-2018.05) ) #1 SMP PREEMPT Mon Jul 26 12:19:28 PDT 2021
[2022-03-12 15:11:16] [    0.000000] Boot CPU: AArch64 Processor [411fd073]
[2022-03-12 15:11:16] [    0.000000] OF: fdt:memory scan node memory@80000000, reg size 80,
[2022-03-12 15:11:16] [    0.000000] OF: fdt: - 80000000 ,  70000000
[2022-03-12 15:11:16] [    0.000000] OF: fdt: - f0200000 ,  185600000
[2022-03-12 15:11:16] [    0.000000] OF: fdt: - 275e00000 ,  200000
[2022-03-12 15:11:16] [    0.000000] OF: fdt: - 276600000 ,  200000
[2022-03-12 15:11:16] [    0.000000] OF: fdt: - 277000000 ,  200000
[2022-03-12 15:11:16] [    0.000000] earlycon: uart8250 at MMIO32 0x0000000003100000 (options '')
[2022-03-12 15:11:16] [    0.000000] bootconsole [uart8250] enabled
[2022-03-12 15:11:18] [    1.916797] cgroup: cgroup2: unknown option "nsdelegate"
[2022-03-12 15:11:19] [    2.954142] using random self ethernet address
[2022-03-12 15:11:19] [    2.973730] using random host ethernet address
[2022-03-12 15:11:20] [    3.411725] random: crng init done
[2022-03-12 15:11:20] [    3.415132] random: 7 urandom warning(s) missed due to ratelimiting
[2022-03-12 15:11:20] [    3.580396] using random self ethernet address
[2022-03-12 15:11:20] [    3.584945] using random host ethernet address
[2022-03-12 15:11:20] [    3.939907] CPU1: shutdown
[2022-03-12 15:11:20] [    4.024287] CPU2: shutdown
[2022-03-12 15:11:21] [    4.871462] Bridge firewalling registered
[2022-03-12 15:11:25] 
[2022-03-12 15:11:25] Ubuntu 18.04.5 LTS JTX2-A ttyS0
[2022-03-12 15:11:25] 
[2022-03-12 15:11:25] JTX2-A login: [   15.441430] nvgpu: 17000000.gp10b                     gp10b_ltc_isr:298  [ERR]  mc_ltc_intr: 00000002
[2022-03-12 15:11:32] [   15.450849] nvgpu: 17000000.gp10b                 gp10b_ltc_lts_isr:252  [ERR]  Single bit error detected in GPU L2!
[2022-03-12 15:11:32] [   15.461747] nvgpu: 17000000.gp10b                 gp10b_ltc_lts_isr:286  [ERR]  ltc1, slice 0: bb4f0110
