[0000.295] I> Welcome to MB2(TBoot-BPMP)(version: 01.00.160913-t186-M-00.00-mobile-c368a720)
[2022-03-13 13:18:57] [0000.304] I> Boot-device: eMMC
[2022-03-13 13:18:57] [0000.311] I> sdmmc bdev is already initialized
[2022-03-13 13:18:57] [0000.316] I> pmic: reset reason (nverc)	: 0x80
[2022-03-13 13:18:57] [0000.349] I> Found 19 partitions in SDMMC_BOOT (instance 3)
[2022-03-13 13:18:57] [0000.369] I> Found 33 partitions in SDMMC_USER (instance 3)
[2022-03-13 13:18:57] [0000.375] W> No valid slot number is found in scratch register
[2022-03-13 13:18:57] [0000.380] W> Return default slot: _a
[2022-03-13 13:18:57] [0000.384] I> A/B: bin_type (16) slot 0
[2022-03-13 13:18:57] [0000.388] I> Loading partition bpmp-fw at 0xd7800000
[2022-03-13 13:18:57] [0000.392] I> Reading two headers - addr:0xd7800000 blocks:1
[2022-03-13 13:18:57] [0000.398] I> Addr: 0xd7800000, start-block: 58777608, num_blocks: 1
[2022-03-13 13:18:57] [0000.423] I> Binary(16) of size 534416 is loaded @ 0xd7800000
[2022-03-13 13:18:57] [0000.428] W> No valid slot number is found in scratch register
[2022-03-13 13:18:57] [0000.434] W> Return default slot: _a
[2022-03-13 13:18:57] [0000.438] I> A/B: bin_type (17) slot 0
[2022-03-13 13:18:57] [0000.441] I> Loading partition bpmp-fw-dtb at 0xd79f0000
[2022-03-13 13:18:57] [0000.446] I> Reading two headers - addr:0xd79f0000 blocks:1
[2022-03-13 13:18:57] [0000.452] I> Addr: 0xd79f0000, start-block: 58780024, num_blocks: 1
[2022-03-13 13:18:57] [0000.478] I> Binary(17) of size 604720 is loaded @ 0xd796c400
[2022-03-13 13:18:57] [0000.707] I> Loading SCE-FW ...
[2022-03-13 13:18:57] [0000.710] W> No valid slot number is found in scratch register
[2022-03-13 13:18:57] [0000.716] W> Return default slot: _a
[2022-03-13 13:18:57] [0000.720] I> A/B: bin_type (12) slot 0
[2022-03-13 13:18:57] [0000.723] I> Loading partition sce-fw at 0xd7300000
[2022-03-13 13:18:57] [0000.728] I> Reading two headers - addr:0xd7300000 blocks:1
[2022-03-13 13:18:57] [0000.733] I> Addr: 0xd7300000, start-block: 58784120, num_blocks: 1
[2022-03-13 13:18:57] [0000.753] I> Binary(12) of size 125632 is loaded @ 0xd7300000
[2022-03-13 13:18:57] [0000.758] I> Init SCE
[2022-03-13 13:18:57] [0000.761] I> Loading APE-FW ...
[2022-03-13 13:18:57] [0000.764] W> No valid slot number is found in scratch register
[2022-03-13 13:18:57] [0000.769] W> Return default slot: _a
[2022-03-13 13:18:57] [0000.773] I> A/B: bin_type (11) slot 0
[2022-03-13 13:18:57] [0000.776] I> Loading partition adsp-fw at 0xd7400000
[2022-03-13 13:18:57] [0000.781] I> Reading two headers - addr:0xd7400000 blocks:1
[2022-03-13 13:18:57] [0000.787] I> Addr: 0xd7400000, start-block: 58761224, num_blocks: 1
[2022-03-13 13:18:57] [0000.806] I> Binary(11) of size 77216 is loaded @ 0xd7400000
[2022-03-13 13:18:57] [0000.811] I> Copy BTCM section
[2022-03-13 13:18:57] [0000.814] W> No valid slot number is found in scratch register
[2022-03-13 13:18:57] [0000.820] W> Return default slot: _a
[2022-03-13 13:18:57] [0000.823] I> A/B: bin_type (13) slot 0
[2022-03-13 13:18:57] [0000.827] I> Loading partition cpu-bootloader at 0x96000000
[2022-03-13 13:18:57] [0000.833] I> Reading two headers - addr:0x96000000 blocks:1
[2022-03-13 13:18:57] [0000.838] I> Addr: 0x96000000, start-block: 58740744, num_blocks: 1
[2022-03-13 13:18:57] [0000.859] I> Binary(13) of size 308800 is loaded @ 0x96000000
[2022-03-13 13:18:57] [0000.865] W> No valid slot number is found in scratch register
[2022-03-13 13:18:57] [0000.870] W> Return default slot: _a
[2022-03-13 13:18:57] [0000.874] I> A/B: bin_type (20) slot 0
[2022-03-13 13:18:57] [0000.877] I> Loading partition bootloader-dtb at 0x85205400
[2022-03-13 13:18:57] [0000.883] I> Reading two headers - addr:0x85205400 blocks:1
[2022-03-13 13:18:57] [0000.888] I> Addr: 0x85205400, start-block: 58742792, num_blocks: 1
[2022-03-13 13:18:57] [0000.910] I> Binary(20) of size 375568 is loaded @ 0x85205400
[2022-03-13 13:18:57] [0000.916] W> No valid slot number is found in scratch register
[2022-03-13 13:18:57] [0000.921] W> Return default slot: _a
[2022-03-13 13:18:57] [0000.925] I> A/B: bin_type (14) slot 0
[2022-03-13 13:18:57] [0000.929] I> Loading partition secure-os at 0x85305600
[2022-03-13 13:18:57] [0000.934] I> Reading two headers - addr:0x85305600 blocks:1
[2022-03-13 13:18:57] [0000.939] I> Addr: 0x85305600, start-block: 58744840, num_blocks: 1
[2022-03-13 13:18:57] [0000.961] I> Binary(14) of size 402864 is loaded @ 0x85305600
[2022-03-13 13:18:57] [0000.969] I> TOS boot-params @ 0x85000000
[2022-03-13 13:18:57] [0000.973] I> TOS params prepared
[2022-03-13 13:18:57] [0000.976] I> Loading EKS ...
[2022-03-13 13:18:58] [0000.978] I> A/B: bin_type (15) slot 0
[2022-03-13 13:18:58] [0000.982] I> Loading partition eks at 0x85905800
[2022-03-13 13:18:58] [0000.987] I> Reading two headers - addr:0x85905800 blocks:1
[2022-03-13 13:18:58] [0000.992] I> Addr: 0x85905800, start-block: 58757128, num_blocks: 1
[2022-03-13 13:18:58] [0001.011] I> Binary(15) of size 1040 is loaded @ 0x85905800
[2022-03-13 13:18:58] [0001.016] I> EKB detected (length: 0x400) @ 0x85905800
[2022-03-13 13:18:58] [0001.021] I> Copied encrypted keys
[2022-03-13 13:18:58] [0001.025] I> boot profiler @ 0x275844000
[2022-03-13 13:18:58] [0001.029] I> boot profiler for TOS @ 0x275844000
[2022-03-13 13:18:58] [0001.034] I> Unhalting SCE
[2022-03-13 13:18:58] [0001.036] I> Primary Memory Start:80000000 Size:70000000
[2022-03-13 13:18:58] [0001.042] I> Extended Memory Start:f0110000 Size:1856f0000
[2022-03-13 13:18:58] [0001.048] I> MB2(TBoot-BPMP) done
[2022-03-13 13:18:58] 
[2022-03-13 13:18:58] NOTICE:  BL31: v1.3(release):b5eeb33f7
[2022-03-13 13:18:58] NOTICE:  BL31: Built : 12:15:17, Jul 26 2021
[2022-03-13 13:18:58] ipc-unittest-main: 1519: Welcome to IPC unittest!!!
[2022-03-13 13:18:58] ipc-unittest-main: 1531: waiting forever
[2022-03-13 13:18:58] ipc-unittest-srv: 329: Init unittest services!!!
[2022-03-13 13:18:58] hwkey-agent: 41: hwkey-agent is running!!
[2022-03-13 13:18:58] hwkey-agent: 315: key_mgnt_processing .......
[2022-03-13 13:18:58] hwkey-agent: 223: Setting EKB key 0 to slot 14
[2022-03-13 13:18:58] hwkey-agent: 178: Init hweky-agent services!!
[2022-03-13 13:18:58] luks-srv: 40: luks-srv is running!!
[2022-03-13 13:18:58] luks-srv: 157: Init luks-srv IPC services!!
[2022-03-13 13:18:58] platform_bootstrap_epilog: trusty bootstrap complete
[2022-03-13 13:18:58] [0001.421] I> Welcome to Cboot
[2022-03-13 13:18:58] [0001.424] I> Cboot Version: t186-00029e71
[2022-03-13 13:18:58] [0001.428] I> CPU-BL Params @ 0x275800000
[2022-03-13 13:18:58] [0001.432] I>  0) Base:0x00000000 Size:0x00000000
[2022-03-13 13:18:58] [0001.436] I>  1) Base:0x277f00000 Size:0x00100000
[2022-03-13 13:18:58] [0001.440] I>  2) Base:0x277e00000 Size:0x00100000
[2022-03-13 13:18:58] [0001.445] I>  3) Base:0x277d00000 Size:0x00100000
[2022-03-13 13:18:58] [0001.449] I>  4) Base:0x277c00000 Size:0x00100000
[2022-03-13 13:18:58] [0001.454] I>  5) Base:0x277b00000 Size:0x00100000
[2022-03-13 13:18:58] [0001.459] I>  6) Base:0x277800000 Size:0x00200000
[2022-03-13 13:18:58] [0001.463] I>  7) Base:0x277400000 Size:0x00400000
[2022-03-13 13:18:58] [0001.468] I>  8) Base:0x277a00000 Size:0x00100000
[2022-03-13 13:18:58] [0001.472] I>  9) Base:0x277300000 Size:0x00100000
[2022-03-13 13:18:58] [0001.477] I> 10) Base:0x276800000 Size:0x00800000
[2022-03-13 13:18:58] [0001.481] I> 11) Base:0x30000000 Size:0x00040000
[2022-03-13 13:18:58] [0001.486] I> 12) Base:0xf0000000 Size:0x00100000
[2022-03-13 13:18:58] [0001.490] I> 13) Base:0x30040000 Size:0x00001000
[2022-03-13 13:18:58] [0001.494] I> 14) Base:0x30048000 Size:0x00001000
[2022-03-13 13:18:58] [0001.499] I> 15) Base:0x30049000 Size:0x00001000
[2022-03-13 13:18:58] [0001.503] I> 16) Base:0x3004a000 Size:0x00001000
[2022-03-13 13:18:58] [0001.508] I> 17) Base:0x3004b000 Size:0x00001000
[2022-03-13 13:18:58] [0001.512] I> 18) Base:0x3004c000 Size:0x00001000
[2022-03-13 13:18:58] [0001.517] I> 19) Base:0x3004d000 Size:0x00001000
[2022-03-13 13:18:58] [0001.521] I> 20) Base:0x3004e000 Size:0x00001000
[2022-03-13 13:18:58] [0001.525] I> 21) Base:0x3004f000 Size:0x00001000
[2022-03-13 13:18:58] [0001.530] I> 22) Base:0x00000000 Size:0x00000000
[2022-03-13 13:18:58] [0001.534] I> 23) Base:0xf0100000 Size:0x00010000
[2022-03-13 13:18:58] [0001.539] I> 24) Base:0x00000000 Size:0x00000000
[2022-03-13 13:18:58] [0001.543] I> 25) Base:0x00000000 Size:0x00000000
[2022-03-13 13:18:58] [0001.548] I> 26) Base:0x00000000 Size:0x00000000
[2022-03-13 13:18:58] [0001.552] I> 27) Base:0x00000000 Size:0x00000000
[2022-03-13 13:18:58] [0001.556] I> 28) Base:0x84400000 Size:0x00400000
[2022-03-13 13:18:58] [0001.561] I> 29) Base:0x30000000 Size:0x00010000
[2022-03-13 13:18:58] [0001.565] I> 30) Base:0x278000000 Size:0x08000000
[2022-03-13 13:18:58] [0001.570] I> 31) Base:0x00000000 Size:0x00000000
[2022-03-13 13:18:58] [0001.574] I> 32) Base:0x276000000 Size:0x00600000
[2022-03-13 13:18:58] [0001.579] I> 33) Base:0x80000000 Size:0x70000000
[2022-03-13 13:18:58] [0001.583] I> 34) Base:0xf0110000 Size:0x1856f0000
[2022-03-13 13:18:58] [0001.588] I> 35) Base:0x00000000 Size:0x00000000
[2022-03-13 13:18:58] [0001.592] I> 36) Base:0x00000000 Size:0x00000000
[2022-03-13 13:18:58] [0001.597] I> 37) Base:0x2772e0000 Size:0x00020000
[2022-03-13 13:18:58] [0001.601] I> 38) Base:0x84000000 Size:0x00400000
[2022-03-13 13:18:58] [0001.606] I> 39) Base:0x96000000 Size:0x02000000
[2022-03-13 13:18:58] [0001.610] I> 40) Base:0x85000000 Size:0x01200000
[2022-03-13 13:18:58] [0001.614] I> 41) Base:0x275800000 Size:0x00500000
[2022-03-13 13:18:58] [0001.619] I> 42) Base:0x00000000 Size:0x00000000
[2022-03-13 13:18:58] [0001.623] I> 43) Base:0x00000000 Size:0x00000000
[2022-03-13 13:18:58] [0001.628] GIC-SPI Target CPU: 4
[2022-03-13 13:18:58] [0001.631] Interrupts Init done
[2022-03-13 13:18:58] [0001.634] calling constructors
[2022-03-13 13:18:58] [0001.638] initializing heap
[2022-03-13 13:18:58] [0001.640] initializing threads
[2022-03-13 13:18:58] [0001.643] initializing timers
[2022-03-13 13:18:58] [0001.646] creating bootstrap completion thread
[2022-03-13 13:18:58] [0001.651] top of bootstrap2()
[2022-03-13 13:18:58] [0001.654] CPU: ARM Cortex A57
[2022-03-13 13:18:58] [0001.657] CPU: MIDR: 0x411FD073, MPIDR: 0x80000100
[2022-03-13 13:18:58] [0001.662] initializing platform
[2022-03-13 13:18:58] [0001.666] I> Bl_dtb @0x85205400
[2022-03-13 13:18:58] [0001.669] I> gpio framework initialized
[2022-03-13 13:18:58] [0001.675] I> tegrabl_gpio_driver_register: register 'nvidia,tegra186-gpio' driver
[2022-03-13 13:18:58] [0001.685] I> tegrabl_gpio_driver_register: register 'nvidia,tegra186-gpio-aon' driver
[2022-03-13 13:18:58] [0001.693] I> GPIO framework and drivers are initialized.
[2022-03-13 13:18:58] [0001.698] I> Boot-device: eMMC
[2022-03-13 13:18:58] [0001.705] I> sdmmc bdev is already initialized
[2022-03-13 13:18:58] [0001.736] I> Found 19 partitions in SDMMC_BOOT (instance 3)
[2022-03-13 13:18:58] [0001.754] I> Found 33 partitions in SDMMC_USER (instance 3)
[2022-03-13 13:18:58] [0001.759] W> opt-in fuse is not set, skip fuse_burning
[2022-03-13 13:18:58] [0001.764] I> Reserved memory at 0xfbe00000 for U-Boot relocation
[2022-03-13 13:18:58] [0001.770] W> No valid slot number is found in scratch register
[2022-03-13 13:18:58] [0001.776] W> Return default slot: _a
[2022-03-13 13:18:58] [0001.785] I> A/B: bin_type (21) slot 0
[2022-03-13 13:18:58] [0001.789] I> Loading kernel-dtb from partition
[2022-03-13 13:18:58] [0001.793] I> Loading partition kernel-dtb at 0x80000000 from device(0x1)
[2022-03-13 13:18:58] [0001.810] I> Kernel_dtb @0x80000000
[2022-03-13 13:18:58] [0001.814] I> tegrabl_tca9539_init: i2c bus: 0, slave addr: 0xee
[2022-03-13 13:18:58] [0001.824] I> tegrabl_gpio_driver_register: register 'tca9539_gpio_driver' driver
[2022-03-13 13:18:58] [0001.831] I> tegrabl_tca9539_init: i2c bus: 0, slave addr: 0xe8
[2022-03-13 13:18:58] [0001.840] I> tegrabl_gpio_driver_register: register 'tca9539_gpio_driver' driver
[2022-03-13 13:18:58] [0001.850] I> fixed regulator driver initialized
[2022-03-13 13:18:58] [0001.884] I> register 'maxim' power off handle
[2022-03-13 13:18:58] [0001.890] I> virtual i2c enabled
[2022-03-13 13:18:58] [0001.893] I> registered 'maxim,max77620' pmic
[2022-03-13 13:18:58] [0001.897] I> tegrabl_gpio_driver_register: register 'max77620-gpio' driver
[2022-03-13 13:18:58] [0001.911] E> failed to read label property for node 324936: 13
[2022-03-13 13:18:58] [0001.920] E> failed to read reg property for node 325032: 13
[2022-03-13 13:18:58] [0001.928] E> failed to read reg property for node 325084: 13
[2022-03-13 13:18:58] [0001.936] E> failed to read label property for node 325168: 13
[2022-03-13 13:18:58] [0001.945] E> failed to read label property for node 325236: 13
[2022-03-13 13:18:58] [0001.953] E> failed to read reg property for node 325304: 13
[2022-03-13 13:18:58] [0001.961] E> failed to read reg property for node 325376: 13
[2022-03-13 13:18:58] [0001.972] I> Find /i2c@c250000's alias i2c7
[2022-03-13 13:18:58] [0001.976] I> Reading eeprom i2c=7 address=0x50
[2022-03-13 13:18:59] [0002.005] I> Device at /i2c@c250000:0x50
[2022-03-13 13:18:59] [0002.009] I> Reading eeprom i2c=7 address=0x57
[2022-03-13 13:18:59] [0002.037] I> Device at /i2c@c250000:0x57
[2022-03-13 13:18:59] [0002.042] I> Find /i2c@c240000's alias i2c1
[2022-03-13 13:18:59] [0002.046] I> Reading eeprom i2c=1 address=0x51
[2022-03-13 13:18:59] [0002.051] E> I2C: slave not found in slaves.
[2022-03-13 13:18:59] [0002.055] E> I2C: Could not write 0 bytes to slave: 0x00a2 with repeat start true.
[2022-03-13 13:18:59] [0002.063] E> I2C_DEV: Failed to send register address 0x00000000.
[2022-03-13 13:18:59] [0002.069] E> I2C_DEV: Could not read 256 registers of size 1 from slave 0xa2 at 0x00000000 via instance 1.
[2022-03-13 13:18:59] [0002.078] E> eeprom: Retry to read I2C slave device.
[2022-03-13 13:18:59] [0002.083] E> I2C: slave not found in slaves.
[2022-03-13 13:18:59] [0002.087] E> I2C: Could not write 0 bytes to slave: 0x00a2 with repeat start true.
[2022-03-13 13:18:59] [0002.095] E> I2C_DEV: Failed to send register address 0x00000000.
[2022-03-13 13:18:59] [0002.101] E> I2C_DEV: Could not read 256 registers of size 1 from slave 0xa2 at 0x00000000 via instance 1.
[2022-03-13 13:18:59] [0002.110] E> eeprom: Failed to read I2C slave device
[2022-03-13 13:18:59] [0002.115] I> Eeprom read failed 0x3526070d
[2022-03-13 13:18:59] [0002.119] I> Find /i2c@3160000's alias i2c0
[2022-03-13 13:18:59] [0002.123] I> Reading eeprom i2c=0 address=0x50
[2022-03-13 13:18:59] [0002.128] E> I2C: slave not found in slaves.
[2022-03-13 13:18:59] [0002.132] E> I2C: Could not write 0 bytes to slave: 0x00a0 with repeat start true.
[2022-03-13 13:18:59] [0002.140] E> I2C_DEV: Failed to send register address 0x00000000.
[2022-03-13 13:18:59] [0002.146] E> I2C_DEV: Could not read 256 registers of size 1 from slave 0xa0 at 0x00000000 via instance 0.
[2022-03-13 13:18:59] [0002.155] E> eeprom: Failed to read I2C slave device
[2022-03-13 13:18:59] [0002.160] I> Eeprom read failed 0x3526070d
[2022-03-13 13:18:59] [0002.165] I> Find /i2c@3180000's alias i2c2
[2022-03-13 13:18:59] [0002.169] I> Reading eeprom i2c=2 address=0x54
[2022-03-13 13:18:59] [0002.173] I> Enabling gpio chip_id = 2, gpio pin = 9
[2022-03-13 13:18:59] [0002.203] I> Disabling gpio chip_id = 2, gpio pin = 9
[2022-03-13 13:18:59] [0002.209] I> Device at /i2c@3180000:0x54
[2022-03-13 13:18:59] [0002.212] I> Reading eeprom i2c=2 address=0x57
[2022-03-13 13:18:59] [0002.217] I> Enabling gpio chip_id = 2, gpio pin = 9
[2022-03-13 13:18:59] [0002.222] E> I2C: slave not found in slaves.
[2022-03-13 13:18:59] [0002.226] E> I2C: Could not write 0 bytes to slave: 0x00ae with repeat start true.
[2022-03-13 13:18:59] [0002.234] E> I2C_DEV: Failed to send register address 0x00000000.
[2022-03-13 13:18:59] [0002.240] E> I2C_DEV: Could not read 256 registers of size 1 from slave 0xae at 0x00000000 via instance 2.
[2022-03-13 13:18:59] [0002.249] E> eeprom: Failed to read I2C slave device
[2022-03-13 13:18:59] [0002.254] I> Disabling gpio chip_id = 2, gpio pin = 9
[2022-03-13 13:18:59] [0002.259] I> Eeprom read failed 0x00000000
[2022-03-13 13:18:59] [0002.263] I> create_pm_ids: id: 3310-1000-D00-L, len: 15
[2022-03-13 13:18:59] [0002.268] I> config: mem-type:00,power-config:00,misc-config:00,modem-config:00,touch-config:00,display-config:00,, len: 93
[2022-03-13 13:18:59] [0002.279] I> create_pm_ids: id: 2597-0000-900-E, len: 15
[2022-03-13 13:18:59] [0002.285] I> config: mem-type:00,power-config:00,misc-config:00,modem-config:00,touch-config:00,display-config:00,, len: 93
[2022-03-13 13:18:59] [0002.295] I> create_pm_ids: id: 3326-1000-000-M, len: 15
[2022-03-13 13:18:59] [0002.301] I> config: mem-type:ff,power-config:ff,misc-config:ff,modem-config:ff,touch-config:ff,display-config:ff,, len: 93
[2022-03-13 13:18:59] [0002.336] I> enabling 'vdd-hdmi' regulator
[2022-03-13 13:18:59] [0002.351] I> regulator 'vdd-hdmi' already enabled
[2022-03-13 13:18:59] [0002.356] E> tegrabl_display_init_regulator: hdmi cable is not connected
[2022-03-13 13:18:59] [0002.362] E> tegrabl_display_get_pdata, failed to parse dtb settings
[2022-03-13 13:18:59] [0002.371] E> cannot find any other nvdisp nodes
[2022-03-13 13:18:59] [0002.376] E> no valid display unit config found in dtb
[2022-03-13 13:18:59] [0002.381] W> display init failed
[2022-03-13 13:18:59] [0002.384] initializing target
[2022-03-13 13:18:59] [0002.388] calling apps_init()
[2022-03-13 13:18:59] [0002.391] starting app kernel_boot_app
[2022-03-13 13:18:59] [0002.413] I> found decompressor handler: lz4-legacy
[2022-03-13 13:18:59] [0002.417] I> decompressing BMP blob ...
[2022-03-13 13:18:59] [0002.430] I> Kernel type = Normal
[2022-03-13 13:18:59] [0002.433] I> ########## Fixed storage boot ##########
[2022-03-13 13:18:59] [0002.438] I> Loading kernel-bootctrl from partition
[2022-03-13 13:18:59] [0002.442] I> Loading partition kernel-bootctrl at 0xa8000000 from device(0x1)
[2022-03-13 13:18:59] [0002.457] W> tegrabl_get_kernel_bootctrl: magic number(0x00000000) is invalid
[2022-03-13 13:18:59] [0002.464] W> tegrabl_get_kernel_bootctrl: use default dummy boot control data
[2022-03-13 13:18:59] [0002.471] W> No valid slot number is found in scratch register
[2022-03-13 13:18:59] [0002.477] W> Return default slot: _a
[2022-03-13 13:18:59] [0002.480] I> A/B: bin_type (24) slot 0
[2022-03-13 13:18:59] [0002.496] I> Boot image size read from image header: 9913d
[2022-03-13 13:18:59] [0002.501] I> Boot image load address: 0x80400000
[2022-03-13 13:18:59] [0002.505] I> Loading kernel from partition
[2022-03-13 13:18:59] [0002.509] I> Loading partition kernel at 0x80400000 from device(0x1)
[2022-03-13 13:19:00] [0003.453] I> Validate kernel ...
[2022-03-13 13:19:00] [0003.456] I> T18x: Authenticate kernel (bin_type 24), max size 0x4000000
[2022-03-13 13:19:00] [0003.464] I> Decrypt the buffer ... [0003.467] W> tegrabl_decrypt_block: fuse (0x0) is not burnt to do encryption (0x4); skip decryption.
[2022-03-13 13:19:00] [0003.476] I> done
[2022-03-13 13:19:00] [0003.478] I> Checking boot.img header magic ... [0003.482] I> [OK]
[2022-03-13 13:19:00] [0003.484] I> kernel-dtb is already loaded
[2022-03-13 13:19:00] [0003.488] I> Validate kernel-dtb ...
[2022-03-13 13:19:00] [0003.491] I> T18x: Authenticate kernel-dtb (bin_type 21), max size 0x100000
[2022-03-13 13:19:00] [0003.499] I> Decrypt the buffer ... [0003.502] W> tegrabl_decrypt_block: fuse (0x0) is not burnt to do encryption (0x4); skip decryption.
[2022-03-13 13:19:00] [0003.511] I> done
[2022-03-13 13:19:00] [0003.512] I> Kernel hdr @0x80400000
[2022-03-13 13:19:00] [0003.516] I> Kernel dtb @0x80000000
[2022-03-13 13:19:00] [0003.519] I> decompressor handler not found
[2022-03-13 13:19:00] [0003.523] I> Copying kernel image (627005 bytes) from 0x80400800 to 0x80600000 ... [0003.531] I> Done
[2022-03-13 13:19:00] [0003.532] I> Move ramdisk (len: 0) from 0x8049a000 to 0x947d0000
[2022-03-13 13:19:00] [0003.540] I> Updated bpmp info to DTB
[2022-03-13 13:19:00] [0003.546] I> Ramdisk: Base: 0x947d0000; Size: 0x0
[2022-03-13 13:19:00] [0003.551] I> Updated initrd info to DTB
[2022-03-13 13:19:00] [0003.554] W> WARN: Fail to override "console=none" in commandline
[2022-03-13 13:19:00] [0003.560] I> Active rootfs suffix: 
[2022-03-13 13:19:00] [0003.564] E> tegrabl_linuxboot_add_disp_param, du 0 failed to get display params
[2022-03-13 13:19:00] [0003.571] E> tegrabl_linuxboot_add_disp_param, du 0 failed to get display params
[2022-03-13 13:19:00] [0003.578] E> tegrabl_linuxboot_add_disp_param, du 0 failed to get display params
[2022-03-13 13:19:00] [0003.585] I> disabled_core_mask: 0xffffff0c
[2022-03-13 13:19:00] [0003.589] W> No valid slot number is found in scratch register
[2022-03-13 13:19:00] [0003.595] W> Return default slot: _a
[2022-03-13 13:19:00] [0003.598] I> Active slot suffix: 
[2022-03-13 13:19:00] [0003.601] I> add_boot_slot_suffix: slot_suffix = 
[2022-03-13 13:19:00] [0003.606] I> Linux Cmdline: console=ttyS0,115200 androidboot.presilicon=true firmware_class.path=/etc/firmware root=/dev/mmcblk0p1 rw rootwait rootfstype=ext4 console=ttyS0,115200n8 console=tty0 fbcon=map:0 net.ifnames=0 isolcpus=1-2  video=tegrafb earlycon=uart8250,mmio32,0x3100000 nvdumper_reserved=0x2772e0000 gpt rootfs.slot_suffix= usbcore.old_scheme_first=1 tegraid=18.1.2.0.0 maxcpus=6 no_console_suspend boot.slot_suffix= boot.ratchetvalues=0.2031647.1 vpr_resize bl_prof_dataptr=0x10000@0x275840000 sdhci_tegra.en_boot_part_access=1 
[2022-03-13 13:19:00] [0003.653] I> Updated bootarg info to DTB
[2022-03-13 13:19:00] [0003.657] I> eeprom_get_mac_addr: MAC (type: 0): 48:b0:2d:0f:11:c5
[2022-03-13 13:19:00] [0003.663] I> eeprom_get_mac_addr: MAC (type: 1): 48:b0:2d:0f:11:c6
[2022-03-13 13:19:00] [0003.670] I> eeprom_get_mac_addr: MAC (type: 2): 48:b0:2d:0f:11:c7
[2022-03-13 13:19:00] [0003.676] E> Found no plugin manager ids in source DT
[2022-03-13 13:19:00] [0003.681] W> Add plugin manager ids from board info
[2022-03-13 13:19:00] [0003.685] W> "plugin-manager" doesn't exist, creating
[2022-03-13 13:19:00] [0003.690] W> "ids" doesn't exist, creating
[2022-03-13 13:19:00] [0003.694] W> "connection" doesn't exist, creating
[2022-03-13 13:19:00] [0003.699] W> "configs" doesn't exist, creating
[2022-03-13 13:19:00] [0003.703] I> create_pm_ids: id: 3310-1000-D00-L, len: 15
[2022-03-13 13:19:00] [0003.708] I> config: mem-type:00,power-config:00,misc-config:00,modem-config:00,touch-config:00,display-config:00,, len: 93
[2022-03-13 13:19:00] [0003.719] I> create_pm_ids: id: 2597-0000-900-E, len: 15
[2022-03-13 13:19:00] [0003.724] I> config: mem-type:00,power-config:00,misc-config:00,modem-config:00,touch-config:00,display-config:00,, len: 93
[2022-03-13 13:19:00] [0003.735] I> create_pm_ids: id: 3326-1000-000-M, len: 15
[2022-03-13 13:19:00] [0003.741] I> config: mem-type:ff,power-config:ff,misc-config:ff,modem-config:ff,touch-config:ff,display-config:ff,, len: 93
[2022-03-13 13:19:00] [0003.751] I> Adding plugin-manager/ids/3310-1000-D00=/i2c@c250000:module@0x50
[2022-03-13 13:19:00] [0003.759] W> "i2c@c250000" doesn't exist, creating
[2022-03-13 13:19:00] [0003.763] W> "module@0x50" doesn't exist, creating
[2022-03-13 13:19:00] [0003.768] I> Adding plugin-manager/ids/2597-0000-900=/i2c@c250000:module@0x57
[2022-03-13 13:19:00] [0003.776] W> "module@0x57" doesn't exist, creating
[2022-03-13 13:19:00] [0003.781] I> Adding plugin-manager/ids/3326-1000-000=/i2c@3180000:module@0x54
[2022-03-13 13:19:00] [0003.788] W> "i2c@3180000" doesn't exist, creating
[2022-03-13 13:19:00] [0003.792] W> "module@0x54" doesn't exist, creating
[2022-03-13 13:19:00] [0003.799] I> Adding plugin-manager/ids/3310-1000-D00-L
[2022-03-13 13:19:00] [0003.806] I> Adding plugin-manager/configs/3310-mem-type 00
[2022-03-13 13:19:00] [0003.812] I> Adding plugin-manager/configs/3310-power-config 00
[2022-03-13 13:19:00] [0003.818] I> Adding plugin-manager/configs/3310-misc-config 00
[2022-03-13 13:19:00] [0003.824] I> Adding plugin-manager/configs/3310-modem-config 00
[2022-03-13 13:19:00] [0003.830] I> Adding plugin-manager/configs/3310-touch-config 00
[2022-03-13 13:19:00] [0003.836] I> Adding plugin-manager/configs/3310-display-config 00
[2022-03-13 13:19:00] [0003.842] I> Adding plugin-manager/cvm
[2022-03-13 13:19:00] [0003.846] W> "chip-id" doesn't exist, creating
[2022-03-13 13:19:00] [0003.850] I> Adding plugin-manager/chip-id/A02P
[2022-03-13 13:19:00] [0003.855] W> "odm-data" doesn't exist, creating
[2022-03-13 13:19:00] [0003.859] I> Adding /chosen/plugin-manager/odm-data
[2022-03-13 13:19:00] [0003.869] I> added [base:0x80000000, size:0x70000000] to /memory
[2022-03-13 13:19:00] [0003.875] I> added [base:0xf0200000, size:0x185600000] to /memory
[2022-03-13 13:19:00] [0003.881] I> added [base:0x275e00000, size:0x200000] to /memory
[2022-03-13 13:19:00] [0003.887] I> added [base:0x276600000, size:0x200000] to /memory
[2022-03-13 13:19:00] [0003.892] I> added [base:0x277000000, size:0x200000] to /memory
[2022-03-13 13:19:00] [0003.898] I> Updated memory info to DTB
[2022-03-13 13:19:00] [0003.903] E> add_disp_param: failed to get display params for du=0
[2022-03-13 13:19:00] [0003.910] W> "reset" doesn't exist, creating
[2022-03-13 13:19:00] [0003.915] W> "pmc-reset-reason" doesn't exist, creating
[2022-03-13 13:19:00] [0003.920] W> "pmic-reset-reason" doesn't exist, creating
[2022-03-13 13:19:00] [0003.927] I> Adding ecid(00000001646db7851000000013038200) to DT
[2022-03-13 13:19:00] [0003.932] I> disabled_core_mask: 0xffffff0c
[2022-03-13 13:19:00] [0003.945] I> Add serial number:1422420022173 as DT property
[2022-03-13 13:19:00] [0003.954] I> Plugin-manager override starting
[2022-03-13 13:19:00] [0003.960] I> node /plugin-manager/fragement@0 matches
[2022-03-13 13:19:00] [0003.970] I> node /plugin-manager/fragement@4 matches
[2022-03-13 13:19:01] [0003.983] I> node /plugin-manager/fragment-sdwake-p3310-1000-300 matches
[2022-03-13 13:19:01] [0004.003] I> node /plugin-manager/fragement-pmon-p3310-1000-300 matches
[2022-03-13 13:19:01] [0004.013] I> node /plugin-manager/fragement-pmon-p3310-1000-800 matches
[2022-03-13 13:19:01] [0004.022] I> node /plugin-manager/fragment-devslp@0 matches
[2022-03-13 13:19:01] [0004.034] I> node /plugin-manager/fragment-500-pcie-config matches
[2022-03-13 13:19:01] [0004.049] I> node /plugin-manager/fragment-500-xusb-config matches
[2022-03-13 13:19:01] [0004.072] I> node /plugin-manager/fragment-p3310-c00-comm matches
[2022-03-13 13:19:01] [0004.085] I> node /plugin-manager/fragment-p3310-c00-pmic matches
[2022-03-13 13:19:01] [0004.096] I> node /plugin-manager/fragment-p3310-c01 matches
[2022-03-13 13:19:01] [0004.109] I> node /plugin-manager/fragment-p3310-c03 matches
[2022-03-13 13:19:01] [0004.152] I> node /plugin-manager/fragment-e3326@0 matches
[2022-03-13 13:19:01] [0004.234] I> node /plugin-manager/fragment-p3310-c00-camera matches
[2022-03-13 13:19:01] [0004.261] I> Disable plugin-manager status in FDT
[2022-03-13 13:19:01] [0004.265] I> Plugin-manager override finished successfully
[2022-03-13 13:19:01] [0004.271] I> tegrabl_load_kernel_and_dtb: Done
[2022-03-13 13:19:01] [0004.275] E> tegrabl_display_clear: display is not initialized
[2022-03-13 13:19:01] [0004.281] W> Boot logo display failed...
[2022-03-13 13:19:01] [0004.284] I> Kernel EP: 0x80600000, DTB: 0x80000000
[2022-03-13 13:19:01] 
[2022-03-13 13:19:01] 
[2022-03-13 13:19:01] U-Boot 2020.04-g46e4604c78 (Jul 26 2021 - 12:10:58 -0700)
[2022-03-13 13:19:01] 
[2022-03-13 13:19:01] SoC: tegra186
[2022-03-13 13:19:01] Model: NVIDIA P2771-0000-500
[2022-03-13 13:19:01] Board: NVIDIA P2771-0000
[2022-03-13 13:19:01] DRAM:  7.8 GiB
[2022-03-13 13:19:01] MMC:   sdhci@3400000: 1, sdhci@3460000: 0
[2022-03-13 13:19:01] Loading Environment from MMC... *** Warning - bad CRC, using default environment
[2022-03-13 13:19:01] 
[2022-03-13 13:19:01] In:    serial
[2022-03-13 13:19:01] Out:   serial
[2022-03-13 13:19:01] Err:   serial
[2022-03-13 13:19:01] Net:   
[2022-03-13 13:19:01] Warning: ethernet@2490000 using MAC address from ROM
[2022-03-13 13:19:01] eth0: ethernet@2490000
[2022-03-13 13:19:01] Hit any key to stop autoboot:  2  1  0 
[2022-03-13 13:19:03] MMC: no card present
[2022-03-13 13:19:03] switch to partitions #0, OK
[2022-03-13 13:19:03] mmc0(part 0) is current device
[2022-03-13 13:19:03] Scanning mmc 0:1...
[2022-03-13 13:19:04] Found /boot/extlinux/extlinux.conf
[2022-03-13 13:19:04] Retrieving file: /boot/extlinux/extlinux.conf
[2022-03-13 13:19:04] 858 bytes read in 22 ms (38.1 KiB/s)
[2022-03-13 13:19:04] 1:	primary kernel
[2022-03-13 13:19:04] Retrieving file: /boot/initrd
[2022-03-13 13:19:04] 7238344 bytes read in 201 ms (34.3 MiB/s)
[2022-03-13 13:19:04] Retrieving file: /boot/Image
[2022-03-13 13:19:05] 34484232 bytes read in 829 ms (39.7 MiB/s)
[2022-03-13 13:19:05] append: console=ttyS0,115200 androidboot.presilicon=true firmware_class.path=/etc/firmware root=/dev/mmcblk0p1 rw rootwait rootfstype=ext4 console=ttyS0,115200n8 console=tty0 fbcon=map:0 net.ifnames=0 isolcpus=1-2  video=tegrafb earlycon=uart8250,mmio32,0x3100000 nvdumper_reserved=0x2772e0000 gpt rootfs.slot_suffix= usbcore.old_scheme_first=1 tegraid=18.1.2.0.0 maxcpus=6 no_console_suspend boot.slot_suffix= boot.ratchetvalues=0.2031647.1 vpr_resize bl_prof_dataptr=0x10000@0x275840000 sdhci_tegra.en_boot_part_access=1 quiet root=/dev/mmcblk0p1 rw rootwait rootfstype=ext4 console=ttyS0,115200n8 console=tty0 fbcon=map:0 net.ifnames=0 isolcpus=1-2 
[2022-03-13 13:19:05] ## Flattened Device Tree blob at 80000000
[2022-03-13 13:19:05]    Booting using the fdt blob at 0x80000000
[2022-03-13 13:19:05] ERROR: reserving fdt memory region failed (addr=0 size=0)
[2022-03-13 13:19:05] ERROR: reserving fdt memory region failed (addr=0 size=0)
[2022-03-13 13:19:05] ERROR: reserving fdt memory region failed (addr=0 size=0)
[2022-03-13 13:19:05]    Using Device Tree in place at 0000000080000000, end 0000000080060aa3
[2022-03-13 13:19:05] copying carveout for /host1x@13e00000/display-hub@15200000/display@15200000...
[2022-03-13 13:19:05] copying carveout for /host1x@13e00000/display-hub@15200000/display@15210000...
[2022-03-13 13:19:05] copying carveout for /host1x@13e00000/display-hub@15200000/display@15220000...
[2022-03-13 13:19:05] 
[2022-03-13 13:19:05] Starting kernel ...
[2022-03-13 13:19:05] 
[2022-03-13 13:19:05] [    0.000000] Booting Linux on physical CPU 0x100
[2022-03-13 13:19:05] [    0.000000] Linux version 4.9.253-tegra (buildbrain@mobile-u64-5497-d3000) (gcc version 7.3.1 20180425 [linaro-7.3-2018.05 revision d29120a424ecfbc167ef90065c0eeb7f91977701] (Linaro GCC 7.3-2018.05) ) #1 SMP PREEMPT Mon Jul 26 12:19:28 PDT 2021
[2022-03-13 13:19:05] [    0.000000] Boot CPU: AArch64 Processor [411fd073]
[2022-03-13 13:19:05] [    0.000000] OF: fdt:memory scan node memory@80000000, reg size 80,
[2022-03-13 13:19:05] [    0.000000] OF: fdt: - 80000000 ,  70000000
[2022-03-13 13:19:05] [    0.000000] OF: fdt: - f0200000 ,  185600000
[2022-03-13 13:19:05] [    0.000000] OF: fdt: - 275e00000 ,  200000
[2022-03-13 13:19:05] [    0.000000] OF: fdt: - 276600000 ,  200000
[2022-03-13 13:19:05] [    0.000000] OF: fdt: - 277000000 ,  200000
[2022-03-13 13:19:05] [    0.000000] earlycon: uart8250 at MMIO32 0x0000000003100000 (options '')
[2022-03-13 13:19:05] [    0.000000] bootconsole [uart8250] enabled
[2022-03-13 13:19:07] [    1.859157] cgroup: cgroup2: unknown option "nsdelegate"
[2022-03-13 13:19:08] [    2.888036] using random self ethernet address
[2022-03-13 13:19:08] [    2.893583] using random host ethernet address
[2022-03-13 13:19:08] [    3.212672] random: crng init done
[2022-03-13 13:19:08] [    3.216080] random: 7 urandom warning(s) missed due to ratelimiting
[2022-03-13 13:19:09] [    3.469919] using random self ethernet address
[2022-03-13 13:19:09] [    3.485332] using random host ethernet address
[2022-03-13 13:19:09] [    4.036942] CPU1: shutdown
[2022-03-13 13:19:09] [    4.102606] CPU2: shutdown
[2022-03-13 13:19:10] [    4.994330] Bridge firewalling registered
[2022-03-13 13:19:14] 
[2022-03-13 13:19:14] Ubuntu 18.04.5 LTS JTX2-A ttyS0
[2022-03-13 13:19:14] 
[2022-03-13 13:19:14] JTX2-A login: [   19.446116] nvgpu: 17000000.gp10b                     gp10b_ltc_isr:298  [ERR]  mc_ltc_intr: 00000001
[2022-03-13 13:19:25] [   19.455444] nvgpu: 17000000.gp10b                 gp10b_ltc_lts_isr:252  [ERR]  Single bit error detected in GPU L2!
[2022-03-13 13:19:25] [   19.466123] nvgpu: 17000000.gp10b                 gp10b_ltc_lts_isr:286  [ERR]  ltc0, slice 0: bb4f0110
[2022-03-13 13:19:51] [   46.010800] nvgpu: 17000000.gp10b                     gp10b_ltc_isr:298  [ERR]  mc_ltc_intr: 00000002
[2022-03-13 13:19:51] [   46.020125] nvgpu: 17000000.gp10b                 gp10b_ltc_lts_isr:252  [ERR]  Single bit error detected in GPU L2!
[2022-03-13 13:19:51] [   46.030780] nvgpu: 17000000.gp10b                 gp10b_ltc_lts_isr:286  [ERR]  ltc1, slice 0: bb4f0110
[2022-03-13 13:20:04] [   58.653664] CPU0: SError detected, daif=1c0, spsr=0x80000000, mpidr=80000100, esr=bf40c000
[2022-03-13 13:20:04] [   58.653667] CPU4: SError detected, daif=1c0, spsr=0x800000c5, mpidr=80000102, esr=bf40c000
[2022-03-13 13:20:04] [   58.653670] CPU3: SError detected, daif=1c0, spsr=0x800000c5, mpidr=80000101, esr=bf40c000
[2022-03-13 13:20:04] [   58.653672] CPU5: SError detected, daif=1c0, spsr=0x800000c5, mpidr=80000103, esr=bf40c000
[2022-03-13 13:20:04] [   58.653673] **************************************
[2022-03-13 13:20:04] [   58.653677] A57 CPU Memory Error on CPU 4 (A57 Core 2)
[2022-03-13 13:20:04] [   58.653678] 	ESR:               0xbf40c000
[2022-03-13 13:20:04] [   58.653681] 	CPUMERRSR: 0x89002820
[2022-03-13 13:20:04] [   58.653683] 	Data L1 Data RAM: 0x9
[2022-03-13 13:20:04] [   58.653684] 	Bank/Way of Error:  0x0
[2022-03-13 13:20:04] [   58.653685] 	Index of Error:     0x2820
[2022-03-13 13:20:04] [   58.653686] 	Repeat Error Count: 0
[2022-03-13 13:20:04] [   58.653687] 	Other Error Count:  0
[2022-03-13 13:20:04] [   58.653687] 	L2MERRSR: 0xa0091149528
[2022-03-13 13:20:04] [   58.653689] 	L2 Data RAM: 0x11
[2022-03-13 13:20:04] [   58.653690] 	CPU ID of Error:    2
[2022-03-13 13:20:04] [   58.653691] 	WAY of Error:       1
[2022-03-13 13:20:04] [   58.653692] 	Index of Error:     38184
[2022-03-13 13:20:04] [   58.653692] 	Repeat Error Count: 0
[2022-03-13 13:20:04] [   58.653693] 	Other Error Count:  10
[2022-03-13 13:20:04] [   58.653694] **************************************
[2022-03-13 13:20:04] [   58.655097] ROC:CCE Machine Check Error:
[2022-03-13 13:20:04] [   58.655101] 	Address Type = Non-Secure DRAM
[2022-03-13 13:20:04] [   58.655127] 	Address = 0x263a4a680 -- System RAM + 0x17384a680
[2022-03-13 13:20:04] [   58.655327] Bad mode in Error handler detected on CPU4, code 0xbf40c000 -- SError
[2022-03-13 13:20:04] [   58.655328] **************************************
[2022-03-13 13:20:04] [   58.655329] A57 CPU Memory Error on CPU 3 (A57 Core 1)
[2022-03-13 13:20:04] [   58.655330] Kernel panic - not syncing: bad mode
[2022-03-13 13:20:04] [   58.655330] 	ESR:               0xbf40c000
[2022-03-13 13:20:04] [   58.655332] 	CPUMERRSR: 0x89042f60
[2022-03-13 13:20:04] [   58.655334] CPU: 4 PID: 0 Comm: swapper/4 Not tainted 4.9.253-tegra #1
[2022-03-13 13:20:04] [   58.655335] 	Data L1 Data RAM: 0x9
[2022-03-13 13:20:04] [   58.655336] Hardware name: quill (DT)
[2022-03-13 13:20:04] [   58.655337] 	Bank/Way of Error:  0x1
[2022-03-13 13:20:04] [   58.655338] Call trace:
[2022-03-13 13:20:04] [   58.655339] 	Index of Error:     0x2f60
[2022-03-13 13:20:04] [   58.655346] [<ffffff800808ba40>] dump_backtrace+0x0/0x198
[2022-03-13 13:20:04] [   58.655347] 	Repeat Error Count: 0
[2022-03-13 13:20:04] [   58.655349] [<ffffff800808c004>] show_stack+0x24/0x30
[2022-03-13 13:20:04] [   58.655350] 	Other Error Count:  0
[2022-03-13 13:20:04] [   58.655354] [<ffffff8008f6121c>] dump_stack+0xa0/0xc4
[2022-03-13 13:20:04] [   58.655355] **************************************
[2022-03-13 13:20:04] [   58.655358] [<ffffff8008f5e2c0>] panic+0x12c/0x2a8
[2022-03-13 13:20:04] [   58.655360] [<ffffff800808c894>] bad_mode+0x7c/0x80
[2022-03-13 13:20:04] [   58.655363] [<ffffff800808ca5c>] handle_serr+0x124/0x128
[2022-03-13 13:20:04] [   58.655364] [<ffffff8008082d98>] el1_serr+0xb0/0x144
[2022-03-13 13:20:04] [   58.655369] [<ffffff8008ba09ac>] cpuidle_enter_state+0x84/0x380
[2022-03-13 13:20:04] [   58.655371] [<ffffff8008ba0d1c>] cpuidle_enter+0x34/0x48
[2022-03-13 13:20:04] [   58.655373] [<ffffff800811139c>] call_cpuidle+0x44/0x70
[2022-03-13 13:20:04] [   58.655375] [<ffffff8008111718>] cpu_startup_entry+0x1b0/0x200
[2022-03-13 13:20:04] [   58.655378] [<ffffff8008091cf8>] secondary_start_kernel+0x190/0x1f8
[2022-03-13 13:20:04] [   58.655379] [<000000008116e1a8>] 0x8116e1a8
[2022-03-13 13:20:04] [   58.655383] SMP: stopping secondary CPUs
[2022-03-13 13:20:04] [   58.655559] Bad mode in Error handler detected on CPU3, code 0xbf40c000 -- SError
[2022-03-13 13:20:04] [   58.908029] **************************************
[2022-03-13 13:20:04] [   58.912807] A57 CPU Memory Error on CPU 0 (A57 Core 0)
[2022-03-13 13:20:04] [   58.917934] 	ESR:               0xbf40c000
[2022-03-13 13:20:04] [   58.922018] 	CPUMERRSR: 0x89041380
[2022-03-13 13:20:04] [   58.925411] 	Data L1 Data RAM: 0x9
[2022-03-13 13:20:04] [   58.928804] 	Bank/Way of Error:  0x1
[2022-03-13 13:20:04] [   58.932369] 	Index of Error:     0x1380
[2022-03-13 13:20:04] [   58.936195] 	Repeat Error Count: 0
[2022-03-13 13:20:04] [   58.939587] 	Other Error Count:  0
[2022-03-13 13:20:04] [   58.942978] **************************************
[2022-03-13 13:20:04] [   58.947960] Bad mode in Error handler detected on CPU0, code 0xbf40c000 -- SError
[2022-03-13 13:20:05] [   59.704058] SMP: failed to stop secondary CPUs 0,3-4
[2022-03-13 13:20:05] [   59.709014] Kernel Offset: disabled
[2022-03-13 13:20:05] [   59.712494] Memory Limit: none
[2022-03-13 13:20:05] [   59.715540] trusty-log panic notifier - trusty version Built: 12:20:14 Jul 26 2021 [   59.727976] Rebooting in 5 seconds..
[2022-03-13 13:20:10] [   64.731762] SMP: stopping secondary CPUs
[2022-03-13 13:20:11] [   65.783952] SMP: failed to stop secondary CPUs 0,3-4
[2022-03-13 13:20:11] [0000.163] I> Welcome to MB2(TBoot-BPMP)(version: 01.00.160913-t186-M-00.00-mobile-c368a720)
[2022-03-13 13:20:11] [0000.171] I> Boot-device: eMMC
[2022-03-13 13:20:11] [0000.179] I> sdmmc bdev is already initialized
[2022-03-13 13:20:11] [0000.183] I> pmic: reset reason (nverc)	: 0x0
[2022-03-13 13:20:11] [0000.216] I> Found 19 partitions in SDMMC_BOOT (instance 3)
[2022-03-13 13:20:11] [0000.236] I> Found 33 partitions in SDMMC_USER (instance 3)
[2022-03-13 13:20:11] [0000.242] W> No valid slot number is found in scratch register
[2022-03-13 13:20:11] [0000.248] W> Return default slot: _a
[2022-03-13 13:20:11] [0000.251] I> A/B: bin_type (16) slot 0
[2022-03-13 13:20:11] [0000.255] I> Loading partition bpmp-fw at 0xd7800000
[2022-03-13 13:20:11] [0000.260] I> Reading two headers - addr:0xd7800000 blocks:1
[2022-03-13 13:20:11] [0000.265] I> Addr: 0xd7800000, start-block: 58777608, num_blocks: 1
[2022-03-13 13:20:11] [0000.290] I> Binary(16) of size 534416 is loaded @ 0xd7800000
[2022-03-13 13:20:11] [0000.296] W> No valid slot number is found in scratch register
[2022-03-13 13:20:11] [0000.302] W> Return default slot: _a
[2022-03-13 13:20:11] [0000.305] I> A/B: bin_type (17) slot 0
[2022-03-13 13:20:11] [0000.309] I> Loading partition bpmp-fw-dtb at 0xd79f0000
[2022-03-13 13:20:11] [0000.314] I> Reading two headers - addr:0xd79f0000 blocks:1
[2022-03-13 13:20:11] [0000.319] I> Addr: 0xd79f0000, start-block: 58780024, num_blocks: 1
[2022-03-13 13:20:11] [0000.345] I> Binary(17) of size 604720 is loaded @ 0xd796c400
[2022-03-13 13:20:12] [0000.575] I> Loading SCE-FW ...
[2022-03-13 13:20:12] [0000.578] W> No valid slot number is found in scratch register
[2022-03-13 13:20:12] [0000.584] W> Return default slot: _a
[2022-03-13 13:20:12] [0000.587] I> A/B: bin_type (12) slot 0
[2022-03-13 13:20:12] [0000.591] I> Loading partition sce-fw at 0xd7300000
[2022-03-13 13:20:12] [0000.595] I> Reading two headers - addr:0xd7300000 blocks:1
[2022-03-13 13:20:12] [0000.601] I> Addr: 0xd7300000, start-block: 58784120, num_blocks: 1
[2022-03-13 13:20:12] [0000.620] I> Binary(12) of size 125632 is loaded @ 0xd7300000
[2022-03-13 13:20:12] [0000.626] I> Init SCE
[2022-03-13 13:20:12] [0000.628] I> Loading APE-FW ...
[2022-03-13 13:20:12] [0000.631] W> No valid slot number is found in scratch register
[2022-03-13 13:20:12] [0000.637] W> Return default slot: _a
[2022-03-13 13:20:12] [0000.640] I> A/B: bin_type (11) slot 0
[2022-03-13 13:20:12] [0000.644] I> Loading partition adsp-fw at 0xd7400000
[2022-03-13 13:20:12] [0000.649] I> Reading two headers - addr:0xd7400000 blocks:1
[2022-03-13 13:20:12] [0000.654] I> Addr: 0xd7400000, start-block: 58761224, num_blocks: 1
[2022-03-13 13:20:12] [0000.673] I> Binary(11) of size 77216 is loaded @ 0xd7400000
[2022-03-13 13:20:12] [0000.679] I> Copy BTCM section
[2022-03-13 13:20:12] [0000.682] W> No valid slot number is found in scratch register
[2022-03-13 13:20:12] [0000.687] W> Return default slot: _a
[2022-03-13 13:20:12] [0000.691] I> A/B: bin_type (13) slot 0
[2022-03-13 13:20:12] [0000.694] I> Loading partition cpu-bootloader at 0x96000000
[2022-03-13 13:20:12] [0000.700] I> Reading two headers - addr:0x96000000 blocks:1
[2022-03-13 13:20:12] [0000.705] I> Addr: 0x96000000, start-block: 58740744, num_blocks: 1
[2022-03-13 13:20:12] [0000.727] I> Binary(13) of size 308800 is loaded @ 0x96000000
[2022-03-13 13:20:12] [0000.732] W> No valid slot number is found in scratch register
[2022-03-13 13:20:12] [0000.738] W> Return default slot: _a
[2022-03-13 13:20:12] [0000.741] I> A/B: bin_type (20) slot 0
[2022-03-13 13:20:12] [0000.745] I> Loading partition bootloader-dtb at 0x85205400
[2022-03-13 13:20:12] [0000.750] I> Reading two headers - addr:0x85205400 blocks:1
[2022-03-13 13:20:12] [0000.756] I> Addr: 0x85205400, start-block: 58742792, num_blocks: 1
[2022-03-13 13:20:12] [0000.778] I> Binary(20) of size 375568 is loaded @ 0x85205400
[2022-03-13 13:20:12] [0000.784] W> No valid slot number is found in scratch register
[2022-03-13 13:20:12] [0000.789] W> Return default slot: _a
[2022-03-13 13:20:12] [0000.793] I> A/B: bin_type (14) slot 0
[2022-03-13 13:20:12] [0000.796] I> Loading partition secure-os at 0x85305600
[2022-03-13 13:20:12] [0000.801] I> Reading two headers - addr:0x85305600 blocks:1
[2022-03-13 13:20:12] [0000.807] I> Addr: 0x85305600, start-block: 58744840, num_blocks: 1
[2022-03-13 13:20:12] [0000.829] I> Binary(14) of size 402864 is loaded @ 0x85305600
[2022-03-13 13:20:12] [0000.837] I> TOS boot-params @ 0x85000000
[2022-03-13 13:20:12] [0000.841] I> TOS params prepared
[2022-03-13 13:20:12] [0000.844] I> Loading EKS ...
[2022-03-13 13:20:12] [0000.846] I> A/B: bin_type (15) slot 0
[2022-03-13 13:20:12] [0000.850] I> Loading partition eks at 0x85905800
[2022-03-13 13:20:12] [0000.854] I> Reading two headers - addr:0x85905800 blocks:1
[2022-03-13 13:20:12] [0000.860] I> Addr: 0x85905800, start-block: 58757128, num_blocks: 1
[2022-03-13 13:20:12] [0000.879] I> Binary(15) of size 1040 is loaded @ 0x85905800
[2022-03-13 13:20:12] [0000.884] I> EKB detected (length: 0x400) @ 0x85905800
[2022-03-13 13:20:12] [0000.889] I> Copied encrypted keys
[2022-03-13 13:20:12] [0000.893] I> boot profiler @ 0x275844000
[2022-03-13 13:20:12] [0000.897] I> boot profiler for TOS @ 0x275844000
[2022-03-13 13:20:12] [0000.902] I> Unhalting SCE
[2022-03-13 13:20:12] [0000.904] I> Primary Memory Start:80000000 Size:70000000
[2022-03-13 13:20:12] [0000.909] I> Extended Memory Start:f0110000 Size:1856f0000
[2022-03-13 13:20:12] [0000.916] I> MB2(TBoot-BPMP) done
[2022-03-13 13:20:12] 
[2022-03-13 13:20:12] NOTICE:  BL31: v1.3(release):b5eeb33f7
[2022-03-13 13:20:12] NOTICE:  BL31: Built : 12:15:17, Jul 26 2021
[2022-03-13 13:20:12] ipc-unittest-main: 1519: Welcome to IPC unittest!!!
[2022-03-13 13:20:12] ipc-unittest-main: 1531: waiting forever
[2022-03-13 13:20:12] ipc-unittest-srv: 329: Init unittest services!!!
[2022-03-13 13:20:12] hwkey-agent: 41: hwkey-agent is running!!
[2022-03-13 13:20:12] hwkey-agent: 315: key_mgnt_processing .......
[2022-03-13 13:20:12] hwkey-agent: 223: Setting EKB key 0 to slot 14
[2022-03-13 13:20:12] hwkey-agent: 178: Init hweky-agent services!!
[2022-03-13 13:20:12] luks-srv: 40: luks-srv is running!!
[2022-03-13 13:20:12] luks-srv: 157: Init luks-srv IPC services!!
[2022-03-13 13:20:12] platform_bootstrap_epilog: trusty bootstrap complete
[2022-03-13 13:20:12] [0001.289] I> Welcome to Cboot
[2022-03-13 13:20:12] [0001.291] I> Cboot Version: t186-00029e71
[2022-03-13 13:20:12] [0001.295] I> CPU-BL Params @ 0x275800000
[2022-03-13 13:20:12] [0001.299] I>  0) Base:0x00000000 Size:0x00000000
[2022-03-13 13:20:12] [0001.303] I>  1) Base:0x277f00000 Size:0x00100000
[2022-03-13 13:20:12] [0001.308] I>  2) Base:0x277e00000 Size:0x00100000
[2022-03-13 13:20:12] [0001.313] I>  3) Base:0x277d00000 Size:0x00100000
[2022-03-13 13:20:12] [0001.317] I>  4) Base:0x277c00000 Size:0x00100000
[2022-03-13 13:20:12] [0001.322] I>  5) Base:0x277b00000 Size:0x00100000
[2022-03-13 13:20:12] [0001.326] I>  6) Base:0x277800000 Size:0x00200000
[2022-03-13 13:20:12] [0001.331] I>  7) Base:0x277400000 Size:0x00400000
[2022-03-13 13:20:12] [0001.335] I>  8) Base:0x277a00000 Size:0x00100000
[2022-03-13 13:20:12] [0001.340] I>  9) Base:0x277300000 Size:0x00100000
[2022-03-13 13:20:12] [0001.344] I> 10) Base:0x276800000 Size:0x00800000
[2022-03-13 13:20:12] [0001.349] I> 11) Base:0x30000000 Size:0x00040000
[2022-03-13 13:20:12] [0001.353] I> 12) Base:0xf0000000 Size:0x00100000
[2022-03-13 13:20:12] [0001.358] I> 13) Base:0x30040000 Size:0x00001000
[2022-03-13 13:20:12] [0001.362] I> 14) Base:0x30048000 Size:0x00001000
[2022-03-13 13:20:12] [0001.366] I> 15) Base:0x30049000 Size:0x00001000
[2022-03-13 13:20:12] [0001.371] I> 16) Base:0x3004a000 Size:0x00001000
[2022-03-13 13:20:12] [0001.375] I> 17) Base:0x3004b000 Size:0x00001000
[2022-03-13 13:20:12] [0001.380] I> 18) Base:0x3004c000 Size:0x00001000
[2022-03-13 13:20:12] [0001.384] I> 19) Base:0x3004d000 Size:0x00001000
[2022-03-13 13:20:12] [0001.389] I> 20) Base:0x3004e000 Size:0x00001000
[2022-03-13 13:20:12] [0001.393] I> 21) Base:0x3004f000 Size:0x00001000
[2022-03-13 13:20:12] [0001.397] I> 22) Base:0x00000000 Size:0x00000000
[2022-03-13 13:20:12] [0001.402] I> 23) Base:0xf0100000 Size:0x00010000
[2022-03-13 13:20:12] [0001.406] I> 24) Base:0x00000000 Size:0x00000000
[2022-03-13 13:20:12] [0001.411] I> 25) Base:0x00000000 Size:0x00000000
[2022-03-13 13:20:12] [0001.415] I> 26) Base:0x00000000 Size:0x00000000
[2022-03-13 13:20:12] [0001.420] I> 27) Base:0x00000000 Size:0x00000000
[2022-03-13 13:20:12] [0001.424] I> 28) Base:0x84400000 Size:0x00400000
[2022-03-13 13:20:12] [0001.428] I> 29) Base:0x30000000 Size:0x00010000
[2022-03-13 13:20:12] [0001.433] I> 30) Base:0x278000000 Size:0x08000000
[2022-03-13 13:20:12] [0001.437] I> 31) Base:0x00000000 Size:0x00000000
[2022-03-13 13:20:12] [0001.442] I> 32) Base:0x276000000 Size:0x00600000
[2022-03-13 13:20:12] [0001.446] I> 33) Base:0x80000000 Size:0x70000000
[2022-03-13 13:20:12] [0001.451] I> 34) Base:0xf0110000 Size:0x1856f0000
[2022-03-13 13:20:12] [0001.455] I> 35) Base:0x00000000 Size:0x00000000
[2022-03-13 13:20:12] [0001.460] I> 36) Base:0x00000000 Size:0x00000000
[2022-03-13 13:20:12] [0001.464] I> 37) Base:0x2772e0000 Size:0x00020000
[2022-03-13 13:20:12] [0001.469] I> 38) Base:0x84000000 Size:0x00400000
[2022-03-13 13:20:12] [0001.473] I> 39) Base:0x96000000 Size:0x02000000
[2022-03-13 13:20:12] [0001.478] I> 40) Base:0x85000000 Size:0x01200000
[2022-03-13 13:20:12] [0001.482] I> 41) Base:0x275800000 Size:0x00500000
[2022-03-13 13:20:13] [0001.486] I> 42) Base:0x00000000 Size:0x00000000
[2022-03-13 13:20:13] [0001.491] I> 43) Base:0x00000000 Size:0x00000000
[2022-03-13 13:20:13] [0001.495] GIC-SPI Target CPU: 4
[2022-03-13 13:20:13] [0001.499] Interrupts Init done
[2022-03-13 13:20:13] [0001.502] calling constructors
[2022-03-13 13:20:13] [0001.505] initializing heap
[2022-03-13 13:20:13] [0001.508] initializing threads
[2022-03-13 13:20:13] [0001.511] initializing timers
[2022-03-13 13:20:13] [0001.514] creating bootstrap completion thread
[2022-03-13 13:20:13] [0001.519] top of bootstrap2()
[2022-03-13 13:20:13] [0001.522] CPU: ARM Cortex A57
[2022-03-13 13:20:13] [0001.525] CPU: MIDR: 0x411FD073, MPIDR: 0x80000100
[2022-03-13 13:20:13] [0001.530] initializing platform
[2022-03-13 13:20:13] [0001.533] I> Bl_dtb @0x85205400
[2022-03-13 13:20:13] [0001.536] I> gpio framework initialized
[2022-03-13 13:20:13] [0001.543] I> tegrabl_gpio_driver_register: register 'nvidia,tegra186-gpio' driver
[2022-03-13 13:20:13] [0001.553] I> tegrabl_gpio_driver_register: register 'nvidia,tegra186-gpio-aon' driver
[2022-03-13 13:20:13] [0001.561] I> GPIO framework and drivers are initialized.
[2022-03-13 13:20:13] [0001.566] I> Boot-device: eMMC
[2022-03-13 13:20:13] [0001.573] I> sdmmc bdev is already initialized
[2022-03-13 13:20:13] [0001.604] I> Found 19 partitions in SDMMC_BOOT (instance 3)
[2022-03-13 13:20:13] [0001.621] I> Found 33 partitions in SDMMC_USER (instance 3)
[2022-03-13 13:20:13] [0001.627] W> opt-in fuse is not set, skip fuse_burning
[2022-03-13 13:20:13] [0001.632] I> Reserved memory at 0xfbe00000 for U-Boot relocation
[2022-03-13 13:20:13] [0001.637] W> No valid slot number is found in scratch register
[2022-03-13 13:20:13] [0001.643] W> Return default slot: _a
[2022-03-13 13:20:13] [0001.653] I> A/B: bin_type (21) slot 0
[2022-03-13 13:20:13] [0001.656] I> Loading kernel-dtb from partition
[2022-03-13 13:20:13] [0001.660] I> Loading partition kernel-dtb at 0x80000000 from device(0x1)
[2022-03-13 13:20:13] [0001.677] I> Kernel_dtb @0x80000000
[2022-03-13 13:20:13] [0001.681] I> tegrabl_tca9539_init: i2c bus: 0, slave addr: 0xee
[2022-03-13 13:20:13] [0001.691] I> tegrabl_gpio_driver_register: register 'tca9539_gpio_driver' driver
[2022-03-13 13:20:13] [0001.698] I> tegrabl_tca9539_init: i2c bus: 0, slave addr: 0xe8
[2022-03-13 13:20:13] [0001.707] I> tegrabl_gpio_driver_register: register 'tca9539_gpio_driver' driver
[2022-03-13 13:20:13] [0001.718] I> fixed regulator driver initialized
[2022-03-13 13:20:13] [0001.751] I> register 'maxim' power off handle
[2022-03-13 13:20:13] [0001.757] I> virtual i2c enabled
[2022-03-13 13:20:13] [0001.760] I> registered 'maxim,max77620' pmic
[2022-03-13 13:20:13] [0001.764] I> tegrabl_gpio_driver_register: register 'max77620-gpio' driver
[2022-03-13 13:20:13] [0001.778] E> failed to read label property for node 324936: 13
[2022-03-13 13:20:13] [0001.787] E> failed to read reg property for node 325032: 13
[2022-03-13 13:20:13] [0001.795] E> failed to read reg property for node 325084: 13
[2022-03-13 13:20:13] [0001.803] E> failed to read label property for node 325168: 13
[2022-03-13 13:20:13] [0001.812] E> failed to read label property for node 325236: 13
[2022-03-13 13:20:13] [0001.820] E> failed to read reg property for node 325304: 13
[2022-03-13 13:20:13] [0001.828] E> failed to read reg property for node 325376: 13
[2022-03-13 13:20:13] [0001.839] I> Find /i2c@c250000's alias i2c7
[2022-03-13 13:20:13] [0001.843] I> Reading eeprom i2c=7 address=0x50
[2022-03-13 13:20:13] [0001.872] I> Device at /i2c@c250000:0x50
[2022-03-13 13:20:13] [0001.876] I> Reading eeprom i2c=7 address=0x57
[2022-03-13 13:20:13] [0001.904] I> Device at /i2c@c250000:0x57
[2022-03-13 13:20:13] [0001.909] I> Find /i2c@c240000's alias i2c1
[2022-03-13 13:20:13] [0001.913] I> Reading eeprom i2c=1 address=0x51
[2022-03-13 13:20:13] [0001.918] E> I2C: slave not found in slaves.
[2022-03-13 13:20:13] [0001.922] E> I2C: Could not write 0 bytes to slave: 0x00a2 with repeat start true.
[2022-03-13 13:20:13] [0001.930] E> I2C_DEV: Failed to send register address 0x00000000.
[2022-03-13 13:20:13] [0001.936] E> I2C_DEV: Could not read 256 registers of size 1 from slave 0xa2 at 0x00000000 via instance 1.
[2022-03-13 13:20:13] [0001.945] E> eeprom: Retry to read I2C slave device.
[2022-03-13 13:20:13] [0001.950] E> I2C: slave not found in slaves.
[2022-03-13 13:20:13] [0001.954] E> I2C: Could not write 0 bytes to slave: 0x00a2 with repeat start true.
[2022-03-13 13:20:13] [0001.962] E> I2C_DEV: Failed to send register address 0x00000000.
[2022-03-13 13:20:13] [0001.968] E> I2C_DEV: Could not read 256 registers of size 1 from slave 0xa2 at 0x00000000 via instance 1.
[2022-03-13 13:20:13] [0001.977] E> eeprom: Failed to read I2C slave device
[2022-03-13 13:20:13] [0001.982] I> Eeprom read failed 0x3526070d
[2022-03-13 13:20:13] [0001.987] I> Find /i2c@3160000's alias i2c0
[2022-03-13 13:20:13] [0001.991] I> Reading eeprom i2c=0 address=0x50
[2022-03-13 13:20:13] [0001.995] E> I2C: slave not found in slaves.
[2022-03-13 13:20:13] [0001.999] E> I2C: Could not write 0 bytes to slave: 0x00a0 with repeat start true.
[2022-03-13 13:20:13] [0002.007] E> I2C_DEV: Failed to send register address 0x00000000.
[2022-03-13 13:20:13] [0002.013] E> I2C_DEV: Could not read 256 registers of size 1 from slave 0xa0 at 0x00000000 via instance 0.
[2022-03-13 13:20:13] [0002.022] E> eeprom: Failed to read I2C slave device
[2022-03-13 13:20:13] [0002.027] I> Eeprom read failed 0x3526070d
[2022-03-13 13:20:13] [0002.032] I> Find /i2c@3180000's alias i2c2
[2022-03-13 13:20:13] [0002.036] I> Reading eeprom i2c=2 address=0x54
[2022-03-13 13:20:13] [0002.040] I> Enabling gpio chip_id = 2, gpio pin = 9
[2022-03-13 13:20:13] [0002.071] I> Disabling gpio chip_id = 2, gpio pin = 9
[2022-03-13 13:20:13] [0002.076] I> Device at /i2c@3180000:0x54
[2022-03-13 13:20:13] [0002.079] I> Reading eeprom i2c=2 address=0x57
[2022-03-13 13:20:13] [0002.084] I> Enabling gpio chip_id = 2, gpio pin = 9
[2022-03-13 13:20:13] [0002.089] E> I2C: slave not found in slaves.
[2022-03-13 13:20:13] [0002.093] E> I2C: Could not write 0 bytes to slave: 0x00ae with repeat start true.
[2022-03-13 13:20:13] [0002.101] E> I2C_DEV: Failed to send register address 0x00000000.
[2022-03-13 13:20:13] [0002.107] E> I2C_DEV: Could not read 256 registers of size 1 from slave 0xae at 0x00000000 via instance 2.
[2022-03-13 13:20:13] [0002.117] E> eeprom: Failed to read I2C slave device
[2022-03-13 13:20:13] [0002.121] I> Disabling gpio chip_id = 2, gpio pin = 9
[2022-03-13 13:20:13] [0002.126] I> Eeprom read failed 0x00000000
[2022-03-13 13:20:13] [0002.130] I> create_pm_ids: id: 3310-1000-D00-L, len: 15
[2022-03-13 13:20:13] [0002.136] I> config: mem-type:00,power-config:00,misc-config:00,modem-config:00,touch-config:00,display-config:00,, len: 93
[2022-03-13 13:20:13] [0002.146] I> create_pm_ids: id: 2597-0000-900-E, len: 15
[2022-03-13 13:20:13] [0002.152] I> config: mem-type:00,power-config:00,misc-config:00,modem-config:00,touch-config:00,display-config:00,, len: 93
[2022-03-13 13:20:13] [0002.163] I> create_pm_ids: id: 3326-1000-000-M, len: 15
[2022-03-13 13:20:13] [0002.168] I> config: mem-type:ff,power-config:ff,misc-config:ff,modem-config:ff,touch-config:ff,display-config:ff,, len: 93
[2022-03-13 13:20:13] [0002.203] I> enabling 'vdd-hdmi' regulator
[2022-03-13 13:20:13] [0002.218] I> regulator 'vdd-hdmi' already enabled
[2022-03-13 13:20:13] [0002.223] E> tegrabl_display_init_regulator: hdmi cable is not connected
[2022-03-13 13:20:13] [0002.229] E> tegrabl_display_get_pdata, failed to parse dtb settings
[2022-03-13 13:20:13] [0002.238] E> cannot find any other nvdisp nodes
[2022-03-13 13:20:13] [0002.243] E> no valid display unit config found in dtb
[2022-03-13 13:20:13] [0002.248] W> display init failed
[2022-03-13 13:20:13] [0002.251] initializing target
[2022-03-13 13:20:13] [0002.255] calling apps_init()
[2022-03-13 13:20:13] [0002.258] starting app kernel_boot_app
[2022-03-13 13:20:13] [0002.280] I> found decompressor handler: lz4-legacy
[2022-03-13 13:20:13] [0002.285] I> decompressing BMP blob ...
[2022-03-13 13:20:13] [0002.297] I> Kernel type = Normal
[2022-03-13 13:20:13] [0002.300] I> ########## Fixed storage boot ##########
[2022-03-13 13:20:13] [0002.305] I> Loading kernel-bootctrl from partition
[2022-03-13 13:20:13] [0002.309] I> Loading partition kernel-bootctrl at 0xa8000000 from device(0x1)
[2022-03-13 13:20:13] [0002.324] W> tegrabl_get_kernel_bootctrl: magic number(0x00000000) is invalid
[2022-03-13 13:20:13] [0002.331] W> tegrabl_get_kernel_bootctrl: use default dummy boot control data
[2022-03-13 13:20:13] [0002.338] W> No valid slot number is found in scratch register
[2022-03-13 13:20:13] [0002.344] W> Return default slot: _a
[2022-03-13 13:20:13] [0002.347] I> A/B: bin_type (24) slot 0
[2022-03-13 13:20:13] [0002.363] I> Boot image size read from image header: 9913d
[2022-03-13 13:20:13] [0002.368] I> Boot image load address: 0x80400000
[2022-03-13 13:20:13] [0002.372] I> Loading kernel from partition
[2022-03-13 13:20:13] [0002.376] I> Loading partition kernel at 0x80400000 from device(0x1)
[2022-03-13 13:20:14] [0003.318] I> Validate kernel ...
[2022-03-13 13:20:14] [0003.321] I> T18x: Authenticate kernel (bin_type 24), max size 0x4000000
[2022-03-13 13:20:14] [0003.329] I> Decrypt the buffer ... [0003.333] W> tegrabl_decrypt_block: fuse (0x0) is not burnt to do encryption (0x4); skip decryption.
[2022-03-13 13:20:14] [0003.341] I> done
[2022-03-13 13:20:14] [0003.343] I> Checking boot.img header magic ... [0003.347] I> [OK]
[2022-03-13 13:20:14] [0003.349] I> kernel-dtb is already loaded
[2022-03-13 13:20:14] [0003.353] I> Validate kernel-dtb ...
[2022-03-13 13:20:14] [0003.356] I> T18x: Authenticate kernel-dtb (bin_type 21), max size 0x100000
[2022-03-13 13:20:14] [0003.364] I> Decrypt the buffer ... [0003.367] W> tegrabl_decrypt_block: fuse (0x0) is not burnt to do encryption (0x4); skip decryption.
[2022-03-13 13:20:14] [0003.376] I> done
[2022-03-13 13:20:14] [0003.378] I> Kernel hdr @0x80400000
[2022-03-13 13:20:14] [0003.381] I> Kernel dtb @0x80000000
[2022-03-13 13:20:14] [0003.385] I> decompressor handler not found
[2022-03-13 13:20:14] [0003.389] I> Copying kernel image (627005 bytes) from 0x80400800 to 0x80600000 ... [0003.396] I> Done
[2022-03-13 13:20:14] [0003.398] I> Move ramdisk (len: 0) from 0x8049a000 to 0x947d0000
[2022-03-13 13:20:14] [0003.405] I> Updated bpmp info to DTB
[2022-03-13 13:20:14] [0003.411] I> Ramdisk: Base: 0x947d0000; Size: 0x0
[2022-03-13 13:20:14] [0003.416] I> Updated initrd info to DTB
[2022-03-13 13:20:14] [0003.420] W> WARN: Fail to override "console=none" in commandline
[2022-03-13 13:20:14] [0003.426] I> Active rootfs suffix: 
[2022-03-13 13:20:14] [0003.429] E> tegrabl_linuxboot_add_disp_param, du 0 failed to get display params
[2022-03-13 13:20:14] [0003.436] E> tegrabl_linuxboot_add_disp_param, du 0 failed to get display params
[2022-03-13 13:20:14] [0003.443] E> tegrabl_linuxboot_add_disp_param, du 0 failed to get display params
[2022-03-13 13:20:14] [0003.450] I> disabled_core_mask: 0xffffff0c
[2022-03-13 13:20:14] [0003.454] W> No valid slot number is found in scratch register
[2022-03-13 13:20:14] [0003.460] W> Return default slot: _a
[2022-03-13 13:20:14] [0003.464] I> Active slot suffix: 
[2022-03-13 13:20:14] [0003.467] I> add_boot_slot_suffix: slot_suffix = 
[2022-03-13 13:20:14] [0003.471] I> Linux Cmdline: console=ttyS0,115200 androidboot.presilicon=true firmware_class.path=/etc/firmware root=/dev/mmcblk0p1 rw rootwait rootfstype=ext4 console=ttyS0,115200n8 console=tty0 fbcon=map:0 net.ifnames=0 isolcpus=1-2  video=tegrafb earlycon=uart8250,mmio32,0x3100000 nvdumper_reserved=0x2772e0000 gpt rootfs.slot_suffix= usbcore.old_scheme_first=1 tegraid=18.1.2.0.0 maxcpus=6 no_console_suspend boot.slot_suffix= boot.ratchetvalues=0.2031647.1 vpr_resize bl_prof_dataptr=0x10000@0x275840000 sdhci_tegra.en_boot_part_access=1 
[2022-03-13 13:20:15] [0003.519] I> Updated bootarg info to DTB
[2022-03-13 13:20:15] [0003.522] I> eeprom_get_mac_addr: MAC (type: 0): 48:b0:2d:0f:11:c5
[2022-03-13 13:20:15] [0003.529] I> eeprom_get_mac_addr: MAC (type: 1): 48:b0:2d:0f:11:c6
[2022-03-13 13:20:15] [0003.535] I> eeprom_get_mac_addr: MAC (type: 2): 48:b0:2d:0f:11:c7
[2022-03-13 13:20:15] [0003.541] E> Found no plugin manager ids in source DT
[2022-03-13 13:20:15] [0003.546] W> Add plugin manager ids from board info
[2022-03-13 13:20:15] [0003.551] W> "plugin-manager" doesn't exist, creating
[2022-03-13 13:20:15] [0003.556] W> "ids" doesn't exist, creating
[2022-03-13 13:20:15] [0003.560] W> "connection" doesn't exist, creating
[2022-03-13 13:20:15] [0003.564] W> "configs" doesn't exist, creating
[2022-03-13 13:20:15] [0003.569] I> create_pm_ids: id: 3310-1000-D00-L, len: 15
[2022-03-13 13:20:15] [0003.574] I> config: mem-type:00,power-config:00,misc-config:00,modem-config:00,touch-config:00,display-config:00,, len: 93
[2022-03-13 13:20:15] [0003.585] I> create_pm_ids: id: 2597-0000-900-E, len: 15
[2022-03-13 13:20:15] [0003.590] I> config: mem-type:00,power-config:00,misc-config:00,modem-config:00,touch-config:00,display-config:00,, len: 93
[2022-03-13 13:20:15] [0003.601] I> create_pm_ids: id: 3326-1000-000-M, len: 15
[2022-03-13 13:20:15] [0003.606] I> config: mem-type:ff,power-config:ff,misc-config:ff,modem-config:ff,touch-config:ff,display-config:ff,, len: 93
[2022-03-13 13:20:15] [0003.617] I> Adding plugin-manager/ids/3310-1000-D00=/i2c@c250000:module@0x50
[2022-03-13 13:20:15] [0003.624] W> "i2c@c250000" doesn't exist, creating
[2022-03-13 13:20:15] [0003.629] W> "module@0x50" doesn't exist, creating
[2022-03-13 13:20:15] [0003.634] I> Adding plugin-manager/ids/2597-0000-900=/i2c@c250000:module@0x57
[2022-03-13 13:20:15] [0003.641] W> "module@0x57" doesn't exist, creating
[2022-03-13 13:20:15] [0003.646] I> Adding plugin-manager/ids/3326-1000-000=/i2c@3180000:module@0x54
[2022-03-13 13:20:15] [0003.653] W> "i2c@3180000" doesn't exist, creating
[2022-03-13 13:20:15] [0003.658] W> "module@0x54" doesn't exist, creating
[2022-03-13 13:20:15] [0003.665] I> Adding plugin-manager/ids/3310-1000-D00-L
[2022-03-13 13:20:15] [0003.672] I> Adding plugin-manager/configs/3310-mem-type 00
[2022-03-13 13:20:15] [0003.677] I> Adding plugin-manager/configs/3310-power-config 00
[2022-03-13 13:20:15] [0003.683] I> Adding plugin-manager/configs/3310-misc-config 00
[2022-03-13 13:20:15] [0003.689] I> Adding plugin-manager/configs/3310-modem-config 00
[2022-03-13 13:20:15] [0003.695] I> Adding plugin-manager/configs/3310-touch-config 00
[2022-03-13 13:20:15] [0003.701] I> Adding plugin-manager/configs/3310-display-config 00
[2022-03-13 13:20:15] [0003.707] I> Adding plugin-manager/cvm
[2022-03-13 13:20:15] [0003.711] W> "chip-id" doesn't exist, creating
[2022-03-13 13:20:15] [0003.715] I> Adding plugin-manager/chip-id/A02P
[2022-03-13 13:20:15] [0003.720] W> "odm-data" doesn't exist, creating
[2022-03-13 13:20:15] [0003.725] I> Adding /chosen/plugin-manager/odm-data
[2022-03-13 13:20:15] [0003.734] I> added [base:0x80000000, size:0x70000000] to /memory
[2022-03-13 13:20:15] [0003.740] I> added [base:0xf0200000, size:0x185600000] to /memory
[2022-03-13 13:20:15] [0003.746] I> added [base:0x275e00000, size:0x200000] to /memory
[2022-03-13 13:20:15] [0003.752] I> added [base:0x276600000, size:0x200000] to /memory
[2022-03-13 13:20:15] [0003.758] I> added [base:0x277000000, size:0x200000] to /memory
[2022-03-13 13:20:15] [0003.763] I> Updated memory info to DTB
[2022-03-13 13:20:15] [0003.768] E> add_disp_param: failed to get display params for du=0
[2022-03-13 13:20:15] [0003.776] W> "reset" doesn't exist, creating
[2022-03-13 13:20:15] [0003.780] W> "pmc-reset-reason" doesn't exist, creating
[2022-03-13 13:20:15] [0003.786] W> "pmic-reset-reason" doesn't exist, creating
[2022-03-13 13:20:15] [0003.792] I> Adding ecid(00000001646db7851000000013038200) to DT
[2022-03-13 13:20:15] [0003.798] I> disabled_core_mask: 0xffffff0c
[2022-03-13 13:20:15] [0003.811] I> Add serial number:1422420022173 as DT property
[2022-03-13 13:20:15] [0003.820] I> Plugin-manager override starting
[2022-03-13 13:20:15] [0003.825] I> node /plugin-manager/fragement@0 matches
[2022-03-13 13:20:15] [0003.835] I> node /plugin-manager/fragement@4 matches
[2022-03-13 13:20:15] [0003.848] I> node /plugin-manager/fragment-sdwake-p3310-1000-300 matches
[2022-03-13 13:20:15] [0003.868] I> node /plugin-manager/fragement-pmon-p3310-1000-300 matches
[2022-03-13 13:20:15] [0003.878] I> node /plugin-manager/fragement-pmon-p3310-1000-800 matches
[2022-03-13 13:20:15] [0003.887] I> node /plugin-manager/fragment-devslp@0 matches
[2022-03-13 13:20:15] [0003.899] I> node /plugin-manager/fragment-500-pcie-config matches
[2022-03-13 13:20:15] [0003.914] I> node /plugin-manager/fragment-500-xusb-config matches
[2022-03-13 13:20:15] [0003.937] I> node /plugin-manager/fragment-p3310-c00-comm matches
[2022-03-13 13:20:15] [0003.951] I> node /plugin-manager/fragment-p3310-c00-pmic matches
[2022-03-13 13:20:15] [0003.961] I> node /plugin-manager/fragment-p3310-c01 matches
[2022-03-13 13:20:15] [0003.974] I> node /plugin-manager/fragment-p3310-c03 matches
[2022-03-13 13:20:15] [0004.017] I> node /plugin-manager/fragment-e3326@0 matches
[2022-03-13 13:20:15] [0004.099] I> node /plugin-manager/fragment-p3310-c00-camera matches
[2022-03-13 13:20:15] [0004.126] I> Disable plugin-manager status in FDT
[2022-03-13 13:20:15] [0004.131] I> Plugin-manager override finished successfully
[2022-03-13 13:20:15] [0004.136] I> tegrabl_load_kernel_and_dtb: Done
[2022-03-13 13:20:15] [0004.140] E> tegrabl_display_clear: display is not initialized
[2022-03-13 13:20:15] [0004.146] W> Boot logo display failed...
[2022-03-13 13:20:15] [0004.150] I> Kernel EP: 0x80600000, DTB: 0x80000000
[2022-03-13 13:20:15] 
[2022-03-13 13:20:15] 
[2022-03-13 13:20:15] U-Boot 2020.04-g46e4604c78 (Jul 26 2021 - 12:10:58 -0700)
[2022-03-13 13:20:15] 
[2022-03-13 13:20:15] SoC: tegra186
[2022-03-13 13:20:15] Model: NVIDIA P2771-0000-500
[2022-03-13 13:20:15] Board: NVIDIA P2771-0000
[2022-03-13 13:20:15] DRAM:  7.8 GiB
[2022-03-13 13:20:15] MMC:   sdhci@3400000: 1, sdhci@3460000: 0
[2022-03-13 13:20:15] Loading Environment from MMC... *** Warning - bad CRC, using default environment
[2022-03-13 13:20:15] 
[2022-03-13 13:20:15] In:    serial
[2022-03-13 13:20:15] Out:   serial
[2022-03-13 13:20:15] Err:   serial
[2022-03-13 13:20:15] Net:   
[2022-03-13 13:20:15] Warning: ethernet@2490000 using MAC address from ROM
[2022-03-13 13:20:15] eth0: ethernet@2490000
[2022-03-13 13:20:15] Hit any key to stop autoboot:  2  1  0 
[2022-03-13 13:20:17] MMC: no card present
[2022-03-13 13:20:18] switch to partitions #0, OK
[2022-03-13 13:20:18] mmc0(part 0) is current device
[2022-03-13 13:20:18] Scanning mmc 0:1...
[2022-03-13 13:20:18] Found /boot/extlinux/extlinux.conf
[2022-03-13 13:20:18] Retrieving file: /boot/extlinux/extlinux.conf
[2022-03-13 13:20:18] 858 bytes read in 22 ms (38.1 KiB/s)
[2022-03-13 13:20:18] 1:	primary kernel
[2022-03-13 13:20:18] Retrieving file: /boot/initrd
[2022-03-13 13:20:18] 7238344 bytes read in 201 ms (34.3 MiB/s)
[2022-03-13 13:20:18] Retrieving file: /boot/Image
[2022-03-13 13:20:19] 34484232 bytes read in 829 ms (39.7 MiB/s)
[2022-03-13 13:20:19] append: console=ttyS0,115200 androidboot.presilicon=true firmware_class.path=/etc/firmware root=/dev/mmcblk0p1 rw rootwait rootfstype=ext4 console=ttyS0,115200n8 console=tty0 fbcon=map:0 net.ifnames=0 isolcpus=1-2  video=tegrafb earlycon=uart8250,mmio32,0x3100000 nvdumper_reserved=0x2772e0000 gpt rootfs.slot_suffix= usbcore.old_scheme_first=1 tegraid=18.1.2.0.0 maxcpus=6 no_console_suspend boot.slot_suffix= boot.ratchetvalues=0.2031647.1 vpr_resize bl_prof_dataptr=0x10000@0x275840000 sdhci_tegra.en_boot_part_access=1 quiet root=/dev/mmcblk0p1 rw rootwait rootfstype=ext4 console=ttyS0,115200n8 console=tty0 fbcon=map:0 net.ifnames=0 isolcpus=1-2 
[2022-03-13 13:20:19] ## Flattened Device Tree blob at 80000000
[2022-03-13 13:20:19]    Booting using the fdt blob at 0x80000000
[2022-03-13 13:20:19] ERROR: reserving fdt memory region failed (addr=0 size=0)
[2022-03-13 13:20:19] ERROR: reserving fdt memory region failed (addr=0 size=0)
[2022-03-13 13:20:19] ERROR: reserving fdt memory region failed (addr=0 size=0)
[2022-03-13 13:20:19]    Using Device Tree in place at 0000000080000000, end 0000000080060aa3
[2022-03-13 13:20:19] copying carveout for /host1x@13e00000/display-hub@15200000/display@15200000...
[2022-03-13 13:20:19] copying carveout for /host1x@13e00000/display-hub@15200000/display@15210000...
[2022-03-13 13:20:19] copying carveout for /host1x@13e00000/display-hub@15200000/display@15220000...
[2022-03-13 13:20:19] 
[2022-03-13 13:20:19] Starting kernel ...
[2022-03-13 13:20:19] 
[2022-03-13 13:20:19] [    0.000000] Booting Linux on physical CPU 0x100
[2022-03-13 13:20:19] [    0.000000] Linux version 4.9.253-tegra (buildbrain@mobile-u64-5497-d3000) (gcc version 7.3.1 20180425 [linaro-7.3-2018.05 revision d29120a424ecfbc167ef90065c0eeb7f91977701] (Linaro GCC 7.3-2018.05) ) #1 SMP PREEMPT Mon Jul 26 12:19:28 PDT 2021
[2022-03-13 13:20:19] [    0.000000] Boot CPU: AArch64 Processor [411fd073]
[2022-03-13 13:20:19] [    0.000000] OF: fdt:memory scan node memory@80000000, reg size 80,
[2022-03-13 13:20:19] [    0.000000] OF: fdt: - 80000000 ,  70000000
[2022-03-13 13:20:19] [    0.000000] OF: fdt: - f0200000 ,  185600000
[2022-03-13 13:20:19] [    0.000000] OF: fdt: - 275e00000 ,  200000
[2022-03-13 13:20:19] [    0.000000] OF: fdt: - 276600000 ,  200000
[2022-03-13 13:20:19] [    0.000000] OF: fdt: - 277000000 ,  200000
[2022-03-13 13:20:19] [    0.000000] earlycon: uart8250 at MMIO32 0x0000000003100000 (options '')
[2022-03-13 13:20:19] [    0.000000] bootconsole [uart8250] enabled
[2022-03-13 13:20:21] [    1.787777] cgroup: cgroup2: unknown option "nsdelegate"
[2022-03-13 13:20:22] [    2.737145] using random self ethernet address
[2022-03-13 13:20:22] [    2.741809] using random host ethernet address
[2022-03-13 13:20:23] [    3.324999] using random self ethernet address
[2022-03-13 13:20:23] [    3.330325] random: crng init done
[2022-03-13 13:20:23] [    3.330333] random: 7 urandom warning(s) missed due to ratelimiting
[2022-03-13 13:20:23] [    3.355382] using random host ethernet address
[2022-03-13 13:20:23] [    3.822799] CPU1: shutdown
[2022-03-13 13:20:23] [    3.883960] CPU2: shutdown
[2022-03-13 13:20:24] [    4.722435] Bridge firewalling registered
[2022-03-13 13:20:28] 
[2022-03-13 13:20:28] Ubuntu 18.04.5 LTS JTX2-A ttyS0
[2022-03-13 13:20:28] 
[2022-03-13 13:20:28] JTX2-A login: [0000.309] I> Welcome to MB2(TBoot-BPMP)(version: 01.00.160913-t186-M-00.00-mobile-c368a720)
[2022-03-13 13:20:31] [0000.318] I> Boot-device: eMMC
[2022-03-13 13:20:31] [0000.325] I> sdmmc bdev is already initialized
[2022-03-13 13:20:31] [0000.330] I> pmic: reset reason (nverc)	: 0x80
[2022-03-13 13:20:31] [0000.363] I> Found 19 partitions in SDMMC_BOOT (instance 3)
[2022-03-13 13:20:31] [0000.383] I> Found 33 partitions in SDMMC_USER (instance 3)
[2022-03-13 13:20:31] [0000.389] W> No valid slot number is found in scratch register
[2022-03-13 13:20:31] [0000.394] W> Return default slot: _a
[2022-03-13 13:20:31] [0000.398] I> A/B: bin_type (16) slot 0
[2022-03-13 13:20:31] [0000.401] I> Loading partition bpmp-fw at 0xd7800000
[2022-03-13 13:20:31] [0000.406] I> Reading two headers - addr:0xd7800000 blocks:1
[2022-03-13 13:20:31] [0000.412] I> Addr: 0xd7800000, start-block: 58777608, num_blocks: 1
[2022-03-13 13:20:31] [0000.436] I> Binary(16) of size 534416 is loaded @ 0xd7800000
[2022-03-13 13:20:31] [0000.442] W> No valid slot number is found in scratch register
[2022-03-13 13:20:31] [0000.448] W> Return default slot: _a
[2022-03-13 13:20:31] [0000.451] I> A/B: bin_type (17) slot 0
[2022-03-13 13:20:31] [0000.455] I> Loading partition bpmp-fw-dtb at 0xd79f0000
[2022-03-13 13:20:31] [0000.460] I> Reading two headers - addr:0xd79f0000 blocks:1
[2022-03-13 13:20:31] [0000.465] I> Addr: 0xd79f0000, start-block: 58780024, num_blocks: 1
[2022-03-13 13:20:31] [0000.491] I> Binary(17) of size 604720 is loaded @ 0xd796c400
[2022-03-13 13:20:31] [0000.721] I> Loading SCE-FW ...
[2022-03-13 13:20:31] [0000.724] W> No valid slot number is found in scratch register
[2022-03-13 13:20:31] [0000.730] W> Return default slot: _a
[2022-03-13 13:20:31] [0000.733] I> A/B: bin_type (12) slot 0
[2022-03-13 13:20:31] [0000.737] I> Loading partition sce-fw at 0xd7300000
[2022-03-13 13:20:31] [0000.742] I> Reading two headers - addr:0xd7300000 blocks:1
[2022-03-13 13:20:31] [0000.747] I> Addr: 0xd7300000, start-block: 58784120, num_blocks: 1
[2022-03-13 13:20:31] [0000.766] I> Binary(12) of size 125632 is loaded @ 0xd7300000
[2022-03-13 13:20:31] [0000.772] I> Init SCE
[2022-03-13 13:20:31] [0000.774] I> Loading APE-FW ...
[2022-03-13 13:20:31] [0000.777] W> No valid slot number is found in scratch register
[2022-03-13 13:20:32] [0000.783] W> Return default slot: _a
[2022-03-13 13:20:32] [0000.786] I> A/B: bin_type (11) slot 0
[2022-03-13 13:20:32] [0000.790] I> Loading partition adsp-fw at 0xd7400000
[2022-03-13 13:20:32] [0000.795] I> Reading two headers - addr:0xd7400000 blocks:1
[2022-03-13 13:20:32] [0000.800] I> Addr: 0xd7400000, start-block: 58761224, num_blocks: 1
[2022-03-13 13:20:32] [0000.819] I> Binary(11) of size 77216 is loaded @ 0xd7400000
[2022-03-13 13:20:32] [0000.825] I> Copy BTCM section
[2022-03-13 13:20:32] [0000.828] W> No valid slot number is found in scratch register
[2022-03-13 13:20:32] [0000.834] W> Return default slot: _a
[2022-03-13 13:20:32] [0000.837] I> A/B: bin_type (13) slot 0
[2022-03-13 13:20:32] [0000.841] I> Loading partition cpu-bootloader at 0x96000000
[2022-03-13 13:20:32] [0000.846] I> Reading two headers - addr:0x96000000 blocks:1
[2022-03-13 13:20:32] [0000.852] I> Addr: 0x96000000, start-block: 58740744, num_blocks: 1
[2022-03-13 13:20:32] [0000.873] I> Binary(13) of size 308800 is loaded @ 0x96000000
[2022-03-13 13:20:32] [0000.878] W> No valid slot number is found in scratch register
[2022-03-13 13:20:32] [0000.884] W> Return default slot: _a
[2022-03-13 13:20:32] [0000.887] I> A/B: bin_type (20) slot 0
[2022-03-13 13:20:32] [0000.891] I> Loading partition bootloader-dtb at 0x85205400
[2022-03-13 13:20:32] [0000.896] I> Reading two headers - addr:0x85205400 blocks:1
[2022-03-13 13:20:32] [0000.902] I> Addr: 0x85205400, start-block: 58742792, num_blocks: 1
[2022-03-13 13:20:32] [0000.924] I> Binary(20) of size 375568 is loaded @ 0x85205400
[2022-03-13 13:20:32] [0000.929] W> No valid slot number is found in scratch register
[2022-03-13 13:20:32] [0000.935] W> Return default slot: _a
[2022-03-13 13:20:32] [0000.939] I> A/B: bin_type (14) slot 0
[2022-03-13 13:20:32] [0000.942] I> Loading partition secure-os at 0x85305600
[2022-03-13 13:20:32] [0000.947] I> Reading two headers - addr:0x85305600 blocks:1
[2022-03-13 13:20:32] [0000.953] I> Addr: 0x85305600, start-block: 58744840, num_blocks: 1
[2022-03-13 13:20:32] [0000.975] I> Binary(14) of size 402864 is loaded @ 0x85305600
[2022-03-13 13:20:32] [0000.983] I> TOS boot-params @ 0x85000000
[2022-03-13 13:20:32] [0000.987] I> TOS params prepared
[2022-03-13 13:20:32] [0000.990] I> Loading EKS ...
[2022-03-13 13:20:32] [0000.992] I> A/B: bin_type (15) slot 0
[2022-03-13 13:20:32] [0000.996] I> Loading partition eks at 0x85905800
[2022-03-13 13:20:32] [0001.000] I> Reading two headers - addr:0x85905800 blocks:1
[2022-03-13 13:20:32] [0001.006] I> Addr: 0x85905800, start-block: 58757128, num_blocks: 1
[2022-03-13 13:20:32] [0001.025] I> Binary(15) of size 1040 is loaded @ 0x85905800
[2022-03-13 13:20:32] [0001.030] I> EKB detected (length: 0x400) @ 0x85905800
[2022-03-13 13:20:32] [0001.035] I> Copied encrypted keys
[2022-03-13 13:20:32] [0001.039] I> boot profiler @ 0x275844000
[2022-03-13 13:20:32] [0001.043] I> boot profiler for TOS @ 0x275844000
[2022-03-13 13:20:32] [0001.048] I> Unhalting SCE
[2022-03-13 13:20:32] [0001.050] I> Primary Memory Start:80000000 Size:70000000
[2022-03-13 13:20:32] [0001.055] I> Extended Memory Start:f0110000 Size:1856f0000
[2022-03-13 13:20:32] [0001.062] I> MB2(TBoot-BPMP) done
[2022-03-13 13:20:32] 
[2022-03-13 13:20:32] NOTICE:  BL31: v1.3(release):b5eeb33f7
[2022-03-13 13:20:32] NOTICE:  BL31: Built : 12:15:17, Jul 26 2021
[2022-03-13 13:20:32] ipc-unittest-main: 1519: Welcome to IPC unittest!!!
[2022-03-13 13:20:32] ipc-unittest-main: 1531: waiting forever
[2022-03-13 13:20:32] ipc-unittest-srv: 329: Init unittest services!!!
[2022-03-13 13:20:32] hwkey-agent: 41: hwkey-agent is running!!
[2022-03-13 13:20:32] hwkey-agent: 315: key_mgnt_processing .......
[2022-03-13 13:20:32] hwkey-agent: 223: Setting EKB key 0 to slot 14
[2022-03-13 13:20:32] hwkey-agent: 178: Init hweky-agent services!!
[2022-03-13 13:20:32] luks-srv: 40: luks-srv is running!!
[2022-03-13 13:20:32] luks-srv: 157: Init luks-srv IPC services!!
[2022-03-13 13:20:32] platform_bootstrap_epilog: trusty bootstrap complete
[2022-03-13 13:20:32] [0001.435] I> Welcome to Cboot
[2022-03-13 13:20:32] [0001.438] I> Cboot Version: t186-00029e71
[2022-03-13 13:20:32] [0001.441] I> CPU-BL Params @ 0x275800000
[2022-03-13 13:20:32] [0001.445] I>  0) Base:0x00000000 Size:0x00000000
[2022-03-13 13:20:32] [0001.450] I>  1) Base:0x277f00000 Size:0x00100000
[2022-03-13 13:20:32] [0001.454] I>  2) Base:0x277e00000 Size:0x00100000
[2022-03-13 13:20:32] [0001.459] I>  3) Base:0x277d00000 Size:0x00100000
[2022-03-13 13:20:32] [0001.463] I>  4) Base:0x277c00000 Size:0x00100000
[2022-03-13 13:20:32] [0001.468] I>  5) Base:0x277b00000 Size:0x00100000
[2022-03-13 13:20:32] [0001.472] I>  6) Base:0x277800000 Size:0x00200000
[2022-03-13 13:20:32] [0001.477] I>  7) Base:0x277400000 Size:0x00400000
[2022-03-13 13:20:32] [0001.481] I>  8) Base:0x277a00000 Size:0x00100000
[2022-03-13 13:20:32] [0001.486] I>  9) Base:0x277300000 Size:0x00100000
[2022-03-13 13:20:32] [0001.490] I> 10) Base:0x276800000 Size:0x00800000
[2022-03-13 13:20:32] [0001.495] I> 11) Base:0x30000000 Size:0x00040000
[2022-03-13 13:20:32] [0001.499] I> 12) Base:0xf0000000 Size:0x00100000
[2022-03-13 13:20:32] [0001.504] I> 13) Base:0x30040000 Size:0x00001000
[2022-03-13 13:20:32] [0001.508] I> 14) Base:0x30048000 Size:0x00001000
[2022-03-13 13:20:32] [0001.512] I> 15) Base:0x30049000 Size:0x00001000
[2022-03-13 13:20:32] [0001.517] I> 16) Base:0x3004a000 Size:0x00001000
[2022-03-13 13:20:32] [0001.521] I> 17) Base:0x3004b000 Size:0x00001000
[2022-03-13 13:20:32] [0001.526] I> 18) Base:0x3004c000 Size:0x00001000
[2022-03-13 13:20:32] [0001.530] I> 19) Base:0x3004d000 Size:0x00001000
[2022-03-13 13:20:32] [0001.535] I> 20) Base:0x3004e000 Size:0x00001000
[2022-03-13 13:20:32] [0001.539] I> 21) Base:0x3004f000 Size:0x00001000
[2022-03-13 13:20:32] [0001.543] I> 22) Base:0x00000000 Size:0x00000000
[2022-03-13 13:20:32] [0001.548] I> 23) Base:0xf0100000 Size:0x00010000
[2022-03-13 13:20:32] [0001.552] I> 24) Base:0x00000000 Size:0x00000000
[2022-03-13 13:20:32] [0001.557] I> 25) Base:0x00000000 Size:0x00000000
[2022-03-13 13:20:32] [0001.561] I> 26) Base:0x00000000 Size:0x00000000
[2022-03-13 13:20:32] [0001.566] I> 27) Base:0x00000000 Size:0x00000000
[2022-03-13 13:20:32] [0001.570] I> 28) Base:0x84400000 Size:0x00400000
[2022-03-13 13:20:32] [0001.574] I> 29) Base:0x30000000 Size:0x00010000
[2022-03-13 13:20:32] [0001.579] I> 30) Base:0x278000000 Size:0x08000000
[2022-03-13 13:20:32] [0001.583] I> 31) Base:0x00000000 Size:0x00000000
[2022-03-13 13:20:32] [0001.588] I> 32) Base:0x276000000 Size:0x00600000
[2022-03-13 13:20:32] [0001.592] I> 33) Base:0x80000000 Size:0x70000000
[2022-03-13 13:20:32] [0001.597] I> 34) Base:0xf0110000 Size:0x1856f0000
[2022-03-13 13:20:32] [0001.601] I> 35) Base:0x00000000 Size:0x00000000
[2022-03-13 13:20:32] [0001.606] I> 36) Base:0x00000000 Size:0x00000000
[2022-03-13 13:20:32] [0001.610] I> 37) Base:0x2772e0000 Size:0x00020000
[2022-03-13 13:20:32] [0001.615] I> 38) Base:0x84000000 Size:0x00400000
[2022-03-13 13:20:32] [0001.619] I> 39) Base:0x96000000 Size:0x02000000
[2022-03-13 13:20:32] [0001.624] I> 40) Base:0x85000000 Size:0x01200000
[2022-03-13 13:20:32] [0001.628] I> 41) Base:0x275800000 Size:0x00500000
[2022-03-13 13:20:32] [0001.632] I> 42) Base:0x00000000 Size:0x00000000
[2022-03-13 13:20:32] [0001.637] I> 43) Base:0x00000000 Size:0x00000000
[2022-03-13 13:20:32] [0001.641] GIC-SPI Target CPU: 4
[2022-03-13 13:20:32] [0001.645] Interrupts Init done
[2022-03-13 13:20:32] [0001.648] calling constructors
[2022-03-13 13:20:32] [0001.651] initializing heap
[2022-03-13 13:20:32] [0001.654] initializing threads
[2022-03-13 13:20:32] [0001.657] initializing timers
[2022-03-13 13:20:32] [0001.660] creating bootstrap completion thread
[2022-03-13 13:20:32] [0001.665] top of bootstrap2()
[2022-03-13 13:20:32] [0001.668] CPU: ARM Cortex A57
[2022-03-13 13:20:32] [0001.671] CPU: MIDR: 0x411FD073, MPIDR: 0x80000100
[2022-03-13 13:20:32] [0001.676] initializing platform
[2022-03-13 13:20:32] [0001.679] I> Bl_dtb @0x85205400
[2022-03-13 13:20:32] [0001.682] I> gpio framework initialized
[2022-03-13 13:20:32] [0001.689] I> tegrabl_gpio_driver_register: register 'nvidia,tegra186-gpio' driver
[2022-03-13 13:20:32] [0001.699] I> tegrabl_gpio_driver_register: register 'nvidia,tegra186-gpio-aon' driver
[2022-03-13 13:20:32] [0001.707] I> GPIO framework and drivers are initialized.
[2022-03-13 13:20:32] [0001.712] I> Boot-device: eMMC
[2022-03-13 13:20:32] [0001.719] I> sdmmc bdev is already initialized
[2022-03-13 13:20:32] [0001.750] I> Found 19 partitions in SDMMC_BOOT (instance 3)
[2022-03-13 13:20:32] [0001.767] I> Found 33 partitions in SDMMC_USER (instance 3)
[2022-03-13 13:20:32] [0001.773] W> opt-in fuse is not set, skip fuse_burning
[2022-03-13 13:20:32] [0001.778] I> Reserved memory at 0xfbe00000 for U-Boot relocation
[2022-03-13 13:20:33] [0001.783] W> No valid slot number is found in scratch register
[2022-03-13 13:20:33] [0001.789] W> Return default slot: _a
[2022-03-13 13:20:33] [0001.799] I> A/B: bin_type (21) slot 0
[2022-03-13 13:20:33] [0001.802] I> Loading kernel-dtb from partition
[2022-03-13 13:20:33] [0001.806] I> Loading partition kernel-dtb at 0x80000000 from device(0x1)
[2022-03-13 13:20:33] [0001.824] I> Kernel_dtb @0x80000000
[2022-03-13 13:20:33] [0001.827] I> tegrabl_tca9539_init: i2c bus: 0, slave addr: 0xee
[2022-03-13 13:20:33] [0001.838] I> tegrabl_gpio_driver_register: register 'tca9539_gpio_driver' driver
[2022-03-13 13:20:33] [0001.845] I> tegrabl_tca9539_init: i2c bus: 0, slave addr: 0xe8
[2022-03-13 13:20:33] [0001.854] I> tegrabl_gpio_driver_register: register 'tca9539_gpio_driver' driver
[2022-03-13 13:20:33] [0001.864] I> fixed regulator driver initialized
[2022-03-13 13:20:33] [0001.898] I> register 'maxim' power off handle
[2022-03-13 13:20:33] [0001.904] I> virtual i2c enabled
[2022-03-13 13:20:33] [0001.907] I registered 'maxim,max77620' pmic
[2022-03-13 13:20:33] [0001.911] I> tegrabl_gpio_driver_register: register 'max77620-gpio' driver
[2022-03-13 13:20:33] [0001.925] E> failed to read label property for node 324936: 13
[2022-03-13 13:20:33] [0001.934] E> failed to read reg property for node 325032: 13
[2022-03-13 13:20:33] [0001.942] E> failed to read reg property for node 325084: 13
[2022-03-13 13:20:33] [0001.950] E> failed to read label property for node 325168: 13
[2022-03-13 13:20:33] [0001.959] E> failed to read label property for node 325236: 13
[2022-03-13 13:20:33] [0001.967] E> failed to read reg property for node 325304: 13
[2022-03-13 13:20:33] [0001.975] E> failed to read reg property for node 325376: 13
[2022-03-13 13:20:33] [0001.985] I> Find /i2c@c250000's alias i2c7
[2022-03-13 13:20:33] [0001.989] I> Reading eeprom i2c=7 address=0x50
[2022-03-13 13:20:33] [0002.019] I> Device at /i2c@c250000:0x50
[2022-03-13 13:20:33] [0002.023] I> Reading eeprom i2c=7 address=0x57
[2022-03-13 13:20:33] [0002.051] I> Device at /i2c@c250000:0x57
[2022-03-13 13:20:33] [0002.056] I> Find /i2c@c240000's alias i2c1
[2022-03-13 13:20:33] [0002.060] I> Reading eeprom i2c=1 address=0x51
[2022-03-13 13:20:33] [0002.065] E> I2C: slave not found in slaves.
[2022-03-13 13:20:33] [0002.069] E> I2C: Could not write 0 bytes to slave: 0x00a2 with repeat start true.
[2022-03-13 13:20:33] [0002.077] E> I2C_DEV: Failed to send register address 0x00000000.
[2022-03-13 13:20:33] [0002.082] E> I2C_DEV: Could not read 256 registers of size 1 from slave 0xa2 at 0x00000000 via instance 1.
[2022-03-13 13:20:33] [0002.092] E> eeprom: Retry to read I2C slave device.
[2022-03-13 13:20:33] [0002.097] E> I2C: slave not found in slaves.
[2022-03-13 13:20:33] [0002.101] E> I2C: Could not write 0 bytes to slave: 0x00a2 with repeat start true.
[2022-03-13 13:20:33] [0002.109] E> I2C_DEV: Failed to send register address 0x00000000.
[2022-03-13 13:20:33] [0002.115] E> I2C_DEV: Could not read 256 registers of size 1 from slave 0xa2 at 0x00000000 via instance 1.
[2022-03-13 13:20:33] [0002.124] E> eeprom: Failed to read I2C slave device
[2022-03-13 13:20:33] [0002.129] I> Eeprom read failed 0x3526070d
[2022-03-13 13:20:33] [0002.133] I> Find /i2c@3160000's alias i2c0
[2022-03-13 13:20:33] [0002.137] I> Reading eeprom i2c=0 address=0x50
[2022-03-13 13:20:33] [0002.142] E> I2C: slave not found in slaves.
[2022-03-13 13:20:33] [0002.146] E> I2C: Could not write 0 bytes to slave: 0x00a0 with repeat start true.
[2022-03-13 13:20:33] [0002.154] E> I2C_DEV: Failed to send register address 0x00000000.
[2022-03-13 13:20:33] [0002.159] E> I2C_DEV: Could not read 256 registers of size 1 from slave 0xa0 at 0x00000000 via instance 0.
[2022-03-13 13:20:33] [0002.169] E> eeprom: Failed to read I2C slave device
[2022-03-13 13:20:33] [0002.174] I> Eeprom read failed 0x3526070d
[2022-03-13 13:20:33] [0002.178] I> Find /i2c@3180000's alias i2c2
[2022-03-13 13:20:33] [0002.182] I> Reading eeprom i2c=2 address=0x54
[2022-03-13 13:20:33] [0002.187] I> Enabling gpio chip_id = 2, gpio pin = 9
[2022-03-13 13:20:33] [0002.217] I> Disabling gpio chip_id = 2, gpio pin = 9
[2022-03-13 13:20:33] [0002.222] I> Device at /i2c@3180000:0x54
[2022-03-13 13:20:33] [0002.226] I> Reading eeprom i2c=2 address=0x57
[2022-03-13 13:20:33] [0002.230] I> Enabling gpio chip_id = 2, gpio pin = 9
[2022-03-13 13:20:33] [0002.236] E> I2C: slave not found in slaves.
[2022-03-13 13:20:33] [0002.240] E> I2C: Could not write 0 bytes to slave: 0x00ae with repeat start true.
[2022-03-13 13:20:33] [0002.248] E> I2C_DEV: Failed to send register address 0x00000000.
[2022-03-13 13:20:33] [0002.254] E> I2C_DEV: Could not read 256 registers of size 1 from slave 0xae at 0x00000000 via instance 2.
[2022-03-13 13:20:33] [0002.263] E> eeprom: Failed to read I2C slave device
[2022-03-13 13:20:33] [0002.268] I> Disabling gpio chip_id = 2, gpio pin = 9
[2022-03-13 13:20:33] [0002.273] I> Eeprom read failed 0x00000000
[2022-03-13 13:20:33] [0002.277] I> create_pm_ids: id: 3310-1000-D00-L, len: 15
[2022-03-13 13:20:33] [0002.282] I> config: mem-type:00,power-config:00,misc-config:00,modem-config:00,touch-config:00,display-config:00,, len: 93
[2022-03-13 13:20:33] [0002.293] I> create_pm_ids: id: 2597-0000-900-E, len: 15
[2022-03-13 13:20:33] [0002.298] I> config: mem-type:00,power-config:00,misc-config:00,modem-config:00,touch-config:00,display-config:00,, len: 93
[2022-03-13 13:20:33] [0002.309] I> create_pm_ids: id: 3326-1000-000-M, len: 15
[2022-03-13 13:20:33] [0002.314] I> config: mem-type:ff,power-config:ff,misc-config:ff,modem-config:ff,touch-config:ff,display-config:ff,, len: 93
[2022-03-13 13:20:33] [0002.350] I> enabling 'vdd-hdmi' regulator
[2022-03-13 13:20:33] [0002.365] I> regulator 'vdd-hdmi' already enabled
[2022-03-13 13:20:33] [0002.370] E> tegrabl_display_init_regulator: hdmi cable is not connected
[2022-03-13 13:20:33] [0002.376] E> tegrabl_display_get_pdata, failed to parse dtb settings
[2022-03-13 13:20:33] [0002.385] E> cannot find any other nvdisp nodes
[2022-03-13 13:20:33] [0002.389] E> no valid display unit config found in dtb
[2022-03-13 13:20:33] [0002.395] W> display init failed
[2022-03-13 13:20:33] [0002.398] initializing target
[2022-03-13 13:20:33] [0002.401] calling apps_init()
[2022-03-13 13:20:33] [0002.404] starting app kernel_boot_app
[2022-03-13 13:20:33] [0002.427] I> found decompressor handler: lz4-legacy
[2022-03-13 13:20:33] [0002.432] I> decompressing BMP blob ...
[2022-03-13 13:20:33] [0002.444] I> Kernel type = Normal
[2022-03-13 13:20:33] [0002.447] I> ########## Fixed storage boot ##########
[2022-03-13 13:20:33] [0002.452] I> Loading kernel-bootctrl from partition
[2022-03-13 13:20:33] [0002.457] I> Loading partition kernel-bootctrl at 0xa8000000 from device(0x1)
[2022-03-13 13:20:33] [0002.471] W> tegrabl_get_kernel_bootctrl: magic number(0x00000000) is invalid
[2022-03-13 13:20:33] [0002.478] W> tegrabl_get_kernel_bootctrl: use default dummy boot control data
[2022-03-13 13:20:33] [0002.485] W> No valid slot number is found in scratch register
[2022-03-13 13:20:33] [0002.490] W> Return default slot: _a
[2022-03-13 13:20:33] [0002.494] I> A/B: bin_type (24) slot 0
[2022-03-13 13:20:33] [0002.509] I> Boot image size read from image header: 9913d
[2022-03-13 13:20:33] [0002.515] I> Boot image load address: 0x80400000
[2022-03-13 13:20:33] [0002.519] I> Loading kernel from partition
[2022-03-13 13:20:33] [0002.523] I> Loading partition kernel at 0x80400000 from device(0x1)
[2022-03-13 13:20:34] [0003.465] I> Validate kernel ...
[2022-03-13 13:20:34] [0003.468] I> T18x: Authenticate kernel (bin_type 24), max size 0x4000000
[2022-03-13 13:20:34] [0003.476] I> Decrypt the buffer ... [0003.480] W> tegrabl_decrypt_block: fuse (0x0) is not burnt to do encryption (0x4); skip decryption.
[2022-03-13 13:20:34] [0003.488] I> done
[2022-03-13 13:20:34] [0003.490] I> Checking boot.img header magic ... [0003.494] I> [OK]
[2022-03-13 13:20:34] [0003.496] I> kernel-dtb is already loaded
[2022-03-13 13:20:34] [0003.500] I> Validate kernel-dtb ...
[2022-03-13 13:20:34] [0003.503] I> T18x: Authenticate kernel-dtb (bin_type 21), max size 0x100000
[2022-03-13 13:20:34] [0003.511] I> Decrypt the buffer ... [0003.514] W> tegrabl_decrypt_block: fuse (0x0) is not burnt to do encryption (0x4); skip decryption.
[2022-03-13 13:20:34] [0003.523] I> done
[2022-03-13 13:20:34] [0003.525] I> Kernel hdr @0x80400000
[2022-03-13 13:20:34] [0003.528] I> Kernel dtb @0x80000000
[2022-03-13 13:20:34] [0003.532] I> decompressor handler not found
[2022-03-13 13:20:34] [0003.536] I> Copying kernel image (627005 bytes) from 0x80400800 to 0x80600000 ... [0003.543] I> Done
[2022-03-13 13:20:34] [0003.545] I> Move ramdisk (len: 0) from 0x8049a000 to 0x947d0000
[2022-03-13 13:20:34] [0003.552] I> Updated bpmp info to DTB
[2022-03-13 13:20:34] [0003.558] I> Ramdisk: Base: 0x947d0000; Size: 0x0
[2022-03-13 13:20:34] [0003.563] I> Updated initrd info to DTB
[2022-03-13 13:20:34] [0003.567] W> WARN: Fail to override "console=none" in commandline
[2022-03-13 13:20:34] [0003.572] I> Active rootfs suffix: 
[2022-03-13 13:20:34] [0003.576] E> tegrabl_linuxboot_add_disp_param, du 0 failed to get display params
[2022-03-13 13:20:34] [0003.583] E> tegrabl_linuxboot_add_disp_param, du 0 failed to get display params
[2022-03-13 13:20:34] [0003.590] E> tegrabl_linuxboot_add_disp_param, du 0 failed to get display params
[2022-03-13 13:20:34] [0003.597] I> disabled_core_mask: 0xffffff0c
[2022-03-13 13:20:34] [0003.601] W> No valid slot number is found in scratch register
[2022-03-13 13:20:34] [0003.607] W> Return default slot: _a
[2022-03-13 13:20:34] [0003.610] I> Active slot suffix: 
[2022-03-13 13:20:34] [0003.614] I> add_boot_slot_suffix: slot_suffix = 
[2022-03-13 13:20:34] [0003.618] I> Linux Cmdline: console=ttyS0,115200 androidboot.presilicon=true firmware_class.path=/etc/firmware root=/dev/mmcblk0p1 rw rootwait rootfstype=ext4 console=ttyS0,115200n8 console=tty0 fbcon=map:0 net.ifnames=0 isolcpus=1-2  video=tegrafb earlycon=uart8250,mmio32,0x3100000 nvdumper_reserved=0x2772e0000 gpt rootfs.slot_suffix= usbcore.old_scheme_first=1 tegraid=18.1.2.0.0 maxcpus=6 no_console_suspend boot.slot_suffix= boot.ratchetvalues=0.2031647.1 vpr_resize bl_prof_dataptr=0x10000@0x275840000 sdhci_tegra.en_boot_part_access=1 
[2022-03-13 13:20:34] [0003.666] I> Updated bootarg info to DTB
[2022-03-13 13:20:34] [0003.669] I> eeprom_get_mac_addr: MAC (type: 0): 48:b0:2d:0f:11:c5
[2022-03-13 13:20:34] [0003.676] I> eeprom_get_mac_addr: MAC (type: 1): 48:b0:2d:0f:11:c6
[2022-03-13 13:20:34] [0003.682] I> eeprom_get_mac_addr: MAC (type: 2): 48:b0:2d:0f:11:c7
[2022-03-13 13:20:34] [0003.688] E> Found no plugin manager ids in source DT
[2022-03-13 13:20:34] [0003.693] W> Add plugin manager ids from board info
[2022-03-13 13:20:34] [0003.698] W> "plugin-manager" doesn't exist, creating
[2022-03-13 13:20:34] [0003.703] W> "ids" doesn't exist, creating
[2022-03-13 13:20:34] [0003.707] W> "connection" doesn't exist, creating
[2022-03-13 13:20:34] [0003.711] W> "configs" doesn't exist, creating
[2022-03-13 13:20:34] [0003.716] I> create_pm_ids: id: 3310-1000-D00-L, len: 15
[2022-03-13 13:20:34] [0003.721] I> config: mem-type:00,power-config:00,misc-config:00,modem-config:00,touch-config:00,display-config:00,, len: 93
[2022-03-13 13:20:34] [0003.732] I> create_pm_ids: id: 2597-0000-900-E, len: 15
[2022-03-13 13:20:34] [0003.737] I> config: mem-type:00,power-config:00,misc-config:00,modem-config:00,touch-config:00,display-config:00,, len: 93
[2022-03-13 13:20:34] [0003.748] I> create_pm_ids: id: 3326-1000-000-M, len: 15
[2022-03-13 13:20:34] [0003.753] I> config: mem-type:ff,power-config:ff,misc-config:ff,modem-config:ff,touch-config:ff,display-config:ff,, len: 93
[2022-03-13 13:20:34] [0003.764] I> Adding plugin-manager/ids/3310-1000-D00=/i2c@c250000:module@0x50
[2022-03-13 13:20:34] [0003.771] W> "i2c@c250000" doesn't exist, creating
[2022-03-13 13:20:34] [0003.776] W> "module@0x50" doesn't exist, creating
[2022-03-13 13:20:35] [0003.781] I> Adding plugin-manager/ids/2597-0000-900=/i2c@c250000:module@0x57
[2022-03-13 13:20:35] [0003.788] W> "module@0x57" doesn't exist, creating
[2022-03-13 13:20:35] [0003.793] I> Adding plugin-manager/ids/3326-1000-000=/i2c@3180000:module@0x54
[2022-03-13 13:20:35] [0003.800] W> "i2c@3180000" doesn't exist, creating
[2022-03-13 13:20:35] [0003.805] W> "module@0x54" doesn't exist, creating
[2022-03-13 13:20:35] [0003.812] I> Adding plugin-manager/ids/3310-1000-D00-L
[2022-03-13 13:20:35] [0003.819] I> Adding plugin-manager/configs/3310-mem-type 00
[2022-03-13 13:20:35] [0003.824] I> Adding plugin-manager/configs/3310-power-config 00
[2022-03-13 13:20:35] [0003.830] I> Adding plugin-manager/configs/3310-misc-config 00
[2022-03-13 13:20:35] [0003.836] I> Adding plugin-manager/configs/3310-modem-config 00
[2022-03-13 13:20:35] [0003.842] I> Adding plugin-manager/configs/3310-touch-config 00
[2022-03-13 13:20:35] [0003.848] I> Adding plugin-manager/configs/3310-display-config 00
[2022-03-13 13:20:35] [0003.854] I> Adding plugin-manager/cvm
[2022-03-13 13:20:35] [0003.858] W> "chip-id" doesn't exist, creating
[2022-03-13 13:20:35] [0003.862] I> Adding plugin-manager/chip-id/A02P
[2022-03-13 13:20:35] [0003.867] W> "odm-data" doesn't exist, creating
[2022-03-13 13:20:35] [0003.872] I> Adding /chosen/plugin-manager/odm-data
[2022-03-13 13:20:35] [0003.881] I> added [base:0x80000000, size:0x70000000] to /memory
[2022-03-13 13:20:35] [0003.887] I> added [base:0xf0200000, size:0x185600000] to /memory
[2022-03-13 13:20:35] [0003.893] I> added [base:0x275e00000, size:0x200000] to /memory
[2022-03-13 13:20:35] [0003.899] I> added [base:0x276600000, size:0x200000] to /memory
[2022-03-13 13:20:35] [0003.905] I> added [base:0x277000000, size:0x200000] to /memory
[2022-03-13 13:20:35] [0003.910] I> Updated memory info to DTB
[2022-03-13 13:20:35] [0003.915] E> add_disp_param: failed to get display params for du=0
[2022-03-13 13:20:35] [0003.923] W> "reset" doesn't exist, creating
[2022-03-13 13:20:35] [0003.927] W> "pmc-reset-reason" doesn't exist, creating
[2022-03-13 13:20:35] [0003.933] W> "pmic-reset-reason" doesn't exist, creating
[2022-03-13 13:20:35] [0003.939] I> Adding ecid(00000001646db7851000000013038200) to DT
[2022-03-13 13:20:35] [0003.945] I> disabled_core_mask: 0xffffff0c
[2022-03-13 13:20:35] [0003.958] I> Add serial number:1422420022173 as DT property
[2022-03-13 13:20:35] [0003.967] I> Plugin-manager override starting
[2022-03-13 13:20:35] [0003.972] I> node /plugin-manager/fragement@0 matches
[2022-03-13 13:20:35] [0003.982] I> node /plugin-manager/fragement@4 matches
[2022-03-13 13:20:35] [0003.995] I> node /plugin-manager/fragment-sdwake-p3310-1000-300 matches
[2022-03-13 13:20:35] [0004.015] I> node /plugin-manager/fragement-pmon-p3310-1000-300 matches
[2022-03-13 13:20:35] [0004.025] I> node /plugin-manager/fragement-pmon-p3310-1000-800 matches
[2022-03-13 13:20:35] [0004.034] I> node /plugin-manager/fragment-devslp@0 matches
[2022-03-13 13:20:35] [0004.046] I> node /plugin-manager/fragment-500-pcie-config matches
[2022-03-13 13:20:35] [0004.061] I> node /plugin-manager/fragment-500-xusb-config matches
[2022-03-13 13:20:35] [0004.084] I> node /plugin-manager/fragment-p3310-c00-comm matches
[2022-03-13 13:20:35] [0004.098] I> node /plugin-manager/fragment-p3310-c00-pmic matches
[2022-03-13 13:20:35] [0004.109] I> node /plugin-manager/fragment-p3310-c01 matches
[2022-03-13 13:20:35] [0004.122] I> node /plugin-manager/fragment-p3310-c03 matches
[2022-03-13 13:20:35] [0004.164] I> node /plugin-manager/fragment-e3326@0 matches
[2022-03-13 13:20:35] [0004.246] I> node /plugin-manager/fragment-p3310-c00-camera matches
[2022-03-13 13:20:35] [0004.273] I> Disable plugin-manager status in FDT
[2022-03-13 13:20:35] [0004.278] I> Plugin-manager override finished successfully
[2022-03-13 13:20:35] [0004.283] I> tegrabl_load_kernel_and_dtb: Done
[2022-03-13 13:20:35] [0004.287] E> tegrabl_display_clear: display is not initialized
[2022-03-13 13:20:35] [0004.293] W> Boot logo display failed...
[2022-03-13 13:20:35] [0004.297] I> Kernel EP: 0x80600000, DTB: 0x80000000
[2022-03-13 13:20:35] 
[2022-03-13 13:20:35] 
[2022-03-13 13:20:35] U-Boot 2020.04-g46e4604c78 (Jul 26 2021 - 12:10:58 -0700)
[2022-03-13 13:20:35] 
[2022-03-13 13:20:35] SoC: tegra186
[2022-03-13 13:20:35] Model: NVIDIA P2771-0000-500
[2022-03-13 13:20:35] Board: NVIDIA P2771-0000
[2022-03-13 13:20:35] DRAM:  7.8 GiB
[2022-03-13 13:20:35] MMC:   sdhci@3400000: 1, sdhci@3460000: 0
[2022-03-13 13:20:35] Loading Environment from MMC... *** Warning - bad CRC, using default environment
[2022-03-13 13:20:35] 
[2022-03-13 13:20:35] In:    serial
[2022-03-13 13:20:35] Out:   serial
[2022-03-13 13:20:35] Err:   serial
[2022-03-13 13:20:35] Net:   
[2022-03-13 13:20:35] Warning: ethernet@2490000 using MAC address from ROM
[2022-03-13 13:20:35] eth0: ethernet@2490000
[2022-03-13 13:20:35] Hit any key to stop autoboot:  2  1  0 
[2022-03-13 13:20:37] MMC: no card present
[2022-03-13 13:20:37] switch to partitions #0, OK
[2022-03-13 13:20:37] mmc0(part 0) is current device
[2022-03-13 13:20:38] Scanning mmc 0:1...
[2022-03-13 13:20:38] Found /boot/extlinux/extlinux.conf
[2022-03-13 13:20:38] Retrieving file: /boot/extlinux/extlinux.conf
[2022-03-13 13:20:38] 858 bytes read in 22 ms (38.1 KiB/s)
[2022-03-13 13:20:38] 1:	primary kernel
[2022-03-13 13:20:38] Retrieving file: /boot/initrd
[2022-03-13 13:20:38] 7238344 bytes read in 201 ms (34.3 MiB/s)
[2022-03-13 13:20:38] Retrieving file: /boot/Image
[2022-03-13 13:20:39] 34484232 bytes read in 829 ms (39.7 MiB/s)
