[0000.282] I> Welcome to MB2(TBoot-BPMP)(version: 01.00.160913-t186-M-00.00-mobile-c368a720)
[2022-03-13 13:28:02] [0000.291] I> Boot-device: eMMC
[2022-03-13 13:28:02] [0000.298] I> sdmmc bdev is already initialized
[2022-03-13 13:28:02] [0000.303] I> pmic: reset reason (nverc)	: 0x80
[2022-03-13 13:28:03] [0000.336] I> Found 19 partitions in SDMMC_BOOT (instance 3)
[2022-03-13 13:28:03] [0000.356] I> Found 33 partitions in SDMMC_USER (instance 3)
[2022-03-13 13:28:03] [0000.362] W> No valid slot number is found in scratch register
[2022-03-13 13:28:03] [0000.368] W> Return default slot: _a
[2022-03-13 13:28:03] [0000.371] I> A/B: bin_type (16) slot 0
[2022-03-13 13:28:03] [0000.375] I> Loading partition bpmp-fw at 0xd7800000
[2022-03-13 13:28:03] [0000.379] I> Reading two headers - addr:0xd7800000 blocks:1
[2022-03-13 13:28:03] [0000.385] I> Addr: 0xd7800000, start-block: 58777608, num_blocks: 1
[2022-03-13 13:28:03] [0000.410] I> Binary(16) of size 534416 is loaded @ 0xd7800000
[2022-03-13 13:28:03] [0000.415] W> No valid slot number is found in scratch register
[2022-03-13 13:28:03] [0000.421] W> Return default slot: _a
[2022-03-13 13:28:03] [0000.425] I> A/B: bin_type (17) slot 0
[2022-03-13 13:28:03] [0000.428] I> Loading partition bpmp-fw-dtb at 0xd79f0000
[2022-03-13 13:28:03] [0000.433] I> Reading two headers - addr:0xd79f0000 blocks:1
[2022-03-13 13:28:03] [0000.439] I> Addr: 0xd79f0000, start-block: 58780024, num_blocks: 1
[2022-03-13 13:28:03] [0000.465] I> Binary(17) of size 604720 is loaded @ 0xd796c400
[2022-03-13 13:28:03] [0000.695] I> Loading SCE-FW ...
[2022-03-13 13:28:03] [0000.698] W> No valid slot number is found in scratch register
[2022-03-13 13:28:03] [0000.703] W> Return default slot: _a
[2022-03-13 13:28:03] [0000.707] I> A/B: bin_type (12) slot 0
[2022-03-13 13:28:03] [0000.710] I> Loading partition sce-fw at 0xd7300000
[2022-03-13 13:28:03] [0000.715] I> Reading two headers - addr:0xd7300000 blocks:1
[2022-03-13 13:28:03] [0000.720] I> Addr: 0xd7300000, start-block: 58784120, num_blocks: 1
[2022-03-13 13:28:03] [0000.740] I> Binary(12) of size 125632 is loaded @ 0xd7300000
[2022-03-13 13:28:03] [0000.745] I> Init SCE
[2022-03-13 13:28:03] [0000.748] I> Loading APE-FW ...
[2022-03-13 13:28:03] [0000.751] W> No valid slot number is found in scratch register
[2022-03-13 13:28:03] [0000.756] W> Return default slot: _a
[2022-03-13 13:28:03] [0000.760] I> A/B: bin_type (11) slot 0
[2022-03-13 13:28:03] [0000.763] I> Loading partition adsp-fw at 0xd7400000
[2022-03-13 13:28:03] [0000.768] I> Reading two headers - addr:0xd7400000 blocks:1
[2022-03-13 13:28:03] [0000.774] I> Addr: 0xd7400000, start-block: 58761224, num_blocks: 1
[2022-03-13 13:28:03] [0000.793] I> Binary(11) of size 77216 is loaded @ 0xd7400000
[2022-03-13 13:28:03] [0000.798] I> Copy BTCM section
[2022-03-13 13:28:03] [0000.801] W> No valid slot number is found in scratch register
[2022-03-13 13:28:03] [0000.807] W> Return default slot: _a
[2022-03-13 13:28:03] [0000.810] I> A/B: bin_type (13) slot 0
[2022-03-13 13:28:03] [0000.814] I> Loading partition cpu-bootloader at 0x96000000
[2022-03-13 13:28:03] [0000.820] I> Reading two headers - addr:0x96000000 blocks:1
[2022-03-13 13:28:03] [0000.825] I> Addr: 0x96000000, start-block: 58740744, num_blocks: 1
[2022-03-13 13:28:03] [0000.846] I> Binary(13) of size 308800 is loaded @ 0x96000000
[2022-03-13 13:28:03] [0000.852] W> No valid slot number is found in scratch register
[2022-03-13 13:28:03] [0000.857] W> Return default slot: _a
[2022-03-13 13:28:03] [0000.861] I> A/B: bin_type (20) slot 0
[2022-03-13 13:28:03] [0000.864] I> Loading partition bootloader-dtb at 0x85205400
[2022-03-13 13:28:03] [0000.870] I> Reading two headers - addr:0x85205400 blocks:1
[2022-03-13 13:28:03] [0000.875] I> Addr: 0x85205400, start-block: 58742792, num_blocks: 1
[2022-03-13 13:28:03] [0000.897] I> Binary(20) of size 375568 is loaded @ 0x85205400
[2022-03-13 13:28:03] [0000.903] W> No valid slot number is found in scratch register
[2022-03-13 13:28:03] [0000.909] W> Return default slot: _a
[2022-03-13 13:28:03] [0000.912] I> A/B: bin_type (14) slot 0
[2022-03-13 13:28:03] [0000.916] I> Loading partition secure-os at 0x85305600
[2022-03-13 13:28:03] [0000.921] I> Reading two headers - addr:0x85305600 blocks:1
[2022-03-13 13:28:03] [0000.926] I> Addr: 0x85305600, start-block: 58744840, num_blocks: 1
[2022-03-13 13:28:03] [0000.948] I> Binary(14) of size 402864 is loaded @ 0x85305600
[2022-03-13 13:28:03] [0000.956] I> TOS boot-params @ 0x85000000
[2022-03-13 13:28:03] [0000.960] I> TOS params prepared
[2022-03-13 13:28:03] [0000.963] I> Loading EKS ...
[2022-03-13 13:28:03] [0000.966] I> A/B: bin_type (15) slot 0
[2022-03-13 13:28:03] [0000.969] I> Loading partition eks at 0x85905800
[2022-03-13 13:28:03] [0000.974] I> Reading two headers - addr:0x85905800 blocks:1
[2022-03-13 13:28:03] [0000.979] I> Addr: 0x85905800, start-block: 58757128, num_blocks: 1
[2022-03-13 13:28:03] [0000.998] I> Binary(15) of size 1040 is loaded @ 0x85905800
[2022-03-13 13:28:03] [0001.004] I> EKB detected (length: 0x400) @ 0x85905800
[2022-03-13 13:28:03] [0001.009] I> Copied encrypted keys
[2022-03-13 13:28:03] [0001.012] I> boot profiler @ 0x275844000
[2022-03-13 13:28:03] [0001.016] I> boot profiler for TOS @ 0x275844000
[2022-03-13 13:28:03] [0001.021] I> Unhalting SCE
[2022-03-13 13:28:03] [0001.024] I> Primary Memory Start:80000000 Size:70000000
[2022-03-13 13:28:03] [0001.029] I> Extended Memory Start:f0110000 Size:1856f0000
[2022-03-13 13:28:03] [0001.036] I> MB2(TBoot-BPMP) done
[2022-03-13 13:28:03] 
[2022-03-13 13:28:03] NOTICE:  BL31: v1.3(release):b5eeb33f7
[2022-03-13 13:28:03] NOTICE:  BL31: Built : 12:15:17, Jul 26 2021
[2022-03-13 13:28:03] ipc-unittest-main: 1519: Welcome to IPC unittest!!!
[2022-03-13 13:28:03] ipc-unittest-main: 1531: waiting forever
[2022-03-13 13:28:03] ipc-unittest-srv: 329: Init unittest services!!!
[2022-03-13 13:28:03] hwkey-agent: 41: hwkey-agent is running!!
[2022-03-13 13:28:03] hwkey-agent: 315: key_mgnt_processing .......
[2022-03-13 13:28:03] hwkey-agent: 223: Setting EKB key 0 to slot 14
[2022-03-13 13:28:03] hwkey-agent: 178: Init hweky-agent services!!
[2022-03-13 13:28:03] luks-srv: 40: luks-srv is running!!
[2022-03-13 13:28:03] luks-srv: 157: Init luks-srv IPC services!!
[2022-03-13 13:28:03] platform_bootstrap_epilog: trusty bootstrap complete
[2022-03-13 13:28:04] [0001.408] I> Welcome to Cboot
[2022-03-13 13:28:04] [0001.411] I> Cboot Version: t186-00029e71
[2022-03-13 13:28:04] [0001.415] I> CPU-BL Params @ 0x275800000
[2022-03-13 13:28:04] [0001.419] I>  0) Base:0x00000000 Size:0x00000000
[2022-03-13 13:28:04] [0001.423] I>  1) Base:0x277f00000 Size:0x00100000
[2022-03-13 13:28:04] [0001.428] I>  2) Base:0x277e00000 Size:0x00100000
[2022-03-13 13:28:04] [0001.432] I>  3) Base:0x277d00000 Size:0x00100000
[2022-03-13 13:28:04] [0001.437] I>  4) Base:0x277c00000 Size:0x00100000
[2022-03-13 13:28:04] [0001.441] I>  5) Base:0x277b00000 Size:0x00100000
[2022-03-13 13:28:04] [0001.446] I>  6) Base:0x277800000 Size:0x00200000
[2022-03-13 13:28:04] [0001.450] I>  7) Base:0x277400000 Size:0x00400000
[2022-03-13 13:28:04] [0001.455] I>  8) Base:0x277a00000 Size:0x00100000
[2022-03-13 13:28:04] [0001.459] I>  9) Base:0x277300000 Size:0x00100000
[2022-03-13 13:28:04] [0001.464] I> 10) Base:0x276800000 Size:0x00800000
[2022-03-13 13:28:04] [0001.468] I> 11) Base:0x30000000 Size:0x00040000
[2022-03-13 13:28:04] [0001.473] I> 12) Base:0xf0000000 Size:0x00100000
[2022-03-13 13:28:04] [0001.477] I> 13) Base:0x30040000 Size:0x00001000
[2022-03-13 13:28:04] [0001.482] I> 14) Base:0x30048000 Size:0x00001000
[2022-03-13 13:28:04] [0001.486] I> 15) Base:0x30049000 Size:0x00001000
[2022-03-13 13:28:04] [0001.490] I> 16) Base:0x3004a000 Size:0x00001000
[2022-03-13 13:28:04] [0001.495] I> 17) Base:0x3004b000 Size:0x00001000
[2022-03-13 13:28:04] [0001.499] I> 18) Base:0x3004c000 Size:0x00001000
[2022-03-13 13:28:04] [0001.504] I> 19) Base:0x3004d000 Size:0x00001000
[2022-03-13 13:28:04] [0001.508] I> 20) Base:0x3004e000 Size:0x00001000
[2022-03-13 13:28:04] [0001.513] I> 21) Base:0x3004f000 Size:0x00001000
[2022-03-13 13:28:04] [0001.517] I> 22) Base:0x00000000 Size:0x00000000
[2022-03-13 13:28:04] [0001.521] I> 23) Base:0xf0100000 Size:0x00010000
[2022-03-13 13:28:04] [0001.526] I> 24) Base:0x00000000 Size:0x00000000
[2022-03-13 13:28:04] [0001.530] I> 25) Base:0x00000000 Size:0x00000000
[2022-03-13 13:28:04] [0001.535] I> 26) Base:0x00000000 Size:0x00000000
[2022-03-13 13:28:04] [0001.539] I> 27) Base:0x00000000 Size:0x00000000
[2022-03-13 13:28:04] [0001.544] I> 28) Base:0x84400000 Size:0x00400000
[2022-03-13 13:28:04] [0001.548] I> 29) Base:0x30000000 Size:0x00010000
[2022-03-13 13:28:04] [0001.552] I> 30) Base:0x278000000 Size:0x08000000
[2022-03-13 13:28:04] [0001.557] I> 31) Base:0x00000000 Size:0x00000000
[2022-03-13 13:28:04] [0001.561] I> 32) Base:0x276000000 Size:0x00600000
[2022-03-13 13:28:04] [0001.566] I> 33) Base:0x80000000 Size:0x70000000
[2022-03-13 13:28:04] [0001.570] I> 34) Base:0xf0110000 Size:0x1856f0000
[2022-03-13 13:28:04] [0001.575] I> 35) Base:0x00000000 Size:0x00000000
[2022-03-13 13:28:04] [0001.579] I> 36) Base:0x00000000 Size:0x00000000
[2022-03-13 13:28:04] [0001.584] I> 37) Base:0x2772e0000 Size:0x00020000
[2022-03-13 13:28:04] [0001.588] I> 38) Base:0x84000000 Size:0x00400000
[2022-03-13 13:28:04] [0001.593] I> 39) Base:0x96000000 Size:0x02000000
[2022-03-13 13:28:04] [0001.597] I> 40) Base:0x85000000 Size:0x01200000
[2022-03-13 13:28:04] [0001.602] I> 41) Base:0x275800000 Size:0x00500000
[2022-03-13 13:28:04] [0001.606] I> 42) Base:0x00000000 Size:0x00000000
[2022-03-13 13:28:04] [0001.610] I> 43) Base:0x00000000 Size:0x00000000
[2022-03-13 13:28:04] [0001.615] GIC-SPI Target CPU: 4
[2022-03-13 13:28:04] [0001.618] Interrupts Init done
[2022-03-13 13:28:04] [0001.621] calling constructors
[2022-03-13 13:28:04] [0001.625] initializing heap
[2022-03-13 13:28:04] [0001.627] initializing threads
[2022-03-13 13:28:04] [0001.630] initializing timers
[2022-03-13 13:28:04] [0001.634] creating bootstrap completion thread
[2022-03-13 13:28:04] [0001.638] top of bootstrap2()
[2022-03-13 13:28:04] [0001.641] CPU: ARM Cortex A57
[2022-03-13 13:28:04] [0001.644] CPU: MIDR: 0x411FD073, MPIDR: 0x80000100
[2022-03-13 13:28:04] [0001.650] initializing platform
[2022-03-13 13:28:04] [0001.653] I> Bl_dtb @0x85205400
[2022-03-13 13:28:04] [0001.656] I> gpio framework initialized
[2022-03-13 13:28:04] [0001.662] I> tegrabl_gpio_driver_register: register 'nvidia,tegra186-gpio' driver
[2022-03-13 13:28:04] [0001.672] I> tegrabl_gpio_driver_register: register 'nvidia,tegra186-gpio-aon' driver
[2022-03-13 13:28:04] [0001.680] I> GPIO framework and drivers are initialized.
[2022-03-13 13:28:04] [0001.685] I> Boot-device: eMMC
[2022-03-13 13:28:04] [0001.692] I> sdmmc bdev is already initialized
[2022-03-13 13:28:04] [0001.723] I> Found 19 partitions in SDMMC_BOOT (instance 3)
[2022-03-13 13:28:04] [0001.741] I> Found 33 partitions in SDMMC_USER (instance 3)
[2022-03-13 13:28:04] [0001.746] W> opt-in fuse is not set, skip fuse_burning
[2022-03-13 13:28:04] [0001.751] I> Reserved memory at 0xfbe00000 for U-Boot relocation
[2022-03-13 13:28:04] [0001.757] W> No valid slot number is found in scratch register
[2022-03-13 13:28:04] [0001.763] W> Return default slot: _a
[2022-03-13 13:28:04] [0001.772] I> A/B: bin_type (21) slot 0
[2022-03-13 13:28:04] [0001.776] I> Loading kernel-dtb from partition
[2022-03-13 13:28:04] [0001.780] I> Loading partition kernel-dtb at 0x80000000 from device(0x1)
[2022-03-13 13:28:04] [0001.797] I> Kernel_dtb @0x80000000
[2022-03-13 13:28:04] [0001.800] I> tegrabl_tca9539_init: i2c bus: 0, slave addr: 0xee
[2022-03-13 13:28:04] [0001.811] I> tegrabl_gpio_driver_register: register 'tca9539_gpio_driver' driver
[2022-03-13 13:28:04] [0001.818] I> tegrabl_tca9539_init: i2c bus: 0, slave addr: 0xe8
[2022-03-13 13:28:04] [0001.827] I> tegrabl_gpio_driver_register: register 'tca9539_gpio_driver' driver
[2022-03-13 13:28:04] [0001.837] I> fixed regulator driver initialized
[2022-03-13 13:28:04] [0001.871] I> register 'maxim' power off handle
[2022-03-13 13:28:04] [0001.877] I> virtual i2c enabled
[2022-03-13 13:28:04] [0001.880] I> registered 'maxim,max77620' pmic
[2022-03-13 13:28:04] [0001.884] I> tegrabl_gpio_driver_register: register 'max77620-gpio' driver
[2022-03-13 13:28:04] [0001.898] E> failed to read label property for node 324936: 13
[2022-03-13 13:28:04] [0001.907] E> failed to read reg property for node 325032: 13
[2022-03-13 13:28:04] [0001.915] E> failed to read reg property for node 325084: 13
[2022-03-13 13:28:04] [0001.923] E> failed to read label property for node 325168: 13
[2022-03-13 13:28:04] [0001.931] E> failed to read label property for node 325236: 13
[2022-03-13 13:28:04] [0001.940] E> failed to read reg property for node 325304: 13
[2022-03-13 13:28:04] [0001.948] E> failed to read reg property for node 325376: 13
[2022-03-13 13:28:04] [0001.958] I> Find /i2c@c250000's alias i2c7
[2022-03-13 13:28:04] [0001.962] I> Reading eeprom i2c=7 address=0x50
[2022-03-13 13:28:04] [0001.992] I> Device at /i2c@c250000:0x50
[2022-03-13 13:28:04] [0001.996] I> Reading eeprom i2c=7 address=0x57
[2022-03-13 13:28:04] [0002.024] I> Device at /i2c@c250000:0x57
[2022-03-13 13:28:04] [0002.029] I> Find /i2c@c240000's alias i2c1
[2022-03-13 13:28:04] [0002.033] I> Reading eeprom i2c=1 address=0x51
[2022-03-13 13:28:04] [0002.038] E> I2C: slave not found in slaves.
[2022-03-13 13:28:04] [0002.042] E> I2C: Could not write 0 bytes to slave: 0x00a2 with repeat start true.
[2022-03-13 13:28:04] [0002.050] E> I2C_DEV: Failed to send register address 0x00000000.
[2022-03-13 13:28:04] [0002.055] E> I2C_DEV: Could not read 256 registers of size 1 from slave 0xa2 at 0x00000000 via instance 1.
[2022-03-13 13:28:04] [0002.065] E> eeprom: Retry to read I2C slave device.
[2022-03-13 13:28:04] [0002.070] E> I2C: slave not found in slaves.
[2022-03-13 13:28:04] [0002.074] E> I2C: Could not write 0 bytes to slave: 0x00a2 with repeat start true.
[2022-03-13 13:28:04] [0002.082] E> I2C_DEV: Failed to send register address 0x00000000.
[2022-03-13 13:28:04] [0002.088] E> I2C_DEV: Could not read 256 registers of size 1 from slave 0xa2 at 0x00000000 via instance 1.
[2022-03-13 13:28:04] [0002.097] E> eeprom: Failed to read I2C slave device
[2022-03-13 13:28:04] [0002.102] I> Eeprom read failed 0x3526070d
[2022-03-13 13:28:04] [0002.106] I> Find /i2c@3160000's alias i2c0
[2022-03-13 13:28:04] [0002.110] I> Reading eeprom i2c=0 address=0x50
[2022-03-13 13:28:04] [0002.115] E> I2C: slave not found in slaves.
[2022-03-13 13:28:04] [0002.119] E> I2C: Could not write 0 bytes to slave: 0x00a0 with repeat start true.
[2022-03-13 13:28:04] [0002.126] E> I2C_DEV: Failed to send register address 0x00000000.
[2022-03-13 13:28:04] [0002.132] E> I2C_DEV: Could not read 256 registers of size 1 from slave 0xa0 at 0x00000000 via instance 0.
[2022-03-13 13:28:04] [0002.142] E> eeprom: Failed to read I2C slave device
[2022-03-13 13:28:04] [0002.147] I> Eeprom read failed 0x3526070d
[2022-03-13 13:28:04] [0002.151] I> Find /i2c@3180000's alias i2c2
[2022-03-13 13:28:04] [0002.155] I> Reading eeprom i2c=2 address=0x54
[2022-03-13 13:28:04] [0002.160] I> Enabling gpio chip_id = 2, gpio pin = 9
[2022-03-13 13:28:04] [0002.190] I> Disabling gpio chip_id = 2, gpio pin = 9
[2022-03-13 13:28:04] [0002.195] I> Device at /i2c@3180000:0x54
[2022-03-13 13:28:04] [0002.199] I> Reading eeprom i2c=2 address=0x57
[2022-03-13 13:28:04] [0002.203] I> Enabling gpio chip_id = 2, gpio pin = 9
[2022-03-13 13:28:04] [0002.209] E> I2C: slave not found in slaves.
[2022-03-13 13:28:04] [0002.213] E> I2C: Could not write 0 bytes to slave: 0x00ae with repeat start true.
[2022-03-13 13:28:04] [0002.221] E> I2C_DEV: Failed to send register address 0x00000000.
[2022-03-13 13:28:04] [0002.227] E> I2C_DEV: Could not read 256 registers of size 1 from slave 0xae at 0x00000000 via instance 2.
[2022-03-13 13:28:04] [0002.236] E> eeprom: Failed to read I2C slave device
[2022-03-13 13:28:04] [0002.241] I> Disabling gpio chip_id = 2, gpio pin = 9
[2022-03-13 13:28:04] [0002.246] I> Eeprom read failed 0x00000000
[2022-03-13 13:28:04] [0002.250] I> create_pm_ids: id: 3310-1000-D00-L, len: 15
[2022-03-13 13:28:04] [0002.255] I> config: mem-type:00,power-config:00,misc-config:00,modem-config:00,touch-config:00,display-config:00,, len: 93
[2022-03-13 13:28:04] [0002.266] I> create_pm_ids: id: 2597-0000-900-E, len: 15
[2022-03-13 13:28:04] [0002.271] I> config: mem-type:00,power-config:00,misc-config:00,modem-config:00,touch-config:00,display-config:00,, len: 93
[2022-03-13 13:28:04] [0002.282] I> create_pm_ids: id: 3326-1000-000-M, len: 15
[2022-03-13 13:28:04] [0002.287] I> config: mem-type:ff,power-config:ff,misc-config:ff,modem-config:ff,touch-config:ff,display-config:ff,, len: 93
[2022-03-13 13:28:05] [0002.322] I> enabling 'vdd-hdmi' regulator
[2022-03-13 13:28:05] [0002.338] I> regulator 'vdd-hdmi' already enabled
[2022-03-13 13:28:05] [0002.343] E> tegrabl_display_init_regulator: hdmi cable is not connected
[2022-03-13 13:28:05] [0002.349] E> tegrabl_display_get_pdata, failed to parse dtb settings
[2022-03-13 13:28:05] [0002.358] E> cannot find any other nvdisp nodes
[2022-03-13 13:28:05] [0002.362] E> no valid display unit config found in dtb
[2022-03-13 13:28:05] [0002.368] W> display init failed
[2022-03-13 13:28:05] [0002.371] initializing target
[2022-03-13 13:28:05] [0002.374] calling apps_init()
[2022-03-13 13:28:05] [0002.377] starting app kernel_boot_app
[2022-03-13 13:28:05] [0002.400] I> found decompressor handler: lz4-legacy
[2022-03-13 13:28:05] [0002.405] I> decompressing BMP blob ...
[2022-03-13 13:28:05] [0002.417] I> Kernel type = Normal
[2022-03-13 13:28:05] [0002.420] I> ########## Fixed storage boot ##########
[2022-03-13 13:28:05] [0002.425] I> Loading kernel-bootctrl from partition
[2022-03-13 13:28:05] [0002.430] I> Loading partition kernel-bootctrl at 0xa8000000 from device(0x1)
[2022-03-13 13:28:05] [0002.444] W> tegrabl_get_kernel_bootctrl: magic number(0x00000000) is invalid
[2022-03-13 13:28:05] [0002.451] W> tegrabl_get_kernel_bootctrl: use default dummy boot control data
[2022-03-13 13:28:05] [0002.458] W> No valid slot number is found in scratch register
[2022-03-13 13:28:05] [0002.463] W> Return default slot: _a
[2022-03-13 13:28:05] [0002.467] I> A/B: bin_type (24) slot 0
[2022-03-13 13:28:05] [0002.482] I> Boot image size read from image header: 9913d
[2022-03-13 13:28:05] [0002.488] I> Boot image load address: 0x80400000
[2022-03-13 13:28:05] [0002.492] I> Loading kernel from partition
[2022-03-13 13:28:05] [0002.496] I> Loading partition kernel at 0x80400000 from device(0x1)
[2022-03-13 13:28:06] [0003.438] I> Validate kernel ...
[2022-03-13 13:28:06] [0003.441] I> T18x: Authenticate kernel (bin_type 24), max size 0x4000000
[2022-03-13 13:28:06] [0003.449] I> Decrypt the buffer ... [0003.452] W> tegrabl_decrypt_block: fuse (0x0) is not burnt to do encryption (0x4); skip decryption.
[2022-03-13 13:28:06] [0003.461] I> done
[2022-03-13 13:28:06] [0003.463] I> Checking boot.img header magic ... [0003.467] I> [OK]
[2022-03-13 13:28:06] [0003.469] I> kernel-dtb is already loaded
[2022-03-13 13:28:06] [0003.473] I> Validate kernel-dtb ...
[2022-03-13 13:28:06] [0003.476] I> T18x: Authenticate kernel-dtb (bin_type 21), max size 0x100000
[2022-03-13 13:28:06] [0003.484] I> Decrypt the buffer ... [0003.487] W> tegrabl_decrypt_block: fuse (0x0) is not burnt to do encryption (0x4); skip decryption.
[2022-03-13 13:28:06] [0003.496] I> done
[2022-03-13 13:28:06] [0003.498] I> Kernel hdr @0x80400000
[2022-03-13 13:28:06] [0003.501] I> Kernel dtb @0x80000000
[2022-03-13 13:28:06] [0003.504] I> decompressor handler not found
[2022-03-13 13:28:06] [0003.508] I> Copying kernel image (627005 bytes) from 0x80400800 to 0x80600000 ... [0003.516] I> Done
[2022-03-13 13:28:06] [0003.518] I> Move ramdisk (len: 0) from 0x8049a000 to 0x947d0000
[2022-03-13 13:28:06] [0003.525] I> Updated bpmp info to DTB
[2022-03-13 13:28:06] [0003.531] I> Ramdisk: Base: 0x947d0000; Size: 0x0
[2022-03-13 13:28:06] [0003.536] I> Updated initrd info to DTB
[2022-03-13 13:28:06] [0003.540] W> WARN: Fail to override "console=none" in commandline
[2022-03-13 13:28:06] [0003.545] I> Active rootfs suffix: 
[2022-03-13 13:28:06] [0003.549] E> tegrabl_linuxboot_add_disp_param, du 0 failed to get display params
[2022-03-13 13:28:06] [0003.556] E> tegrabl_linuxboot_add_disp_param, du 0 failed to get display params
[2022-03-13 13:28:06] [0003.563] E> tegrabl_linuxboot_add_disp_param, du 0 failed to get display params
[2022-03-13 13:28:06] [0003.570] I> disabled_core_mask: 0xffffff0c
[2022-03-13 13:28:06] [0003.574] W> No valid slot number is found in scratch register
[2022-03-13 13:28:06] [0003.580] W> Return default slot: _a
[2022-03-13 13:28:06] [0003.583] I> Active slot suffix: 
[2022-03-13 13:28:06] [0003.587] I> add_boot_slot_suffix: slot_suffix = 
[2022-03-13 13:28:06] [0003.591] I> Linux Cmdline: console=ttyS0,115200 androidboot.presilicon=true firmware_class.path=/etc/firmware root=/dev/mmcblk0p1 rw rootwait rootfstype=ext4 console=ttyS0,115200n8 console=tty0 fbcon=map:0 net.ifnames=0 isolcpus=1-2  video=tegrafb earlycon=uart8250,mmio32,0x3100000 nvdumper_reserved=0x2772e0000 gpt rootfs.slot_suffix= usbcore.old_scheme_first=1 tegraid=18.1.2.0.0 maxcpus=6 no_console_suspend boot.slot_suffix= boot.ratchetvalues=0.2031647.1 vpr_resize bl_prof_dataptr=0x10000@0x275840000 sdhci_tegra.en_boot_part_access=1 
[2022-03-13 13:28:06] [0003.639] I> Updated bootarg info to DTB
[2022-03-13 13:28:06] [0003.642] I> eeprom_get_mac_addr: MAC (type: 0): 48:b0:2d:0f:11:c5
[2022-03-13 13:28:06] [0003.649] I> eeprom_get_mac_addr: MAC (type: 1): 48:b0:2d:0f:11:c6
[2022-03-13 13:28:06] [0003.655] I> eeprom_get_mac_addr: MAC (type: 2): 48:b0:2d:0f:11:c7
[2022-03-13 13:28:06] [0003.661] E> Found no plugin manager ids in source DT
[2022-03-13 13:28:06] [0003.666] W> Add plugin manager ids from board info
[2022-03-13 13:28:06] [0003.671] W> "plugin-manager" doesn't exist, creating
[2022-03-13 13:28:06] [0003.676] W> "ids" doesn't exist, creating
[2022-03-13 13:28:06] [0003.680] W> "connection" doesn't exist, creating
[2022-03-13 13:28:06] [0003.684] W> "configs" doesn't exist, creating
[2022-03-13 13:28:06] [0003.689] I> create_pm_ids: id: 3310-1000-D00-L, len: 15
[2022-03-13 13:28:06] [0003.694] I> config: mem-type:00,power-config:00,misc-config:00,modem-config:00,touch-config:00,display-config:00,, len: 93
[2022-03-13 13:28:06] [0003.705] I> create_pm_ids: id: 2597-0000-900-E, len: 15
[2022-03-13 13:28:06] [0003.710] I> config: mem-type:00,power-config:00,misc-config:00,modem-config:00,touch-config:00,display-config:00,, len: 93
[2022-03-13 13:28:06] [0003.721] I> create_pm_ids: id: 3326-1000-000-M, len: 15
[2022-03-13 13:28:06] [0003.726] I> config: mem-type:ff,power-config:ff,misc-config:ff,modem-config:ff,touch-config:ff,display-config:ff,, len: 93
[2022-03-13 13:28:06] [0003.737] I> Adding plugin-manager/ids/3310-1000-D00=/i2c@c250000:module@0x50
[2022-03-13 13:28:06] [0003.744] W> "i2c@c250000" doesn't exist, creating
[2022-03-13 13:28:06] [0003.749] W> "module@0x50" doesn't exist, creating
[2022-03-13 13:28:06] [0003.754] I> Adding plugin-manager/ids/2597-0000-900=/i2c@c250000:module@0x57
[2022-03-13 13:28:06] [0003.761] W> "module@0x57" doesn't exist, creating
[2022-03-13 13:28:06] [0003.766] I> Adding plugin-manager/ids/3326-1000-000=/i2c@3180000:module@0x54
[2022-03-13 13:28:06] [0003.773] W> "i2c@3180000" doesn't exist, creating
[2022-03-13 13:28:06] [0003.778] W> "module@0x54" doesn't exist, creating
[2022-03-13 13:28:06] [0003.785] I> Adding plugin-manager/ids/3310-1000-D00-L
[2022-03-13 13:28:06] [0003.792] I> Adding plugin-manager/configs/3310-mem-type 00
[2022-03-13 13:28:06] [0003.797] I> Adding plugin-manager/configs/3310-power-config 00
[2022-03-13 13:28:06] [0003.803] I> Adding plugin-manager/configs/3310-misc-config 00
[2022-03-13 13:28:06] [0003.809] I> Adding plugin-manager/configs/3310-modem-config 00
[2022-03-13 13:28:06] [0003.815] I> Adding plugin-manager/configs/3310-touch-config 00
[2022-03-13 13:28:06] [0003.821] I> Adding plugin-manager/configs/3310-display-config 00
[2022-03-13 13:28:06] [0003.827] I> Adding plugin-manager/cvm
[2022-03-13 13:28:06] [0003.831] W> "chip-id" doesn't exist, creating
[2022-03-13 13:28:06] [0003.835] I> Adding plugin-manager/chip-id/A02P
[2022-03-13 13:28:06] [0003.840] W> "odm-data" doesn't exist, creating
[2022-03-13 13:28:06] [0003.844] I> Adding /chosen/plugin-manager/odm-data
[2022-03-13 13:28:06] [0003.854] I> added [base:0x80000000, size:0x70000000] to /memory
[2022-03-13 13:28:06] [0003.860] I> added [base:0xf0200000, size:0x185600000] to /memory
[2022-03-13 13:28:06] [0003.866] I> added [base:0x275e00000, size:0x200000] to /memory
[2022-03-13 13:28:06] [0003.872] I> added [base:0x276600000, size:0x200000] to /memory
[2022-03-13 13:28:06] [0003.878] I> added [base:0x277000000, size:0x200000] to /memory
[2022-03-13 13:28:06] [0003.883] I> Updated memory info to DTB
[2022-03-13 13:28:06] [0003.888] E> add_disp_param: failed to get display params for du=0
[2022-03-13 13:28:06] [0003.896] W> "reset" doesn't exist, creating
[2022-03-13 13:28:06] [0003.900] W> "pmc-reset-reason" doesn't exist, creating
[2022-03-13 13:28:06] [0003.906] W> "pmic-reset-reason" doesn't exist, creating
[2022-03-13 13:28:06] [0003.912] I> Adding ecid(00000001646db7851000000013038200) to DT
[2022-03-13 13:28:06] [0003.918] I> disabled_core_mask: 0xffffff0c
[2022-03-13 13:28:06] [0003.931] I> Add serial number:1422420022173 as DT property
[2022-03-13 13:28:06] [0003.940] I> Plugin-manager override starting
[2022-03-13 13:28:06] [0003.945] I> node /plugin-manager/fragement@0 matches
[2022-03-13 13:28:06] [0003.955] I> node /plugin-manager/fragement@4 matches
[2022-03-13 13:28:06] [0003.969] I> node /plugin-manager/fragment-sdwake-p3310-1000-300 matches
[2022-03-13 13:28:06] [0003.989] I> node /plugin-manager/fragement-pmon-p3310-1000-300 matches
[2022-03-13 13:28:06] [0003.998] I> node /plugin-manager/fragement-pmon-p3310-1000-800 matches
[2022-03-13 13:28:06] [0004.007] I> node /plugin-manager/fragment-devslp@0 matches
[2022-03-13 13:28:06] [0004.020] I> node /plugin-manager/fragment-500-pcie-config matches
[2022-03-13 13:28:06] [0004.035] I> node /plugin-manager/fragment-500-xusb-config matches
[2022-03-13 13:28:06] [0004.058] I> node /plugin-manager/fragment-p3310-c00-comm matches
[2022-03-13 13:28:06] [0004.071] I> node /plugin-manager/fragment-p3310-c00-pmic matches
[2022-03-13 13:28:06] [0004.082] I> node /plugin-manager/fragment-p3310-c01 matches
[2022-03-13 13:28:06] [0004.095] I> node /plugin-manager/fragment-p3310-c03 matches
[2022-03-13 13:28:06] [0004.138] I> node /plugin-manager/fragment-e3326@0 matches
[2022-03-13 13:28:06] [0004.220] I> node /plugin-manager/fragment-p3310-c00-camera matches
[2022-03-13 13:28:06] [0004.247] I> Disable plugin-manager status in FDT
[2022-03-13 13:28:06] [0004.252] I> Plugin-manager override finished successfully
[2022-03-13 13:28:06] [0004.257] I> tegrabl_load_kernel_and_dtb: Done
[2022-03-13 13:28:06] [0004.261] E> tegrabl_display_clear: display is not initialized
[2022-03-13 13:28:06] [0004.267] W> Boot logo display failed...
[2022-03-13 13:28:06] [0004.271] I> Kernel EP: 0x80600000, DTB: 0x80000000
[2022-03-13 13:28:07] 
[2022-03-13 13:28:07] 
[2022-03-13 13:28:07] U-Boot 2020.04-g46e4604c78 (Jul 26 2021 - 12:10:58 -0700)
[2022-03-13 13:28:07] 
[2022-03-13 13:28:07] SoC: tegra186
[2022-03-13 13:28:07] Model: NVIDIA P2771-0000-500
[2022-03-13 13:28:07] Board: NVIDIA P2771-0000
[2022-03-13 13:28:07] DRAM:  7.8 GiB
[2022-03-13 13:28:07] MMC:   sdhci@3400000: 1, sdhci@3460000: 0
[2022-03-13 13:28:07] Loading Environment from MMC... *** Warning - bad CRC, using default environment
[2022-03-13 13:28:07] 
[2022-03-13 13:28:07] In:    serial
[2022-03-13 13:28:07] Out:   serial
[2022-03-13 13:28:07] Err:   serial
[2022-03-13 13:28:07] Net:   
[2022-03-13 13:28:07] Warning: ethernet@2490000 using MAC address from ROM
[2022-03-13 13:28:07] eth0: ethernet@2490000
[2022-03-13 13:28:07] Hit any key to stop autoboot:  2  1  0 
[2022-03-13 13:28:09] MMC: no card present
[2022-03-13 13:28:09] switch to partitions #0, OK
[2022-03-13 13:28:09] mmc0(part 0) is current device
[2022-03-13 13:28:09] Scanning mmc 0:1...
[2022-03-13 13:28:09] Found /boot/extlinux/extlinux.conf
[2022-03-13 13:28:09] Retrieving file: /boot/extlinux/extlinux.conf
[2022-03-13 13:28:09] 858 bytes read in 22 ms (38.1 KiB/s)
[2022-03-13 13:28:09] 1:	primary kernel
[2022-03-13 13:28:09] Retrieving file: /boot/initrd
[2022-03-13 13:28:09] 7238344 bytes read in 201 ms (34.3 MiB/s)
[2022-03-13 13:28:09] Retrieving file: /boot/Image
[2022-03-13 13:28:10] 34484232 bytes read in 830 ms (39.6 MiB/s)
[2022-03-13 13:28:10] append: console=ttyS0,115200 androidboot.presilicon=true firmware_class.path=/etc/firmware root=/dev/mmcblk0p1 rw rootwait rootfstype=ext4 console=ttyS0,115200n8 console=tty0 fbcon=map:0 net.ifnames=0 isolcpus=1-2  video=tegrafb earlycon=uart8250,mmio32,0x3100000 nvdumper_reserved=0x2772e0000 gpt rootfs.slot_suffix= usbcore.old_scheme_first=1 tegraid=18.1.2.0.0 maxcpus=6 no_console_suspend boot.slot_suffix= boot.ratchetvalues=0.2031647.1 vpr_resize bl_prof_dataptr=0x10000@0x275840000 sdhci_tegra.en_boot_part_access=1 quiet root=/dev/mmcblk0p1 rw rootwait rootfstype=ext4 console=ttyS0,115200n8 console=tty0 fbcon=map:0 net.ifnames=0 isolcpus=1-2 
[2022-03-13 13:28:10] ## Flattened Device Tree blob at 80000000
[2022-03-13 13:28:10]    Booting using the fdt blob at 0x80000000
[2022-03-13 13:28:10] ERROR: reserving fdt memory region failed (addr=0 size=0)
[2022-03-13 13:28:10] ERROR: reserving fdt memory region failed (addr=0 size=0)
[2022-03-13 13:28:10] ERROR: reserving fdt memory region failed (addr=0 size=0)
[2022-03-13 13:28:10]    Using Device Tree in place at 0000000080000000, end 0000000080060aa3
[2022-03-13 13:28:10] copying carveout for /host1x@13e00000/display-hub@15200000/display@15200000...
[2022-03-13 13:28:10] copying carveout for /host1x@13e00000/display-hub@15200000/display@15210000...
[2022-03-13 13:28:10] copying carveout for /host1x@13e00000/display-hub@15200000/display@15220000...
[2022-03-13 13:28:10] 
[2022-03-13 13:28:10] Starting kernel ...
[2022-03-13 13:28:10] 
[2022-03-13 13:28:10] [    0.000000] Booting Linux on physical CPU 0x100
[2022-03-13 13:28:10] [    0.000000] Linux version 4.9.253-tegra (buildbrain@mobile-u64-5497-d3000) (gcc version 7.3.1 20180425 [linaro-7.3-2018.05 revision d29120a424ecfbc167ef90065c0eeb7f91977701] (Linaro GCC 7.3-2018.05) ) #1 SMP PREEMPT Mon Jul 26 12:19:28 PDT 2021
[2022-03-13 13:28:11] [    0.000000] Boot CPU: AArch64 Processor [411fd073]
[2022-03-13 13:28:11] [    0.000000] OF: fdt:memory scan node memory@80000000, reg size 80,
[2022-03-13 13:28:11] [    0.000000] OF: fdt: - 80000000 ,  70000000
[2022-03-13 13:28:11] [    0.000000] OF: fdt: - f0200000 ,  185600000
[2022-03-13 13:28:11] [    0.000000] OF: fdt: - 275e00000 ,  200000
[2022-03-13 13:28:11] [    0.000000] OF: fdt: - 276600000 ,  200000
[2022-03-13 13:28:11] [    0.000000] OF: fdt: - 277000000 ,  200000
[2022-03-13 13:28:11] [    0.000000] earlycon: uart8250 at MMIO32 0x0000000003100000 (options '')
[2022-03-13 13:28:11] [    0.000000] bootconsole [uart8250] enabled
[2022-03-13 13:28:13] [    1.756967] cgroup: cgroup2: unknown option "nsdelegate"
[2022-03-13 13:28:14] [    2.741171] using random self ethernet address
[2022-03-13 13:28:14] [    2.753674] using random host ethernet address
[2022-03-13 13:28:14] [    3.230430] random: crng init done
[2022-03-13 13:28:14] [    3.233838] random: 7 urandom warning(s) missed due to ratelimiting
[2022-03-13 13:28:14] [    3.396825] using random self ethernet address
[2022-03-13 13:28:14] [    3.406376] using random host ethernet address
[2022-03-13 13:28:15] [    3.794216] CPU1: shutdown
[2022-03-13 13:28:15] [    3.857977] CPU2: shutdown
[2022-03-13 13:28:16] [    4.750795] Bridge firewalling registered
[2022-03-13 13:28:19] 
[2022-03-13 13:28:19] Ubuntu 18.04.5 LTS JTX2-A ttyS0
[2022-03-13 13:28:19] 
[2022-03-13 13:28:19] JTX2-A login: [    8.917964] arm-smmu 12000000.iommu: Unhandled context fault: iova=0xbff8cbd00, fsynr=0x40011, cb=19, sid=16(0x10 - GPU), pgd=0, pud=0, pmd=0, pte=0
[2022-03-13 13:28:20] [    8.931320] mc-err: vpr base=0:c6000000, size=20, ctrl=3, override:(e01a8341, 1dc10c1, 2a800000, 2)
[2022-03-13 13:28:20] [    8.940428] mc-err: (255) csw_gpuswr: MC request violates VPR requirements
[2022-03-13 13:28:20] [    8.947330] mc-err:   status = 0x00377059; addr = 0x3ffffffc0
[2022-03-13 13:28:20] [    8.953119] mc-err:   secure: yes, access-type: write
[2022-03-13 13:28:20] [    8.958193] mc-err: unknown mcerr fault, int_status=0x00000000, ch_int_status=0x00000000, hubc_int_status=0x00000000
[2022-03-13 13:28:20] [    8.968725] mc-err: unknown mcerr fault, int_status=0x00000000, ch_int_status=0x00000000, hubc_int_status=0x00000000
[2022-03-13 13:28:20] [    8.979404] mc-err: unknown mcerr fault, int_status=0x00000000, ch_int_status=0x00000000, hubc_int_status=0x00000000
[2022-03-13 13:28:20] [    8.989930] mc-err: Too many MC errors; throttling prints
[2022-03-13 13:28:56] [   44.692988] nvgpu: 17000000.gp10b                     gp10b_ltc_isr:298  [ERR]  mc_ltc_intr: 00000001
[2022-03-13 13:28:56] [   44.702257] nvgpu: 17000000.gp10b                 gp10b_ltc_lts_isr:252  [ERR]  Single bit error detected in GPU L2!
[2022-03-13 13:28:56] [   44.712842] nvgpu: 17000000.gp10b                 gp10b_ltc_lts_isr:286  [ERR]  ltc0, slice 0: bb4f0110
[2022-03-13 13:29:15] [   64.222666] nvgpu: 17000000.gp10b                     gp10b_ltc_isr:298  [ERR]  mc_ltc_intr: 00000001
[2022-03-13 13:29:15] [   64.231897] nvgpu: 17000000.gp10b                 gp10b_ltc_lts_isr:252  [ERR]  Single bit error detected in GPU L2!
[2022-03-13 13:29:15] [   64.242525] nvgpu: 17000000.gp10b                 gp10b_ltc_lts_isr:286  [ERR]  ltc0, slice 0: bb4f0100
[2022-03-13 13:30:07] [  116.292923] CPU4: SError detected, daif=1c0, spsr=0x80000000, mpidr=80000102, esr=bf40c000
[2022-03-13 13:30:07] [  116.292926] CPU3: SError detected, daif=1c0, spsr=0x800000c5, mpidr=80000101, esr=bf40c000
[2022-03-13 13:30:07] [  116.292928] CPU5: SError detected, daif=1c0, spsr=0x800000c5, mpidr=80000103, esr=bf40c000
[2022-03-13 13:30:07] [  116.292931] CPU0: SError detected, daif=1c0, spsr=0x80000000, mpidr=80000100, esr=bf40c000
[2022-03-13 13:30:07] [  116.292932] **************************************
[2022-03-13 13:30:07] [  116.292936] A57 CPU Memory Error on CPU 3 (A57 Core 1)
[2022-03-13 13:30:07] [  116.292937] 	ESR:               0xbf40c000
[2022-03-13 13:30:07] [  116.292940] 	CPUMERRSR: 0x89003000
[2022-03-13 13:30:07] [  116.292942] 	Data L1 Data RAM: 0x9
[2022-03-13 13:30:07] [  116.292943] 	Bank/Way of Error:  0x0
[2022-03-13 13:30:07] [  116.292944] 	Index of Error:     0x3000
[2022-03-13 13:30:07] [  116.292945] 	Repeat Error Count: 0
[2022-03-13 13:30:07] [  116.292946] 	Other Error Count:  0
[2022-03-13 13:30:07] [  116.292947] 	L2MERRSR: 0xf009101aed8
[2022-03-13 13:30:07] [  116.292948] 	L2 Data RAM: 0x11
[2022-03-13 13:30:07] [  116.292949] 	CPU ID of Error:    0
[2022-03-13 13:30:07] [  116.292950] 	WAY of Error:       0
[2022-03-13 13:30:07] [  116.292951] 	Index of Error:     110296
[2022-03-13 13:30:07] [  116.292952] 	Repeat Error Count: 0
[2022-03-13 13:30:07] [  116.292952] 	Other Error Count:  15
[2022-03-13 13:30:07] [  116.292953] **************************************
[2022-03-13 13:30:07] [  116.294799] ROC:CCE Machine Check Error:
[2022-03-13 13:30:07] [  116.294803] 	Address Type = Non-Secure DRAM
[2022-03-13 13:30:07] [  116.294829] 	Address = 0x22a662700 -- System RAM + 0x13a462700
[2022-03-13 13:30:07] [  116.295028] Bad mode in Error handler detected on CPU3, code 0xbf40c000 -- SError
[2022-03-13 13:30:07] [  116.295030] Kernel panic - not syncing: bad mode
[2022-03-13 13:30:07] [  116.295033] CPU: 3 PID: 0 Comm: swapper/3 Not tainted 4.9.253-tegra #1
[2022-03-13 13:30:07] [  116.295035] Hardware name: quill (DT)
[2022-03-13 13:30:07] [  116.295036] Call trace:
[2022-03-13 13:30:07] [  116.295044] [<ffffff800808ba40>] dump_backtrace+0x0/0x198
[2022-03-13 13:30:07] [  116.295047] [<ffffff800808c004>] show_stack+0x24/0x30
[2022-03-13 13:30:07] [  116.295052] [<ffffff8008f6121c>] dump_stack+0xa0/0xc4
[2022-03-13 13:30:07] [  116.295055] [<ffffff8008f5e2c0>] panic+0x12c/0x2a8
[2022-03-13 13:30:07] [  116.295057] [<ffffff800808c894>] bad_mode+0x7c/0x80
[2022-03-13 13:30:07] [  116.295059] [<ffffff800808ca5c>] handle_serr+0x124/0x128
[2022-03-13 13:30:07] [  116.295061] [<ffffff8008082d98>] el1_serr+0xb0/0x144
[2022-03-13 13:30:07] [  116.295066] [<ffffff8008ba09ac>] cpuidle_enter_state+0x84/0x380
[2022-03-13 13:30:07] [  116.295068] [<ffffff8008ba0d1c>] cpuidle_enter+0x34/0x48
[2022-03-13 13:30:07] [  116.295071] [<ffffff800811139c>] call_cpuidle+0x44/0x70
[2022-03-13 13:30:07] [  116.295073] [<ffffff8008111718>] cpu_startup_entry+0x1b0/0x200
[2022-03-13 13:30:07] [  116.295076] [<ffffff8008091cf8>] secondary_start_kernel+0x190/0x1f8
[2022-03-13 13:30:07] [  116.295078] [<000000008116e1a8>] 0x8116e1a8
[2022-03-13 13:30:07] [  116.295082] SMP: stopping secondary CPUs
[2022-03-13 13:30:07] [  116.500396] Kernel Offset: disabled
[2022-03-13 13:30:07] [  116.503878] Memory Limit: none
[2022-03-13 13:30:07] [  116.506926] trusty-log panic notifier - trusty version Built: 12:20:14 Jul 26 2021 [  116.519423] Rebooting in 5 seconds..
[2022-03-13 13:30:13] [0000.162] I> Welcome to MB2(TBoot-BPMP)(version: 01.00.160913-t186-M-00.00-mobile-c368a720)
[2022-03-13 13:30:13] [0000.171] I> Boot-device: eMMC
[2022-03-13 13:30:13] [0000.178] I> sdmmc bdev is already initialized
[2022-03-13 13:30:13] [0000.183] I> pmic: reset reason (nverc)	: 0x0
[2022-03-13 13:30:13] [0000.216] I> Found 19 partitions in SDMMC_BOOT (instance 3)
[2022-03-13 13:30:13] [0000.236] I> Found 33 partitions in SDMMC_USER (instance 3)
[2022-03-13 13:30:13] [0000.242] W> No valid slot number is found in scratch register
[2022-03-13 13:30:13] [0000.247] W> Return default slot: _a
[2022-03-13 13:30:13] [0000.251] I> A/B: bin_type (16) slot 0
[2022-03-13 13:30:13] [0000.254] I> Loading partition bpmp-fw at 0xd7800000
[2022-03-13 13:30:13] [0000.259] I> Reading two headers - addr:0xd7800000 blocks:1
[2022-03-13 13:30:13] [0000.265] I> Addr: 0xd7800000, start-block: 58777608, num_blocks: 1
[2022-03-13 13:30:13] [0000.289] I> Binary(16) of size 534416 is loaded @ 0xd7800000
[2022-03-13 13:30:13] [0000.295] W> No valid slot number is found in scratch register
[2022-03-13 13:30:13] [0000.301] W> Return default slot: _a
[2022-03-13 13:30:13] [0000.304] I> A/B: bin_type (17) slot 0
[2022-03-13 13:30:13] [0000.308] I> Loading partition bpmp-fw-dtb at 0xd79f0000
[2022-03-13 13:30:13] [0000.313] I> Reading two headers - addr:0xd79f0000 blocks:1
[2022-03-13 13:30:13] [0000.319] I> Addr: 0xd79f0000, start-block: 58780024, num_blocks: 1
[2022-03-13 13:30:13] [0000.344] I> Binary(17) of size 604720 is loaded @ 0xd796c400
[2022-03-13 13:30:13] [0000.574] I> Loading SCE-FW ...
[2022-03-13 13:30:13] [0000.577] W> No valid slot number is found in scratch register
[2022-03-13 13:30:13] [0000.583] W> Return default slot: _a
[2022-03-13 13:30:13] [0000.586] I> A/B: bin_type (12) slot 0
[2022-03-13 13:30:13] [0000.590] I> Loading partition sce-fw at 0xd7300000
[2022-03-13 13:30:13] [0000.595] I> Reading two headers - addr:0xd7300000 blocks:1
[2022-03-13 13:30:13] [0000.600] I> Addr: 0xd7300000, start-block: 58784120, num_blocks: 1
[2022-03-13 13:30:13] [0000.619] I> Binary(12) of size 125632 is loaded @ 0xd7300000
[2022-03-13 13:30:13] [0000.625] I> Init SCE
[2022-03-13 13:30:13] [0000.627] I> Loading APE-FW ...
[2022-03-13 13:30:13] [0000.630] W> No valid slot number is found in scratch register
[2022-03-13 13:30:13] [0000.636] W> Return default slot: _a
[2022-03-13 13:30:13] [0000.639] I> A/B: bin_type (11) slot 0
[2022-03-13 13:30:13] [0000.643] I> Loading partition adsp-fw at 0xd7400000
[2022-03-13 13:30:13] [0000.648] I> Reading two headers - addr:0xd7400000 blocks:1
[2022-03-13 13:30:13] [0000.653] I> Addr: 0xd7400000, start-block: 58761224, num_blocks: 1
[2022-03-13 13:30:13] [0000.672] I> Binary(11) of size 77216 is loaded @ 0xd7400000
[2022-03-13 13:30:13] [0000.678] I> Copy BTCM section
[2022-03-13 13:30:13] [0000.681] W> No valid slot number is found in scratch register
[2022-03-13 13:30:13] [0000.687] W> Return default slot: _a
[2022-03-13 13:30:13] [0000.690] I> A/B: bin_type (13) slot 0
[2022-03-13 13:30:13] [0000.694] I> Loading partition cpu-bootloader at 0x96000000
[2022-03-13 13:30:13] [0000.699] I> Reading two headers - addr:0x96000000 blocks:1
[2022-03-13 13:30:13] [0000.705] I> Addr: 0x96000000, start-block: 58740744, num_blocks: 1
[2022-03-13 13:30:13] [0000.726] I> Binary(13) of size 308800 is loaded @ 0x96000000
[2022-03-13 13:30:13] [0000.731] W> No valid slot number is found in scratch register
[2022-03-13 13:30:13] [0000.737] W> Return default slot: _a
[2022-03-13 13:30:13] [0000.740] I> A/B: bin_type (20) slot 0
[2022-03-13 13:30:13] [0000.744] I> Loading partition bootloader-dtb at 0x85205400
[2022-03-13 13:30:13] [0000.749] I> Reading two headers - addr:0x85205400 blocks:1
[2022-03-13 13:30:13] [0000.755] I> Addr: 0x85205400, start-block: 58742792, num_blocks: 1
[2022-03-13 13:30:13] [0000.777] I> Binary(20) of size 375568 is loaded @ 0x85205400
[2022-03-13 13:30:13] [0000.782] W> No valid slot number is found in scratch register
[2022-03-13 13:30:13] [0000.788] W> Return default slot: _a
[2022-03-13 13:30:13] [0000.792] I> A/B: bin_type (14) slot 0
[2022-03-13 13:30:13] [0000.795] I> Loading partition secure-os at 0x85305600
[2022-03-13 13:30:13] [0000.800] I> Reading two headers - addr:0x85305600 blocks:1
[2022-03-13 13:30:13] [0000.806] I> Addr: 0x85305600, start-block: 58744840, num_blocks: 1
[2022-03-13 13:30:13] [0000.828] I> Binary(14) of size 402864 is loaded @ 0x85305600
[2022-03-13 13:30:13] [0000.835] I> TOS boot-params @ 0x85000000
[2022-03-13 13:30:13] [0000.839] I> TOS params prepared
[2022-03-13 13:30:13] [0000.842] I> Loading EKS ...
[2022-03-13 13:30:13] [0000.845] I> A/B: bin_type (15) slot 0
[2022-03-13 13:30:13] [0000.849] I> Loading partition eks at 0x85905800
[2022-03-13 13:30:13] [0000.853] I> Reading two headers - addr:0x85905800 blocks:1
[2022-03-13 13:30:13] [0000.859] I> Addr: 0x85905800, start-block: 58757128, num_blocks: 1
[2022-03-13 13:30:13] [0000.878] I> Binary(15) of size 1040 is loaded @ 0x85905800
[2022-03-13 13:30:13] [0000.883] I> EKB detected (length: 0x400) @ 0x85905800
[2022-03-13 13:30:13] [0000.888] I> Copied encrypted keys
[2022-03-13 13:30:13] [0000.892] I> boot profiler @ 0x275844000
[2022-03-13 13:30:13] [0000.896] I> boot profiler for TOS @ 0x275844000
[2022-03-13 13:30:13] [0000.900] I> Unhalting SCE
[2022-03-13 13:30:13] [0000.903] I> Primary Memory Start:80000000 Size:70000000
[2022-03-13 13:30:13] [0000.908] I> Extended Memory Start:f0110000 Size:1856f0000
[2022-03-13 13:30:13] [0000.915] I> MB2(TBoot-BPMP) done
[2022-03-13 13:30:13] 
[2022-03-13 13:30:13] NOTICE:  BL31: v1.3(release):b5eeb33f7
[2022-03-13 13:30:13] NOTICE:  BL31: Built : 12:15:17, Jul 26 2021
[2022-03-13 13:30:13] ipc-unittest-main: 1519: Welcome to IPC unittest!!!
[2022-03-13 13:30:13] ipc-unittest-main: 1531: waiting forever
[2022-03-13 13:30:13] ipc-unittest-srv: 329: Init unittest services!!!
[2022-03-13 13:30:13] hwkey-agent: 41: hwkey-agent is running!!
[2022-03-13 13:30:13] hwkey-agent: 315: key_mgnt_processing .......
[2022-03-13 13:30:13] hwkey-agent: 223: Setting EKB key 0 to slot 14
[2022-03-13 13:30:13] hwkey-agent: 178: Init hweky-agent services!!
[2022-03-13 13:30:13] luks-srv: 40: luks-srv is running!!
[2022-03-13 13:30:13] luks-srv: 157: Init luks-srv IPC services!!
[2022-03-13 13:30:13] platform_bootstrap_epilog: trusty bootstrap complete
[2022-03-13 13:30:14] [0001.288] I> Welcome to Cboot
[2022-03-13 13:30:14] [0001.290] I> Cboot Version: t186-00029e71
[2022-03-13 13:30:14] [0001.294] I> CPU-BL Params @ 0x275800000
[2022-03-13 13:30:14] [0001.298] I>  0) Base:0x00000000 Size:0x00000000
[2022-03-13 13:30:14] [0001.302] I>  1) Base:0x277f00000 Size:0x00100000
[2022-03-13 13:30:14] [0001.307] I>  2) Base:0x277e00000 Size:0x00100000
[2022-03-13 13:30:14] [0001.311] I>  3) Base:0x277d00000 Size:0x00100000
[2022-03-13 13:30:14] [0001.316] I>[0000.289] I> Welcome to MB2(TBoot-BPMP)(version: 01.00.160913-t186-M-00.00-mobile-c368a720)
[2022-03-13 13:30:17] [0000.297] I> Boot-device: eMMC
[2022-03-13 13:30:17] [0000.305] I> sdmmc bdev is already initialized
[2022-03-13 13:30:17] [0000.309] I> pmic: reset reason (nverc)	: 0x80
[2022-03-13 13:30:17] [0000.342] I> Found 19 partitions in SDMMC_BOOT (instance 3)
[2022-03-13 13:30:17] [0000.362] I> Found 33 partitions in SDMMC_USER (instance 3)
[2022-03-13 13:30:17] [0000.368] W> No valid slot number is found in scratch register
[2022-03-13 13:30:17] [0000.374] W> Return default slot: _a
[2022-03-13 13:30:17] [0000.377] I> A/B: bin_type (16) slot 0
[2022-03-13 13:30:17] [0000.381] I> Loading partition bpmp-fw at 0xd7800000
[2022-03-13 13:30:17] [0000.386] I> Reading two headers - addr:0xd7800000 blocks:1
[2022-03-13 13:30:17] [0000.391] I> Addr: 0xd7800000, start-block: 58777608, num_blocks: 1
[2022-03-13 13:30:17] [0000.416] I> Binary(16) of size 534416 is loaded @ 0xd7800000
[2022-03-13 13:30:17] [0000.422] W> No valid slot number is found in scratch register
[2022-03-13 13:30:17] [0000.427] W> Return default slot: _a
[2022-03-13 13:30:17] [0000.431] I> A/B: bin_type (17) slot 0
[2022-03-13 13:30:17] [0000.435] I> Loading partition bpmp-fw-dtb at 0xd79f0000
[2022-03-13 13:30:17] [0000.440] I> Reading two headers - addr:0xd79f0000 blocks:1
[2022-03-13 13:30:17] [0000.445] I> Addr: 0xd79f0000, start-block: 58780024, num_blocks: 1
[2022-03-13 13:30:17] [0000.471] I> Binary(17) of size 604720 is loaded @ 0xd796c400
[2022-03-13 13:30:18] [0000.701] I> Loading SCE-FW ...
[2022-03-13 13:30:18] [0000.704] W> No valid slot number is found in scratch register
[2022-03-13 13:30:18] [0000.709] W> Return default slot: _a
[2022-03-13 13:30:18] [0000.713] I> A/B: bin_type (12) slot 0
[2022-03-13 13:30:18] [0000.716] I> Loading partition sce-fw at 0xd7300000
[2022-03-13 13:30:18] [0000.721] I> Reading two headers - addr:0xd7300000 blocks:1
[2022-03-13 13:30:18] [0000.727] I> Addr: 0xd7300000, start-block: 58784120, num_blocks: 1
[2022-03-13 13:30:18] [0000.746] I> Binary(12) of size 125632 is loaded @ 0xd7300000
[2022-03-13 13:30:18] [0000.752] I> Init SCE
[2022-03-13 13:30:18] [0000.754] I> Loading APE-FW ...
[2022-03-13 13:30:18] [0000.757] W> No valid slot number is found in scratch register
[2022-03-13 13:30:18] [0000.763] W> Return default slot: _a
[2022-03-13 13:30:18] [0000.766] I> A/B: bin_type (11) slot 0
[2022-03-13 13:30:18] [0000.770] I> Loading partition adsp-fw at 0xd7400000
[2022-03-13 13:30:18] [0000.774] I> Reading two headers - addr:0xd7400000 blocks:1
[2022-03-13 13:30:18] [0000.780] I> Addr: 0xd7400000, start-block: 58761224, num_blocks: 1
[2022-03-13 13:30:18] [0000.799] I> Binary(11) of size 77216 is loaded @ 0xd7400000
[2022-03-13 13:30:18] [0000.805] I> Copy BTCM section
[2022-03-13 13:30:18] [0000.808] W> No valid slot number is found in scratch register
[2022-03-13 13:30:18] [0000.813] W> Return default slot: _a
[2022-03-13 13:30:18] [0000.817] I> A/B: bin_type (13) slot 0
[2022-03-13 13:30:18] [0000.820] I> Loading partition cpu-bootloader at 0x96000000
[2022-03-13 13:30:18] [0000.826] I> Reading two headers - addr:0x96000000 blocks:1
[2022-03-13 13:30:18] [0000.831] I> Addr: 0x96000000, start-block: 58740744, num_blocks: 1
[2022-03-13 13:30:18] [0000.852] I> Binary(13) of size 308800 is loaded @ 0x96000000
[2022-03-13 13:30:18] [0000.858] W> No valid slot number is found in scratch register
[2022-03-13 13:30:18] [0000.864] W> Return default slot: _a
[2022-03-13 13:30:18] [0000.867] I> A/B: bin_type (20) slot 0
[2022-03-13 13:30:18] [0000.871] I> Loading partition bootloader-dtb at 0x85205400
[2022-03-13 13:30:18] [0000.876] I> Reading two headers - addr:0x85205400 blocks:1
[2022-03-13 13:30:18] [0000.882] I> Addr: 0x85205400, start-block: 58742792, num_blocks: 1
[2022-03-13 13:30:18] [0000.903] I> Binary(20) of size 375568 is loaded @ 0x85205400
[2022-03-13 13:30:18] [0000.909] W> No valid slot number is found in scratch register
[2022-03-13 13:30:18] [0000.915] W> Return default slot: _a
[2022-03-13 13:30:18] [0000.918] I> A/B: bin_type (14) slot 0
[2022-03-13 13:30:18] [0000.922] I> Loading partition secure-os at 0x85305600
[2022-03-13 13:30:18] [0000.927] I> Reading two headers - addr:0x85305600 blocks:1
[2022-03-13 13:30:18] [0000.932] I> Addr: 0x85305600, start-block: 58744840, num_blocks: 1
[2022-03-13 13:30:18] [0000.954] I> Binary(14) of size 402864 is loaded @ 0x85305600
[2022-03-13 13:30:18] [0000.962] I> TOS boot-params @ 0x85000000
[2022-03-13 13:30:18] [0000.966] I> TOS params prepared
[2022-03-13 13:30:18] [0000.969] I> Loading EKS ...
[2022-03-13 13:30:18] [0000.972] I> A/B: bin_type (15) slot 0
[2022-03-13 13:30:18] [0000.975] I> Loading partition eks at 0x85905800
[2022-03-13 13:30:18] [0000.980] I> Reading two headers - addr:0x85905800 blocks:1
[2022-03-13 13:30:18] [0000.985] I> Addr: 0x85905800, start-block: 58757128, num_blocks: 1
[2022-03-13 13:30:18] [0001.004] I> Binary(15) of size 1040 is loaded @ 0x85905800
[2022-03-13 13:30:18] [0001.010] I> EKB detected (length: 0x400) @ 0x85905800
[2022-03-13 13:30:18] [0001.015] I> Copied encrypted keys
[2022-03-13 13:30:18] [0001.018] I> boot profiler @ 0x275844000
[2022-03-13 13:30:18] [0001.022] I> boot profiler for TOS @ 0x275844000
[2022-03-13 13:30:18] [0001.027] I> Unhalting SCE
[2022-03-13 13:30:18] [0001.030] I> Primary Memory Start:80000000 Size:70000000
[2022-03-13 13:30:18] [0001.035] I> Extended Memory Start:f0110000 Size:1856f0000
[2022-03-13 13:30:18] [0001.042] I> MB2(TBoot-BPMP) done
[2022-03-13 13:30:18] 
[2022-03-13 13:30:18] NOTICE:  BL31: v1.3(release):b5eeb33f7
[2022-03-13 13:30:18] NOTICE:  BL31: Built : 12:15:17, Jul 26 2021
[2022-03-13 13:30:18] ipc-unittest-main: 1519: Welcome to IPC unittest!!!
[2022-03-13 13:30:18] ipc-unittest-main: 1531: waiting forever
[2022-03-13 13:30:18] ipc-unittest-srv: 329: Init unittest services!!!
[2022-03-13 13:30:18] hwkey-agent: 41: hwkey-agent is running!!
[2022-03-13 13:30:18] hwkey-agent: 315: key_mgnt_processing .......
[2022-03-13 13:30:18] hwkey-agent: 223: Setting EKB key 0 to slot 14
[2022-03-13 13:30:18] hwkey-agent: 178: Init hweky-agent services!!
[2022-03-13 13:30:18] luks-srv: 40: luks-srv is running!!
[2022-03-13 13:30:18] luks-srv: 157: Init luks-srv IPC services!!
[2022-03-13 13:30:18] platform_bootstrap_epilog: trusty bootstrap complete
[2022-03-13 13:30:18] [0001.414] I> Welcome to Cboot
[2022-03-13 13:30:18] [0001.417] I> Cboot Version: t186-00029e71
[2022-03-13 13:30:18] [0001.421] I> CPU-BL Params @ 0x275800000
[2022-03-13 13:30:18] [0001.424] I>  0) Base:0x00000000 Size:0x00000000
[2022-03-13 13:30:18] [0001.429] I>  1) Base:0x277f00000 Size:0x00100000
[2022-03-13 13:30:18] [0001.433] I>  2) Base:0x277e00000 Size:0x00100000
[2022-03-13 13:30:18] [0001.438] I>  3) Base:0x277d00000 Size:0x00100000
[2022-03-13 13:30:18] [0001.442] I>  4) Base:0x277c00000 Size:0x00100000
[2022-03-13 13:30:18] [0001.447] I>  5) Base:0x277b00000 Size:0x00100000
[2022-03-13 13:30:18] [0001.451] I>  6) Base:0x277800000 Size:0x00200000
[2022-03-13 13:30:18] [0001.456] I>  7) Base:0x277400000 Size:0x00400000
[2022-03-13 13:30:18] [0001.460] I>  8) Base:0x277a00000 Size:0x00100000
[2022-03-13 13:30:18] [0001.465] I>  9) Base:0x277300000 Size:0x00100000
[2022-03-13 13:30:18] [0001.470] I> 10) Base:0x276800000 Size:0x00800000
[2022-03-13 13:30:18] [0001.474] I> 11) Base:0x30000000 Size:0x00040000
[2022-03-13 13:30:18] [0001.478] I> 12) Base:0xf0000000 Size:0x00100000
[2022-03-13 13:30:18] [0001.483] I> 13) Base:0x30040000 Size:0x00001000
[2022-03-13 13:30:18] [0001.487] I> 14) Base:0x30048000 Size:0x00001000
[2022-03-13 13:30:18] [0001.492] I> 15) Base:0x30049000 Size:0x00001000
[2022-03-13 13:30:18] [0001.496] I> 16) Base:0x3004a000 Size:0x00001000
[2022-03-13 13:30:18] [0001.501] I> 17) Base:0x3004b000 Size:0x00001000
[2022-03-13 13:30:18] [0001.505] I> 18) Base:0x3004c000 Size:0x00001000
[2022-03-13 13:30:18] [0001.509] I> 19) Base:0x3004d000 Size:0x00001000
[2022-03-13 13:30:18] [0001.514] I> 20) Base:0x3004e000 Size:0x00001000
[2022-03-13 13:30:18] [0001.518] I> 21) Base:0x3004f000 Size:0x00001000
[2022-03-13 13:30:18] [0001.523] I> 22) Base:0x00000000 Size:0x00000000
[2022-03-13 13:30:18] [0001.527] I> 23) Base:0xf0100000 Size:0x00010000
[2022-03-13 13:30:18] [0001.532] I> 24) Base:0x00000000 Size:0x00000000
[2022-03-13 13:30:18] [0001.536] I> 25) Base:0x00000000 Size:0x00000000
[2022-03-13 13:30:18] [0001.541] I> 26) Base:0x00000000 Size:0x00000000
[2022-03-13 13:30:18] [0001.545] I> 27) Base:0x00000000 Size:0x00000000
[2022-03-13 13:30:18] [0001.549] I> 28) Base:0x84400000 Size:0x00400000
[2022-03-13 13:30:18] [0001.554] I> 29) Base:0x30000000 Size:0x00010000
[2022-03-13 13:30:18] [0001.558] I> 30) Base:0x278000000 Size:0x08000000
[2022-03-13 13:30:18] [0001.563] I> 31) Base:0x00000000 Size:0x00000000
[2022-03-13 13:30:18] [0001.567] I> 32) Base:0x276000000 Size:0x00600000
[2022-03-13 13:30:18] [0001.572] I> 33) Base:0x80000000 Size:0x70000000
[2022-03-13 13:30:18] [0001.576] I> 34) Base:0xf0110000 Size:0x1856f0000
[2022-03-13 13:30:18] [0001.581] I> 35) Base:0x00000000 Size:0x00000000
[2022-03-13 13:30:18] [0001.585] I> 36) Base:0x00000000 Size:0x00000000
[2022-03-13 13:30:18] [0001.590] I> 37) Base:0x2772e0000 Size:0x00020000
[2022-03-13 13:30:18] [0001.594] I> 38) Base:0x84000000 Size:0x00400000
[2022-03-13 13:30:18] [0001.598] I> 39) Base:0x96000000 Size:0x02000000
[2022-03-13 13:30:18] [0001.603] I> 40) Base:0x85000000 Size:0x01200000
[2022-03-13 13:30:18] [0001.607] I> 41) Base:0x275800000 Size:0x00500000
[2022-03-13 13:30:18] [0001.612] I> 42) Base:0x00000000 Size:0x00000000
[2022-03-13 13:30:18] [0001.616] I> 43) Base:0x00000000 Size:0x00000000
[2022-03-13 13:30:18] [0001.621] GIC-SPI Target CPU: 4
[2022-03-13 13:30:18] [0001.624] Interrupts Init done
[2022-03-13 13:30:18] [0001.627] calling constructors
[2022-03-13 13:30:18] [0001.630] initializing heap
[2022-03-13 13:30:18] [0001.633] initializing threads
[2022-03-13 13:30:18] [0001.636] initializing timers
[2022-03-13 13:30:18] [0001.639] creating bootstrap completion thread
[2022-03-13 13:30:18] [0001.644] top of bootstrap2()
[2022-03-13 13:30:18] [0001.647] CPU: ARM Cortex A57
[2022-03-13 13:30:18] [0001.650] CPU: MIDR: 0x411FD073, MPIDR: 0x80000100
[2022-03-13 13:30:18] [0001.655] initializing platform
[2022-03-13 13:30:18] [0001.659] I> Bl_dtb @0x85205400
[2022-03-13 13:30:18] [0001.662] I> gpio framework initialized
[2022-03-13 13:30:18] [0001.668] I> tegrabl_gpio_driver_register: register 'nvidia,tegra186-gpio' driver
[2022-03-13 13:30:18] [0001.678] I> tegrabl_gpio_driver_register: register 'nvidia,tegra186-gpio-aon' driver
[2022-03-13 13:30:18] [0001.686] I> GPIO framework and drivers are initialized.
[2022-03-13 13:30:18] [0001.691] I> Boot-device: eMMC
[2022-03-13 13:30:18] [0001.698] I> sdmmc bdev is already initialized
[2022-03-13 13:30:19] [0001.729] I> Found 19 partitions in SDMMC_BOOT (instance 3)
[2022-03-13 13:30:19] [0001.747] I> Found 33 partitions in SDMMC_USER (instance 3)
[2022-03-13 13:30:19] [0001.752] W> opt-in fuse is not set, skip fuse_burning
[2022-03-13 13:30:19] [0001.757] I> Reserved memory at 0xfbe00000 for U-Boot relocation
[2022-03-13 13:30:19] [0001.763] W> No valid slot number is found in scratch register
[2022-03-13 13:30:19] [0001.768] W> Return default slot: _a
[2022-03-13 13:30:19] [0001.778] I> A/B: bin_type (21) slot 0
[2022-03-13 13:30:19] [0001.781] I> Loading kernel-dtb from partition
[2022-03-13 13:30:19] [0001.786] I> Loading partition kernel-dtb at 0x80000000 from device(0x1)
[2022-03-13 13:30:19] [0001.803] I> Kernel_dtb @0x80000000
[2022-03-13 13:30:19] [0001.806] I> tegrabl_tca9539_init: i2c bus: 0, slave addr: 0xee
[2022-03-13 13:30:19] [0001.817] I> tegrabl_gpio_driver_register: register 'tca9539_gpio_driver' driver
[2022-03-13 13:30:19] [0001.824] I> tegrabl_tca9539_init: i2c bus: 0, slave addr: 0xe8
[2022-03-13 13:30:19] [0001.833] I> tegrabl_gpio_driver_register: register 'tca9539_gpio_driver' driver
[2022-03-13 13:30:19] [0001.843] I> fixed regulator driver initialized
[2022-03-13 13:30:19] [0001.876] I> register 'maxim' power off handle
[2022-03-13 13:30:19] [0001.883] I> virtual i2c enabled
[2022-03-13 13:30:19] [0001.886] I> registered 'maxim,max77620' pmic
[2022-03-13 13:30:19] [0001.890] I> tegrabl_gpio_driver_register: register 'max77620-gpio' driver
[2022-03-13 13:30:19] [0001.904] E> failed to read label property for node 324936: 13
[2022-03-13 13:30:19] [0001.912] E> failed to read reg property for node 325032: 13
[2022-03-13 13:30:19] [0001.921] E> failed to read reg property for node 325084: 13
[2022-03-13 13:30:19] [0001.929] E> failed to read label property for node 325168: 13
[2022-03-13 13:30:19] [0001.937] E> failed to read label property for node 325236: 13
[2022-03-13 13:30:19] [0001.946] E> failed to read reg property for node 325304: 13
[2022-03-13 13:30:19] [0001.954] E> failed to read reg property for node 325376: 13
[2022-03-13 13:30:19] [0001.964] I> Find /i2c@c250000's alias i2c7
[2022-03-13 13:30:19] [0001.968] I> Reading eeprom i2c=7 address=0x50
[2022-03-13 13:30:19] [0001.998] I> Device at /i2c@c250000:0x50
[2022-03-13 13:30:19] [0002.001] I> Reading eeprom i2c=7 address=0x57
[2022-03-13 13:30:19] [0002.030] I> Device at /i2c@c250000:0x57
[2022-03-13 13:30:19] [0002.034] I> Find /i2c@c240000's alias i2c1
[2022-03-13 13:30:19] [0002.038] I> Reading eeprom i2c=1 address=0x51
[2022-03-13 13:30:19] [0002.044] E> I2C: slave not found in slaves.
[2022-03-13 13:30:19] [0002.048] E> I2C: Could not write 0 bytes to slave: 0x00a2 with repeat start true.
[2022-03-13 13:30:19] [0002.055] E> I2C_DEV: Failed to send register address 0x00000000.
[2022-03-13 13:30:19] [0002.061] E> I2C_DEV: Could not read 256 registers of size 1 from slave 0xa2 at 0x00000000 via instance 1.
[2022-03-13 13:30:19] [0002.071] E> eeprom: Retry to read I2C slave device.
[2022-03-13 13:30:19] [0002.076] E> I2C: slave not found in slaves.
[2022-03-13 13:30:19] [0002.080] E> I2C: Could not write 0 bytes to slave: 0x00a2 with repeat start true.
[2022-03-13 13:30:19] [0002.087] E> I2C_DEV: Failed to send register address 0x00000000.
[2022-03-13 13:30:19] [0002.093] E> I2C_DEV: Could not read 256 registers of size 1 from slave 0xa2 at 0x00000000 via instance 1.
[2022-03-13 13:30:19] [0002.103] E> eeprom: Failed to read I2C slave device
[2022-03-13 13:30:19] [0002.108] I> Eeprom read failed 0x3526070d
[2022-03-13 13:30:19] [0002.112] I> Find /i2c@3160000's alias i2c0
[2022-03-13 13:30:19] [0002.116] I> Reading eeprom i2c=0 address=0x50
[2022-03-13 13:30:19] [0002.120] E> I2C: slave not found in slaves.
[2022-03-13 13:30:19] [0002.125] E> I2C: Could not write 0 bytes to slave: 0x00a0 with repeat start true.
[2022-03-13 13:30:19] [0002.132] E> I2C_DEV: Failed to send register address 0x00000000.
[2022-03-13 13:30:19] [0002.138] E> I2C_DEV: Could not read 256 registers of size 1 from slave 0xa0 at 0x00000000 via instance 0.
[2022-03-13 13:30:19] [0002.148] E> eeprom: Failed to read I2C slave device
[2022-03-13 13:30:19] [0002.152] I> Eeprom read failed 0x3526070d
[2022-03-13 13:30:19] [0002.157] I> Find /i2c@3180000's alias i2c2
[2022-03-13 13:30:19] [0002.161] I> Reading eeprom i2c=2 address=0x54
[2022-03-13 13:30:19] [0002.165] I> Enabling gpio chip_id = 2, gpio pin = 9
[2022-03-13 13:30:19] [0002.196] I> Disabling gpio chip_id = 2, gpio pin = 9
[2022-03-13 13:30:19] [0002.201] I> Device at /i2c@3180000:0x54
[2022-03-13 13:30:19] [0002.205] I> Reading eeprom i2c=2 address=0x57
[2022-03-13 13:30:19] [0002.209] I> Enabling gpio chip_id = 2, gpio pin = 9
[2022-03-13 13:30:19] [0002.215] E> I2C: slave not found in slaves.
[2022-03-13 13:30:19] [0002.219] E> I2C: Could not write 0 bytes to slave: 0x00ae with repeat start true.
[2022-03-13 13:30:19] [0002.227] E> I2C_DEV: Failed to send register address 0x00000000.
[2022-03-13 13:30:19] [0002.233] E> I2C_DEV: Could not read 256 registers of size 1 from slave 0xae at 0x00000000 via instance 2.
[2022-03-13 13:30:19] [0002.242] E> eeprom: Failed to read I2C slave device
[2022-03-13 13:30:19] [0002.247] I> Disabling gpio chip_id = 2, gpio pin = 9
[2022-03-13 13:30:19] [0002.252] I> Eeprom read failed 0x00000000
[2022-03-13 13:30:19] [0002.256] I> create_pm_ids: id: 3310-1000-D00-L, len: 15
[2022-03-13 13:30:19] [0002.261] I> config: mem-type:00,power-config:00,misc-config:00,modem-config:00,touch-config:00,display-config:00,, len: 93
[2022-03-13 13:30:19] [0002.272] I> create_pm_ids: id: 2597-0000-900-E, len: 15
[2022-03-13 13:30:19] [0002.277] I> config: mem-type:00,power-config:00,misc-config:00,modem-config:00,touch-config:00,display-config:00,, len: 93
[2022-03-13 13:30:19] [0002.288] I> create_pm_ids: id: 3326-1000-000-M, len: 15
[2022-03-13 13:30:19] [0002.293] I> config: mem-type:ff,power-config:ff,misc-config:ff,modem-config:ff,touch-config:ff,display-config:ff,, len: 93
[2022-03-13 13:30:19] [0002.328] I> enabling 'vdd-hdmi' regulator
[2022-03-13 13:30:19] [0002.344] I> regulator 'vdd-hdmi' already enabled
[2022-03-13 13:30:19] [0002.348] E> tegrabl_display_init_regulator: hdmi cable is not connected
[2022-03-13 13:30:19] [0002.355] E> tegrabl_display_get_pdata, failed to parse dtb settings
[2022-03-13 13:30:19] [0002.364] E> cannot find any other nvdisp nodes
[2022-03-13 13:30:19] [0002.368] E> no valid display unit config found in dtb
[2022-03-13 13:30:19] [0002.374] W> display init failed
[2022-03-13 13:30:19] [0002.377] initializing target
[2022-03-13 13:30:19] [0002.380] calling apps_init()
[2022-03-13 13:30:19] [0002.383] starting app kernel_boot_app
[2022-03-13 13:30:19] [0002.406] I> found decompressor handler: lz4-legacy
[2022-03-13 13:30:19] [0002.410] I> decompressing BMP blob ...
[2022-03-13 13:30:19] [0002.423] I> Kernel type = Normal
[2022-03-13 13:30:19] [0002.426] I> ########## Fixed storage boot ##########
[2022-03-13 13:30:19] [0002.431] I> Loading kernel-bootctrl from partition
[2022-03-13 13:30:19] [0002.435] I> Loading partition kernel-bootctrl at 0xa8000000 from device(0x1)
[2022-03-13 13:30:19] [0002.450] W> tegrabl_get_kernel_bootctrl: magic number(0x00000000) is invalid
[2022-03-13 13:30:19] [0002.457] W> tegrabl_get_kernel_bootctrl: use default dummy boot control data
[2022-03-13 13:30:19] [0002.464] W> No valid slot number is found in scratch register
[2022-03-13 13:30:19] [0002.470] W> Return default slot: _a
[2022-03-13 13:30:19] [0002.473] I> A/B: bin_type (24) slot 0
[2022-03-13 13:30:19] [0002.489] I> Boot image size read from image header: 9913d
[2022-03-13 13:30:19] [0002.494] I> Boot image load address: 0x80400000
[2022-03-13 13:30:19] [0002.498] I> Loading kernel from partition
[2022-03-13 13:30:19] [0002.502] I> Loading partition kernel at 0x80400000 from device(0x1)
[2022-03-13 13:30:20] [0003.446] I> Validate kernel ...
[2022-03-13 13:30:20] [0003.449] I> T18x: Authenticate kernel (bin_type 24), max size 0x4000000
[2022-03-13 13:30:20] [0003.457] I> Decrypt the buffer ... [0003.460] W> tegrabl_decrypt_block: fuse (0x0) is not burnt to do encryption (0x4); skip decryption.
[2022-03-13 13:30:20] [0003.469] I> done
[2022-03-13 13:30:20] [0003.471] I> Checking boot.img header magic ... [0003.475] I> [OK]
[2022-03-13 13:30:20] [0003.477] I> kernel-dtb is already loaded
[2022-03-13 13:30:20] [0003.481] I> Validate kernel-dtb ...
[2022-03-13 13:30:20] [0003.484] I> T18x: Authenticate kernel-dtb (bin_type 21), max size 0x100000
[2022-03-13 13:30:20] [0003.492] I> Decrypt the buffer ... [0003.495] W> tegrabl_decrypt_block: fuse (0x0) is not burnt to do encryption (0x4); skip decryption.
[2022-03-13 13:30:20] [0003.504] I> done
[2022-03-13 13:30:20] [0003.506] I> Kernel hdr @0x80400000
[2022-03-13 13:30:20] [0003.509] I> Kernel dtb @0x80000000
[2022-03-13 13:30:20] [0003.512] I> decompressor handler not found
[2022-03-13 13:30:20] [0003.516] I> Copying kernel image (627005 bytes) from 0x80400800 to 0x80600000 ... [0003.524] I> Done
[2022-03-13 13:30:20] [0003.526] I> Move ramdisk (len: 0) from 0x8049a000 to 0x947d0000
[2022-03-13 13:30:20] [0003.533] I> Updated bpmp info to DTB
[2022-03-13 13:30:20] [0003.539] I> Ramdisk: Base: 0x947d0000; Size: 0x0
[2022-03-13 13:30:20] [0003.544] I> Updated initrd info to DTB
[2022-03-13 13:30:20] [0003.548] W> WARN: Fail to override "console=none" in commandline
[2022-03-13 13:30:20] [0003.553] I> Active rootfs suffix: 
[2022-03-13 13:30:20] [0003.557] E> tegrabl_linuxboot_add_disp_param, du 0 failed to get display params
[2022-03-13 13:30:20] [0003.564] E> tegrabl_linuxboot_add_disp_param, du 0 failed to get display params
[2022-03-13 13:30:20] [0003.571] E> tegrabl_linuxboot_add_disp_param, du 0 failed to get display params
[2022-03-13 13:30:20] [0003.578] I> disabled_core_mask: 0xffffff0c
[2022-03-13 13:30:20] [0003.582] W> No valid slot number is found in scratch register
[2022-03-13 13:30:20] [0003.588] W> Return default slot: _a
[2022-03-13 13:30:20] [0003.591] I> Active slot suffix: 
[2022-03-13 13:30:20] [0003.595] I> add_boot_slot_suffix: slot_suffix = 
[2022-03-13 13:30:20] [0003.599] I> Linux Cmdline: console=ttyS0,115200 androidboot.presilicon=true firmware_class.path=/etc/firmware root=/dev/mmcblk0p1 rw rootwait rootfstype=ext4 console=ttyS0,115200n8 console=tty0 fbcon=map:0 net.ifnames=0 isolcpus=1-2  video=tegrafb earlycon=uart8250,mmio32,0x3100000 nvdumper_reserved=0x2772e0000 gpt rootfs.slot_suffix= usbcore.old_scheme_first=1 tegraid=18.1.2.0.0 maxcpus=6 no_console_suspend boot.slot_suffix= boot.ratchetvalues=0.2031647.1 vpr_resize bl_prof_dataptr=0x10000@0x275840000 sdhci_tegra.en_boot_part_access=1 
[2022-03-13 13:30:20] [0003.647] I> Updated bootarg info to DTB
[2022-03-13 13:30:20] [0003.650] I> eeprom_get_mac_addr: MAC (type: 0): 48:b0:2d:0f:11:c5
[2022-03-13 13:30:20] [0003.657] I> eeprom_get_mac_addr: MAC (type: 1): 48:b0:2d:0f:11:c6
[2022-03-13 13:30:20] [0003.663] I> eeprom_get_mac_addr: MAC (type: 2): 48:b0:2d:0f:11:c7
[2022-03-13 13:30:20] [0003.669] E> Found no plugin manager ids in source DT
[2022-03-13 13:30:20] [0003.674] W> Add plugin manager ids from board info
[2022-03-13 13:30:20] [0003.679] W> "plugin-manager" doesn't exist, creating
[2022-03-13 13:30:20] [0003.683] W> "ids" doesn't exist, creating
[2022-03-13 13:30:20] [0003.688] W> "connection" doesn't exist, creating
[2022-03-13 13:30:20] [0003.692] W> "configs" doesn't exist, creating
[2022-03-13 13:30:20] [0003.696] I> create_pm_ids: id: 3310-1000-D00-L, len: 15
[2022-03-13 13:30:21] [0003.702] I> config: mem-type:00,power-config:00,misc-config:00,modem-config:00,touch-config:00,display-config:00,, len: 93
[2022-03-13 13:30:21] [0003.713] I> create_pm_ids: id: 2597-0000-900-E, len: 15
[2022-03-13 13:30:21] [0003.718] I> config: mem-type:00,power-config:00,misc-config:00,modem-config:00,touch-config:00,display-config:00,, len: 93
[2022-03-13 13:30:21] [0003.729] I> create_pm_ids: id: 3326-1000-000-M, len: 15
[2022-03-13 13:30:21] [0003.734] I> config: mem-type:ff,power-config:ff,misc-config:ff,modem-config:ff,touch-config:ff,display-config:ff,, len: 93
[2022-03-13 13:30:21] [0003.745] I> Adding plugin-manager/ids/3310-1000-D00=/i2c@c250000:module@0x50
[2022-03-13 13:30:21] [0003.752] W> "i2c@c250000" doesn't exist, creating
[2022-03-13 13:30:21] [0003.757] W> "module@0x50" doesn't exist, creating
[2022-03-13 13:30:21] [0003.762] I> Adding plugin-manager/ids/2597-0000-900=/i2c@c250000:module@0x57
[2022-03-13 13:30:21] [0003.769] W> "module@0x57" doesn't exist, creating
[2022-03-13 13:30:21] [0003.774] I> Adding plugin-manager/ids/3326-1000-000=/i2c@3180000:module@0x54
[2022-03-13 13:30:21] [0003.781] W> "i2c@3180000" doesn't exist, creating
[2022-03-13 13:30:21] [0003.786] W> "module@0x54" doesn't exist, creating
[2022-03-13 13:30:21] [0003.793] I> Adding plugin-manager/ids/3310-1000-D00-L
[2022-03-13 13:30:21] [0003.800] I> Adding plugin-manager/configs/3310-mem-type 00
[2022-03-13 13:30:21] [0003.805] I> Adding plugin-manager/configs/3310-power-config 00
[2022-03-13 13:30:21] [0003.811] I> Adding plugin-manager/configs/3310-misc-config 00
[2022-03-13 13:30:21] [0003.817] I> Adding plugin-manager/configs/3310-modem-config 00
[2022-03-13 13:30:21] [0003.823] I> Adding plugin-manager/configs/3310-touch-config 00
[2022-03-13 13:30:21] [0003.829] I> Adding plugin-manager/configs/3310-display-config 00
[2022-03-13 13:30:21] [0003.835] I> Adding plugin-manager/cvm
[2022-03-13 13:30:21] [0003.839] W> "chip-id" doesn't exist, creating
[2022-03-13 13:30:21] [0003.843] I> Adding plugin-manager/chip-id/A02P
[2022-03-13 13:30:21] [0003.848] W> "odm-data" doesn't exist, creating
[2022-03-13 13:30:21] [0003.852] I> Adding /chosen/plugin-manager/odm-data
[2022-03-13 13:30:21] [0003.862] I> added [base:0x80000000, size:0x70000000] to /memory
[2022-03-13 13:30:21] [0003.868] I> added [base:0xf0200000, size:0x185600000] to /memory
[2022-03-13 13:30:21] [0003.874] I> added [base:0x275e00000, size:0x200000] to /memory
[2022-03-13 13:30:21] [0003.880] I> added [base:0x276600000, size:0x200000] to /memory
[2022-03-13 13:30:21] [0003.886] I> added [base:0x277000000, size:0x200000] to /memory
[2022-03-13 13:30:21] [0003.891] I> Updated memory info to DTB
[2022-03-13 13:30:21] [0003.896] E> add_disp_param: failed to get display params for du=0
[2022-03-13 13:30:21] [0003.904] W> "reset" doesn't exist, creating
[2022-03-13 13:30:21] [0003.908] W> "pmc-reset-reason" doesn't exist, creating
[2022-03-13 13:30:21] [0003.913] W> "pmic-reset-reason" doesn't exist, creating
[2022-03-13 13:30:21] [0003.920] I> Adding ecid(00000001646db7851000000013038200) to DT
[2022-03-13 13:30:21] [0003.926] I> disabled_core_mask: 0xffffff0c
[2022-03-13 13:30:21] [0003.938] I> Add serial number:1422420022173 as DT property
[2022-03-13 13:30:21] [0003.947] I> Plugin-manager override starting
[2022-03-13 13:30:21] [0003.953] I> node /plugin-manager/fragement@0 matches
[2022-03-13 13:30:21] [0003.963] I> node /plugin-manager/fragement@4 matches
[2022-03-13 13:30:21] [0003.976] I> node /plugin-manager/fragment-sdwake-p3310-1000-300 matches
[2022-03-13 13:30:21] [0003.996] I> node /plugin-manager/fragement-pmon-p3310-1000-300 matches
[2022-03-13 13:30:21] [0004.006] I> node /plugin-manager/fragement-pmon-p3310-1000-800 matches
[2022-03-13 13:30:21] [0004.015] I> node /plugin-manager/fragment-devslp@0 matches
[2022-03-13 13:30:21] [0004.027] I> node /plugin-manager/fragment-500-pcie-config matches
[2022-03-13 13:30:21] [0004.042] I> node /plugin-manager/fragment-500-xusb-config matches
[2022-03-13 13:30:21] [0004.065] I> node /plugin-manager/fragment-p3310-c00-comm matches
[2022-03-13 13:30:21] [0004.079] I> node /plugin-manager/fragment-p3310-c00-pmic matches
[2022-03-13 13:30:21] [0004.089] I> node /plugin-manager/fragment-p3310-c01 matches
[2022-03-13 13:30:21] [0004.102] I> node /plugin-manager/fragment-p3310-c03 matches
[2022-03-13 13:30:21] [0004.145] I> node /plugin-manager/fragment-e3326@0 matches
[2022-03-13 13:30:21] [0004.227] I> node /plugin-manager/fragment-p3310-c00-camera matches
[2022-03-13 13:30:21] [0004.254] I> Disable plugin-manager status in FDT
[2022-03-13 13:30:21] [0004.258] I> Plugin-manager override finished successfully
[2022-03-13 13:30:21] [0004.264] I> tegrabl_load_kernel_and_dtb: Done
[2022-03-13 13:30:21] [0004.268] E> tegrabl_display_clear: display is not initialized
[2022-03-13 13:30:21] [0004.274] W> Boot logo display failed...
[2022-03-13 13:30:21] [0004.277] I> Kernel EP: 0x80600000, DTB: 0x80000000
[2022-03-13 13:30:21] 
[2022-03-13 13:30:21] 
[2022-03-13 13:30:21] U-Boot 2020.04-g46e4604c78 (Jul 26 2021 - 12:10:58 -0700)
[2022-03-13 13:30:21] 
[2022-03-13 13:30:21] SoC: tegra186
[2022-03-13 13:30:21] Model: NVIDIA P2771-0000-500
[2022-03-13 13:30:21] Board: NVIDIA P2771-0000
[2022-03-13 13:30:21] DRAM:  7.8 GiB
[2022-03-13 13:30:21] MMC:   sdhci@3400000: 1, sdhci@3460000: 0
[2022-03-13 13:30:21] Loading Environment from MMC... *** Warning - bad CRC, using default environment
[2022-03-13 13:30:21] 
[2022-03-13 13:30:21] In:    serial
[2022-03-13 13:30:21] Out:   serial
[2022-03-13 13:30:21] Err:   serial
[2022-03-13 13:30:21] Net:   
[2022-03-13 13:30:21] Warning: ethernet@2490000 using MAC address from ROM
[2022-03-13 13:30:21] eth0: ethernet@2490000
[2022-03-13 13:30:21] Hit any key to stop autoboot:  2  1  0 
[2022-03-13 13:30:23] MMC: no card present
[2022-03-13 13:30:23] switch to partitions #0, OK
[2022-03-13 13:30:23] mmc0(part 0) is current device
[2022-03-13 13:30:24] Scanning mmc 0:1...
[2022-03-13 13:30:24] Found /boot/extlinux/extlinux.conf
[2022-03-13 13:30:24] Retrieving file: /boot/extlinux/extlinux.conf
[2022-03-13 13:30:24] 858 bytes read in 22 ms (38.1 KiB/s)
[2022-03-13 13:30:24] 1:	primary kernel
[2022-03-13 13:30:24] Retrieving file: /boot/initrd
[2022-03-13 13:30:24] 7238344 bytes read in 201 ms (34.3 MiB/s)
[2022-03-13 13:30:24] Retrieving file: /boot/Image
[2022-03-13 13:30:25] 34484232 bytes read in 830 ms (39.6 MiB/s)
[2022-03-13 13:30:25] append: console=ttyS0,115200 androidboot.presilicon=true firmware_class.path=/etc/firmware root=/dev/mmcblk0p1 rw rootwait rootfstype=ext4 console=ttyS0,115200n8 console=tty0 fbcon=map:0 net.ifnames=0 isolcpus=1-2  video=tegrafb earlycon=uart8250,mmio32,0x3100000 nvdumper_reserved=0x2772e0000 gpt rootfs.slot_suffix= usbcore.old_scheme_first=1 tegraid=18.1.2.0.0 maxcpus=6 no_console_suspend boot.slot_suffix= boot.ratchetvalues=0.2031647.1 vpr_resize bl_prof_dataptr=0x10000@0x275840000 sdhci_tegra.en_boot_part_access=1 quiet root=/dev/mmcblk0p1 rw rootwait rootfstype=ext4 console=ttyS0,115200n8 console=tty0 fbcon=map:0 net.ifnames=0 isolcpus=1-2 
[2022-03-13 13:30:25] ## Flattened Device Tree blob at 80000000
[2022-03-13 13:30:25]    Booting using the fdt blob at 0x80000000
[2022-03-13 13:30:25] ERROR: reserving fdt memory region failed (addr=0 size=0)
[2022-03-13 13:30:25] ERROR: reserving fdt memory region failed (addr=0 size=0)
[2022-03-13 13:30:25] ERROR: reserving fdt memory region failed (addr=0 size=0)
[2022-03-13 13:30:25]    Using Device Tree in place at 0000000080000000, end 0000000080060aa3
[2022-03-13 13:30:25] copying carveout for /host1x@13e00000/display-hub@15200000/display@15200000...
[2022-03-13 13:30:25] copying carveout for /host1x@13e00000/display-hub@15200000/display@15210000...
[2022-03-13 13:30:25] copying carveout for /host1x@13e00000/display-hub@15200000/display@15220000...
[2022-03-13 13:30:25] 
[2022-03-13 13:30:25] Starting kernel ...
[2022-03-13 13:30:25] 
[2022-03-13 13:30:25] [    0.000000] Booting Linux on physical CPU 0x100
[2022-03-13 13:30:25] [    0.000000] Linux version 4.9.253-tegra (buildbrain@mobile-u64-5497-d3000) (gcc version 7.3.1 20180425 [linaro-7.3-2018.05 revision d29120a424ecfbc167ef90065c0eeb7f91977701] (Linaro GCC 7.3-2018.05) ) #1 SMP PREEMPT Mon Jul 26 12:19:28 PDT 2021
[2022-03-13 13:30:25] [    0.000000] Boot CPU: AArch64 Processor [411fd073]
[2022-03-13 13:30:25] [    0.000000] OF: fdt:memory scan node memory@80000000, reg size 80,
[2022-03-13 13:30:25] [    0.000000] OF: fdt: - 80000000 ,  70000000
[2022-03-13 13:30:25] [    0.000000] OF: fdt: - f0200000 ,  185600000
[2022-03-13 13:30:25] [    0.000000] OF: fdt: - 275e00000 ,  200000
[2022-03-13 13:30:25] [    0.000000] OF: fdt: - 276600000 ,  200000
[2022-03-13 13:30:25] [    0.000000] OF: fdt: - 277000000 ,  200000
[2022-03-13 13:30:25] [    0.000000] earlycon: uart8250 at MMIO32 0x0000000003100000 (options '')
[2022-03-13 13:30:25] [    0.000000] bootconsole [uart8250] enabled
[2022-03-13 13:30:27] [    1.927052] cgroup: cgroup2: unknown option "nsdelegate"
[2022-03-13 13:30:28] [    2.967330] using random self ethernet address
[2022-03-13 13:30:28] [    2.989713] using random host ethernet address
[2022-03-13 13:30:29] [    3.323909] random: crng init done
[2022-03-13 13:30:29] [    3.327322] random: 7 urandom warning(s) missed due to ratelimiting
[2022-03-13 13:30:29] [    3.604198] using random self ethernet address
[2022-03-13 13:30:29] [    3.608707] using random host ethernet address
[2022-03-13 13:30:30] [    4.031511] CPU1: shutdown
[2022-03-13 13:30:30] [    4.111349] CPU2: shutdown
[2022-03-13 13:30:30] [    4.880673] Bridge firewalling registered
[2022-03-13 13:30:34] 
[2022-03-13 13:30:34] Ubuntu 18.04.5 LTS JTX2-A ttyS0
[2022-03-13 13:30:34] 
[2022-03-13 13:30:34] JTX2-A login: [    9.220727] nvgpu: 17000000.gp10b                     gp10b_ltc_isr:298  [ERR]  mc_ltc_intr: 00000001
[2022-03-13 13:30:35] [    9.230085] nvgpu: 17000000.gp10b                 gp10b_ltc_lts_isr:252  [ERR]  Single bit error detected in GPU L2!
[2022-03-13 13:30:35] [    9.241899] nvgpu: 17000000.gp10b                 gp10b_ltc_lts_isr:286  [ERR]  ltc0, slice 0: bb4f0100
[2022-03-13 13:30:41] [   15.424081] CPU3: SError detected, daif=1c0, spsr=0x800000c5, mpidr=80000101, esr=bf40c000
[2022-03-13 13:30:41] [   15.424098] CPU5: SError detected, daif=1c0, spsr=0x800000c5, mpidr=80000103, esr=bf40c000
[2022-03-13 13:30:41] [   15.424113] CPU0: SError detected, daif=1c0, spsr=0x800000c5, mpidr=80000100, esr=bf40c000
[2022-03-13 13:30:41] [   15.424130] CPU4: SError detected, daif=1c0, spsr=0x80000000, mpidr=80000102, esr=bf40c000
[2022-03-13 13:30:41] [   15.444756] ROC:CCE Machine Check Error:
[2022-03-13 13:30:41] [   15.449599] CPU5: SError detected, daif=1c0, spsr=0x80000000, mpidr=80000103, esr=bf40c000
[2022-03-13 13:30:41] [   15.470735] ROC:CCE Machine Check Error:
[2022-03-13 13:30:41] [   15.480804] CPU4: SError detected, daif=1c0, spsr=0x800000c5, mpidr=80000102, esr=bf40c000
[2022-03-13 13:30:41] [   15.496069] ROC:CCE Machine Check Error:
[2022-03-13 13:30:41] [   15.503418] CPU3: SError detected, daif=1c0, spsr=0x80000045, mpidr=80000101, esr=bf40c000
[2022-03-13 13:30:41] [   15.520055] ROC:CCE Machine Check Error:
[2022-03-13 13:30:41] [   15.530288] CPU4: SError detected, daif=1c0, spsr=0x20000000, mpidr=80000102, esr=bf40c000
[2022-03-13 13:30:41] [   15.555012] ROC:CCE Machine Check Error:
[2022-03-13 13:30:54] [   28.598298] nvgpu: 17000000.gp10b                     gp10b_ltc_isr:298  [ERR]  mc_ltc_intr: 00000002
[2022-03-13 13:30:54] [   28.607626] nvgpu: 17000000.gp10b                 gp10b_ltc_lts_isr:252  [ERR]  Single bit error detected in GPU L2!
[2022-03-13 13:30:54] [   28.618303] nvgpu: 17000000.gp10b                 gp10b_ltc_lts_isr:286  [ERR]  ltc1, slice 0: bb4f0110
[2022-03-13 13:30:57] [   31.481292] CPU4: SError detected, daif=1c0, spsr=0x20000000, mpidr=80000102, esr=bf40c000
[2022-03-13 13:30:57] [   31.489579] **************************************
[2022-03-13 13:30:57] [   31.494379] A57 CPU Memory Error on CPU 4 (A57 Core 2)
[2022-03-13 13:30:57] [   31.499523] 	ESR:               0xbf40c000
[2022-03-13 13:30:57] [   31.503629] 	L2MERRSR: 0x100943c10c0
[2022-03-13 13:30:57] [   31.507212] 	L2 Dirty RAM: 0x14
[2022-03-13 13:30:57] [   31.510361] 	CPU ID of Error:    7
[2022-03-13 13:30:57] [   31.513768] 	WAY of Error:       1
[2022-03-13 13:30:57] [   31.517172] 	Index of Error:     4288
[2022-03-13 13:30:57] [   31.520838] 	Repeat Error Count: 0
[2022-03-13 13:30:57] [   31.524242] 	Other Error Count:  1
[2022-03-13 13:30:57] [   31.527646] **************************************
[2022-03-13 13:30:57] [   31.532908] ROC:CCE Machine Check Error:
[2022-03-13 13:30:57] [   31.537122] Bad mode in Error handler detected on CPU4, code 0xbf40c000 -- SError
[2022-03-13 13:30:57] [   31.544611] Kernel panic - not syncing: bad mode
[2022-03-13 13:30:57] [   31.549241] CPU: 4 PID: 7755 Comm: compiz Not tainted 4.9.253-tegra #1
[2022-03-13 13:30:57] [   31.555771] Hardware name: quill (DT)
[2022-03-13 13:30:57] [   31.559438] Call trace:
[2022-03-13 13:30:57] [   31.561909] [<ffffff800808ba40>] dump_backtrace+0x0/0x198
[2022-03-13 13:30:57] [   31.567322] [<ffffff800808c004>] show_stack+0x24/0x30
[2022-03-13 13:30:57] [   31.572389] [<ffffff8008f6121c>] dump_stack+0xa0/0xc4
[2022-03-13 13:30:57] [   31.577454] [<ffffff8008f5e2c0>] panic+0x12c/0x2a8
[2022-03-13 13:30:57] [   31.582256] [<ffffff800808c894>] bad_mode+0x7c/0x80
[2022-03-13 13:30:57] [   31.587144] [<ffffff800808ca5c>] handle_serr+0x124/0x128
[2022-03-13 13:30:57] [   31.592462] [<ffffff8008082f20>] el0_serr+0xf4/0xfc
[2022-03-13 13:30:57] [   31.597349] SMP: stopping secondary CPUs
[2022-03-13 13:30:57] [   31.601292] Kernel Offset: disabled
[2022-03-13 13:30:57] [   31.604784] Memory Limit: none
[2022-03-13 13:30:57] [   31.607845] trusty-log panic notifier - trusty version Built: 12:20:14 Jul 26 2021 [   31.643944] Rebooting in 5 seconds..
[2022-03-13 13:31:02] [0000.163] I> Welcome to MB2(TBoot-BPMP)(version: 01.00.160913-t186-M-00.00-mobile-c368a720)
[2022-03-13 13:31:02] [0000.171] I> Boot-device: eMMC
[2022-03-13 13:31:02] [0000.179] I> sdmmc bdev is already initialized
[2022-03-13 13:31:02] [0000.183] I> pmic: reset reason (nverc)	: 0x0
[2022-03-13 13:31:02] [0000.216] I> Found 19 partitions in SDMMC_BOOT (instance 3)
[2022-03-13 13:31:02] [0000.236] I> Found 33 partitions in SDMMC_USER (instance 3)
[2022-03-13 13:31:02] [0000.242] W> No valid slot number is found in scratch register
[2022-03-13 13:31:02] [0000.248] W> Return default slot: _a
[2022-03-13 13:31:02] [0000.251] I> A/B: bin_type (16) slot 0
[2022-03-13 13:31:02] [0000.255] I> Loading partition bpmp-fw at 0xd7800000
[2022-03-13 13:31:02] [0000.260] I> Reading two headers - addr:0xd7800000 blocks:1
[2022-03-13 13:31:02] [0000.265] I> Addr: 0xd7800000, start-block: 58777608, num_blocks: 1
[2022-03-13 13:31:02] [0000.290] I> Binary(16) of size 534416 is loaded @ 0xd7800000
[2022-03-13 13:31:02] [0000.296] W> No valid slot number is found in scratch register
[2022-03-13 13:31:02] [0000.301] W> Return default slot: _a
[2022-03-13 13:31:02] [0000.305] I> A/B: bin_type (17) slot 0
[2022-03-13 13:31:02] [0000.308] I> Loading partition bpmp-fw-dtb at 0xd79f0000
[2022-03-13 13:31:02] [0000.314] I> Reading two headers - addr:0xd79f0000 blocks:1
[2022-03-13 13:31:02] [0000.319] I> Addr: 0xd79f0000, start-block: 58780024, num_blocks: 1
[2022-03-13 13:31:02] [0000.345] I> Binary(17) of size 604720 is loaded @ 0xd796c400
[2022-03-13 13:31:03] [0000.575] I> Loading SCE-FW ...
[2022-03-13 13:31:03] [0000.578] W> No valid slot number is found in scratch register
[2022-03-13 13:31:03] [0000.583] W> Return default slot: _a
[2022-03-13 13:31:03] [0000.587] I> A/B: bin_type (12) slot 0
[2022-03-13 13:31:03] [0000.590] I> Loading partition sce-fw at 0xd7300000
[2022-03-13 13:31:03] [0000.595] I> Reading two headers - addr:0xd7300000 blocks:1
[2022-03-13 13:31:03] [0000.601] I> Addr: 0xd7300000, start-block: 58784120, num_blocks: 1
[2022-03-13 13:31:03] [0000.620] I> Binary(12) of size 125632 is loaded @ 0xd7300000
[2022-03-13 13:31:03] [0000.625] I> Init SCE
[2022-03-13 13:31:03] [0000.628] I> Loading APE-FW ...
[2022-03-13 13:31:03] [0000.631] W> No valid slot number is found in scratch register
[2022-03-13 13:31:03] [0000.636] W> Return default slot: _a
[2022-03-13 13:31:03] [0000.640] I> A/B: bin_type (11) slot 0
[2022-03-13 13:31:03] [0000.643] I> Loading partition adsp-fw at 0xd7400000
[2022-03-13 13:31:03] [0000.648] I> Reading two headers - addr:0xd7400000 blocks:1
[2022-03-13 13:31:03] [0000.654] I> Addr: 0xd7400000, start-block: 58761224, num_blocks: 1
[2022-03-13 13:31:03] [0000.673] I> Binary(11) of size 77216 is loaded @ 0xd7400000
[2022-03-13 13:31:03] [0000.679] I> Copy BTCM section
[2022-03-13 13:31:03] [0000.682] W> No valid slot number is found in scratch register
[2022-03-13 13:31:03] [0000.687] W> Return default slot: _a
[2022-03-13 13:31:03] [0000.691] I> A/B: bin_type (13) slot 0
[2022-03-13 13:31:03] [0000.694] I> Loading partition cpu-bootloader at 0x96000000
[2022-03-13 13:31:03] [0000.700] I> Reading two headers - addr:0x96000000 blocks:1
[2022-03-13 13:31:03] [0000.705] I> Addr: 0x96000000, start-block: 58740744, num_blocks: 1
[2022-03-13 13:31:03] [0000.726] I> Binary(13) of size 308800 is loaded @ 0x96000000
[2022-03-13 13:31:03] [0000.732] W> No valid slot number is found in scratch register
[2022-03-13 13:31:03] [0000.738] W> Return default slot: _a
[2022-03-13 13:31:03] [0000.741] I> A/B: bin_type (20) slot 0
[2022-03-13 13:31:03] [0000.745] I> Loading partition bootloader-dtb at 0x85205400
[2022-03-13 13:31:03] [0000.750] I> Reading two headers - addr:0x85205400 blocks:1
[2022-03-13 13:31:03] [0000.755] I> Addr: 0x85205400, start-block: 58742792, num_blocks: 1
[2022-03-13 13:31:03] [0000.777] I> Binary(20) of size 375568 is loaded @ 0x85205400
[2022-03-13 13:31:03] [0000.783] W> No valid slot number is found in scratch register
[2022-03-13 13:31:03] [0000.789] W> Return default slot: _a
[2022-03-13 13:31:03] [0000.792] I> A/B: bin_type (14) slot 0
[2022-03-13 13:31:03] [0000.796] I> Loading partition secure-os at 0x85305600
[2022-03-13 13:31:03] [0000.801] I> Reading two headers - addr:0x85305600 blocks:1
[2022-03-13 13:31:03] [0000.806] I> Addr: 0x85305600, start-block: 58744840, num_blocks: 1
[2022-03-13 13:31:03] [0000.828] I> Binary(14) of size 402864 is loaded @ 0x85305600
[2022-03-13 13:31:03] [0000.836] I> TOS boot-params @ 0x85000000
[2022-03-13 13:31:03] [0000.840] I> TOS params prepared
[2022-03-13 13:31:03] [0000.843] I> Loading EKS ...
[2022-03-13 13:31:03] [0000.846] I> A/B: bin_type (15) slot 0
[2022-03-13 13:31:03] [0000.849] I> Loading partition eks at 0x85905800
[2022-03-13 13:31:03] [0000.854] I> Reading two headers - addr:0x85905800 blocks:1
[2022-03-13 13:31:03] [0000.859] I> Addr: 0x85905800, start-block: 58757128, num_blocks: 1
[2022-03-13 13:31:03] [0000.878] I> Binary(15) of size 1040 is loaded @ 0x85905800
[2022-03-13 13:31:03] [0000.884] I> EKB detected (length: 0x400) @ 0x85905800
[2022-03-13 13:31:03] [0000.889] I> Copied encrypted keys
[2022-03-13 13:31:03] [0000.892] I> boot profiler @ 0x275844000
[2022-03-13 13:31:03] [0000.896] I> boot profiler for TOS @ 0x275844000
[2022-03-13 13:31:03] [0000.901] I> Unhalting SCE
[2022-03-13 13:31:03] [0000.904] I> Primary Memory Start:80000000 Size:70000000
[2022-03-13 13:31:03] [0000.909] I> Extended Memory Start:f0110000 Size:1856f0000
[2022-03-13 13:31:03] [0000.916] I> MB2(TBoot-BPMP) done
[2022-03-13 13:31:03] 
[2022-03-13 13:31:03] NOTICE:  BL31: v1.3(release):b5eeb33f7
[2022-03-13 13:31:03] NOTICE:  BL31: Built : 12:15:17, Jul 26 2021
[2022-03-13 13:31:03] ipc-unittest-main: 1519: Welcome to IPC unittest!!!
[2022-03-13 13:31:03] ipc-unittest-main: 1531: waiting forever
[2022-03-13 13:31:03] ipc-unittest-srv: 329: Init unittest services!!!
[2022-03-13 13:31:03] hwkey-agent: 41: hwkey-agent is running!!
[2022-03-13 13:31:03] hwkey-agent: 315: key_mgnt_processing .......
[2022-03-13 13:31:03] hwkey-agent: 223: Setting EKB key 0 to slot 14
[2022-03-13 13:31:03] hwkey-agent: 178: Init hweky-agent services!!
[2022-03-13 13:31:03] luks-srv: 40: luks-srv is running!!
[2022-03-13 13:31:03] luks-srv: 157: Init luks-srv IPC services!!
[2022-03-13 13:31:03] platform_bootstrap_epilog: trusty bootstrap complete
[2022-03-13 13:31:03] [0001.287] I> Welcome to Cboot
[2022-03-13 13:31:03] [0001.290] I> Cboot Version: t186-00029e71
[2022-03-13 13:31:03] [0001.294] I> CPU-BL Params @ 0x275800000
[2022-03-13 13:31:03] [0001.298] I>  0) Base:0x00000000 Size:0x00000000
[2022-03-13 13:31:03] [0001.302] I>  1) Base:0x277f00000 Size:0x00100000
[2022-03-13 13:31:03] [0001.307] I>  2) Base:0x277e00000 Size:0x00100000
[2022-03-13 13:31:03] [0001.311] I>  3) Base:0x277d00000 Size:0x00100000
[2022-03-13 13:31:03] [0001.316] I>  4) Base:0x277c00000 Size:0x00100000
[2022-03-13 13:31:03] [0001.320] I>  5) Base:0x277b00000 Size:0x00100000
[2022-03-13 13:31:03] [0001.325] I>  6) Base:0x277800000 Size:0x00200000
[2022-03-13 13:31:03] [0001.329] I>  7) Base:0x277400000 Size:0x00400000
[2022-03-13 13:31:03] [0001.334] I>  8) Base:0x277a00000 Size:0x00100000
[2022-03-13 13:31:03] [0001.338] I>  9) Base:0x277300000 Size:0x00100000
[2022-03-13 13:31:03] [0001.343] I> 10) Base:0x276800000 Size:0x00800000
[2022-03-13 13:31:03] [0001.347] I> 11) Base:0x30000000 Size:0x00040000
[2022-03-13 13:31:04] [0001.352] I> 12) Base:0xf0000000 Size:0x00100000
[2022-03-13 13:31:04] [0001.356] I> 13) Base:0x30040000 Size:0x00001000
[2022-03-13 13:31:04] [0001.361] I> 14) Base:0x30048000 Size:0x00001000
[2022-03-13 13:31:04] [0001.365] I> 15) Base:0x30049000 Size:0x00001000
[2022-03-13 13:31:04] [0001.369] I> 16) Base:0x3004a000 Size:0x00001000
[2022-03-13 13:31:04] [0001.374] I> 17) Base:0x3004b000 Size:0x00001000
[2022-03-13 13:31:04] [0001.378] I> 18) Base:0x3004c000 Size:0x00001000
[2022-03-13 13:31:04] [0001.383] I> 19) Base:0x3004d000 Size:0x00001000
[2022-03-13 13:31:04] [0001.387] I> 20) Base:0x3004e000 Size:0x00001000
[2022-03-13 13:31:04] [0001.392] I> 21) Base:0x3004f000 Size:0x00001000
[2022-03-13 13:31:04] [0001.396] I> 22) Base:0x00000000 Size:0x00000000
[2022-03-13 13:31:04] [0001.401] I> 23) Base:0xf0100000 Size:0x00010000
[2022-03-13 13:31:04] [0001.405] I> 24) Base:0x00000000 Size:0x00000000
[2022-03-13 13:31:04] [0001.409] I> 25) Base:0x00000000 Size:0x00000000
[2022-03-13 13:31:04] [0001.414] I> 26) Base:0x00000000 Size:0x00000000
[2022-03-13 13:31:04] [0001.418] I> 27) Base:0x00000000 Size:0x00000000
[2022-03-13 13:31:04] [0001.423] I> 28) Base:0x84400000 Size:0x00400000
[2022-03-13 13:31:04] [0001.427] I> 29) Base:0x30000000 Size:0x00010000
[2022-03-13 13:31:04] [0001.432] I> 30) Base:0x278000000 Size:0x08000000
[2022-03-13 13:31:04] [0001.436] I> 31) Base:0x00000000 Size:0x00000000
[2022-03-13 13:31:04] [0001.440] I> 32) Base:0x276000000 Size:0x00600000
[2022-03-13 13:31:04] [0001.445] I> 33) Base:0x80000000 Size:0x70000000
[2022-03-13 13:31:04] [0001.449] I> 34) Base:0xf0110000 Size:0x1856f0000
[2022-03-13 13:31:04] [0001.454] I> 35) Base:0x00000000 Size:0x00000000
[2022-03-13 13:31:04] [0001.458] I> 36) Base:0x00000000 Size:0x00000000
[2022-03-13 13:31:04] [0001.463] I> 37) Base:0x2772e0000 Size:0x00020000
[2022-03-13 13:31:04] [0001.467] I> 38) Base:0x84000000 Size:0x00400000
[2022-03-13 13:31:04] [0001.472] I> 39) Base:0x96000000 Size:0x02000000
[2022-03-13 13:31:04] [0001.476] I> 40) Base:0x85000000 Size:0x01200000
[2022-03-13 13:31:04] [0001.481] I> 41) Base:0x275800000 Size:0x00500000
[2022-03-13 13:31:04] [0001.485] I> 42) Base:0x00000000 Size:0x00000000
[2022-03-13 13:31:04] [0001.490] I> 43) Base:0x00000000 Size:0x00000000
[2022-03-13 13:31:04] [0001.494] GIC-SPI Target CPU: 4
[2022-03-13 13:31:04] [0001.497] Interrupts Init done
[2022-03-13 13:31:04] [0001.501] calling constructors
[2022-03-13 13:31:04] [0001.504] initializing heap
[2022-03-13 13:31:04] [0001.506] initializing threads
[2022-03-13 13:31:04] [0001.510] initializing timers
[2022-03-13 13:31:04] [0001.513] creating bootstrap completion thread
[2022-03-13 13:31:04] [0001.517] top of bootstrap2()
[2022-03-13 13:31:04] [0001.520] CPU: ARM Cortex A57
[2022-03-13 13:31:04] [0001.524] CPU: MIDR: 0x411FD073, MPIDR: 0x80000100
[2022-03-13 13:31:04] [0001.529] initializing platform
[2022-03-13 13:31:04] [0001.532] I> Bl_dtb @0x85205400
[2022-03-13 13:31:04] [0001.535] I> gpio framework initialized
[2022-03-13 13:31:04] [0001.541] I> tegrabl_gpio_driver_register: register 'nvidia,tegra186-gpio' driver
[2022-03-13 13:31:04] [0001.552] I> tegrabl_gpio_driver_register: register 'nvidia,tegra186-gpio-aon' driver
[2022-03-13 13:31:04] [0001.559] I> GPIO framework and drivers are initialized.
[2022-03-13 13:31:04] [0001.564] I> Boot-device: eMMC
[2022-03-13 13:31:04] [0001.572] I> sdmmc bdev is already initialized
[2022-03-13 13:31:04] [0001.602] I> Found 19 partitions in SDMMC_BOOT (instance 3)
[2022-03-13 13:31:04] [0001.620] I> Found 33 partitions in SDMMC_USER (instance 3)
[2022-03-13 13:31:04] [0001.625] W> opt-in fuse is not set, skip fuse_burning
[2022-03-13 13:31:04] [0001.630] I> Reserved memory at 0xfbe00000 for U-Boot relocation
[2022-03-13 13:31:04] [0001.636] W> No valid slot number is found in scratch register
[2022-03-13 13:31:04] [0001.642] W> Return default slot: _a
[2022-03-13 13:31:04] [0001.651] I> A/B: bin_type (21) slot 0
[2022-03-13 13:31:04] [0001.655] I> Loading kernel-dtb from partition
[2022-03-13 13:31:04] [0001.659] I> Loading partition kernel-dtb at 0x80000000 from device(0x1)
[2022-03-13 13:31:04] [0001.676] I> Kernel_dtb @0x80000000
[2022-03-13 13:31:04] [0001.679] I> tegrabl_tca9539_init: i2c bus: 0, slave addr: 0xee
[2022-03-13 13:31:04] [0001.690] I> tegrabl_gpio_driver_register: register 'tca9539_gpio_driver' driver
[2022-03-13 13:31:04] [0001.697] I> tegrabl_tca9539_init: i2c bus: 0, slave addr: 0xe8
[2022-03-13 13:31:04] [0001.706] I> tegrabl_gpio_driver_register: register 'tca9539_gpio_driver' driver
[2022-03-13 13:31:04] [0001.716] I> fixed regulator driver initialized
[2022-03-13 13:31:04] [0001.750] I> register 'maxim' power off handle
[2022-03-13 13:31:04] [0001.756] I> virtual i2c enabled
[2022-03-13 13:31:04] [0001.759] I> registered 'maxim,max77620' pmic
[2022-03-13 13:31:04] [0001.763] I> tegrabl_gpio_driver_register: register 'max77620-gpio' driver
[2022-03-13 13:31:04] [0001.777] E> failed to read label property for node 324936: 13
[2022-03-13 13:31:04] [0001.785] E> failed to read reg property for node 325032: 13
[2022-03-13 13:31:04] [0001.794] E> failed to read reg property for node 325084: 13
[2022-03-13 13:31:04] [0001.802] E> failed to read label property for node 325168: 13
[2022-03-13 13:31:04] [0001.810] E> failed to read label property for node 325236: 13
[2022-03-13 13:31:04] [0001.819] E> failed to read reg property for node 325304: 13
[2022-03-13 13:31:04] [0001.827] E> failed to read reg property for node 325376: 13
[2022-03-13 13:31:04] [0001.837] I> Find /i2c@c250000's alias i2c7
[2022-03-13 13:31:04] [0001.841] I> Reading eeprom i2c=7 address=0x50
[2022-03-13 13:31:04] [0001.871] I> Device at /i2c@c250000:0x50
[2022-03-13 13:31:04] [0001.875] I> Reading eeprom i2c=7 address=0x57
[2022-03-13 13:31:04] [0001.903] I> Device at /i2c@c250000:0x57
[2022-03-13 13:31:04] [0001.908] I> Find /i2c@c240000's alias i2c1
[2022-03-13 13:31:04] [0001.912] I> Reading eeprom i2c=1 address=0x51
[2022-03-13 13:31:04] [0001.917] E> I2C: slave not found in slaves.
[2022-03-13 13:31:04] [0001.921] E> I2C: Could not write 0 bytes to slave: 0x00a2 with repeat start true.
[2022-03-13 13:31:04] [0001.929] E> I2C_DEV: Failed to send register address 0x00000000.
[2022-03-13 13:31:04] [0001.934] E> I2C_DEV: Could not read 256 registers of size 1 from slave 0xa2 at 0x00000000 via instance 1.
[2022-03-13 13:31:04] [0001.944] E> eeprom: Retry to read I2C slave device.
[2022-03-13 13:31:04] [0001.949] E> I2C: slave not found in slaves.
[2022-03-13 13:31:04] [0001.953] E> I2C: Could not write 0 bytes to slave: 0x00a2 with repeat start true.
[2022-03-13 13:31:04] [0001.961] E> I2C_DEV: Failed to send register address 0x00000000.
[2022-03-13 13:31:04] [0001.967] E> I2C_DEV: Could not read 256 registers of size 1 from slave 0xa2 at 0x00000000 via instance 1.
[2022-03-13 13:31:04] [0001.976] E> eeprom: Failed to read I2C slave device
[2022-03-13 13:31:04] [0001.981] I> Eeprom read failed 0x3526070d
[2022-03-13 13:31:04] [0001.985] I> Find /i2c@3160000's alias i2c0
[2022-03-13 13:31:04] [0001.989] I> Reading eeprom i2c=0 address=0x50
[2022-03-13 13:31:04] [0001.994] E> I2C: slave not found in slaves.
[2022-03-13 13:31:04] [0001.998] E> I2C: Could not write 0 bytes to slave: 0x00a0 with repeat start true.
[2022-03-13 13:31:04] [0002.005] E> I2C_DEV: Failed to send register address 0x00000000.
[2022-03-13 13:31:04] [0002.011] E> I2C_DEV: Could not read 256 registers of size 1 from slave 0xa0 at 0x00000000 via instance 0.
[2022-03-13 13:31:04] [0002.021] E> eeprom: Failed to read I2C slave device
[2022-03-13 13:31:04] [0002.026] I> Eeprom read failed 0x3526070d
[2022-03-13 13:31:04] [0002.030] I> Find /i2c@3180000's alias i2c2
[2022-03-13 13:31:04] [0002.034] I> Reading eeprom i2c=2 address=0x54
[2022-03-13 13:31:04] [0002.039] I> Enabling gpio chip_id = 2, gpio pin = 9
[2022-03-13 13:31:04] [0002.069] I> Disabling gpio chip_id = 2, gpio pin = 9
[2022-03-13 13:31:04] [0002.074] I> Device at /i2c@3180000:0x54
[2022-03-13 13:31:04] [0002.078] I> Reading eeprom i2c=2 address=0x57
[2022-03-13 13:31:04] [0002.082] I> Enabling gpio chip_id = 2, gpio pin = 9
[2022-03-13 13:31:04] [0002.088] E> I2C: slave not found in slaves.
[2022-03-13 13:31:04] [0002.092] E> I2C: Could not write 0 bytes to slave: 0x00ae with repeat start true.
[2022-03-13 13:31:04] [0002.100] E> I2C_DEV: Failed to send register address 0x00000000.
[2022-03-13 13:31:04] [0002.106] E> I2C_DEV: Could not read 256 registers of size 1 from slave 0xae at 0x00000000 via instance 2.
[2022-03-13 13:31:04] [0002.115] E> eeprom: Failed to read I2C slave device
[2022-03-13 13:31:04] [0002.120] I> Disabling gpio chip_id = 2, gpio pin = 9
[2022-03-13 13:31:04] [0002.125] I> Eeprom read failed 0x00000000
[2022-03-13 13:31:04] [0002.129] I> create_pm_ids: id: 3310-1000-D00-L, len: 15
[2022-03-13 13:31:04] [0002.134] I> config: mem-type:00,power-config:00,misc-config:00,modem-config:00,touch-config:00,display-config:00,, len: 93
[2022-03-13 13:31:04] [0002.145] I> create_pm_ids: id: 2597-0000-900-E, len: 15
[2022-03-13 13:31:04] [0002.150] I> config: mem-type:00,power-config:00,misc-config:00,modem-config:00,touch-config:00,display-config:00,, len: 93
[2022-03-13 13:31:04] [0002.161] I> create_pm_ids: id: 3326-1000-000-M, len: 15
[2022-03-13 13:31:04] [0002.166] I> config: mem-type:ff,power-config:ff,misc-config:ff,modem-config:ff,touch-config:ff,display-config:ff,, len: 93
[2022-03-13 13:31:04] [0002.201] I> enabling 'vdd-hdmi' regulator
[2022-03-13 13:31:04] [0002.217] I> regulator 'vdd-hdmi' already enabled
[2022-03-13 13:31:04] [0002.222] E> tegrabl_display_init_regulator: hdmi cable is not connected
[2022-03-13 13:31:04] [0002.228] E> tegrabl_display_get_pdata, failed to parse dtb settings
[2022-03-13 13:31:04] [0002.237] E> cannot find any other nvdisp nodes
[2022-03-13 13:31:04] [0002.241] E> no valid display unit config found in dtb
[2022-03-13 13:31:04] [0002.247] W> display init failed
[2022-03-13 13:31:04] [0002.250] initializing target
[2022-03-13 13:31:04] [0002.253] calling apps_init()
[2022-03-13 13:31:04] [0002.256] starting app kernel_boot_app
[2022-03-13 13:31:04] [0002.279] I> found decompressor handler: lz4-legacy
[2022-03-13 13:31:04] [0002.284] I> decompressing BMP blob ...
[2022-03-13 13:31:04] [0002.296] I> Kernel type = Normal
[2022-03-13 13:31:04] [0002.299] I> ########## Fixed storage boot ##########
[2022-03-13 13:31:04] [0002.304] I> Loading kernel-bootctrl from partition
[2022-03-13 13:31:04] [0002.309] I> Loading partition kernel-bootctrl at 0xa8000000 from device(0x1)
[2022-03-13 13:31:04] [0002.323] W> tegrabl_get_kernel_bootctrl: magic number(0x00000000) is invalid
[2022-03-13 13:31:04] [0002.330] W> tegrabl_get_kernel_bootctrl: use default dummy boot control data
[2022-03-13 13:31:04] [0002.337] W> No valid slot number is found in scratch register
[2022-03-13 13:31:04] [0002.343] W> Return default slot: _a
[2022-03-13 13:31:04] [0002.346] I> A/B: bin_type (24) slot 0
