[0000.168] I> Welcome to MB2(TBoot-BPMP)(version: 01.00.160913-t186-M-00.00-mobile-c368a720)
[2022-03-13 13:35:33] [0000.176] I> Boot-device: eMMC
[2022-03-13 13:35:33] [0000.183] I> sdmmc bdev is already initialized
[2022-03-13 13:35:33] [0000.188] I> pmic: reset reason (nverc)	: 0x0
[2022-03-13 13:35:33] [0000.221] I> Found 19 partitions in SDMMC_BOOT (instance 3)
[2022-03-13 13:35:33] [0000.241] I> Found 33 partitions in SDMMC_USER (instance 3)
[2022-03-13 13:35:33] [0000.247] W> No valid slot number is found in scratch register
[2022-03-13 13:35:33] [0000.253] W> Return default slot: _a
[2022-03-13 13:35:33] [0000.256] I> A/B: bin_type (16) slot 0
[2022-03-13 13:35:33] [0000.260] I> Loading partition bpmp-fw at 0xd7800000
[2022-03-13 13:35:33] [0000.264] I> Reading two headers - addr:0xd7800000 blocks:1
[2022-03-13 13:35:33] [0000.270] I> Addr: 0xd7800000, start-block: 58777608, num_blocks: 1
[2022-03-13 13:35:33] [0000.295] I> Binary(16) of size 534416 is loaded @ 0xd7800000
[2022-03-13 13:35:33] [0000.301] W> No valid slot number is found in scratch register
[2022-03-13 13:35:33] [0000.306] W> Return default slot: _a
[2022-03-13 13:35:33] [0000.310] I> A/B: bin_type (17) slot 0
[2022-03-13 13:35:33] [0000.313] I> Loading partition bpmp-fw-dtb at 0xd79f0000
[2022-03-13 13:35:33] [0000.318] I> Reading two headers - addr:0xd79f0000 blocks:1
[2022-03-13 13:35:33] [0000.324] I> Addr: 0xd79f0000, start-block: 58780024, num_blocks: 1
[2022-03-13 13:35:33] [0000.350] I> Binary(17) of size 604720 is loaded @ 0xd796c400
[2022-03-13 13:35:34] [0000.580] I> Loading SCE-FW ...
[2022-03-13 13:35:34] [0000.583] W> No valid slot number is found in scratch register
[2022-03-13 13:35:34] [0000.588] W> Return default slot: _a
[2022-03-13 13:35:34] [0000.592] I> A/B: bin_type (12) slot 0
[2022-03-13 13:35:34] [0000.595] I> Loading partition sce-fw at 0xd7300000
[2022-03-13 13:35:34] [0000.600] I> Reading two headers - addr:0xd7300000 blocks:1
[2022-03-13 13:35:34] [0000.605] I> Addr: 0xd7300000, start-block: 58784120, num_blocks: 1
[2022-03-13 13:35:34] [0000.625] I> Binary(12) of size 125632 is loaded @ 0xd7300000
[2022-03-13 13:35:34] [0000.630] I> Init SCE
[2022-03-13 13:35:34] [0000.633] I> Loading APE-FW ...
[2022-03-13 13:35:34] [0000.636] W> No valid slot number is found in scratch register
[2022-03-13 13:35:34] [0000.641] W> Return default slot: _a
[2022-03-13 13:35:34] [0000.645] I> A/B: bin_type (11) slot 0
[2022-03-13 13:35:34] [0000.648] I> Loading partition adsp-fw at 0xd7400000
[2022-03-13 13:35:34] [0000.653] I> Reading two headers - addr:0xd7400000 blocks:1
[2022-03-13 13:35:34] [0000.659] I> Addr: 0xd7400000, start-block: 58761224, num_blocks: 1
[2022-03-13 13:35:34] [0000.678] I> Binary(11) of size 77216 is loaded @ 0xd7400000
[2022-03-13 13:35:34] [0000.683] I> Copy BTCM section
[2022-03-13 13:35:34] [0000.686] W> No valid slot number is found in scratch register
[2022-03-13 13:35:34] [0000.692] W> Return default slot: _a
[2022-03-13 13:35:34] [0000.695] I> A/B: bin_type (13) slot 0
[2022-03-13 13:35:34] [0000.699] I> Loading partition cpu-bootloader at 0x96000000
[2022-03-13 13:35:34] [0000.705] I> Reading two headers - addr:0x96000000 blocks:1
[2022-03-13 13:35:34] [0000.710] I> Addr: 0x96000000, start-block: 58740744, num_blocks: 1
[2022-03-13 13:35:34] [0000.731] I> Binary(13) of size 308800 is loaded @ 0x96000000
[2022-03-13 13:35:34] [0000.737] W> No valid slot number is found in scratch register
[2022-03-13 13:35:34] [0000.742] W> Return default slot: _a
[2022-03-13 13:35:34] [0000.746] I> A/B: bin_type (20) slot 0
[2022-03-13 13:35:34] [0000.749] I> Loading partition bootloader-dtb at 0x85205400
[2022-03-13 13:35:34] [0000.755] I> Reading two headers - addr:0x85205400 blocks:1
[2022-03-13 13:35:34] [0000.760] I> Addr: 0x85205400, start-block: 58742792, num_blocks: 1
[2022-03-13 13:35:34] [0000.782] I> Binary(20) of size 375568 is loaded @ 0x85205400
[2022-03-13 13:35:34] [0000.788] W> No valid slot number is found in scratch register
[2022-03-13 13:35:34] [0000.794] W> Return default slot: _a
[2022-03-13 13:35:34] [0000.797] I> A/B: bin_type (14) slot 0
[2022-03-13 13:35:34] [0000.801] I> Loading partition secure-os at 0x85305600
[2022-03-13 13:35:34] [0000.806] I> Reading two headers - addr:0x85305600 blocks:1
[2022-03-13 13:35:34] [0000.811] I> Addr: 0x85305600, start-block: 58744840, num_blocks: 1
[2022-03-13 13:35:34] [0000.833] I> Binary(14) of size 402864 is loaded @ 0x85305600
[2022-03-13 13:35:34] [0000.841] I> TOS boot-params @ 0x85000000
[2022-03-13 13:35:34] [0000.845] I> TOS params prepared
[2022-03-13 13:35:34] [0000.848] I> Loading EKS ...
[2022-03-13 13:35:34] [0000.850] I> A/B: bin_type (15) slot 0
[2022-03-13 13:35:34] [0000.854] I> Loading partition eks at 0x85905800
[2022-03-13 13:35:34] [0000.859] I> Reading two headers - addr:0x85905800 blocks:1
[2022-03-13 13:35:34] [0000.864] I> Addr: 0x85905800, start-block: 58757128, num_blocks: 1
[2022-03-13 13:35:34] [0000.883] I> Binary(15) of size 1040 is loaded @ 0x85905800
[2022-03-13 13:35:34] [0000.888] I> EKB detected (length: 0x400) @ 0x85905800
[2022-03-13 13:35:34] [0000.893] I> Copied encrypted keys
[2022-03-13 13:35:34] [0000.897] I> boot profiler @ 0x275844000
[2022-03-13 13:35:34] [0000.901] I> boot profiler for TOS @ 0x275844000
[2022-03-13 13:35:34] [0000.906] I> Unhalting SCE
[2022-03-13 13:35:34] [0000.908] I> Primary Memory Start:80000000 Size:70000000
[2022-03-13 13:35:34] [0000.914] I> Extended Memory Start:f0110000 Size:1856f0000
[2022-03-13 13:35:34] [0000.920] I> MB2(TBoot-BPMP) done
[2022-03-13 13:35:34] 
[2022-03-13 13:35:34] NOTICE:  BL31: v1.3(release):b5eeb33f7
[2022-03-13 13:35:34] NOTICE:  BL31: Built : 12:15:17, Jul 26 2021
[2022-03-13 13:35:34] ipc-unittest-main: 1519: Welcome to IPC unittest!!!
[2022-03-13 13:35:34] ipc-unittest-main: 1531: waiting forever
[2022-03-13 13:35:34] ipc-unittest-srv: 329: Init unittest services!!!
[2022-03-13 13:35:34] hwkey-agent: 41: hwkey-agent is running!!
[2022-03-13 13:35:34] hwkey-agent: 315: key_mgnt_processing .......
[2022-03-13 13:35:34] hwkey-agent: 223: Setting EKB key 0 to slot 14
[2022-03-13 13:35:34] hwkey-agent: 178: Init hweky-agent services!!
[2022-03-13 13:35:34] luks-srv: 40: luks-srv is running!!
[2022-03-13 13:35:34] luks-srv: 157: Init luks-srv IPC services!!
[2022-03-13 13:35:34] platform_bootstrap_epilog: trusty bootstrap complete
[2022-03-13 13:35:34] [0001.293] I> Welcome to Cboot
[2022-03-13 13:35:34] [0001.296] I> Cboot Version: t186-00029e71
[2022-03-13 13:35:34] [0001.300] I> CPU-BL Params @ 0x275800000
[2022-03-13 13:35:34] [0001.303] I>  0) Base:0x00000000 Size:0x00000000
[2022-03-13 13:35:34] [0001.308] I>  1) Base:0x277f00000 Size:0x00100000
[2022-03-13 13:35:34] [0001.312] I>  2) Base:0x277e00000 Size:0x00100000
[2022-03-13 13:35:34] [0001.317] I>  3) Base:0x277d00000 Size:0x00100000
[2022-03-13 13:35:34] [0001.321] I>  4) Base:0x277c00000 Size:0x00100000
[2022-03-13 13:35:34] [0001.326] I>  5) Base:0x277b00000 Size:0x00100000
[2022-03-13 13:35:34] [0001.330] I>  6) Base:0x277800000 Size:0x00200000
[2022-03-13 13:35:34] [0001.335] I>  7) Base:0x277400000 Size:0x00400000
[2022-03-13 13:35:34] [0001.340] I>  8) Base:0x277a00000 Size:0x00100000
[2022-03-13 13:35:34] [0001.344] I>  9) Base:0x277300000 Size:0x00100000
[2022-03-13 13:35:34] [0001.349] I> 10) Base:0x276800000 Size:0x00800000
[2022-03-13 13:35:34] [0001.353] I> 11) Base:0x30000000 Size:0x00040000
[2022-03-13 13:35:34] [0001.357] I> 12) Base:0xf0000000 Size:0x00100000
[2022-03-13 13:35:34] [0001.362] I> 13) Base:0x30040000 Size:0x00001000
[2022-03-13 13:35:34] [0001.366] I> 14) Base:0x30048000 Size:0x00001000
[2022-03-13 13:35:34] [0001.371] I> 15) Base:0x30049000 Size:0x00001000
[2022-03-13 13:35:34] [0001.375] I> 16) Base:0x3004a000 Size:0x00001000
[2022-03-13 13:35:34] [0001.380] I> 17) Base:0x3004b000 Size:0x00001000
[2022-03-13 13:35:34] [0001.384] I> 18) Base:0x3004c000 Size:0x00001000
[2022-03-13 13:35:34] [0001.389] I> 19) Base:0x3004d000 Size:0x00001000
[2022-03-13 13:35:34] [0001.393] I> 20) Base:0x3004e000 Size:0x00001000
[2022-03-13 13:35:34] [0001.397] I> 21) Base:0x3004f000 Size:0x00001000
[2022-03-13 13:35:34] [0001.402] I> 22) Base:0x00000000 Size:0x00000000
[2022-03-13 13:35:34] [0001.406] I> 23) Base:0xf0100000 Size:0x00010000
[2022-03-13 13:35:34] [0001.411] I> 24) Base:0x00000000 Size:0x00000000
[2022-03-13 13:35:34] [0001.415] I> 25) Base:0x00000000 Size:0x00000000
[2022-03-13 13:35:34] [0001.420] I> 26) Base:0x00000000 Size:0x00000000
[2022-03-13 13:35:34] [0001.424] I> 27) Base:0x00000000 Size:0x00000000
[2022-03-13 13:35:34] [0001.428] I> 28) Base:0x84400000 Size:0x00400000
[2022-03-13 13:35:34] [0001.433] I> 29) Base:0x30000000 Size:0x00010000
[2022-03-13 13:35:34] [0001.437] I> 30) Base:0x278000000 Size:0x08000000
[2022-03-13 13:35:34] [0001.442] I> 31) Base:0x00000000 Size:0x00000000
[2022-03-13 13:35:34] [0001.446] I> 32) Base:0x276000000 Size:0x00600000
[2022-03-13 13:35:34] [0001.451] I> 33) Base:0x80000000 Size:0x70000000
[2022-03-13 13:35:34] [0001.455] I> 34) Base:0xf0110000 Size:0x1856f0000
[2022-03-13 13:35:34] [0001.460] I> 35) Base:0x00000000 Size:0x00000000
[2022-03-13 13:35:34] [0001.464] I> 36) Base:0x00000000 Size:0x00000000
[2022-03-13 13:35:35] [0001.469] I> 37) Base:0x2772e0000 Size:0x00020000
[2022-03-13 13:35:35] [0001.473] I> 38) Base:0x84000000 Size:0x00400000
[2022-03-13 13:35:35] [0001.477] I> 39) Base:0x96000000 Size:0x02000000
[2022-03-13 13:35:35] [0001.482] I> 40) Base:0x85000000 Size:0x01200000
[2022-03-13 13:35:35] [0001.486] I> 41) Base:0x275800000 Size:0x00500000
[2022-03-13 13:35:35] [0001.491] I> 42) Base:0x00000000 Size:0x00000000
[2022-03-13 13:35:35] [0001.495] I> 43) Base:0x00000000 Size:0x00000000
[2022-03-13 13:35:35] [0001.500] GIC-SPI Target CPU: 4
[2022-03-13 13:35:35] [0001.503] Interrupts Init done
[2022-03-13 13:35:35] [0001.506] calling constructors
[2022-03-13 13:35:35] [0001.509] initializing heap
[2022-03-13 13:35:35] [0001.512] initializing threads
[2022-03-13 13:35:35] [0001.515] initializing timers
[2022-03-13 13:35:35] [0001.518] creating bootstrap completion thread
[2022-03-13 13:35:35] [0001.523] top of bootstrap2()
[2022-03-13 13:35:35] [0001.526] CPU: ARM Cortex A57
[2022-03-13 13:35:35] [0001.529] CPU: MIDR: 0x411FD073, MPIDR: 0x80000100
[2022-03-13 13:35:35] [0001.534] initializing platform
[2022-03-13 13:35:35] [0001.538] I> Bl_dtb @0x85205400
[2022-03-13 13:35:35] [0001.541] I> gpio framework initialized
[2022-03-13 13:35:35] [0001.547] I> tegrabl_gpio_driver_register: register 'nvidia,tegra186-gpio' driver
[2022-03-13 13:35:35] [0001.557] I> tegrabl_gpio_driver_register: register 'nvidia,tegra186-gpio-aon' driver
[2022-03-13 13:35:35] [0001.565] I> GPIO framework and drivers are initialized.
[2022-03-13 13:35:35] [0001.570] I> Boot-device: eMMC
[2022-03-13 13:35:35] [0001.577] I> sdmmc bdev is already initialized
[2022-03-13 13:35:35] [0001.608] I> Found 19 partitions in SDMMC_BOOT (instance 3)
[2022-03-13 13:35:35] [0001.626] I> Found 33 partitions in SDMMC_USER (instance 3)
[2022-03-13 13:35:35] [0001.631] W> opt-in fuse is not set, skip fuse_burning
[2022-03-13 13:35:35] [0001.636] I> Reserved memory at 0xfbe00000 for U-Boot relocation
[2022-03-13 13:35:35] [0001.642] W> No valid slot number is found in scratch register
[2022-03-13 13:35:35] [0001.647] W> Return default slot: _a
[2022-03-13 13:35:35] [0001.657] I> A/B: bin_type (21) slot 0
[2022-03-13 13:35:35] [0001.661] I> Loading kernel-dtb from partition
[2022-03-13 13:35:35] [0001.665] I> Loading partition kernel-dtb at 0x80000000 from device(0x1)
[2022-03-13 13:35:35] [0001.682] I> Kernel_dtb @0x80000000
[2022-03-13 13:35:35] [0001.685] I> tegrabl_tca9539_init: i2c bus: 0, slave addr: 0xee
[2022-03-13 13:35:35] [0001.695] I> tegrabl_gpio_driver_register: register 'tca9539_gpio_driver' driver
[2022-03-13 13:35:35] [0001.703] I> tegrabl_tca9539_init: i2c bus: 0, slave addr: 0xe8
[2022-03-13 13:35:35] [0001.712] I> tegrabl_gpio_driver_register: register 'tca9539_gpio_driver' driver
[2022-03-13 13:35:35] [0001.722] I> fixed regulator driver initialized
[2022-03-13 13:35:35] [0001.755] I> register 'maxim' power off handle
[2022-03-13 13:35:35] [0001.761] I> virtual i2c enabled
[2022-03-13 13:35:35] [0001.764] I> registered 'maxim,max77620' pmic
[2022-03-13 13:35:35] [0001.769] I> tegrabl_gpio_driver_register: register 'max77620-gpio' driver
[2022-03-13 13:35:35] [0001.783] E> failed to read label property for node 324936: 13
[2022-03-13 13:35:35] [0001.791] E> failed to read reg property for node 325032: 13
[2022-03-13 13:35:35] [0001.799] E> failed to read reg property for node 325084: 13
[2022-03-13 13:35:35] [0001.808] E> failed to read label property for node 325168: 13
[2022-03-13 13:35:35] [0001.816] E> failed to read label property for node 325236: 13
[2022-03-13 13:35:35] [0001.825] E> failed to read reg property for node 325304: 13
[2022-03-13 13:35:35] [0001.833] E> failed to read reg property for node 325376: 13
[2022-03-13 13:35:35] [0001.843] I> Find /i2c@c250000's alias i2c7
[2022-03-13 13:35:35] [0001.847] I> Reading eeprom i2c=7 address=0x50
[2022-03-13 13:35:35] [0001.876] I> Device at /i2c@c250000:0x50
[2022-03-13 13:35:35] [0001.880] I> Reading eeprom i2c=7 address=0x57
[2022-03-13 13:35:35] [0001.909] I> Device at /i2c@c250000:0x57
[2022-03-13 13:35:35] [0001.913] I> Find /i2c@c240000's alias i2c1
[2022-03-13 13:35:35] [0001.917] I> Reading eeprom i2c=1 address=0x51
[2022-03-13 13:35:35] [0001.922] E> I2C: slave not found in slaves.
[2022-03-13 13:35:35] [0001.926] E> I2C: Could not write 0 bytes to slave: 0x00a2 with repeat start true.
[2022-03-13 13:35:35] [0001.934] E> I2C_DEV: Failed to send register address 0x00000000.
[2022-03-13 13:35:35] [0001.940] E> I2C_DEV: Could not read 256 registers of size 1 from slave 0xa2 at 0x00000000 via instance 1.
[2022-03-13 13:35:35] [0001.950] E> eeprom: Retry to read I2C slave device.
[2022-03-13 13:35:35] [0001.954] E> I2C: slave not found in slaves.
[2022-03-13 13:35:35] [0001.959] E> I2C: Could not write 0 bytes to slave: 0x00a2 with repeat start true.
[2022-03-13 13:35:35] [0001.966] E> I2C_DEV: Failed to send register address 0x00000000.
[2022-03-13 13:35:35] [0001.972] E> I2C_DEV: Could not read 256 registers of size 1 from slave 0xa2 at 0x00000000 via instance 1.
[2022-03-13 13:35:35] [0001.982] E> eeprom: Failed to read I2C slave device
[2022-03-13 13:35:35] [0001.986] I> Eeprom read failed 0x3526070d
[2022-03-13 13:35:35] [0001.991] I> Find /i2c@3160000's alias i2c0
[2022-03-13 13:35:35] [0001.995] I> Reading eeprom i2c=0 address=0x50
[2022-03-13 13:35:35] [0001.999] E> I2C: slave not found in slaves.
[2022-03-13 13:35:35] [0002.003] E> I2C: Could not write 0 bytes to slave: 0x00a0 with repeat start true.
[2022-03-13 13:35:35] [0002.011] E> I2C_DEV: Failed to send register address 0x00000000.
[2022-03-13 13:35:35] [0002.017] E> I2C_DEV: Could not read 256 registers of size 1 from slave 0xa0 at 0x00000000 via instance 0.
[2022-03-13 13:35:35] [0002.026] E> eeprom: Failed to read I2C slave device
[2022-03-13 13:35:35] [0002.031] I> Eeprom read failed 0x3526070d
[2022-03-13 13:35:35] [0002.036] I> Find /i2c@3180000's alias i2c2
[2022-03-13 13:35:35] [0002.040] I> Reading eeprom i2c=2 address=0x54
[2022-03-13 13:35:35] [0002.044] I> Enabling gpio chip_id = 2, gpio pin = 9
[2022-03-13 13:35:35] [0002.075] I> Disabling gpio chip_id = 2, gpio pin = 9
[2022-03-13 13:35:35] [0002.080] I> Device at /i2c@3180000:0x54
[2022-03-13 13:35:35] [0002.084] I> Reading eeprom i2c=2 address=0x57
[2022-03-13 13:35:35] [0002.088] I> Enabling gpio chip_id = 2, gpio pin = 9
[2022-03-13 13:35:35] [0002.094] E> I2C: slave not found in slaves.
[2022-03-13 13:35:35] [0002.098] E> I2C: Could not write 0 bytes to slave: 0x00ae with repeat start true.
[2022-03-13 13:35:35] [0002.106] E> I2C_DEV: Failed to send register address 0x00000000.
[2022-03-13 13:35:35] [0002.111] E> I2C_DEV: Could not read 256 registers of size 1 from slave 0xae at 0x00000000 via instance 2.
[2022-03-13 13:35:35] [0002.121] E> eeprom: Failed to read I2C slave device
[2022-03-13 13:35:35] [0002.126] I> Disabling gpio chip_id = 2, gpio pin = 9
[2022-03-13 13:35:35] [0002.131] I> Eeprom read failed 0x00000000
[2022-03-13 13:35:35] [0002.135] I> create_pm_ids: id: 3310-1000-D00-L, len: 15
[2022-03-13 13:35:35] [0002.140] I> config: mem-type:00,power-config:00,misc-config:00,modem-config:00,touch-config:00,display-config:00,, len: 93
[2022-03-13 13:35:35] [0002.151] I> create_pm_ids: id: 2597-0000-900-E, len: 15
[2022-03-13 13:35:35] [0002.156] I> config: mem-type:00,power-config:00,misc-config:00,modem-config:00,touch-config:00,display-config:00,, len: 93
[2022-03-13 13:35:35] [0002.167] I> create_pm_ids: id: 3326-1000-000-M, len: 15
[2022-03-13 13:35:35] [0002.172] I> config: mem-type:ff,power-config:ff,misc-config:ff,modem-config:ff,touch-config:ff,display-config:ff,, len: 93
[2022-03-13 13:35:35] [0002.207] I> enabling 'vdd-hdmi' regulator
[2022-03-13 13:35:35] [0002.223] I> regulator 'vdd-hdmi' already enabled
[2022-03-13 13:35:35] [0002.227] E> tegrabl_display_init_regulator: hdmi cable is not connected
[2022-03-13 13:35:35] [0002.234] E> tegrabl_display_get_pdata, failed to parse dtb settings
[2022-03-13 13:35:35] [0002.243] E> cannot find any other nvdisp nodes
[2022-03-13 13:35:35] [0002.247] E> no valid display unit config found in dtb
[2022-03-13 13:35:35] [0002.253] W> display init failed
[2022-03-13 13:35:35] [0002.256] initializing target
[2022-03-13 13:35:35] [0002.259] calling apps_init()
[2022-03-13 13:35:35] [0002.262] starting app kernel_boot_app
[2022-03-13 13:35:35] [0002.284] I> found decompressor handler: lz4-legacy
[2022-03-13 13:35:35] [0002.289] I> decompressing BMP blob ...
[2022-03-13 13:35:35] [0002.301] I> Kernel type = Normal
[2022-03-13 13:35:35] [0002.305] I> ########## Fixed storage boot ##########
[2022-03-13 13:35:35] [0002.309] I> Loading kernel-bootctrl from partition
[2022-03-13 13:35:35] [0002.314] I> Loading partition kernel-bootctrl at 0xa8000000 from device(0x1)
[2022-03-13 13:35:35] [0002.328] W> tegrabl_get_kernel_bootctrl: magic number(0x00000000) is invalid
[2022-03-13 13:35:35] [0002.335] W> tegrabl_get_kernel_bootctrl: use default dummy boot control data
[2022-03-13 13:35:35] [0002.342] W> No valid slot number is found in scratch register
[2022-03-13 13:35:35] [0002.348] W> Return default slot: _a
[2022-03-13 13:35:35] [0002.351] I> A/B: bin_type (24) slot 0
[2022-03-13 13:35:35] [0002.367] I> Boot image size read from image header: 9913d
[2022-03-13 13:35:35] [0002.372] I> Boot image load address: 0x80400000
[2022-03-13 13:35:35] [0002.376] I> Loading kernel from partition
[2022-03-13 13:35:35] [0002.380] I> Loading partition kernel at 0x80400000 from device(0x1)
[2022-03-13 13:35:36] [0003.322] I> Validate kernel ...
[2022-03-13 13:35:36] [0003.326] I> T18x: Authenticate kernel (bin_type 24), max size 0x4000000
[2022-03-13 13:35:36] [0003.333] I> Decrypt the buffer ... [0003.337] W> tegrabl_decrypt_block: fuse (0x0) is not burnt to do encryption (0x4); skip decryption.
[2022-03-13 13:35:36] [0003.346] I> done
[2022-03-13 13:35:36] [0003.347] I> Checking boot.img header magic ... [0003.352] I> [OK]
[2022-03-13 13:35:36] [0003.353] I> kernel-dtb is already loaded
[2022-03-13 13:35:36] [0003.357] I> Validate kernel-dtb ...
[2022-03-13 13:35:36] [0003.361] I> T18x: Authenticate kernel-dtb (bin_type 21), max size 0x100000
[2022-03-13 13:35:36] [0003.368] I> Decrypt the buffer ... [0003.371] W> tegrabl_decrypt_block: fuse (0x0) is not burnt to do encryption (0x4); skip decryption.
[2022-03-13 13:35:36] [0003.380] I> done
[2022-03-13 13:35:36] [0003.382] I> Kernel hdr @0x80400000
[2022-03-13 13:35:36] [0003.385] I> Kernel dtb @0x80000000
[2022-03-13 13:35:36] [0003.389] I> decompressor handler not found
[2022-03-13 13:35:36] [0003.393] I> Copying kernel image (627005 bytes) from 0x80400800 to 0x80600000 ... [0003.400] I> Done
[2022-03-13 13:35:36] [0003.402] I> Move ramdisk (len: 0) from 0x8049a000 to 0x947d0000
[2022-03-13 13:35:36] [0003.409] I> Updated bpmp info to DTB
[2022-03-13 13:35:36] [0003.415] I> Ramdisk: Base: 0x947d0000; Size: 0x0
[2022-03-13 13:35:36] [0003.420] I> Updated initrd info to DTB
[2022-03-13 13:35:36] [0003.424] W> WARN: Fail to override "console=none" in commandline
[2022-03-13 13:35:36] [0003.430] I> Active rootfs suffix: 
[2022-03-13 13:35:36] [0003.433] E> tegrabl_linuxboot_add_disp_param, du 0 failed to get display params
[2022-03-13 13:35:36] [0003.440] E> tegrabl_linuxboot_add_disp_param, du 0 failed to get display params
[2022-03-13 13:35:36] [0003.447] E> tegrabl_linuxboot_add_disp_param, du 0 failed to get display params
[2022-03-13 13:35:36] [0003.455] I> disabled_core_mask: 0xffffff0c
[2022-03-13 13:35:36] [0003.459] W> No valid slot number is found in scratch register
[2022-03-13 13:35:36] [0003.464] W> Return default slot: _a
[2022-03-13 13:35:37] [0003.468] I> Active slot suffix: 
[2022-03-13 13:35:37] [0003.471] I> add_boot_slot_suffix: slot_suffix = 
[2022-03-13 13:35:37] [0003.475] I> Linux Cmdline: console=ttyS0,115200 androidboot.presilicon=true firmware_class.path=/etc/firmware root=/dev/mmcblk0p1 rw rootwait rootfstype=ext4 console=ttyS0,115200n8 console=tty0 fbcon=map:0 net.ifnames=0 isolcpus=1-2  video=tegrafb earlycon=uart8250,mmio32,0x3100000 nvdumper_reserved=0x2772e0000 gpt rootfs.slot_suffix= usbcore.old_scheme_first=1 tegraid=18.1.2.0.0 maxcpus=6 no_console_suspend boot.slot_suffix= boot.ratchetvalues=0.2031647.1 vpr_resize bl_prof_dataptr=0x10000@0x275840000 sdhci_tegra.en_boot_part_access=1 
[2022-03-13 13:35:37] [0003.523] I> Updated bootarg info to DTB
[2022-03-13 13:35:37] [0003.526] I> eeprom_get_mac_addr: MAC (type: 0): 48:b0:2d:0f:11:c5
[2022-03-13 13:35:37] [0003.533] I> eeprom_get_mac_addr: MAC (type: 1): 48:b0:2d:0f:11:c6
[2022-03-13 13:35:37] [0003.539] I> eeprom_get_mac_addr: MAC (type: 2): 48:b0:2d:0f:11:c7
[2022-03-13 13:35:37] [0003.545] E> Found no plugin manager ids in source DT
[2022-03-13 13:35:37] [0003.550] W> Add plugin manager ids from board info
[2022-03-13 13:35:37] [0003.555] W> "plugin-manager" doesn't exist, creating
[2022-03-13 13:35:37] [0003.560] W> "ids" doesn't exist, creating
[2022-03-13 13:35:37] [0003.564] W> "connection" doesn't exist, creating
[2022-03-13 13:35:37] [0003.568] W> "configs" doesn't exist, creating
[2022-03-13 13:35:37] [0003.573] I> create_pm_ids: id: 3310-1000-D00-L, len: 15
[2022-03-13 13:35:37] [0003.578] I> config: mem-type:00,power-config:00,misc-config:00,modem-config:00,touch-config:00,display-config:00,, len: 93
[2022-03-13 13:35:37] [0003.589] I> create_pm_ids: id: 2597-0000-900-E, len: 15
[2022-03-13 13:35:37] [0003.594] I> config: mem-type:00,power-config:00,misc-config:00,modem-config:00,touch-config:00,display-config:00,, len: 93
[2022-03-13 13:35:37] [0003.605] I> create_pm_ids: id: 3326-1000-000-M, len: 15
[2022-03-13 13:35:37] [0003.610] I> config: mem-type:ff,power-config:ff,misc-config:ff,modem-config:ff,touch-config:ff,display-config:ff,, len: 93
[2022-03-13 13:35:37] [0003.621] I> Adding plugin-manager/ids/3310-1000-D00=/i2c@c250000:module@0x50
[2022-03-13 13:35:37] [0003.628] W> "i2c@c250000" doesn't exist, creating
[2022-03-13 13:35:37] [0003.633] W> "module@0x50" doesn't exist, creating
[2022-03-13 13:35:37] [0003.638] I> Adding plugin-manager/ids/2597-0000-900=/i2c@c250000:module@0x57
[2022-03-13 13:35:37] [0003.645] W> "module@0x57" doesn't exist, creating
[2022-03-13 13:35:37] [0003.650] I> Adding plugin-manager/ids/3326-1000-000=/i2c@3180000:module@0x54
[2022-03-13 13:35:37] [0003.657] W> "i2c@3180000" doesn't exist, creating
[2022-03-13 13:35:37] [0003.662] W> "module@0x54" doesn't exist, creating
[2022-03-13 13:35:37] [0003.669] I> Adding plugin-manager/ids/3310-1000-D00-L
[2022-03-13 13:35:37] [0003.676] I> Adding plugin-manager/configs/3310-mem-type 00
[2022-03-13 13:35:37] [0003.681] I> Adding plugin-manager/configs/3310-power-config 00
[2022-03-13 13:35:37] [0003.687] I> Adding plugin-manager/configs/3310-misc-config 00
[2022-03-13 13:35:37] [0003.693] I> Adding plugin-manager/configs/3310-modem-config 00
[2022-03-13 13:35:37] [0003.699] I> Adding plugin-manager/configs/3310-touch-config 00
[2022-03-13 13:35:37] [0003.705] I> Adding plugin-manager/configs/3310-display-config 00
[2022-03-13 13:35:37] [0003.711] I> Adding plugin-manager/cvm
[2022-03-13 13:35:37] [0003.715] W> "chip-id" doesn't exist, creating
[2022-03-13 13:35:37] [0003.719] I> Adding plugin-manager/chip-id/A02P
[2022-03-13 13:35:37] [0003.724] W> "odm-data" doesn't exist, creating
[2022-03-13 13:35:37] [0003.729] I> Adding /chosen/plugin-manager/odm-data
[2022-03-13 13:35:37] [0003.738] I> added [base:0x80000000, size:0x70000000] to /memory
[2022-03-13 13:35:37] [0003.744] I> added [base:0xf0200000, size:0x185600000] to /memory
[2022-03-13 13:35:37] [0003.750] I> added [base:0x275e00000, size:0x200000] to /memory
[2022-03-13 13:35:37] [0003.756] I> added [base:0x276600000, size:0x200000] to /memory
[2022-03-13 13:35:37] [0003.762] I> added [base:0x277000000, size:0x200000] to /memory
[2022-03-13 13:35:37] [0003.767] I> Updated memory info to DTB
[2022-03-13 13:35:37] [0003.772] E> add_disp_param: failed to get display params for du=0
[2022-03-13 13:35:37] [0003.780] W> "reset" doesn't exist, creating
[2022-03-13 13:35:37] [0003.784] W> "pmc-reset-reason" doesn't exist, creating
[2022-03-13 13:35:37] [0003.790] W> "pmic-reset-reason" doesn't exist, creating
[2022-03-13 13:35:37] [0003.796] I> Adding ecid(00000001646db7851000000013038200) to DT
[2022-03-13 13:35:37] [0003.802] I> disabled_core_mask: 0xffffff0c
[2022-03-13 13:35:37] [0003.815] I> Add serial number:1422420022173 as DT property
[2022-03-13 13:35:37] [0003.823] I> Plugin-manager override starting
[2022-03-13 13:35:37] [0003.829] I> node /plugin-manager/fragement@0 matches
[2022-03-13 13:35:37] [0003.839] I> node /plugin-manager/fragement@4 matches
[2022-03-13 13:35:37] [0003.852] I> node /plugin-manager/fragment-sdwake-p3310-1000-300 matches
[2022-03-13 13:35:37] [0003.872] I> node /plugin-manager/fragement-pmon-p3310-1000-300 matches
[2022-03-13 13:35:37] [0003.881] I> node /plugin-manager/fragement-pmon-p3310-1000-800 matches
[2022-03-13 13:35:37] [0003.891] I> node /plugin-manager/fragment-devslp@0 matches
[2022-03-13 13:35:37] [0003.903] I> node /plugin-manager/fragment-500-pcie-config matches
[2022-03-13 13:35:37] [0003.918] I> node /plugin-manager/fragment-500-xusb-config matches
[2022-03-13 13:35:37] [0003.941] I> node /plugin-manager/fragment-p3310-c00-comm matches
[2022-03-13 13:35:37] [0003.955] I> node /plugin-manager/fragment-p3310-c00-pmic matches
[2022-03-13 13:35:37] [0003.965] I> node /plugin-manager/fragment-p3310-c01 matches
[2022-03-13 13:35:37] [0003.978] I> node /plugin-manager/fragment-p3310-c03 matches
[2022-03-13 13:35:37] [0004.021] I> node /plugin-manager/fragment-e3326@0 matches
[2022-03-13 13:35:37] [0004.102] I> node /plugin-manager/fragment-p3310-c00-camera matches
[2022-03-13 13:35:37] [0004.129] I> Disable plugin-manager status in FDT
[2022-03-13 13:35:37] [0004.134] I> Plugin-manager override finished successfully
[2022-03-13 13:35:37] [0004.139] I> tegrabl_load_kernel_and_dtb: Done
[2022-03-13 13:35:37] [0004.143] E> tegrabl_display_clear: display is not initialized
[2022-03-13 13:35:37] [0004.149] W> Boot logo display failed...
[2022-03-13 13:35:37] [0004.153] I> Kernel EP: 0x80600000, DTB: 0x80000000
[2022-03-13 13:35:37] 
[2022-03-13 13:35:37] 
[2022-03-13 13:35:37] U-Boot 2020.04-g46e4604c78 (Jul 26 2021 - 12:10:58 -0700)
[2022-03-13 13:35:37] 
[2022-03-13 13:35:37] SoC: tegra186
[2022-03-13 13:35:37] Model: NVIDIA P2771-0000-500
[2022-03-13 13:35:37] Board: NVIDIA P2771-0000
[2022-03-13 13:35:37] DRAM:  7.8 GiB
[2022-03-13 13:35:37] MMC:   sdhci@3400000: 1, sdhci@3460000: 0
[2022-03-13 13:35:37] Loading Environment from MMC... *** Warning - bad CRC, using default environment
[2022-03-13 13:35:37] 
[2022-03-13 13:35:37] In:    serial
[2022-03-13 13:35:37] Out:   serial
[2022-03-13 13:35:37] Err:   serial
[2022-03-13 13:35:37] Net:   
[2022-03-13 13:35:37] Warning: ethernet@2490000 using MAC address from ROM
[2022-03-13 13:35:37] eth0: ethernet@2490000
[2022-03-13 13:35:37] Hit any key to stop autoboot:  2 [0000.286] I> Welcome to MB2(TBoot-BPMP)(version: 01.00.160913-t186-M-00.00-mobile-c368a720)
[2022-03-13 13:35:41] [0000.294] I> Boot-device: eMMC
[2022-03-13 13:35:41] [0000.302] I> sdmmc bdev is already initialized
[2022-03-13 13:35:41] [0000.306] I> pmic: reset reason (nverc)	: 0x80
[2022-03-13 13:35:41] [0000.339] I> Found 19 partitions in SDMMC_BOOT (instance 3)
[2022-03-13 13:35:41] [0000.359] I> Found 33 partitions in SDMMC_USER (instance 3)
[2022-03-13 13:35:41] [0000.365] W> No valid slot number is found in scratch register
[2022-03-13 13:35:41] [0000.371] W> Return default slot: _a
[2022-03-13 13:35:41] [0000.374] I> A/B: bin_type (16) slot 0
[2022-03-13 13:35:41] [0000.378] I> Loading partition bpmp-fw at 0xd7800000
[2022-03-13 13:35:41] [0000.383] I> Reading two headers - addr:0xd7800000 blocks:1
[2022-03-13 13:35:41] [0000.388] I> Addr: 0xd7800000, start-block: 58777608, num_blocks: 1
[2022-03-13 13:35:41] [0000.413] I> Binary(16) of size 534416 is loaded @ 0xd7800000
[2022-03-13 13:35:41] [0000.419] W> No valid slot number is found in scratch register
[2022-03-13 13:35:41] [0000.424] W> Return default slot: _a
[2022-03-13 13:35:41] [0000.428] I> A/B: bin_type (17) slot 0
[2022-03-13 13:35:41] [0000.431] I> Loading partition bpmp-fw-dtb at 0xd79f0000
[2022-03-13 13:35:41] [0000.437] I> Reading two headers - addr:0xd79f0000 blocks:1
[2022-03-13 13:35:41] [0000.442] I> Addr: 0xd79f0000, start-block: 58780024, num_blocks: 1
[2022-03-13 13:35:41] [0000.468] I> Binary(17) of size 604720 is loaded @ 0xd796c400
[2022-03-13 13:35:41] [0000.698] I> Loading SCE-FW ...
[2022-03-13 13:35:41] [0000.701] W> No valid slot number is found in scratch register
[2022-03-13 13:35:41] [0000.706] W> Return default slot: _a
[2022-03-13 13:35:41] [0000.710] I> A/B: bin_type (12) slot 0
[2022-03-13 13:35:41] [0000.713] I> Loading partition sce-fw at 0xd7300000
[2022-03-13 13:35:41] [0000.718] I> Reading two headers - addr:0xd7300000 blocks:1
[2022-03-13 13:35:41] [0000.724] I> Addr: 0xd7300000, start-block: 58784120, num_blocks: 1
[2022-03-13 13:35:41] [0000.743] I> Binary(12) of size 125632 is loaded @ 0xd7300000
[2022-03-13 13:35:41] [0000.748] I> Init SCE
[2022-03-13 13:35:41] [0000.751] I> Loading APE-FW ...
[2022-03-13 13:35:41] [0000.754] W> No valid slot number is found in scratch register
[2022-03-13 13:35:41] [0000.760] W> Return default slot: _a
[2022-03-13 13:35:41] [0000.763] I> A/B: bin_type (11) slot 0
[2022-03-13 13:35:41] [0000.767] I> Loading partition adsp-fw at 0xd7400000
[2022-03-13 13:35:41] [0000.771] I> Reading two headers - addr:0xd7400000 blocks:1
[2022-03-13 13:35:41] [0000.777] I> Addr: 0xd7400000, start-block: 58761224, num_blocks: 1
[2022-03-13 13:35:41] [0000.796] I> Binary(11) of size 77216 is loaded @ 0xd7400000
[2022-03-13 13:35:41] [0000.802] I> Copy BTCM section
[2022-03-13 13:35:41] [0000.805] W> No valid slot number is found in scratch register
[2022-03-13 13:35:41] [0000.810] W> Return default slot: _a
[2022-03-13 13:35:41] [0000.814] I> A/B: bin_type (13) slot 0
[2022-03-13 13:35:41] [0000.817] I> Loading partition cpu-bootloader at 0x96000000
[2022-03-13 13:35:41] [0000.823] I> Reading two headers - addr:0x96000000 blocks:1
[2022-03-13 13:35:41] [0000.828] I> Addr: 0x96000000, start-block: 58740744, num_blocks: 1
[2022-03-13 13:35:41] [0000.849] I> Binary(13) of size 308800 is loaded @ 0x96000000
[2022-03-13 13:35:41] [0000.855] W> No valid slot number is found in scratch register
[2022-03-13 13:35:41] [0000.861] W> Return default slot: _a
[2022-03-13 13:35:41] [0000.864] I> A/B: bin_type (20) slot 0
[2022-03-13 13:35:42] [0000.868] I> Loading partition bootloader-dtb at 0x85205400
[2022-03-13 13:35:42] [0000.873] I> Reading two headers - addr:0x85205400 blocks:1
[2022-03-13 13:35:42] [0000.879] I> Addr: 0x85205400, start-block: 58742792, num_blocks: 1
[2022-03-13 13:35:42] [0000.901] I> Binary(20) of size 375568 is loaded @ 0x85205400
[2022-03-13 13:35:42] [0000.906] W> No valid slot number is found in scratch register
[2022-03-13 13:35:42] [0000.912] W> Return default slot: _a
[2022-03-13 13:35:42] [0000.915] I> A/B: bin_type (14) slot 0
[2022-03-13 13:35:42] [0000.919] I> Loading partition secure-os at 0x85305600
[2022-03-13 13:35:42] [0000.924] I> Reading two headers - addr:0x85305600 blocks:1
[2022-03-13 13:35:42] [0000.930] I> Addr: 0x85305600, start-block: 58744840, num_blocks: 1
[2022-03-13 13:35:42] [0000.952] I> Binary(14) of size 402864 is loaded @ 0x85305600
[2022-03-13 13:35:42] [0000.959] I> TOS boot-params @ 0x85000000
[2022-03-13 13:35:42] [0000.963] I> TOS params prepared
[2022-03-13 13:35:42] [0000.966] I> Loading EKS ...
[2022-03-13 13:35:42] [0000.969] I> A/B: bin_type (15) slot 0
[2022-03-13 13:35:42] [0000.973] I> Loading partition eks at 0x85905800
[2022-03-13 13:35:42] [0000.977] I> Reading two headers - addr:0x85905800 blocks:1
[2022-03-13 13:35:42] [0000.983] I> Addr: 0x85905800, start-block: 58757128, num_blocks: 1
[2022-03-13 13:35:42] [0001.001] I> Binary(15) of size 1040 is loaded @ 0x85905800
[2022-03-13 13:35:42] [0001.007] I> EKB detected (length: 0x400) @ 0x85905800
[2022-03-13 13:35:42] [0001.012] I> Copied encrypted keys
[2022-03-13 13:35:42] [0001.016] I> boot profiler @ 0x275844000
[2022-03-13 13:35:42] [0001.020] I> boot profiler for TOS @ 0x275844000
[2022-03-13 13:35:42] [0001.024] I> Unhalting SCE
[2022-03-13 13:35:42] [0001.027] I> Primary Memory Start:80000000 Size:70000000
[2022-03-13 13:35:42] [0001.032] I> Extended Memory Start:f0110000 Size:1856f0000
[2022-03-13 13:35:42] [0001.039] I> MB2(TBoot-BPMP) done
[2022-03-13 13:35:42] 
[2022-03-13 13:35:42] NOTICE:  BL31: v1.3(release):b5eeb33f7
[2022-03-13 13:35:42] NOTICE:  BL31: Built : 12:15:17, Jul 26 2021
[2022-03-13 13:35:42] ipc-unittest-main: 1519: Welcome to IPC unittest!!!
[2022-03-13 13:35:42] ipc-unittest-main: 1531: waiting forever
[2022-03-13 13:35:42] ipc-unittest-srv: 329: Init unittest services!!!
[2022-03-13 13:35:42] hwkey-agent: 41: hwkey-agent is running!!
[2022-03-13 13:35:42] hwkey-agent: 315: key_mgnt_processing .......
[2022-03-13 13:35:42] hwkey-agent: 223: Setting EKB key 0 to slot 14
[2022-03-13 13:35:42] hwkey-agent: 178: Init hweky-agent services!!
[2022-03-13 13:35:42] luks-srv: 40: luks-srv is running!!
[2022-03-13 13:35:42] luks-srv: 157: Init luks-srv IPC services!!
[2022-03-13 13:35:42] platform_bootstrap_epilog: trusty bootstrap complete
[2022-03-13 13:35:42] [0001.411] I> Welcome to Cboot
[2022-03-13 13:35:42] [0001.414] I> Cboot Version: t186-00029e71
[2022-03-13 13:35:42] [0001.418] I> CPU-BL Params @ 0x275800000
[2022-03-13 13:35:42] [0001.422] I>  0) Base:0x00000000 Size:0x00000000
[2022-03-13 13:35:42] [0001.426] I>  1) Base:0x277f00000 Size:0x00100000
[2022-03-13 13:35:42] [0001.431] I>  2) Base:0x277e00000 Size:0x00100000
[2022-03-13 13:35:42] [0001.435] I>  3) Base:0x277d00000 Size:0x00100000
[2022-03-13 13:35:42] [0001.440] I>  4) Base:0x277c00000 Size:0x00100000
[2022-03-13 13:35:42] [0001.444] I>  5) Base:0x277b00000 Size:0x00100000
[2022-03-13 13:35:42] [0001.449] I>  6) Base:0x277800000 Size:0x00200000
[2022-03-13 13:35:42] [0001.453] I>  7) Base:0x277400000 Size:0x00400000
[2022-03-13 13:35:42] [0001.458] I>  8) Base:0x277a00000 Size:0x00100000
[2022-03-13 13:35:42] [0001.462] I>  9) Base:0x277300000 Size:0x00100000
[2022-03-13 13:35:42] [0001.467] I> 10) Base:0x276800000 Size:0x00800000
[2022-03-13 13:35:42] [0001.471] I> 11) Base:0x30000000 Size:0x00040000
[2022-03-13 13:35:42] [0001.476] I> 12) Base:0xf0000000 Size:0x00100000
[2022-03-13 13:35:42] [0001.480] I> 13) Base:0x30040000 Size:0x00001000
[2022-03-13 13:35:42] [0001.485] I> 14) Base:0x30048000 Size:0x00001000
[2022-03-13 13:35:42] [0001.489] I> 15) Base:0x30049000 Size:0x00001000
[2022-03-13 13:35:42] [0001.494] I> 16) Base:0x3004a000 Size:0x00001000
[2022-03-13 13:35:42] [0001.498] I> 17) Base:0x3004b000 Size:0x00001000
[2022-03-13 13:35:42] [0001.502] I> 18) Base:0x3004c000 Size:0x00001000
[2022-03-13 13:35:42] [0001.507] I> 19) Base:0x3004d000 Size:0x00001000
[2022-03-13 13:35:42] [0001.511] I> 20) Base:0x3004e000 Size:0x00001000
[2022-03-13 13:35:42] [0001.516] I> 21) Base:0x3004f000 Size:0x00001000
[2022-03-13 13:35:42] [0001.520] I> 22) Base:0x00000000 Size:0x00000000
[2022-03-13 13:35:42] [0001.525] I> 23) Base:0xf0100000 Size:0x00010000
[2022-03-13 13:35:42] [0001.529] I> 24) Base:0x00000000 Size:0x00000000
[2022-03-13 13:35:42] [0001.533] I> 25) Base:0x00000000 Size:0x00000000
[2022-03-13 13:35:42] [0001.538] I> 26) Base:0x00000000 Size:0x00000000
[2022-03-13 13:35:42] [0001.542] I> 27) Base:0x00000000 Size:0x00000000
[2022-03-13 13:35:42] [0001.547] I> 28) Base:0x84400000 Size:0x00400000
[2022-03-13 13:35:42] [0001.551] I> 29) Base:0x30000000 Size:0x00010000
[2022-03-13 13:35:42] [0001.556] I> 30) Base:0x278000000 Size:0x08000000
[2022-03-13 13:35:42] [0001.560] I> 31) Base:0x00000000 Size:0x00000000
[2022-03-13 13:35:42] [0001.564] I> 32) Base:0x276000000 Size:0x00600000
[2022-03-13 13:35:42] [0001.569] I> 33) Base:0x80000000 Size:0x70000000
[2022-03-13 13:35:42] [0001.573] I> 34) Base:0xf0110000 Size:0x1856f0000
[2022-03-13 13:35:42] [0001.578] I> 35) Base:0x00000000 Size:0x00000000
[2022-03-13 13:35:42] [0001.582] I> 36) Base:0x00000000 Size:0x00000000
[2022-03-13 13:35:42] [0001.587] I> 37) Base:0x2772e0000 Size:0x00020000
[2022-03-13 13:35:42] [0001.591] I> 38) Base:0x84000000 Size:0x00400000
[2022-03-13 13:35:42] [0001.596] I> 39) Base:0x96000000 Size:0x02000000
[2022-03-13 13:35:42] [0001.600] I> 40) Base:0x85000000 Size:0x01200000
[2022-03-13 13:35:42] [0001.605] I> 41) Base:0x275800000 Size:0x00500000
[2022-03-13 13:35:42] [0001.609] I> 42) Base:0x00000000 Size:0x00000000
[2022-03-13 13:35:42] [0001.614] I> 43) Base:0x00000000 Size:0x00000000
[2022-03-13 13:35:42] [0001.618] GIC-SPI Target CPU: 4
[2022-03-13 13:35:42] [0001.621] Interrupts Init done
[2022-03-13 13:35:42] [0001.625] calling constructors
[2022-03-13 13:35:42] [0001.628] initializing heap
[2022-03-13 13:35:42] [0001.630] initializing threads
[2022-03-13 13:35:42] [0001.634] initializing timers
[2022-03-13 13:35:42] [0001.637] creating bootstrap completion thread
[2022-03-13 13:35:42] [0001.641] top of bootstrap2()
[2022-03-13 13:35:42] [0001.645] CPU: ARM Cortex A57
[2022-03-13 13:35:42] [0001.648] CPU: MIDR: 0x411FD073, MPIDR: 0x80000100
[2022-03-13 13:35:42] [0001.653] initializing platform
[2022-03-13 13:35:42] [0001.656] I> Bl_dtb @0x85205400
[2022-03-13 13:35:42] [0001.659] I> gpio framework initialized
[2022-03-13 13:35:42] [0001.665] I> tegrabl_gpio_driver_register: register 'nvidia,tegra186-gpio' driver
[2022-03-13 13:35:42] [0001.676] I> tegrabl_gpio_driver_register: register 'nvidia,tegra186-gpio-aon' driver
[2022-03-13 13:35:42] [0001.683] I> GPIO framework and drivers are initialized.
[2022-03-13 13:35:42] [0001.688] I> Boot-device: eMMC
[2022-03-13 13:35:42] [0001.696] I> sdmmc bdev is already initialized
[2022-03-13 13:35:42] [0001.726] I> Found 19 partitions in SDMMC_BOOT (instance 3)
[2022-03-13 13:35:42] [0001.744] I> Found 33 partitions in SDMMC_USER (instance 3)
[2022-03-13 13:35:42] [0001.749] W> opt-in fuse is not set, skip fuse_burning
[2022-03-13 13:35:42] [0001.754] I> Reserved memory at 0xfbe00000 for U-Boot relocation
[2022-03-13 13:35:42] [0001.760] W> No valid slot number is found in scratch register
[2022-03-13 13:35:42] [0001.766] W> Return default slot: _a
[2022-03-13 13:35:42] [0001.775] I> A/B: bin_type (21) slot 0
[2022-03-13 13:35:42] [0001.779] I> Loading kernel-dtb from partition
[2022-03-13 13:35:42] [0001.783] I> Loading partition kernel-dtb at 0x80000000 from device(0x1)
[2022-03-13 13:35:42] [0001.801] I> Kernel_dtb @0x80000000
[2022-03-13 13:35:42] [0001.804] I> tegrabl_tca9539_init: i2c bus: 0, slave addr: 0xee
[2022-03-13 13:35:42] [0001.815] I> tegrabl_gpio_driver_register: register 'tca9539_gpio_driver' driver
[2022-03-13 13:35:42] [0001.822] I> tegrabl_tca9539_init: i2c bus: 0, slave addr: 0xe8
[2022-03-13 13:35:42] [0001.831] I> tegrabl_gpio_driver_register: register 'tca9539_gpio_driver' driver
[2022-03-13 13:35:42] [0001.841] I> fixed regulator driver initialized
[2022-03-13 13:35:43] [0001.874] I> register 'maxim' power off handle
[2022-03-13 13:35:43] [0001.880] I> virtual i2c enabled
[2022-03-13 13:35:43] [0001.884] I> registered 'maxim,max77620' pmic
[2022-03-13 13:35:43] [0001.888] I> tegrabl_gpio_driver_register: register 'max77620-gpio' driver
[2022-03-13 13:35:43] [0001.902] E> failed to read label property for node 324936: 13
[2022-03-13 13:35:43] [0001.910] E> failed to read reg property for node 325032: 13
[2022-03-13 13:35:43] [0001.919] E> failed to read reg property for node 325084: 13
[2022-03-13 13:35:43] [0001.927] E> failed to read label property for node 325168: 13
[2022-03-13 13:35:43] [0001.935] E> failed to read label property for node 325236: 13
[2022-03-13 13:35:43] [0001.944] E> failed to read reg property for node 325304: 13
[2022-03-13 13:35:43] [0001.952] E> failed to read reg property for node 325376: 13
[2022-03-13 13:35:43] [0001.962] I> Find /i2c@c250000's alias i2c7
[2022-03-13 13:35:43] [0001.966] I> Reading eeprom i2c=7 address=0x50
[2022-03-13 13:35:43] [0001.996] I> Device at /i2c@c250000:0x50
[2022-03-13 13:35:43] [0001.999] I> Reading eeprom i2c=7 address=0x57
[2022-03-13 13:35:43] [0002.028] I> Device at /i2c@c250000:0x57
[2022-03-13 13:35:43] [0002.032] I> Find /i2c@c240000's alias i2c1
[2022-03-13 13:35:43] [0002.036] I> Reading eeprom i2c=1 address=0x51
[2022-03-13 13:35:43] [0002.042] E> I2C: slave not found in slaves.
[2022-03-13 13:35:43] [0002.046] E> I2C: Could not write 0 bytes to slave: 0x00a2 with repeat start true.
[2022-03-13 13:35:43] [0002.053] E> I2C_DEV: Failed to send register address 0x00000000.
[2022-03-13 13:35:43] [0002.059] E> I2C_DEV: Could not read 256 registers of size 1 from slave 0xa2 at 0x00000000 via instance 1.
[2022-03-13 13:35:43] [0002.069] E> eeprom: Retry to read I2C slave device.
[2022-03-13 13:35:43] [0002.074] E> I2C: slave not found in slaves.
[2022-03-13 13:35:43] [0002.078] E> I2C: Could not write 0 bytes to slave: 0x00a2 with repeat start true.
[2022-03-13 13:35:43] [0002.085] E> I2C_DEV: Failed to send register address 0x00000000.
[2022-03-13 13:35:43] [0002.091] E> I2C_DEV: Could not read 256 registers of size 1 from slave 0xa2 at 0x00000000 via instance 1.
[2022-03-13 13:35:43] [0002.101] E> eeprom: Failed to read I2C slave device
[2022-03-13 13:35:43] [0002.106] I> Eeprom read failed 0x3526070d
[2022-03-13 13:35:43] [0002.110] I> Find /i2c@3160000's alias i2c0
[2022-03-13 13:35:43] [0002.114] I> Reading eeprom i2c=0 address=0x50
[2022-03-13 13:35:43] [0002.118] E> I2C: slave not found in slaves.
[2022-03-13 13:35:43] [0002.123] E> I2C: Could not write 0 bytes to slave: 0x00a0 with repeat start true.
[2022-03-13 13:35:43] [0002.130] E> I2C_DEV: Failed to send register address 0x00000000.
[2022-03-13 13:35:43] [0002.136] E> I2C_DEV: Could not read 256 registers of size 1 from slave 0xa0 at 0x00000000 via instance 0.
[2022-03-13 13:35:43] [0002.146] E> eeprom: Failed to read I2C slave device
[2022-03-13 13:35:43] [0002.150] I> Eeprom read failed 0x3526070d
[2022-03-13 13:35:43] [0002.155] I> Find /i2c@3180000's alias i2c2
[2022-03-13 13:35:43] [0002.159] I> Reading eeprom i2c=2 address=0x54
[2022-03-13 13:35:43] [0002.163] I> Enabling gpio chip_id = 2, gpio pin = 9
[2022-03-13 13:35:43] [0002.194] I> Disabling gpio chip_id = 2, gpio pin = 9
[2022-03-13 13:35:43] [0002.199] I> Device at /i2c@3180000:0x54
[2022-03-13 13:35:43] [0002.203] I> Reading eeprom i2c=2 address=0x57
[2022-03-13 13:35:43] [0002.207] I> Enabling gpio chip_id = 2, gpio pin = 9
[2022-03-13 13:35:43] [0002.213] E> I2C: slave not found in slaves.
[2022-03-13 13:35:43] [0002.217] E> I2C: Could not write 0 bytes to slave: 0x00ae with repeat start true.
[2022-03-13 13:35:43] [0002.225] E> I2C_DEV: Failed to send register address 0x00000000.
[2022-03-13 13:35:43] [0002.231] E> I2C_DEV: Could not read 256 registers of size 1 from slave 0xae at 0x00000000 via instance 2.
[2022-03-13 13:35:43] [0002.240] E> eeprom: Failed to read I2C slave device
[2022-03-13 13:35:43] [0002.245] I> Disabling gpio chip_id = 2, gpio pin = 9
[2022-03-13 13:35:43] [0002.250] I> Eeprom read failed 0x00000000
[2022-03-13 13:35:43] [0002.254] I> create_pm_ids: id: 3310-1000-D00-L, len: 15
[2022-03-13 13:35:43] [0002.259] I> config: mem-type:00,power-config:00,misc-config:00,modem-config:00,touch-config:00,display-config:00,, len: 93
[2022-03-13 13:35:43] [0002.270] I> create_pm_ids: id: 2597-0000-900-E, len: 15
[2022-03-13 13:35:43] [0002.275] I> config: mem-type:00,power-config:00,misc-config:00,modem-config:00,touch-config:00,display-config:00,, len: 93
[2022-03-13 13:35:43] [0002.286] I> create_pm_ids: id: 3326-1000-000-M, len: 15
[2022-03-13 13:35:43] [0002.291] I> config: mem-type:ff,power-config:ff,misc-config:ff,modem-config:ff,touch-config:ff,display-config:ff,, len: 93
[2022-03-13 13:35:43] [0002.326] I> enabling 'vdd-hdmi' regulator
[2022-03-13 13:35:43] [0002.342] I> regulator 'vdd-hdmi' already enabled
[2022-03-13 13:35:43] [0002.346] E> tegrabl_display_init_regulator: hdmi cable is not connected
[2022-03-13 13:35:43] [0002.353] E> tegrabl_display_get_pdata, failed to parse dtb settings
[2022-03-13 13:35:43] [0002.362] E> cannot find any other nvdisp nodes
[2022-03-13 13:35:43] [0002.366] E> no valid display unit config found in dtb
[2022-03-13 13:35:43] [0002.372] W> display init failed
[2022-03-13 13:35:43] [0002.375] initializing target
[2022-03-13 13:35:43] [0002.378] calling apps_init()
[2022-03-13 13:35:43] [0002.381] starting app kernel_boot_app
[2022-03-13 13:35:43] [0002.403] I> found decompressor handler: lz4-legacy
[2022-03-13 13:35:43] [0002.408] I> decompressing BMP blob ...
[2022-03-13 13:35:43] [0002.420] I> Kernel type = Normal
[2022-03-13 13:35:43] [0002.423] I> ########## Fixed storage boot ##########
[2022-03-13 13:35:43] [0002.428] I> Loading kernel-bootctrl from partition
[2022-03-13 13:35:43] [0002.433] I> Loading partition kernel-bootctrl at 0xa8000000 from device(0x1)
[2022-03-13 13:35:43] [0002.447] W> tegrabl_get_kernel_bootctrl: magic number(0x00000000) is invalid
[2022-03-13 13:35:43] [0002.454] W> tegrabl_get_kernel_bootctrl: use default dummy boot control data
[2022-03-13 13:35:43] [0002.461] W> No valid slot number is found in scratch register
[2022-03-13 13:35:43] [0002.467] W> Return default slot: _a
[2022-03-13 13:35:43] [0002.470] I> A/B: bin_type (24) slot 0
[2022-03-13 13:35:43] [0002.486] I> Boot image size read from image header: 9913d
[2022-03-13 13:35:43] [0002.491] I> Boot image load address: 0x80400000
[2022-03-13 13:35:43] [0002.496] I> Loading kernel from partition
[2022-03-13 13:35:43] [0002.500] I> Loading partition kernel at 0x80400000 from device(0x1)
[2022-03-13 13:35:44] [0003.443] I> Validate kernel ...
[2022-03-13 13:35:44] [0003.446] I> T18x: Authenticate kernel (bin_type 24), max size 0x4000000
[2022-03-13 13:35:44] [0003.454] I> Decrypt the buffer ... [0003.457] W> tegrabl_decrypt_block: fuse (0x0) is not burnt to do encryption (0x4); skip decryption.
[2022-03-13 13:35:44] [0003.466] I> done
[2022-03-13 13:35:44] [0003.468] I> Checking boot.img header magic ... [0003.472] I> [OK]
[2022-03-13 13:35:44] [0003.474] I> kernel-dtb is already loaded
[2022-03-13 13:35:44] [0003.478] I> Validate kernel-dtb ...
[2022-03-13 13:35:44] [0003.481] I> T18x: Authenticate kernel-dtb (bin_type 21), max size 0x100000
[2022-03-13 13:35:44] [0003.489] I> Decrypt the buffer ... [0003.492] W> tegrabl_decrypt_block: fuse (0x0) is not burnt to do encryption (0x4); skip decryption.
[2022-03-13 13:35:44] [0003.501] I> done
[2022-03-13 13:35:44] [0003.502] I> Kernel hdr @0x80400000
[2022-03-13 13:35:44] [0003.506] I> Kernel dtb @0x80000000
[2022-03-13 13:35:44] [0003.509] I> decompressor handler not found
[2022-03-13 13:35:44] [0003.513] I> Copying kernel image (627005 bytes) from 0x80400800 to 0x80600000 ... [0003.521] I> Done
[2022-03-13 13:35:44] [0003.522] I> Move ramdisk (len: 0) from 0x8049a000 to 0x947d0000
[2022-03-13 13:35:44] [0003.530] I> Updated bpmp info to DTB
[2022-03-13 13:35:44] [0003.536] I> Ramdisk: Base: 0x947d0000; Size: 0x0
[2022-03-13 13:35:44] [0003.540] I> Updated initrd info to DTB
[2022-03-13 13:35:44] [0003.544] W> WARN: Fail to override "console=none" in commandline
[2022-03-13 13:35:44] [0003.550] I> Active rootfs suffix: 
[2022-03-13 13:35:44] [0003.553] E> tegrabl_linuxboot_add_disp_param, du 0 failed to get display params
[2022-03-13 13:35:44] [0003.561] E> tegrabl_linuxboot_add_disp_param, du 0 failed to get display params
[2022-03-13 13:35:44] [0003.568] E> tegrabl_linuxboot_add_disp_param, du 0 failed to get display params
[2022-03-13 13:35:44] [0003.575] I> disabled_core_mask: 0xffffff0c
[2022-03-13 13:35:44] [0003.579] W> No valid slot number is found in scratch register
[2022-03-13 13:35:44] [0003.585] W> Return default slot: _a
[2022-03-13 13:35:44] [0003.588] I> Active slot suffix: 
[2022-03-13 13:35:44] [0003.591] I> add_boot_slot_suffix: slot_suffix = 
[2022-03-13 13:35:44] [0003.596] I> Linux Cmdline: console=ttyS0,115200 androidboot.presilicon=true firmware_class.path=/etc/firmware root=/dev/mmcblk0p1 rw rootwait rootfstype=ext4 console=ttyS0,115200n8 console=tty0 fbcon=map:0 net.ifnames=0 isolcpus=1-2  video=tegrafb earlycon=uart8250,mmio32,0x3100000 nvdumper_reserved=0x2772e0000 gpt rootfs.slot_suffix= usbcore.old_scheme_first=1 tegraid=18.1.2.0.0 maxcpus=6 no_console_suspend boot.slot_suffix= boot.ratchetvalues=0.2031647.1 vpr_resize bl_prof_dataptr=0x10000@0x275840000 sdhci_tegra.en_boot_part_access=1 
[2022-03-13 13:35:44] [0003.643] I> Updated bootarg info to DTB
[2022-03-13 13:35:44] [0003.647] I> eeprom_get_mac_addr: MAC (type: 0): 48:b0:2d:0f:11:c5
[2022-03-13 13:35:44] [0003.653] I> eeprom_get_mac_addr: MAC (type: 1): 48:b0:2d:0f:11:c6
[2022-03-13 13:35:44] [0003.659] I> eeprom_get_mac_addr: MAC (type: 2): 48:b0:2d:0f:11:c7
[2022-03-13 13:35:44] [0003.666] E> Found no plugin manager ids in source DT
[2022-03-13 13:35:44] [0003.670] W> Add plugin manager ids from board info
[2022-03-13 13:35:44] [0003.675] W> "plugin-manager" doesn't exist, creating
[2022-03-13 13:35:44] [0003.680] W> "ids" doesn't exist, creating
[2022-03-13 13:35:44] [0003.684] W> "connection" doesn't exist, creating
[2022-03-13 13:35:44] [0003.689] W> "configs" doesn't exist, creating
[2022-03-13 13:35:44] [0003.693] I> create_pm_ids: id: 3310-1000-D00-L, len: 15
[2022-03-13 13:35:44] [0003.698] I> config: mem-type:00,power-config:00,misc-config:00,modem-config:00,touch-config:00,display-config:00,, len: 93
[2022-03-13 13:35:44] [0003.709] I> create_pm_ids: id: 2597-0000-900-E, len: 15
[2022-03-13 13:35:44] [0003.714] I> config: mem-type:00,power-config:00,misc-config:00,modem-config:00,touch-config:00,display-config:00,, len: 93
[2022-03-13 13:35:44] [0003.725] I> create_pm_ids: id: 3326-1000-000-M, len: 15
[2022-03-13 13:35:44] [0003.730] I> config: mem-type:ff,power-config:ff,misc-config:ff,modem-config:ff,touch-config:ff,display-config:ff,, len: 93
[2022-03-13 13:35:44] [0003.741] I> Adding plugin-manager/ids/3310-1000-D00=/i2c@c250000:module@0x50
[2022-03-13 13:35:44] [0003.748] W> "i2c@c250000" doesn't exist, creating
[2022-03-13 13:35:44] [0003.753] W> "module@0x50" doesn't exist, creating
[2022-03-13 13:35:44] [0003.758] I> Adding plugin-manager/ids/2597-0000-900=/i2c@c250000:module@0x57
[2022-03-13 13:35:44] [0003.765] W> "module@0x57" doesn't exist, creating
[2022-03-13 13:35:44] [0003.770] I> Adding plugin-manager/ids/3326-1000-000=/i2c@3180000:module@0x54
[2022-03-13 13:35:44] [0003.778] W> "i2c@3180000" doesn't exist, creating
[2022-03-13 13:35:44] [0003.782] W> "module@0x54" doesn't exist, creating
[2022-03-13 13:35:44] [0003.789] I> Adding plugin-manager/ids/3310-1000-D00-L
[2022-03-13 13:35:44] [0003.796] I> Adding plugin-manager/configs/3310-mem-type 00
[2022-03-13 13:35:44] [0003.802] I> Adding plugin-manager/configs/3310-power-config 00
[2022-03-13 13:35:44] [0003.808] I> Adding plugin-manager/configs/3310-misc-config 00
[2022-03-13 13:35:44] [0003.814] I> Adding plugin-manager/configs/3310-modem-config 00
[2022-03-13 13:35:44] [0003.820] I> Adding plugin-manager/configs/3310-touch-config 00
[2022-03-13 13:35:44] [0003.826] I> Adding plugin-manager/configs/3310-display-config 00
[2022-03-13 13:35:44] [0003.832] I> Adding plugin-manager/cvm
[2022-03-13 13:35:44] [0003.836] W> "chip-id" doesn't exist, creating
[2022-03-13 13:35:44] [0003.840] I> Adding plugin-manager/chip-id/A02P
[2022-03-13 13:35:44] [0003.844] W> "odm-data" doesn't exist, creating
[2022-03-13 13:35:44] [0003.849] I> Adding /chosen/plugin-manager/odm-data
[2022-03-13 13:35:44] [0003.859] I> added [base:0x80000000, size:0x70000000] to /memory
[2022-03-13 13:35:44] [0003.865] I> added [base:0xf0200000, size:0x185600000] to /memory
[2022-03-13 13:35:45] [0003.871] I> added [base:0x275e00000, size:0x200000] to /memory
[2022-03-13 13:35:45] [0003.876] I> added [base:0x276600000, size:0x200000] to /memory
[2022-03-13 13:35:45] [0003.882] I> added [base:0x277000000, size:0x200000] to /memory
[2022-03-13 13:35:45] [0003.888] I> Updated memory info to DTB
[2022-03-13 13:35:45] [0003.892] E> add_disp_param: failed to get display params for du=0
[2022-03-13 13:35:45] [0003.900] W> "reset" doesn't exist, creating
[2022-03-13 13:35:45] [0003.904] W> "pmc-reset-reason" doesn't exist, creating
[2022-03-13 13:35:45] [0003.910] W> "pmic-reset-reason" doesn't exist, creating
[2022-03-13 13:35:45] [0003.916] I> Adding ecid(00000001646db7851000000013038200) to DT
[2022-03-13 13:35:45] [0003.922] I> disabled_core_mask: 0xffffff0c
[2022-03-13 13:35:45] [0003.935] I> Add serial number:1422420022173 as DT property
[2022-03-13 13:35:45] [0003.944] I> Plugin-manager override starting
[2022-03-13 13:35:45] [0003.950] I> node /plugin-manager/fragement@0 matches
[2022-03-13 13:35:45] [0003.960] I> node /plugin-manager/fragement@4 matches
[2022-03-13 13:35:45] [0003.973] I> node /plugin-manager/fragment-sdwake-p3310-1000-300 matches
[2022-03-13 13:35:45] [0003.993] I> node /plugin-manager/fragement-pmon-p3310-1000-300 matches
[2022-03-13 13:35:45] [0004.002] I> node /plugin-manager/fragement-pmon-p3310-1000-800 matches
[2022-03-13 13:35:45] [0004.011] I> node /plugin-manager/fragment-devslp@0 matches
[2022-03-13 13:35:45] [0004.024] I> node /plugin-manager/fragment-500-pcie-config matches
[2022-03-13 13:35:45] [0004.039] I> node /plugin-manager/fragment-500-xusb-config matches
[2022-03-13 13:35:45] [0004.062] I> node /plugin-manager/fragment-p3310-c00-comm matches
[2022-03-13 13:35:45] [0004.075] I> node /plugin-manager/fragment-p3310-c00-pmic matches
[2022-03-13 13:35:45] [0004.086] I> node /plugin-manager/fragment-p3310-c01 matches
[2022-03-13 13:35:45] [0004.099] I> node /plugin-manager/fragment-p3310-c03 matches
[2022-03-13 13:35:45] [0004.141] I> node /plugin-manager/fragment-e3326@0 matches
[2022-03-13 13:35:45] [0004.223] I> node /plugin-manager/fragment-p3310-c00-camera matches
[2022-03-13 13:35:45] [0004.250] I> Disable plugin-manager status in FDT
[2022-03-13 13:35:45] [0004.255] I> Plugin-manager override finished successfully
[2022-03-13 13:35:45] [0004.260] I> tegrabl_load_kernel_and_dtb: Done
[2022-03-13 13:35:45] [0004.265] E> tegrabl_display_clear: display is not initialized
[2022-03-13 13:35:45] [0004.270] W> Boot logo display failed...
[2022-03-13 13:35:45] [0004.274] I> Kernel EP: 0x80600000, DTB: 0x80000000
[2022-03-13 13:35:45] 
[2022-03-13 13:35:45] 
[2022-03-13 13:35:45] U-Boot 2020.04-g46e4604c78 (Jul 26 2021 - 12:10:58 -0700)
[2022-03-13 13:35:45] 
[2022-03-13 13:35:45] SoC: tegra186
[2022-03-13 13:35:45] Model: NVIDIA P2771-0000-500
[2022-03-13 13:35:45] Board: NVIDIA P2771-0000
[2022-03-13 13:35:45] DRAM:  7.8 GiB
[2022-03-13 13:35:45] MMC:   sdhci@3400000: 1, sdhci@3460000: 0
[2022-03-13 13:35:45] Loading Environment from MMC... *** Warning - bad CRC, using default environment
[2022-03-13 13:35:45] 
[2022-03-13 13:35:45] In:    serial
[2022-03-13 13:35:45] Out:   serial
[2022-03-13 13:35:45] Err:   serial
[2022-03-13 13:35:45] Net:   
[2022-03-13 13:35:45] Warning: ethernet@2490000 using MAC address from ROM
[2022-03-13 13:35:45] eth0: ethernet@2490000
[2022-03-13 13:35:45] Hit any key to stop autoboot:  2  1  0 
[2022-03-13 13:35:47] MMC: no card present
[2022-03-13 13:35:47] switch to partitions #0, OK
[2022-03-13 13:35:47] mmc0(part 0) is current device
[2022-03-13 13:35:48] Scanning mmc 0:1...
[2022-03-13 13:35:48] Found /boot/extlinux/extlinux.conf
[2022-03-13 13:35:48] Retrieving file: /boot/extlinux/extlinux.conf
[2022-03-13 13:35:48] 858 bytes read in 22 ms (38.1 KiB/s)
[2022-03-13 13:35:48] 1:	primary kernel
[2022-03-13 13:35:48] Retrieving file: /boot/initrd
[2022-03-13 13:35:48] 7238344 bytes read in 201 ms (34.3 MiB/s)
[2022-03-13 13:35:48] Retrieving file: /boot/Image
[2022-03-13 13:35:49] 34484232 bytes read in 830 ms (39.6 MiB/s)
[2022-03-13 13:35:49] append: console=ttyS0,115200 androidboot.presilicon=true firmware_class.path=/etc/firmware root=/dev/mmcblk0p1 rw rootwait rootfstype=ext4 console=ttyS0,115200n8 console=tty0 fbcon=map:0 net.ifnames=0 isolcpus=1-2  video=tegrafb earlycon=uart8250,mmio32,0x3100000 nvdumper_reserved=0x2772e0000 gpt rootfs.slot_suffix= usbcore.old_scheme_first=1 tegraid=18.1.2.0.0 maxcpus=6 no_console_suspend boot.slot_suffix= boot.ratchetvalues=0.2031647.1 vpr_resize bl_prof_dataptr=0x10000@0x275840000 sdhci_tegra.en_boot_part_access=1 quiet root=/dev/mmcblk0p1 rw rootwait rootfstype=ext4 console=ttyS0,115200n8 console=tty0 fbcon=map:0 net.ifnames=0 isolcpus=1-2 
[2022-03-13 13:35:49] ## Flattened Device Tree blob at 80000000
[2022-03-13 13:35:49]    Booting using the fdt blob at 0x80000000
[2022-03-13 13:35:49] ERROR: reserving fdt memory region failed (addr=0 size=0)
[2022-03-13 13:35:49] ERROR: reserving fdt memory region failed (addr=0 size=0)
[2022-03-13 13:35:49] ERROR: reserving fdt memory region failed (addr=0 size=0)
[2022-03-13 13:35:49]    Using Device Tree in place at 0000000080000000, end 0000000080060aa3
[2022-03-13 13:35:49] copying carveout for /host1x@13e00000/display-hub@15200000/display@15200000...
[2022-03-13 13:35:49] copying carveout for /host1x@13e00000/display-hub@15200000/display@15210000...
[2022-03-13 13:35:49] copying carveout for /host1x@13e00000/display-hub@15200000/display@15220000...
[2022-03-13 13:35:49] 
[2022-03-13 13:35:49] Starting kernel ...
[2022-03-13 13:35:49] 
[2022-03-13 13:35:49] [    0.000000] Booting Linux on physical CPU 0x100
[2022-03-13 13:35:49] [    0.000000] Linux version 4.9.253-tegra (buildbrain@mobile-u64-5497-d3000) (gcc version 7.3.1 20180425 [linaro-7.3-2018.05 revision d29120a424ecfbc167ef90065c0eeb7f91977701] (Linaro GCC 7.3-2018.05) ) #1 SMP PREEMPT Mon Jul 26 12:19:28 PDT 2021
[2022-03-13 13:35:49] [    0.000000] Boot CPU: AArch64 Processor [411fd073]
[2022-03-13 13:35:49] [    0.000000] OF: fdt:memory scan node memory@80000000, reg size 80,
[2022-03-13 13:35:49] [    0.000000] OF: fdt: - 80000000 ,  70000000
[2022-03-13 13:35:49] [    0.000000] OF: fdt: - f0200000 ,  185600000
[2022-03-13 13:35:49] [    0.000000] OF: fdt: - 275e00000 ,  200000
[2022-03-13 13:35:49] [    0.000000] OF: fdt: - 276600000 ,  200000
[2022-03-13 13:35:49] [    0.000000] OF: fdt: - 277000000 ,  200000
[2022-03-13 13:35:49] [    0.000000] earlycon: uart8250 at MMIO32 0x0000000003100000 (options '')
[2022-03-13 13:35:49] [    0.000000] bootconsole [uart8250] enabled
[2022-03-13 13:35:51] [    1.800194] cgroup: cgroup2: unknown option "nsdelegate"
[2022-03-13 13:35:52] [    3.004613] using random self ethernet address
[2022-03-13 13:35:52] [    3.021769] using random host ethernet address
[2022-03-13 13:35:53] [    3.184646] random: crng init done
[2022-03-13 13:35:53] [    3.188053] random: 7 urandom warning(s) missed due to ratelimiting
[2022-03-13 13:36:14] [   24.173811] Kernel panic - not syncing: Watchdog detected hard LOCKUP on cpu 1
[2022-03-13 13:36:14] [   24.181399] CPU: 0 PID: 0 Comm: swapper/0 Not tainted 4.9.253-tegra #1
[2022-03-13 13:36:14] [   24.188000] Hardware name: quill (DT)
[2022-03-13 13:36:14] [   24.191736] Call trace:
[2022-03-13 13:36:14] [   24.194438] [<ffffff800808ba40>] dump_backtrace+0x0/0x198
[2022-03-13 13:36:14] [   24.199932] [<ffffff800808c004>] show_stack+0x24/0x30
[2022-03-13 13:36:14] [   24.205131] [<ffffff8008f6121c>] dump_stack+0xa0/0xc4
[2022-03-13 13:36:14] [   24.210284] [<ffffff8008f5e2c0>] panic+0x12c/0x2a8
[2022-03-13 13:36:14] [   24.215200] [<ffffff8008181994>] watchdog_check_hardlockup_other_cpu+0x11c/0x120
[2022-03-13 13:36:14] [   24.222667] [<ffffff8008180b08>] watchdog_timer_fn+0x98/0x2c0
[2022-03-13 13:36:14] [   24.228524] [<ffffff8008138f10>] __hrtimer_run_queues+0xd8/0x360
[2022-03-13 13:36:14] [   24.234601] [<ffffff8008139860>] hrtimer_interrupt+0xa8/0x1e0
[2022-03-13 13:36:14] [   24.240471] [<ffffff8008bfb804>] tegra186_timer_isr+0x34/0x48
[2022-03-13 13:36:14] [   24.246316] [<ffffff8008121940>] __handle_irq_event_percpu+0x68/0x288
[2022-03-13 13:36:14] [   24.252823] [<ffffff8008121b88>] handle_irq_event_percpu+0x28/0x60
[2022-03-13 13:36:14] [   24.259074] [<ffffff8008121c10>] handle_irq_event+0x50/0x80
[2022-03-13 13:36:14] [   24.264728] [<ffffff8008125aa4>] handle_fasteoi_irq+0xd4/0x1c0
[2022-03-13 13:36:14] [   24.270642] [<ffffff80081208f4>] generic_handle_irq+0x34/0x50
[2022-03-13 13:36:14] [   24.276452] [<ffffff8008120fe0>] __handle_domain_irq+0x68/0xc0
[2022-03-13 13:36:14] [   24.282357] [<ffffff8008080d44>] gic_handle_irq+0x5c/0xb0
[2022-03-13 13:36:14] [   24.287821] [<ffffff8008082c28>] el1_irq+0xe8/0x194
[2022-03-13 13:36:14] [   24.292812] [<ffffff8008ba09e0>] cpuidle_enter_state+0xb8/0x380
[2022-03-13 13:36:14] [   24.298797] [<ffffff8008ba0d1c>] cpuidle_enter+0x34/0x48
[2022-03-13 13:36:14] [   24.304195] [<ffffff800811139c>] call_cpuidle+0x44/0x70
[2022-03-13 13:36:14] [   24.309481] [<ffffff8008111718>] cpu_startup_entry+0x1b0/0x200
[2022-03-13 13:36:14] [   24.315387] [<ffffff8008f63d9c>] rest_init+0x84/0x90
[2022-03-13 13:36:14] [   24.320470] [<ffffff8009610b68>] start_kernel+0x374/0x38c
[2022-03-13 13:36:14] [   24.325930] [<ffffff8009610204>] __primary_switched+0x80/0x94
[2022-03-13 13:36:14] [   24.331790] SMP: stopping secondary CPUs
[2022-03-13 13:36:15] [   25.746783] SMP: failed to stop secondary CPUs 0-2
[2022-03-13 13:36:15] [   25.751677] Kernel Offset: disabled
[2022-03-13 13:36:15] [   25.755223] Memory Limit: none
[2022-03-13 13:36:15] [   25.758357] trusty-log panic notifier - trusty version Built: 12:20:14 Jul 26 2021 [   25.791992] Rebooting in 5 seconds..
[2022-03-13 13:36:20] [   30.796932] SMP: stopping secondary CPUs
[2022-03-13 13:36:22] [   32.211767] SMP: failed to stop secondary CPUs 0-2
[2022-03-13 13:36:22] [0000.169] I> Welcome to MB2(TBoot-BPMP)(version: 01.00.160913-t186-M-00.00-mobile-c368a720)
[2022-03-13 13:36:22] [0000.178] I> Boot-device: eMMC
[2022-03-13 13:36:22] [0000.185] I> sdmmc bdev is already initialized
[2022-03-13 13:36:22] [0000.190] I> pmic: reset reason (nverc)	: 0x0
[2022-03-13 13:36:22] [0000.223] I> Found 19 partitions in SDMMC_BOOT (instance 3)
[2022-03-13 13:36:22] [0000.243] I> Found 33 partitions in SDMMC_USER (instance 3)
[2022-03-13 13:36:22] [0000.248] W> No valid slot number is found in scratch register
[2022-03-13 13:36:22] [0000.254] W> Return default slot: _a
[2022-03-13 13:36:22] [0000.258] I> A/B: bin_type (16) slot 0
[2022-03-13 13:36:22] [0000.261] I> Loading partition bpmp-fw at 0xd7800000
[2022-03-13 13:36:22] [0000.266] I> Reading two headers - addr:0xd7800000 blocks:1
[2022-03-13 13:36:22] [0000.272] I> Addr: 0xd7800000, start-block: 58777608, num_blocks: 1
[2022-03-13 13:36:22] [0000.296] I> Binary(16) of size 534416 is loaded @ 0xd7800000
[2022-03-13 13:36:22] [0000.302] W> No valid slot number is found in scratch register
[2022-03-13 13:36:22] [0000.308] W> Return default slot: _a
[2022-03-13 13:36:22] [0000.311] I> A/B: bin_type (17) slot 0
[2022-03-13 13:36:22] [0000.315] I> Loading partition bpmp-fw-dtb at 0xd79f0000
[2022-03-13 13:36:22] [0000.320] I> Reading two headers - addr:0xd79f0000 blocks:1
[2022-03-13 13:36:22] [0000.325] I> Addr: 0xd79f0000, start-block: 58780024, num_blocks: 1
[2022-03-13 13:36:22] [0000.351] I> Binary(17) of size 604720 is loaded @ 0xd796c400
[2022-03-13 13:36:22] [0000.580] I> Loading SCE-FW ...
[2022-03-13 13:36:22] [0000.583] W> No valid slot number is found in scratch register
[2022-03-13 13:36:22] [0000.588] W> Return default slot: _a
[2022-03-13 13:36:22] [0000.592] I> A/B: bin_type (12) slot 0
[2022-03-13 13:36:22] [0000.595] I> Loading partition sce-fw at 0xd7300000
[2022-03-13 13:36:22] [0000.600] I> Reading two headers - addr:0xd7300000 blocks:1
[2022-03-13 13:36:22] [0000.606] I> Addr: 0xd7300000, start-block: 58784120, num_blocks: 1
[2022-03-13 13:36:22] [0000.625] I> Binary(12) of size 125632 is loaded @ 0xd7300000
[2022-03-13 13:36:22] [0000.630] I> Init SCE
[2022-03-13 13:36:22] [0000.633] I> Loading APE-FW ...
[2022-03-13 13:36:22] [0000.636] W> No valid slot number is found in scratch register
[2022-03-13 13:36:22] [0000.641] W> Return default slot: _a
[2022-03-13 13:36:22] [0000.645] I> A/B: bin_type (11) slot 0
[2022-03-13 13:36:22] [0000.648] I> Loading partition adsp-fw at 0xd7400000
[2022-03-13 13:36:22] [0000.653] I> Reading two headers - addr:0xd7400000 blocks:1
[2022-03-13 13:36:22] [0000.659] I> Addr: 0xd7400000, start-block: 58761224, num_blocks: 1
[2022-03-13 13:36:22] [0000.678] I> Binary(11) of size 77216 is loaded @ 0xd7400000
[2022-03-13 13:36:22] [0000.684] I> Copy BTCM section
[2022-03-13 13:36:22] [0000.686] W> No valid slot number is found in scratch register
[2022-03-13 13:36:22] [0000.692] W> Return default slot: _a
[2022-03-13 13:36:22] [0000.696] I> A/B: bin_type (13) slot 0
[2022-03-13 13:36:22] [0000.699] I> Loading partition cpu-bootloader at 0x96000000
[2022-03-13 13:36:22] [0000.705] I> Reading two headers - addr:0x96000000 blocks:1
[2022-03-13 13:36:22] [0000.710] I> Addr: 0x96000000, start-block: 58740744, num_blocks: 1
[2022-03-13 13:36:22] [0000.731] I> Binary(13) of size 308800 is loaded @ 0x96000000
[2022-03-13 13:36:22] [0000.737] W> No valid slot number is found in scratch register
[2022-03-13 13:36:22] [0000.743] W> Return default slot: _a
[2022-03-13 13:36:22] [0000.746] I> A/B: bin_type (20) slot 0
[2022-03-13 13:36:22] [0000.750] I> Loading partition bootloader-dtb at 0x85205400
[2022-03-13 13:36:22] [0000.755] I> Reading two headers - addr:0x85205400 blocks:1
[2022-03-13 13:36:22] [0000.761] I> Addr: 0x85205400, start-block: 58742792, num_blocks: 1
[2022-03-13 13:36:22] [0000.782] I> Binary(20) of size 375568 is loaded @ 0x85205400
[2022-03-13 13:36:22] [0000.788] W> No valid slot number is found in scratch register
[2022-03-13 13:36:22] [0000.794] W> Return default slot: _a
[2022-03-13 13:36:22] [0000.797] I> A/B: bin_type (14) slot 0
[2022-03-13 13:36:22] [0000.801] I> Loading partition secure-os at 0x85305600
[2022-03-13 13:36:22] [0000.806] I> Reading two headers - addr:0x85305600 blocks:1
[2022-03-13 13:36:22] [0000.811] I> Addr: 0x85305600, start-block: 58744840, num_blocks: 1
[2022-03-13 13:36:22] [0000.834] I> Binary(14) of size 402864 is loaded @ 0x85305600
[2022-03-13 13:36:22] [0000.841] I> TOS boot-params @ 0x85000000
[2022-03-13 13:36:22] [0000.845] I> TOS params prepared
[2022-03-13 13:36:22] [0000.848] I> Loading EKS ...
[2022-03-13 13:36:22] [0000.851] I> A/B: bin_type (15) slot 0
[2022-03-13 13:36:22] [0000.855] I> Loading partition eks at 0x85905800
[2022-03-13 13:36:22] [0000.859] I> Reading two headers - addr:0x85905800 blocks:1
[2022-03-13 13:36:22] [0000.865] I> Addr: 0x85905800, start-block: 58757128, num_blocks: 1
[2022-03-13 13:36:22] [0000.883] I> Binary(15) of size 1040 is loaded @ 0x85905800
[2022-03-13 13:36:22] [0000.889] I> EKB detected (length: 0x400) @ 0x85905800
[2022-03-13 13:36:22] [0000.894] I> Copied encrypted keys
[2022-03-13 13:36:22] [0000.898] I> boot profiler @ 0x275844000
[2022-03-13 13:36:22] [0000.902] I> boot profiler for TOS @ 0x275844000
[2022-03-13 13:36:22] [0000.906] I> Unhalting SCE
[2022-03-13 13:36:22] [0000.909] I> Primary Memory Start:80000000 Size:70000000
[2022-03-13 13:36:22] [0000.914] I> Extended Memory Start:f0110000 Size:1856f0000
[2022-03-13 13:36:22] [0000.921] I> MB2(TBoot-BPMP) done
[2022-03-13 13:36:22] 
[2022-03-13 13:36:22] NOTICE:  BL31: v1.3(release):b5eeb33f7
[2022-03-13 13:36:22] NOTICE:  BL31: Built : 12:15:17, Jul 26 2021
[2022-03-13 13:36:22] ipc-unittest-main: 1519: Welcome to IPC unittest!!!
[2022-03-13 13:36:23] ipc-unittest-main: 1531: waiting forever
[2022-03-13 13:36:23] ipc-unittest-srv: 329: Init unittest services!!!
[2022-03-13 13:36:23] hwkey-agent: 41: hwkey-agent is running!!
[2022-03-13 13:36:23] hwkey-agent: 315: key_mgnt_processing .......
[2022-03-13 13:36:23] hwkey-agent: 223: Setting EKB key 0 to slot 14
[2022-03-13 13:36:23] hwkey-agent: 178: Init hweky-agent services!!
[2022-03-13 13:36:23] luks-srv: 40: luks-srv is running!!
[2022-03-13 13:36:23] luks-srv: 157: Init luks-srv IPC services!!
[2022-03-13 13:36:23] platform_bootstrap_epilog: trusty bootstrap complete
[2022-03-13 13:36:23] [0001.293] I> Welcome to Cboot
[2022-03-13 13:36:23] [0001.296] I> Cboot Version: t186-00029e71
[2022-03-13 13:36:23] [0001.300] I> CPU-BL Params @ 0x275800000
[2022-03-13 13:36:23] [0001.303] I>  0) Base:0x00000000 Size:0x00000000
[2022-03-13 13:36:23] [0001.308] I>  1) Base:0x277f00000 Size:0x00100000
[2022-03-13 13:36:23] [0001.312] I>  2) Base:0x277e00000 Size:0x00100000
[2022-03-13 13:36:23] [0001.317] I>  3) Base:0x277d00000 Size:0x00100000
[2022-03-13 13:36:23] [0001.321] I>  4) Base:0x277c00000 Size:0x00100000
[2022-03-13 13:36:23] [0001.326] I>  5) Base:0x277b00000 Size:0x00100000
[2022-03-13 13:36:23] [0001.331] I>  6) Base:0x277800000 Size:0x00200000
[2022-03-13 13:36:23] [0001.335] I>  7) Base:0x277400000 Size:0x00400000
[2022-03-13 13:36:23] [0001.340] I>  8) Base:0x277a00000 Size:0x00100000
[2022-03-13 13:36:23] [0001.344] I>  9) Base:0x277300000 Size:0x00100000
[2022-03-13 13:36:23] [0001.349] I> 10) Base:0x276800000 Size:0x00800000
[2022-03-13 13:36:23] [0001.353] I> 11) Base:0x30000000 Size:0x00040000
[2022-03-13 13:36:23] [0001.358] I> 12) Base:0xf0000000 Size:0x00100000
[2022-03-13 13:36:23] [0001.362] I> 13) Base:0x30040000 Size:0x00001000
[2022-03-13 13:36:23] [0001.366] I> 14) Base:0x30048000 Size:0x00001000
[2022-03-13 13:36:23] [0001.371] I> 15) Base:0x30049000 Size:0x00001000
[2022-03-13 13:36:23] [0001.375] I> 16) Base:0x3004a000 Size:0x00001000
[2022-03-13 13:36:23] [0001.380] I> 17) Base:0x3004b000 Size:0x00001000
[2022-03-13 13:36:23] [0001.384] I> 18) Base:0x3004c000 Size:0x00001000
[2022-03-13 13:36:23] [0001.389] I> 19) Base:0x3004d000 Size:0x00001000
[2022-03-13 13:36:23] [0001.393] I> 20) Base:0x3004e000 Size:0x00001000
[2022-03-13 13:36:23] [0001.397] I> 21) Base:0x3004f000 Size:0x00001000
[2022-03-13 13:36:23] [0001.402] I> 22) Base:0x00000000 Size:0x00000000
[2022-03-13 13:36:23] [0001.406] I> 23) Base:0xf0100000 Size:0x00010000
[2022-03-13 13:36:23] [0001.411] I> 24) Base:0x00000000 Size:0x00000000
[2022-03-13 13:36:23] [0001.415] I> 25) Base:0x00000000 Size:0x00000000
[2022-03-13 13:36:23] [0001.420] I> 26) Base:0x00000000 Size:0x00000000
[2022-03-13 13:36:23] [0001.424] I> 27) Base:0x00000000 Size:0x00000000
[2022-03-13 13:36:23] [0001.428] I> 28) Base:0x84400000 Size:0x00400000
[2022-03-13 13:36:23] [0001.433] I> 29) Base:0x30000000 Size:0x00010000
[2022-03-13 13:36:23] [0001.437] I> 30) Base:0x278000000 Size:0x08000000
[2022-03-13 13:36:23] [0001.442] I> 31) Base:0x00000000 Size:0x00000000
[2022-03-13 13:36:23] [0001.446] I> 32) Base:0x276000000 Size:0x00600000
[2022-03-13 13:36:23] [0001.451] I> 33) Base:0x80000000 Size:0x70000000
[2022-03-13 13:36:23] [0001.455] I> 34) Base:0xf0110000 Size:0x1856f0000
[2022-03-13 13:36:23] [0001.460] I> 35) Base:0x00000000 Size:0x00000000
[2022-03-13 13:36:23] [0001.464] I> 36) Base:0x00000000 Size:0x00000000
[2022-03-13 13:36:23] [0001.469] I> 37) Base:0x2772e0000 Size:0x00020000
[2022-03-13 13:36:23] [0001.473] I> 38) Base:0x84000000 Size:0x00400000
[2022-03-13 13:36:23] [0001.478] I> 39) Base:0x96000000 Size:0x02000000
[2022-03-13 13:36:23] [0001.482] I> 40) Base:0x85000000 Size:0x01200000
[2022-03-13 13:36:23] [0001.486] I> 41) Base:0x275800000 Size:0x00500000
[2022-03-13 13:36:23] [0001.491] I> 42) Base:0x00000000 Size:0x00000000
[2022-03-13 13:36:23] [0001.495] I> 43) Base:0x00000000 Size:0x00000000
[2022-03-13 13:36:23] [0001.500] GIC-SPI Target CPU: 4
[2022-03-13 13:36:23] [0001.503] Interrupts Init done
[2022-03-13 13:36:23] [0001.506] calling constructors
[2022-03-13 13:36:23] [0001.509] initializing heap
[2022-03-13 13:36:23] [0001.512] initializing threads
[2022-03-13 13:36:23] [0001.515] initializing timers
[2022-03-13 13:36:23] [0001.518] creating bootstrap completion thread
[2022-03-13 13:36:23] [0001.523] top of bootstrap2()
[2022-03-13 13:36:23] [0001.526] CPU: ARM Cortex A57
[2022-03-13 13:36:23] [0001.529] CPU: MIDR: 0x411FD073, MPIDR: 0x80000100
[2022-03-13 13:36:23] [0001.534] initializing platform
[2022-03-13 13:36:23] [0001.538] I> Bl_dtb @0x85205400
[2022-03-13 13:36:23] [0001.541] I> gpio framework initialized
[2022-03-13 13:36:23] [0001.547] I> tegrabl_gpio_driver_register: register 'nvidia,tegra186-gpio' driver
[2022-03-13 13:36:23] [0001.557] I> tegrabl_gpio_driver_register: register 'nvidia,tegra186-gpio-aon' driver
[2022-03-13 13:36:23] [0001.565] I> GPIO framework and drivers are initialized.
[2022-03-13 13:36:23] [0001.570] I> Boot-device: eMMC
[2022-03-13 13:36:23] [0001.577] I> sdmmc bdev is already initialized
[2022-03-13 13:36:23] [0001.608] I> Found 19 partitions in SDMMC_BOOT (instance 3)
[2022-03-13 13:36:23] [0001.626] I> Found 33 partitions in SDMMC_USER (instance 3)
[2022-03-13 13:36:23] [0001.631] W> opt-in fuse is not set, skip fuse_burning
[2022-03-13 13:36:23] [0001.636] I> Reserved memory at 0xfbe00000 for U-Boot relocation
[2022-03-13 13:36:23] [0001.642] W> No valid slot number is found in scratch register
[2022-03-13 13:36:23] [0001.648] W> Return default slot: _a
[2022-03-13 13:36:23] [0001.657] I> A/B: bin_type (21) slot 0
[2022-03-13 13:36:23] [0001.661] I> Loading kernel-dtb from partition
[2022-03-13 13:36:23] [0001.665] I> Loading partition kernel-dtb at 0x80000000 from device(0x1)
[2022-03-13 13:36:23] [0001.682] I> Kernel_dtb @0x80000000
[2022-03-13 13:36:23] [0001.686] I> tegrabl_tca9539_init: i2c bus: 0, slave addr: 0xee
[2022-03-13 13:36:23] [0001.696] I> tegrabl_gpio_driver_register: register 'tca9539_gpio_driver' driver
[2022-03-13 13:36:23] [0001.703] I> tegrabl_tca9539_init: i2c bus: 0, slave addr: 0xe8
[2022-03-13 13:36:23] [0001.712] I> tegrabl_gpio_driver_register: register 'tca9539_gpio_driver' driver
[2022-03-13 13:36:23] [0001.723] I> fixed regulator driver initialized
[2022-03-13 13:36:23] [0001.756] I> register 'maxim' power off handle
[2022-03-13 13:36:23] [0001.762] I> virtual i2c enabled
[2022-03-13 13:36:23] [0001.765] I> registered 'maxim,max77620' pmic
[2022-03-13 13:36:23] [0001.770] I> tegrabl_gpio_driver_register: register 'max77620-gpio' driver
[2022-03-13 13:36:23] [0001.784] E> failed to read label property for node 324936: 13
[2022-03-13 13:36:23] [0001.792] E> failed to read reg property for node 325032: 13
[2022-03-13 13:36:23] [0001.800] E> failed to read reg property for node 325084: 13
[2022-03-13 13:36:23] [0001.808] E> failed to read label property for node 325168: 13
[2022-03-13 13:36:23] [0001.817] E> failed to read label property for node 325236: 13
[2022-03-13 13:36:23] [0001.825] E> failed to read reg property for node 325304: 13
[2022-03-13 13:36:23] [0001.833] E> failed to read reg property for node 325376: 13
[2022-03-13 13:36:23] [0001.844] I> Find /i2c@c250000's alias i2c7
[2022-03-13 13:36:23] [0001.848] I> Reading eeprom i2c=7 address=0x50
[2022-03-13 13:36:23] [0001.877] I> Device at /i2c@c250000:0x50
[2022-03-13 13:36:23] [0001.881] I> Reading eeprom i2c=7 address=0x57
[2022-03-13 13:36:23] [0001.909] I> Device at /i2c@c250000:0x57
[2022-03-13 13:36:23] [0001.914] I> Find /i2c@c240000's alias i2c1
[2022-03-13 13:36:23] [0001.918] I> Reading eeprom i2c=1 address=0x51
[2022-03-13 13:36:23] [0001.923] E> I2C: slave not found in slaves.
[2022-03-13 13:36:23] [0001.927] E> I2C: Could not write 0 bytes to slave: 0x00a2 with repeat start true.
[2022-03-13 13:36:23] [0001.935] E> I2C_DEV: Failed to send register address 0x00000000.
[2022-03-13 13:36:23] [0001.941] E> I2C_DEV: Could not read 256 registers of size 1 from slave 0xa2 at 0x00000000 via instance 1.
[2022-03-13 13:36:24] [0001.950] E> eeprom: Retry to read I2C slave device.
[2022-03-13 13:36:24] [0001.955] E> I2C: slave not found in slaves.
[2022-03-13 13:36:24] [0001.959] E> I2C: Could not write 0 bytes to slave: 0x00a2 with repeat start true.
[2022-03-13 13:36:24] [0001.967] E> I2C_DEV: Failed to send register address 0x00000000.
[2022-03-13 13:36:24] [0001.973] E> I2C_DEV: Could not read 256 registers of size 1 from slave 0xa2 at 0x00000000 via instance 1.
[2022-03-13 13:36:24] [0001.982] E> eeprom: Failed to read I2C slave device
[2022-03-13 13:36:24] [0001.987] I> Eeprom read failed 0x3526070d
[2022-03-13 13:36:24] [0001.992] I> Find /i2c@3160000's alias i2c0
[2022-03-13 13:36:24] [0001.996] I> Reading eeprom i2c=0 address=0x50
[2022-03-13 13:36:24] [0002.000] E> I2C: slave not found in slaves.
[2022-03-13 13:36:24] [0002.004] E> I2C: Could not write 0 bytes to slave: 0x00a0 with repeat start true.
[2022-03-13 13:36:24] [0002.012] E> I2C_DEV: Failed to send register address 0x00000000.
[2022-03-13 13:36:24] [0002.018] E> I2C_DEV: Could not read 256 registers of size 1 from slave 0xa0 at 0x00000000 via instance 0.
[2022-03-13 13:36:24] [0002.027] E> eeprom: Failed to read I2C slave device
[2022-03-13 13:36:24] [0002.032] I> Eeprom read failed 0x3526070d
[2022-03-13 13:36:24] [0002.037] I> Find /i2c@3180000's alias i2c2
[2022-03-13 13:36:24] [0002.041] I> Reading eeprom i2c=2 address=0x54
[2022-03-13 13:36:24] [0002.045] I> Enabling gpio chip_id = 2, gpio pin = 9
[2022-03-13 13:36:24] [0002.076] I> Disabling gpio chip_id = 2, gpio pin = 9
[2022-03-13 13:36:24] [0002.081] I> Device at /i2c@3180000:0x54
[2022-03-13 13:36:24] [0002.085] I> Reading eeprom i2c=2 address=0x57
[2022-03-13 13:36:24] [0002.089] I> Enabling gpio chip_id = 2, gpio pin = 9
[2022-03-13 13:36:24] [0002.094] E> I2C: slave not found in slaves.
[2022-03-13 13:36:24] [0002.099] E> I2C: Could not write 0 bytes to slave: 0x00ae with repeat start true.
[2022-03-13 13:36:24] [0002.106] E> I2C_DEV: Failed to send register address 0x00000000.
[2022-03-13 13:36:24] [0002.112] E> I2C_DEV: Could not read 256 registers of size 1 from slave 0xae at 0x00000000 via instance 2.
[2022-03-13 13:36:24] [0002.122] E> eeprom: Failed to read I2C slave device
[2022-03-13 13:36:24] [0002.126] I> Disabling gpio chip_id = 2, gpio pin = 9
[2022-03-13 13:36:24] [0002.132] I> Eeprom read failed 0x00000000
[2022-03-13 13:36:24] [0002.135] I> create_pm_ids: id: 3310-1000-D00-L, len: 15
[2022-03-13 13:36:24] [0002.141] I> config: mem-type:00,power-config:00,misc-config:00,modem-config:00,touch-config:00,display-config:00,, len: 93
[2022-03-13 13:36:24] [0002.152] I> create_pm_ids: id: 2597-0000-900-E, len: 15
[2022-03-13 13:36:24] [0002.157] I> config: mem-type:00,power-config:00,misc-config:00,modem-config:00,touch-config:00,display-config:00,, len: 93
[2022-03-13 13:36:24] [0002.168] I> create_pm_ids: id: 3326-1000-000-M, len: 15
[2022-03-13 13:36:24] [0002.173] I> config: mem-type:ff,power-config:ff,misc-config:ff,modem-config:ff,touch-config:ff,display-config:ff,, len: 93
[2022-03-13 13:36:24] [0002.208] I> enabling 'vdd-hdmi' regulator
[2022-03-13 13:36:24] [0002.223] I> regulator 'vdd-hdmi' already enabled
[2022-03-13 13:36:24] [0002.228] E> tegrabl_display_init_regulator: hdmi cable is not connected
[2022-03-13 13:36:24] [0002.234] E> tegrabl_display_get_pdata, failed to parse dtb settings
[2022-03-13 13:36:24] [0002.243] E> cannot find any other nvdisp nodes
[2022-03-13 13:36:24] [0002.248] E> no valid display unit config found in dtb
[2022-03-13 13:36:24] [0002.254] W> display init failed
[2022-03-13 13:36:24] [0002.257] initializing target
[2022-03-13 13:36:24] [0002.260] calling apps_init()
[2022-03-13 13:36:24] [0002.263] starting app kernel_boot_app
[2022-03-13 13:36:24] [0002.285] I> found decompressor handler: lz4-legacy
[2022-03-13 13:36:24] [0002.290] I> decompressing BMP blob ...
[2022-03-13 13:36:24] [0002.302] I> Kernel type = Normal
[2022-03-13 13:36:24] [0002.305] I> ########## Fixed storage boot ##########
[2022-03-13 13:36:24] [0002.310] I> Loading kernel-bootctrl from partition
[2022-03-13 13:36:24] [0002.315] I> Loading partition kernel-bootctrl at 0xa8000000 from device(0x1)
[2022-03-13 13:36:24] [0002.329] W> tegrabl_get_kernel_bootctrl: magic number(0x00000000) is invalid
[2022-03-13 13:36:24] [0002.335] W> tegrabl_get_kernel_bootctrl: use default dummy boot control data
[2022-03-13 13:36:24] [0002.342] W> No valid slot number is found in scratch register
[2022-03-13 13:36:24] [0002.348] W> Return default slot: _a
[2022-03-13 13:36:24] [0002.351] I> A/B: bin_type (24) slot 0
[2022-03-13 13:36:24] [0002.367] I> Boot image size read from image header: 9913d
[2022-03-13 13:36:24] [0002.372] I> Boot image load address: 0x80400000
[2022-03-13 13:36:24] [0002.377] I> Loading kernel from partition
[2022-03-13 13:36:24] [0002.381] I> Loading partition kernel at 0x80400000 from device(0x1)
[2022-03-13 13:36:25] [0003.323] I> Validate kernel ...
[2022-03-13 13:36:25] [0003.326] I> T18x: Authenticate kernel (bin_type 24), max size 0x4000000
[2022-03-13 13:36:25] [0003.334] I> Decrypt the buffer ... [0003.337] W> tegrabl_decrypt_block: fuse (0x0) is not burnt to do encryption (0x4); skip decryption.
[2022-03-13 13:36:25] [0003.346] I> done
[2022-03-13 13:36:25] [0003.348] I> Checking boot.img header magic ... [0003.352] I> [OK]
[2022-03-13 13:36:25] [0003.354] I> kernel-dtb is already loaded
[2022-03-13 13:36:25] [0003.358] I> Validate kernel-dtb ...
[2022-03-13 13:36:25] [0003.361] I> T18x: Authenticate kernel-dtb (bin_type 21), max size 0x100000
[2022-03-13 13:36:25] [0003.369] I> Decrypt the buffer ... [0003.372] W> tegrabl_decrypt_block: fuse (0x0) is not burnt to do encryption (0x4); skip decryption.
[2022-03-13 13:36:25] [0003.381] I> done
[2022-03-13 13:36:25] [0003.382] I> Kernel hdr @0x80400000
[2022-03-13 13:36:25] [0003.386] I> Kernel dtb @0x80000000
[2022-03-13 13:36:25] [0003.389] I> decompressor handler not found
[2022-03-13 13:36:25] [0003.393] I> Copying kernel image (627005 bytes) from 0x80400800 to 0x80600000 ... [0003.401] I> Done
[2022-03-13 13:36:25] [0003.402] I> Move ramdisk (len: 0) from 0x8049a000 to 0x947d0000
[2022-03-13 13:36:25] [0003.410] I> Updated bpmp info to DTB
[2022-03-13 13:36:25] [0003.416] I> Ramdisk: Base: 0x947d0000; Size: 0x0
[2022-03-13 13:36:25] [0003.421] I> Updated initrd info to DTB
[2022-03-13 13:36:25] [0003.424] W> WARN: Fail to override "console=none" in commandline
[2022-03-13 13:36:25] [0003.430] I> Active rootfs suffix: 
[2022-03-13 13:36:25] [0003.433] E> tegrabl_linuxboot_add_disp_param, du 0 failed to get display params
[2022-03-13 13:36:25] [0003.441] E> tegrabl_linuxboot_add_disp_param, du 0 failed to get display params
[2022-03-13 13:36:25] [0003.448] E> tegrabl_linuxboot_add_disp_param, du 0 failed to get display params
[2022-03-13 13:36:25] [0003.455] I> disabled_core_mask: 0xffffff0c
[2022-03-13 13:36:25] [0003.459] W> No valid slot number is found in scratch register
[2022-03-13 13:36:25] [0003.465] W> Return default slot: _a
[2022-03-13 13:36:25] [0003.468] I> Active slot suffix: 
[2022-03-13 13:36:25] [0003.471] I> add_boot_slot_suffix: slot_suffix = 
[2022-03-13 13:36:25] [0003.476] I> Linux Cmdline: console=ttyS0,115200 androidboot.presilicon=true firmware_class.path=/etc/firmware root=/dev/mmcblk0p1 rw rootwait rootfstype=ext4 console=ttyS0,115200n8 console=tty0 fbcon=map:0 net.ifnames=0 isolcpus=1-2  video=tegrafb earlycon=uart8250,mmio32,0x3100000 nvdumper_reserved=0x2772e0000 gpt rootfs.slot_suffix= usbcore.old_scheme_first=1 tegraid=18.1.2.0.0 maxcpus=6 no_console_suspend boot.slot_suffix= boot.ratchetvalues=0.2031647.1 vpr_resize bl_prof_dataptr=0x10000@0x275840000 sdhci_tegra.en_boot_part_access=1 
[2022-03-13 13:36:25] [0003.523] I> Updated bootarg info to DTB
[2022-03-13 13:36:25] [0003.527] I> eeprom_get_mac_addr: MAC (type: 0): 48:b0:2d:0f:11:c5
[2022-03-13 13:36:25] [0003.533] I> eeprom_get_mac_addr: MAC (type: 1): 48:b0:2d:0f:11:c6
[2022-03-13 13:36:25] [0003.540] I> eeprom_get_mac_addr: MAC (type: 2): 48:b0:2d:0f:11:c7
[2022-03-13 13:36:25] [0003.546] E> Found no plugin manager ids in source DT
[2022-03-13 13:36:25] [0003.551] W> Add plugin manager ids from board info
[2022-03-13 13:36:25] [0003.555] W> "plugin-manager" doesn't exist, creating
[2022-03-13 13:36:25] [0003.560] W> "ids" doesn't exist, creating
[2022-03-13 13:36:25] [0003.564] W> "connection" doesn't exist, creating
[2022-03-13 13:36:25] [0003.569] W> "configs" doesn't exist, creating
[2022-03-13 13:36:25] [0003.573] I> create_pm_ids: id: 3310-1000-D00-L, len: 15
[2022-03-13 13:36:25] [0003.578] I> config: mem-type:00,power-config:00,misc-config:00,modem-config:00,touch-config:00,display-config:00,, len: 93
[2022-03-13 13:36:25] [0003.589] I> create_pm_ids: id: 2597-0000-900-E, len: 15
[2022-03-13 13:36:25] [0003.594] I> config: mem-type:00,power-config:00,misc-config:00,modem-config:00,touch-config:00,display-config:00,, len: 93
[2022-03-13 13:36:25] [0003.605] I> create_pm_ids: id: 3326-1000-000-M, len: 15
[2022-03-13 13:36:25] [0003.610] I> config: mem-type:ff,power-config:ff,misc-config:ff,modem-config:ff,touch-config:ff,display-config:ff,, len: 93
[2022-03-13 13:36:25] [0003.621] I> Adding plugin-manager/ids/3310-1000-D00=/i2c@c250000:module@0x50
[2022-03-13 13:36:25] [0003.629] W> "i2c@c250000" doesn't exist, creating
[2022-03-13 13:36:25] [0003.633] W> "module@0x50" doesn't exist, creating
[2022-03-13 13:36:25] [0003.638] I> Adding plugin-manager/ids/2597-0000-900=/i2c@c250000:module@0x57
[2022-03-13 13:36:25] [0003.646] W> "module@0x57" doesn't exist, creating
[2022-03-13 13:36:25] [0003.650] I> Adding plugin-manager/ids/3326-1000-000=/i2c@3180000:module@0x54
[2022-03-13 13:36:25] [0003.658] W> "i2c@3180000" doesn't exist, creating
[2022-03-13 13:36:25] [0003.662] W> "module@0x54" doesn't exist, creating
[2022-03-13 13:36:25] [0003.669] I> Adding plugin-manager/ids/3310-1000-D00-L
[2022-03-13 13:36:25] [0003.676] I> Adding plugin-manager/configs/3310-mem-type 00
[2022-03-13 13:36:25] [0003.682] I> Adding plugin-manager/configs/3310-power-config 00
[2022-03-13 13:36:25] [0003.688] I> Adding plugin-manager/configs/3310-misc-config 00
[2022-03-13 13:36:25] [0003.694] I> Adding plugin-manager/configs/3310-modem-config 00
[2022-03-13 13:36:25] [0003.700] I> Adding plugin-manager/configs/3310-touch-config 00
[2022-03-13 13:36:25] [0003.706] I> Adding plugin-manager/configs/3310-display-config 00
[2022-03-13 13:36:25] [0003.712] I> Adding plugin-manager/cvm
[2022-03-13 13:36:25] [0003.716] W> "chip-id" doesn't exist, creating
[2022-03-13 13:36:25] [0003.720] I> Adding plugin-manager/chip-id/A02P
[2022-03-13 13:36:25] [0003.725] W> "odm-data" doesn't exist, creating
[2022-03-13 13:36:25] [0003.729] I> Adding /chosen/plugin-manager/odm-data
[2022-03-13 13:36:25] [0003.739] I> added [base:0x80000000, size:0x70000000] to /memory
[2022-03-13 13:36:25] [0003.745] I> added [base:0xf0200000, size:0x185600000] to /memory
[2022-03-13 13:36:25] [0003.751] I> added [base:0x275e00000, size:0x200000] to /memory
[2022-03-13 13:36:25] [0003.757] I> added [base:0x276600000, size:0x200000] to /memory
[2022-03-13 13:36:25] [0003.762] I> added [base:0x277000000, size:0x200000] to /memory
[2022-03-13 13:36:25] [0003.768] I> Updated memory info to DTB
[2022-03-13 13:36:25] [0003.773] E> add_disp_param: failed to get display params for du=0
[2022-03-13 13:36:25] [0003.780] W> "reset" doesn't exist, creating
[2022-03-13 13:36:25] [0003.785] W> "pmc-reset-reason" doesn't exist, creating
[2022-03-13 13:36:25] [0003.790] W> "pmic-reset-reason" doesn't exist, creating
[2022-03-13 13:36:25] [0003.797] I> Adding ecid(00000001646db7851000000013038200) to DT
[2022-03-13 13:36:25] [0003.802] I> disabled_core_mask: 0xffffff0c
[2022-03-13 13:36:25] [0003.815] I> Add serial number:1422420022173 as DT property
[2022-03-13 13:36:25] [0003.824] I> Plugin-manager override starting
[2022-03-13 13:36:25] [0003.830] I> node /plugin-manager/fragement@0 matches
[2022-03-13 13:36:25] [0003.840] I> node /plugin-manager/fragement@4 matches
[2022-03-13 13:36:25] [0003.853] I> node /plugin-manager/fragment-sdwake-p3310-1000-300 matches
[2022-03-13 13:36:25] [0003.873] I> node /plugin-manager/fragement-pmon-p3310-1000-300 matches
[2022-03-13 13:36:25] [0003.883] I> node /plugin-manager/fragement-pmon-p3310-1000-800 matches
[2022-03-13 13:36:25] [0003.891] I> node /plugin-manager/fragment-devslp@0 matches
[2022-03-13 13:36:25] [0003.904] I> node /plugin-manager/fragment-500-pcie-config matches
[2022-03-13 13:36:25] [0003.919] I> node /plugin-manager/fragment-500-xusb-config matches
[2022-03-13 13:36:25] [0003.942] I> node /plugin-manager/fragment-p3310-c00-comm matches
[2022-03-13 13:36:26] [0003.955] I> node /plugin-manager/fragment-p3310-c00-pmic matches
[2022-03-13 13:36:26] [0003.966] I> node /plugin-manager/fragment-p3310-c01 matches
[2022-03-13 13:36:26] [0003.979] I> node /plugin-manager/fragment-p3310-c03 matches
[2022-03-13 13:36:26] [0004.022] I> node /plugin-manager/fragment-e3326@0 matches
[2022-03-13 13:36:26] [0004.104] I> node /plugin-manager/fragment-p3310-c00-camera matches
[2022-03-13 13:36:26] [0004.131] I> Disable plugin-manager status in FDT
[2022-03-13 13:36:26] [0004.135] I> Plugin-manager override finished successfully
[2022-03-13 13:36:26] [0004.141] I> tegrabl_load_kernel_and_dtb: Done
[2022-03-13 13:36:26] [0004.145] E> tegrabl_display_clear: display is not initialized
[2022-03-13 13:36:26] [0004.151] W> Boot logo display failed...
[2022-03-13 13:36:26] [0004.154] I> Kernel EP: 0x80600000, DTB: 0x80000000
[2022-03-13 13:36:26] 
[2022-03-13 13:36:26] 
[2022-03-13 13:36:26] U-Boot 2020.04-g46e4604c78 (Jul 26 2021 - 12:10:58 -0700)
[2022-03-13 13:36:26] 
[2022-03-13 13:36:26] SoC: tegra186
[2022-03-13 13:36:26] Model: NVIDIA P2771-0000-500
[2022-03-13 13:36:26] Board: NVIDIA P2771-0000
[2022-03-13 13:36:26] DRAM:  7.8 GiB
[2022-03-13 13:36:26] MMC:   sdhci@3400000: 1, sdhci@3460000: 0
[2022-03-13 13:36:26] Loading Environment from MMC... *** Warning - bad CRC, using default environment
[2022-03-13 13:36:26] 
[2022-03-13 13:36:26] In:    serial
[2022-03-13 13:36:26] Out:   serial
[2022-03-13 13:36:26] Err:   serial
[2022-03-13 13:36:26] Net:   
[2022-03-13 13:36:26] Warning: ethernet@2490000 using MAC address from ROM
[2022-03-13 13:36:26] eth0: ethernet@2490000
[2022-03-13 13:36:26] Hit any key to stop autoboot:  2  1  0 
[2022-03-13 13:36:28] MMC: no card present
[2022-03-13 13:36:28] switch to partitions #0, OK
[2022-03-13 13:36:28] mmc0(part 0) is current device
[2022-03-13 13:36:28] Scanning mmc 0:1...
[2022-03-13 13:36:28] Found /boot/extlinux/extlinux.conf
[2022-03-13 13:36:28] Retrieving file: /boot/extlinux/extlinux.conf
[2022-03-13 13:36:28] 858 bytes read in 22 ms (38.1 KiB/s)
[2022-03-13 13:36:28] 1:	primary kernel
[2022-03-13 13:36:28] Retrieving file: /boot/initrd
[2022-03-13 13:36:29] 7238344 bytes read in 201 ms (34.3 MiB/s)
[2022-03-13 13:36:29] Retrieving file: /boot/Image
[2022-03-13 13:36:30] 34484232 bytes read in 830 ms (39.6 MiB/s)
[2022-03-13 13:36:30] append: console=ttyS0,115200 androidboot.presilicon=true firmware_class.path=/etc/firmware root=/dev/mmcblk0p1 rw rootwait rootfstype=ext4 console=ttyS0,115200n8 console=tty0 fbcon=map:0 net.ifnames=0 isolcpus=1-2  video=tegrafb earlycon=uart8250,mmio32,0x3100000 nvdumper_reserved=0x2772e0000 gpt rootfs.slot_suffix= usbcore.old_scheme_first=1 tegraid=18.1.2.0.0 maxcpus=6 no_console_suspend boot.slot_suffix= boot.ratchetvalues=0.2031647.1 vpr_resize bl_prof_dataptr=0x10000@0x275840000 sdhci_tegra.en_boot_part_access=1 quiet root=/dev/mmcblk0p1 rw rootwait rootfstype=ext4 console=ttyS0,115200n8 console=tty0 fbcon=map:0 net.ifnames=0 isolcpus=1-2 
[2022-03-13 13:36:30] ## Flattened Device Tree blob at 80000000
[2022-03-13 13:36:30]    Booting using the fdt blob at 0x80000000
[2022-03-13 13:36:30] ERROR: reserving fdt memory region failed (addr=0 size=0)
[2022-03-13 13:36:30] ERROR: reserving fdt memory region failed (addr=0 size=0)
[2022-03-13 13:36:30] ERROR: reserving fdt memory region failed (addr=0 size=0)
[2022-03-13 13:36:30]    Using Device Tree in place at 0000000080000000, end 0000000080060aa3
[2022-03-13 13:36:30] copying carveout for /host1x@13e00000/display-hub@15200000/display@15200000...
[2022-03-13 13:36:30] copying carveout for /host1x@13e00000/display-hub@15200000/display@15210000...
[2022-03-13 13:36:30] copying carveout for /host1x@13e00000/display-hub@15200000/display@15220000...
[2022-03-13 13:36:30] 
[2022-03-13 13:36:30] Starting kernel ...
[2022-03-13 13:36:30] 
[2022-03-13 13:36:30] [    0.000000] Booting Linux on physical CPU 0x100
[2022-03-13 13:36:30] [    0.000000] Linux version 4.9.253-tegra (buildbrain@mobile-u64-5497-d3000) (gcc version 7.3.1 20180425 [linaro-7.3-2018.05 revision d29120a424ecfbc167ef90065c0eeb7f91977701] (Linaro GCC 7.3-2018.05) ) #1 SMP PREEMPT Mon Jul 26 12:19:28 PDT 2021
[2022-03-13 13:36:30] [    0.000000] Boot CPU: AArch64 Processor [411fd073]
[2022-03-13 13:36:30] [    0.000000] OF: fdt:memory scan node memory@80000000, reg size 80,
[2022-03-13 13:36:30] [    0.000000] OF: fdt: - 80000000 ,  70000000
[2022-03-13 13:36:30] [    0.000000] OF: fdt: - f0200000 ,  185600000
[2022-03-13 13:36:30] [    0.000000] OF: fdt: - 275e00000 ,  200000
[2022-03-13 13:36:30] [    0.000000] OF: fdt: - 276600000 ,  200000
[2022-03-13 13:36:30] [    0.000000] OF: fdt: - 277000000 ,  200000
[2022-03-13 13:36:30] [    0.000000] earlycon: uart8250 at MMIO32 0x0000000003100000 (options '')
[2022-03-13 13:36:30] [    0.000000] bootconsole [uart8250] enabled
[2022-03-13 13:36:32] [    1.811760] cgroup: cgroup2: unknown option "nsdelegate"
[2022-03-13 13:36:33] [    2.832433] using random self ethernet address
[2022-03-13 13:36:33] [    2.849698] using random host ethernet address
[2022-03-13 13:36:33] [    2.946112] FAT-fs (loop0): Volume was not properly unmounted. Some data may be corrupt. Please run fsck.
[2022-03-13 13:36:33] [    3.240953] random: crng init done
[2022-03-13 13:36:33] [    3.244360] random: 7 urandom warning(s) missed due to ratelimiting
[2022-03-13 13:36:34] [    3.575417] using random self ethernet address
[2022-03-13 13:36:34] [    3.580588] using random host ethernet address
[2022-03-13 13:36:34] [    3.858643] CPU1: shutdown
[2022-03-13 13:36:34] [    3.940587] CPU2: shutdown
[2022-03-13 13:36:35] [    4.767580] Bridge firewalling registered
[2022-03-13 13:36:38] 
[2022-03-13 13:36:38] Ubuntu 18.04.5 LTS JTX2-A ttyS0
[2022-03-13 13:36:38] 
[2022-03-13 13:36:38] JTX2-A login: [   37.343055] CPU4: SError detected, daif=1c0, spsr=0x800000c5, mpidr=80000102, esr=bf40c000
[2022-03-13 13:37:07] [   37.343058] CPU3: SError detected, daif=1c0, spsr=0x800000c5, mpidr=80000101, esr=bf40c000
[2022-03-13 13:37:07] [   37.343061] CPU0: SError detected, daif=1c0, spsr=0x80000000, mpidr=80000100, esr=bf40c000
[2022-03-13 13:37:07] [   37.343063] CPU5: SError detected, daif=1c0, spsr=0x800000c5, mpidr=80000103, esr=bf40c000
[2022-03-13 13:37:08] [   37.343064] **************************************
[2022-03-13 13:37:08] [   37.343068] A57 CPU Memory Error on CPU 3 (A57 Core 1)
[2022-03-13 13:37:08] [   37.343069] 	ESR:               0xbf40c000
[2022-03-13 13:37:08] [   37.343072] 	L2MERRSR: 0x40091019ae0
[2022-03-13 13:37:08] [   37.343074] 	L2 Data RAM: 0x11
[2022-03-13 13:37:08] [   37.343075] 	CPU ID of Error:    0
[2022-03-13 13:37:08] [   37.343076] 	WAY of Error:       0
[2022-03-13 13:37:08] [   37.343077] 	Index of Error:     105184
[2022-03-13 13:37:08] [   37.343078] 	Repeat Error Count: 0
[2022-03-13 13:37:08] [   37.343079] 	Other Error Count:  4
[2022-03-13 13:37:08] [   37.343080] **************************************
[2022-03-13 13:37:08] [   37.348794] ROC:CCE Machine Check Error:
[2022-03-13 13:37:08] [   37.348798] 	Address Type = Non-Secure DRAM
[2022-03-13 13:37:08] [   37.348823] 	Address = 0x23d5f8dc8 -- System RAM + 0x14d3f8dc8
[2022-03-13 13:37:08] [   37.351441] Bad mode in Error handler detected on CPU3, code 0xbf40c000 -- SError
[2022-03-13 13:37:08] [   37.351443] Kernel panic - not syncing: bad mode
[2022-03-13 13:37:08] [   37.351447] CPU: 3 PID: 0 Comm: swapper/3 Not tainted 4.9.253-tegra #1
[2022-03-13 13:37:08] [   37.351448] Hardware name: quill (DT)
[2022-03-13 13:37:08] [   37.351450] Call trace:
[2022-03-13 13:37:08] [   37.351457] [<ffffff800808ba40>] dump_backtrace+0x0/0x198
[2022-03-13 13:37:08] [   37.351460] [<ffffff800808c004>] show_stack+0x24/0x30
[2022-03-13 13:37:08] [   37.351465] [<ffffff8008f6121c>] dump_stack+0xa0/0xc4
[2022-03-13 13:37:08] [   37.351468] [<ffffff8008f5e2c0>] panic+0x12c/0x2a8
[2022-03-13 13:37:08] [   37.351470] [<ffffff800808c894>] bad_mode+0x7c/0x80
[2022-03-13 13:37:08] [   37.351473] [<ffffff800808ca5c>] handle_serr+0x124/0x128
[2022-03-13 13:37:08] [   37.351474] [<ffffff8008082d98>] el1_serr+0xb0/0x144
[2022-03-13 13:37:08] [   37.351479] [<ffffff8008ba09ac>] cpuidle_enter_state+0x84/0x380
[2022-03-13 13:37:08] [   37.351481] [<ffffff8008ba0d1c>] cpuidle_enter+0x34/0x48
[2022-03-13 13:37:08] [   37.351484] [<ffffff800811139c>] call_cpuidle+0x44/0x70
[2022-03-13 13:37:08] [   37.351485] [<ffffff8008111718>] cpu_startup_entry+0x1b0/0x200
[2022-03-13 13:37:08] [   37.351488] [<ffffff8008091cf8>] secondary_start_kernel+0x190/0x1f8
[2022-03-13 13:37:08] [   37.351490] [<000000008116e1a8>] 0x8116e1a8
[2022-03-13 13:37:08] [   37.351493] SMP: stopping secondary CPUs
[2022-03-13 13:37:08] [   37.357799] ROC:CCE Machine Check Error:
[2022-03-13 13:37:08] [   37.357802] 	Address Type = Secure DRAM
[2022-03-13 13:37:08] [   37.357809] 	Address = 0x27d178dc3 (Unknown Device)
[2022-03-13 13:37:08] [   37.360437] CPU0: SError detected, daif=1c0, spsr=0x40000085, mpidr=80000100, esr=bf40c000
[2022-03-13 13:37:08] [   37.369751] ROC:CCE Machine Check Error:
[2022-03-13 13:37:08] [   37.369753] 	Address Type = Secure DRAM
[2022-03-13 13:37:08] [   37.369756] 	Address = 0x27d178dc3 (Unknown Device)
[2022-03-13 13:37:08] [   37.568540] ROC:CCE Machine Check Error:
[2022-03-13 13:37:08] [   37.572454] 	Address Type = Secure DRAM
[2022-03-13 13:37:08] [   37.576284] 	Address = 0x27d178dc3 (Unknown Device)
[2022-03-13 13:37:08] [   37.583400] Kernel Offset: disabled
[2022-03-13 13:37:08] [   37.586882] Memory Limit: none
[2022-03-13 13:37:08] [   37.589930] trusty-log panic notifier - trusty version Built: 12:20:14 Jul 26 2021 [   37.602290] Rebooting in 5 seconds..
[2022-03-13 13:37:13] [0000.162] I> Welcome to MB2(TBoot-BPMP)(version: 01.00.160913-t186-M-00.00-mobile-c368a720)
[2022-03-13 13:37:13] [0000.171] I> Boot-device: eMMC
[2022-03-13 13:37:13] [0000.178] I> sdmmc bdev is already initialized
