[0000.266] I> Welcome to MB2(TBoot-BPMP)(version: 01.00.160913-t186-M-00.00-mobile-c368a720)
[2022-03-12 14:17:33] [0000.274] I> Boot-device: eMMC
[2022-03-12 14:17:33] [0000.282] I> sdmmc bdev is already initialized
[2022-03-12 14:17:33] [0000.286] I> pmic: reset reason (nverc)	: 0x80
[2022-03-12 14:17:33] [0000.319] I> Found 19 partitions in SDMMC_BOOT (instance 3)
[2022-03-12 14:17:33] [0000.339] I> Found 33 partitions in SDMMC_USER (instance 3)
[2022-03-12 14:17:33] [0000.345] W> No valid slot number is found in scratch register
[2022-03-12 14:17:33] [0000.351] W> Return default slot: _a
[2022-03-12 14:17:33] [0000.354] I> A/B: bin_type (16) slot 0
[2022-03-12 14:17:33] [0000.358] I> Loading partition bpmp-fw at 0xd7800000
[2022-03-12 14:17:33] [0000.363] I> Reading two headers - addr:0xd7800000 blocks:1
[2022-03-12 14:17:33] [0000.368] I> Addr: 0xd7800000, start-block: 58777608, num_blocks: 1
[2022-03-12 14:17:33] [0000.393] I> Binary(16) of size 534416 is loaded @ 0xd7800000
[2022-03-12 14:17:33] [0000.399] W> No valid slot number is found in scratch register
[2022-03-12 14:17:33] [0000.404] W> Return default slot: _a
[2022-03-12 14:17:33] [0000.408] I> A/B: bin_type (17) slot 0
[2022-03-12 14:17:33] [0000.411] I> Loading partition bpmp-fw-dtb at 0xd79f0000
[2022-03-12 14:17:33] [0000.417] I> Reading two headers - addr:0xd79f0000 blocks:1
[2022-03-12 14:17:33] [0000.422] I> Addr: 0xd79f0000, start-block: 58780024, num_blocks: 1
[2022-03-12 14:17:33] [0000.448] I> Binary(17) of size 604720 is loaded @ 0xd796c400
[2022-03-12 14:17:33] [0000.678] I> Loading SCE-FW ...
[2022-03-12 14:17:33] [0000.681] W> No valid slot number is found in scratch register
[2022-03-12 14:17:33] [0000.686] W> Return default slot: _a
[2022-03-12 14:17:33] [0000.690] I> A/B: bin_type (12) slot 0
[2022-03-12 14:17:33] [0000.693] I> Loading partition sce-fw at 0xd7300000
[2022-03-12 14:17:33] [0000.698] I> Reading two headers - addr:0xd7300000 blocks:1
[2022-03-12 14:17:33] [0000.704] I> Addr: 0xd7300000, start-block: 58784120, num_blocks: 1
[2022-03-12 14:17:33] [0000.723] I> Binary(12) of size 125632 is loaded @ 0xd7300000
[2022-03-12 14:17:33] [0000.728] I> Init SCE
[2022-03-12 14:17:33] [0000.731] I> Loading APE-FW ...
[2022-03-12 14:17:33] [0000.734] W> No valid slot number is found in scratch register
[2022-03-12 14:17:33] [0000.739] W> Return default slot: _a
[2022-03-12 14:17:33] [0000.743] I> A/B: bin_type (11) slot 0
[2022-03-12 14:17:33] [0000.746] I> Loading partition adsp-fw at 0xd7400000
[2022-03-12 14:17:34] [0000.751] I> Reading two headers - addr:0xd7400000 blocks:1
[2022-03-12 14:17:34] [0000.757] I> Addr: 0xd7400000, start-block: 58761224, num_blocks: 1
[2022-03-12 14:17:34] [0000.776] I> Binary(11) of size 77216 is loaded @ 0xd7400000
[2022-03-12 14:17:34] [0000.782] I> Copy BTCM section
[2022-03-12 14:17:34] [0000.785] W> No valid slot number is found in scratch register
[2022-03-12 14:17:34] [0000.790] W> Return default slot: _a
[2022-03-12 14:17:34] [0000.794] I> A/B: bin_type (13) slot 0
[2022-03-12 14:17:34] [0000.797] I> Loading partition cpu-bootloader at 0x96000000
[2022-03-12 14:17:34] [0000.803] I> Reading two headers - addr:0x96000000 blocks:1
[2022-03-12 14:17:34] [0000.808] I> Addr: 0x96000000, start-block: 58740744, num_blocks: 1
[2022-03-12 14:17:34] [0000.829] I> Binary(13) of size 308800 is loaded @ 0x96000000
[2022-03-12 14:17:34] [0000.835] W> No valid slot number is found in scratch register
[2022-03-12 14:17:34] [0000.840] W> Return default slot: _a
[2022-03-12 14:17:34] [0000.844] I> A/B: bin_type (20) slot 0
[2022-03-12 14:17:34] [0000.848] I> Loading partition bootloader-dtb at 0x85205400
[2022-03-12 14:17:34] [0000.853] I> Reading two headers - addr:0x85205400 blocks:1
[2022-03-12 14:17:34] [0000.858] I> Addr: 0x85205400, start-block: 58742792, num_blocks: 1
[2022-03-12 14:17:34] [0000.880] I> Binary(20) of size 375568 is loaded @ 0x85205400
[2022-03-12 14:17:34] [0000.886] W> No valid slot number is found in scratch register
[2022-03-12 14:17:34] [0000.892] W> Return default slot: _a
[2022-03-12 14:17:34] [0000.895] I> A/B: bin_type (14) slot 0
[2022-03-12 14:17:34] [0000.899] I> Loading partition secure-os at 0x85305600
[2022-03-12 14:17:34] [0000.904] I> Reading two headers - addr:0x85305600 blocks:1
[2022-03-12 14:17:34] [0000.909] I> Addr: 0x85305600, start-block: 58744840, num_blocks: 1
[2022-03-12 14:17:34] [0000.931] I> Binary(14) of size 402864 is loaded @ 0x85305600
[2022-03-12 14:17:34] [0000.939] I> TOS boot-params @ 0x85000000
[2022-03-12 14:17:34] [0000.943] I> TOS params prepared
[2022-03-12 14:17:34] [0000.946] I> Loading EKS ...
[2022-03-12 14:17:34] [0000.949] I> A/B: bin_type (15) slot 0
[2022-03-12 14:17:34] [0000.952] I> Loading partition eks at 0x85905800
[2022-03-12 14:17:34] [0000.957] I> Reading two headers - addr:0x85905800 blocks:1
[2022-03-12 14:17:34] [0000.962] I> Addr: 0x85905800, start-block: 58757128, num_blocks: 1
[2022-03-12 14:17:34] [0000.981] I> Binary(15) of size 1040 is loaded @ 0x85905800
[2022-03-12 14:17:34] [0000.987] I> EKB detected (length: 0x400) @ 0x85905800
[2022-03-12 14:17:34] [0000.992] I> Copied encrypted keys
[2022-03-12 14:17:34] [0000.995] I> boot profiler @ 0x275844000
[2022-03-12 14:17:34] [0000.999] I> boot profiler for TOS @ 0x275844000
[2022-03-12 14:17:34] [0001.004] I> Unhalting SCE
[2022-03-12 14:17:34] [0001.007] I> Primary Memory Start:80000000 Size:70000000
[2022-03-12 14:17:34] [0001.012] I> Extended Memory Start:f0110000 Size:1856f0000
[2022-03-12 14:17:34] [0001.019] I> MB2(TBoot-BPMP) done
[2022-03-12 14:17:34] 
[2022-03-12 14:17:34] NOTICE:  BL31: v1.3(release):b5eeb33f7
[2022-03-12 14:17:34] NOTICE:  BL31: Built : 12:15:17, Jul 26 2021
[2022-03-12 14:17:34] ipc-unittest-main: 1519: Welcome to IPC unittest!!!
[2022-03-12 14:17:34] ipc-unittest-main: 1531: waiting forever
[2022-03-12 14:17:34] ipc-unittest-srv: 329: Init unittest services!!!
[2022-03-12 14:17:34] hwkey-agent: 41: hwkey-agent is running!!
[2022-03-12 14:17:34] hwkey-agent: 315: key_mgnt_processing .......
[2022-03-12 14:17:34] hwkey-agent: 223: Setting EKB key 0 to slot 14
[2022-03-12 14:17:34] hwkey-agent: 178: Init hweky-agent services!!
[2022-03-12 14:17:34] luks-srv: 40: luks-srv is running!!
[2022-03-12 14:17:34] luks-srv: 157: Init luks-srv IPC services!!
[2022-03-12 14:17:34] platform_bootstrap_epilog: trusty bootstrap complete
[2022-03-12 14:17:34] [0001.391] I> Welcome to Cboot
[2022-03-12 14:17:34] [0001.394] I> Cboot Version: t186-00029e71
[2022-03-12 14:17:34] [0001.398] I> CPU-BL Params @ 0x275800000
[2022-03-12 14:17:34] [0001.402] I>  0) Base:0x00000000 Size:0x00000000
[2022-03-12 14:17:34] [0001.406] I>  1) Base:0x277f00000 Size:0x00100000
[2022-03-12 14:17:34] [0001.411] I>  2) Base:0x277e00000 Size:0x00100000
[2022-03-12 14:17:34] [0001.415] I>  3) Base:0x277d00000 Size:0x00100000
[2022-03-12 14:17:34] [0001.420] I>  4) Base:0x277c00000 Size:0x00100000
[2022-03-12 14:17:34] [0001.424] I>  5) Base:0x277b00000 Size:0x00100000
[2022-03-12 14:17:34] [0001.429] I>  6) Base:0x277800000 Size:0x00200000
[2022-03-12 14:17:34] [0001.433] I>  7) Base:0x277400000 Size:0x00400000
[2022-03-12 14:17:34] [0001.438] I>  8) Base:0x277a00000 Size:0x00100000
[2022-03-12 14:17:34] [0001.442] I>  9) Base:0x277300000 Size:0x00100000
[2022-03-12 14:17:34] [0001.447] I> 10) Base:0x276800000 Size:0x00800000
[2022-03-12 14:17:34] [0001.451] I> 11) Base:0x30000000 Size:0x00040000
[2022-03-12 14:17:34] [0001.456] I> 12) Base:0xf0000000 Size:0x00100000
[2022-03-12 14:17:34] [0001.460] I> 13) Base:0x30040000 Size:0x00001000
[2022-03-12 14:17:34] [0001.465] I> 14) Base:0x30048000 Size:0x00001000
[2022-03-12 14:17:34] [0001.469] I> 15) Base:0x30049000 Size:0x00001000
[2022-03-12 14:17:34] [0001.474] I> 16) Base:0x3004a000 Size:0x00001000
[2022-03-12 14:17:34] [0001.478] I> 17) Base:0x3004b000 Size:0x00001000
[2022-03-12 14:17:34] [0001.482] I> 18) Base:0x3004c000 Size:0x00001000
[2022-03-12 14:17:34] [0001.487] I> 19) Base:0x3004d000 Size:0x00001000
[2022-03-12 14:17:34] [0001.491] I> 20) Base:0x3004e000 Size:0x00001000
[2022-03-12 14:17:34] [0001.496] I> 21) Base:0x3004f000 Size:0x00001000
[2022-03-12 14:17:34] [0001.500] I> 22) Base:0x00000000 Size:0x00000000
[2022-03-12 14:17:34] [0001.505] I> 23) Base:0xf0100000 Size:0x00010000
[2022-03-12 14:17:34] [0001.509] I> 24) Base:0x00000000 Size:0x00000000
[2022-03-12 14:17:34] [0001.513] I> 25) Base:0x00000000 Size:0x00000000
[2022-03-12 14:17:34] [0001.518] I> 26) Base:0x00000000 Size:0x00000000
[2022-03-12 14:17:34] [0001.522] I> 27) Base:0x00000000 Size:0x00000000
[2022-03-12 14:17:34] [0001.527] I> 28) Base:0x84400000 Size:0x00400000
[2022-03-12 14:17:34] [0001.531] I> 29) Base:0x30000000 Size:0x00010000
[2022-03-12 14:17:34] [0001.536] I> 30) Base:0x278000000 Size:0x08000000
[2022-03-12 14:17:34] [0001.540] I> 31) Base:0x00000000 Size:0x00000000
[2022-03-12 14:17:34] [0001.544] I> 32) Base:0x276000000 Size:0x00600000
[2022-03-12 14:17:34] [0001.549] I> 33) Base:0x80000000 Size:0x70000000
[2022-03-12 14:17:34] [0001.553] I> 34) Base:0xf0110000 Size:0x1856f0000
[2022-03-12 14:17:34] [0001.558] I> 35) Base:0x00000000 Size:0x00000000
[2022-03-12 14:17:34] [0001.562] I> 36) Base:0x00000000 Size:0x00000000
[2022-03-12 14:17:34] [0001.567] I> 37) Base:0x2772e0000 Size:0x00020000
[2022-03-12 14:17:34] [0001.571] I> 38) Base:0x84000000 Size:0x00400000
[2022-03-12 14:17:34] [0001.576] I> 39) Base:0x96000000 Size:0x02000000
[2022-03-12 14:17:34] [0001.580] I> 40) Base:0x85000000 Size:0x01200000
[2022-03-12 14:17:34] [0001.585] I> 41) Base:0x275800000 Size:0x00500000
[2022-03-12 14:17:34] [0001.589] I> 42) Base:0x00000000 Size:0x00000000
[2022-03-12 14:17:34] [0001.594] I> 43) Base:0x00000000 Size:0x00000000
[2022-03-12 14:17:34] [0001.598] GIC-SPI Target CPU: 4
[2022-03-12 14:17:34] [0001.601] Interrupts Init done
[2022-03-12 14:17:34] [0001.605] calling constructors
[2022-03-12 14:17:34] [0001.608] initializing heap
[2022-03-12 14:17:34] [0001.610] initializing threads
[2022-03-12 14:17:34] [0001.614] initializing timers
[2022-03-12 14:17:34] [0001.617] creating bootstrap completion thread
[2022-03-12 14:17:34] [0001.621] top of bootstrap2()
[2022-03-12 14:17:34] [0001.625] CPU: ARM Cortex A57
[2022-03-12 14:17:34] [0001.628] CPU: MIDR: 0x411FD073, MPIDR: 0x80000100
[2022-03-12 14:17:34] [0001.633] initializing platform
[2022-03-12 14:17:34] [0001.636] I> Bl_dtb @0x85205400
[2022-03-12 14:17:34] [0001.639] I> gpio framework initialized
[2022-03-12 14:17:34] [0001.645] I> tegrabl_gpio_driver_register: register 'nvidia,tegra186-gpio' driver
[2022-03-12 14:17:34] [0001.656] I> tegrabl_gpio_driver_register: register 'nvidia,tegra186-gpio-aon' driver
[2022-03-12 14:17:34] [0001.663] I> GPIO framework and drivers are initialized.
[2022-03-12 14:17:34] [0001.668] I> Boot-device: eMMC
[2022-03-12 14:17:34] [0001.676] I> sdmmc bdev is already initialized
[2022-03-12 14:17:34] [0001.706] I> Found 19 partitions in SDMMC_BOOT (instance 3)
[2022-03-12 14:17:34] [0001.724] I> Found 33 partitions in SDMMC_USER (instance 3)
[2022-03-12 14:17:34] [0001.729] W> opt-in fuse is not set, skip fuse_burning
[2022-03-12 14:17:34] [0001.734] I> Reserved memory at 0xfbe00000 for U-Boot relocation
[2022-03-12 14:17:34] [0001.740] W> No valid slot number is found in scratch register
[2022-03-12 14:17:34] [0001.746] W> Return default slot: _a
[2022-03-12 14:17:35] [0001.755] I> A/B: bin_type (21) slot 0
[2022-03-12 14:17:35] [0001.759] I> Loading kernel-dtb from partition
[2022-03-12 14:17:35] [0001.763] I> Loading partition kernel-dtb at 0x80000000 from device(0x1)
[2022-03-12 14:17:35] [0001.781] I> Kernel_dtb @0x80000000
[2022-03-12 14:17:35] [0001.784] I> tegrabl_tca9539_init: i2c bus: 0, slave addr: 0xee
[2022-03-12 14:17:35] [0001.795] I> tegrabl_gpio_driver_register: register 'tca9539_gpio_driver' driver
[2022-03-12 14:17:35] [0001.802] I> tegrabl_tca9539_init: i2c bus: 0, slave addr: 0xe8
[2022-03-12 14:17:35] [0001.811] I> tegrabl_gpio_driver_register: register 'tca9539_gpio_driver' driver
[2022-03-12 14:17:35] [0001.821] I> fixed regulator driver initialized
[2022-03-12 14:17:35] [0001.854] I> register 'maxim' power off handle
[2022-03-12 14:17:35] [0001.860] I> virtual i2c enabled
[2022-03-12 14:17:35] [0001.864] I> registered 'maxim,max77620' pmic
[2022-03-12 14:17:35] [0001.868] I> tegrabl_gpio_driver_register: register 'max77620-gpio' driver
[2022-03-12 14:17:35] [0001.882] E> failed to read label property for node 324936: 13
[2022-03-12 14:17:35] [0001.890] E> failed to read reg property for node 325032: 13
[2022-03-12 14:17:35] [0001.899] E> failed to read reg property for node 325084: 13
[2022-03-12 14:17:35] [0001.907] E> failed to read label property for node 325168: 13
[2022-03-12 14:17:35] [0001.915] E> failed to read label property for node 325236: 13
[2022-03-12 14:17:35] [0001.924] E> failed to read reg property for node 325304: 13
[2022-03-12 14:17:35] [0001.932] E> failed to read reg property for node 325376: 13
[2022-03-12 14:17:35] [0001.942] I> Find /i2c@c250000's alias i2c7
[2022-03-12 14:17:35] [0001.946] I> Reading eeprom i2c=7 address=0x50
[2022-03-12 14:17:35] [0001.976] I> Device at /i2c@c250000:0x50
[2022-03-12 14:17:35] [0001.979] I> Reading eeprom i2c=7 address=0x57
[2022-03-12 14:17:35] [0002.008] I> Device at /i2c@c250000:0x57
[2022-03-12 14:17:35] [0002.012] I> Find /i2c@c240000's alias i2c1
[2022-03-12 14:17:35] [0002.016] I> Reading eeprom i2c=1 address=0x51
[2022-03-12 14:17:35] [0002.021] E> I2C: slave not found in slaves.
[2022-03-12 14:17:35] [0002.026] E> I2C: Could not write 0 bytes to slave: 0x00a2 with repeat start true.
[2022-03-12 14:17:35] [0002.033] E> I2C_DEV: Failed to send register address 0x00000000.
[2022-03-12 14:17:35] [0002.039] E> I2C_DEV: Could not read 256 registers of size 1 from slave 0xa2 at 0x00000000 via instance 1.
[2022-03-12 14:17:35] [0002.049] E> eeprom: Retry to read I2C slave device.
[2022-03-12 14:17:35] [0002.054] E> I2C: slave not found in slaves.
[2022-03-12 14:17:35] [0002.058] E> I2C: Could not write 0 bytes to slave: 0x00a2 with repeat start true.
[2022-03-12 14:17:35] [0002.065] E> I2C_DEV: Failed to send register address 0x00000000.
[2022-03-12 14:17:35] [0002.071] E> I2C_DEV: Could not read 256 registers of size 1 from slave 0xa2 at 0x00000000 via instance 1.
[2022-03-12 14:17:35] [0002.081] E> eeprom: Failed to read I2C slave device
[2022-03-12 14:17:35] [0002.086] I> Eeprom read failed 0x3526070d
[2022-03-12 14:17:35] [0002.090] I> Find /i2c@3160000's alias i2c0
[2022-03-12 14:17:35] [0002.094] I> Reading eeprom i2c=0 address=0x50
[2022-03-12 14:17:35] [0002.098] E> I2C: slave not found in slaves.
[2022-03-12 14:17:35] [0002.102] E> I2C: Could not write 0 bytes to slave: 0x00a0 with repeat start true.
[2022-03-12 14:17:35] [0002.110] E> I2C_DEV: Failed to send register address 0x00000000.
[2022-03-12 14:17:35] [0002.116] E> I2C_DEV: Could not read 256 registers of size 1 from slave 0xa0 at 0x00000000 via instance 0.
[2022-03-12 14:17:35] [0002.126] E> eeprom: Failed to read I2C slave device
[2022-03-12 14:17:35] [0002.130] I> Eeprom read failed 0x3526070d
[2022-03-12 14:17:35] [0002.135] I> Find /i2c@3180000's alias i2c2
[2022-03-12 14:17:35] [0002.139] I> Reading eeprom i2c=2 address=0x54
[2022-03-12 14:17:35] [0002.143] I> Enabling gpio chip_id = 2, gpio pin = 9
[2022-03-12 14:17:35] [0002.174] I> Disabling gpio chip_id = 2, gpio pin = 9
[2022-03-12 14:17:35] [0002.179] I> Device at /i2c@3180000:0x54
[2022-03-12 14:17:35] [0002.183] I> Reading eeprom i2c=2 address=0x57
[2022-03-12 14:17:35] [0002.187] I> Enabling gpio chip_id = 2, gpio pin = 9
[2022-03-12 14:17:35] [0002.193] E> I2C: slave not found in slaves.
[2022-03-12 14:17:35] [0002.197] E> I2C: Could not write 0 bytes to slave: 0x00ae with repeat start true.
[2022-03-12 14:17:35] [0002.205] E> I2C_DEV: Failed to send register address 0x00000000.
[2022-03-12 14:17:35] [0002.211] E> I2C_DEV: Could not read 256 registers of size 1 from slave 0xae at 0x00000000 via instance 2.
[2022-03-12 14:17:35] [0002.220] E> eeprom: Failed to read I2C slave device
[2022-03-12 14:17:35] [0002.225] I> Disabling gpio chip_id = 2, gpio pin = 9
[2022-03-12 14:17:35] [0002.230] I> Eeprom read failed 0x00000000
[2022-03-12 14:17:35] [0002.234] I> create_pm_ids: id: 3310-1000-D00-L, len: 15
[2022-03-12 14:17:35] [0002.239] I> config: mem-type:00,power-config:00,misc-config:00,modem-config:00,touch-config:00,display-config:00,, len: 93
[2022-03-12 14:17:35] [0002.250] I> create_pm_ids: id: 2597-0000-900-E, len: 15
[2022-03-12 14:17:35] [0002.255] I> config: mem-type:00,power-config:00,misc-config:00,modem-config:00,touch-config:00,display-config:00,, len: 93
[2022-03-12 14:17:35] [0002.266] I> create_pm_ids: id: 3326-1000-000-M, len: 15
[2022-03-12 14:17:35] [0002.271] I> config: mem-type:ff,power-config:ff,misc-config:ff,modem-config:ff,touch-config:ff,display-config:ff,, len: 93
[2022-03-12 14:17:35] [0002.306] I> enabling 'vdd-hdmi' regulator
[2022-03-12 14:17:35] [0002.322] I> regulator 'vdd-hdmi' already enabled
[2022-03-12 14:17:35] [0002.326] E> tegrabl_display_init_regulator: hdmi cable is not connected
[2022-03-12 14:17:35] [0002.333] E> tegrabl_display_get_pdata, failed to parse dtb settings
[2022-03-12 14:17:35] [0002.342] E> cannot find any other nvdisp nodes
[2022-03-12 14:17:35] [0002.346] E> no valid display unit config found in dtb
[2022-03-12 14:17:35] [0002.352] W> display init failed
[2022-03-12 14:17:35] [0002.355] initializing target
[2022-03-12 14:17:35] [0002.358] calling apps_init()
[2022-03-12 14:17:35] [0002.361] starting app kernel_boot_app
[2022-03-12 14:17:35] [0002.383] I> found decompressor handler: lz4-legacy
[2022-03-12 14:17:35] [0002.388] I> decompressing BMP blob ...
[2022-03-12 14:17:35] [0002.400] I> Kernel type = Normal
[2022-03-12 14:17:35] [0002.403] I> ########## Fixed storage boot ##########
[2022-03-12 14:17:35] [0002.408] I> Loading kernel-bootctrl from partition
[2022-03-12 14:17:35] [0002.413] I> Loading partition kernel-bootctrl at 0xa8000000 from device(0x1)
[2022-03-12 14:17:35] [0002.427] W> tegrabl_get_kernel_bootctrl: magic number(0x00000000) is invalid
[2022-03-12 14:17:35] [0002.434] W> tegrabl_get_kernel_bootctrl: use default dummy boot control data
[2022-03-12 14:17:35] [0002.441] W> No valid slot number is found in scratch register
[2022-03-12 14:17:35] [0002.447] W> Return default slot: _a
[2022-03-12 14:17:35] [0002.450] I> A/B: bin_type (24) slot 0
[2022-03-12 14:17:35] [0002.466] I> Boot image size read from image header: 9913d
[2022-03-12 14:17:35] [0002.471] I> Boot image load address: 0x80400000
[2022-03-12 14:17:35] [0002.475] I> Loading kernel from partition
[2022-03-12 14:17:35] [0002.479] I> Loading partition kernel at 0x80400000 from device(0x1)
[2022-03-12 14:17:36] [0003.421] I> Validate kernel ...
[2022-03-12 14:17:36] [0003.424] I> T18x: Authenticate kernel (bin_type 24), max size 0x4000000
[2022-03-12 14:17:36] [0003.432] I> Decrypt the buffer ... [0003.436] W> tegrabl_decrypt_block: fuse (0x0) is not burnt to do encryption (0x4); skip decryption.
[2022-03-12 14:17:36] [0003.444] I> done
[2022-03-12 14:17:36] [0003.446] I> Checking boot.img header magic ... [0003.450] I> [OK]
[2022-03-12 14:17:36] [0003.452] I> kernel-dtb is already loaded
[2022-03-12 14:17:36] [0003.456] I> Validate kernel-dtb ...
[2022-03-12 14:17:36] [0003.459] I> T18x: Authenticate kernel-dtb (bin_type 21), max size 0x100000
[2022-03-12 14:17:36] [0003.467] I> Decrypt the buffer ... [0003.470] W> tegrabl_decrypt_block: fuse (0x0) is not burnt to do encryption (0x4); skip decryption.
[2022-03-12 14:17:36] [0003.479] I> done
[2022-03-12 14:17:36] [0003.481] I> Kernel hdr @0x80400000
[2022-03-12 14:17:36] [0003.484] I> Kernel dtb @0x80000000
[2022-03-12 14:17:36] [0003.488] I> decompressor handler not found
[2022-03-12 14:17:36] [0003.492] I> Copying kernel image (627005 bytes) from 0x80400800 to 0x80600000 ... [0003.499] I> Done
[2022-03-12 14:17:36] [0003.501] I> Move ramdisk (len: 0) from 0x8049a000 to 0x947d0000
[2022-03-12 14:17:36] [0003.509] I> Updated bpmp info to DTB
[2022-03-12 14:17:36] [0003.515] I> Ramdisk: Base: 0x947d0000; Size: 0x0
[2022-03-12 14:17:36] [0003.519] I> Updated initrd info to DTB
[2022-03-12 14:17:36] [0003.523] W> WARN: Fail to override "console=none" in commandline
[2022-03-12 14:17:36] [0003.529] I> Active rootfs suffix: 
[2022-03-12 14:17:36] [0003.532] E> tegrabl_linuxboot_add_disp_param, du 0 failed to get display params
[2022-03-12 14:17:36] [0003.539] E> tegrabl_linuxboot_add_disp_param, du 0 failed to get display params
[2022-03-12 14:17:36] [0003.546] E> tegrabl_linuxboot_add_disp_param, du 0 failed to get display params
[2022-03-12 14:17:36] [0003.554] I> disabled_core_mask: 0xffffff0c
[2022-03-12 14:17:36] [0003.558] W> No valid slot number is found in scratch register
[2022-03-12 14:17:36] [0003.563] W> Return default slot: _a
[2022-03-12 14:17:36] [0003.567] I> Active slot suffix: 
[2022-03-12 14:17:36] [0003.570] I> add_boot_slot_suffix: slot_suffix = 
[2022-03-12 14:17:36] [0003.574] I> Linux Cmdline: console=ttyS0,115200 androidboot.presilicon=true firmware_class.path=/etc/firmware root=/dev/mmcblk0p1 rw rootwait rootfstype=ext4 console=ttyS0,115200n8 console=tty0 fbcon=map:0 net.ifnames=0 isolcpus=1-2  video=tegrafb earlycon=uart8250,mmio32,0x3100000 nvdumper_reserved=0x2772e0000 gpt rootfs.slot_suffix= usbcore.old_scheme_first=1 tegraid=18.1.2.0.0 maxcpus=6 no_console_suspend boot.slot_suffix= boot.ratchetvalues=0.2031647.1 vpr_resize bl_prof_dataptr=0x10000@0x275840000 sdhci_tegra.en_boot_part_access=1 
[2022-03-12 14:17:36] [0003.622] I> Updated bootarg info to DTB
[2022-03-12 14:17:36] [0003.626] I> eeprom_get_mac_addr: MAC (type: 0): 48:b0:2d:0f:11:c5
[2022-03-12 14:17:36] [0003.632] I> eeprom_get_mac_addr: MAC (type: 1): 48:b0:2d:0f:11:c6
[2022-03-12 14:17:36] [0003.638] I> eeprom_get_mac_addr: MAC (type: 2): 48:b0:2d:0f:11:c7
[2022-03-12 14:17:36] [0003.644] E> Found no plugin manager ids in source DT
[2022-03-12 14:17:36] [0003.649] W> Add plugin manager ids from board info
[2022-03-12 14:17:36] [0003.654] W> "plugin-manager" doesn't exist, creating
[2022-03-12 14:17:36] [0003.659] W> "ids" doesn't exist, creating
[2022-03-12 14:17:36] [0003.663] W> "connection" doesn't exist, creating
[2022-03-12 14:17:36] [0003.667] W> "configs" doesn't exist, creating
[2022-03-12 14:17:36] [0003.672] I> create_pm_ids: id: 3310-1000-D00-L, len: 15
[2022-03-12 14:17:36] [0003.677] I> config: mem-type:00,power-config:00,misc-config:00,modem-config:00,touch-config:00,display-config:00,, len: 93
[2022-03-12 14:17:36] [0003.688] I> create_pm_ids: id: 2597-0000-900-E, len: 15
[2022-03-12 14:17:36] [0003.693] I> config: mem-type:00,power-config:00,misc-config:00,modem-config:00,touch-config:00,display-config:00,, len: 93
[2022-03-12 14:17:36] [0003.704] I> create_pm_ids: id: 3326-1000-000-M, len: 15
[2022-03-12 14:17:36] [0003.709] I> config: mem-type:ff,power-config:ff,misc-config:ff,modem-config:ff,touch-config:ff,display-config:ff,, len: 93
[2022-03-12 14:17:36] [0003.720] I> Adding plugin-manager/ids/3310-1000-D00=/i2c@c250000:module@0x50
[2022-03-12 14:17:36] [0003.727] W> "i2c@c250000" doesn't exist, creating
[2022-03-12 14:17:36] [0003.732] W> "module@0x50" doesn't exist, creating
[2022-03-12 14:17:36] [0003.737] I> Adding plugin-manager/ids/2597-0000-900=/i2c@c250000:module@0x57
[2022-03-12 14:17:36] [0003.744] W> "module@0x57" doesn't exist, creating
[2022-03-12 14:17:37] [0003.749] I> Adding plugin-manager/ids/3326-1000-000=/i2c@3180000:module@0x54
[2022-03-12 14:17:37] [0003.756] W> "i2c@3180000" doesn't exist, creating
[2022-03-12 14:17:37] [0003.761] W> "module@0x54" doesn't exist, creating
[2022-03-12 14:17:37] [0003.768] I> Adding plugin-manager/ids/3310-1000-D00-L
[2022-03-12 14:17:37] [0003.775] I> Adding plugin-manager/configs/3310-mem-type 00
[2022-03-12 14:17:37] [0003.780] I> Adding plugin-manager/configs/3310-power-config 00
[2022-03-12 14:17:37] [0003.786] I> Adding plugin-manager/configs/3310-misc-config 00
[2022-03-12 14:17:37] [0003.792] I> Adding plugin-manager/configs/3310-modem-config 00
[2022-03-12 14:17:37] [0003.798] I> Adding plugin-manager/configs/3310-touch-config 00
[2022-03-12 14:17:37] [0003.804] I> Adding plugin-manager/configs/3310-display-config 00
[2022-03-12 14:17:37] [0003.810] I> Adding plugin-manager/cvm
[2022-03-12 14:17:37] [0003.814] W> "chip-id" doesn't exist, creating
[2022-03-12 14:17:37] [0003.819] I> Adding plugin-manager/chip-id/A02P
[2022-03-12 14:17:37] [0003.823] W> "odm-data" doesn't exist, creating
[2022-03-12 14:17:37] [0003.828] I> Adding /chosen/plugin-manager/odm-data
[2022-03-12 14:17:37] [0003.838] I> added [base:0x80000000, size:0x70000000] to /memory
[2022-03-12 14:17:37] [0003.843] I> added [base:0xf0200000, size:0x185600000] to /memory
[2022-03-12 14:17:37] [0003.849] I> added [base:0x275e00000, size:0x200000] to /memory
[2022-03-12 14:17:37] [0003.855] I> added [base:0x276600000, size:0x200000] to /memory
[2022-03-12 14:17:37] [0003.861] I> added [base:0x277000000, size:0x200000] to /memory
[2022-03-12 14:17:37] [0003.867] I> Updated memory info to DTB
[2022-03-12 14:17:37] [0003.871] E> add_disp_param: failed to get display params for du=0
[2022-03-12 14:17:37] [0003.879] W> "reset" doesn't exist, creating
[2022-03-12 14:17:37] [0003.883] W> "pmc-reset-reason" doesn't exist, creating
[2022-03-12 14:17:37] [0003.889] W> "pmic-reset-reason" doesn't exist, creating
[2022-03-12 14:17:37] [0003.895] I> Adding ecid(00000001646db7851000000013038200) to DT
[2022-03-12 14:17:37] [0003.901] I> disabled_core_mask: 0xffffff0c
[2022-03-12 14:17:37] [0003.914] I> Add serial number:1422420022173 as DT property
[2022-03-12 14:17:37] [0003.923] I> Plugin-manager override starting
[2022-03-12 14:17:37] [0003.928] I> node /plugin-manager/fragement@0 matches
[2022-03-12 14:17:37] [0003.939] I> node /plugin-manager/fragement@4 matches
[2022-03-12 14:17:37] [0003.951] I> node /plugin-manager/fragment-sdwake-p3310-1000-300 matches
[2022-03-12 14:17:37] [0003.971] I> node /plugin-manager/fragement-pmon-p3310-1000-300 matches
[2022-03-12 14:17:37] [0003.981] I> node /plugin-manager/fragement-pmon-p3310-1000-800 matches
[2022-03-12 14:17:37] [0003.990] I> node /plugin-manager/fragment-devslp@0 matches
[2022-03-12 14:17:37] [0004.002] I> node /plugin-manager/fragment-500-pcie-config matches
[2022-03-12 14:17:37] [0004.017] I> node /plugin-manager/fragment-500-xusb-config matches
[2022-03-12 14:17:37] [0004.040] I> node /plugin-manager/fragment-p3310-c00-comm matches
[2022-03-12 14:17:37] [0004.053] I> node /plugin-manager/fragment-p3310-c00-pmic matches
[2022-03-12 14:17:37] [0004.064] I> node /plugin-manager/fragment-p3310-c01 matches
[2022-03-12 14:17:37] [0004.077] I> node /plugin-manager/fragment-p3310-c03 matches
[2022-03-12 14:17:37] [0004.119] I> node /plugin-manager/fragment-e3326@0 matches
[2022-03-12 14:17:37] [0004.201] I> node /plugin-manager/fragment-p3310-c00-camera matches
[2022-03-12 14:17:37] [0004.228] I> Disable plugin-manager status in FDT
[2022-03-12 14:17:37] [0004.233] I> Plugin-manager override finished successfully
[2022-03-12 14:17:37] [0004.238] I> tegrabl_load_kernel_and_dtb: Done
[2022-03-12 14:17:37] [0004.242] E> tegrabl_display_clear: display is not initialized
[2022-03-12 14:17:37] [0004.248] W> Boot logo display failed...
[2022-03-12 14:17:37] [0004.252] I> Kernel EP: 0x80600000, DTB: 0x80000000
[2022-03-12 14:17:37] 
[2022-03-12 14:17:37] 
[2022-03-12 14:17:37] U-Boot 2020.04-g46e4604c78 (Jul 26 2021 - 12:10:58 -0700)
[2022-03-12 14:17:37] 
[2022-03-12 14:17:37] SoC: tegra186
[2022-03-12 14:17:37] Model: NVIDIA P2771-0000-500
[2022-03-12 14:17:37] Board: NVIDIA P2771-0000
[2022-03-12 14:17:37] DRAM:  7.8 GiB
[2022-03-12 14:17:37] MMC:   sdhci@3400000: 1, sdhci@3460000: 0
[2022-03-12 14:17:37] Loading Environment from MMC... *** Warning - bad CRC, using default environment
[2022-03-12 14:17:37] 
[2022-03-12 14:17:37] In:    serial
[2022-03-12 14:17:37] Out:   serial
[2022-03-12 14:17:37] Err:   serial
[2022-03-12 14:17:37] Net:   
[2022-03-12 14:17:37] Warning: ethernet@2490000 using MAC address from ROM
[2022-03-12 14:17:37] eth0: ethernet@2490000
[2022-03-12 14:17:37] Hit any key to stop autoboot:  2  1  0 
[2022-03-12 14:17:39] MMC: no card present
[2022-03-12 14:17:39] switch to partitions #0, OK
[2022-03-12 14:17:39] mmc0(part 0) is current device
[2022-03-12 14:17:40] Scanning mmc 0:1...
[2022-03-12 14:17:40] Found /boot/extlinux/extlinux.conf
[2022-03-12 14:17:40] Retrieving file: /boot/extlinux/extlinux.conf
[2022-03-12 14:17:40] 858 bytes read in 23 ms (36.1 KiB/s)
[2022-03-12 14:17:40] 1:	primary kernel
[2022-03-12 14:17:40] Retrieving file: /boot/initrd
[2022-03-12 14:17:40] 7238344 bytes read in 201 ms (34.3 MiB/s)
[2022-03-12 14:17:40] Retrieving file: /boot/Image
[2022-03-12 14:17:41] 34484232 bytes read in 830 ms (39.6 MiB/s)
[2022-03-12 14:17:41] append: console=ttyS0,115200 androidboot.presilicon=true firmware_class.path=/etc/firmware root=/dev/mmcblk0p1 rw rootwait rootfstype=ext4 console=ttyS0,115200n8 console=tty0 fbcon=map:0 net.ifnames=0 isolcpus=1-2  video=tegrafb earlycon=uart8250,mmio32,0x3100000 nvdumper_reserved=0x2772e0000 gpt rootfs.slot_suffix= usbcore.old_scheme_first=1 tegraid=18.1.2.0.0 maxcpus=6 no_console_suspend boot.slot_suffix= boot.ratchetvalues=0.2031647.1 vpr_resize bl_prof_dataptr=0x10000@0x275840000 sdhci_tegra.en_boot_part_access=1 quiet root=/dev/mmcblk0p1 rw rootwait rootfstype=ext4 console=ttyS0,115200n8 console=tty0 fbcon=map:0 net.ifnames=0 isolcpus=1-2 
[2022-03-12 14:17:41] ## Flattened Device Tree blob at 80000000
[2022-03-12 14:17:41]    Booting using the fdt blob at 0x80000000
[2022-03-12 14:17:41] ERROR: reserving fdt memory region failed (addr=0 size=0)
[2022-03-12 14:17:41] ERROR: reserving fdt memory region failed (addr=0 size=0)
[2022-03-12 14:17:41] ERROR: reserving fdt memory region failed (addr=0 size=0)
[2022-03-12 14:17:41]    Using Device Tree in place at 0000000080000000, end 0000000080060aa3
[2022-03-12 14:17:41] copying carveout for /host1x@13e00000/display-hub@15200000/display@15200000...
[2022-03-12 14:17:41] copying carveout for /host1x@13e00000/display-hub@15200000/display@15210000...
[2022-03-12 14:17:41] copying carveout for /host1x@13e00000/display-hub@15200000/display@15220000...
[2022-03-12 14:17:41] 
[2022-03-12 14:17:41] Starting kernel ...
[2022-03-12 14:17:41] 
[2022-03-12 14:17:41] [    0.000000] Booting Linux on physical CPU 0x100
[2022-03-12 14:17:41] [    0.000000] Linux version 4.9.253-tegra (buildbrain@mobile-u64-5497-d3000) (gcc version 7.3.1 20180425 [linaro-7.3-2018.05 revision d29120a424ecfbc167ef90065c0eeb7f91977701] (Linaro GCC 7.3-2018.05) ) #1 SMP PREEMPT Mon Jul 26 12:19:28 PDT 2021
[2022-03-12 14:17:41] [    0.000000] Boot CPU: AArch64 Processor [411fd073]
[2022-03-12 14:17:41] [    0.000000] OF: fdt:memory scan node memory@80000000, reg size 80,
[2022-03-12 14:17:41] [    0.000000] OF: fdt: - 80000000 ,  70000000
[2022-03-12 14:17:41] [    0.000000] OF: fdt: - f0200000 ,  185600000
[2022-03-12 14:17:41] [    0.000000] OF: fdt: - 275e00000 ,  200000
[2022-03-12 14:17:41] [    0.000000] OF: fdt: - 276600000 ,  200000
[2022-03-12 14:17:41] [    0.000000] OF: fdt: - 277000000 ,  200000
[2022-03-12 14:17:41] [    0.000000] earlycon: uart8250 at MMIO32 0x0000000003100000 (options '')
[2022-03-12 14:17:41] [    0.000000] bootconsole [uart8250] enabled
[2022-03-12 14:17:43] [    1.947588] cgroup: cgroup2: unknown option "nsdelegate"
[2022-03-12 14:17:44] [    2.890934] using random self ethernet address
[2022-03-12 14:17:44] [    2.895874] using random host ethernet address
[2022-03-12 14:17:45] [    3.403549] random: crng init done
[2022-03-12 14:17:45] [    3.406958] random: 7 urandom warning(s) missed due to ratelimiting
[2022-03-12 14:17:45] [    3.431480] using random self ethernet address
[2022-03-12 14:17:45] [    3.437147] using random host ethernet address
[2022-03-12 14:17:45] [    3.960070] CPU1: shutdown
[2022-03-12 14:17:45] [    3.995705] CPU2: shutdown
[2022-03-12 14:17:46] [    5.012724] Bridge firewalling registered
[2022-03-12 14:17:50] 
[2022-03-12 14:17:50] Ubuntu 18.04.5 LTS JTX2-A ttyS0
[2022-03-12 14:17:50] 
[2022-03-12 14:17:50] JTX2-A login: [ 1032.504805] nvgpu: 17000000.gp10b                     gp10b_ltc_isr:298  [ERR]  mc_ltc_intr: 00000001
[2022-03-12 14:34:54] [ 1032.514091] nvgpu: 17000000.gp10b                 gp10b_ltc_lts_isr:252  [ERR]  Single bit error detected in GPU L2!
[2022-03-12 14:34:54] [ 1032.524724] nvgpu: 17000000.gp10b                 gp10b_ltc_lts_isr:286  [ERR]  ltc0, slice 0: bb4f0110
[2022-03-12 14:36:11] [ 1109.789223] CPU3: SError detected, daif=1c0, spsr=0x800000c5, mpidr=80000101, esr=bf40c000
[2022-03-12 14:36:11] [ 1109.789225] CPU4: SError detected, daif=1c0, spsr=0x80000000, mpidr=80000102, esr=bf40c000
[2022-03-12 14:36:11] [ 1109.789228] CPU0: SError detected, daif=1c0, spsr=0x60000000, mpidr=80000100, esr=bf40c000
[2022-03-12 14:36:11] [ 1109.789231] CPU5: SError detected, daif=1c0, spsr=0x60000000, mpidr=80000103, esr=bf40c000
[2022-03-12 14:36:11] [ 1109.789232] **************************************
[2022-03-12 14:36:11] [ 1109.789236] A57 CPU Memory Error on CPU 4 (A57 Core 2)
[2022-03-12 14:36:11] [ 1109.789238] 	ESR:               0xbf40c000
[2022-03-12 14:36:11] [ 1109.789240] 	CPUMERRSR: 0x80080840
[2022-03-12 14:36:11] [ 1109.789241] 	Instruction L1 Tag RAM: 0x0
[2022-03-12 14:36:11] [ 1109.789242] 	Bank/Way of Error:  0x2
[2022-03-12 14:36:11] [ 1109.789244] 	Index of Error:     0x840
[2022-03-12 14:36:11] [ 1109.789244] 	Repeat Error Count: 0
[2022-03-12 14:36:11] [ 1109.789245] 	Other Error Count:  0
[2022-03-12 14:36:11] [ 1109.789246] 	L2MERRSR: 0xd00913dd378
[2022-03-12 14:36:11] [ 1109.789247] 	L2 Data RAM: 0x11
[2022-03-12 14:36:11] [ 1109.789248] 	CPU ID of Error:    7
[2022-03-12 14:36:11] [ 1109.789249] 	WAY of Error:       1
[2022-03-12 14:36:11] [ 1109.789250] 	Index of Error:     119672
[2022-03-12 14:36:11] [ 1109.789251] 	Repeat Error Count: 0
[2022-03-12 14:36:11] [ 1109.789252] 	Other Error Count:  13
[2022-03-12 14:36:11] [ 1109.789252] **************************************
[2022-03-12 14:36:11] [ 1109.791508] ROC:CCE Machine Check Error:
[2022-03-12 14:36:11] [ 1109.791512] 	Address Type = Non-Secure DRAM
[2022-03-12 14:36:11] [ 1109.791537] 	Address = 0x25cf425c8 -- System RAM + 0x16cd425c8
[2022-03-12 14:36:11] [ 1109.791736] Bad mode in Error handler detected on CPU4, code 0xbf40c000 -- SError
[2022-03-12 14:36:11] [ 1109.791738] Kernel panic - not syncing: bad mode
[2022-03-12 14:36:11] [ 1109.791741] CPU: 4 PID: 9861 Comm: mmult Not tainted 4.9.253-tegra #1
[2022-03-12 14:36:11] [ 1109.791743] Hardware name: quill (DT)
[2022-03-12 14:36:11] [ 1109.791744] Call trace:
[2022-03-12 14:36:11] [ 1109.791751] [<ffffff800808ba40>] dump_backtrace+0x0/0x198
[2022-03-12 14:36:11] [ 1109.791754] [<ffffff800808c004>] show_stack+0x24/0x30
[2022-03-12 14:36:11] [ 1109.791759] [<ffffff8008f6121c>] dump_stack+0xa0/0xc4
[2022-03-12 14:36:11] [ 1109.791762] [<ffffff8008f5e2c0>] panic+0x12c/0x2a8
[2022-03-12 14:36:11] [ 1109.791764] [<ffffff800808c894>] bad_mode+0x7c/0x80
[2022-03-12 14:36:11] [ 1109.791767] [<ffffff800808ca5c>] handle_serr+0x124/0x128
[2022-03-12 14:36:11] [ 1109.791769] [<ffffff8008082f20>] el0_serr+0xf4/0xfc
[2022-03-12 14:36:11] [ 1109.791772] SMP: stopping secondary CPUs
[2022-03-12 14:36:11] [ 1109.794079] ROC:CCE Machine Check Error:
[2022-03-12 14:36:11] [ 1109.794081] 	Address Type = Non-Secure DRAM
[2022-03-12 14:36:11] [ 1109.794087] 	Address = 0x815c25c8 -- System RAM + 0x15c25c8
[2022-03-12 14:36:11] [ 1109.977737] **************************************
[2022-03-12 14:36:11] [ 1109.982517] A57 CPU Memory Error on CPU 3 (A57 Core 1)
[2022-03-12 14:36:11] [ 1109.987644] 	ESR:               0xbf40c000
[2022-03-12 14:36:11] [ 1109.991730] 	CPUMERRSR: 0x10089002530
[2022-03-12 14:36:11] [ 1109.995384] 	Data L1 Data RAM: 0x9
[2022-03-12 14:36:11] [ 1109.998777] 	Bank/Way of Error:  0x0
[2022-03-12 14:36:11] [ 1110.002342] 	Index of Error:     0x2530
[2022-03-12 14:36:11] [ 1110.006167] 	Repeat Error Count: 0
[2022-03-12 14:36:11] [ 1110.009559] 	Other Error Count:  1
[2022-03-12 14:36:11] [ 1110.012950] **************************************
[2022-03-12 14:36:11] [ 1110.017933] Bad mode in Error handler detected on CPU3, code 0xbf40c000 -- SError
[2022-03-12 14:36:12] [ 1110.841079] SMP: failed to stop secondary CPUs 3-4
[2022-03-12 14:36:12] [ 1110.845862] Kernel Offset: disabled
[2022-03-12 14:36:12] [ 1110.849342] Memory Limit: none
[2022-03-12 14:36:12] [ 1110.852388] trusty-log panic notifier - trusty version Built: 12:20:14 Jul 26 2021 [ 1110.864855] Rebooting in 5 seconds..
[2022-03-12 14:36:17] [ 1115.868645] SMP: stopping secondary CPUs
[2022-03-12 14:36:18] [ 1116.921466] SMP: failed to stop secondary CPUs 3-4
[2022-03-12 14:36:19] [0000.163] I> Welcome to MB2(TBoot-BPMP)(version: 01.00.160913-t186-M-00.00-mobile-c368a720)
[2022-03-12 14:36:19] [0000.171] I> Boot-device: eMMC
[2022-03-12 14:36:19] [0000.179] I> sdmmc bdev is already initialized
[2022-03-12 14:36:19] [0000.183] I> pmic: reset reason (nverc)	: 0x0
[2022-03-12 14:36:19] [0000.216] I> Found 19 partitions in SDMMC_BOOT (instance 3)
[2022-03-12 14:36:19] [0000.236] I> Found 33 partitions in SDMMC_USER (instance 3)
[2022-03-12 14:36:19] [0000.242] W> No valid slot number is found in scratch register
[2022-03-12 14:36:19] [0000.248] W> Return default slot: _a
[2022-03-12 14:36:19] [0000.251] I> A/B: bin_type (16) slot 0
[2022-03-12 14:36:19] [0000.255] I> Loading partition bpmp-fw at 0xd7800000
[2022-03-12 14:36:19] [0000.260] I> Reading two headers - addr:0xd7800000 blocks:1
[2022-03-12 14:36:19] [0000.265] I> Addr: 0xd7800000, start-block: 58777608, num_blocks: 1
[2022-03-12 14:36:19] [0000.290] I> Binary(16) of size 534416 is loaded @ 0xd7800000
[2022-03-12 14:36:19] [0000.295] W> No valid slot number is found in scratch register
[2022-03-12 14:36:19] [0000.301] W> Return default slot: _a
[2022-03-12 14:36:19] [0000.304] I> A/B: bin_type (17) slot 0
[2022-03-12 14:36:19] [0000.308] I> Loading partition bpmp-fw-dtb at 0xd79f0000
[2022-03-12 14:36:19] [0000.313] I> Reading two headers - addr:0xd79f0000 blocks:1
[2022-03-12 14:36:19] [0000.319] I> Addr: 0xd79f0000, start-block: 58780024, num_blocks: 1
[2022-03-12 14:36:19] [0000.345] I> Binary(17) of size 604720 is loaded @ 0xd796c400
[2022-03-12 14:36:19] [0000.573] I> Loading SCE-FW ...
[2022-03-12 14:36:19] [0000.576] W> No valid slot number is found in scratch register
[2022-03-12 14:36:19] [0000.581] W> Return default slot: _a
[2022-03-12 14:36:19] [0000.585] I> A/B: bin_type (12) slot 0
[2022-03-12 14:36:19] [0000.588] I> Loading partition sce-fw at 0xd7300000
[2022-03-12 14:36:19] [0000.593] I> Reading two headers - addr:0xd7300000 blocks:1
[2022-03-12 14:36:19] [0000.599] I> Addr: 0xd7300000, start-block: 58784120, num_blocks: 1
[2022-03-12 14:36:19] [0000.618] I> Binary(12) of size 125632 is loaded @ 0xd7300000
[2022-03-12 14:36:19] [0000.624] I> Init SCE
[2022-03-12 14:36:19] [0000.626] I> Loading APE-FW ...
[2022-03-12 14:36:19] [0000.629] W> No valid slot number is found in scratch register
[2022-03-12 14:36:19] [0000.635] W> Return default slot: _a
[2022-03-12 14:36:19] [0000.638] I> A/B: bin_type (11) slot 0
[2022-03-12 14:36:19] [0000.642] I> Loading partition adsp-fw at 0xd7400000
[2022-03-12 14:36:19] [0000.646] I> Reading two headers - addr:0xd7400000 blocks:1
[2022-03-12 14:36:19] [0000.652] I> Addr: 0xd7400000, start-block: 58761224, num_blocks: 1
[2022-03-12 14:36:19] [0000.671] I> Binary(11) of size 77216 is loaded @ 0xd7400000
[2022-03-12 14:36:19] [0000.677] I> Copy BTCM section
[2022-03-12 14:36:19] [0000.680] W> No valid slot number is found in scratch register
[2022-03-12 14:36:19] [0000.685] W> Return default slot: _a
[2022-03-12 14:36:19] [0000.689] I> A/B: bin_type (13) slot 0
[2022-03-12 14:36:19] [0000.692] I> Loading partition cpu-bootloader at 0x96000000
[2022-03-12 14:36:19] [0000.698] I> Reading two headers - addr:0x96000000 blocks:1
[2022-03-12 14:36:19] [0000.703] I> Addr: 0x96000000, start-block: 58740744, num_blocks: 1
[2022-03-12 14:36:19] [0000.724] I> Binary(13) of size 308800 is loaded @ 0x96000000
[2022-03-12 14:36:19] [0000.730] W> No valid slot number is found in scratch register
[2022-03-12 14:36:19] [0000.736] W> Return default slot: _a
[2022-03-12 14:36:19] [0000.739] I> A/B: bin_type (20) slot 0
[2022-03-12 14:36:19] [0000.743] I> Loading partition bootloader-dtb at 0x85205400
[2022-03-12 14:36:19] [0000.748] I> Reading two headers - addr:0x85205400 blocks:1
[2022-03-12 14:36:19] [0000.754] I> Addr: 0x85205400, start-block: 58742792, num_blocks: 1
[2022-03-12 14:36:19] [0000.775] I> Binary(20) of size 375568 is loaded @ 0x85205400
[2022-03-12 14:36:19] [0000.781] W> No valid slot number is found in scratch register
[2022-03-12 14:36:19] [0000.787] W> Return default slot: _a
[2022-03-12 14:36:19] [0000.790] I> A/B: bin_type (14) slot 0
[2022-03-12 14:36:19] [0000.794] I> Loading partition secure-os at 0x85305600
[2022-03-12 14:36:19] [0000.799] I> Reading two headers - addr:0x85305600 blocks:1
[2022-03-12 14:36:19] [0000.804] I> Addr: 0x85305600, start-block: 58744840, num_blocks: 1
[2022-03-12 14:36:19] [0000.827] I> Binary(14) of size 402864 is loaded @ 0x85305600
[2022-03-12 14:36:19] [0000.834] I> TOS boot-params @ 0x85000000
[2022-03-12 14:36:19] [0000.838] I> TOS params prepared
[2022-03-12 14:36:19] [0000.841] I> Loading EKS ...
[2022-03-12 14:36:19] [0000.844] I> A/B: bin_type (15) slot 0
[2022-03-12 14:36:19] [0000.848] I> Loading partition eks at 0x85905800
[2022-03-12 14:36:19] [0000.852] I> Reading two headers - addr:0x85905800 blocks:1
[2022-03-12 14:36:19] [0000.858] I> Addr: 0x85905800, start-block: 58757128, num_blocks: 1
[2022-03-12 14:36:19] [0000.876] I> Binary(15) of size 1040 is loaded @ 0x85905800
[2022-03-12 14:36:19] [0000.882] I> EKB detected (length: 0x400) @ 0x85905800
[2022-03-12 14:36:19] [0000.887] I> Copied encrypted keys
[2022-03-12 14:36:19] [0000.891] I> boot profiler @ 0x275844000
[2022-03-12 14:36:19] [0000.894] I> boot profiler for TOS @ 0x275844000
[2022-03-12 14:36:19] [0000.899] I> Unhalting SCE
[2022-03-12 14:36:19] [0000.902] I> Primary Memory Start:80000000 Size:70000000
[2022-03-12 14:36:19] [0000.907] I> Extended Memory Start:f0110000 Size:1856f0000
[2022-03-12 14:36:19] [0000.914] I> MB2(TBoot-BPMP) done
[2022-03-12 14:36:19] 
[2022-03-12 14:36:19] NOTICE:  BL31: v1.3(release):b5eeb33f7
[2022-03-12 14:36:19] NOTICE:  BL31: Built : 12:15:17, Jul 26 2021
[2022-03-12 14:36:19] ipc-unittest-main: 1519: Welcome to IPC unittest!!!
[2022-03-12 14:36:19] ipc-unittest-main: 1531: waiting forever
[2022-03-12 14:36:19] ipc-unittest-srv: 329: Init unittest services!!!
[2022-03-12 14:36:19] hwkey-agent: 41: hwkey-agent is running!!
[2022-03-12 14:36:19] hwkey-agent: 315: key_mgnt_processing .......
[2022-03-12 14:36:19] hwkey-agent: 223: Setting EKB key 0 to slot 14
[2022-03-12 14:36:19] hwkey-agent: 178: Init hweky-agent services!!
[2022-03-12 14:36:19] luks-srv: 40: luks-srv is running!!
[2022-03-12 14:36:19] luks-srv: 157: Init luks-srv IPC services!!
[2022-03-12 14:36:19] platform_bootstrap_epilog: trusty bootstrap complete
[2022-03-12 14:36:20] [0001.286] I> Welcome to Cboot
[2022-03-12 14:36:20] [0001.288] I> Cboot Version: t186-00029e71
[2022-03-12 14:36:20] [0001.292] I> CPU-BL Params @ 0x275800000
[2022-03-12 14:36:20] [0001.296] I>  0) Base:0x00000000 Size:0x00000000
[2022-03-12 14:36:20] [0001.300] I>  1) Base:0x277f00000 Size:0x00100000
[2022-03-12 14:36:20] [0001.305] I>  2) Base:0x277e00000 Size:0x00100000
[2022-03-12 14:36:20] [0001.309] I>  3) Base:0x277d00000 Size:0x00100000
[2022-03-12 14:36:20] [0001.314] I>  4) Base:0x277c00000 Size:0x00100000
[2022-03-12 14:36:20] [0001.318] I>  5) Base:0x277b00000 Size:0x00100000
[2022-03-12 14:36:20] [0001.323] I>  6) Base:0x277800000 Size:0x00200000
[2022-03-12 14:36:20] [0001.327] I>  7) Base:0x277400000 Size:0x00400000
[2022-03-12 14:36:20] [0001.332] I>  8) Base:0x277a00000 Size:0x00100000
[2022-03-12 14:36:20] [0001.336] I>  9) Base:0x277300000 Size:0x00100000
[2022-03-12 14:36:20] [0001.341] I> 10) Base:0x276800000 Size:0x00800000
[2022-03-12 14:36:20] [0001.346] I> 11) Base:0x30000000 Size:0x00040000
[2022-03-12 14:36:20] [0001.350] I> 12) Base:0xf0000000 Size:0x00100000
[2022-03-12 14:36:20] [0001.354] I> 13) Base:0x30040000 Size:0x00001000
[2022-03-12 14:36:20] [0001.359] I> 14) Base:0x30048000 Size:0x00001000
[2022-03-12 14:36:20] [0001.363] I> 15) Base:0x30049000 Size:0x00001000
[2022-03-12 14:36:20] [0001.368] I> 16) Base:0x3004a000 Size:0x00001000
[2022-03-12 14:36:20] [0001.372] I> 17) Base:0x3004b000 Size:0x00001000
[2022-03-12 14:36:20] [0001.377] I> 18) Base:0x3004c000 Size:0x00001000
[2022-03-12 14:36:20] [0001.381] I> 19) Base:0x3004d000 Size:0x00001000
[2022-03-12 14:36:20] [0001.385] I> 20) Base:0x3004e000 Size:0x00001000
[2022-03-12 14:36:20] [0001.390] I> 21) Base:0x3004f000 Size:0x00001000
[2022-03-12 14:36:20] [0001.394] I> 22) Base:0x00000000 Size:0x00000000
[2022-03-12 14:36:20] [0001.399] I> 23) Base:0xf0100000 Size:0x00010000
[2022-03-12 14:36:20] [0001.403] I> 24) Base:0x00000000 Size:0x00000000
[2022-03-12 14:36:20] [0001.408] I> 25) Base:0x00000000 Size:0x00000000
[2022-03-12 14:36:20] [0001.412] I> 26) Base:0x00000000 Size:0x00000000
[2022-03-12 14:36:20] [0001.416] I> 27) Base:0x00000000 Size:0x00000000
[2022-03-12 14:36:20] [0001.421] I> 28) Base:0x84400000 Size:0x00400000
[2022-03-12 14:36:20] [0001.425] I> 29) Base:0x30000000 Size:0x00010000
[2022-03-12 14:36:20] [0001.430] I> 30) Base:0x278000000 Size:0x08000000
[2022-03-12 14:36:20] [0001.434] I> 31) Base:0x00000000 Size:0x00000000
[2022-03-12 14:36:20] [0001.439] I> 32) Base:0x276000000 Size:0x00600000
[2022-03-12 14:36:20] [0001.443] I> 33) Base:0x80000000 Size:0x70000000
[2022-03-12 14:36:20] [0001.448] I> 34) Base:0xf0110000 Size:0x1856f0000
[2022-03-12 14:36:20] [0001.452] I> 35) Base:0x00000000 Size:0x00000000
[2022-03-12 14:36:20] [0001.457] I> 36) Base:0x00000000 Size:0x00000000
[2022-03-12 14:36:20] [0001.461] I> 37) Base:0x2772e0000 Size:0x00020000
[2022-03-12 14:36:20] [0001.466] I> 38) Base:0x84000000 Size:0x00400000
[2022-03-12 14:36:20] [0001.470] I> 39) Base:0x96000000 Size:0x02000000
[2022-03-12 14:36:20] [0001.474] I> 40) Base:0x85000000 Size:0x01200000
[2022-03-12 14:36:20] [0001.479] I> 41) Base:0x275800000 Size:0x00500000
[2022-03-12 14:36:20] [0001.483] I> 42) Base:0x00000000 Size:0x00000000
[2022-03-12 14:36:20] [0001.488] I> 43) Base:0x00000000 Size:0x00000000
[2022-03-12 14:36:20] [0001.492] GIC-SPI Target CPU: 4
[2022-03-12 14:36:20] [0001.495] Interrupts Init done
[2022-03-12 14:36:20] [0001.499] calling constructors
[2022-03-12 14:36:20] [0001.502] initializing heap
[2022-03-12 14:36:20] [0001.505] initializing threads
[2022-03-12 14:36:20] [0001.508] initializing timers
[2022-03-12 14:36:20] [0001.511] creating bootstrap completion thread
[2022-03-12 14:36:20] [0001.516] top of bootstrap2()
[2022-03-12 14:36:20] [0001.519] CPU: ARM Cortex A57
[2022-03-12 14:36:20] [0001.522] CPU: MIDR: 0x411FD073, MPIDR: 0x80000100
[2022-03-12 14:36:20] [0001.527] initializing platform
[2022-03-12 14:36:20] [0001.530] I> Bl_dtb @0x85205400
[2022-03-12 14:36:20] [0001.533] I> gpio framework initialized
[2022-03-12 14:36:20] [0001.540] I> tegrabl_gpio_driver_register: register 'nvidia,tegra186-gpio' driver
[2022-03-12 14:36:20] [0001.550] I> tegrabl_gpio_driver_register: register 'nvidia,tegra186-gpio-aon' driver
[2022-03-12 14:36:20] [0001.557] I> GPIO framework and drivers are initialized.
[2022-03-12 14:36:20] [0001.563] I> Boot-device: eMMC
[2022-03-12 14:36:20] [0001.570] I> sdmmc bdev is already initialized
[2022-03-12 14:36:20] [0001.600] I> Found 19 partitions in SDMMC_BOOT (instance 3)
[2022-03-12 14:36:20] [0001.618] I> Found 33 partitions in SDMMC_USER (instance 3)
[2022-03-12 14:36:20] [0001.624] W> opt-in fuse is not set, skip fuse_burning
[2022-03-12 14:36:20] [0001.628] I> Reserved memory at 0xfbe00000 for U-Boot relocation
[2022-03-12 14:36:20] [0001.634] W> No valid slot number is found in scratch register
[2022-03-12 14:36:20] [0001.640] W> Return default slot: _a
[2022-03-12 14:36:20] [0001.649] I> A/B: bin_type (21) slot 0
[2022-03-12 14:36:20] [0001.653] I> Loading kernel-dtb from partition
[2022-03-12 14:36:20] [0001.657] I> Loading partition kernel-dtb at 0x80000000 from device(0x1)
[2022-03-12 14:36:20] [0001.674] I> Kernel_dtb @0x80000000
[2022-03-12 14:36:20] [0001.678] I> tegrabl_tca9539_init: i2c bus: 0, slave addr: 0xee
[2022-03-12 14:36:20] [0001.688] I> tegrabl_gpio_driver_register: register 'tca9539_gpio_driver' driver
[2022-03-12 14:36:20] [0001.695] I> tegrabl_tca9539_init: i2c bus: 0, slave addr: 0xe8
[2022-03-12 14:36:20] [0001.704] I> tegrabl_gpio_driver_register: register 'tca9539_gpio_driver' driver
[2022-03-12 14:36:20] [0001.714] I> fixed regulator driver initialized
[2022-03-12 14:36:20] [0001.748] I> register 'maxim' power off handle
[2022-03-12 14:36:20] [0001.754] I> virtual i2c enabled
[2022-03-12 14:36:20] [0001.757] I> registered 'maxim,max77620' pmic
[2022-03-12 14:36:20] [0001.761] I> tegrabl_gpio_driver_register: register 'max77620-gpio' driver
[2022-03-12 14:36:20] [0001.775] E> failed to read label property for node 324936: 13
[2022-03-12 14:36:20] [0001.784] E> failed to read reg property for node 325032: 13
[2022-03-12 14:36:20] [0001.792] E> failed to read reg property for node 325084: 13
[2022-03-12 14:36:20] [0001.800] E> failed to read label property for node 325168: 13
[2022-03-12 14:36:20] [0001.809] E> failed to read label property for node 325236: 13
[2022-03-12 14:36:20] [0001.817] E> failed to read reg property for node 325304: 13
[2022-03-12 14:36:20] [0001.825] E> failed to read reg property for node 325376: 13
[2022-03-12 14:36:20] [0001.836] I> Find /i2c@c250000's alias i2c7
[2022-03-12 14:36:20] [0001.840] I> Reading eeprom i2c=7 address=0x50
[2022-03-12 14:36:20] [0001.869] I> Device at /i2c@c250000:0x50
[2022-03-12 14:36:20] [0001.873] I> Reading eeprom i2c=7 address=0x57
[2022-03-12 14:36:20] [0001.901] I> Device at /i2c@c250000:0x57
[2022-03-12 14:36:20] [0001.906] I> Find /i2c@c240000's alias i2c1
[2022-03-12 14:36:20] [0001.910] I> Reading eeprom i2c=1 address=0x51
[2022-03-12 14:36:20] [0001.915] E> I2C: slave not found in slaves.
[2022-03-12 14:36:20] [0001.919] E> I2C: Could not write 0 bytes to slave: 0x00a2 with repeat start true.
[2022-03-12 14:36:20] [0001.927] E> I2C_DEV: Failed to send register address 0x00000000.
[2022-03-12 14:36:20] [0001.933] E> I2C_DEV: Could not read 256 registers of size 1 from slave 0xa2 at 0x00000000 via instance 1.
[2022-03-12 14:36:20] [0001.942] E> eeprom: Retry to read I2C slave device.
[2022-03-12 14:36:20] [0001.947] E> I2C: slave not found in slaves.
[2022-03-12 14:36:20] [0001.951] E> I2C: Could not write 0 bytes to slave: 0x00a2 with repeat start true.
[2022-03-12 14:36:20] [0001.959] E> I2C_DEV: Failed to send register address 0x00000000.
[2022-03-12 14:36:20] [0001.965] E> I2C_DEV: Could not read 256 registers of size 1 from slave 0xa2 at 0x00000000 via instance 1.
[2022-03-12 14:36:20] [0001.974] E> eeprom: Failed to read I2C slave device
[2022-03-12 14:36:20] [0001.979] I> Eeprom read failed 0x3526070d
[2022-03-12 14:36:20] [0001.983] I> Find /i2c@3160000's alias i2c0
[2022-03-12 14:36:20] [0001.987] I> Reading eeprom i2c=0 address=0x50
[2022-03-12 14:36:20] [0001.992] E> I2C: slave not found in slaves.
[2022-03-12 14:36:20] [0001.996] E> I2C: Could not write 0 bytes to slave: 0x00a0 with repeat start true.
[2022-03-12 14:36:20] [0002.004] E> I2C_DEV: Failed to send register address 0x00000000.
[2022-03-12 14:36:20] [0002.010] E> I2C_DEV: Could not read 256 registers of size 1 from slave 0xa0 at 0x00000000 via instance 0.
[2022-03-12 14:36:20] [0002.019] E> eeprom: Failed to read I2C slave device
[2022-03-12 14:36:20] [0002.024] I> Eeprom read failed 0x3526070d
[2022-03-12 14:36:20] [0002.029] I> Find /i2c@3180000's alias i2c2
[2022-03-12 14:36:20] [0002.033] I> Reading eeprom i2c=2 address=0x54
[2022-03-12 14:36:20] [0002.037] I> Enabling gpio chip_id = 2, gpio pin = 9
[2022-03-12 14:36:20] [0002.067] I> Disabling gpio chip_id = 2, gpio pin = 9
[2022-03-12 14:36:20] [0002.073] I> Device at /i2c@3180000:0x54
[2022-03-12 14:36:20] [0002.076] I> Reading eeprom i2c=2 address=0x57
[2022-03-12 14:36:20] [0002.081] I> Enabling gpio chip_id = 2, gpio pin = 9
[2022-03-12 14:36:20] [0002.086] E> I2C: slave not found in slaves.
[2022-03-12 14:36:20] [0002.090] E> I2C: Could not write 0 bytes to slave: 0x00ae with repeat start true.
[2022-03-12 14:36:20] [0002.098] E> I2C_DEV: Failed to send register address 0x00000000.
[2022-03-12 14:36:20] [0002.104] E> I2C_DEV: Could not read 256 registers of size 1 from slave 0xae at 0x00000000 via instance 2.
[2022-03-12 14:36:20] [0002.113] E> eeprom: Failed to read I2C slave device
[2022-03-12 14:36:20] [0002.118] I> Disabling gpio chip_id = 2, gpio pin = 9
[2022-03-12 14:36:20] [0002.123] I> Eeprom read failed 0x00000000
[2022-03-12 14:36:20] [0002.127] I> create_pm_ids: id: 3310-1000-D00-L, len: 15
[2022-03-12 14:36:20] [0002.132] I> config: mem-type:00,power-config:00,misc-config:00,modem-config:00,touch-config:00,display-config:00,, len: 93
[2022-03-12 14:36:21] [0002.143] I> create_pm_ids: id: 2597-0000-900-E, len: 15
[2022-03-12 14:36:21] [0002.149] I> config: mem-type:00,power-config:00,misc-config:00,modem-config:00,touch-config:00,display-config:00,, len: 93
[2022-03-12 14:36:21] [0002.159] I> create_pm_ids: id: 3326-1000-000-M, len: 15
[2022-03-12 14:36:21] [0002.165] I> config: mem-type:ff,power-config:ff,misc-config:ff,modem-config:ff,touch-config:ff,display-config:ff,, len: 93
[2022-03-12 14:36:21] [0002.200] I> enabling 'vdd-hdmi' regulator
[2022-03-12 14:36:21] [0002.215] I> regulator 'vdd-hdmi' already enabled
[2022-03-12 14:36:21] [0002.220] E> tegrabl_display_init_regulator: hdmi cable is not connected
[2022-03-12 14:36:21] [0002.226] E> tegrabl_display_get_pdata, failed to parse dtb settings
[2022-03-12 14:36:21] [0002.235] E> cannot find any other nvdisp nodes
[2022-03-12 14:36:21] [0002.240] E> no valid display unit config found in dtb
[2022-03-12 14:36:21] [0002.245] W> display init failed
[2022-03-12 14:36:21] [0002.248] initializing target
[2022-03-12 14:36:21] [0002.251] calling apps_init()
[2022-03-12 14:36:21] [0002.255] starting app kernel_boot_app
[2022-03-12 14:36:21] [0002.277] I> found decompressor handler: lz4-legacy
[2022-03-12 14:36:21] [0002.281] I> decompressing BMP blob ...
[2022-03-12 14:36:21] [0002.294] I> Kernel type = Normal
[2022-03-12 14:36:21] [0002.297] I> ########## Fixed storage boot ##########
[2022-03-12 14:36:21] [0002.302] I> Loading kernel-bootctrl from partition
[2022-03-12 14:36:21] [0002.306] I> Loading partition kernel-bootctrl at 0xa8000000 from device(0x1)
[2022-03-12 14:36:21] [0002.321] W> tegrabl_get_kernel_bootctrl: magic number(0x00000000) is invalid
[2022-03-12 14:36:21] [0002.328] W> tegrabl_get_kernel_bootctrl: use default dummy boot control data
[2022-03-12 14:36:21] [0002.335] W> No valid slot number is found in scratch register
[2022-03-12 14:36:21] [0002.340] W> Return default slot: _a
[2022-03-12 14:36:21] [0002.344] I> A/B: bin_type (24) slot 0
[2022-03-12 14:36:21] [0002.359] I> Boot image size read from image header: 9913d
[2022-03-12 14:36:21] [0002.365] I> Boot image load address: 0x80400000
[2022-03-12 14:36:21] [0002.369] I> Loading kernel from partition
[2022-03-12 14:36:21] [0002.373] I> Loading partition kernel at 0x80400000 from device(0x1)
[2022-03-12 14:36:22] [0003.315] I> Validate kernel ...
[2022-03-12 14:36:22] [0003.318] I> T18x: Authenticate kernel (bin_type 24), max size 0x4000000
[2022-03-12 14:36:22] [0003.326] I> Decrypt the buffer ... [0003.329] W> tegrabl_decrypt_block: fuse (0x0) is not burnt to do encryption (0x4); skip decryption.
[2022-03-12 14:36:22] [0003.338] I> done
[2022-03-12 14:36:22] [0003.340] I> Checking boot.img header magic ... [0003.344] I> [OK]
[2022-03-12 14:36:22] [0003.346] I> kernel-dtb is already loaded
[2022-03-12 14:36:22] [0003.350] I> Validate kernel-dtb ...
[2022-03-12 14:36:22] [0003.353] I> T18x: Authenticate kernel-dtb (bin_type 21), max size 0x100000
[2022-03-12 14:36:22] [0003.361] I> Decrypt the buffer ... [0003.364] W> tegrabl_decrypt_block: fuse (0x0) is not burnt to do encryption (0x4); skip decryption.
[2022-03-12 14:36:22] [0003.373] I> done
[2022-03-12 14:36:22] [0003.375] I> Kernel hdr @0x80400000
[2022-03-12 14:36:22] [0003.378] I> Kernel dtb @0x80000000
[2022-03-12 14:36:22] [0003.381] I> decompressor handler not found
[2022-03-12 14:36:22] [0003.385] I> Copying kernel image (627005 bytes) from 0x80400800 to 0x80600000 ... [0003.393] I> Done
[2022-03-12 14:36:22] [0003.395] I> Move ramdisk (len: 0) from 0x8049a000 to 0x947d0000
[2022-03-12 14:36:22] [0003.402] I> Updated bpmp info to DTB
[2022-03-12 14:36:22] [0003.408] I> Ramdisk: Base: 0x947d0000; Size: 0x0
[2022-03-12 14:36:22] [0003.413] I> Updated initrd info to DTB
[2022-03-12 14:36:22] [0003.417] W> WARN: Fail to override "console=none" in commandline
[2022-03-12 14:36:22] [0003.422] I> Active rootfs suffix: 
[2022-03-12 14:36:22] [0003.426] E> tegrabl_linuxboot_add_disp_param, du 0 failed to get display params
[2022-03-12 14:36:22] [0003.433] E> tegrabl_linuxboot_add_disp_param, du 0 failed to get display params
[2022-03-12 14:36:22] [0003.440] E> tegrabl_linuxboot_add_disp_param, du 0 failed to get display params
[2022-03-12 14:36:22] [0003.447] I> disabled_core_mask: 0xffffff0c
[2022-03-12 14:36:22] [0003.451] W> No valid slot number is found in scratch register
[2022-03-12 14:36:22] [0003.457] W> Return default slot: _a
[2022-03-12 14:36:22] [0003.460] I> Active slot suffix: 
[2022-03-12 14:36:22] [0003.464] I> add_boot_slot_suffix: slot_suffix = 
[2022-03-12 14:36:22] [0003.468] I> Linux Cmdline: console=ttyS0,115200 androidboot.presilicon=true firmware_class.path=/etc/firmware root=/dev/mmcblk0p1 rw rootwait rootfstype=ext4 console=ttyS0,115200n8 console=tty0 fbcon=map:0 net.ifnames=0 isolcpus=1-2  video=tegrafb earlycon=uart8250,mmio32,0x3100000 nvdumper_reserved=0x2772e0000 gpt rootfs.slot_suffix= usbcore.old_scheme_first=1 tegraid=18.1.2.0.0 maxcpus=6 no_console_suspend boot.slot_suffix= boot.ratchetvalues=0.2031647.1 vpr_resize bl_prof_dataptr=0x10000@0x275840000 sdhci_tegra.en_boot_part_access=1 
[2022-03-12 14:36:22] [0003.516] I> Updated bootarg info to DTB
[2022-03-12 14:36:22] [0003.519] I> eeprom_get_mac_addr: MAC (type: 0): 48:b0:2d:0f:11:c5
[2022-03-12 14:36:22] [0003.526] I> eeprom_get_mac_addr: MAC (type: 1): 48:b0:2d:0f:11:c6
[2022-03-12 14:36:22] [0003.532] I> eeprom_get_mac_addr: MAC (type: 2): 48:b0:2d:0f:11:c7
[2022-03-12 14:36:22] [0003.538] E> Found no plugin manager ids in source DT
[2022-03-12 14:36:22] [0003.543] W> Add plugin manager ids from board info
[2022-03-12 14:36:22] [0003.548] W> "plugin-manager" doesn't exist, creating
[2022-03-12 14:36:22] [0003.552] W> "ids" doesn't exist, creating
[2022-03-12 14:36:22] [0003.557] W> "connection" doesn't exist, creating
[2022-03-12 14:36:22] [0003.561] W> "configs" doesn't exist, creating
[2022-03-12 14:36:22] [0003.565] I> create_pm_ids: id: 3310-1000-D00-L, len: 15
[2022-03-12 14:36:22] [0003.571] I> config: mem-type:00,power-config:00,misc-config:00,modem-config:00,touch-config:00,display-config:00,, len: 93
[2022-03-12 14:36:22] [0003.582] I> create_pm_ids: id: 2597-0000-900-E, len: 15
[2022-03-12 14:36:22] [0003.587] I> config: mem-type:00,power-config:00,misc-config:00,modem-config:00,touch-config:00,display-config:00,, len: 93
[2022-03-12 14:36:22] [0003.598] I> create_pm_ids: id: 3326-1000-000-M, len: 15
[2022-03-12 14:36:22] [0003.603] I> config: mem-type:ff,power-config:ff,misc-config:ff,modem-config:ff,touch-config:ff,display-config:ff,, len: 93
[2022-03-12 14:36:22] [0003.614] I> Adding plugin-manager/ids/3310-1000-D00=/i2c@c250000:module@0x50
[2022-03-12 14:36:22] [0003.621] W> "i2c@c250000" doesn't exist, creating
[2022-03-12 14:36:22] [0003.626] W> "module@0x50" doesn't exist, creating
[2022-03-12 14:36:22] [0003.631] I> Adding plugin-manager/ids/2597-0000-900=/i2c@c250000:module@0x57
[2022-03-12 14:36:22] [0003.638] W> "module@0x57" doesn't exist, creating
[2022-03-12 14:36:22] [0003.643] I> Adding plugin-manager/ids/3326-1000-000=/i2c@3180000:module@0x54
[2022-03-12 14:36:22] [0003.650] W> "i2c@3180000" doesn't exist, creating
[2022-03-12 14:36:22] [0003.655] W> "module@0x54" doesn't exist, creating
[2022-03-12 14:36:22] [0003.662] I> Adding plugin-manager/ids/3310-1000-D00-L
[2022-03-12 14:36:22] [0003.669] I> Adding plugin-manager/configs/3310-mem-type 00
[2022-03-12 14:36:22] [0003.674] I> Adding plugin-manager/configs/3310-power-config 00
[2022-03-12 14:36:22] [0003.680] I> Adding plugin-manager/configs/3310-misc-config 00
[2022-03-12 14:36:22] [0003.686] I> Adding plugin-manager/configs/3310-modem-config 00
[2022-03-12 14:36:22] [0003.692] I> Adding plugin-manager/configs/3310-touch-config 00
[2022-03-12 14:36:22] [0003.698] I> Adding plugin-manager/configs/3310-display-config 00
[2022-03-12 14:36:22] [0003.704] I> Adding plugin-manager/cvm
[2022-03-12 14:36:22] [0003.708] W> "chip-id" doesn't exist, creating
[2022-03-12 14:36:22] [0003.712] I> Adding plugin-manager/chip-id/A02P
[2022-03-12 14:36:22] [0003.717] W> "odm-data" doesn't exist, creating
[2022-03-12 14:36:22] [0003.721] I> Adding /chosen/plugin-manager/odm-data
[2022-03-12 14:36:22] [0003.731] I> added [base:0x80000000, size:0x70000000] to /memory
[2022-03-12 14:36:22] [0003.737] I> added [base:0xf0200000, size:0x185600000] to /memory
[2022-03-12 14:36:22] [0003.743] I> added [base:0x275e00000, size:0x200000] to /memory
[2022-03-12 14:36:22] [0003.749] I> added [base:0x276600000, size:0x200000] to /memory
[2022-03-12 14:36:22] [0003.755] I> added [base:0x277000000, size:0x200000] to /memory
[2022-03-12 14:36:22] [0003.760] I> Updated memory info to DTB
[2022-03-12 14:36:22] [0003.765] E> add_disp_param: failed to get display params for du=0
[2022-03-12 14:36:22] [0003.773] W> "reset" doesn't exist, creating
[2022-03-12 14:36:22] [0003.777] W> "pmc-reset-reason" doesn't exist, creating
[2022-03-12 14:36:22] [0003.782] W> "pmic-reset-reason" doesn't exist, creating
[2022-03-12 14:36:22] [0003.789] I> Adding ecid(00000001646db7851000000013038200) to DT
[2022-03-12 14:36:22] [0003.795] I> disabled_core_mask: 0xffffff0c
[2022-03-12 14:36:22] [0003.807] I> Add serial number:1422420022173 as DT property
[2022-03-12 14:36:22] [0003.816] I> Plugin-manager override starting
[2022-03-12 14:36:22] [0003.822] I> node /plugin-manager/fragement@0 matches
[2022-03-12 14:36:22] [0003.832] I> node /plugin-manager/fragement@4 matches
[2022-03-12 14:36:22] [0003.845] I> node /plugin-manager/fragment-sdwake-p3310-1000-300 matches
[2022-03-12 14:36:22] [0003.865] I> node /plugin-manager/fragement-pmon-p3310-1000-300 matches
[2022-03-12 14:36:22] [0003.875] I> node /plugin-manager/fragement-pmon-p3310-1000-800 matches
[2022-03-12 14:36:22] [0003.884] I> node /plugin-manager/fragment-devslp@0 matches
[2022-03-12 14:36:22] [0003.896] I> node /plugin-manager/fragment-500-pcie-config matches
[2022-03-12 14:36:22] [0003.911] I> node /plugin-manager/fragment-500-xusb-config matches
[2022-03-12 14:36:22] [0003.934] I> node /plugin-manager/fragment-p3310-c00-comm matches
[2022-03-12 14:36:22] [0003.948] I> node /plugin-manager/fragment-p3310-c00-pmic matches
[2022-03-12 14:36:22] [0003.958] I> node /plugin-manager/fragment-p3310-c01 matches
[2022-03-12 14:36:22] [0003.971] I> node /plugin-manager/fragment-p3310-c03 matches
[2022-03-12 14:36:22] [0004.014] I> node /plugin-manager/fragment-e3326@0 matches
[2022-03-12 14:36:22] [0004.096] I> node /plugin-manager/fragment-p3310-c00-camera matches
[2022-03-12 14:36:22] [0004.123] I> Disable plugin-manager status in FDT
[2022-03-12 14:36:22] [0004.128] I> Plugin-manager override finished successfully
[2022-03-12 14:36:22] [0004.133] I> tegrabl_load_kernel_and_dtb: Done
[2022-03-12 14:36:22] [0004.137] E> tegrabl_display_clear: display is not initialized
[2022-03-12 14:36:23] [0004.143] W> Boot logo display failed...
[2022-03-12 14:36:23] [0004.147] I> Kernel EP: 0x80600000, DTB: 0x80000000
[2022-03-12 14:36:23] 
[2022-03-12 14:36:23] 
[2022-03-12 14:36:23] U-Boot 2020.04-g46e4604c78 (Jul 26 2021 - 12:10:58 -0700)
[2022-03-12 14:36:23] 
[2022-03-12 14:36:23] SoC: tegra186
[2022-03-12 14:36:23] Model: NVIDIA P2771-0000-500
[2022-03-12 14:36:23] Board: NVIDIA P2771-0000
[2022-03-12 14:36:23] DRAM:  7.8 GiB
[2022-03-12 14:36:23] MMC:   sdhci@3400000: 1, sdhci@3460000: 0
[2022-03-12 14:36:23] Loading Environment from MMC... *** Warning - bad CRC, using default environment
[2022-03-12 14:36:23] 
[2022-03-12 14:36:23] In:    serial
[2022-03-12 14:36:23] Out:   serial
[2022-03-12 14:36:23] Err:   serial
[2022-03-12 14:36:23] Net:   
[2022-03-12 14:36:23] Warning: ethernet@2490000 using MAC address from ROM
[2022-03-12 14:36:23] eth0: ethernet@2490000
[2022-03-12 14:36:23] Hit any key to stop autoboot:  2  1  0 
[2022-03-12 14:36:25] MMC: no card present
[2022-03-12 14:36:25] switch to partitions #0, OK
[2022-03-12 14:36:25] mmc0(part 0) is current device
[2022-03-12 14:36:25] Scanning mmc 0:1...
[2022-03-12 14:36:25] Found /boot/extlinux/extlinux.conf
[2022-03-12 14:36:25] Retrieving file: /boot/extlinux/extlinux.conf
[2022-03-12 14:36:25] 858 bytes read in 22 ms (38.1 KiB/s)
[2022-03-12 14:36:25] 1:	primary kernel
[2022-03-12 14:36:25] Retrieving file: /boot/initrd
[2022-03-12 14:36:26] 7238344 bytes read in 201 ms (34.3 MiB/s)
[2022-03-12 14:36:26] Retrieving file: /boot/Image
[2022-03-12 14:36:26] 34484232 bytes read in 829 ms (39.7 MiB/s)
[2022-03-12 14:36:26] append: console=ttyS0,115200 androidboot.presilicon=true firmware_class.path=/etc/firmware root=/dev/mmcblk0p1 rw rootwait rootfstype=ext4 console=ttyS0,115200n8 console=tty0 fbcon=map:0 net.ifnames=0 isolcpus=1-2  video=tegrafb earlycon=uart8250,mmio32,0x3100000 nvdumper_reserved=0x2772e0000 gpt rootfs.slot_suffix= usbcore.old_scheme_first=1 tegraid=18.1.2.0.0 maxcpus=6 no_console_suspend boot.slot_suffix= boot.ratchetvalues=0.2031647.1 vpr_resize bl_prof_dataptr=0x10000@0x275840000 sdhci_tegra.en_boot_part_access=1 quiet root=/dev/mmcblk0p1 rw rootwait rootfstype=ext4 console=ttyS0,115200n8 console=tty0 fbcon=map:0 net.ifnames=0 isolcpus=1-2 
[2022-03-12 14:36:26] ## Flattened Device Tree blob at 80000000
[2022-03-12 14:36:26]    Booting using the fdt blob at 0x80000000
[2022-03-12 14:36:26] ERROR: reserving fdt memory region failed (addr=0 size=0)
[2022-03-12 14:36:26] ERROR: reserving fdt memory region failed (addr=0 size=0)
[2022-03-12 14:36:26] ERROR: reserving fdt memory region failed (addr=0 size=0)
[2022-03-12 14:36:26]    Using Device Tree in place at 0000000080000000, end 0000000080060aa3
[2022-03-12 14:36:26] copying carveout for /host1x@13e00000/display-hub@15200000/display@15200000...
[2022-03-12 14:36:26] copying carveout for /host1x@13e00000/display-hub@15200000/display@15210000...
[2022-03-12 14:36:27] copying carveout for /host1x@13e00000/display-hub@15200000/display@15220000...
[2022-03-12 14:36:27] 
[2022-03-12 14:36:27] Starting kernel ...
[2022-03-12 14:36:27] 
[2022-03-12 14:36:27] [    0.000000] Booting Linux on physical CPU 0x100
[2022-03-12 14:36:27] [    0.000000] Linux version 4.9.253-tegra (buildbrain@mobile-u64-5497-d3000) (gcc version 7.3.1 20180425 [linaro-7.3-2018.05 revision d29120a424ecfbc167ef90065c0eeb7f91977701] (Linaro GCC 7.3-2018.05) ) #1 SMP PREEMPT Mon Jul 26 12:19:28 PDT 2021
[2022-03-12 14:36:27] [    0.000000] Boot CPU: AArch64 Processor [411fd073]
[2022-03-12 14:36:27] [    0.000000] OF: fdt:memory scan node memory@80000000, reg size 80,
[2022-03-12 14:36:27] [    0.000000] OF: fdt: - 80000000 ,  70000000
[2022-03-12 14:36:27] [    0.000000] OF: fdt: - f0200000 ,  185600000
[2022-03-12 14:36:27] [    0.000000] OF: fdt: - 275e00000 ,  200000
[2022-03-12 14:36:27] [    0.000000] OF: fdt: - 276600000 ,  200000
[2022-03-12 14:36:27] [    0.000000] OF: fdt: - 277000000 ,  200000
[2022-03-12 14:36:27] [    0.000000] earlycon: uart8250 at MMIO32 0x0000000003100000 (options '')
[2022-03-12 14:36:27] [    0.000000] bootconsole [uart8250] enabled
[2022-03-12 14:36:29] [    1.926351] cgroup: cgroup2: unknown option "nsdelegate"
[2022-03-12 14:36:30] [    2.919143] using random self ethernet address
[2022-03-12 14:36:30] [    2.928885] using random host ethernet address
[2022-03-12 14:36:30] [    3.328204] random: crng init done
[2022-03-12 14:36:30] [    3.331611] random: 7 urandom warning(s) missed due to ratelimiting
[2022-03-12 14:36:30] [    3.486119] using random self ethernet address
[2022-03-12 14:36:30] [    3.490664] using random host ethernet address
[2022-03-12 14:36:31] [    3.927124] CPU1: shutdown
[2022-03-12 14:36:31] [    3.966942] CPU2: shutdown
[2022-03-12 14:36:32] [    4.834752] Bridge firewalling registered
[2022-03-12 14:36:35] 
[2022-03-12 14:36:35] Ubuntu 18.04.5 LTS JTX2-A ttyS0
[2022-03-12 14:36:35] 
[2022-03-12 14:36:35] JTX2-A login: [0000.309] I> Welcome to MB2(TBoot-BPMP)(version: 01.00.160913-t186-M-00.00-mobile-c368a720)
[2022-03-12 14:37:11] [0000.318] I> Boot-device: eMMC
[2022-03-12 14:37:11] [0000.325] I> sdmmc bdev is already initialized
[2022-03-12 14:37:11] [0000.330] I> pmic: reset reason (nverc)	: 0x80
[2022-03-12 14:37:11] [0000.363] I> Found 19 partitions in SDMMC_BOOT (instance 3)
[2022-03-12 14:37:11] [0000.383] I> Found 33 partitions in SDMMC_USER (instance 3)
[2022-03-12 14:37:11] [0000.388] W> No valid slot number is found in scratch register
[2022-03-12 14:37:11] [0000.394] W> Return default slot: _a
[2022-03-12 14:37:11] [0000.398] I> A/B: bin_type (16) slot 0
[2022-03-12 14:37:11] [0000.401] I> Loading partition bpmp-fw at 0xd7800000
[2022-03-12 14:37:11] [0000.406] I> Reading two headers - addr:0xd7800000 blocks:1
[2022-03-12 14:37:11] [0000.412] I> Addr: 0xd7800000, start-block: 58777608, num_blocks: 1
[2022-03-12 14:37:11] [0000.437] I> Binary(16) of size 534416 is loaded @ 0xd7800000
[2022-03-12 14:37:11] [0000.442] W> No valid slot number is found in scratch register
[2022-03-12 14:37:11] [0000.448] W> Return default slot: _a
[2022-03-12 14:37:11] [0000.452] I> A/B: bin_type (17) slot 0
[2022-03-12 14:37:11] [0000.455] I> Loading partition bpmp-fw-dtb at 0xd79f0000
[2022-03-12 14:37:11] [0000.460] I> Reading two headers - addr:0xd79f0000 blocks:1
[2022-03-12 14:37:11] [0000.466] I> Addr: 0xd79f0000, start-block: 58780024, num_blocks: 1
[2022-03-12 14:37:11] [0000.492] I> Binary(17) of size 604720 is loaded @ 0xd796c400
[2022-03-12 14:37:11] [0000.722] I> Loading SCE-FW ...
[2022-03-12 14:37:11] [0000.725] W> No valid slot number is found in scratch register
[2022-03-12 14:37:11] [0000.730] W> Return default slot: _a
[2022-03-12 14:37:11] [0000.734] I> A/B: bin_type (12) slot 0
[2022-03-12 14:37:11] [0000.737] I> Loading partition sce-fw at 0xd7300000
[2022-03-12 14:37:11] [0000.742] I> Reading two headers - addr:0xd7300000 blocks:1
[2022-03-12 14:37:11] [0000.747] I> Addr: 0xd7300000, start-block: 58784120, num_blocks: 1
[2022-03-12 14:37:11] [0000.767] I> Binary(12) of size 125632 is loaded @ 0xd7300000
[2022-03-12 14:37:11] [0000.772] I> Init SCE
[2022-03-12 14:37:11] [0000.775] I> Loading APE-FW ...
[2022-03-12 14:37:11] [0000.778] W> No valid slot number is found in scratch register
[2022-03-12 14:37:11] [0000.783] W> Return default slot: _a
[2022-03-12 14:37:11] [0000.787] I> A/B: bin_type (11) slot 0
[2022-03-12 14:37:11] [0000.790] I> Loading partition adsp-fw at 0xd7400000
[2022-03-12 14:37:11] [0000.795] I> Reading two headers - addr:0xd7400000 blocks:1
[2022-03-12 14:37:11] [0000.801] I> Addr: 0xd7400000, start-block: 58761224, num_blocks: 1
[2022-03-12 14:37:11] [0000.820] I> Binary(11) of size 77216 is loaded @ 0xd7400000
[2022-03-12 14:37:11] [0000.826] I> Copy BTCM section
[2022-03-12 14:37:11] [0000.829] W> No valid slot number is found in scratch register
[2022-03-12 14:37:11] [0000.834] W> Return default slot: _a
[2022-03-12 14:37:11] [0000.838] I> A/B: bin_type (13) slot 0
[2022-03-12 14:37:11] [0000.841] I> Loading partition cpu-bootloader at 0x96000000
[2022-03-12 14:37:11] [0000.847] I> Reading two headers - addr:0x96000000 blocks:1
[2022-03-12 14:37:11] [0000.852] I> Addr: 0x96000000, start-block: 58740744, num_blocks: 1
[2022-03-12 14:37:11] [0000.873] I> Binary(13) of size 308800 is loaded @ 0x96000000
[2022-03-12 14:37:11] [0000.879] W> No valid slot number is found in scratch register
[2022-03-12 14:37:11] [0000.884] W> Return default slot: _a
[2022-03-12 14:37:11] [0000.888] I> A/B: bin_type (20) slot 0
[2022-03-12 14:37:11] [0000.891] I> Loading partition bootloader-dtb at 0x85205400
[2022-03-12 14:37:11] [0000.897] I> Reading two headers - addr:0x85205400 blocks:1
[2022-03-12 14:37:11] [0000.902] I> Addr: 0x85205400, start-block: 58742792, num_blocks: 1
[2022-03-12 14:37:11] [0000.924] I> Binary(20) of size 375568 is loaded @ 0x85205400
[2022-03-12 14:37:11] [0000.930] W> No valid slot number is found in scratch register
[2022-03-12 14:37:11] [0000.936] W> Return default slot: _a
[2022-03-12 14:37:11] [0000.939] I> A/B: bin_type (14) slot 0
[2022-03-12 14:37:11] [0000.943] I> Loading partition secure-os at 0x85305600
[2022-03-12 14:37:11] [0000.948] I> Reading two headers - addr:0x85305600 blocks:1
[2022-03-12 14:37:11] [0000.953] I> Addr: 0x85305600, start-block: 58744840, num_blocks: 1
[2022-03-12 14:37:11] [0000.975] I> Binary(14) of size 402864 is loaded @ 0x85305600
[2022-03-12 14:37:11] [0000.983] I> TOS boot-params @ 0x85000000
[2022-03-12 14:37:11] [0000.987] I> TOS params prepared
[2022-03-12 14:37:11] [0000.990] I> Loading EKS ...
[2022-03-12 14:37:11] [0000.993] I> A/B: bin_type (15) slot 0
[2022-03-12 14:37:11] [0000.996] I> Loading partition eks at 0x85905800
[2022-03-12 14:37:11] [0001.001] I> Reading two headers - addr:0x85905800 blocks:1
[2022-03-12 14:37:11] [0001.006] I> Addr: 0x85905800, start-block: 58757128, num_blocks: 1
[2022-03-12 14:37:11] [0001.025] I> Binary(15) of size 1040 is loaded @ 0x85905800
[2022-03-12 14:37:12] [0001.030] I> EKB detected (length: 0x400) @ 0x85905800
[2022-03-12 14:37:12] [0001.036] I> Copied encrypted keys
[2022-03-12 14:37:12] [0001.039] I> boot profiler @ 0x275844000
[2022-03-12 14:37:12] [0001.043] I> boot profiler for TOS @ 0x275844000
[2022-03-12 14:37:12] [0001.048] I> Unhalting SCE
[2022-03-12 14:37:12] [0001.051] I> Primary Memory Start:80000000 Size:70000000
[2022-03-12 14:37:12] [0001.056] I> Extended Memory Start:f0110000 Size:1856f0000
[2022-03-12 14:37:12] [0001.063] I> MB2(TBoot-BPMP) done
[2022-03-12 14:37:12] 
[2022-03-12 14:37:12] NOTICE:  BL31: v1.3(release):b5eeb33f7
[2022-03-12 14:37:12] NOTICE:  BL31: Built : 12:15:17, Jul 26 2021
[2022-03-12 14:37:12] ipc-unittest-main: 1519: Welcome to IPC unittest!!!
[2022-03-12 14:37:12] ipc-unittest-main: 1531: waiting forever
[2022-03-12 14:37:12] ipc-unittest-srv: 329: Init unittest services!!!
[2022-03-12 14:37:12] hwkey-agent: 41: hwkey-agent is running!!
[2022-03-12 14:37:12] hwkey-agent: 315: key_mgnt_processing .......
[2022-03-12 14:37:12] hwkey-agent: 223: Setting EKB key 0 to slot 14
[2022-03-12 14:37:12] hwkey-agent: 178: Init hweky-agent services!!
[2022-03-12 14:37:12] luks-srv: 40: luks-srv is running!!
[2022-03-12 14:37:12] luks-srv: 157: Init luks-srv IPC services!!
[2022-03-12 14:37:12] platform_bootstrap_epilog: trusty bootstrap complete
[2022-03-12 14:37:12] [0001.435] I> Welcome to Cboot
[2022-03-12 14:37:12] [0001.438] I> Cboot Version: t186-00029e71
[2022-03-12 14:37:12] [0001.441] I> CPU-BL Params @ 0x275800000
[2022-03-12 14:37:12] [0001.445] I>  0) Base:0x00000000 Size:0x00000000
[2022-03-12 14:37:12] [0001.450] I>  1) Base:0x277f00000 Size:0x00100000
[2022-03-12 14:37:12] [0001.454] I>  2) Base:0x277e00000 Size:0x00100000
[2022-03-12 14:37:12] [0001.459] I>  3) Base:0x277d00000 Size:0x00100000
[2022-03-12 14:37:12] [0001.463] I>  4) Base:0x277c00000 Size:0x00100000
[2022-03-12 14:37:12] [0001.468] I>  5) Base:0x277b00000 Size:0x00100000
[2022-03-12 14:37:12] [0001.472] I>  6) Base:0x277800000 Size:0x00200000
[2022-03-12 14:37:12] [0001.477] I>  7) Base:0x277400000 Size:0x00400000
[2022-03-12 14:37:12] [0001.481] I>  8) Base:0x277a00000 Size:0x00100000
[2022-03-12 14:37:12] [0001.486] I>  9) Base:0x277300000 Size:0x00100000
[2022-03-12 14:37:12] [0001.490] I> 10) Base:0x276800000 Size:0x00800000
[2022-03-12 14:37:12] [0001.495] I> 11) Base:0x30000000 Size:0x00040000
[2022-03-12 14:37:12] [0001.499] I> 12) Base:0xf0000000 Size:0x00100000
[2022-03-12 14:37:12] [0001.504] I> 13) Base:0x30040000 Size:0x00001000
[2022-03-12 14:37:12] [0001.508] I> 14) Base:0x30048000 Size:0x00001000
[2022-03-12 14:37:12] [0001.513] I> 15) Base:0x30049000 Size:0x00001000
[2022-03-12 14:37:12] [0001.517] I> 16) Base:0x3004a000 Size:0x00001000
[2022-03-12 14:37:12] [0001.521] I> 17) Base:0x3004b000 Size:0x00001000
[2022-03-12 14:37:12] [0001.526] I> 18) Base:0x3004c000 Size:0x00001000
[2022-03-12 14:37:12] [0001.530] I> 19) Base:0x3004d000 Size:0x00001000
[2022-03-12 14:37:12] [0001.535] I> 20) Base:0x3004e000 Size:0x00001000
[2022-03-12 14:37:12] [0001.539] I> 21) Base:0x3004f000 Size:0x00001000
[2022-03-12 14:37:12] [0001.544] I> 22) Base:0x00000000 Size:0x00000000
[2022-03-12 14:37:12] [0001.548] I> 23) Base:0xf0100000 Size:0x00010000
[2022-03-12 14:37:12] [0001.552] I> 24) Base:0x00000000 Size:0x00000000
[2022-03-12 14:37:12] [0001.557] I> 25) Base:0x00000000 Size:0x00000000
[2022-03-12 14:37:12] [0001.561] I> 26) Base:0x00000000 Size:0x00000000
[2022-03-12 14:37:12] [0001.566] I> 27) Base:0x00000000 Size:0x00000000
[2022-03-12 14:37:12] [0001.570] I> 28) Base:0x84400000 Size:0x00400000
[2022-03-12 14:37:12] [0001.575] I> 29) Base:0x30000000 Size:0x00010000
[2022-03-12 14:37:12] [0001.579] I> 30) Base:0x278000000 Size:0x08000000
[2022-03-12 14:37:12] [0001.583] I> 31) Base:0x00000000 Size:0x00000000
[2022-03-12 14:37:12] [0001.588] I> 32) Base:0x276000000 Size:0x00600000
[2022-03-12 14:37:12] [0001.592] I> 33) Base:0x80000000 Size:0x70000000
[2022-03-12 14:37:12] [0001.597] I> 34) Base:0xf0110000 Size:0x1856f0000
[2022-03-12 14:37:12] [0001.601] I> 35) Base:0x00000000 Size:0x00000000
[2022-03-12 14:37:12] [0001.606] I> 36) Base:0x00000000 Size:0x00000000
[2022-03-12 14:37:12] [0001.610] I> 37) Base:0x2772e0000 Size:0x00020000
[2022-03-12 14:37:12] [0001.615] I> 38) Base:0x84000000 Size:0x00400000
[2022-03-12 14:37:12] [0001.619] I> 39) Base:0x96000000 Size:0x02000000
[2022-03-12 14:37:12] [0001.624] I> 40) Base:0x85000000 Size:0x01200000
[2022-03-12 14:37:12] [0001.628] I> 41) Base:0x275800000 Size:0x00500000
[2022-03-12 14:37:12] [0001.633] I> 42) Base:0x00000000 Size:0x00000000
[2022-03-12 14:37:12] [0001.637] I> 43) Base:0x00000000 Size:0x00000000
[2022-03-12 14:37:12] [0001.641] GIC-SPI Target CPU: 4
[2022-03-12 14:37:12] [0001.645] Interrupts Init done
[2022-03-12 14:37:12] [0001.648] calling constructors
[2022-03-12 14:37:12] [0001.651] initializing heap
[2022-03-12 14:37:12] [0001.654] initializing threads
[2022-03-12 14:37:12] [0001.657] initializing timers
[2022-03-12 14:37:12] [0001.660] creating bootstrap completion thread
[2022-03-12 14:37:12] [0001.665] top of bootstrap2()
[2022-03-12 14:37:12] [0001.668] CPU: ARM Cortex A57
[2022-03-12 14:37:12] [0001.671] CPU: MIDR: 0x411FD073, MPIDR: 0x80000100
[2022-03-12 14:37:12] [0001.676] initializing platform
[2022-03-12 14:37:12] [0001.679] I> Bl_dtb @0x85205400
[2022-03-12 14:37:12] [0001.682] I> gpio framework initialized
[2022-03-12 14:37:12] [0001.689] I> tegrabl_gpio_driver_register: register 'nvidia,tegra186-gpio' driver
[2022-03-12 14:37:12] [0001.699] I> tegrabl_gpio_driver_register: register 'nvidia,tegra186-gpio-aon' driver
[2022-03-12 14:37:12] [0001.707] I> GPIO framework and drivers are initialized.
[2022-03-12 14:37:12] [0001.712] I> Boot-device: eMMC
[2022-03-12 14:37:12] [0001.719] I> sdmmc bdev is already initialized
[2022-03-12 14:37:12] [0001.750] I> Found 19 partitions in SDMMC_BOOT (instance 3)
[2022-03-12 14:37:12] [0001.767] I> Found 33 partitions in SDMMC_USER (instance 3)
[2022-03-12 14:37:12] [0001.773] W> opt-in fuse is not set, skip fuse_burning
[2022-03-12 14:37:12] [0001.778] I> Reserved memory at 0xfbe00000 for U-Boot relocation
[2022-03-12 14:37:12] [0001.784] W> No valid slot number is found in scratch register
[2022-03-12 14:37:12] [0001.789] W> Return default slot: _a
[2022-03-12 14:37:12] [0001.799] I> A/B: bin_type (21) slot 0
[2022-03-12 14:37:12] [0001.802] I> Loading kernel-dtb from partition
[2022-03-12 14:37:12] [0001.806] I> Loading partition kernel-dtb at 0x80000000 from device(0x1)
[2022-03-12 14:37:12] [0001.824] I> Kernel_dtb @0x80000000
[2022-03-12 14:37:12] [0001.828] I> tegrabl_tca9539_init: i2c bus: 0, slave addr: 0xee
[2022-03-12 14:37:12] [0001.838] I> tegrabl_gpio_driver_register: register 'tca9539_gpio_driver' driver
[2022-03-12 14:37:12] [0001.845] I> tegrabl_tca9539_init: i2c bus: 0, slave addr: 0xe8
[2022-03-12 14:37:12] [0001.854] I> tegrabl_gpio_driver_register: register 'tca9539_gpio_driver' driver
[2022-03-12 14:37:12] [0001.865] I> fixed regulator driver initialized
[2022-03-12 14:37:12] [0001.898] I> register 'maxim' power off handle
[2022-03-12 14:37:12] [0001.904] I> virtual i2c enabled
[2022-03-12 14:37:12] [0001.907] I> registered 'maxim,max77620' pmic
[2022-03-12 14:37:12] [0001.911] I> tegrabl_gpio_driver_register: register 'max77620-gpio' driver
[2022-03-12 14:37:12] [0001.925] E> failed to read label property for node 324936: 13
[2022-03-12 14:37:12] [0001.934] E> failed to read reg property for node 325032: 13
[2022-03-12 14:37:12] [0001.942] E> failed to read reg property for node 325084: 13
[2022-03-12 14:37:12] [0001.950] E> failed to read label property for node 325168: 13
[2022-03-12 14:37:12] [0001.959] E> failed to read label property for node 325236: 13
[2022-03-12 14:37:12] [0001.967] E> failed to read reg property for node 325304: 13
[2022-03-12 14:37:12] [0001.975] E> failed to read reg property for node 325376: 13
[2022-03-12 14:37:12] [0001.986] I> Find /i2c@c250000's alias i2c7
[2022-03-12 14:37:12] [0001.990] I> Reading eeprom i2c=7 address=0x50
[2022-03-12 14:37:12] [0002.019] I> Device at /i2c@c250000:0x50
[2022-03-12 14:37:12] [0002.023] I> Reading eeprom i2c=7 address=0x57
[2022-03-12 14:37:13] [0002.051] I> Device at /i2c@c250000:0x57
[2022-03-12 14:37:13] [0002.056] I> Find /i2c@c240000's alias i2c1
[2022-03-12 14:37:13] [0002.060] I> Reading eeprom i2c=1 address=0x51
[2022-03-12 14:37:13] [0002.065] E> I2C: slave not found in slaves.
[2022-03-12 14:37:13] [0002.069] E> I2C: Could not write 0 bytes to slave: 0x00a2 with repeat start true.
[2022-03-12 14:37:13] [0002.077] E> I2C_DEV: Failed to send register address 0x00000000.
[2022-03-12 14:37:13] [0002.083] E> I2C_DEV: Could not read 256 registers of size 1 from slave 0xa2 at 0x00000000 via instance 1.
[2022-03-12 14:37:13] [0002.092] E> eeprom: Retry to read I2C slave device.
[2022-03-12 14:37:13] [0002.097] E> I2C: slave not found in slaves.
[2022-03-12 14:37:13] [0002.101] E> I2C: Could not write 0 bytes to slave: 0x00a2 with repeat start true.
[2022-03-12 14:37:13] [0002.109] E> I2C_DEV: Failed to send register address 0x00000000.
[2022-03-12 14:37:13] [0002.115] E> I2C_DEV: Could not read 256 registers of size 1 from slave 0xa2 at 0x00000000 via instance 1.
[2022-03-12 14:37:13] [0002.124] E> eeprom: Failed to read I2C slave device
[2022-03-12 14:37:13] [0002.129] I> Eeprom read failed 0x3526070d
[2022-03-12 14:37:13] [0002.133] I> Find /i2c@3160000's alias i2c0
[2022-03-12 14:37:13] [0002.137] I> Reading eeprom i2c=0 address=0x50
[2022-03-12 14:37:13] [0002.142] E> I2C: slave not found in slaves.
[2022-03-12 14:37:13] [0002.146] E> I2C: Could not write 0 bytes to slave: 0x00a0 with repeat start true.
[2022-03-12 14:37:13] [0002.154] E> I2C_DEV: Failed to send register address 0x00000000.
[2022-03-12 14:37:13] [0002.160] E> I2C_DEV: Could not read 256 registers of size 1 from slave 0xa0 at 0x00000000 via instance 0.
[2022-03-12 14:37:13] [0002.169] E> eeprom: Failed to read I2C slave device
[2022-03-12 14:37:13] [0002.174] I> Eeprom read failed 0x3526070d
[2022-03-12 14:37:13] [0002.179] I> Find /i2c@3180000's alias i2c2
[2022-03-12 14:37:13] [0002.183] I> Reading eeprom i2c=2 address=0x54
[2022-03-12 14:37:13] [0002.187] I> Enabling gpio chip_id = 2, gpio pin = 9
[2022-03-12 14:37:13] [0002.217] I> Disabling gpio chip_id = 2, gpio pin = 9
[2022-03-12 14:37:13] [0002.223] I> Device at /i2c@3180000:0x54
[2022-03-12 14:37:13] [0002.226] I> Reading eeprom i2c=2 address=0x57
[2022-03-12 14:37:13] [0002.231] I> Enabling gpio chip_id = 2, gpio pin = 9
[2022-03-12 14:37:13] [0002.236] E> I2C: slave not found in slaves.
[2022-03-12 14:37:13] [0002.240] E> I2C: Could not write 0 bytes to slave: 0x00ae with repeat start true.
[2022-03-12 14:37:13] [0002.248] E> I2C_DEV: Failed to send register address 0x00000000.
[2022-03-12 14:37:13] [0002.254] E> I2C_DEV: Could not read 256 registers of size 1 from slave 0xae at 0x00000000 via instance 2.
[2022-03-12 14:37:13] [0002.263] E> eeprom: Failed to read I2C slave device
[2022-03-12 14:37:13] [0002.268] I> Disabling gpio chip_id = 2, gpio pin = 9
[2022-03-12 14:37:13] [0002.273] I> Eeprom read failed 0x00000000
[2022-03-12 14:37:13] [0002.277] I> create_pm_ids: id: 3310-1000-D00-L, len: 15
[2022-03-12 14:37:13] [0002.282] I> config: mem-type:00,power-config:00,misc-config:00,modem-config:00,touch-config:00,display-config:00,, len: 93
[2022-03-12 14:37:13] [0002.293] I> create_pm_ids: id: 2597-0000-900-E, len: 15
[2022-03-12 14:37:13] [0002.298] I> config: mem-type:00,power-config:00,misc-config:00,modem-config:00,touch-config:00,display-config:00,, len: 93
[2022-03-12 14:37:13] [0002.309] I> create_pm_ids: id: 3326-1000-000-M, len: 15
[2022-03-12 14:37:13] [0002.315] I> config: mem-type:ff,power-config:ff,misc-config:ff,modem-config:ff,touch-config:ff,display-config:ff,, len: 93
[2022-03-12 14:37:13] [0002.350] I> enabling 'vdd-hdmi' regulator
[2022-03-12 14:37:13] [0002.365] I> regulator 'vdd-hdmi' already enabled
[2022-03-12 14:37:13] [0002.370] E> tegrabl_display_init_regulator: hdmi cable is not connected
[2022-03-12 14:37:13] [0002.376] E> tegrabl_display_get_pdata, failed to parse dtb settings
[2022-03-12 14:37:13] [0002.385] E> cannot find any other nvdisp nodes
[2022-03-12 14:37:13] [0002.390] E> no valid display unit config found in dtb
[2022-03-12 14:37:13] [0002.395] W> display init failed
[2022-03-12 14:37:13] [0002.398] initializing target
[2022-03-12 14:37:13] [0002.401] calling apps_init()
[2022-03-12 14:37:13] [0002.405] starting app kernel_boot_app
[2022-03-12 14:37:13] [0002.427] I> found decompressor handler: lz4-legacy
[2022-03-12 14:37:13] [0002.431] I> decompressing BMP blob ...
[2022-03-12 14:37:13] [0002.444] I> Kernel type = Normal
[2022-03-12 14:37:13] [0002.447] I> ########## Fixed storage boot ##########
[2022-03-12 14:37:13] [0002.452] I> Loading kernel-bootctrl from partition
[2022-03-12 14:37:13] [0002.456] I> Loading partition kernel-bootctrl at 0xa8000000 from device(0x1)
[2022-03-12 14:37:13] [0002.471] W> tegrabl_get_kernel_bootctrl: magic number(0x00000000) is invalid
[2022-03-12 14:37:13] [0002.478] W> tegrabl_get_kernel_bootctrl: use default dummy boot control data
[2022-03-12 14:37:13] [0002.485] W> No valid slot number is found in scratch register
[2022-03-12 14:37:13] [0002.490] W> Return default slot: _a
[2022-03-12 14:37:13] [0002.494] I> A/B: bin_type (24) slot 0
[2022-03-12 14:37:13] [0002.509] I> Boot image size read from image header: 9913d
[2022-03-12 14:37:13] [0002.515] I> Boot image load address: 0x80400000
[2022-03-12 14:37:13] [0002.519] I> Loading kernel from partition
[2022-03-12 14:37:13] [0002.523] I> Loading partition kernel at 0x80400000 from device(0x1)
[2022-03-12 14:37:14] [0003.467] I> Validate kernel ...
[2022-03-12 14:37:14] [0003.470] I> T18x: Authenticate kernel (bin_type 24), max size 0x4000000
[2022-03-12 14:37:14] [0003.478] I> Decrypt the buffer ... [0003.481] W> tegrabl_decrypt_block: fuse (0x0) is not burnt to do encryption (0x4); skip decryption.
[2022-03-12 14:37:14] [0003.490] I> done
[2022-03-12 14:37:14] [0003.492] I> Checking boot.img header magic ... [0003.496] I> [OK]
[2022-03-12 14:37:14] [0003.498] I> kernel-dtb is already loaded
[2022-03-12 14:37:14] [0003.501] I> Validate kernel-dtb ...
[2022-03-12 14:37:14] [0003.505] I> T18x: Authenticate kernel-dtb (bin_type 21), max size 0x100000
[2022-03-12 14:37:14] [0003.512] I> Decrypt the buffer ... [0003.516] W> tegrabl_decrypt_block: fuse (0x0) is not burnt to do encryption (0x4); skip decryption.
[2022-03-12 14:37:14] [0003.525] I> done
[2022-03-12 14:37:14] [0003.526] I> Kernel hdr @0x80400000
[2022-03-12 14:37:14] [0003.530] I> Kernel dtb @0x80000000
[2022-03-12 14:37:14] [0003.533] I> decompressor handler not found
[2022-03-12 14:37:14] [0003.537] I> Copying kernel image (627005 bytes) from 0x80400800 to 0x80600000 ... [0003.545] I> Done
[2022-03-12 14:37:14] [0003.546] I> Move ramdisk (len: 0) from 0x8049a000 to 0x947d0000
[2022-03-12 14:37:14] [0003.554] I> Updated bpmp info to DTB
[2022-03-12 14:37:14] [0003.560] I> Ramdisk: Base: 0x947d0000; Size: 0x0
[2022-03-12 14:37:14] [0003.564] I> Updated initrd info to DTB
[2022-03-12 14:37:14] [0003.568] W> WARN: Fail to override "console=none" in commandline
[2022-03-12 14:37:14] [0003.574] I> Active rootfs suffix: 
[2022-03-12 14:37:14] [0003.577] E> tegrabl_linuxboot_add_disp_param, du 0 failed to get display params
[2022-03-12 14:37:14] [0003.585] E> tegrabl_linuxboot_add_disp_param, du 0 failed to get display params
[2022-03-12 14:37:14] [0003.592] E> tegrabl_linuxboot_add_disp_param, du 0 failed to get display params
[2022-03-12 14:37:14] [0003.599] I> disabled_core_mask: 0xffffff0c
[2022-03-12 14:37:14] [0003.603] W> No valid slot number is found in scratch register
[2022-03-12 14:37:14] [0003.609] W> Return default slot: _a
[2022-03-12 14:37:14] [0003.612] I> Active slot suffix: 
[2022-03-12 14:37:14] [0003.615] I> add_boot_slot_suffix: slot_suffix = 
[2022-03-12 14:37:14] [0003.620] I> Linux Cmdline: console=ttyS0,115200 androidboot.presilicon=true firmware_class.path=/etc/firmware root=/dev/mmcblk0p1 rw rootwait rootfstype=ext4 console=ttyS0,115200n8 console=tty0 fbcon=map:0 net.ifnames=0 isolcpus=1-2  video=tegrafb earlycon=uart8250,mmio32,0x3100000 nvdumper_reserved=0x2772e0000 gpt rootfs.slot_suffix= usbcore.old_scheme_first=1 tegraid=18.1.2.0.0 maxcpus=6 no_console_suspend boot.slot_suffix= boot.ratchetvalues=0.2031647.1 vpr_resize bl_prof_dataptr=0x10000@0x275840000 sdhci_tegra.en_boot_part_access=1 
[2022-03-12 14:37:14] [0003.667] I> Updated bootarg info to DTB
[2022-03-12 14:37:14] [0003.671] I> eeprom_get_mac_addr: MAC (type: 0): 48:b0:2d:0f:11:c5
[2022-03-12 14:37:14] [0003.677] I> eeprom_get_mac_addr: MAC (type: 1): 48:b0:2d:0f:11:c6
[2022-03-12 14:37:14] [0003.683] I> eeprom_get_mac_addr: MAC (type: 2): 48:b0:2d:0f:11:c7
[2022-03-12 14:37:14] [0003.690] E> Found no plugin manager ids in source DT
[2022-03-12 14:37:14] [0003.695] W> Add plugin manager ids from board info
[2022-03-12 14:37:14] [0003.699] W> "plugin-manager" doesn't exist, creating
[2022-03-12 14:37:14] [0003.704] W> "ids" doesn't exist, creating
[2022-03-12 14:37:14] [0003.708] W> "connection" doesn't exist, creating
[2022-03-12 14:37:14] [0003.713] W> "configs" doesn't exist, creating
[2022-03-12 14:37:14] [0003.717] I> create_pm_ids: id: 3310-1000-D00-L, len: 15
[2022-03-12 14:37:14] [0003.722] I> config: mem-type:00,power-config:00,misc-config:00,modem-config:00,touch-config:00,display-config:00,, len: 93
[2022-03-12 14:37:14] [0003.733] I> create_pm_ids: id: 2597-0000-900-E, len: 15
[2022-03-12 14:37:14] [0003.738] I> config: mem-type:00,power-config:00,misc-config:00,modem-config:00,touch-config:00,display-config:00,, len: 93
[2022-03-12 14:37:14] [0003.749] I> create_pm_ids: id: 3326-1000-000-M, len: 15
[2022-03-12 14:37:14] [0003.754] I> config: mem-type:ff,power-config:ff,misc-config:ff,modem-config:ff,touch-config:ff,display-config:ff,, len: 93
[2022-03-12 14:37:14] [0003.765] I> Adding plugin-manager/ids/3310-1000-D00=/i2c@c250000:module@0x50
[2022-03-12 14:37:14] [0003.773] W> "i2c@c250000" doesn't exist, creating
[2022-03-12 14:37:14] [0003.777] W> "module@0x50" doesn't exist, creating
[2022-03-12 14:37:14] [0003.782] I> Adding plugin-manager/ids/2597-0000-900=/i2c@c250000:module@0x57
[2022-03-12 14:37:14] [0003.789] W> "module@0x57" doesn't exist, creating
[2022-03-12 14:37:14] [0003.794] I> Adding plugin-manager/ids/3326-1000-000=/i2c@3180000:module@0x54
[2022-03-12 14:37:14] [0003.802] W> "i2c@3180000" doesn't exist, creating
[2022-03-12 14:37:14] [0003.806] W> "module@0x54" doesn't exist, creating
[2022-03-12 14:37:14] [0003.813] I> Adding plugin-manager/ids/3310-1000-D00-L
[2022-03-12 14:37:14] [0003.820] I> Adding plugin-manager/configs/3310-mem-type 00
[2022-03-12 14:37:14] [0003.826] I> Adding plugin-manager/configs/3310-power-config 00
[2022-03-12 14:37:14] [0003.832] I> Adding plugin-manager/configs/3310-misc-config 00
[2022-03-12 14:37:14] [0003.838] I> Adding plugin-manager/configs/3310-modem-config 00
[2022-03-12 14:37:14] [0003.844] I> Adding plugin-manager/configs/3310-touch-config 00
[2022-03-12 14:37:14] [0003.850] I> Adding plugin-manager/configs/3310-display-config 00
[2022-03-12 14:37:14] [0003.856] I> Adding plugin-manager/cvm
[2022-03-12 14:37:14] [0003.860] W> "chip-id" doesn't exist, creating
[2022-03-12 14:37:14] [0003.864] I> Adding plugin-manager/chip-id/A02P
[2022-03-12 14:37:14] [0003.869] W> "odm-data" doesn't exist, creating
[2022-03-12 14:37:14] [0003.873] I> Adding /chosen/plugin-manager/odm-data
[2022-03-12 14:37:14] [0003.883] I> added [base:0x80000000, size:0x70000000] to /memory
[2022-03-12 14:37:14] [0003.889] I> added [base:0xf0200000, size:0x185600000] to /memory
[2022-03-12 14:37:14] [0003.895] I> added [base:0x275e00000, size:0x200000] to /memory
[2022-03-12 14:37:14] [0003.900] I> added [base:0x276600000, size:0x200000] to /memory
[2022-03-12 14:37:14] [0003.906] I> added [base:0x277000000, size:0x200000] to /memory
[2022-03-12 14:37:14] [0003.912] I> Updated memory info to DTB
[2022-03-12 14:37:14] [0003.916] E> add_disp_param: failed to get display params for du=0
[2022-03-12 14:37:14] [0003.924] W> "reset" doesn't exist, creating
[2022-03-12 14:37:14] [0003.928] W> "pmc-reset-reason" doesn't exist, creating
[2022-03-12 14:37:14] [0003.934] W> "pmic-reset-reason" doesn't exist, creating
[2022-03-12 14:37:14] [0003.940] I> Adding ecid(00000001646db7851000000013038200) to DT
[2022-03-12 14:37:14] [0003.946] I> disabled_core_mask: 0xffffff0c
[2022-03-12 14:37:14] [0003.959] I> Add serial number:1422420022173 as DT property
[2022-03-12 14:37:14] [0003.968] I> Plugin-manager override starting
[2022-03-12 14:37:14] [0003.974] I> node /plugin-manager/fragement@0 matches
[2022-03-12 14:37:14] [0003.984] I> node /plugin-manager/fragement@4 matches
[2022-03-12 14:37:14] [0003.997] I> node /plugin-manager/fragment-sdwake-p3310-1000-300 matches
[2022-03-12 14:37:14] [0004.017] I> node /plugin-manager/fragement-pmon-p3310-1000-300 matches
[2022-03-12 14:37:14] [0004.026] I> node /plugin-manager/fragement-pmon-p3310-1000-800 matches
[2022-03-12 14:37:15] [0004.035] I> node /plugin-manager/fragment-devslp@0 matches
[2022-03-12 14:37:15] [0004.048] I> node /plugin-manager/fragment-500-pcie-config matches
[2022-03-12 14:37:15] [0004.063] I> node /plugin-manager/fragment-500-xusb-config matches
[2022-03-12 14:37:15] [0004.086] I> node /plugin-manager/fragment-p3310-c00-comm matches
[2022-03-12 14:37:15] [0004.099] I> node /plugin-manager/fragment-p3310-c00-pmic matches
[2022-03-12 14:37:15] [0004.110] I> node /plugin-manager/fragment-p3310-c01 matches
[2022-03-12 14:37:15] [0004.123] I> node /plugin-manager/fragment-p3310-c03 matches
[2022-03-12 14:37:15] [0004.165] I> node /plugin-manager/fragment-e3326@0 matches
[2022-03-12 14:37:15] [0004.248] I> node /plugin-manager/fragment-p3310-c00-camera matches
[2022-03-12 14:37:15] [0004.275] I> Disable plugin-manager status in FDT
[2022-03-12 14:37:15] [0004.279] I> Plugin-manager override finished successfully
[2022-03-12 14:37:15] [0004.285] I> tegrabl_load_kernel_and_dtb: Done
[2022-03-12 14:37:15] [0004.289] E> tegrabl_display_clear: display is not initialized
[2022-03-12 14:37:15] [0004.294] W> Boot logo display failed...
[2022-03-12 14:37:15] [0004.298] I> Kernel EP: 0x80600000, DTB: 0x80000000
[2022-03-12 14:37:15] 
[2022-03-12 14:37:15] 
[2022-03-12 14:37:15] U-Boot 2020.04-g46e4604c78 (Jul 26 2021 - 12:10:58 -0700)
[2022-03-12 14:37:15] 
[2022-03-12 14:37:15] SoC: tegra186
[2022-03-12 14:37:15] Model: NVIDIA P2771-0000-500
[2022-03-12 14:37:15] Board: NVIDIA P2771-0000
[2022-03-12 14:37:15] DRAM:  7.8 GiB
[2022-03-12 14:37:15] MMC:   sdhci@3400000: 1, sdhci@3460000: 0
[2022-03-12 14:37:15] Loading Environment from MMC... *** Warning - bad CRC, using default environment
[2022-03-12 14:37:15] 
[2022-03-12 14:37:15] In:    serial
[2022-03-12 14:37:15] Out:   serial
[2022-03-12 14:37:15] Err:   serial
[2022-03-12 14:37:15] Net:   
[2022-03-12 14:37:15] Warning: ethernet@2490000 using MAC address from ROM
[2022-03-12 14:37:15] eth0: ethernet@2490000
[2022-03-12 14:37:15] Hit any key to stop autoboot:  2  1  0 
[2022-03-12 14:37:17] MMC: no card present
[2022-03-12 14:37:17] switch to partitions #0, OK
[2022-03-12 14:37:17] mmc0(part 0) is current device
[2022-03-12 14:37:17] Scanning mmc 0:1...
[2022-03-12 14:37:17] Found /boot/extlinux/extlinux.conf
[2022-03-12 14:37:17] Retrieving file: /boot/extlinux/extlinux.conf
[2022-03-12 14:37:18] 858 bytes read in 22 ms (38.1 KiB/s)
[2022-03-12 14:37:18] 1:	primary kernel
[2022-03-12 14:37:18] Retrieving file: /boot/initrd
[2022-03-12 14:37:18] 7238344 bytes read in 201 ms (34.3 MiB/s)
[2022-03-12 14:37:18] Retrieving file: /boot/Image
[2022-03-12 14:37:19] 34484232 bytes read in 829 ms (39.7 MiB/s)
[2022-03-12 14:37:19] append: console=ttyS0,115200 androidboot.presilicon=true firmware_class.path=/etc/firmware root=/dev/mmcblk0p1 rw rootwait rootfstype=ext4 console=ttyS0,115200n8 console=tty0 fbcon=map:0 net.ifnames=0 isolcpus=1-2  video=tegrafb earlycon=uart8250,mmio32,0x3100000 nvdumper_reserved=0x2772e0000 gpt rootfs.slot_suffix= usbcore.old_scheme_first=1 tegraid=18.1.2.0.0 maxcpus=6 no_console_suspend boot.slot_suffix= boot.ratchetvalues=0.2031647.1 vpr_resize bl_prof_dataptr=0x10000@0x275840000 sdhci_tegra.en_boot_part_access=1 quiet root=/dev/mmcblk0p1 rw rootwait rootfstype=ext4 console=ttyS0,115200n8 console=tty0 fbcon=map:0 net.ifnames=0 isolcpus=1-2 
[2022-03-12 14:37:19] ## Flattened Device Tree blob at 80000000
[2022-03-12 14:37:19]    Booting using the fdt blob at 0x80000000
[2022-03-12 14:37:19] ERROR: reserving fdt memory region failed (addr=0 size=0)
[2022-03-12 14:37:19] ERROR: reserving fdt memory region failed (addr=0 size=0)
[2022-03-12 14:37:19] ERROR: reserving fdt memory region failed (addr=0 size=0)
[2022-03-12 14:37:19]    Using Device Tree in place at 0000000080000000, end 0000000080060aa3
[2022-03-12 14:37:19] copying carveout for /host1x@13e00000/display-hub@15200000/display@15200000...
[2022-03-12 14:37:19] copying carveout for /host1x@13e00000/display-hub@15200000/display@15210000...
[2022-03-12 14:37:19] copying carveout for /host1x@13e00000/display-hub@15200000/display@15220000...
