[0000.276] I> Welcome to MB2(TBoot-BPMP)(version: 01.00.160913-t186-M-00.00-mobile-c368a720)
[2022-03-13 09:57:06] [0000.284] I> Boot-device: eMMC
[2022-03-13 09:57:06] [0000.292] I> sdmmc bdev is already initialized
[2022-03-13 09:57:06] [0000.296] I> pmic: reset reason (nverc)	: 0x80
[2022-03-13 09:57:06] [0000.329] I> Found 19 partitions in SDMMC_BOOT (instance 3)
[2022-03-13 09:57:06] [0000.349] I> Found 33 partitions in SDMMC_USER (instance 3)
[2022-03-13 09:57:06] [0000.355] W> No valid slot number is found in scratch register
[2022-03-13 09:57:06] [0000.361] W> Return default slot: _a
[2022-03-13 09:57:06] [0000.364] I> A/B: bin_type (16) slot 0
[2022-03-13 09:57:06] [0000.368] I> Loading partition bpmp-fw at 0xd7800000
[2022-03-13 09:57:06] [0000.373] I> Reading two headers - addr:0xd7800000 blocks:1
[2022-03-13 09:57:06] [0000.378] I> Addr: 0xd7800000, start-block: 58777608, num_blocks: 1
[2022-03-13 09:57:06] [0000.403] I> Binary(16) of size 534416 is loaded @ 0xd7800000
[2022-03-13 09:57:06] [0000.408] W> No valid slot number is found in scratch register
[2022-03-13 09:57:06] [0000.414] W> Return default slot: _a
[2022-03-13 09:57:06] [0000.418] I> A/B: bin_type (17) slot 0
[2022-03-13 09:57:06] [0000.421] I> Loading partition bpmp-fw-dtb at 0xd79f0000
[2022-03-13 09:57:06] [0000.426] I> Reading two headers - addr:0xd79f0000 blocks:1
[2022-03-13 09:57:06] [0000.432] I> Addr: 0xd79f0000, start-block: 58780024, num_blocks: 1
[2022-03-13 09:57:07] [0000.458] I> Binary(17) of size 604720 is loaded @ 0xd796c400
[2022-03-13 09:57:07] [0000.687] I> Loading SCE-FW ...
[2022-03-13 09:57:07] [0000.690] W> No valid slot number is found in scratch register
[2022-03-13 09:57:07] [0000.696] W> Return default slot: _a
[2022-03-13 09:57:07] [0000.700] I> A/B: bin_type (12) slot 0
[2022-03-13 09:57:07] [0000.703] I> Loading partition sce-fw at 0xd7300000
[2022-03-13 09:57:07] [0000.708] I> Reading two headers - addr:0xd7300000 blocks:1
[2022-03-13 09:57:07] [0000.713] I> Addr: 0xd7300000, start-block: 58784120, num_blocks: 1
[2022-03-13 09:57:07] [0000.732] I> Binary(12) of size 125632 is loaded @ 0xd7300000
[2022-03-13 09:57:07] [0000.738] I> Init SCE
[2022-03-13 09:57:07] [0000.741] I> Loading APE-FW ...
[2022-03-13 09:57:07] [0000.744] W> No valid slot number is found in scratch register
[2022-03-13 09:57:07] [0000.749] W> Return default slot: _a
[2022-03-13 09:57:07] [0000.753] I> A/B: bin_type (11) slot 0
[2022-03-13 09:57:07] [0000.756] I> Loading partition adsp-fw at 0xd7400000
[2022-03-13 09:57:07] [0000.761] I> Reading two headers - addr:0xd7400000 blocks:1
[2022-03-13 09:57:07] [0000.767] I> Addr: 0xd7400000, start-block: 58761224, num_blocks: 1
[2022-03-13 09:57:07] [0000.785] I> Binary(11) of size 77216 is loaded @ 0xd7400000
[2022-03-13 09:57:07] [0000.791] I> Copy BTCM section
[2022-03-13 09:57:07] [0000.794] W> No valid slot number is found in scratch register
[2022-03-13 09:57:07] [0000.800] W> Return default slot: _a
[2022-03-13 09:57:07] [0000.803] I> A/B: bin_type (13) slot 0
[2022-03-13 09:57:07] [0000.807] I> Loading partition cpu-bootloader at 0x96000000
[2022-03-13 09:57:07] [0000.812] I> Reading two headers - addr:0x96000000 blocks:1
[2022-03-13 09:57:07] [0000.818] I> Addr: 0x96000000, start-block: 58740744, num_blocks: 1
[2022-03-13 09:57:07] [0000.839] I> Binary(13) of size 308800 is loaded @ 0x96000000
[2022-03-13 09:57:07] [0000.845] W> No valid slot number is found in scratch register
[2022-03-13 09:57:07] [0000.850] W> Return default slot: _a
[2022-03-13 09:57:07] [0000.854] I> A/B: bin_type (20) slot 0
[2022-03-13 09:57:07] [0000.857] I> Loading partition bootloader-dtb at 0x85205400
[2022-03-13 09:57:07] [0000.863] I> Reading two headers - addr:0x85205400 blocks:1
[2022-03-13 09:57:07] [0000.868] I> Addr: 0x85205400, start-block: 58742792, num_blocks: 1
[2022-03-13 09:57:07] [0000.890] I> Binary(20) of size 375568 is loaded @ 0x85205400
[2022-03-13 09:57:07] [0000.896] W> No valid slot number is found in scratch register
[2022-03-13 09:57:07] [0000.901] W> Return default slot: _a
[2022-03-13 09:57:07] [0000.905] I> A/B: bin_type (14) slot 0
[2022-03-13 09:57:07] [0000.908] I> Loading partition secure-os at 0x85305600
[2022-03-13 09:57:07] [0000.913] I> Reading two headers - addr:0x85305600 blocks:1
[2022-03-13 09:57:07] [0000.919] I> Addr: 0x85305600, start-block: 58744840, num_blocks: 1
[2022-03-13 09:57:07] [0000.941] I> Binary(14) of size 402864 is loaded @ 0x85305600
[2022-03-13 09:57:07] [0000.949] I> TOS boot-params @ 0x85000000
[2022-03-13 09:57:07] [0000.953] I> TOS params prepared
[2022-03-13 09:57:07] [0000.956] I> Loading EKS ...
[2022-03-13 09:57:07] [0000.958] I> A/B: bin_type (15) slot 0
[2022-03-13 09:57:07] [0000.962] I> Loading partition eks at 0x85905800
[2022-03-13 09:57:07] [0000.967] I> Reading two headers - addr:0x85905800 blocks:1
[2022-03-13 09:57:07] [0000.972] I> Addr: 0x85905800, start-block: 58757128, num_blocks: 1
[2022-03-13 09:57:07] [0000.991] I> Binary(15) of size 1040 is loaded @ 0x85905800
[2022-03-13 09:57:07] [0000.996] I> EKB detected (length: 0x400) @ 0x85905800
[2022-03-13 09:57:07] [0001.001] I> Copied encrypted keys
[2022-03-13 09:57:07] [0001.005] I> boot profiler @ 0x275844000
[2022-03-13 09:57:07] [0001.009] I> boot profiler for TOS @ 0x275844000
[2022-03-13 09:57:07] [0001.014] I> Unhalting SCE
[2022-03-13 09:57:07] [0001.016] I> Primary Memory Start:80000000 Size:70000000
[2022-03-13 09:57:07] [0001.022] I> Extended Memory Start:f0110000 Size:1856f0000
[2022-03-13 09:57:07] [0001.028] I> MB2(TBoot-BPMP) done
[2022-03-13 09:57:07] 
[2022-03-13 09:57:07] NOTICE:  BL31: v1.3(release):b5eeb33f7
[2022-03-13 09:57:07] NOTICE:  BL31: Built : 12:15:17, Jul 26 2021
[2022-03-13 09:57:07] ipc-unittest-main: 1519: Welcome to IPC unittest!!!
[2022-03-13 09:57:07] ipc-unittest-main: 1531: waiting forever
[2022-03-13 09:57:07] ipc-unittest-srv: 329: Init unittest services!!!
[2022-03-13 09:57:07] hwkey-agent: 41: hwkey-agent is running!!
[2022-03-13 09:57:07] hwkey-agent: 315: key_mgnt_processing .......
[2022-03-13 09:57:07] hwkey-agent: 223: Setting EKB key 0 to slot 14
[2022-03-13 09:57:07] hwkey-agent: 178: Init hweky-agent services!!
[2022-03-13 09:57:07] luks-srv: 40: luks-srv is running!!
[2022-03-13 09:57:07] luks-srv: 157: Init luks-srv IPC services!!
[2022-03-13 09:57:07] platform_bootstrap_epilog: trusty bootstrap complete
[2022-03-13 09:57:07] [0001.401] I> Welcome to Cboot
[2022-03-13 09:57:07] [0001.404] I> Cboot Version: t186-00029e71
[2022-03-13 09:57:07] [0001.407] I> CPU-BL Params @ 0x275800000
[2022-03-13 09:57:07] [0001.411] I>  0) Base:0x00000000 Size:0x00000000
[2022-03-13 09:57:07] [0001.416] I>  1) Base:0x277f00000 Size:0x00100000
[2022-03-13 09:57:07] [0001.420] I>  2) Base:0x277e00000 Size:0x00100000
[2022-03-13 09:57:07] [0001.425] I>  3) Base:0x277d00000 Size:0x00100000
[2022-03-13 09:57:07] [0001.429] I>  4) Base:0x277c00000 Size:0x00100000
[2022-03-13 09:57:07] [0001.434] I>  5) Base:0x277b00000 Size:0x00100000
[2022-03-13 09:57:07] [0001.438] I>  6) Base:0x277800000 Size:0x00200000
[2022-03-13 09:57:08] [0001.443] I>  7) Base:0x277400000 Size:0x00400000
[2022-03-13 09:57:08] [0001.447] I>  8) Base:0x277a00000 Size:0x00100000
[2022-03-13 09:57:08] [0001.452] I>  9) Base:0x277300000 Size:0x00100000
[2022-03-13 09:57:08] [0001.456] I> 10) Base:0x276800000 Size:0x00800000
[2022-03-13 09:57:08] [0001.461] I> 11) Base:0x30000000 Size:0x00040000
[2022-03-13 09:57:08] [0001.465] I> 12) Base:0xf0000000 Size:0x00100000
[2022-03-13 09:57:08] [0001.470] I> 13) Base:0x30040000 Size:0x00001000
[2022-03-13 09:57:08] [0001.474] I> 14) Base:0x30048000 Size:0x00001000
[2022-03-13 09:57:08] [0001.478] I> 15) Base:0x30049000 Size:0x00001000
[2022-03-13 09:57:08] [0001.483] I> 16) Base:0x3004a000 Size:0x00001000
[2022-03-13 09:57:08] [0001.487] I> 17) Base:0x3004b000 Size:0x00001000
[2022-03-13 09:57:08] [0001.492] I> 18) Base:0x3004c000 Size:0x00001000
[2022-03-13 09:57:08] [0001.496] I> 19) Base:0x3004d000 Size:0x00001000
[2022-03-13 09:57:08] [0001.501] I> 20) Base:0x3004e000 Size:0x00001000
[2022-03-13 09:57:08] [0001.505] I> 21) Base:0x3004f000 Size:0x00001000
[2022-03-13 09:57:08] [0001.509] I> 22) Base:0x00000000 Size:0x00000000
[2022-03-13 09:57:08] [0001.514] I> 23) Base:0xf0100000 Size:0x00010000
[2022-03-13 09:57:08] [0001.518] I> 24) Base:0x00000000 Size:0x00000000
[2022-03-13 09:57:08] [0001.523] I> 25) Base:0x00000000 Size:0x00000000
[2022-03-13 09:57:08] [0001.527] I> 26) Base:0x00000000 Size:0x00000000
[2022-03-13 09:57:08] [0001.532] I> 27) Base:0x00000000 Size:0x00000000
[2022-03-13 09:57:08] [0001.536] I> 28) Base:0x84400000 Size:0x00400000
[2022-03-13 09:57:08] [0001.540] I> 29) Base:0x30000000 Size:0x00010000
[2022-03-13 09:57:08] [0001.545] I> 30) Base:0x278000000 Size:0x08000000
[2022-03-13 09:57:08] [0001.549] I> 31) Base:0x00000000 Size:0x00000000
[2022-03-13 09:57:08] [0001.554] I> 32) Base:0x276000000 Size:0x00600000
[2022-03-13 09:57:08] [0001.558] I> 33) Base:0x80000000 Size:0x70000000
[2022-03-13 09:57:08] [0001.563] I> 34) Base:0xf0110000 Size:0x1856f0000
[2022-03-13 09:57:08] [0001.567] I> 35) Base:0x00000000 Size:0x00000000
[2022-03-13 09:57:08] [0001.572] I> 36) Base:0x00000000 Size:0x00000000
[2022-03-13 09:57:08] [0001.576] I> 37) Base:0x2772e0000 Size:0x00020000
[2022-03-13 09:57:08] [0001.581] I> 38) Base:0x84000000 Size:0x00400000
[2022-03-13 09:57:08] [0001.585] I> 39) Base:0x96000000 Size:0x02000000
[2022-03-13 09:57:08] [0001.590] I> 40) Base:0x85000000 Size:0x01200000
[2022-03-13 09:57:08] [0001.594] I> 41) Base:0x275800000 Size:0x00500000
[2022-03-13 09:57:08] [0001.599] I> 42) Base:0x00000000 Size:0x00000000
[2022-03-13 09:57:08] [0001.603] I> 43) Base:0x00000000 Size:0x00000000
[2022-03-13 09:57:08] [0001.607] GIC-SPI Target CPU: 4
[2022-03-13 09:57:08] [0001.611] Interrupts Init done
[2022-03-13 09:57:08] [0001.614] calling constructors
[2022-03-13 09:57:08] [0001.617] initializing heap
[2022-03-13 09:57:08] [0001.620] initializing threads
[2022-03-13 09:57:08] [0001.623] initializing timers
[2022-03-13 09:57:08] [0001.626] creating bootstrap completion thread
[2022-03-13 09:57:08] [0001.631] top of bootstrap2()
[2022-03-13 09:57:08] [0001.634] CPU: ARM Cortex A57
[2022-03-13 09:57:08] [0001.637] CPU: MIDR: 0x411FD073, MPIDR: 0x80000100
[2022-03-13 09:57:08] [0001.642] initializing platform
[2022-03-13 09:57:08] [0001.645] I> Bl_dtb @0x85205400
[2022-03-13 09:57:08] [0001.648] I> gpio framework initialized
[2022-03-13 09:57:08] [0001.655] I> tegrabl_gpio_driver_register: register 'nvidia,tegra186-gpio' driver
[2022-03-13 09:57:08] [0001.665] I> tegrabl_gpio_driver_register: register 'nvidia,tegra186-gpio-aon' driver
[2022-03-13 09:57:08] [0001.673] I> GPIO framework and drivers are initialized.
[2022-03-13 09:57:08] [0001.678] I> Boot-device: eMMC
[2022-03-13 09:57:08] [0001.685] I> sdmmc bdev is already initialized
[2022-03-13 09:57:08] [0001.716] I> Found 19 partitions in SDMMC_BOOT (instance 3)
[2022-03-13 09:57:08] [0001.733] I> Found 33 partitions in SDMMC_USER (instance 3)
[2022-03-13 09:57:08] [0001.739] W> opt-in fuse is not set, skip fuse_burning
[2022-03-13 09:57:08] [0001.744] I> Reserved memory at 0xfbe00000 for U-Boot relocation
[2022-03-13 09:57:08] [0001.749] W> No valid slot number is found in scratch register
[2022-03-13 09:57:08] [0001.755] W> Return default slot: _a
[2022-03-13 09:57:08] [0001.765] I> A/B: bin_type (21) slot 0
[2022-03-13 09:57:08] [0001.768] I> Loading kernel-dtb from partition
[2022-03-13 09:57:08] [0001.772] I> Loading partition kernel-dtb at 0x80000000 from device(0x1)
[2022-03-13 09:57:08] [0001.790] I> Kernel_dtb @0x80000000
[2022-03-13 09:57:08] [0001.793] I> tegrabl_tca9539_init: i2c bus: 0, slave addr: 0xee
[2022-03-13 09:57:08] [0001.804] I> tegrabl_gpio_driver_register: register 'tca9539_gpio_driver' driver
[2022-03-13 09:57:08] [0001.811] I> tegrabl_tca9539_init: i2c bus: 0, slave addr: 0xe8
[2022-03-13 09:57:08] [0001.820] I> tegrabl_gpio_driver_register: register 'tca9539_gpio_driver' driver
[2022-03-13 09:57:08] [0001.830] I> fixed regulator driver initialized
[2022-03-13 09:57:08] [0001.864] I> register 'maxim' power off handle
[2022-03-13 09:57:08] [0001.870] I> virtual i2c enabled
[2022-03-13 09:57:08] [0001.874] I> registered 'maxim,max77620' pmic
[2022-03-13 09:57:08] [0001.878] I> tegrabl_gpio_driver_register: register 'max77620-gpio' driver
[2022-03-13 09:57:08] [0001.892] E> failed to read label property for node 324936: 13
[2022-03-13 09:57:08] [0001.900] E> failed to read reg property for node 325032: 13
[2022-03-13 09:57:08] [0001.909] E> failed to read reg property for node 325084: 13
[2022-03-13 09:57:08] [0001.917] E> failed to read label property for node 325168: 13
[2022-03-13 09:57:08] [0001.925] E> failed to read label property for node 325236: 13
[2022-03-13 09:57:08] [0001.934] E> failed to read reg property for node 325304: 13
[2022-03-13 09:57:08] [0001.942] E> failed to read reg property for node 325376: 13
[2022-03-13 09:57:08] [0001.952] I> Find /i2c@c250000's alias i2c7
[2022-03-13 09:57:08] [0001.956] I> Reading eeprom i2c=7 address=0x50
[2022-03-13 09:57:08] [0001.985] I> Device at /i2c@c250000:0x50
[2022-03-13 09:57:08] [0001.989] I> Reading eeprom i2c=7 address=0x57
[2022-03-13 09:57:08] [0002.018] I> Device at /i2c@c250000:0x57
[2022-03-13 09:57:08] [0002.022] I> Find /i2c@c240000's alias i2c1
[2022-03-13 09:57:08] [0002.026] I> Reading eeprom i2c=1 address=0x51
[2022-03-13 09:57:08] [0002.031] E> I2C: slave not found in slaves.
[2022-03-13 09:57:08] [0002.035] E> I2C: Could not write 0 bytes to slave: 0x00a2 with repeat start true.
[2022-03-13 09:57:08] [0002.043] E> I2C_DEV: Failed to send register address 0x00000000.
[2022-03-13 09:57:08] [0002.049] E> I2C_DEV: Could not read 256 registers of size 1 from slave 0xa2 at 0x00000000 via instance 1.
[2022-03-13 09:57:08] [0002.059] E> eeprom: Retry to read I2C slave device.
[2022-03-13 09:57:08] [0002.063] E> I2C: slave not found in slaves.
[2022-03-13 09:57:08] [0002.068] E> I2C: Could not write 0 bytes to slave: 0x00a2 with repeat start true.
[2022-03-13 09:57:08] [0002.075] E> I2C_DEV: Failed to send register address 0x00000000.
[2022-03-13 09:57:08] [0002.081] E> I2C_DEV: Could not read 256 registers of size 1 from slave 0xa2 at 0x00000000 via instance 1.
[2022-03-13 09:57:08] [0002.091] E> eeprom: Failed to read I2C slave device
[2022-03-13 09:57:08] [0002.095] I> Eeprom read failed 0x3526070d
[2022-03-13 09:57:08] [0002.100] I> Find /i2c@3160000's alias i2c0
[2022-03-13 09:57:08] [0002.104] I> Reading eeprom i2c=0 address=0x50
[2022-03-13 09:57:08] [0002.108] E> I2C: slave not found in slaves.
[2022-03-13 09:57:08] [0002.112] E> I2C: Could not write 0 bytes to slave: 0x00a0 with repeat start true.
[2022-03-13 09:57:08] [0002.120] E> I2C_DEV: Failed to send register address 0x00000000.
[2022-03-13 09:57:08] [0002.126] E> I2C_DEV: Could not read 256 registers of size 1 from slave 0xa0 at 0x00000000 via instance 0.
[2022-03-13 09:57:08] [0002.136] E> eeprom: Failed to read I2C slave device
[2022-03-13 09:57:08] [0002.140] I> Eeprom read failed 0x3526070d
[2022-03-13 09:57:08] [0002.145] I> Find /i2c@3180000's alias i2c2
[2022-03-13 09:57:08] [0002.149] I> Reading eeprom i2c=2 address=0x54
[2022-03-13 09:57:08] [0002.153] I> Enabling gpio chip_id = 2, gpio pin = 9
[2022-03-13 09:57:08] [0002.184] I> Disabling gpio chip_id = 2, gpio pin = 9
[2022-03-13 09:57:08] [0002.189] I> Device at /i2c@3180000:0x54
[2022-03-13 09:57:08] [0002.193] I> Reading eeprom i2c=2 address=0x57
[2022-03-13 09:57:08] [0002.197] I> Enabling gpio chip_id = 2, gpio pin = 9
[2022-03-13 09:57:08] [0002.203] E> I2C: slave not found in slaves.
[2022-03-13 09:57:08] [0002.207] E> I2C: Could not write 0 bytes to slave: 0x00ae with repeat start true.
[2022-03-13 09:57:08] [0002.215] E> I2C_DEV: Failed to send register address 0x00000000.
[2022-03-13 09:57:08] [0002.220] E> I2C_DEV: Could not read 256 registers of size 1 from slave 0xae at 0x00000000 via instance 2.
[2022-03-13 09:57:08] [0002.230] E> eeprom: Failed to read I2C slave device
[2022-03-13 09:57:08] [0002.235] I> Disabling gpio chip_id = 2, gpio pin = 9
[2022-03-13 09:57:08] [0002.240] I> Eeprom read failed 0x00000000
[2022-03-13 09:57:08] [0002.244] I> create_pm_ids: id: 3310-1000-D00-L, len: 15
[2022-03-13 09:57:08] [0002.249] I> config: mem-type:00,power-config:00,misc-config:00,modem-config:00,touch-config:00,display-config:00,, len: 93
[2022-03-13 09:57:08] [0002.260] I> create_pm_ids: id: 2597-0000-900-E, len: 15
[2022-03-13 09:57:08] [0002.265] I> config: mem-type:00,power-config:00,misc-config:00,modem-config:00,touch-config:00,display-config:00,, len: 93
[2022-03-13 09:57:08] [0002.276] I> create_pm_ids: id: 3326-1000-000-M, len: 15
[2022-03-13 09:57:08] [0002.281] I> config: mem-type:ff,power-config:ff,misc-config:ff,modem-config:ff,touch-config:ff,display-config:ff,, len: 93
[2022-03-13 09:57:08] [0002.316] I> enabling 'vdd-hdmi' regulator
[2022-03-13 09:57:08] [0002.332] I> regulator 'vdd-hdmi' already enabled
[2022-03-13 09:57:08] [0002.336] E> tegrabl_display_init_regulator: hdmi cable is not connected
[2022-03-13 09:57:08] [0002.343] E> tegrabl_display_get_pdata, failed to parse dtb settings
[2022-03-13 09:57:08] [0002.352] E> cannot find any other nvdisp nodes
[2022-03-13 09:57:08] [0002.356] E> no valid display unit config found in dtb
[2022-03-13 09:57:08] [0002.362] W> display init failed
[2022-03-13 09:57:08] [0002.365] initializing target
[2022-03-13 09:57:08] [0002.368] calling apps_init()
[2022-03-13 09:57:08] [0002.371] starting app kernel_boot_app
[2022-03-13 09:57:08] [0002.393] I> found decompressor handler: lz4-legacy
[2022-03-13 09:57:08] [0002.398] I> decompressing BMP blob ...
[2022-03-13 09:57:08] [0002.410] I> Kernel type = Normal
[2022-03-13 09:57:08] [0002.413] I> ########## Fixed storage boot ##########
[2022-03-13 09:57:08] [0002.418] I> Loading kernel-bootctrl from partition
[2022-03-13 09:57:08] [0002.423] I> Loading partition kernel-bootctrl at 0xa8000000 from device(0x1)
[2022-03-13 09:57:08] [0002.437] W> tegrabl_get_kernel_bootctrl: magic number(0x00000000) is invalid
[2022-03-13 09:57:09] [0002.444] W> tegrabl_get_kernel_bootctrl: use default dummy boot control data
[2022-03-13 09:57:09] [0002.451] W> No valid slot number is found in scratch register
[2022-03-13 09:57:09] [0002.456] W> Return default slot: _a
[2022-03-13 09:57:09] [0002.460] I> A/B: bin_type (24) slot 0
[2022-03-13 09:57:09] [0002.476] I> Boot image size read from image header: 9913d
[2022-03-13 09:57:09] [0002.481] I> Boot image load address: 0x80400000
[2022-03-13 09:57:09] [0002.485] I> Loading kernel from partition
[2022-03-13 09:57:09] [0002.489] I> Loading partition kernel at 0x80400000 from device(0x1)
[2022-03-13 09:57:09] [0003.431] I> Validate kernel ...
[2022-03-13 09:57:09] [0003.434] I> T18x: Authenticate kernel (bin_type 24), max size 0x4000000
[2022-03-13 09:57:10] [0003.442] I> Decrypt the buffer ... [0003.446] W> tegrabl_decrypt_block: fuse (0x0) is not burnt to do encryption (0x4); skip decryption.
[2022-03-13 09:57:10] [0003.455] I> done
[2022-03-13 09:57:10] [0003.456] I> Checking boot.img header magic ... [0003.461] I> [OK]
[2022-03-13 09:57:10] [0003.462] I> kernel-dtb is already loaded
[2022-03-13 09:57:10] [0003.466] I> Validate kernel-dtb ...
[2022-03-13 09:57:10] [0003.469] I> T18x: Authenticate kernel-dtb (bin_type 21), max size 0x100000
[2022-03-13 09:57:10] [0003.477] I> Decrypt the buffer ... [0003.480] W> tegrabl_decrypt_block: fuse (0x0) is not burnt to do encryption (0x4); skip decryption.
[2022-03-13 09:57:10] [0003.489] I> done
[2022-03-13 09:57:10] [0003.491] I> Kernel hdr @0x80400000
[2022-03-13 09:57:10] [0003.494] I> Kernel dtb @0x80000000
[2022-03-13 09:57:10] [0003.498] I> decompressor handler not found
[2022-03-13 09:57:10] [0003.502] I> Copying kernel image (627005 bytes) from 0x80400800 to 0x80600000 ... [0003.509] I> Done
[2022-03-13 09:57:10] [0003.511] I> Move ramdisk (len: 0) from 0x8049a000 to 0x947d0000
[2022-03-13 09:57:10] [0003.518] I> Updated bpmp info to DTB
[2022-03-13 09:57:10] [0003.524] I> Ramdisk: Base: 0x947d0000; Size: 0x0
[2022-03-13 09:57:10] [0003.529] I> Updated initrd info to DTB
[2022-03-13 09:57:10] [0003.533] W> WARN: Fail to override "console=none" in commandline
[2022-03-13 09:57:10] [0003.539] I> Active rootfs suffix: 
[2022-03-13 09:57:10] [0003.542] E> tegrabl_linuxboot_add_disp_param, du 0 failed to get display params
[2022-03-13 09:57:10] [0003.549] E> tegrabl_linuxboot_add_disp_param, du 0 failed to get display params
[2022-03-13 09:57:10] [0003.556] E> tegrabl_linuxboot_add_disp_param, du 0 failed to get display params
[2022-03-13 09:57:10] [0003.564] I> disabled_core_mask: 0xffffff0c
[2022-03-13 09:57:10] [0003.568] W> No valid slot number is found in scratch register
[2022-03-13 09:57:10] [0003.573] W> Return default slot: _a
[2022-03-13 09:57:10] [0003.577] I> Active slot suffix: 
[2022-03-13 09:57:10] [0003.580] I> add_boot_slot_suffix: slot_suffix = 
[2022-03-13 09:57:10] [0003.584] I> Linux Cmdline: console=ttyS0,115200 androidboot.presilicon=true firmware_class.path=/etc/firmware root=/dev/mmcblk0p1 rw rootwait rootfstype=ext4 console=ttyS0,115200n8 console=tty0 fbcon=map:0 net.ifnames=0 isolcpus=1-2  video=tegrafb earlycon=uart8250,mmio32,0x3100000 nvdumper_reserved=0x2772e0000 gpt rootfs.slot_suffix= usbcore.old_scheme_first=1 tegraid=18.1.2.0.0 maxcpus=6 no_console_suspend boot.slot_suffix= boot.ratchetvalues=0.2031647.1 vpr_resize bl_prof_dataptr=0x10000@0x275840000 sdhci_tegra.en_boot_part_access=1 
[2022-03-13 09:57:10] [0003.632] I> Updated bootarg info to DTB
[2022-03-13 09:57:10] [0003.635] I> eeprom_get_mac_addr: MAC (type: 0): 48:b0:2d:0f:11:c5
[2022-03-13 09:57:10] [0003.642] I> eeprom_get_mac_addr: MAC (type: 1): 48:b0:2d:0f:11:c6
[2022-03-13 09:57:10] [0003.648] I> eeprom_get_mac_addr: MAC (type: 2): 48:b0:2d:0f:11:c7
[2022-03-13 09:57:10] [0003.654] E> Found no plugin manager ids in source DT
[2022-03-13 09:57:10] [0003.659] W> Add plugin manager ids from board info
[2022-03-13 09:57:10] [0003.664] W> "plugin-manager" doesn't exist, creating
[2022-03-13 09:57:10] [0003.669] W> "ids" doesn't exist, creating
[2022-03-13 09:57:10] [0003.673] W> "connection" doesn't exist, creating
[2022-03-13 09:57:10] [0003.677] W> "configs" doesn't exist, creating
[2022-03-13 09:57:10] [0003.682] I> create_pm_ids: id: 3310-1000-D00-L, len: 15
[2022-03-13 09:57:10] [0003.687] I> config: mem-type:00,power-config:00,misc-config:00,modem-config:00,touch-config:00,display-config:00,, len: 93
[2022-03-13 09:57:10] [0003.698] I> create_pm_ids: id: 2597-0000-900-E, len: 15
[2022-03-13 09:57:10] [0003.703] I> config: mem-type:00,power-config:00,misc-config:00,modem-config:00,touch-config:00,display-config:00,, len: 93
[2022-03-13 09:57:10] [0003.714] I> create_pm_ids: id: 3326-1000-000-M, len: 15
[2022-03-13 09:57:10] [0003.719] I> config: mem-type:ff,power-config:ff,misc-config:ff,modem-config:ff,touch-config:ff,display-config:ff,, len: 93
[2022-03-13 09:57:10] [0003.730] I> Adding plugin-manager/ids/3310-1000-D00=/i2c@c250000:module@0x50
[2022-03-13 09:57:10] [0003.737] W> "i2c@c250000" doesn't exist, creating
[2022-03-13 09:57:10] [0003.742] W> "module@0x50" doesn't exist, creating
[2022-03-13 09:57:10] [0003.747] I> Adding plugin-manager/ids/2597-0000-900=/i2c@c250000:module@0x57
[2022-03-13 09:57:10] [0003.754] W> "module@0x57" doesn't exist, creating
[2022-03-13 09:57:10] [0003.759] I> Adding plugin-manager/ids/3326-1000-000=/i2c@3180000:module@0x54
[2022-03-13 09:57:10] [0003.766] W> "i2c@3180000" doesn't exist, creating
[2022-03-13 09:57:10] [0003.771] W> "module@0x54" doesn't exist, creating
[2022-03-13 09:57:10] [0003.778] I> Adding plugin-manager/ids/3310-1000-D00-L
[2022-03-13 09:57:10] [0003.785] I> Adding plugin-manager/configs/3310-mem-type 00
[2022-03-13 09:57:10] [0003.790] I> Adding plugin-manager/configs/3310-power-config 00
[2022-03-13 09:57:10] [0003.796] I> Adding plugin-manager/configs/3310-misc-config 00
[2022-03-13 09:57:10] [0003.802] I> Adding plugin-manager/configs/3310-modem-config 00
[2022-03-13 09:57:10] [0003.808] I> Adding plugin-manager/configs/3310-touch-config 00
[2022-03-13 09:57:10] [0003.814] I> Adding plugin-manager/configs/3310-display-config 00
[2022-03-13 09:57:10] [0003.820] I> Adding plugin-manager/cvm
[2022-03-13 09:57:10] [0003.824] W> "chip-id" doesn't exist, creating
[2022-03-13 09:57:10] [0003.829] I> Adding plugin-manager/chip-id/A02P
[2022-03-13 09:57:10] [0003.833] W> "odm-data" doesn't exist, creating
[2022-03-13 09:57:10] [0003.838] I> Adding /chosen/plugin-manager/odm-data
[2022-03-13 09:57:10] [0003.848] I> added [base:0x80000000, size:0x70000000] to /memory
[2022-03-13 09:57:10] [0003.853] I> added [base:0xf0200000, size:0x185600000] to /memory
[2022-03-13 09:57:10] [0003.859] I> added [base:0x275e00000, size:0x200000] to /memory
[2022-03-13 09:57:10] [0003.865] I> added [base:0x276600000, size:0x200000] to /memory
[2022-03-13 09:57:10] [0003.871] I> added [base:0x277000000, size:0x200000] to /memory
[2022-03-13 09:57:10] [0003.876] I> Updated memory info to DTB
[2022-03-13 09:57:10] [0003.881] E> add_disp_param: failed to get display params for du=0
[2022-03-13 09:57:10] [0003.889] W> "reset" doesn't exist, creating
[2022-03-13 09:57:10] [0003.893] W> "pmc-reset-reason" doesn't exist, creating
[2022-03-13 09:57:10] [0003.899] W> "pmic-reset-reason" doesn't exist, creating
[2022-03-13 09:57:10] [0003.905] I> Adding ecid(00000001646db7851000000013038200) to DT
[2022-03-13 09:57:10] [0003.911] I> disabled_core_mask: 0xffffff0c
[2022-03-13 09:57:10] [0003.924] I> Add serial number:1422420022173 as DT property
[2022-03-13 09:57:10] [0003.933] I> Plugin-manager override starting
[2022-03-13 09:57:10] [0003.938] I> node /plugin-manager/fragement@0 matches
[2022-03-13 09:57:10] [0003.948] I> node /plugin-manager/fragement@4 matches
[2022-03-13 09:57:10] [0003.961] I> node /plugin-manager/fragment-sdwake-p3310-1000-300 matches
[2022-03-13 09:57:10] [0003.981] I> node /plugin-manager/fragement-pmon-p3310-1000-300 matches
[2022-03-13 09:57:10] [0003.991] I> node /plugin-manager/fragement-pmon-p3310-1000-800 matches
[2022-03-13 09:57:10] [0004.000] I> node /plugin-manager/fragment-devslp@0 matches
[2022-03-13 09:57:10] [0004.012] I> node /plugin-manager/fragment-500-pcie-config matches
[2022-03-13 09:57:10] [0004.027] I> node /plugin-manager/fragment-500-xusb-config matches
[2022-03-13 09:57:10] [0004.050] I> node /plugin-manager/fragment-p3310-c00-comm matches
[2022-03-13 09:57:10] [0004.064] I> node /plugin-manager/fragment-p3310-c00-pmic matches
[2022-03-13 09:57:10] [0004.074] I> node /plugin-manager/fragment-p3310-c01 matches
[2022-03-13 09:57:10] [0004.087] I> node /plugin-manager/fragment-p3310-c03 matches
[2022-03-13 09:57:10] [0004.130] I> node /plugin-manager/fragment-e3326@0 matches
[2022-03-13 09:57:10] [0004.212] I> node /plugin-manager/fragment-p3310-c00-camera matches
[2022-03-13 09:57:10] [0004.239] I> Disable plugin-manager status in FDT
[2022-03-13 09:57:10] [0004.244] I> Plugin-manager override finished successfully
[2022-03-13 09:57:10] [0004.249] I> tegrabl_load_kernel_and_dtb: Done
[2022-03-13 09:57:10] [0004.253] E> tegrabl_display_clear: display is not initialized
[2022-03-13 09:57:10] [0004.259] W> Boot logo display failed...
[2022-03-13 09:57:10] [0004.263] I> Kernel EP: 0x80600000, DTB: 0x80000000
[2022-03-13 09:57:10] 
[2022-03-13 09:57:10] 
[2022-03-13 09:57:10] U-Boot 2020.04-g46e4604c78 (Jul 26 2021 - 12:10:58 -0700)
[2022-03-13 09:57:10] 
[2022-03-13 09:57:10] SoC: tegra186
[2022-03-13 09:57:10] Model: NVIDIA P2771-0000-500
[2022-03-13 09:57:10] Board: NVIDIA P2771-0000
[2022-03-13 09:57:10] DRAM:  7.8 GiB
[2022-03-13 09:57:11] MMC:   sdhci@3400000: 1, sdhci@3460000: 0
[2022-03-13 09:57:11] Loading Environment from MMC... *** Warning - bad CRC, using default environment
[2022-03-13 09:57:11] 
[2022-03-13 09:57:11] In:    serial
[2022-03-13 09:57:11] Out:   serial
[2022-03-13 09:57:11] Err:   serial
[2022-03-13 09:57:11] Net:   
[2022-03-13 09:57:11] Warning: ethernet@2490000 using MAC address from ROM
[2022-03-13 09:57:11] eth0: ethernet@2490000
[2022-03-13 09:57:11] Hit any key to stop autoboot:  2  1  0 
[2022-03-13 09:57:13] MMC: no card present
[2022-03-13 09:57:13] switch to partitions #0, OK
[2022-03-13 09:57:13] mmc0(part 0) is current device
[2022-03-13 09:57:13] Scanning mmc 0:1...
[2022-03-13 09:57:13] Found /boot/extlinux/extlinux.conf
[2022-03-13 09:57:13] Retrieving file: /boot/extlinux/extlinux.conf
[2022-03-13 09:57:13] 858 bytes read in 22 ms (38.1 KiB/s)
[2022-03-13 09:57:13] 1:	primary kernel
[2022-03-13 09:57:13] Retrieving file: /boot/initrd
[2022-03-13 09:57:13] 7238344 bytes read in 202 ms (34.2 MiB/s)
[2022-03-13 09:57:13] Retrieving file: /boot/Image
[2022-03-13 09:57:14] 34484232 bytes read in 829 ms (39.7 MiB/s)
[2022-03-13 09:57:14] append: console=ttyS0,115200 androidboot.presilicon=true firmware_class.path=/etc/firmware root=/dev/mmcblk0p1 rw rootwait rootfstype=ext4 console=ttyS0,115200n8 console=tty0 fbcon=map:0 net.ifnames=0 isolcpus=1-2  video=tegrafb earlycon=uart8250,mmio32,0x3100000 nvdumper_reserved=0x2772e0000 gpt rootfs.slot_suffix= usbcore.old_scheme_first=1 tegraid=18.1.2.0.0 maxcpus=6 no_console_suspend boot.slot_suffix= boot.ratchetvalues=0.2031647.1 vpr_resize bl_prof_dataptr=0x10000@0x275840000 sdhci_tegra.en_boot_part_access=1 quiet root=/dev/mmcblk0p1 rw rootwait rootfstype=ext4 console=ttyS0,115200n8 console=tty0 fbcon=map:0 net.ifnames=0 isolcpus=1-2 
[2022-03-13 09:57:14] ## Flattened Device Tree blob at 80000000
[2022-03-13 09:57:14]    Booting using the fdt blob at 0x80000000
[2022-03-13 09:57:14] ERROR: reserving fdt memory region failed (addr=0 size=0)
[2022-03-13 09:57:14] ERROR: reserving fdt memory region failed (addr=0 size=0)
[2022-03-13 09:57:14] ERROR: reserving fdt memory region failed (addr=0 size=0)
[2022-03-13 09:57:14]    Using Device Tree in place at 0000000080000000, end 0000000080060aa3
[2022-03-13 09:57:14] copying carveout for /host1x@13e00000/display-hub@15200000/display@15200000...
[2022-03-13 09:57:14] copying carveout for /host1x@13e00000/display-hub@15200000/display@15210000...
[2022-03-13 09:57:14] copying carveout for /host1x@13e00000/display-hub@15200000/display@15220000...
[2022-03-13 09:57:14] 
[2022-03-13 09:57:14] Starting kernel ...
[2022-03-13 09:57:14] 
[2022-03-13 09:57:14] [    0.000000] Booting Linux on physical CPU 0x100
[2022-03-13 09:57:14] [    0.000000] Linux version 4.9.253-tegra (buildbrain@mobile-u64-5497-d3000) (gcc version 7.3.1 20180425 [linaro-7.3-2018.05 revision d29120a424ecfbc167ef90065c0eeb7f91977701] (Linaro GCC 7.3-2018.05) ) #1 SMP PREEMPT Mon Jul 26 12:19:28 PDT 2021
[2022-03-13 09:57:14] [    0.000000] Boot CPU: AArch64 Processor [411fd073]
[2022-03-13 09:57:14] [    0.000000] OF: fdt:memory scan node memory@80000000, reg size 80,
[2022-03-13 09:57:14] [    0.000000] OF: fdt: - 80000000 ,  70000000
[2022-03-13 09:57:14] [    0.000000] OF: fdt: - f0200000 ,  185600000
[2022-03-13 09:57:14] [    0.000000] OF: fdt: - 275e00000 ,  200000
[2022-03-13 09:57:14] [    0.000000] OF: fdt: - 276600000 ,  200000
[2022-03-13 09:57:14] [    0.000000] OF: fdt: - 277000000 ,  200000
[2022-03-13 09:57:14] [    0.000000] earlycon: uart8250 at MMIO32 0x0000000003100000 (options '')
[2022-03-13 09:57:14] [    0.000000] bootconsole [uart8250] enabled
[2022-03-13 09:57:17] [    1.956136] cgroup: cgroup2: unknown option "nsdelegate"
[2022-03-13 09:57:18] [    2.907608] using random self ethernet address
[2022-03-13 09:57:18] [    2.971627] using random host ethernet address
[2022-03-13 09:57:18] [    3.236056] random: crng init done
[2022-03-13 09:57:18] [    3.239462] random: 7 urandom warning(s) missed due to ratelimiting
[2022-03-13 09:57:18] [    3.516712] using random self ethernet address
[2022-03-13 09:57:18] [    3.521332] using random host ethernet address
[2022-03-13 09:57:19] [    3.848339] CPU1: shutdown
[2022-03-13 09:57:19] [    3.933477] CPU2: shutdown
[2022-03-13 09:57:20] [    5.070192] Bridge firewalling registered
[2022-03-13 09:57:23] 
[2022-03-13 09:57:23] Ubuntu 18.04.5 LTS JTX2-A ttyS0
[2022-03-13 09:57:23] 
[2022-03-13 09:57:23] JTX2-A login: [0000.336] I> Welcome to MB2(TBoot-BPMP)(version: 01.00.160913-t186-M-00.00-mobile-c368a720)
[2022-03-13 10:03:38] [0000.344] I> Boot-device: eMMC
[2022-03-13 10:03:38] [0000.351] I> sdmmc bdev is already initialized
[2022-03-13 10:03:38] [0000.356] I> pmic: reset reason (nverc)	: 0x80
[2022-03-13 10:03:38] [0000.389] I> Found 19 partitions in SDMMC_BOOT (instance 3)
[2022-03-13 10:03:38] [0000.409] I> Found 33 partitions in SDMMC_USER (instance 3)
[2022-03-13 10:03:38] [0000.415] W> No valid slot number is found in scratch register
[2022-03-13 10:03:38] [0000.421] W> Return default slot: _a
[2022-03-13 10:03:38] [0000.424] I> A/B: bin_type (16) slot 0
[2022-03-13 10:03:38] [0000.428] I> Loading partition bpmp-fw at 0xd7800000
[2022-03-13 10:03:38] [0000.433] I> Reading two headers - addr:0xd7800000 blocks:1
[2022-03-13 10:03:38] [0000.438] I> Addr: 0xd7800000, start-block: 58777608, num_blocks: 1
[2022-03-13 10:03:38] [0000.463] I> Binary(16) of size 534416 is loaded @ 0xd7800000
[2022-03-13 10:03:38] [0000.469] W> No valid slot number is found in scratch register
[2022-03-13 10:03:38] [0000.474] W> Return default slot: _a
[2022-03-13 10:03:38] [0000.478] I> A/B: bin_type (17) slot 0
[2022-03-13 10:03:38] [0000.481] I> Loading partition bpmp-fw-dtb at 0xd79f0000
[2022-03-13 10:03:38] [0000.487] I> Reading two headers - addr:0xd79f0000 blocks:1
[2022-03-13 10:03:38] [0000.492] I> Addr: 0xd79f0000, start-block: 58780024, num_blocks: 1
[2022-03-13 10:03:38] [0000.518] I> Binary(17) of size 604720 is loaded @ 0xd796c400
[2022-03-13 10:03:38] [0000.748] I> Loading SCE-FW ...
[2022-03-13 10:03:38] [0000.751] W> No valid slot number is found in scratch register
[2022-03-13 10:03:38] [0000.756] W> Return default slot: _a
[2022-03-13 10:03:38] [0000.760] I> A/B: bin_type (12) slot 0
[2022-03-13 10:03:38] [0000.763] I> Loading partition sce-fw at 0xd7300000
[2022-03-13 10:03:38] [0000.768] I> Reading two headers - addr:0xd7300000 blocks:1
[2022-03-13 10:03:38] [0000.773] I> Addr: 0xd7300000, start-block: 58784120, num_blocks: 1
[2022-03-13 10:03:38] [0000.793] I> Binary(12) of size 125632 is loaded @ 0xd7300000
[2022-03-13 10:03:38] [0000.798] I> Init SCE
[2022-03-13 10:03:38] [0000.801] I> Loading APE-FW ...
[2022-03-13 10:03:38] [0000.804] W> No valid slot number is found in scratch register
[2022-03-13 10:03:38] [0000.809] W> Return default slot: _a
[2022-03-13 10:03:38] [0000.813] I> A/B: bin_type (11) slot 0
[2022-03-13 10:03:38] [0000.816] I> Loading partition adsp-fw at 0xd7400000
[2022-03-13 10:03:38] [0000.821] I> Reading two headers - addr:0xd7400000 blocks:1
[2022-03-13 10:03:38] [0000.827] I> Addr: 0xd7400000, start-block: 58761224, num_blocks: 1
[2022-03-13 10:03:38] [0000.846] I> Binary(11) of size 77216 is loaded @ 0xd7400000
[2022-03-13 10:03:38] [0000.851] I> Copy BTCM section
[2022-03-13 10:03:38] [0000.854] W> No valid slot number is found in scratch register
[2022-03-13 10:03:38] [0000.860] W> Return default slot: _a
[2022-03-13 10:03:38] [0000.864] I> A/B: bin_type (13) slot 0
[2022-03-13 10:03:38] [0000.867] I> Loading partition cpu-bootloader at 0x96000000
[2022-03-13 10:03:38] [0000.873] I> Reading two headers - addr:0x96000000 blocks:1
[2022-03-13 10:03:38] [0000.878] I> Addr: 0x96000000, start-block: 58740744, num_blocks: 1
[2022-03-13 10:03:38] [0000.899] I> Binary(13) of size 308800 is loaded @ 0x96000000
[2022-03-13 10:03:38] [0000.905] W> No valid slot number is found in scratch register
[2022-03-13 10:03:38] [0000.910] W> Return default slot: _a
[2022-03-13 10:03:38] [0000.914] I> A/B: bin_type (20) slot 0
[2022-03-13 10:03:38] [0000.917] I> Loading partition bootloader-dtb at 0x85205400
[2022-03-13 10:03:38] [0000.923] I> Reading two headers - addr:0x85205400 blocks:1
[2022-03-13 10:03:38] [0000.928] I> Addr: 0x85205400, start-block: 58742792, num_blocks: 1
[2022-03-13 10:03:39] [0000.950] I> Binary(20) of size 375568 is loaded @ 0x85205400
[2022-03-13 10:03:39] [0000.956] W> No valid slot number is found in scratch register
[2022-03-13 10:03:39] [0000.962] W> Return default slot: _a
[2022-03-13 10:03:39] [0000.965] I> A/B: bin_type (14) slot 0
[2022-03-13 10:03:39] [0000.969] I> Loading partition secure-os at 0x85305600
[2022-03-13 10:03:39] [0000.974] I> Reading two headers - addr:0x85305600 blocks:1
[2022-03-13 10:03:39] [0000.979] I> Addr: 0x85305600, start-block: 58744840, num_blocks: 1
[2022-03-13 10:03:39] [0001.001] I> Binary(14) of size 402864 is loaded @ 0x85305600
[2022-03-13 10:03:39] [0001.009] I> TOS boot-params @ 0x85000000
[2022-03-13 10:03:39] [0001.013] I> TOS params prepared
[2022-03-13 10:03:39] [0001.016] I> Loading EKS ...
[2022-03-13 10:03:39] [0001.019] I> A/B: bin_type (15) slot 0
[2022-03-13 10:03:39] [0001.022] I> Loading partition eks at 0x85905800
[2022-03-13 10:03:39] [0001.027] I> Reading two headers - addr:0x85905800 blocks:1
[2022-03-13 10:03:39] [0001.032] I> Addr: 0x85905800, start-block: 58757128, num_blocks: 1
[2022-03-13 10:03:39] [0001.051] I> Binary(15) of size 1040 is loaded @ 0x85905800
[2022-03-13 10:03:39] [0001.057] I> EKB detected (length: 0x400) @ 0x85905800
[2022-03-13 10:03:39] [0001.062] I> Copied encrypted keys
[2022-03-13 10:03:39] [0001.065] I> boot profiler @ 0x275844000
[2022-03-13 10:03:39] [0001.069] I> boot profiler for TOS @ 0x275844000
[2022-03-13 10:03:39] [0001.074] I> Unhalting SCE
[2022-03-13 10:03:39] [0001.077] I> Primary Memory Start:80000000 Size:70000000
[2022-03-13 10:03:39] [0001.082] I> Extended Memory Start:f0110000 Size:1856f0000
[2022-03-13 10:03:39] [0001.089] I> MB2(TBoot-BPMP) done
[2022-03-13 10:03:39] 
[2022-03-13 10:03:39] NOTICE:  BL31: v1.3(release):b5eeb33f7
[2022-03-13 10:03:39] NOTICE:  BL31: Built : 12:15:17, Jul 26 2021
[2022-03-13 10:03:39] ipc-unittest-main: 1519: Welcome to IPC unittest!!!
[2022-03-13 10:03:39] ipc-unittest-main: 1531: waiting forever
[2022-03-13 10:03:39] ipc-unittest-srv: 329: Init unittest services!!!
[2022-03-13 10:03:39] hwkey-agent: 41: hwkey-agent is running!!
[2022-03-13 10:03:39] hwkey-agent: 315: key_mgnt_processing .......
[2022-03-13 10:03:39] hwkey-agent: 223: Setting EKB key 0 to slot 14
[2022-03-13 10:03:39] hwkey-agent: 178: Init hweky-agent services!!
[2022-03-13 10:03:39] luks-srv: 40: luks-srv is running!!
[2022-03-13 10:03:39] luks-srv: 157: Init luks-srv IPC services!!
[2022-03-13 10:03:39] platform_bootstrap_epilog: trusty bootstrap complete
[2022-03-13 10:03:39] [0001.461] I> Welcome to Cboot
[2022-03-13 10:03:39] [0001.464] I> Cboot Version: t186-00029e71
[2022-03-13 10:03:39] [0001.468] I> CPU-BL Params @ 0x275800000
[2022-03-13 10:03:39] [0001.472] I>  0) Base:0x00000000 Size:0x00000000
[2022-03-13 10:03:39] [0001.476] I>  1) Base:0x277f00000 Size:0x00100000
[2022-03-13 10:03:39] [0001.481] I>  2) Base:0x277e00000 Size:0x00100000
[2022-03-13 10:03:39] [0001.485] I>  3) Base:0x277d00000 Size:0x00100000
[2022-03-13 10:03:39] [0001.490] I>  4) Base:0x277c00000 Size:0x00100000
[2022-03-13 10:03:39] [0001.494] I>  5) Base:0x277b00000 Size:0x00100000
[2022-03-13 10:03:39] [0001.499] I>  6) Base:0x277800000 Size:0x00200000
[2022-03-13 10:03:39] [0001.503] I>  7) Base:0x277400000 Size:0x00400000
[2022-03-13 10:03:39] [0001.508] I>  8) Base:0x277a00000 Size:0x00100000
[2022-03-13 10:03:39] [0001.512] I>  9) Base:0x277300000 Size:0x00100000
[2022-03-13 10:03:39] [0001.517] I> 10) Base:0x276800000 Size:0x00800000
[2022-03-13 10:03:39] [0001.521] I> 11) Base:0x30000000 Size:0x00040000
[2022-03-13 10:03:39] [0001.526] I> 12) Base:0xf0000000 Size:0x00100000
[2022-03-13 10:03:39] [0001.530] I> 13) Base:0x30040000 Size:0x00001000
[2022-03-13 10:03:39] [0001.534] I> 14) Base:0x30048000 Size:0x00001000
[2022-03-13 10:03:39] [0001.539] I> 15) Base:0x30049000 Size:0x00001000
[2022-03-13 10:03:39] [0001.543] I> 16) Base:0x3004a000 Size:0x00001000
[2022-03-13 10:03:39] [0001.548] I> 17) Base:0x3004b000 Size:0x00001000
[2022-03-13 10:03:39] [0001.552] I> 18) Base:0x3004c000 Size:0x00001000
[2022-03-13 10:03:39] [0001.557] I> 19) Base:0x3004d000 Size:0x00001000
[2022-03-13 10:03:39] [0001.561] I> 20) Base:0x3004e000 Size:0x00001000
[2022-03-13 10:03:39] [0001.565] I> 21) Base:0x3004f000 Size:0x00001000
[2022-03-13 10:03:39] [0001.570] I> 22) Base:0x00000000 Size:0x00000000
[2022-03-13 10:03:39] [0001.574] I> 23) Base:0xf0100000 Size:0x00010000
[2022-03-13 10:03:39] [0001.579] I> 24) Base:0x00000000 Size:0x00000000
[2022-03-13 10:03:39] [0001.583] I> 25) Base:0x00000000 Size:0x00000000
[2022-03-13 10:03:39] [0001.588] I> 26) Base:0x00000000 Size:0x00000000
[2022-03-13 10:03:39] [0001.592] I> 27) Base:0x00000000 Size:0x00000000
[2022-03-13 10:03:39] [0001.597] I> 28) Base:0x84400000 Size:0x00400000
[2022-03-13 10:03:39] [0001.601] I> 29) Base:0x30000000 Size:0x00010000
[2022-03-13 10:03:39] [0001.605] I> 30) Base:0x278000000 Size:0x08000000
[2022-03-13 10:03:39] [0001.610] I> 31) Base:0x00000000 Size:0x00000000
[2022-03-13 10:03:39] [0001.614] I> 32) Base:0x276000000 Size:0x00600000
[2022-03-13 10:03:39] [0001.619] I> 33) Base:0x80000000 Size:0x70000000
[2022-03-13 10:03:39] [0001.623] I> 34) Base:0xf0110000 Size:0x1856f0000
[2022-03-13 10:03:39] [0001.628] I> 35) Base:0x00000000 Size:0x00000000
[2022-03-13 10:03:39] [0001.632] I> 36) Base:0x00000000 Size:0x00000000
[2022-03-13 10:03:39] [0001.637] I> 37) Base:0x2772e0000 Size:0x00020000
[2022-03-13 10:03:39] [0001.641] I> 38) Base:0x84000000 Size:0x00400000
[2022-03-13 10:03:39] [0001.646] I> 39) Base:0x96000000 Size:0x02000000
[2022-03-13 10:03:39] [0001.650] I> 40) Base:0x85000000 Size:0x01200000
[2022-03-13 10:03:39] [0001.654] I> 41) Base:0x275800000 Size:0x00500000
[2022-03-13 10:03:39] [0001.659] I> 42) Base:0x00000000 Size:0x00000000
[2022-03-13 10:03:39] [0001.663] I> 43) Base:0x00000000 Size:0x00000000
[2022-03-13 10:03:39] [0001.668] GIC-SPI Target CPU: 4
[2022-03-13 10:03:39] [0001.671] Interrupts Init done
[2022-03-13 10:03:39] [0001.674] calling constructors
[2022-03-13 10:03:39] [0001.678] initializing heap
[2022-03-13 10:03:39] [0001.680] initializing threads
[2022-03-13 10:03:39] [0001.683] initializing timers
[2022-03-13 10:03:39] [0001.686] creating bootstrap completion thread
[2022-03-13 10:03:39] [0001.691] top of bootstrap2()
[2022-03-13 10:03:39] [0001.694] CPU: ARM Cortex A57
[2022-03-13 10:03:39] [0001.697] CPU: MIDR: 0x411FD073, MPIDR: 0x80000100
[2022-03-13 10:03:39] [0001.703] initializing platform
[2022-03-13 10:03:39] [0001.706] I> Bl_dtb @0x85205400
[2022-03-13 10:03:39] [0001.709] I> gpio framework initialized
[2022-03-13 10:03:39] [0001.715] I> tegrabl_gpio_driver_register: register 'nvidia,tegra186-gpio' driver
[2022-03-13 10:03:39] [0001.725] I> tegrabl_gpio_driver_register: register 'nvidia,tegra186-gpio-aon' driver
[2022-03-13 10:03:39] [0001.733] I> GPIO framework and drivers are initialized.
[2022-03-13 10:03:39] [0001.738] I> Boot-device: eMMC
[2022-03-13 10:03:39] [0001.745] I> sdmmc bdev is already initialized
[2022-03-13 10:03:39] [0001.776] I> Found 19 partitions in SDMMC_BOOT (instance 3)
[2022-03-13 10:03:39] [0001.794] I> Found 33 partitions in SDMMC_USER (instance 3)
[2022-03-13 10:03:39] [0001.799] W> opt-in fuse is not set, skip fuse_burning
[2022-03-13 10:03:39] [0001.804] I> Reserved memory at 0xfbe00000 for U-Boot relocation
[2022-03-13 10:03:39] [0001.810] W> No valid slot number is found in scratch register
[2022-03-13 10:03:39] [0001.816] W> Return default slot: _a
[2022-03-13 10:03:39] [0001.825] I> A/B: bin_type (21) slot 0
[2022-03-13 10:03:39] [0001.829] I> Loading kernel-dtb from partition
[2022-03-13 10:03:39] [0001.833] I> Loading partition kernel-dtb at 0x80000000 from device(0x1)
[2022-03-13 10:03:39] [0001.850] I> Kernel_dtb @0x80000000
[2022-03-13 10:03:39] [0001.853] I> tegrabl_tca9539_init: i2c bus: 0, slave addr: 0xee
[2022-03-13 10:03:39] [0001.864] I> tegrabl_gpio_driver_register: register 'tca9539_gpio_driver' driver
[2022-03-13 10:03:39] [0001.871] I> tegrabl_tca9539_init: i2c bus: 0, slave addr: 0xe8
[2022-03-13 10:03:39] [0001.880] I> tegrabl_gpio_driver_register: register 'tca9539_gpio_driver' driver
[2022-03-13 10:03:39] [0001.890] I> fixed regulator driver initialized
[2022-03-13 10:03:39] [0001.924] I> register 'maxim' power off handle
[2022-03-13 10:03:39] [0001.930] I> virtual i2c enabled
[2022-03-13 10:03:39] [0001.933] I> registered 'maxim,max77620' pmic
[2022-03-13 10:03:39] [0001.937] I> tegrabl_gpio_driver_register: register 'max77620-gpio' driver
[2022-03-13 10:03:40] [0001.951] E> failed to read label property for node 324936: 13
[2022-03-13 10:03:40] [0001.960] E> failed to read reg property for node 325032: 13
[2022-03-13 10:03:40] [0001.968] E> failed to read reg property for node 325084: 13
[2022-03-13 10:03:40] [0001.976] E> failed to read label property for node 325168: 13
[2022-03-13 10:03:40] [0001.984] E> failed to read label property for node 325236: 13
[2022-03-13 10:03:40] [0001.993] E> failed to read reg property for node 325304: 13
[2022-03-13 10:03:40] [0002.001] E> failed to read reg property for node 325376: 13
[2022-03-13 10:03:40] [0002.011] I> Find /i2c@c250000's alias i2c7
[2022-03-13 10:03:40] [0002.015] I> Reading eeprom i2c=7 address=0x50
[2022-03-13 10:03:40] [0002.045] I> Device at /i2c@c250000:0x50
[2022-03-13 10:03:40] [0002.049] I> Reading eeprom i2c=7 address=0x57
[2022-03-13 10:03:40] [0002.077] I> Device at /i2c@c250000:0x57
[2022-03-13 10:03:40] [0002.082] I> Find /i2c@c240000's alias i2c1
[2022-03-13 10:03:40] [0002.086] I> Reading eeprom i2c=1 address=0x51
[2022-03-13 10:03:40] [0002.091] E> I2C: slave not found in slaves.
[2022-03-13 10:03:40] [0002.095] E> I2C: Could not write 0 bytes to slave: 0x00a2 with repeat start true.
[2022-03-13 10:03:40] [0002.103] E> I2C_DEV: Failed to send register address 0x00000000.
[2022-03-13 10:03:40] [0002.108] E> I2C_DEV: Could not read 256 registers of size 1 from slave 0xa2 at 0x00000000 via instance 1.
[2022-03-13 10:03:40] [0002.118] E> eeprom: Retry to read I2C slave device.
[2022-03-13 10:03:40] [0002.123] E> I2C: slave not found in slaves.
[2022-03-13 10:03:40] [0002.127] E> I2C: Could not write 0 bytes to slave: 0x00a2 with repeat start true.
[2022-03-13 10:03:40] [0002.135] E> I2C_DEV: Failed to send register address 0x00000000.
[2022-03-13 10:03:40] [0002.141] E> I2C_DEV: Could not read 256 registers of size 1 from slave 0xa2 at 0x00000000 via instance 1.
[2022-03-13 10:03:40] [0002.150] E> eeprom: Failed to read I2C slave device
[2022-03-13 10:03:40] [0002.155] I> Eeprom read failed 0x3526070d
[2022-03-13 10:03:40] [0002.159] I> Find /i2c@3160000's alias i2c0
[2022-03-13 10:03:40] [0002.163] I> Reading eeprom i2c=0 address=0x50
[2022-03-13 10:03:40] [0002.168] E> I2C: slave not found in slaves.
[2022-03-13 10:03:40] [0002.172] E> I2C: Could not write 0 bytes to slave: 0x00a0 with repeat start true.
[2022-03-13 10:03:40] [0002.179] E> I2C_DEV: Failed to send register address 0x00000000.
[2022-03-13 10:03:40] [0002.185] E> I2C_DEV: Could not read 256 registers of size 1 from slave 0xa0 at 0x00000000 via instance 0.
[2022-03-13 10:03:40] [0002.195] E> eeprom: Failed to read I2C slave device
[2022-03-13 10:03:40] [0002.200] I> Eeprom read failed 0x3526070d
[2022-03-13 10:03:40] [0002.204] I> Find /i2c@3180000's alias i2c2
[2022-03-13 10:03:40] [0002.208] I> Reading eeprom i2c=2 address=0x54
[2022-03-13 10:03:40] [0002.213] I> Enabling gpio chip_id = 2, gpio pin = 9
[2022-03-13 10:03:40] [0002.243] I> Disabling gpio chip_id = 2, gpio pin = 9
[2022-03-13 10:03:40] [0002.248] I> Device at /i2c@3180000:0x54
[2022-03-13 10:03:40] [0002.252] I> Reading eeprom i2c=2 address=0x57
[2022-03-13 10:03:40] [0002.256] I> Enabling gpio chip_id = 2, gpio pin = 9
[2022-03-13 10:03:40] [0002.262] E> I2C: slave not found in slaves.
[2022-03-13 10:03:40] [0002.266] E> I2C: Could not write 0 bytes to slave: 0x00ae with repeat start true.
[2022-03-13 10:03:40] [0002.274] E> I2C_DEV: Failed to send register address 0x00000000.
[2022-03-13 10:03:40] [0002.280] E> I2C_DEV: Could not read 256 registers of size 1 from slave 0xae at 0x00000000 via instance 2.
[2022-03-13 10:03:40] [0002.289] E> eeprom: Failed to read I2C slave device
[2022-03-13 10:03:40] [0002.294] I> Disabling gpio chip_id = 2, gpio pin = 9
[2022-03-13 10:03:40] [0002.299] I> Eeprom read failed 0x00000000
[2022-03-13 10:03:40] [0002.303] I> create_pm_ids: id: 3310-1000-D00-L, len: 15
[2022-03-13 10:03:40] [0002.308] I> config: mem-type:00,power-config:00,misc-config:00,modem-config:00,touch-config:00,display-config:00,, len: 93
[2022-03-13 10:03:40] [0002.319] I> create_pm_ids: id: 2597-0000-900-E, len: 15
[2022-03-13 10:03:40] [0002.324] I> config: mem-type:00,power-config:00,misc-config:00,modem-config:00,touch-config:00,display-config:00,, len: 93
[2022-03-13 10:03:40] [0002.335] I> create_pm_ids: id: 3326-1000-000-M, len: 15
[2022-03-13 10:03:40] [0002.340] I> config: mem-type:ff,power-config:ff,misc-config:ff,modem-config:ff,touch-config:ff,display-config:ff,, len: 93
[2022-03-13 10:03:40] [0002.376] I> enabling 'vdd-hdmi' regulator
[2022-03-13 10:03:40] [0002.391] I> regulator 'vdd-hdmi' already enabled
[2022-03-13 10:03:40] [0002.396] E> tegrabl_display_init_regulator: hdmi cable is not connected
[2022-03-13 10:03:40] [0002.402] E> tegrabl_display_get_pdata, failed to parse dtb settings
[2022-03-13 10:03:40] [0002.411] E> cannot find any other nvdisp nodes
[2022-03-13 10:03:40] [0002.415] E> no valid display unit config found in dtb
[2022-03-13 10:03:40] [0002.421] W> display init failed
[2022-03-13 10:03:40] [0002.424] initializing target
[2022-03-13 10:03:40] [0002.427] calling apps_init()
[2022-03-13 10:03:40] [0002.430] starting app kernel_boot_app
[2022-03-13 10:03:40] [0002.453] I> found decompressor handler: lz4-legacy
[2022-03-13 10:03:40] [0002.457] I> decompressing BMP blob ...
[2022-03-13 10:03:40] [0002.470] I> Kernel type = Normal
[2022-03-13 10:03:40] [0002.473] I> ########## Fixed storage boot ##########
[2022-03-13 10:03:40] [0002.477] I> Loading kernel-bootctrl from partition
[2022-03-13 10:03:40] [0002.482] I> Loading partition kernel-bootctrl at 0xa8000000 from device(0x1)
[2022-03-13 10:03:40] [0002.496] W> tegrabl_get_kernel_bootctrl: magic number(0x00000000) is invalid
[2022-03-13 10:03:40] [0002.503] W> tegrabl_get_kernel_bootctrl: use default dummy boot control data
[2022-03-13 10:03:40] [0002.510] W> No valid slot number is found in scratch register
[2022-03-13 10:03:40] [0002.516] W> Return default slot: _a
[2022-03-13 10:03:40] [0002.519] I> A/B: bin_type (24) slot 0
[2022-03-13 10:03:40] [0002.535] I> Boot image size read from image header: 9913d
[2022-03-13 10:03:40] [0002.540] I> Boot image load address: 0x80400000
[2022-03-13 10:03:40] [0002.545] I> Loading kernel from partition
[2022-03-13 10:03:40] [0002.549] I> Loading partition kernel at 0x80400000 from device(0x1)
[2022-03-13 10:03:41] [0003.491] I> Validate kernel ...
[2022-03-13 10:03:41] [0003.494] I> T18x: Authenticate kernel (bin_type 24), max size 0x4000000
[2022-03-13 10:03:41] [0003.502] I> Decrypt the buffer ... [0003.505] W> tegrabl_decrypt_block: fuse (0x0) is not burnt to do encryption (0x4); skip decryption.
[2022-03-13 10:03:41] [0003.514] I> done
[2022-03-13 10:03:41] [0003.516] I> Checking boot.img header magic ... [0003.520] I> [OK]
[2022-03-13 10:03:41] [0003.522] I> kernel-dtb is already loaded
[2022-03-13 10:03:41] [0003.526] I> Validate kernel-dtb ...
[2022-03-13 10:03:41] [0003.529] I> T18x: Authenticate kernel-dtb (bin_type 21), max size 0x100000
[2022-03-13 10:03:41] [0003.537] I> Decrypt the buffer ... [0003.540] W> tegrabl_decrypt_block: fuse (0x0) is not burnt to do encryption (0x4); skip decryption.
[2022-03-13 10:03:41] [0003.549] I> done
[2022-03-13 10:03:41] [0003.550] I> Kernel hdr @0x80400000
[2022-03-13 10:03:41] [0003.554] I> Kernel dtb @0x80000000
[2022-03-13 10:03:41] [0003.557] I> decompressor handler not found
[2022-03-13 10:03:41] [0003.561] I> Copying kernel image (627005 bytes) from 0x80400800 to 0x80600000 ... [0003.569] I> Done
[2022-03-13 10:03:41] [0003.570] I> Move ramdisk (len: 0) from 0x8049a000 to 0x947d0000
[2022-03-13 10:03:41] [0003.578] I> Updated bpmp info to DTB
[2022-03-13 10:03:41] [0003.584] I> Ramdisk: Base: 0x947d0000; Size: 0x0
[2022-03-13 10:03:41] [0003.588] I> Updated initrd info to DTB
[2022-03-13 10:03:41] [0003.592] W> WARN: Fail to override "console=none" in commandline
[2022-03-13 10:03:41] [0003.598] I> Active rootfs suffix: 
[2022-03-13 10:03:41] [0003.601] E> tegrabl_linuxboot_add_disp_param, du 0 failed to get display params
[2022-03-13 10:03:41] [0003.609] E> tegrabl_linuxboot_add_disp_param, du 0 failed to get display params
[2022-03-13 10:03:41] [0003.616] E> tegrabl_linuxboot_add_disp_param, du 0 failed to get display params
[2022-03-13 10:03:41] [0003.623] I> disabled_core_mask: 0xffffff0c
[2022-03-13 10:03:41] [0003.627] W> No valid slot number is found in scratch register
[2022-03-13 10:03:41] [0003.633] W> Return default slot: _a
[2022-03-13 10:03:41] [0003.636] I> Active slot suffix: 
[2022-03-13 10:03:41] [0003.639] I> add_boot_slot_suffix: slot_suffix = 
[2022-03-13 10:03:41] [0003.644] I> Linux Cmdline: console=ttyS0,115200 androidboot.presilicon=true firmware_class.path=/etc/firmware root=/dev/mmcblk0p1 rw rootwait rootfstype=ext4 console=ttyS0,115200n8 console=tty0 fbcon=map:0 net.ifnames=0 isolcpus=1-2  video=tegrafb earlycon=uart8250,mmio32,0x3100000 nvdumper_reserved=0x2772e0000 gpt rootfs.slot_suffix= usbcore.old_scheme_first=1 tegraid=18.1.2.0.0 maxcpus=6 no_console_suspend boot.slot_suffix= boot.ratchetvalues=0.2031647.1 vpr_resize bl_prof_dataptr=0x10000@0x275840000 sdhci_tegra.en_boot_part_access=1 
[2022-03-13 10:03:41] [0003.691] I> Updated bootarg info to DTB
[2022-03-13 10:03:41] [0003.695] I> eeprom_get_mac_addr: MAC (type: 0): 48:b0:2d:0f:11:c5
[2022-03-13 10:03:41] [0003.701] I> eeprom_get_mac_addr: MAC (type: 1): 48:b0:2d:0f:11:c6
[2022-03-13 10:03:41] [0003.707] I> eeprom_get_mac_addr: MAC (type: 2): 48:b0:2d:0f:11:c7
[2022-03-13 10:03:41] [0003.714] E> Found no plugin manager ids in source DT
[2022-03-13 10:03:41] [0003.719] W> Add plugin manager ids from board info
[2022-03-13 10:03:41] [0003.723] W> "plugin-manager" doesn't exist, creating
[2022-03-13 10:03:41] [0003.728] W> "ids" doesn't exist, creating
[2022-03-13 10:03:41] [0003.732] W> "connection" doesn't exist, creating
[2022-03-13 10:03:41] [0003.737] W> "configs" doesn't exist, creating
[2022-03-13 10:03:41] [0003.741] I> create_pm_ids: id: 3310-1000-D00-L, len: 15
[2022-03-13 10:03:41] [0003.746] I> config: mem-type:00,power-config:00,misc-config:00,modem-config:00,touch-config:00,display-config:00,, len: 93
[2022-03-13 10:03:41] [0003.757] I> create_pm_ids: id: 2597-0000-900-E, len: 15
[2022-03-13 10:03:41] [0003.762] I> config: mem-type:00,power-config:00,misc-config:00,modem-config:00,touch-config:00,display-config:00,, len: 93
[2022-03-13 10:03:41] [0003.773] I> create_pm_ids: id: 3326-1000-000-M, len: 15
[2022-03-13 10:03:41] [0003.778] I> config: mem-type:ff,power-config:ff,misc-config:ff,modem-config:ff,touch-config:ff,display-config:ff,, len: 93
[2022-03-13 10:03:41] [0003.789] I> Adding plugin-manager/ids/3310-1000-D00=/i2c@c250000:module@0x50
[2022-03-13 10:03:41] [0003.796] W> "i2c@c250000" doesn't exist, creating
[2022-03-13 10:03:41] [0003.801] W> "module@0x50" doesn't exist, creating
[2022-03-13 10:03:41] [0003.806] I> Adding plugin-manager/ids/2597-0000-900=/i2c@c250000:module@0x57
[2022-03-13 10:03:41] [0003.813] W> "module@0x57" doesn't exist, creating
[2022-03-13 10:03:41] [0003.818] I> Adding plugin-manager/ids/3326-1000-000=/i2c@3180000:module@0x54
[2022-03-13 10:03:41] [0003.826] W> "i2c@3180000" doesn't exist, creating
[2022-03-13 10:03:41] [0003.830] W> "module@0x54" doesn't exist, creating
[2022-03-13 10:03:41] [0003.837] I> Adding plugin-manager/ids/3310-1000-D00-L
[2022-03-13 10:03:41] [0003.844] I> Adding plugin-manager/configs/3310-mem-type 00
[2022-03-13 10:03:41] [0003.850] I> Adding plugin-manager/configs/3310-power-config 00
[2022-03-13 10:03:41] [0003.856] I> Adding plugin-manager/configs/3310-misc-config 00
[2022-03-13 10:03:41] [0003.862] I> Adding plugin-manager/configs/3310-modem-config 00
[2022-03-13 10:03:41] [0003.868] I> Adding plugin-manager/configs/3310-touch-config 00
[2022-03-13 10:03:41] [0003.874] I> Adding plugin-manager/configs/3310-display-config 00
[2022-03-13 10:03:41] [0003.880] I> Adding plugin-manager/cvm
[2022-03-13 10:03:41] [0003.884] W> "chip-id" doesn't exist, creating
[2022-03-13 10:03:41] [0003.888] I> Adding plugin-manager/chip-id/A02P
[2022-03-13 10:03:41] [0003.893] W> "odm-data" doesn't exist, creating
[2022-03-13 10:03:41] [0003.897] I> Adding /chosen/plugin-manager/odm-data
[2022-03-13 10:03:41] [0003.907] I> added [base:0x80000000, size:0x70000000] to /memory
[2022-03-13 10:03:41] [0003.913] I> added [base:0xf0200000, size:0x185600000] to /memory
[2022-03-13 10:03:41] [0003.919] I> added [base:0x275e00000, size:0x200000] to /memory
[2022-03-13 10:03:41] [0003.924] I> added [base:0x276600000, size:0x200000] to /memory
[2022-03-13 10:03:41] [0003.930] I> added [base:0x277000000, size:0x200000] to /memory
[2022-03-13 10:03:41] [0003.936] I> Updated memory info to DTB
[2022-03-13 10:03:42] [0003.940] E> add_disp_param: failed to get display params for du=0
[2022-03-13 10:03:42] [0003.948] W> "reset" doesn't exist, creating
[2022-03-13 10:03:42] [0003.952] W> "pmc-reset-reason" doesn't exist, creating
[2022-03-13 10:03:42] [0003.958] W> "pmic-reset-reason" doesn't exist, creating
[2022-03-13 10:03:42] [0003.964] I> Adding ecid(00000001646db7851000000013038200) to DT
[2022-03-13 10:03:42] [0003.970] I> disabled_core_mask: 0xffffff0c
[2022-03-13 10:03:42] [0003.983] I> Add serial number:1422420022173 as DT property
[2022-03-13 10:03:42] [0003.992] I> Plugin-manager override starting
[2022-03-13 10:03:42] [0003.998] I> node /plugin-manager/fragement@0 matches
[2022-03-13 10:03:42] [0004.008] I> node /plugin-manager/fragement@4 matches
[2022-03-13 10:03:42] [0004.021] I> node /plugin-manager/fragment-sdwake-p3310-1000-300 matches
[2022-03-13 10:03:42] [0004.041] I> node /plugin-manager/fragement-pmon-p3310-1000-300 matches
[2022-03-13 10:03:42] [0004.050] I> node /plugin-manager/fragement-pmon-p3310-1000-800 matches
[2022-03-13 10:03:42] [0004.059] I> node /plugin-manager/fragment-devslp@0 matches
[2022-03-13 10:03:42] [0004.071] I> node /plugin-manager/fragment-500-pcie-config matches
[2022-03-13 10:03:42] [0004.086] I> node /plugin-manager/fragment-500-xusb-config matches
[2022-03-13 10:03:42] [0004.109] I> node /plugin-manager/fragment-p3310-c00-comm matches
[2022-03-13 10:03:42] [0004.123] I> node /plugin-manager/fragment-p3310-c00-pmic matches
[2022-03-13 10:03:42] [0004.133] I> node /plugin-manager/fragment-p3310-c01 matches
[2022-03-13 10:03:42] [0004.146] I> node /plugin-manager/fragment-p3310-c03 matches
[2022-03-13 10:03:42] [0004.189] I> node /plugin-manager/fragment-e3326@0 matches
[2022-03-13 10:03:42] [0004.270] I> node /plugin-manager/fragment-p3310-c00-camera matches
[2022-03-13 10:03:42] [0004.297] I> Disable plugin-manager status in FDT
[2022-03-13 10:03:42] [0004.302] I> Plugin-manager override finished successfully
[2022-03-13 10:03:42] [0004.307] I> tegrabl_load_kernel_and_dtb: Done
[2022-03-13 10:03:42] [0004.311] E> tegrabl_display_clear: display is not initialized
[2022-03-13 10:03:42] [0004.317] W> Boot logo display failed...
[2022-03-13 10:03:42] [0004.321] I> Kernel EP: 0x80600000, DTB: 0x80000000
[2022-03-13 10:03:42] 
[2022-03-13 10:03:42] 
[2022-03-13 10:03:42] U-Boot 2020.04-g46e4604c78 (Jul 26 2021 - 12:10:58 -0700)
[2022-03-13 10:03:42] 
[2022-03-13 10:03:42] SoC: tegra186
[2022-03-13 10:03:42] Model: NVIDIA P2771-0000-500
[2022-03-13 10:03:42] Board: NVIDIA P2771-0000
[2022-03-13 10:03:42] DRAM:  7.8 GiB
[2022-03-13 10:03:42] MMC:   sdhci@3400000: 1, sdhci@3460000: 0
[2022-03-13 10:03:42] Loading Environment from MMC... *** Warning - bad CRC, using default environment
[2022-03-13 10:03:42] 
[2022-03-13 10:03:42] In:    serial
[2022-03-13 10:03:42] Out:   serial
[2022-03-13 10:03:42] Err:   serial
[2022-03-13 10:03:42] Net:   
[2022-03-13 10:03:42] Warning: ethernet@2490000 using MAC address from ROM
[2022-03-13 10:03:42] eth0: ethernet@2490000
[2022-03-13 10:03:42] Hit any key to stop autoboot:  2  1  0 
[2022-03-13 10:03:44] MMC: no card present
[2022-03-13 10:03:44] switch to partitions #0, OK
[2022-03-13 10:03:44] mmc0(part 0) is current device
[2022-03-13 10:03:44] Scanning mmc 0:1...
[2022-03-13 10:03:45] Found /boot/extlinux/extlinux.conf
[2022-03-13 10:03:45] Retrieving file: /boot/extlinux/extlinux.conf
[2022-03-13 10:03:45] 858 bytes read in 23 ms (36.1 KiB/s)
[2022-03-13 10:03:45] 1:	primary kernel
[2022-03-13 10:03:45] Retrieving file: /boot/initrd
[2022-03-13 10:03:45] 7238344 bytes read in 202 ms (34.2 MiB/s)
[2022-03-13 10:03:45] Retrieving file: /boot/Image
[2022-03-13 10:03:46] 34484232 bytes read in 830 ms (39.6 MiB/s)
[2022-03-13 10:03:46] append: console=ttyS0,115200 androidboot.presilicon=true firmware_class.path=/etc/firmware root=/dev/mmcblk0p1 rw rootwait rootfstype=ext4 console=ttyS0,115200n8 console=tty0 fbcon=map:0 net.ifnames=0 isolcpus=1-2  video=tegrafb earlycon=uart8250,mmio32,0x3100000 nvdumper_reserved=0x2772e0000 gpt rootfs.slot_suffix= usbcore.old_scheme_first=1 tegraid=18.1.2.0.0 maxcpus=6 no_console_suspend boot.slot_suffix= boot.ratchetvalues=0.2031647.1 vpr_resize bl_prof_dataptr=0x10000@0x275840000 sdhci_tegra.en_boot_part_access=1 quiet root=/dev/mmcblk0p1 rw rootwait rootfstype=ext4 console=ttyS0,115200n8 console=tty0 fbcon=map:0 net.ifnames=0 isolcpus=1-2 
[2022-03-13 10:03:46] ## Flattened Device Tree blob at 80000000
[2022-03-13 10:03:46]    Booting using the fdt blob at 0x80000000
[2022-03-13 10:03:46] ERROR: reserving fdt memory region failed (addr=0 size=0)
[2022-03-13 10:03:46] ERROR: reserving fdt memory region failed (addr=0 size=0)
[2022-03-13 10:03:46] ERROR: reserving fdt memory region failed (addr=0 size=0)
[2022-03-13 10:03:46]    Using Device Tree in place at 0000000080000000, end 0000000080060aa3
[2022-03-13 10:03:46] copying carveout for /host1x@13e00000/display-hub@15200000/display@15200000...
[2022-03-13 10:03:46] copying carveout for /host1x@13e00000/display-hub@15200000/display@15210000...
[2022-03-13 10:03:46] copying carveout for /host1x@13e00000/display-hub@15200000/display@15220000...
[2022-03-13 10:03:46] 
[2022-03-13 10:03:46] Starting kernel ...
[2022-03-13 10:03:46] 
[2022-03-13 10:03:46] [    0.000000] Booting Linux on physical CPU 0x100
[2022-03-13 10:03:46] [    0.000000] Linux version 4.9.253-tegra (buildbrain@mobile-u64-5497-d3000) (gcc version 7.3.1 20180425 [linaro-7.3-2018.05 revision d29120a424ecfbc167ef90065c0eeb7f91977701] (Linaro GCC 7.3-2018.05) ) #1 SMP PREEMPT Mon Jul 26 12:19:28 PDT 2021
[2022-03-13 10:03:46] [    0.000000] Boot CPU: AArch64 Processor [411fd073]
[2022-03-13 10:03:46] [    0.000000] OF: fdt:memory scan node memory@80000000, reg size 80,
[2022-03-13 10:03:46] [    0.000000] OF: fdt: - 80000000 ,  70000000
[2022-03-13 10:03:46] [    0.000000] OF: fdt: - f0200000 ,  185600000
[2022-03-13 10:03:46] [    0.000000] OF: fdt: - 275e00000 ,  200000
[2022-03-13 10:03:46] [    0.000000] OF: fdt: - 276600000 ,  200000
[2022-03-13 10:03:46] [    0.000000] OF: fdt: - 277000000 ,  200000
[2022-03-13 10:03:46] [    0.000000] earlycon: uart8250 at MMIO32 0x0000000003100000 (options '')
[2022-03-13 10:03:46] [    0.000000] bootconsole [uart8250] enabled
[2022-03-13 10:03:48] [    1.755765] cgroup: cgroup2: unknown option "nsdelegate"
[2022-03-13 10:03:49] [    2.720939] using random self ethernet address
[2022-03-13 10:03:49] [    2.730463] using random host ethernet address
[2022-03-13 10:03:50] [    3.290230] using random self ethernet address
[2022-03-13 10:03:50] [    3.298477] using random host ethernet address
[2022-03-13 10:03:50] [    3.600994] random: crng init done
[2022-03-13 10:03:50] [    3.604402] random: 7 urandom warning(s) missed due to ratelimiting
[2022-03-13 10:03:50] [    3.817872] CPU1: shutdown
[2022-03-13 10:03:50] [    3.870027] CPU2: shutdown
[2022-03-13 10:03:51] [    4.626185] Bridge firewalling registered
[2022-03-13 10:03:54] 
[2022-03-13 10:03:54] Ubuntu 18.04.5 LTS JTX2-A ttyS0
[2022-03-13 10:03:54] 
[2022-03-13 10:03:54] JTX2-A login: 