[0000.285] I> Welcome to MB2(TBoot-BPMP)(version: 01.00.160913-t186-M-00.00-mobile-c368a720)
[2022-03-13 14:57:34] [0000.293] I> Boot-device: eMMC
[2022-03-13 14:57:34] [0000.301] I> sdmmc bdev is already initialized
[2022-03-13 14:57:34] [0000.305] I> pmic: reset reason (nverc)	: 0x80
[2022-03-13 14:57:34] [0000.338] I> Found 19 partitions in SDMMC_BOOT (instance 3)
[2022-03-13 14:57:34] [0000.358] I> Found 33 partitions in SDMMC_USER (instance 3)
[2022-03-13 14:57:34] [0000.364] W> No valid slot number is found in scratch register
[2022-03-13 14:57:34] [0000.370] W> Return default slot: _a
[2022-03-13 14:57:34] [0000.373] I> A/B: bin_type (16) slot 0
[2022-03-13 14:57:34] [0000.377] I> Loading partition bpmp-fw at 0xd7800000
[2022-03-13 14:57:34] [0000.382] I> Reading two headers - addr:0xd7800000 blocks:1
[2022-03-13 14:57:34] [0000.387] I> Addr: 0xd7800000, start-block: 58777608, num_blocks: 1
[2022-03-13 14:57:34] [0000.412] I> Binary(16) of size 534416 is loaded @ 0xd7800000
[2022-03-13 14:57:34] [0000.418] W> No valid slot number is found in scratch register
[2022-03-13 14:57:34] [0000.423] W> Return default slot: _a
[2022-03-13 14:57:34] [0000.427] I> A/B: bin_type (17) slot 0
[2022-03-13 14:57:34] [0000.430] I> Loading partition bpmp-fw-dtb at 0xd79f0000
[2022-03-13 14:57:34] [0000.436] I> Reading two headers - addr:0xd79f0000 blocks:1
[2022-03-13 14:57:34] [0000.441] I> Addr: 0xd79f0000, start-block: 58780024, num_blocks: 1
[2022-03-13 14:57:34] [0000.467] I> Binary(17) of size 604720 is loaded @ 0xd796c400
[2022-03-13 14:57:34] [0000.697] I> Loading SCE-FW ...
[2022-03-13 14:57:34] [0000.700] W> No valid slot number is found in scratch register
[2022-03-13 14:57:34] [0000.705] W> Return default slot: _a
[2022-03-13 14:57:34] [0000.709] I> A/B: bin_type (12) slot 0
[2022-03-13 14:57:34] [0000.713] I> Loading partition sce-fw at 0xd7300000
[2022-03-13 14:57:35] [0000.717] I> Reading two headers - addr:0xd7300000 blocks:1
[2022-03-13 14:57:35] [0000.723] I> Addr: 0xd7300000, start-block: 58784120, num_blocks: 1
[2022-03-13 14:57:35] [0000.742] I> Binary(12) of size 125632 is loaded @ 0xd7300000
[2022-03-13 14:57:35] [0000.748] I> Init SCE
[2022-03-13 14:57:35] [0000.750] I> Loading APE-FW ...
[2022-03-13 14:57:35] [0000.753] W> No valid slot number is found in scratch register
[2022-03-13 14:57:35] [0000.759] W> Return default slot: _a
[2022-03-13 14:57:35] [0000.762] I> A/B: bin_type (11) slot 0
[2022-03-13 14:57:35] [0000.766] I> Loading partition adsp-fw at 0xd7400000
[2022-03-13 14:57:35] [0000.770] I> Reading two headers - addr:0xd7400000 blocks:1
[2022-03-13 14:57:35] [0000.776] I> Addr: 0xd7400000, start-block: 58761224, num_blocks: 1
[2022-03-13 14:57:35] [0000.795] I> Binary(11) of size 77216 is loaded @ 0xd7400000
[2022-03-13 14:57:35] [0000.801] I> Copy BTCM section
[2022-03-13 14:57:35] [0000.804] W> No valid slot number is found in scratch register
[2022-03-13 14:57:35] [0000.809] W> Return default slot: _a
[2022-03-13 14:57:35] [0000.813] I> A/B: bin_type (13) slot 0
[2022-03-13 14:57:35] [0000.816] I> Loading partition cpu-bootloader at 0x96000000
[2022-03-13 14:57:35] [0000.822] I> Reading two headers - addr:0x96000000 blocks:1
[2022-03-13 14:57:35] [0000.827] I> Addr: 0x96000000, start-block: 58740744, num_blocks: 1
[2022-03-13 14:57:35] [0000.849] I> Binary(13) of size 308800 is loaded @ 0x96000000
[2022-03-13 14:57:35] [0000.854] W> No valid slot number is found in scratch register
[2022-03-13 14:57:35] [0000.860] W> Return default slot: _a
[2022-03-13 14:57:35] [0000.863] I> A/B: bin_type (20) slot 0
[2022-03-13 14:57:35] [0000.867] I> Loading partition bootloader-dtb at 0x85205400
[2022-03-13 14:57:35] [0000.872] I> Reading two headers - addr:0x85205400 blocks:1
[2022-03-13 14:57:35] [0000.878] I> Addr: 0x85205400, start-block: 58742792, num_blocks: 1
[2022-03-13 14:57:35] [0000.900] I> Binary(20) of size 375568 is loaded @ 0x85205400
[2022-03-13 14:57:35] [0000.906] W> No valid slot number is found in scratch register
[2022-03-13 14:57:35] [0000.911] W> Return default slot: _a
[2022-03-13 14:57:35] [0000.915] I> A/B: bin_type (14) slot 0
[2022-03-13 14:57:35] [0000.918] I> Loading partition secure-os at 0x85305600
[2022-03-13 14:57:35] [0000.923] I> Reading two headers - addr:0x85305600 blocks:1
[2022-03-13 14:57:35] [0000.929] I> Addr: 0x85305600, start-block: 58744840, num_blocks: 1
[2022-03-13 14:57:35] [0000.951] I> Binary(14) of size 402864 is loaded @ 0x85305600
[2022-03-13 14:57:35] [0000.959] I> TOS boot-params @ 0x85000000
[2022-03-13 14:57:35] [0000.962] I> TOS params prepared
[2022-03-13 14:57:35] [0000.966] I> Loading EKS ...
[2022-03-13 14:57:35] [0000.968] I> A/B: bin_type (15) slot 0
[2022-03-13 14:57:35] [0000.972] I> Loading partition eks at 0x85905800
[2022-03-13 14:57:35] [0000.976] I> Reading two headers - addr:0x85905800 blocks:1
[2022-03-13 14:57:35] [0000.982] I> Addr: 0x85905800, start-block: 58757128, num_blocks: 1
[2022-03-13 14:57:35] [0001.001] I> Binary(15) of size 1040 is loaded @ 0x85905800
[2022-03-13 14:57:35] [0001.006] I> EKB detected (length: 0x400) @ 0x85905800
[2022-03-13 14:57:35] [0001.011] I> Copied encrypted keys
[2022-03-13 14:57:35] [0001.015] I> boot profiler @ 0x275844000
[2022-03-13 14:57:35] [0001.019] I> boot profiler for TOS @ 0x275844000
[2022-03-13 14:57:35] [0001.024] I> Unhalting SCE
[2022-03-13 14:57:35] [0001.026] I> Primary Memory Start:80000000 Size:70000000
[2022-03-13 14:57:35] [0001.031] I> Extended Memory Start:f0110000 Size:1856f0000
[2022-03-13 14:57:35] [0001.038] I> MB2(TBoot-BPMP) done
[2022-03-13 14:57:35] 
[2022-03-13 14:57:35] NOTICE:  BL31: v1.3(release):b5eeb33f7
[2022-03-13 14:57:35] NOTICE:  BL31: Built : 12:15:17, Jul 26 2021
[2022-03-13 14:57:35] ipc-unittest-main: 1519: Welcome to IPC unittest!!!
[2022-03-13 14:57:35] ipc-unittest-main: 1531: waiting forever
[2022-03-13 14:57:35] ipc-unittest-srv: 329: Init unittest services!!!
[2022-03-13 14:57:35] hwkey-agent: 41: hwkey-agent is running!!
[2022-03-13 14:57:35] hwkey-agent: 315: key_mgnt_processing .......
[2022-03-13 14:57:35] hwkey-agent: 223: Setting EKB key 0 to slot 14
[2022-03-13 14:57:35] hwkey-agent: 178: Init hweky-agent services!!
[2022-03-13 14:57:35] luks-srv: 40: luks-srv is running!!
[2022-03-13 14:57:35] luks-srv: 157: Init luks-srv IPC services!!
[2022-03-13 14:57:35] platform_bootstrap_epilog: trusty bootstrap complete
[2022-03-13 14:57:35] [0001.410] I> Welcome to Cboot
[2022-03-13 14:57:35] [0001.413] I> Cboot Version: t186-00029e71
[2022-03-13 14:57:35] [0001.417] I> CPU-BL Params @ 0x275800000
[2022-03-13 14:57:35] [0001.421] I>  0) Base:0x00000000 Size:0x00000000
[2022-03-13 14:57:35] [0001.425] I>  1) Base:0x277f00000 Size:0x00100000
[2022-03-13 14:57:35] [0001.430] I>  2) Base:0x277e00000 Size:0x00100000
[2022-03-13 14:57:35] [0001.434] I>  3) Base:0x277d00000 Size:0x00100000
[2022-03-13 14:57:35] [0001.439] I>  4) Base:0x277c00000 Size:0x00100000
[2022-03-13 14:57:35] [0001.443] I>  5) Base:0x277b00000 Size:0x00100000
[2022-03-13 14:57:35] [0001.448] I>  6) Base:0x277800000 Size:0x00200000
[2022-03-13 14:57:35] [0001.452] I>  7) Base:0x277400000 Size:0x00400000
[2022-03-13 14:57:35] [0001.457] I>  8) Base:0x277a00000 Size:0x00100000
[2022-03-13 14:57:35] [0001.461] I>  9) Base:0x277300000 Size:0x00100000
[2022-03-13 14:57:35] [0001.466] I> 10) Base:0x276800000 Size:0x00800000
[2022-03-13 14:57:35] [0001.470] I> 11) Base:0x30000000 Size:0x00040000
[2022-03-13 14:57:35] [0001.475] I> 12) Base:0xf0000000 Size:0x00100000
[2022-03-13 14:57:35] [0001.479] I> 13) Base:0x30040000 Size:0x00001000
[2022-03-13 14:57:35] [0001.483] I> 14) Base:0x30048000 Size:0x00001000
[2022-03-13 14:57:35] [0001.488] I> 15) Base:0x30049000 Size:0x00001000
[2022-03-13 14:57:35] [0001.492] I> 16) Base:0x3004a000 Size:0x00001000
[2022-03-13 14:57:35] [0001.497] I> 17) Base:0x3004b000 Size:0x00001000
[2022-03-13 14:57:35] [0001.501] I> 18) Base:0x3004c000 Size:0x00001000
[2022-03-13 14:57:35] [0001.506] I> 19) Base:0x3004d000 Size:0x00001000
[2022-03-13 14:57:35] [0001.510] I> 20) Base:0x3004e000 Size:0x00001000
[2022-03-13 14:57:35] [0001.515] I> 21) Base:0x3004f000 Size:0x00001000
[2022-03-13 14:57:35] [0001.519] I> 22) Base:0x00000000 Size:0x00000000
[2022-03-13 14:57:35] [0001.523] I> 23) Base:0xf0100000 Size:0x00010000
[2022-03-13 14:57:35] [0001.528] I> 24) Base:0x00000000 Size:0x00000000
[2022-03-13 14:57:35] [0001.532] I> 25) Base:0x00000000 Size:0x00000000
[2022-03-13 14:57:35] [0001.537] I> 26) Base:0x00000000 Size:0x00000000
[2022-03-13 14:57:35] [0001.541] I> 27) Base:0x00000000 Size:0x00000000
[2022-03-13 14:57:35] [0001.546] I> 28) Base:0x84400000 Size:0x00400000
[2022-03-13 14:57:35] [0001.550] I> 29) Base:0x30000000 Size:0x00010000
[2022-03-13 14:57:35] [0001.554] I> 30) Base:0x278000000 Size:0x08000000
[2022-03-13 14:57:35] [0001.559] I> 31) Base:0x00000000 Size:0x00000000
[2022-03-13 14:57:35] [0001.563] I> 32) Base:0x276000000 Size:0x00600000
[2022-03-13 14:57:35] [0001.568] I> 33) Base:0x80000000 Size:0x70000000
[2022-03-13 14:57:35] [0001.572] I> 34) Base:0xf0110000 Size:0x1856f0000
[2022-03-13 14:57:35] [0001.577] I> 35) Base:0x00000000 Size:0x00000000
[2022-03-13 14:57:35] [0001.581] I> 36) Base:0x00000000 Size:0x00000000
[2022-03-13 14:57:35] [0001.586] I> 37) Base:0x2772e0000 Size:0x00020000
[2022-03-13 14:57:35] [0001.590] I> 38) Base:0x84000000 Size:0x00400000
[2022-03-13 14:57:35] [0001.595] I> 39) Base:0x96000000 Size:0x02000000
[2022-03-13 14:57:35] [0001.599] I> 40) Base:0x85000000 Size:0x01200000
[2022-03-13 14:57:35] [0001.603] I> 41) Base:0x275800000 Size:0x00500000
[2022-03-13 14:57:35] [0001.608] I> 42) Base:0x00000000 Size:0x00000000
[2022-03-13 14:57:35] [0001.612] I> 43) Base:0x00000000 Size:0x00000000
[2022-03-13 14:57:35] [0001.617] GIC-SPI Target CPU: 4
[2022-03-13 14:57:35] [0001.620] Interrupts Init done
[2022-03-13 14:57:35] [0001.623] calling constructors
[2022-03-13 14:57:35] [0001.627] initializing heap
[2022-03-13 14:57:35] [0001.629] initializing threads
[2022-03-13 14:57:35] [0001.632] initializing timers
[2022-03-13 14:57:35] [0001.636] creating bootstrap completion thread
[2022-03-13 14:57:35] [0001.640] top of bootstrap2()
[2022-03-13 14:57:35] [0001.643] CPU: ARM Cortex A57
[2022-03-13 14:57:35] [0001.646] CPU: MIDR: 0x411FD073, MPIDR: 0x80000100
[2022-03-13 14:57:35] [0001.652] initializing platform
[2022-03-13 14:57:35] [0001.655] I> Bl_dtb @0x85205400
[2022-03-13 14:57:35] [0001.658] I> gpio framework initialized
[2022-03-13 14:57:35] [0001.664] I> tegrabl_gpio_driver_register: register 'nvidia,tegra186-gpio' driver
[2022-03-13 14:57:35] [0001.674] I> tegrabl_gpio_driver_register: register 'nvidia,tegra186-gpio-aon' driver
[2022-03-13 14:57:35] [0001.682] I> GPIO framework and drivers are initialized.
[2022-03-13 14:57:35] [0001.687] I> Boot-device: eMMC
[2022-03-13 14:57:35] [0001.694] I> sdmmc bdev is already initialized
[2022-03-13 14:57:36] [0001.725] I> Found 19 partitions in SDMMC_BOOT (instance 3)
[2022-03-13 14:57:36] [0001.743] I> Found 33 partitions in SDMMC_USER (instance 3)
[2022-03-13 14:57:36] [0001.748] W> opt-in fuse is not set, skip fuse_burning
[2022-03-13 14:57:36] [0001.753] I> Reserved memory at 0xfbe00000 for U-Boot relocation
[2022-03-13 14:57:36] [0001.759] W> No valid slot number is found in scratch register
[2022-03-13 14:57:36] [0001.765] W> Return default slot: _a
[2022-03-13 14:57:36] [0001.774] I> A/B: bin_type (21) slot 0
[2022-03-13 14:57:36] [0001.778] I> Loading kernel-dtb from partition
[2022-03-13 14:57:36] [0001.782] I> Loading partition kernel-dtb at 0x80000000 from device(0x1)
[2022-03-13 14:57:36] [0001.799] I> Kernel_dtb @0x80000000
[2022-03-13 14:57:36] [0001.802] I> tegrabl_tca9539_init: i2c bus: 0, slave addr: 0xee
[2022-03-13 14:57:36] [0001.813] I> tegrabl_gpio_driver_register: register 'tca9539_gpio_driver' driver
[2022-03-13 14:57:36] [0001.820] I> tegrabl_tca9539_init: i2c bus: 0, slave addr: 0xe8
[2022-03-13 14:57:36] [0001.829] I> tegrabl_gpio_driver_register: register 'tca9539_gpio_driver' driver
[2022-03-13 14:57:36] [0001.839] I> fixed regulator driver initialized
[2022-03-13 14:57:36] [0001.873] I> register 'maxim' power off handle
[2022-03-13 14:57:36] [0001.879] I> virtual i2c enabled
[2022-03-13 14:57:36] [0001.882] I> registered 'maxim,max77620' pmic
[2022-03-13 14:57:36] [0001.886] I> tegrabl_gpio_driver_register: register 'max77620-gpio' driver
[2022-03-13 14:57:36] [0001.900] E> failed to read label property for node 324936: 13
[2022-03-13 14:57:36] [0001.909] E> failed to read reg property for node 325032: 13
[2022-03-13 14:57:36] [0001.917] E> failed to read reg property for node 325084: 13
[2022-03-13 14:57:36] [0001.925] E> failed to read label property for node 325168: 13
[2022-03-13 14:57:36] [0001.933] E> failed to read label property for node 325236: 13
[2022-03-13 14:57:36] [0001.942] E> failed to read reg property for node 325304: 13
[2022-03-13 14:57:36] [0001.950] E> failed to read reg property for node 325376: 13
[2022-03-13 14:57:36] [0001.960] I> Find /i2c@c250000's alias i2c7
[2022-03-13 14:57:36] [0001.964] I> Reading eeprom i2c=7 address=0x50
[2022-03-13 14:57:36] [0001.994] I> Device at /i2c@c250000:0x50
[2022-03-13 14:57:36] [0001.997] I> Reading eeprom i2c=7 address=0x57
[2022-03-13 14:57:36] [0002.026] I> Device at /i2c@c250000:0x57
[2022-03-13 14:57:36] [0002.031] I> Find /i2c@c240000's alias i2c1
[2022-03-13 14:57:36] [0002.035] I> Reading eeprom i2c=1 address=0x51
[2022-03-13 14:57:36] [0002.040] E> I2C: slave not found in slaves.
[2022-03-13 14:57:36] [0002.044] E> I2C: Could not write 0 bytes to slave: 0x00a2 with repeat start true.
[2022-03-13 14:57:36] [0002.051] E> I2C_DEV: Failed to send register address 0x00000000.
[2022-03-13 14:57:36] [0002.057] E> I2C_DEV: Could not read 256 registers of size 1 from slave 0xa2 at 0x00000000 via instance 1.
[2022-03-13 14:57:36] [0002.067] E> eeprom: Retry to read I2C slave device.
[2022-03-13 14:57:36] [0002.072] E> I2C: slave not found in slaves.
[2022-03-13 14:57:36] [0002.076] E> I2C: Could not write 0 bytes to slave: 0x00a2 with repeat start true.
[2022-03-13 14:57:36] [0002.084] E> I2C_DEV: Failed to send register address 0x00000000.
[2022-03-13 14:57:36] [0002.089] E> I2C_DEV: Could not read 256 registers of size 1 from slave 0xa2 at 0x00000000 via instance 1.
[2022-03-13 14:57:36] [0002.099] E> eeprom: Failed to read I2C slave device
[2022-03-13 14:57:36] [0002.104] I> Eeprom read failed 0x3526070d
[2022-03-13 14:57:36] [0002.108] I> Find /i2c@3160000's alias i2c0
[2022-03-13 14:57:36] [0002.112] I> Reading eeprom i2c=0 address=0x50
[2022-03-13 14:57:36] [0002.117] E> I2C: slave not found in slaves.
[2022-03-13 14:57:36] [0002.121] E> I2C: Could not write 0 bytes to slave: 0x00a0 with repeat start true.
[2022-03-13 14:57:36] [0002.128] E> I2C_DEV: Failed to send register address 0x00000000.
[2022-03-13 14:57:36] [0002.134] E> I2C_DEV: Could not read 256 registers of size 1 from slave 0xa0 at 0x00000000 via instance 0.
[2022-03-13 14:57:36] [0002.144] E> eeprom: Failed to read I2C slave device
[2022-03-13 14:57:36] [0002.149] I> Eeprom read failed 0x3526070d
[2022-03-13 14:57:36] [0002.153] I> Find /i2c@3180000's alias i2c2
[2022-03-13 14:57:36] [0002.157] I> Reading eeprom i2c=2 address=0x54
[2022-03-13 14:57:36] [0002.162] I> Enabling gpio chip_id = 2, gpio pin = 9
[2022-03-13 14:57:36] [0002.192] I> Disabling gpio chip_id = 2, gpio pin = 9
[2022-03-13 14:57:36] [0002.197] I> Device at /i2c@3180000:0x54
[2022-03-13 14:57:36] [0002.201] I> Reading eeprom i2c=2 address=0x57
[2022-03-13 14:57:36] [0002.205] I> Enabling gpio chip_id = 2, gpio pin = 9
[2022-03-13 14:57:36] [0002.211] E> I2C: slave not found in slaves.
[2022-03-13 14:57:36] [0002.215] E> I2C: Could not write 0 bytes to slave: 0x00ae with repeat start true.
[2022-03-13 14:57:36] [0002.223] E> I2C_DEV: Failed to send register address 0x00000000.
[2022-03-13 14:57:36] [0002.229] E> I2C_DEV: Could not read 256 registers of size 1 from slave 0xae at 0x00000000 via instance 2.
[2022-03-13 14:57:36] [0002.238] E> eeprom: Failed to read I2C slave device
[2022-03-13 14:57:36] [0002.243] I> Disabling gpio chip_id = 2, gpio pin = 9
[2022-03-13 14:57:36] [0002.248] I> Eeprom read failed 0x00000000
[2022-03-13 14:57:36] [0002.252] I> create_pm_ids: id: 3310-1000-D00-L, len: 15
[2022-03-13 14:57:36] [0002.257] I> config: mem-type:00,power-config:00,misc-config:00,modem-config:00,touch-config:00,display-config:00,, len: 93
[2022-03-13 14:57:36] [0002.268] I> create_pm_ids: id: 2597-0000-900-E, len: 15
[2022-03-13 14:57:36] [0002.273] I> config: mem-type:00,power-config:00,misc-config:00,modem-config:00,touch-config:00,display-config:00,, len: 93
[2022-03-13 14:57:36] [0002.284] I> create_pm_ids: id: 3326-1000-000-M, len: 15
[2022-03-13 14:57:36] [0002.289] I> config: mem-type:ff,power-config:ff,misc-config:ff,modem-config:ff,touch-config:ff,display-config:ff,, len: 93
[2022-03-13 14:57:36] [0002.324] I> enabling 'vdd-hdmi' regulator
[2022-03-13 14:57:36] [0002.340] I> regulator 'vdd-hdmi' already enabled
[2022-03-13 14:57:36] [0002.345] E> tegrabl_display_init_regulator: hdmi cable is not connected
[2022-03-13 14:57:36] [0002.351] E> tegrabl_display_get_pdata, failed to parse dtb settings
[2022-03-13 14:57:36] [0002.360] E> cannot find any other nvdisp nodes
[2022-03-13 14:57:36] [0002.364] E> no valid display unit config found in dtb
[2022-03-13 14:57:36] [0002.370] W> display init failed
[2022-03-13 14:57:36] [0002.373] initializing target
[2022-03-13 14:57:36] [0002.376] calling apps_init()
[2022-03-13 14:57:36] [0002.379] starting app kernel_boot_app
[2022-03-13 14:57:36] [0002.401] I> found decompressor handler: lz4-legacy
[2022-03-13 14:57:36] [0002.406] I> decompressing BMP blob ...
[2022-03-13 14:57:36] [0002.418] I> Kernel type = Normal
[2022-03-13 14:57:36] [0002.422] I> ########## Fixed storage boot ##########
[2022-03-13 14:57:36] [0002.426] I> Loading kernel-bootctrl from partition
[2022-03-13 14:57:36] [0002.431] I> Loading partition kernel-bootctrl at 0xa8000000 from device(0x1)
[2022-03-13 14:57:36] [0002.445] W> tegrabl_get_kernel_bootctrl: magic number(0x00000000) is invalid
[2022-03-13 14:57:36] [0002.452] W> tegrabl_get_kernel_bootctrl: use default dummy boot control data
[2022-03-13 14:57:36] [0002.459] W> No valid slot number is found in scratch register
[2022-03-13 14:57:36] [0002.465] W> Return default slot: _a
[2022-03-13 14:57:36] [0002.468] I> A/B: bin_type (24) slot 0
[2022-03-13 14:57:36] [0002.484] I> Boot image size read from image header: 9913d
[2022-03-13 14:57:36] [0002.489] I> Boot image load address: 0x80400000
[2022-03-13 14:57:36] [0002.494] I> Loading kernel from partition
[2022-03-13 14:57:36] [0002.497] I> Loading partition kernel at 0x80400000 from device(0x1)
[2022-03-13 14:57:37] [0003.440] I> Validate kernel ...
[2022-03-13 14:57:37] [0003.443] I> T18x: Authenticate kernel (bin_type 24), max size 0x4000000
[2022-03-13 14:57:37] [0003.450] I> Decrypt the buffer ... [0003.454] W> tegrabl_decrypt_block: fuse (0x0) is not burnt to do encryption (0x4); skip decryption.
[2022-03-13 14:57:37] [0003.463] I> done
[2022-03-13 14:57:37] [0003.464] I> Checking boot.img header magic ... [0003.469] I> [OK]
[2022-03-13 14:57:37] [0003.470] I> kernel-dtb is already loaded
[2022-03-13 14:57:37] [0003.474] I> Validate kernel-dtb ...
[2022-03-13 14:57:37] [0003.478] I> T18x: Authenticate kernel-dtb (bin_type 21), max size 0x100000
[2022-03-13 14:57:37] [0003.485] I> Decrypt the buffer ... [0003.488] W> tegrabl_decrypt_block: fuse (0x0) is not burnt to do encryption (0x4); skip decryption.
[2022-03-13 14:57:37] [0003.497] I> done
[2022-03-13 14:57:37] [0003.499] I> Kernel hdr @0x80400000
[2022-03-13 14:57:37] [0003.502] I> Kernel dtb @0x80000000
[2022-03-13 14:57:37] [0003.506] I> decompressor handler not found
[2022-03-13 14:57:37] [0003.510] I> Copying kernel image (627005 bytes) from 0x80400800 to 0x80600000 ... [0003.517] I> Done
[2022-03-13 14:57:37] [0003.519] I> Move ramdisk (len: 0) from 0x8049a000 to 0x947d0000
[2022-03-13 14:57:37] [0003.527] I> Updated bpmp info to DTB
[2022-03-13 14:57:37] [0003.533] I> Ramdisk: Base: 0x947d0000; Size: 0x0
[2022-03-13 14:57:37] [0003.537] I> Updated initrd info to DTB
[2022-03-13 14:57:37] [0003.541] W> WARN: Fail to override "console=none" in commandline
[2022-03-13 14:57:37] [0003.547] I> Active rootfs suffix: 
[2022-03-13 14:57:37] [0003.550] E> tegrabl_linuxboot_add_disp_param, du 0 failed to get display params
[2022-03-13 14:57:37] [0003.557] E> tegrabl_linuxboot_add_disp_param, du 0 failed to get display params
[2022-03-13 14:57:37] [0003.565] E> tegrabl_linuxboot_add_disp_param, du 0 failed to get display params
[2022-03-13 14:57:37] [0003.572] I> disabled_core_mask: 0xffffff0c
[2022-03-13 14:57:37] [0003.576] W> No valid slot number is found in scratch register
[2022-03-13 14:57:37] [0003.581] W> Return default slot: _a
[2022-03-13 14:57:37] [0003.585] I> Active slot suffix: 
[2022-03-13 14:57:37] [0003.588] I> add_boot_slot_suffix: slot_suffix = 
[2022-03-13 14:57:37] [0003.592] I> Linux Cmdline: console=ttyS0,115200 androidboot.presilicon=true firmware_class.path=/etc/firmware root=/dev/mmcblk0p1 rw rootwait rootfstype=ext4 console=ttyS0,115200n8 console=tty0 fbcon=map:0 net.ifnames=0 isolcpus=1-2  video=tegrafb earlycon=uart8250,mmio32,0x3100000 nvdumper_reserved=0x2772e0000 gpt rootfs.slot_suffix= usbcore.old_scheme_first=1 tegraid=18.1.2.0.0 maxcpus=6 no_console_suspend boot.slot_suffix= boot.ratchetvalues=0.2031647.1 vpr_resize bl_prof_dataptr=0x10000@0x275840000 sdhci_tegra.en_boot_part_access=1 
[2022-03-13 14:57:37] [0003.640] I> Updated bootarg info to DTB
[2022-03-13 14:57:37] [0003.644] I> eeprom_get_mac_addr: MAC (type: 0): 48:b0:2d:0f:11:c5
[2022-03-13 14:57:37] [0003.650] I> eeprom_get_mac_addr: MAC (type: 1): 48:b0:2d:0f:11:c6
[2022-03-13 14:57:37] [0003.656] I> eeprom_get_mac_addr: MAC (type: 2): 48:b0:2d:0f:11:c7
[2022-03-13 14:57:37] [0003.662] E> Found no plugin manager ids in source DT
[2022-03-13 14:57:37] [0003.667] W> Add plugin manager ids from board info
[2022-03-13 14:57:37] [0003.672] W> "plugin-manager" doesn't exist, creating
[2022-03-13 14:57:37] [0003.677] W> "ids" doesn't exist, creating
[2022-03-13 14:57:37] [0003.681] W> "connection" doesn't exist, creating
[2022-03-13 14:57:37] [0003.686] W> "configs" doesn't exist, creating
[2022-03-13 14:57:37] [0003.690] I> create_pm_ids: id: 3310-1000-D00-L, len: 15
[2022-03-13 14:57:37] [0003.695] I> config: mem-type:00,power-config:00,misc-config:00,modem-config:00,touch-config:00,display-config:00,, len: 93
[2022-03-13 14:57:37] [0003.706] I> create_pm_ids: id: 2597-0000-900-E, len: 15
[2022-03-13 14:57:37] [0003.711] I> config: mem-type:00,power-config:00,misc-config:00,modem-config:00,touch-config:00,display-config:00,, len: 93
[2022-03-13 14:57:38] [0003.722] I> create_pm_ids: id: 3326-1000-000-M, len: 15
[2022-03-13 14:57:38] [0003.727] I> config: mem-type:ff,power-config:ff,misc-config:ff,modem-config:ff,touch-config:ff,display-config:ff,, len: 93
[2022-03-13 14:57:38] [0003.738] I> Adding plugin-manager/ids/3310-1000-D00=/i2c@c250000:module@0x50
[2022-03-13 14:57:38] [0003.745] W> "i2c@c250000" doesn't exist, creating
[2022-03-13 14:57:38] [0003.750] W> "module@0x50" doesn't exist, creating
[2022-03-13 14:57:38] [0003.755] I> Adding plugin-manager/ids/2597-0000-900=/i2c@c250000:module@0x57
[2022-03-13 14:57:38] [0003.762] W> "module@0x57" doesn't exist, creating
[2022-03-13 14:57:38] [0003.767] I> Adding plugin-manager/ids/3326-1000-000=/i2c@3180000:module@0x54
[2022-03-13 14:57:38] [0003.774] W> "i2c@3180000" doesn't exist, creating
[2022-03-13 14:57:38] [0003.779] W> "module@0x54" doesn't exist, creating
[2022-03-13 14:57:38] [0003.786] I> Adding plugin-manager/ids/3310-1000-D00-L
[2022-03-13 14:57:38] [0003.793] I> Adding plugin-manager/configs/3310-mem-type 00
[2022-03-13 14:57:38] [0003.799] I> Adding plugin-manager/configs/3310-power-config 00
[2022-03-13 14:57:38] [0003.805] I> Adding plugin-manager/configs/3310-misc-config 00
[2022-03-13 14:57:38] [0003.810] I> Adding plugin-manager/configs/3310-modem-config 00
[2022-03-13 14:57:38] [0003.816] I> Adding plugin-manager/configs/3310-touch-config 00
[2022-03-13 14:57:38] [0003.822] I> Adding plugin-manager/configs/3310-display-config 00
[2022-03-13 14:57:38] [0003.829] I> Adding plugin-manager/cvm
[2022-03-13 14:57:38] [0003.832] W> "chip-id" doesn't exist, creating
[2022-03-13 14:57:38] [0003.837] I> Adding plugin-manager/chip-id/A02P
[2022-03-13 14:57:38] [0003.841] W> "odm-data" doesn't exist, creating
[2022-03-13 14:57:38] [0003.846] I> Adding /chosen/plugin-manager/odm-data
[2022-03-13 14:57:38] [0003.856] I> added [base:0x80000000, size:0x70000000] to /memory
[2022-03-13 14:57:38] [0003.862] I> added [base:0xf0200000, size:0x185600000] to /memory
[2022-03-13 14:57:38] [0003.867] I> added [base:0x275e00000, size:0x200000] to /memory
[2022-03-13 14:57:38] [0003.873] I> added [base:0x276600000, size:0x200000] to /memory
[2022-03-13 14:57:38] [0003.879] I> added [base:0x277000000, size:0x200000] to /memory
[2022-03-13 14:57:38] [0003.885] I> Updated memory info to DTB
[2022-03-13 14:57:38] [0003.889] E> add_disp_param: failed to get display params for du=0
[2022-03-13 14:57:38] [0003.897] W> "reset" doesn't exist, creating
[2022-03-13 14:57:38] [0003.901] W> "pmc-reset-reason" doesn't exist, creating
[2022-03-13 14:57:38] [0003.907] W> "pmic-reset-reason" doesn't exist, creating
[2022-03-13 14:57:38] [0003.913] I> Adding ecid(00000001646db7851000000013038200) to DT
[2022-03-13 14:57:38] [0003.919] I> disabled_core_mask: 0xffffff0c
[2022-03-13 14:57:38] [0003.932] I> Add serial number:1422420022173 as DT property
[2022-03-13 14:57:38] [0003.941] I> Plugin-manager override starting
[2022-03-13 14:57:38] [0003.946] I> node /plugin-manager/fragement@0 matches
[2022-03-13 14:57:38] [0003.957] I> node /plugin-manager/fragement@4 matches
[2022-03-13 14:57:38] [0003.970] I> node /plugin-manager/fragment-sdwake-p3310-1000-300 matches
[2022-03-13 14:57:38] [0003.990] I> node /plugin-manager/fragement-pmon-p3310-1000-300 matches
[2022-03-13 14:57:38] [0003.999] I> node /plugin-manager/fragement-pmon-p3310-1000-800 matches
[2022-03-13 14:57:38] [0004.008] I> node /plugin-manager/fragment-devslp@0 matches
[2022-03-13 14:57:38] [0004.021] I> node /plugin-manager/fragment-500-pcie-config matches
[2022-03-13 14:57:38] [0004.035] I> node /plugin-manager/fragment-500-xusb-config matches
[2022-03-13 14:57:38] [0004.058] I> node /plugin-manager/fragment-p3310-c00-comm matches
[2022-03-13 14:57:38] [0004.072] I> node /plugin-manager/fragment-p3310-c00-pmic matches
[2022-03-13 14:57:38] [0004.083] I> node /plugin-manager/fragment-p3310-c01 matches
[2022-03-13 14:57:38] [0004.096] I> node /plugin-manager/fragment-p3310-c03 matches
[2022-03-13 14:57:38] [0004.138] I> node /plugin-manager/fragment-e3326@0 matches
[2022-03-13 14:57:38] [0004.220] I> node /plugin-manager/fragment-p3310-c00-camera matches
[2022-03-13 14:57:38] [0004.248] I> Disable plugin-manager status in FDT
[2022-03-13 14:57:38] [0004.252] I> Plugin-manager override finished successfully
[2022-03-13 14:57:38] [0004.257] I> tegrabl_load_kernel_and_dtb: Done
[2022-03-13 14:57:38] [0004.262] E> tegrabl_display_clear: display is not initialized
[2022-03-13 14:57:38] [0004.267] W> Boot logo display failed...
[2022-03-13 14:57:38] [0004.271] I> Kernel EP: 0x80600000, DTB: 0x80000000
[2022-03-13 14:57:38] 
[2022-03-13 14:57:38] 
[2022-03-13 14:57:38] U-Boot 2020.04-g46e4604c78 (Jul 26 2021 - 12:10:58 -0700)
[2022-03-13 14:57:38] 
[2022-03-13 14:57:38] SoC: tegra186
[2022-03-13 14:57:38] Model: NVIDIA P2771-0000-500
[2022-03-13 14:57:38] Board: NVIDIA P2771-0000
[2022-03-13 14:57:38] DRAM:  7.8 GiB
[2022-03-13 14:57:38] MMC:   sdhci@3400000: 1, sdhci@3460000: 0
[2022-03-13 14:57:38] Loading Environment from MMC... *** Warning - bad CRC, using default environment
[2022-03-13 14:57:38] 
[2022-03-13 14:57:38] In:    serial
[2022-03-13 14:57:38] Out:   serial
[2022-03-13 14:57:38] Err:   serial
[2022-03-13 14:57:38] Net:   
[2022-03-13 14:57:38] Warning: ethernet@2490000 using MAC address from ROM
[2022-03-13 14:57:38] eth0: ethernet@2490000
[2022-03-13 14:57:38] Hit any key to stop autoboot:  2  1  0 
[2022-03-13 14:57:40] MMC: no card present
[2022-03-13 14:57:40] switch to partitions #0, OK
[2022-03-13 14:57:40] mmc0(part 0) is current device
[2022-03-13 14:57:41] Scanning mmc 0:1...
[2022-03-13 14:57:41] Found /boot/extlinux/extlinux.conf
[2022-03-13 14:57:41] Retrieving file: /boot/extlinux/extlinux.conf
[2022-03-13 14:57:41] 858 bytes read in 22 ms (38.1 KiB/s)
[2022-03-13 14:57:41] 1:	primary kernel
[2022-03-13 14:57:41] Retrieving file: /boot/initrd
[2022-03-13 14:57:41] 7238344 bytes read in 201 ms (34.3 MiB/s)
[2022-03-13 14:57:41] Retrieving file: /boot/Image
[2022-03-13 14:57:42] 34484232 bytes read in 830 ms (39.6 MiB/s)
[2022-03-13 14:57:42] append: console=ttyS0,115200 androidboot.presilicon=true firmware_class.path=/etc/firmware root=/dev/mmcblk0p1 rw rootwait rootfstype=ext4 console=ttyS0,115200n8 console=tty0 fbcon=map:0 net.ifnames=0 isolcpus=1-2  video=tegrafb earlycon=uart8250,mmio32,0x3100000 nvdumper_reserved=0x2772e0000 gpt rootfs.slot_suffix= usbcore.old_scheme_first=1 tegraid=18.1.2.0.0 maxcpus=6 no_console_suspend boot.slot_suffix= boot.ratchetvalues=0.2031647.1 vpr_resize bl_prof_dataptr=0x10000@0x275840000 sdhci_tegra.en_boot_part_access=1 quiet root=/dev/mmcblk0p1 rw rootwait rootfstype=ext4 console=ttyS0,115200n8 console=tty0 fbcon=map:0 net.ifnames=0 isolcpus=1-2 
[2022-03-13 14:57:42] ## Flattened Device Tree blob at 80000000
[2022-03-13 14:57:42]    Booting using the fdt blob at 0x80000000
[2022-03-13 14:57:42] ERROR: reserving fdt memory region failed (addr=0 size=0)
[2022-03-13 14:57:42] ERROR: reserving fdt memory region failed (addr=0 size=0)
[2022-03-13 14:57:42] ERROR: reserving fdt memory region failed (addr=0 size=0)
[2022-03-13 14:57:42]    Using Device Tree in place at 0000000080000000, end 0000000080060aa3
[2022-03-13 14:57:42] copying carveout for /host1x@13e00000/display-hub@15200000/display@15200000...
[2022-03-13 14:57:42] copying carveout for /host1x@13e00000/display-hub@15200000/display@15210000...
[2022-03-13 14:57:42] copying carveout for /host1x@13e00000/display-hub@15200000/display@15220000...
[2022-03-13 14:57:42] 
[2022-03-13 14:57:42] Starting kernel ...
[2022-03-13 14:57:42] 
[2022-03-13 14:57:42] [    0.000000] Booting Linux on physical CPU 0x100
[2022-03-13 14:57:42] [    0.000000] Linux version 4.9.253-tegra (buildbrain@mobile-u64-5497-d3000) (gcc version 7.3.1 20180425 [linaro-7.3-2018.05 revision d29120a424ecfbc167ef90065c0eeb7f91977701] (Linaro GCC 7.3-2018.05) ) #1 SMP PREEMPT Mon Jul 26 12:19:28 PDT 2021
[2022-03-13 14:57:42] [    0.000000] Boot CPU: AArch64 Processor [411fd073]
[2022-03-13 14:57:42] [    0.000000] OF: fdt:memory scan node memory@80000000, reg size 80,
[2022-03-13 14:57:42] [    0.000000] OF: fdt: - 80000000 ,  70000000
[2022-03-13 14:57:42] [    0.000000] OF: fdt: - f0200000 ,  185600000
[2022-03-13 14:57:42] [    0.000000] OF: fdt: - 275e00000 ,  200000
[2022-03-13 14:57:42] [    0.000000] OF: fdt: - 276600000 ,  200000
[2022-03-13 14:57:42] [    0.000000] OF: fdt: - 277000000 ,  200000
[2022-03-13 14:57:42] [    0.000000] earlycon: uart8250 at MMIO32 0x0000000003100000 (options '')
[2022-03-13 14:57:42] [    0.000000] bootconsole [uart8250] enabled
[2022-03-13 14:57:44] [    1.717444] cgroup: cgroup2: unknown option "nsdelegate"
[2022-03-13 14:57:45] [    2.733533] using random self ethernet address
[2022-03-13 14:57:45] [    2.738294] using random host ethernet address
[2022-03-13 14:57:45] [    2.803747] FAT-fs (loop0): Volume was not properly unmounted. Some data may be corrupt. Please run fsck.
[2022-03-13 14:57:46] [    3.267303] random: crng init done
[2022-03-13 14:57:46] [    3.270712] random: 7 urandom warning(s) missed due to ratelimiting
[2022-03-13 14:57:46] [    3.294094] using random self ethernet address
[2022-03-13 14:57:46] [    3.298591] using random host ethernet address
[2022-03-13 14:57:46] [    3.752128] CPU1: shutdown
[2022-03-13 14:57:46] [    3.810140] CPU2: shutdown
[2022-03-13 14:57:47] [    4.612096] Bridge firewalling registered
[2022-03-13 14:57:50] 
[2022-03-13 14:57:50] Ubuntu 18.04.5 LTS JTX2-A ttyS0
[2022-03-13 14:57:50] 
[2022-03-13 14:57:50] JTX2-A login: [   31.649641] CPU3: SError detected, daif=1c0, spsr=0x800000c5, mpidr=80000101, esr=bf40c000
[2022-03-13 14:58:14] [   31.649657] CPU5: SError detected, daif=1c0, spsr=0x800000c5, mpidr=80000103, esr=bf40c000
[2022-03-13 14:58:14] [   31.649670] CPU0: SError detected, daif=1c0, spsr=0x800000c5, mpidr=80000100, esr=bf40c000
[2022-03-13 14:58:14] [   31.649675] **************************************
[2022-03-13 14:58:14] [   31.649702] CPU4: SError detected, daif=1c0, spsr=0x40000045, mpidr=80000102, esr=bf40c000
[2022-03-13 14:58:14] [   31.649708] A57 CPU Memory Error on CPU 5 (A57 Core 3)
[2022-03-13 14:58:14] [   31.649714] 	ESR:               0xbf40c000
[2022-03-13 14:58:14] [   31.649723] 	L2MERRSR: 0x1009119ef98
[2022-03-13 14:58:14] [   31.649730] 	L2 Data RAM: 0x11
[2022-03-13 14:58:14] [   31.649736] 	CPU ID of Error:    3
[2022-03-13 14:58:14] [   31.649741] 	WAY of Error:       0
[2022-03-13 14:58:14] [   31.649747] 	Index of Error:     126872
[2022-03-13 14:58:14] [   31.649752] 	Repeat Error Count: 0
[2022-03-13 14:58:14] [   31.649756] 	Other Error Count:  1
[2022-03-13 14:58:14] [   31.649760] **************************************
[2022-03-13 14:58:17] ERROR:   ARI request timed out: req 91 on CPU 7
[2022-03-13 14:58:17] ASSERT: plat/nvidia/tegra/soc/t186/drivers/mce/ari.c <127> : retries != 0U
[2022-03-13 14:58:27] [0000.309] I> Welcome to MB2(TBoot-BPMP)(version: 01.00.160913-t186-M-00.00-mobile-c368a720)
[2022-03-13 14:58:27] [0000.318] I> Boot-device: eMMC
[2022-03-13 14:58:27] [0000.325] I> sdmmc bdev is already initialized
[2022-03-13 14:58:27] [0000.330] I> pmic: reset reason (nverc)	: 0x80
[2022-03-13 14:58:28] [0000.363] I> Found 19 partitions in SDMMC_BOOT (instance 3)
[2022-03-13 14:58:28] [0000.383] I> Found 33 partitions in SDMMC_USER (instance 3)
[2022-03-13 14:58:28] [0000.388] W> No valid slot number is found in scratch register
[2022-03-13 14:58:28] [0000.394] W> Return default slot: _a
[2022-03-13 14:58:28] [0000.398] I> A/B: bin_type (16) slot 0
[2022-03-13 14:58:28] [0000.401] I> Loading partition bpmp-fw at 0xd7800000
[2022-03-13 14:58:28] [0000.406] I> Reading two headers - addr:0xd7800000 blocks:1
[2022-03-13 14:58:28] [0000.412] I> Addr: 0xd7800000, start-block: 58777608, num_blocks: 1
[2022-03-13 14:58:28] [0000.436] I> Binary(16) of size 534416 is loaded @ 0xd7800000
[2022-03-13 14:58:28] [0000.442] W> No valid slot number is found in scratch register
[2022-03-13 14:58:28] [0000.448] W> Return default slot: _a
[2022-03-13 14:58:28] [0000.451] I> A/B: bin_type (17) slot 0
[2022-03-13 14:58:28] [0000.455] I> Loading partition bpmp-fw-dtb at 0xd79f0000
[2022-03-13 14:58:28] [0000.460] I> Reading two headers - addr:0xd79f0000 blocks:1
[2022-03-13 14:58:28] [0000.466] I> Addr: 0xd79f0000, start-block: 58780024, num_blocks: 1
[2022-03-13 14:58:28] [0000.491] I> Binary(17) of size 604720 is loaded @ 0xd796c400
[2022-03-13 14:58:28] [0000.721] I> Loading SCE-FW ...
[2022-03-13 14:58:28] [0000.724] W> No valid slot number is found in scratch register
[2022-03-13 14:58:28] [0000.730] W> Return default slot: _a
[2022-03-13 14:58:28] [0000.733] I> A/B: bin_type (12) slot 0
[2022-03-13 14:58:28] [0000.737] I> Loading partition sce-fw at 0xd7300000
[2022-03-13 14:58:28] [0000.742] I> Reading two headers - addr:0xd7300000 blocks:1
[2022-03-13 14:58:28] [0000.747] I> Addr: 0xd7300000, start-block: 58784120, num_blocks: 1
[2022-03-13 14:58:28] [0000.766] I> Binary(12) of size 125632 is loaded @ 0xd7300000
[2022-03-13 14:58:28] [0000.772] I> Init SCE
[2022-03-13 14:58:28] [0000.774] I> Loading APE-FW ...
[2022-03-13 14:58:28] [0000.777] W> No valid slot number is found in scratch register
[2022-03-13 14:58:28] [0000.783] W> Return default slot: _a
[2022-03-13 14:58:28] [0000.786] I> A/B: bin_type (11) slot 0
[2022-03-13 14:58:28] [0000.790] I> Loading partition adsp-fw at 0xd7400000
[2022-03-13 14:58:28] [0000.795] I> Reading two headers - addr:0xd7400000 blocks:1
[2022-03-13 14:58:28] [0000.800] I> Addr: 0xd7400000, start-block: 58761224, num_blocks: 1
[2022-03-13 14:58:28] [0000.819] I> Binary(11) of size 77216 is loaded @ 0xd7400000
[2022-03-13 14:58:28] [0000.825] I> Copy BTCM section
[2022-03-13 14:58:28] [0000.828] W> No valid slot number is found in scratch register
[2022-03-13 14:58:28] [0000.834] W> Return default slot: _a
[2022-03-13 14:58:28] [0000.837] I> A/B: bin_type (13) slot 0
[2022-03-13 14:58:28] [0000.841] I> Loading partition cpu-bootloader at 0x96000000
[2022-03-13 14:58:28] [0000.846] I> Reading two headers - addr:0x96000000 blocks:1
[2022-03-13 14:58:28] [0000.852] I> Addr: 0x96000000, start-block: 58740744, num_blocks: 1
[2022-03-13 14:58:28] [0000.873] I> Binary(13) of size 308800 is loaded @ 0x96000000
[2022-03-13 14:58:28] [0000.878] W> No valid slot number is found in scratch register
[2022-03-13 14:58:28] [0000.884] W> Return default slot: _a
[2022-03-13 14:58:28] [0000.887] I> A/B: bin_type (20) slot 0
[2022-03-13 14:58:28] [0000.891] I> Loading partition bootloader-dtb at 0x85205400
[2022-03-13 14:58:28] [0000.896] I> Reading two headers - addr:0x85205400 blocks:1
[2022-03-13 14:58:28] [0000.902] I> Addr: 0x85205400, start-block: 58742792, num_blocks: 1
[2022-03-13 14:58:28] [0000.924] I> Binary(20) of size 375568 is loaded @ 0x85205400
[2022-03-13 14:58:28] [0000.929] W> No valid slot number is found in scratch register
[2022-03-13 14:58:28] [0000.935] W> Return default slot: _a
[2022-03-13 14:58:28] [0000.939] I> A/B: bin_type (14) slot 0
[2022-03-13 14:58:28] [0000.942] I> Loading partition secure-os at 0x85305600
[2022-03-13 14:58:28] [0000.947] I> Reading two headers - addr:0x85305600 blocks:1
[2022-03-13 14:58:28] [0000.953] I> Addr: 0x85305600, start-block: 58744840, num_blocks: 1
[2022-03-13 14:58:28] [0000.975] I> Binary(14) of size 402864 is loaded @ 0x85305600
[2022-03-13 14:58:28] [0000.982] I> TOS boot-params @ 0x85000000
[2022-03-13 14:58:28] [0000.986] I> TOS params prepared
[2022-03-13 14:58:28] [0000.989] I> Loading EKS ...
[2022-03-13 14:58:28] [0000.992] I> A/B: bin_type (15) slot 0
[2022-03-13 14:58:28] [0000.996] I> Loading partition eks at 0x85905800
[2022-03-13 14:58:28] [0001.000] I> Reading two headers - addr:0x85905800 blocks:1
[2022-03-13 14:58:28] [0001.006] I> Addr: 0x85905800, start-block: 58757128, num_blocks: 1
[2022-03-13 14:58:28] [0001.024] I> Binary(15) of size 1040 is loaded @ 0x85905800
[2022-03-13 14:58:28] [0001.030] I> EKB detected (length: 0x400) @ 0x85905800
[2022-03-13 14:58:28] [0001.035] I> Copied encrypted keys
[2022-03-13 14:58:28] [0001.039] I> boot profiler @ 0x275844000
[2022-03-13 14:58:28] [0001.043] I> boot profiler for TOS @ 0x275844000
[2022-03-13 14:58:28] [0001.047] I> Unhalting SCE
[2022-03-13 14:58:28] [0001.050] I> Primary Memory Start:80000000 Size:70000000
[2022-03-13 14:58:28] [0001.055] I> Extended Memory Start:f0110000 Size:1856f0000
[2022-03-13 14:58:28] [0001.062] I> MB2(TBoot-BPMP) done
[2022-03-13 14:58:28] 
[2022-03-13 14:58:28] NOTICE:  BL31: v1.3(release):b5eeb33f7
[2022-03-13 14:58:28] NOTICE:  BL31: Built : 12:15:17, Jul 26 2021
[2022-03-13 14:58:28] ipc-unittest-main: 1519: Welcome to IPC unittest!!!
[2022-03-13 14:58:28] ipc-unittest-main: 1531: waiting forever
[2022-03-13 14:58:28] ipc-unittest-srv: 329: Init unittest services!!!
[2022-03-13 14:58:28] hwkey-agent: 41: hwkey-agent is running!!
[2022-03-13 14:58:28] hwkey-agent: 315: key_mgnt_processing .......
[2022-03-13 14:58:28] hwkey-agent: 223: Setting EKB key 0 to slot 14
[2022-03-13 14:58:28] hwkey-agent: 178: Init hweky-agent services!!
[2022-03-13 14:58:28] luks-srv: 40: luks-srv is running!!
[2022-03-13 14:58:28] luks-srv: 157: Init luks-srv IPC services!!
[2022-03-13 14:58:28] platform_bootstrap_epilog: trusty bootstrap complete
[2022-03-13 14:58:29] [0001.435] I> Welcome to Cboot
[2022-03-13 14:58:29] [0001.437] I> Cboot Version: t186-00029e71
[2022-03-13 14:58:29] [0001.441] I> CPU-BL Params @ 0x275800000
[2022-03-13 14:58:29] [0001.445] I>  0) Base:0x00000000 Size:0x00000000
[2022-03-13 14:58:29] [0001.449] I>  1) Base:0x277f00000 Size:0x00100000
[2022-03-13 14:58:29] [0001.454] I>  2) Base:0x277e00000 Size:0x00100000
[2022-03-13 14:58:29] [0001.458] I>  3) Base:0x277d00000 Size:0x00100000
[2022-03-13 14:58:29] [0001.463] I>  4) Base:0x277c00000 Size:0x00100000
[2022-03-13 14:58:29] [0001.468] I>  5) Base:0x277b00000 Size:0x00100000
[2022-03-13 14:58:29] [0001.472] I>  6) Base:0x277800000 Size:0x00200000
[2022-03-13 14:58:29] [0001.477] I>  7) Base:0x277400000 Size:0x00400000
[2022-03-13 14:58:29] [0001.481] I>  8) Base:0x277a00000 Size:0x00100000
[2022-03-13 14:58:29] [0001.486] I>  9) Base:0x277300000 Size:0x00100000
[2022-03-13 14:58:29] [0001.490] I> 10) Base:0x276800000 Size:0x00800000
[2022-03-13 14:58:29] [0001.495] I> 11) Base:0x30000000 Size:0x00040000
[2022-03-13 14:58:29] [0001.499] I> 12) Base:0xf0000000 Size:0x00100000
[2022-03-13 14:58:29] [0001.503] I> 13) Base:0x30040000 Size:0x00001000
[2022-03-13 14:58:29] [0001.508] I> 14) Base:0x30048000 Size:0x00001000
[2022-03-13 14:58:29] [0001.512] I> 15) Base:0x30049000 Size:0x00001000
[2022-03-13 14:58:29] [0001.517] I> 16) Base:0x3004a000 Size:0x00001000
[2022-03-13 14:58:29] [0001.521] I> 17) Base:0x3004b000 Size:0x00001000
[2022-03-13 14:58:29] [0001.526] I> 18) Base:0x3004c000 Size:0x00001000
[2022-03-13 14:58:29] [0001.530] I> 19) Base:0x3004d000 Size:0x00001000
[2022-03-13 14:58:29] [0001.535] I> 20) Base:0x3004e000 Size:0x00001000
[2022-03-13 14:58:29] [0001.539] I> 21) Base:0x3004f000 Size:0x00001000
[2022-03-13 14:58:29] [0001.543] I> 22) Base:0x00000000 Size:0x00000000
[2022-03-13 14:58:29] [0001.548] I> 23) Base:0xf0100000 Size:0x00010000
[2022-03-13 14:58:29] [0001.552] I> 24) Base:0x00000000 Size:0x00000000
[2022-03-13 14:58:29] [0001.557] I> 25) Base:0x00000000 Size:0x00000000
[2022-03-13 14:58:29] [0001.561] I> 26) Base:0x00000000 Size:0x00000000
[2022-03-13 14:58:29] [0001.566] I> 27) Base:0x00000000 Size:0x00000000
[2022-03-13 14:58:29] [0001.570] I> 28) Base:0x84400000 Size:0x00400000
[2022-03-13 14:58:29] [0001.574] I> 29) Base:0x30000000 Size:0x00010000
[2022-03-13 14:58:29] [0001.579] I> 30) Base:0x278000000 Size:0x08000000
[2022-03-13 14:58:29] [0001.583] I> 31) Base:0x00000000 Size:0x00000000
[2022-03-13 14:58:29] [0001.588] I> 32) Base:0x276000000 Size:0x00600000
[2022-03-13 14:58:29] [0001.592] I> 33) Base:0x80000000 Size:0x70000000
[2022-03-13 14:58:29] [0001.597] I> 34) Base:0xf0110000 Size:0x1856f0000
[2022-03-13 14:58:29] [0001.601] I> 35) Base:0x00000000 Size:0x00000000
[2022-03-13 14:58:29] [0001.606] I> 36) Base:0x00000000 Size:0x00000000
[2022-03-13 14:58:29] [0001.610] I> 37) Base:0x2772e0000 Size:0x00020000
[2022-03-13 14:58:29] [0001.615] I> 38) Base:0x84000000 Size:0x00400000
[2022-03-13 14:58:29] [0001.619] I> 39) Base:0x96000000 Size:0x02000000
[2022-03-13 14:58:29] [0001.623] I> 40) Base:0x85000000 Size:0x01200000
[2022-03-13 14:58:29] [0001.628] I> 41) Base:0x275800000 Size:0x00500000
[2022-03-13 14:58:29] [0001.632] I> 42) Base:0x00000000 Size:0x00000000
[2022-03-13 14:58:29] [0001.637] I> 43) Base:0x00000000 Size:0x00000000
[2022-03-13 14:58:29] [0001.641] GIC-SPI Target CPU: 4
[2022-03-13 14:58:29] [0001.645] Interrupts Init done
[2022-03-13 14:58:29] [0001.648] calling constructors
[2022-03-13 14:58:29] [0001.651] initializing heap
[2022-03-13 14:58:29] [0001.654] initializing threads
[2022-03-13 14:58:29] [0001.657] initializing timers
[2022-03-13 14:58:29] [0001.660] creating bootstrap completion thread
[2022-03-13 14:58:29] [0001.665] top of bootstrap2()
[2022-03-13 14:58:29] [0001.668] CPU: ARM Cortex A57
[2022-03-13 14:58:29] [0001.671] CPU: MIDR: 0x411FD073, MPIDR: 0x80000100
[2022-03-13 14:58:29] [0001.676] initializing platform
[2022-03-13 14:58:29] [0001.679] I> Bl_dtb @0x85205400
[2022-03-13 14:58:29] [0001.682] I> gpio framework initialized
[2022-03-13 14:58:29] [0001.689] I> tegrabl_gpio_driver_register: register 'nvidia,tegra186-gpio' driver
[2022-03-13 14:58:29] [0001.699] I> tegrabl_gpio_driver_register: register 'nvidia,tegra186-gpio-aon' driver
[2022-03-13 14:58:29] [0001.706] I> GPIO framework and drivers are initialized.
[2022-03-13 14:58:29] [0001.712] I> Boot-device: eMMC
[2022-03-13 14:58:29] [0001.719] I> sdmmc bdev is already initialized
[2022-03-13 14:58:29] [0001.750] I> Found 19 partitions in SDMMC_BOOT (instance 3)
[2022-03-13 14:58:29] [0001.767] I> Found 33 partitions in SDMMC_USER (instance 3)
[2022-03-13 14:58:29] [0001.773] W> opt-in fuse is not set, skip fuse_burning
[2022-03-13 14:58:29] [0001.778] I> Reserved memory at 0xfbe00000 for U-Boot relocation
[2022-03-13 14:58:29] [0001.784] W> No valid slot number is found in scratch register
[2022-03-13 14:58:29] [0001.789] W> Return default slot: _a
[2022-03-13 14:58:29] [0001.799] I> A/B: bin_type (21) slot 0
[2022-03-13 14:58:29] [0001.802] I> Loading kernel-dtb from partition
[2022-03-13 14:58:29] [0001.807] I> Loading partition kernel-dtb at 0x80000000 from device(0x1)
[2022-03-13 14:58:29] [0001.824] I> Kernel_dtb @0x80000000
[2022-03-13 14:58:29] [0001.827] I> tegrabl_tca9539_init: i2c bus: 0, slave addr: 0xee
[2022-03-13 14:58:29] [0001.838] I> tegrabl_gpio_driver_register: register 'tca9539_gpio_driver' driver
[2022-03-13 14:58:29] [0001.845] I> tegrabl_tca9539_init: i2c bus: 0, slave addr: 0xe8
[2022-03-13 14:58:29] [0001.854] I> tegrabl_gpio_driver_register: register 'tca9539_gpio_driver' driver
[2022-03-13 14:58:29] [0001.864] I> fixed regulator driver initialized
[2022-03-13 14:58:29] [0001.897] I> register 'maxim' power off handle
[2022-03-13 14:58:29] [0001.904] I> virtual i2c enabled
[2022-03-13 14:58:29] [0001.907] I> registered 'maxim,max77620' pmic
[2022-03-13 14:58:29] [0001.911] I> tegrabl_gpio_driver_register: register 'max77620-gpio' driver
[2022-03-13 14:58:29] [0001.925] E> failed to read label property for node 324936: 13
[2022-03-13 14:58:29] [0001.933] E> failed to read reg property for node 325032: 13
[2022-03-13 14:58:29] [0001.942] E> failed to read reg property for node 325084: 13
[2022-03-13 14:58:29] [0001.950] E> failed to read label property for node 325168: 13
[2022-03-13 14:58:29] [0001.958] E> failed to read label property for node 325236: 13
[2022-03-13 14:58:29] [0001.967] E> failed to read reg property for node 325304: 13
[2022-03-13 14:58:29] [0001.975] E> failed to read reg property for node 325376: 13
[2022-03-13 14:58:29] [0001.985] I> Find /i2c@c250000's alias i2c7
[2022-03-13 14:58:29] [0001.989] I> Reading eeprom i2c=7 address=0x50
[2022-03-13 14:58:29] [0002.019] I> Device at /i2c@c250000:0x50
[2022-03-13 14:58:29] [0002.022] I> Reading eeprom i2c=7 address=0x57
[2022-03-13 14:58:29] [0002.051] I> Device at /i2c@c250000:0x57
[2022-03-13 14:58:29] [0002.055] I> Find /i2c@c240000's alias i2c1
[2022-03-13 14:58:29] [0002.059] I> Reading eeprom i2c=1 address=0x51
[2022-03-13 14:58:29] [0002.064] E> I2C: slave not found in slaves.
[2022-03-13 14:58:29] [0002.069] E> I2C: Could not write 0 bytes to slave: 0x00a2 with repeat start true.
[2022-03-13 14:58:29] [0002.076] E> I2C_DEV: Failed to send register address 0x00000000.
[2022-03-13 14:58:29] [0002.082] E> I2C_DEV: Could not read 256 registers of size 1 from slave 0xa2 at 0x00000000 via instance 1.
[2022-03-13 14:58:29] [0002.092] E> eeprom: Retry to read I2C slave device.
[2022-03-13 14:58:29] [0002.097] E> I2C: slave not found in slaves.
[2022-03-13 14:58:29] [0002.101] E> I2C: Could not write 0 bytes to slave: 0x00a2 with repeat start true.
[2022-03-13 14:58:29] [0002.108] E> I2C_DEV: Failed to send register address 0x00000000.
[2022-03-13 14:58:29] [0002.114] E> I2C_DEV: Could not read 256 registers of size 1 from slave 0xa2 at 0x00000000 via instance 1.
[2022-03-13 14:58:29] [0002.124] E> eeprom: Failed to read I2C slave device
[2022-03-13 14:58:29] [0002.129] I> Eeprom read failed 0x3526070d
[2022-03-13 14:58:29] [0002.133] I> Find /i2c@3160000's alias i2c0
[2022-03-13 14:58:29] [0002.137] I> Reading eeprom i2c=0 address=0x50
[2022-03-13 14:58:29] [0002.141] E> I2C: slave not found in slaves.
[2022-03-13 14:58:29] [0002.145] E> I2C: Could not write 0 bytes to slave: 0x00a0 with repeat start true.
[2022-03-13 14:58:29] [0002.153] E> I2C_DEV: Failed to send register address 0x00000000.
[2022-03-13 14:58:29] [0002.159] E> I2C_DEV: Could not read 256 registers of size 1 from slave 0xa0 at 0x00000000 via instance 0.
[2022-03-13 14:58:29] [0002.169] E> eeprom: Failed to read I2C slave device
[2022-03-13 14:58:29] [0002.173] I> Eeprom read failed 0x3526070d
[2022-03-13 14:58:29] [0002.178] I> Find /i2c@3180000's alias i2c2
[2022-03-13 14:58:29] [0002.182] I> Reading eeprom i2c=2 address=0x54
[2022-03-13 14:58:29] [0002.186] I> Enabling gpio chip_id = 2, gpio pin = 9
[2022-03-13 14:58:29] [0002.217] I> Disabling gpio chip_id = 2, gpio pin = 9
[2022-03-13 14:58:29] [0002.222] I> Device at /i2c@3180000:0x54
[2022-03-13 14:58:29] [0002.226] I> Reading eeprom i2c=2 address=0x57
[2022-03-13 14:58:29] [0002.230] I> Enabling gpio chip_id = 2, gpio pin = 9
[2022-03-13 14:58:29] [0002.236] E> I2C: slave not found in slaves.
[2022-03-13 14:58:29] [0002.240] E> I2C: Could not write 0 bytes to slave: 0x00ae with repeat start true.
[2022-03-13 14:58:29] [0002.248] E> I2C_DEV: Failed to send register address 0x00000000.
[2022-03-13 14:58:29] [0002.254] E> I2C_DEV: Could not read 256 registers of size 1 from slave 0xae at 0x00000000 via instance 2.
[2022-03-13 14:58:29] [0002.263] E> eeprom: Failed to read I2C slave device
[2022-03-13 14:58:29] [0002.268] I> Disabling gpio chip_id = 2, gpio pin = 9
[2022-03-13 14:58:29] [0002.273] I> Eeprom read failed 0x00000000
[2022-03-13 14:58:29] [0002.277] I> create_pm_ids: id: 3310-1000-D00-L, len: 15
[2022-03-13 14:58:29] [0002.282] I> config: mem-type:00,power-config:00,misc-config:00,modem-config:00,touch-config:00,display-config:00,, len: 93
[2022-03-13 14:58:29] [0002.293] I> create_pm_ids: id: 2597-0000-900-E, len: 15
[2022-03-13 14:58:29] [0002.298] I> config: mem-type:00,power-config:00,misc-config:00,modem-config:00,touch-config:00,display-config:00,, len: 93
[2022-03-13 14:58:29] [0002.309] I> create_pm_ids: id: 3326-1000-000-M, len: 15
[2022-03-13 14:58:29] [0002.314] I> config: mem-type:ff,power-config:ff,misc-config:ff,modem-config:ff,touch-config:ff,display-config:ff,, len: 93
[2022-03-13 14:58:30] [0002.349] I> enabling 'vdd-hdmi' regulator
[2022-03-13 14:58:30] [0002.365] I> regulator 'vdd-hdmi' already enabled
[2022-03-13 14:58:30] [0002.370] E> tegrabl_display_init_regulator: hdmi cable is not connected
[2022-03-13 14:58:30] [0002.376] E> tegrabl_display_get_pdata, failed to parse dtb settings
[2022-03-13 14:58:30] [0002.385] E> cannot find any other nvdisp nodes
[2022-03-13 14:58:30] [0002.389] E> no valid display unit config found in dtb
[2022-03-13 14:58:30] [0002.395] W> display init failed
[2022-03-13 14:58:30] [0002.398] initializing target
[2022-03-13 14:58:30] [0002.401] calling apps_init()
[2022-03-13 14:58:30] [0002.404] starting app kernel_boot_app
[2022-03-13 14:58:30] [0002.426] I> found decompressor handler: lz4-legacy
[2022-03-13 14:58:30] [0002.431] I> decompressing BMP blob ...
[2022-03-13 14:58:30] [0002.443] I> Kernel type = Normal
[2022-03-13 14:58:30] [0002.447] I> ########## Fixed storage boot ##########
[2022-03-13 14:58:30] [0002.451] I> Loading kernel-bootctrl from partition
[2022-03-13 14:58:30] [0002.456] I> Loading partition kernel-bootctrl at 0xa8000000 from device(0x1)
[2022-03-13 14:58:30] [0002.471] W> tegrabl_get_kernel_bootctrl: magic number(0x00000000) is invalid
[2022-03-13 14:58:30] [0002.478] W> tegrabl_get_kernel_bootctrl: use default dummy boot control data
[2022-03-13 14:58:30] [0002.484] W> No valid slot number is found in scratch register
[2022-03-13 14:58:30] [0002.490] W> Return default slot: _a
[2022-03-13 14:58:30] [0002.493] I> A/B: bin_type (24) slot 0
[2022-03-13 14:58:30] [0002.509] I> Boot image size read from image header: 9913d
[2022-03-13 14:58:30] [0002.514] I> Boot image load address: 0x80400000
[2022-03-13 14:58:30] [0002.519] I> Loading kernel from partition
[2022-03-13 14:58:30] [0002.523] I> Loading partition kernel at 0x80400000 from device(0x1)
[2022-03-13 14:58:31] [0003.467] I> Validate kernel ...
[2022-03-13 14:58:31] [0003.470] I> T18x: Authenticate kernel (bin_type 24), max size 0x4000000
[2022-03-13 14:58:31] [0003.478] I> Decrypt the buffer ... [0003.481] W> tegrabl_decrypt_block: fuse (0x0) is not burnt to do encryption (0x4); skip decryption.
[2022-03-13 14:58:31] [0003.490] I> done
[2022-03-13 14:58:31] [0003.492] I> Checking boot.img header magic ... [0003.496] I> [OK]
[2022-03-13 14:58:31] [0003.498] I> kernel-dtb is already loaded
[2022-03-13 14:58:31] [0003.501] I> Validate kernel-dtb ...
[2022-03-13 14:58:31] [0003.505] I> T18x: Authenticate kernel-dtb (bin_type 21), max size 0x100000
[2022-03-13 14:58:31] [0003.512] I> Decrypt the buffer ... [0003.516] W> tegrabl_decrypt_block: fuse (0x0) is not burnt to do encryption (0x4); skip decryption.
[2022-03-13 14:58:31] [0003.525] I> done
[2022-03-13 14:58:31] [0003.526] I> Kernel hdr @0x80400000
[2022-03-13 14:58:31] [0003.530] I> Kernel dtb @0x80000000
[2022-03-13 14:58:31] [0003.533] I> decompressor handler not found
[2022-03-13 14:58:31] [0003.537] I> Copying kernel image (627005 bytes) from 0x80400800 to 0x80600000 ... [0003.545] I> Done
[2022-03-13 14:58:31] [0003.546] I> Move ramdisk (len: 0) from 0x8049a000 to 0x947d0000
[2022-03-13 14:58:31] [0003.554] I> Updated bpmp info to DTB
[2022-03-13 14:58:31] [0003.560] I> Ramdisk: Base: 0x947d0000; Size: 0x0
[2022-03-13 14:58:31] [0003.564] I> Updated initrd info to DTB
[2022-03-13 14:58:31] [0003.568] W> WARN: Fail to override "console=none" in commandline
[2022-03-13 14:58:31] [0003.574] I> Active rootfs suffix: 
[2022-03-13 14:58:31] [0003.577] E> tegrabl_linuxboot_add_disp_param, du 0 failed to get display params
[2022-03-13 14:58:31] [0003.584] E> tegrabl_linuxboot_add_disp_param, du 0 failed to get display params
[2022-03-13 14:58:31] [0003.592] E> tegrabl_linuxboot_add_disp_param, du 0 failed to get display params
[2022-03-13 14:58:31] [0003.599] I> disabled_core_mask: 0xffffff0c
[2022-03-13 14:58:31] [0003.603] W> No valid slot number is found in scratch register
[2022-03-13 14:58:31] [0003.609] W> Return default slot: _a
[2022-03-13 14:58:31] [0003.612] I> Active slot suffix: 
[2022-03-13 14:58:31] [0003.615] I> add_boot_slot_suffix: slot_suffix = 
[2022-03-13 14:58:31] [0003.620] I> Linux Cmdline: console=ttyS0,115200 androidboot.presilicon=true firmware_class.path=/etc/firmware root=/dev/mmcblk0p1 rw rootwait rootfstype=ext4 console=ttyS0,115200n8 console=tty0 fbcon=map:0 net.ifnames=0 isolcpus=1-2  video=tegrafb earlycon=uart8250,mmio32,0x3100000 nvdumper_reserved=0x2772e0000 gpt rootfs.slot_suffix= usbcore.old_scheme_first=1 tegraid=18.1.2.0.0 maxcpus=6 no_console_suspend boot.slot_suffix= boot.ratchetvalues=0.2031647.1 vpr_resize bl_prof_dataptr=0x10000@0x275840000 sdhci_tegra.en_boot_part_access=1 
[2022-03-13 14:58:31] [0003.667] I> Updated bootarg info to DTB
[2022-03-13 14:58:31] [0003.671] I> eeprom_get_mac_addr: MAC (type: 0): 48:b0:2d:0f:11:c5
[2022-03-13 14:58:31] [0003.677] I> eeprom_get_mac_addr: MAC (type: 1): 48:b0:2d:0f:11:c6
[2022-03-13 14:58:31] [0003.683] I> eeprom_get_mac_addr: MAC (type: 2): 48:b0:2d:0f:11:c7
[2022-03-13 14:58:31] [0003.690] E> Found no plugin manager ids in source DT
[2022-03-13 14:58:31] [0003.694] W> Add plugin manager ids from board info
[2022-03-13 14:58:31] [0003.699] W> "plugin-manager" doesn't exist, creating
[2022-03-13 14:58:31] [0003.704] W> "ids" doesn't exist, creating
[2022-03-13 14:58:31] [0003.708] W> "connection" doesn't exist, creating
[2022-03-13 14:58:31] [0003.713] W> "configs" doesn't exist, creating
[2022-03-13 14:58:31] [0003.717] I> create_pm_ids: id: 3310-1000-D00-L, len: 15
[2022-03-13 14:58:31] [0003.722] I> config: mem-type:00,power-config:00,misc-config:00,modem-config:00,touch-config:00,display-config:00,, len: 93
[2022-03-13 14:58:31] [0003.733] I> create_pm_ids: id: 2597-0000-900-E, len: 15
[2022-03-13 14:58:31] [0003.738] I> config: mem-type:00,power-config:00,misc-config:00,modem-config:00,touch-config:00,display-config:00,, len: 93
[2022-03-13 14:58:31] [0003.749] I> create_pm_ids: id: 3326-1000-000-M, len: 15
[2022-03-13 14:58:31] [0003.754] I> config: mem-type:ff,power-config:ff,misc-config:ff,modem-config:ff,touch-config:ff,display-config:ff,, len: 93
[2022-03-13 14:58:31] [0003.765] I> Adding plugin-manager/ids/3310-1000-D00=/i2c@c250000:module@0x50
[2022-03-13 14:58:31] [0003.772] W> "i2c@c250000" doesn't exist, creating
[2022-03-13 14:58:31] [0003.777] W> "module@0x50" doesn't exist, creating
[2022-03-13 14:58:31] [0003.782] I> Adding plugin-manager/ids/2597-0000-900=/i2c@c250000:module@0x57
[2022-03-13 14:58:31] [0003.789] W> "module@0x57" doesn't exist, creating
[2022-03-13 14:58:31] [0003.794] I> Adding plugin-manager/ids/3326-1000-000=/i2c@3180000:module@0x54
[2022-03-13 14:58:31] [0003.801] W> "i2c@3180000" doesn't exist, creating
[2022-03-13 14:58:31] [0003.806] W> "module@0x54" doesn't exist, creating
[2022-03-13 14:58:31] [0003.813] I> Adding plugin-manager/ids/3310-1000-D00-L
[2022-03-13 14:58:31] [0003.820] I> Adding plugin-manager/configs/3310-mem-type 00
[2022-03-13 14:58:31] [0003.826] I> Adding plugin-manager/configs/3310-power-config 00
[2022-03-13 14:58:31] [0003.832] I> Adding plugin-manager/configs/3310-misc-config 00
[2022-03-13 14:58:31] [0003.838] I> Adding plugin-manager/configs/3310-modem-config 00
[2022-03-13 14:58:31] [0003.844] I> Adding plugin-manager/configs/3310-touch-config 00
[2022-03-13 14:58:31] [0003.849] I> Adding plugin-manager/configs/3310-display-config 00
[2022-03-13 14:58:31] [0003.856] I> Adding plugin-manager/cvm
[2022-03-13 14:58:31] [0003.860] W> "chip-id" doesn't exist, creating
[2022-03-13 14:58:31] [0003.864] I> Adding plugin-manager/chip-id/A02P
[2022-03-13 14:58:31] [0003.868] W> "odm-data" doesn't exist, creating
[2022-03-13 14:58:31] [0003.873] I> Adding /chosen/plugin-manager/odm-data
[2022-03-13 14:58:31] [0003.883] I> added [base:0x80000000, size:0x70000000] to /memory
[2022-03-13 14:58:31] [0003.889] I> added [base:0xf0200000, size:0x185600000] to /memory
[2022-03-13 14:58:31] [0003.895] I> added [base:0x275e00000, size:0x200000] to /memory
[2022-03-13 14:58:31] [0003.900] I> added [base:0x276600000, size:0x200000] to /memory
[2022-03-13 14:58:31] [0003.906] I> added [base:0x277000000, size:0x200000] to /memory
[2022-03-13 14:58:31] [0003.912] I> Updated memory info to DTB
[2022-03-13 14:58:31] [0003.916] E> add_disp_param: failed to get display params for du=0
[2022-03-13 14:58:31] [0003.924] W> "reset" doesn't exist, creating
[2022-03-13 14:58:31] [0003.928] W> "pmc-reset-reason" doesn't exist, creating
[2022-03-13 14:58:31] [0003.934] W> "pmic-reset-reason" doesn't exist, creating
[2022-03-13 14:58:31] [0003.940] I> Adding ecid(00000001646db7851000000013038200) to DT
[2022-03-13 14:58:31] [0003.946] I> disabled_core_mask: 0xffffff0c
[2022-03-13 14:58:31] [0003.959] I> Add serial number:1422420022173 as DT property
[2022-03-13 14:58:31] [0003.968] I> Plugin-manager override starting
[2022-03-13 14:58:31] [0003.974] I> node /plugin-manager/fragement@0 matches
[2022-03-13 14:58:31] [0003.984] I> node /plugin-manager/fragement@4 matches
[2022-03-13 14:58:31] [0003.997] I> node /plugin-manager/fragment-sdwake-p3310-1000-300 matches
[2022-03-13 14:58:31] [0004.017] I> node /plugin-manager/fragement-pmon-p3310-1000-300 matches
[2022-03-13 14:58:31] [0004.026] I> node /plugin-manager/fragement-pmon-p3310-1000-800 matches
[2022-03-13 14:58:31] [0004.035] I> node /plugin-manager/fragment-devslp@0 matches
[2022-03-13 14:58:31] [0004.048] I> node /plugin-manager/fragment-500-pcie-config matches
[2022-03-13 14:58:31] [0004.063] I> node /plugin-manager/fragment-500-xusb-config matches
[2022-03-13 14:58:31] [0004.086] I> node /plugin-manager/fragment-p3310-c00-comm matches
[2022-03-13 14:58:31] [0004.099] I> node /plugin-manager/fragment-p3310-c00-pmic matches
[2022-03-13 14:58:31] [0004.110] I> node /plugin-manager/fragment-p3310-c01 matches
[2022-03-13 14:58:31] [0004.123] I> node /plugin-manager/fragment-p3310-c03 matches
[2022-03-13 14:58:31] [0004.166] I> node /plugin-manager/fragment-e3326@0 matches
[2022-03-13 14:58:31] [0004.248] I> node /plugin-manager/fragment-p3310-c00-camera matches
[2022-03-13 14:58:31] [0004.275] I> Disable plugin-manager status in FDT
[2022-03-13 14:58:31] [0004.279] I> Plugin-manager override finished successfully
[2022-03-13 14:58:31] [0004.285] I> tegrabl_load_kernel_and_dtb: Done
[2022-03-13 14:58:31] [0004.289] E> tegrabl_display_clear: display is not initialized
[2022-03-13 14:58:31] [0004.295] W> Boot logo display failed...
[2022-03-13 14:58:31] [0004.298] I> Kernel EP: 0x80600000, DTB: 0x80000000
[2022-03-13 14:58:32] 
[2022-03-13 14:58:32] 
[2022-03-13 14:58:32] U-Boot 2020.04-g46e4604c78 (Jul 26 2021 - 12:10:58 -0700)
[2022-03-13 14:58:32] 
[2022-03-13 14:58:32] SoC: tegra186
[2022-03-13 14:58:32] Model: NVIDIA P2771-0000-500
[2022-03-13 14:58:32] Board: NVIDIA P2771-0000
[2022-03-13 14:58:32] DRAM:  7.8 GiB
[2022-03-13 14:58:32] MMC:   sdhci@3400000: 1, sdhci@3460000: 0
[2022-03-13 14:58:32] Loading Environment from MMC... *** Warning - bad CRC, using default environment
[2022-03-13 14:58:32] 
[2022-03-13 14:58:32] In:    serial
[2022-03-13 14:58:32] Out:   serial
[2022-03-13 14:58:32] Err:   serial
[2022-03-13 14:58:32] Net:   
[2022-03-13 14:58:32] Warning: ethernet@2490000 using MAC address from ROM
[2022-03-13 14:58:32] eth0: ethernet@2490000
[2022-03-13 14:58:32] Hit any key to stop autoboot:  2  1  0 
[2022-03-13 14:58:34] MMC: no card present
[2022-03-13 14:58:34] switch to partitions #0, OK
[2022-03-13 14:58:34] mmc0(part 0) is current device
[2022-03-13 14:58:34] Scanning mmc 0:1...
[2022-03-13 14:58:34] Found /boot/extlinux/extlinux.conf
[2022-03-13 14:58:34] Retrieving file: /boot/extlinux/extlinux.conf
[2022-03-13 14:58:34] 858 bytes read in 22 ms (38.1 KiB/s)
[2022-03-13 14:58:34] 1:	primary kernel
[2022-03-13 14:58:34] Retrieving file: /boot/initrd
[2022-03-13 14:58:34] 7238344 bytes read in 201 ms (34.3 MiB/s)
[2022-03-13 14:58:34] Retrieving file: /boot/Image
[2022-03-13 14:58:35] 34484232 bytes read in 830 ms (39.6 MiB/s)
[2022-03-13 14:58:35] append: console=ttyS0,115200 androidboot.presilicon=true firmware_class.path=/etc/firmware root=/dev/mmcblk0p1 rw rootwait rootfstype=ext4 console=ttyS0,115200n8 console=tty0 fbcon=map:0 net.ifnames=0 isolcpus=1-2  video=tegrafb earlycon=uart8250,mmio32,0x3100000 nvdumper_reserved=0x2772e0000 gpt rootfs.slot_suffix= usbcore.old_scheme_first=1 tegraid=18.1.2.0.0 maxcpus=6 no_console_suspend boot.slot_suffix= boot.ratchetvalues=0.2031647.1 vpr_resize bl_prof_dataptr=0x10000@0x275840000 sdhci_tegra.en_boot_part_access=1 quiet root=/dev/mmcblk0p1 rw rootwait rootfstype=ext4 console=ttyS0,115200n8 console=tty0 fbcon=map:0 net.ifnames=0 isolcpus=1-2 
[2022-03-13 14:58:35] ## Flattened Device Tree blob at 80000000
[2022-03-13 14:58:35]    Booting using the fdt blob at 0x80000000
[2022-03-13 14:58:35] ERROR: reserving fdt memory region failed (addr=0 size=0)
[2022-03-13 14:58:35] ERROR: reserving fdt memory region failed (addr=0 size=0)
[2022-03-13 14:58:35] ERROR: reserving fdt memory region failed (addr=0 size=0)
[2022-03-13 14:58:35]    Using Device Tree in place at 0000000080000000, end 0000000080060aa3
[2022-03-13 14:58:35] copying carveout for /host1x@13e00000/display-hub@15200000/display@15200000...
[2022-03-13 14:58:35] copying carveout for /host1x@13e00000/display-hub@15200000/display@15210000...
[2022-03-13 14:58:35] copying carveout for /host1x@13e00000/display-hub@15200000/display@15220000...
[2022-03-13 14:58:35] 
[2022-03-13 14:58:35] Starting kernel ...
[2022-03-13 14:58:35] 
[2022-03-13 14:58:35] [    0.000000] Booting Linux on physical CPU 0x100
[2022-03-13 14:58:35] [    0.000000] Linux version 4.9.253-tegra (buildbrain@mobile-u64-5497-d3000) (gcc version 7.3.1 20180425 [linaro-7.3-2018.05 revision d29120a424ecfbc167ef90065c0eeb7f91977701] (Linaro GCC 7.3-2018.05) ) #1 SMP PREEMPT Mon Jul 26 12:19:28 PDT 2021
[2022-03-13 14:58:36] [    0.000000] Boot CPU: AArch64 Processor [411fd073]
[2022-03-13 14:58:36] [    0.000000] OF: fdt:memory scan node memory@80000000, reg size 80,
[2022-03-13 14:58:36] [    0.000000] OF: fdt: - 80000000 ,  70000000
[2022-03-13 14:58:36] [    0.000000] OF: fdt: - f0200000 ,  185600000
[2022-03-13 14:58:36] [    0.000000] OF: fdt: - 275e00000 ,  200000
[2022-03-13 14:58:36] [    0.000000] OF: fdt: - 276600000 ,  200000
[2022-03-13 14:58:36] [    0.000000] OF: fdt: - 277000000 ,  200000
[2022-03-13 14:58:36] [    0.000000] earlycon: uart8250 at MMIO32 0x0000000003100000 (options '')
[2022-03-13 14:58:36] [    0.000000] bootconsole [uart8250] enabled
[2022-03-13 14:58:38] [    1.806869] cgroup: cgroup2: unknown option "nsdelegate"
[2022-03-13 14:58:39] [    2.774655] using random self ethernet address
[2022-03-13 14:58:39] [    2.784301] using random host ethernet address
[2022-03-13 14:58:39] [    2.864807] FAT-fs (loop0): Volume was not properly unmounted. Some data may be corrupt. Please run fsck.
[2022-03-13 14:58:39] [    3.315937] using random self ethernet address
[2022-03-13 14:58:39] [    3.333823] using random host ethernet address
[2022-03-13 14:58:39] [    3.614973] random: crng init done
[2022-03-13 14:58:39] [    3.618378] random: 7 urandom warning(s) missed due to ratelimiting
[2022-03-13 14:58:40] [    3.798474] CPU1: shutdown
[2022-03-13 14:58:40] [    3.863161] CPU2: shutdown
[2022-03-13 14:58:41] [    4.781722] Bridge firewalling registered
[2022-03-13 14:58:44] 
[2022-03-13 14:58:44] Ubuntu 18.04.5 LTS JTX2-A ttyS0
[2022-03-13 14:58:44] 
[2022-03-13 14:58:44] JTX2-A login: [   34.613273] CPU5: SError detected, daif=1c0, spsr=0x800000c5, mpidr=80000103, esr=bf40c000
[2022-03-13 14:59:10] [   34.613287] CPU4: SError detected, daif=1c0, spsr=0x60000000, mpidr=80000102, esr=bf40c000
[2022-03-13 14:59:11] [   34.613302] CPU0: SError detected, daif=1c0, spsr=0x800000c5, mpidr=80000100, esr=bf40c000
[2022-03-13 14:59:11] [   34.613317] CPU3: SError detected, daif=1c0, spsr=0x200000c5, mpidr=80000101, esr=bf40c000
[2022-03-13 14:59:11] [   34.613323] **************************************
[2022-03-13 14:59:11] [   34.613342] A57 CPU Memory Error on CPU 4 (A57 Core 2)
[2022-03-13 14:59:11] [   34.613349] 	ESR:               0xbf40c000
[2022-03-13 14:59:11] [   34.613357] 	CPUMERRSR: 0x890035c0
[2022-03-13 14:59:11] [   34.613364] 	Data L1 Data RAM: 0x9
[2022-03-13 14:59:11] [   34.613370] 	Bank/Way of Error:  0x0
[2022-03-13 14:59:11] [   34.613376] 	Index of Error:     0x35c0
[2022-03-13 14:59:11] [   34.613381] 	Repeat Error Count: 0
[2022-03-13 14:59:11] [   34.613386] 	Other Error Count:  0
[2022-03-13 14:59:11] [   34.613390] 	L2MERRSR: 0x4009119bf70
[2022-03-13 14:59:11] [   34.613397] 	L2 Data RAM: 0x11
[2022-03-13 14:59:11] [   34.613402] 	CPU ID of Error:    3
[2022-03-13 14:59:11] [   34.613406] 	WAY of Error:       0
[2022-03-13 14:59:11] [   34.613411] 	Index of Error:     114544
[2022-03-13 14:59:11] [   34.613415] 	Repeat Error Count: 0
[2022-03-13 14:59:11] [   34.613420] 	Other Error Count:  4
[2022-03-13 14:59:11] [   34.613424] **************************************
[2022-03-13 14:59:11] [   34.616327] ROC:CCE Machine Check Error:
[2022-03-13 14:59:11] [   34.616339] 	Address Type = Non-Secure DRAM
[2022-03-13 14:59:11] [   34.616388] 	Address = 0x802f6448 -- System RAM + 0x2f6448
[2022-03-13 14:59:11] [   34.616605] Bad mode in Error handler detected on CPU4, code 0xbf40c000 -- SError
[2022-03-13 14:59:11] [   34.616614] Kernel panic - not syncing: bad mode
[2022-03-13 14:59:11] [   34.616627] CPU: 4 PID: 8134 Comm: mmult_redundant Not tainted 4.9.253-tegra #1
[2022-03-13 14:59:11] [   34.616633] Hardware name: quill (DT)
[2022-03-13 14:59:11] [   34.616638] Call trace:
[2022-03-13 14:59:11] [   34.616663] [<ffffff800808ba40>] dump_backtrace+0x0/0x198
[2022-03-13 14:59:11] [   34.616678] [<ffffff800808c004>] show_stack+0x24/0x30
[2022-03-13 14:59:11] [   34.616695] [<ffffff8008f6121c>] dump_stack+0xa0/0xc4
[2022-03-13 14:59:11] [   34.616709] [<ffffff8008f5e2c0>] panic+0x12c/0x2a8
[2022-03-13 14:59:11] [   34.616722] [<ffffff800808c894>] bad_mode+0x7c/0x80
[2022-03-13 14:59:11] [   34.616735] [<ffffff800808ca5c>] handle_serr+0x124/0x128
[2022-03-13 14:59:11] [   34.616745] [<ffffff8008082f20>] el0_serr+0xf4/0xfc
[2022-03-13 14:59:11] [   34.616759] SMP: stopping secondary CPUs
[2022-03-13 14:59:11] [   34.788705] Kernel Offset: disabled
[2022-03-13 14:59:11] [   34.792211] Memory Limit: none
[2022-03-13 14:59:11] [   34.795277] trusty-log panic notifier - trusty version Built: 12:20:14 Jul 26 2021 [   34.831151] Rebooting in 5 seconds..
[2022-03-13 14:59:16] [0000.163] I> Welcome to MB2(TBoot-BPMP)(version: 01.00.160913-t186-M-00.00-mobile-c368a720)
[2022-03-13 14:59:16] [0000.172] I> Boot-device: eMMC
[2022-03-13 14:59:16] [0000.179] I> sdmmc bdev is already initialized
[2022-03-13 14:59:16] [0000.184] I> pmic: reset reason (nverc)	: 0x0
[2022-03-13 14:59:16] [0000.217] I> Found 19 partitions in SDMMC_BOOT (instance 3)
[2022-03-13 14:59:16] [0000.236] I> Found 33 partitions in SDMMC_USER (instance 3)
[2022-03-13 14:59:16] [0000.242] W> No valid slot number is found in scratch register
[2022-03-13 14:59:16] [0000.248] W> Return default slot: _a
[2022-03-13 14:59:16] [0000.251] I> A/B: bin_type (16) slot 0
[2022-03-13 14:59:16] [0000.255] I> Loading partition bpmp-fw at 0xd7800000
[2022-03-13 14:59:16] [0000.260] I> Reading two headers - addr:0xd7800000 blocks:1
[2022-03-13 14:59:16] [0000.265] I> Addr: 0xd7800000, start-block: 58777608, num_blocks: 1
[2022-03-13 14:59:16] [0000.290] I> Binary(16) of size 534416 is loaded @ 0xd7800000
[2022-03-13 14:59:16] [0000.296] W> No valid slot number is found in scratch register
[2022-03-13 14:59:16] [0000.302] W> Return default slot: _a
[2022-03-13 14:59:16] [0000.305] I> A/B: bin_type (17) slot 0
[2022-03-13 14:59:16] [0000.309] I> Loading partition bpmp-fw-dtb at 0xd79f0000
[2022-03-13 14:59:16] [0000.314] I> Reading two headers - addr:0xd79f0000 blocks:1
[2022-03-13 14:59:16] [0000.319] I> Addr: 0xd79f0000, start-block: 58780024, num_blocks: 1
[2022-03-13 14:59:16] [0000.345] I> Binary(17) of size 604720 is loaded @ 0xd796c400
[2022-03-13 14:59:16] [0000.574] I> Loading SCE-FW ...
[2022-03-13 14:59:16] [0000.577] W> No valid slot number is found in scratch register
[2022-03-13 14:59:16] [0000.582] W> Return default slot: _a
[2022-03-13 14:59:16] [0000.586] I> A/B: bin_type (12) slot 0
[2022-03-13 14:59:16] [0000.589] I> Loading partition sce-fw at 0xd7300000
[2022-03-13 14:59:16] [0000.594] I> Reading two headers - addr:0xd7300000 blocks:1
[2022-03-13 14:59:16] [0000.599] I> Addr: 0xd7300000, start-block: 58784120, num_blocks: 1
[2022-03-13 14:59:16] [0000.619] I> Binary(12) of size 125632 is loaded @ 0xd7300000
[2022-03-13 14:59:16] [0000.624] I> Init SCE
[2022-03-13 14:59:16] [0000.627] I> Loading APE-FW ...
[2022-03-13 14:59:16] [0000.630] W> No valid slot number is found in scratch register
[2022-03-13 14:59:16] [0000.635] W> Return default slot: _a
[2022-03-13 14:59:16] [0000.639] I> A/B: bin_type (11) slot 0
[2022-03-13 14:59:16] [0000.642] I> Loading partition adsp-fw at 0xd7400000
[2022-03-13 14:59:16] [0000.647] I> Reading two headers - addr:0xd7400000 blocks:1
[2022-03-13 14:59:16] [0000.653] I> Addr: 0xd7400000, start-block: 58761224, num_blocks: 1
[2022-03-13 14:59:16] [0000.672] I> Binary(11) of size 77216 is loaded @ 0xd7400000
[2022-03-13 14:59:16] [0000.677] I> Copy BTCM section
[2022-03-13 14:59:16] [0000.680] W> No valid slot number is found in scratch register
[2022-03-13 14:59:16] [0000.686] W> Return default slot: _a
[2022-03-13 14:59:16] [0000.689] I> A/B: bin_type (13) slot 0
[2022-03-13 14:59:16] [0000.693] I> Loading partition cpu-bootloader at 0x96000000
[2022-03-13 14:59:16] [0000.699] I> Reading two headers - addr:0x96000000 blocks:1
[2022-03-13 14:59:16] [0000.704] I> Addr: 0x96000000, start-block: 58740744, num_blocks: 1
[2022-03-13 14:59:16] [0000.725] I> Binary(13) of size 308800 is loaded @ 0x96000000
[2022-03-13 14:59:16] [0000.731] W> No valid slot number is found in scratch register
[2022-03-13 14:59:16] [0000.736] W> Return default slot: _a
[2022-03-13 14:59:16] [0000.740] I> A/B: bin_type (20) slot 0
[2022-03-13 14:59:16] [0000.743] I> Loading partition bootloader-dtb at 0x85205400
[2022-03-13 14:59:16] [0000.749] I> Reading two headers - addr:0x85205400 blocks:1
[2022-03-13 14:59:16] [0000.754] I> Addr: 0x85205400, start-block: 58742792, num_blocks: 1
[2022-03-13 14:59:16] [0000.776] I> Binary(20) of size 375568 is loaded @ 0x85205400
[2022-03-13 14:59:16] [0000.782] W> No valid slot number is found in scratch register
[2022-03-13 14:59:17] [0000.787] W> Return default slot: _a
[2022-03-13 14:59:17] [0000.791] I> A/B: bin_type (14) slot 0
[2022-03-13 14:59:17] [0000.795] I> Loading partition secure-os at 0x85305600
[2022-03-13 14:59:17] [0000.800] I> Reading two headers - addr:0x85305600 blocks:1
[2022-03-13 14:59:17] [0000.805] I> Addr: 0x85305600, start-block: 58744840, num_blocks: 1
[2022-03-13 14:59:17] [0000.827] I> Binary(14) of size 402864 is loaded @ 0x85305600
[2022-03-13 14:59:17] [0000.835] I> TOS boot-params @ 0x85000000
[2022-03-13 14:59:17] [0000.839] I> TOS params prepared
[2022-03-13 14:59:17] [0000.842] I> Loading EKS ...
[2022-03-13 14:59:17] [0000.844] I> A/B: bin_type (15) slot 0
[2022-03-13 14:59:17] [0000.848] I> Loading partition eks at 0x85905800
[2022-03-13 14:59:17] [0000.853] I> Reading two headers - addr:0x85905800 blocks:1
[2022-03-13 14:59:17] [0000.858] I> Addr: 0x85905800, start-block: 58757128, num_blocks: 1
[2022-03-13 14:59:17] [0000.877] I> Binary(15) of size 1040 is loaded @ 0x85905800
[2022-03-13 14:59:17] [0000.882] I> EKB detected (length: 0x400) @ 0x85905800
[2022-03-13 14:59:17] [0000.887] I> Copied encrypted keys
[2022-03-13 14:59:17] [0000.891] I> boot profiler @ 0x275844000
[2022-03-13 14:59:17] [0000.895] I> boot profiler for TOS @ 0x275844000
[2022-03-13 14:59:17] [0000.900] I> Unhalting SCE
[2022-03-13 14:59:17] [0000.902] I> Primary Memory Start:80000000 Size:70000000
[2022-03-13 14:59:17] [0000.908] I> Extended Memory Start:f0110000 Size:1856f0000
[2022-03-13 14:59:17] [0000.914] I> MB2(TBoot-BPMP) done
[2022-03-13 14:59:17] 
[2022-03-13 14:59:17] NOTICE:  BL31: v1.3(release):b5eeb33f7
[2022-03-13 14:59:17] NOTICE:  BL31: Built : 12:15:17, Jul 26 2021
[2022-03-13 14:59:17] ipc-unittest-main: 1519: Welcome to IPC unittest!!!
[2022-03-13 14:59:17] ipc-unittest-main: 1531: waiting forever
[2022-03-13 14:59:17] ipc-unittest-srv: 329: Init unittest services!!!
[2022-03-13 14:59:17] hwkey-agent: 41: hwkey-agent is running!!
[2022-03-13 14:59:17] hwkey-agent: 315: key_mgnt_processing .......
[2022-03-13 14:59:17] hwkey-agent: 223: Setting EKB key 0 to slot 14
[2022-03-13 14:59:17] hwkey-agent: 178: Init hweky-agent services!!
[2022-03-13 14:59:17] luks-srv: 40: luks-srv is running!!
[2022-03-13 14:59:17] luks-srv: 157: Init luks-srv IPC services!!
[2022-03-13 14:59:17] platform_bootstrap_epilog: trusty bootstrap complete
[2022-03-13 14:59:17] [0001.287] I> Welcome to Cboot
[2022-03-13 14:59:17] [0001.290] I> Cboot Version: t186-00029e71
[2022-03-13 14:59:17] [0001.293] I> CPU-BL Params @ 0x275800000
[2022-03-13 14:59:17] [0001.297] I>  0) Base:0x00000000 Size:0x00000000
[2022-03-13 14:59:17] [0001.302] I>  1) Base:0x277f00000 Size:0x00100000
[2022-03-13 14:59:17] [0001.306] I>  2) Base:0x277e00000 Size:0x00100000
[2022-03-13 14:59:17] [0001.311] I>  3) Base:0x277d00000 Size:0x00100000
[2022-03-13 14:59:17] [0001.315] I>  4) Base:0x277c00000 Size:0x00100000
[2022-03-13 14:59:17] [0001.320] I>  5) Base:0x277b00000 Size:0x00100000
[2022-03-13 14:59:17] [0001.324] I>  6) Base:0x277800000 Size:0x00200000
[2022-03-13 14:59:17] [0001.329] I>  7) Base:0x277400000 Size:0x00400000
[2022-03-13 14:59:17] [0001.333] I>  8) Base:0x277a00000 Size:0x00100000
[2022-03-13 14:59:17] [0001.338] I>  9) Base:0x277300000 Size:0x00100000
[2022-03-13 14:59:17] [0001.342] I> 10) Base:0x276800000 Size:0x00800000
[2022-03-13 14:59:17] [0001.347] I> 11) Base:0x30000000 Size:0x00040000
[2022-03-13 14:59:17] [0001.351] I> 12) Base:0xf0000000 Size:0x00100000
[2022-03-13 14:59:17] [0001.356] I> 13) Base:0x30040000 Size:0x00001000
[2022-03-13 14:59:17] [0001.360] I> 14) Base:0x30048000 Size:0x00001000
[2022-03-13 14:59:17] [0001.364] I> 15) Base:0x30049000 Size:0x00001000
[2022-03-13 14:59:17] [0001.369] I> 16) Base:0x3004a000 Size:0x00001000
[2022-03-13 14:59:17] [0001.373] I> 17) Base:0x3004b000 Size:0x00001000
[2022-03-13 14:59:17] [0001.378] I> 18) Base:0x3004c000 Size:0x00001000
[2022-03-13 14:59:17] [0001.382] I> 19) Base:0x3004d000 Size:0x00001000
[2022-03-13 14:59:17] [0001.387] I> 20) Base:0x3004e000 Size:0x00001000
[2022-03-13 14:59:17] [0001.391] I> 21) Base:0x3004f000 Size:0x00001000
[2022-03-13 14:59:17] [0001.395] I> 22) Base:0x00000000 Size:0x00000000
[2022-03-13 14:59:17] [0001.400] I> 23) Base:0xf0100000 Size:0x00010000
[2022-03-13 14:59:17] [0001.404] I> 24) Base:0x00000000 Size:0x00000000
[2022-03-13 14:59:17] [0001.409] I> 25) Base:0x00000000 Size:0x00000000
[2022-03-13 14:59:17] [0001.413] I> 26) Base:0x00000000 Size:0x00000000
[2022-03-13 14:59:17] [0001.418] I> 27) Base:0x00000000 Size:0x00000000
[2022-03-13 14:59:17] [0001.422] I> 28) Base:0x84400000 Size:0x00400000
[2022-03-13 14:59:17] [0001.426] I> 29) Base:0x30000000 Size:0x00010000
[2022-03-13 14:59:17] [0001.431] I> 30) Base:0x278000000 Size:0x08000000
[2022-03-13 14:59:17] [0001.435] I> 31) Base:0x00000000 Size:0x00000000
[2022-03-13 14:59:17] [0001.440] I> 32) Base:0x276000000 Size:0x00600000
[2022-03-13 14:59:17] [0001.444] I> 33) Base:0x80000000 Size:0x70000000
[2022-03-13 14:59:17] [0001.449] I> 34) Base:0xf0110000 Size:0x1856f0000
[2022-03-13 14:59:17] [0001.453] I> 35) Base:0x00000000 Size:0x00000000
[2022-03-13 14:59:17] [0001.458] I> 36) Base:0x00000000 Size:0x00000000
[2022-03-13 14:59:17] [0001.462] I> 37) Base:0x2772e0000 Size:0x00020000
[2022-03-13 14:59:17] [0001.467] I> 38) Base:0x84000000 Size:0x00400000
[2022-03-13 14:59:17] [0001.471] I> 39) Base:0x96000000 Size:0x02000000
[2022-03-13 14:59:17] [0001.476] I> 40) Base:0x85000000 Size:0x01200000
[2022-03-13 14:59:17] [0001.480] I> 41) Base:0x275800000 Size:0x00500000
[2022-03-13 14:59:17] [0001.485] I> 42) Base:0x00000000 Size:0x00000000
[2022-03-13 14:59:17] [0001.489] I> 43) Base:0x00000000 Size:0x00000000
[2022-03-13 14:59:17] [0001.493] GIC-SPI Target CPU: 4
[2022-03-13 14:59:17] [0001.497] Interrupts Init done
[2022-03-13 14:59:17] [0001.500] calling constructors
[2022-03-13 14:59:17] [0001.503] initializing heap
[2022-03-13 14:59:17] [0001.506] initializing threads
[2022-03-13 14:59:17] [0001.509] initializing timers
[2022-03-13 14:59:17] [0001.512] creating bootstrap completion thread
[2022-03-13 14:59:17] [0001.517] top of bootstrap2()
[2022-03-13 14:59:17] [0001.520] CPU: ARM Cortex A57
[2022-03-13 14:59:17] [0001.523] CPU: MIDR: 0x411FD073, MPIDR: 0x80000100
[2022-03-13 14:59:17] [0001.528] initializing platform
[2022-03-13 14:59:17] [0001.531] I> Bl_dtb @0x85205400
[2022-03-13 14:59:17] [0001.534] I> gpio framework initialized
[2022-03-13 14:59:17] [0001.541] I> tegrabl_gpio_driver_register: register 'nvidia,tegra186-gpio' driver
[2022-03-13 14:59:17] [0001.551] I> tegrabl_gpio_driver_register: register 'nvidia,tegra186-gpio-aon' driver
[2022-03-13 14:59:17] [0001.559] I> GPIO framework and drivers are initialized.
[2022-03-13 14:59:17] [0001.564] I> Boot-device: eMMC
[2022-03-13 14:59:17] [0001.571] I> sdmmc bdev is already initialized
[2022-03-13 14:59:17] [0001.602] I> Found 19 partitions in SDMMC_BOOT (instance 3)
[2022-03-13 14:59:17] [0001.619] I> Found 33 partitions in SDMMC_USER (instance 3)
[2022-03-13 14:59:17] [0001.625] W> opt-in fuse is not set, skip fuse_burning
[2022-03-13 14:59:17] [0001.630] I> Reserved memory at 0xfbe00000 for U-Boot relocation
[2022-03-13 14:59:17] [0001.635] W> No valid slot number is found in scratch register
[2022-03-13 14:59:17] [0001.641] W> Return default slot: _a
[2022-03-13 14:59:17] [0001.651] I> A/B: bin_type (21) slot 0
[2022-03-13 14:59:17] [0001.654] I> Loading kernel-dtb from partition
[2022-03-13 14:59:17] [0001.658] I> Loading partition kernel-dtb at 0x80000000 from device(0x1)
[2022-03-13 14:59:17] [0001.675] I> Kernel_dtb @0x80000000
[2022-03-13 14:59:17] [0001.679] I> tegrabl_tca9539_init: i2c bus: 0, slave addr: 0xee
[2022-03-13 14:59:17] [0001.689] I> tegrabl_gpio_driver_register: register 'tca9539_gpio_driver' driver
[2022-03-13 14:59:17] [0001.696] I> tegrabl_tca9539_init: i2c bus: 0, slave addr: 0xe8
[2022-03-13 14:59:17] [0001.705] I> tegrabl_gpio_driver_register: register 'tca9539_gpio_driver' driver
[2022-03-13 14:59:17] [0001.716] I> fixed regulator driver initialized
[2022-03-13 14:59:17] [0001.749] I> register 'maxim' power off handle
[2022-03-13 14:59:17] [0001.755] I> virtual i2c enabled
[2022-03-13 14:59:17] [0001.758] I> registered 'maxim,max77620' pmic
[2022-03-13 14:59:17] [0001.763] I> tegrabl_gpio_driver_register: register 'max77620-gpio' driver
[2022-03-13 14:59:17] [0001.776] E> failed to read[0000.263] I> Welcome to MB2(TBoot-BPMP)(version: 01.00.160913-t186-M-00.00-mobile-c368a720)
[2022-03-13 14:59:21] [0000.271] I> Boot-device: eMMC
[2022-03-13 14:59:21] [0000.278] I> sdmmc bdev is already initialized
[2022-03-13 14:59:21] [0000.283] I> pmic: reset reason (nverc)	: 0x80
[2022-03-13 14:59:21] [0000.316] I> Found 19 partitions in SDMMC_BOOT (instance 3)
[2022-03-13 14:59:21] [0000.336] I> Found 33 partitions in SDMMC_USER (instance 3)
[2022-03-13 14:59:21] [0000.342] W> No valid slot number is found in scratch register
[2022-03-13 14:59:21] [0000.348] W> Return default slot: _a
[2022-03-13 14:59:21] [0000.351] I> A/B: bin_type (16) slot 0
[2022-03-13 14:59:21] [0000.355] I> Loading partition bpmp-fw at 0xd7800000
[2022-03-13 14:59:21] [0000.360] I> Reading two headers - addr:0xd7800000 blocks:1
[2022-03-13 14:59:21] [0000.365] I> Addr: 0xd7800000, start-block: 58777608, num_blocks: 1
[2022-03-13 14:59:21] [0000.390] I> Binary(16) of size 534416 is loaded @ 0xd7800000
[2022-03-13 14:59:21] [0000.396] W> No valid slot number is found in scratch register
[2022-03-13 14:59:21] [0000.401] W> Return default slot: _a
[2022-03-13 14:59:21] [0000.405] I> A/B: bin_type (17) slot 0
[2022-03-13 14:59:21] [0000.408] I> Loading partition bpmp-fw-dtb at 0xd79f0000
[2022-03-13 14:59:21] [0000.414] I> Reading two headers - addr:0xd79f0000 blocks:1
[2022-03-13 14:59:21] [0000.419] I> Addr: 0xd79f0000, start-block: 58780024, num_blocks: 1
[2022-03-13 14:59:21] [0000.445] I> Binary(17) of size 604720 is loaded @ 0xd796c400
[2022-03-13 14:59:21] [0000.675] I> Loading SCE-FW ...
[2022-03-13 14:59:21] [0000.678] W> No valid slot number is found in scratch register
[2022-03-13 14:59:21] [0000.683] W> Return default slot: _a
[2022-03-13 14:59:21] [0000.687] I> A/B: bin_type (12) slot 0
[2022-03-13 14:59:21] [0000.690] I> Loading partition sce-fw at 0xd7300000
[2022-03-13 14:59:21] [0000.695] I> Reading two headers - addr:0xd7300000 blocks:1
[2022-03-13 14:59:21] [0000.701] I> Addr: 0xd7300000, start-block: 58784120, num_blocks: 1
[2022-03-13 14:59:21] [0000.720] I> Binary(12) of size 125632 is loaded @ 0xd7300000
[2022-03-13 14:59:21] [0000.725] I> Init SCE
[2022-03-13 14:59:21] [0000.728] I> Loading APE-FW ...
[2022-03-13 14:59:21] [0000.731] W> No valid slot number is found in scratch register
[2022-03-13 14:59:21] [0000.736] W> Return default slot: _a
[2022-03-13 14:59:21] [0000.740] I> A/B: bin_type (11) slot 0
[2022-03-13 14:59:21] [0000.743] I> Loading partition adsp-fw at 0xd7400000
[2022-03-13 14:59:21] [0000.748] I> Reading two headers - addr:0xd7400000 blocks:1
[2022-03-13 14:59:21] [0000.754] I> Addr: 0xd7400000, start-block: 58761224, num_blocks: 1
[2022-03-13 14:59:21] [0000.773] I> Binary(11) of size 77216 is loaded @ 0xd7400000
[2022-03-13 14:59:21] [0000.778] I> Copy BTCM section
[2022-03-13 14:59:21] [0000.781] W> No valid slot number is found in scratch register
[2022-03-13 14:59:21] [0000.787] W> Return default slot: _a
[2022-03-13 14:59:21] [0000.791] I> A/B: bin_type (13) slot 0
[2022-03-13 14:59:21] [0000.794] I> Loading partition cpu-bootloader at 0x96000000
[2022-03-13 14:59:21] [0000.800] I> Reading two headers - addr:0x96000000 blocks:1
[2022-03-13 14:59:21] [0000.805] I> Addr: 0x96000000, start-block: 58740744, num_blocks: 1
[2022-03-13 14:59:21] [0000.826] I> Binary(13) of size 308800 is loaded @ 0x96000000
[2022-03-13 14:59:21] [0000.832] W> No valid slot number is found in scratch register
[2022-03-13 14:59:21] [0000.837] W> Return default slot: _a
[2022-03-13 14:59:21] [0000.841] I> A/B: bin_type (20) slot 0
[2022-03-13 14:59:21] [0000.844] I> Loading partition bootloader-dtb at 0x85205400
[2022-03-13 14:59:21] [0000.850] I> Reading two headers - addr:0x85205400 blocks:1
[2022-03-13 14:59:21] [0000.855] I> Addr: 0x85205400, start-block: 58742792, num_blocks: 1
[2022-03-13 14:59:21] [0000.877] I> Binary(20) of size 375568 is loaded @ 0x85205400
[2022-03-13 14:59:21] [0000.883] W> No valid slot number is found in scratch register
[2022-03-13 14:59:21] [0000.889] W> Return default slot: _a
[2022-03-13 14:59:21] [0000.892] I> A/B: bin_type (14) slot 0
[2022-03-13 14:59:21] [0000.896] I> Loading partition secure-os at 0x85305600
[2022-03-13 14:59:21] [0000.901] I> Reading two headers - addr:0x85305600 blocks:1
[2022-03-13 14:59:21] [0000.906] I> Addr: 0x85305600, start-block: 58744840, num_blocks: 1
[2022-03-13 14:59:21] [0000.929] I> Binary(14) of size 402864 is loaded @ 0x85305600
[2022-03-13 14:59:22] [0000.936] I> TOS boot-params @ 0x85000000
[2022-03-13 14:59:22] [0000.940] I> TOS params prepared
[2022-03-13 14:59:22] [0000.943] I> Loading EKS ...
[2022-03-13 14:59:22] [0000.946] I> A/B: bin_type (15) slot 0
[2022-03-13 14:59:22] [0000.950] I> Loading partition eks at 0x85905800
[2022-03-13 14:59:22] [0000.954] I> Reading two headers - addr:0x85905800 blocks:1
[2022-03-13 14:59:22] [0000.960] I> Addr: 0x85905800, start-block: 58757128, num_blocks: 1
[2022-03-13 14:59:22] [0000.978] I> Binary(15) of size 1040 is loaded @ 0x85905800
[2022-03-13 14:59:22] [0000.984] I> EKB detected (length: 0x400) @ 0x85905800
[2022-03-13 14:59:22] [0000.989] I> Copied encrypted keys
[2022-03-13 14:59:22] [0000.993] I> boot profiler @ 0x275844000
[2022-03-13 14:59:22] [0000.996] I> boot profiler for TOS @ 0x275844000
[2022-03-13 14:59:22] [0001.001] I> Unhalting SCE
[2022-03-13 14:59:22] [0001.004] I> Primary Memory Start:80000000 Size:70000000
[2022-03-13 14:59:22] [0001.009] I> Extended Memory Start:f0110000 Size:1856f0000
[2022-03-13 14:59:22] [0001.016] I> MB2(TBoot-BPMP) done
[2022-03-13 14:59:22] 
[2022-03-13 14:59:22] NOTICE:  BL31: v1.3(release):b5eeb33f7
[2022-03-13 14:59:22] NOTICE:  BL31: Built : 12:15:17, Jul 26 2021
[2022-03-13 14:59:22] ipc-unittest-main: 1519: Welcome to IPC unittest!!!
[2022-03-13 14:59:22] ipc-unittest-main: 1531: waiting forever
[2022-03-13 14:59:22] ipc-unittest-srv: 329: Init unittest services!!!
[2022-03-13 14:59:22] hwkey-agent: 41: hwkey-agent is running!!
[2022-03-13 14:59:22] hwkey-agent: 315: key_mgnt_processing .......
[2022-03-13 14:59:22] hwkey-agent: 223: Setting EKB key 0 to slot 14
[2022-03-13 14:59:22] hwkey-agent: 178: Init hweky-agent services!!
[2022-03-13 14:59:22] luks-srv: 40: luks-srv is running!!
[2022-03-13 14:59:22] luks-srv: 157: Init luks-srv IPC services!!
[2022-03-13 14:59:22] platform_bootstrap_epilog: trusty bootstrap complete
[2022-03-13 14:59:22] [0001.388] I> Welcome to Cboot
[2022-03-13 14:59:22] [0001.391] I> Cboot Version: t186-00029e71
[2022-03-13 14:59:22] [0001.395] I> CPU-BL Params @ 0x275800000
[2022-03-13 14:59:22] [0001.399] I>  0) Base:0x00000000 Size:0x00000000
[2022-03-13 14:59:22] [0001.403] I>  1) Base:0x277f00000 Size:0x00100000
[2022-03-13 14:59:22] [0001.408] I>  2) Base:0x277e00000 Size:0x00100000
[2022-03-13 14:59:22] [0001.412] I>  3) Base:0x277d00000 Size:0x00100000
[2022-03-13 14:59:22] [0001.417] I>  4) Base:0x277c00000 Size:0x00100000
[2022-03-13 14:59:22] [0001.421] I>  5) Base:0x277b00000 Size:0x00100000
[2022-03-13 14:59:22] [0001.426] I>  6) Base:0x277800000 Size:0x00200000
[2022-03-13 14:59:22] [0001.430] I>  7) Base:0x277400000 Size:0x00400000
[2022-03-13 14:59:22] [0001.435] I>  8) Base:0x277a00000 Size:0x00100000
[2022-03-13 14:59:22] [0001.439] I>  9) Base:0x277300000 Size:0x00100000
[2022-03-13 14:59:22] [0001.444] I> 10) Base:0x276800000 Size:0x00800000
[2022-03-13 14:59:22] [0001.448] I> 11) Base:0x30000000 Size:0x00040000
[2022-03-13 14:59:22] [0001.453] I> 12) Base:0xf0000000 Size:0x00100000
[2022-03-13 14:59:22] [0001.457] I> 13) Base:0x30040000 Size:0x00001000
[2022-03-13 14:59:22] [0001.462] I> 14) Base:0x30048000 Size:0x00001000
[2022-03-13 14:59:22] [0001.466] I> 15) Base:0x30049000 Size:0x00001000
[2022-03-13 14:59:22] [0001.471] I> 16) Base:0x3004a000 Size:0x00001000
[2022-03-13 14:59:22] [0001.475] I> 17) Base:0x3004b000 Size:0x00001000
[2022-03-13 14:59:22] [0001.479] I> 18) Base:0x3004c000 Size:0x00001000
[2022-03-13 14:59:22] [0001.484] I> 19) Base:0x3004d000 Size:0x00001000
[2022-03-13 14:59:22] [0001.488] I> 20) Base:0x3004e000 Size:0x00001000
[2022-03-13 14:59:22] [0001.493] I> 21) Base:0x3004f000 Size:0x00001000
[2022-03-13 14:59:22] [0001.497] I> 22) Base:0x00000000 Size:0x00000000
[2022-03-13 14:59:22] [0001.502] I> 23) Base:0xf0100000 Size:0x00010000
[2022-03-13 14:59:22] [0001.506] I> 24) Base:0x00000000 Size:0x00000000
[2022-03-13 14:59:22] [0001.510] I> 25) Base:0x00000000 Size:0x00000000
[2022-03-13 14:59:22] [0001.515] I> 26) Base:0x00000000 Size:0x00000000
[2022-03-13 14:59:22] [0001.519] I> 27) Base:0x00000000 Size:0x00000000
[2022-03-13 14:59:22] [0001.524] I> 28) Base:0x84400000 Size:0x00400000
[2022-03-13 14:59:22] [0001.528] I> 29) Base:0x30000000 Size:0x00010000
[2022-03-13 14:59:22] [0001.533] I> 30) Base:0x278000000 Size:0x08000000
[2022-03-13 14:59:22] [0001.537] I> 31) Base:0x00000000 Size:0x00000000
[2022-03-13 14:59:22] [0001.542] I> 32) Base:0x276000000 Size:0x00600000
[2022-03-13 14:59:22] [0001.546] I> 33) Base:0x80000000 Size:0x70000000
[2022-03-13 14:59:22] [0001.550] I> 34) Base:0xf0110000 Size:0x1856f0000
[2022-03-13 14:59:22] [0001.555] I> 35) Base:0x00000000 Size:0x00000000
[2022-03-13 14:59:22] [0001.559] I> 36) Base:0x00000000 Size:0x00000000
[2022-03-13 14:59:22] [0001.564] I> 37) Base:0x2772e0000 Size:0x00020000
[2022-03-13 14:59:22] [0001.568] I> 38) Base:0x84000000 Size:0x00400000
[2022-03-13 14:59:22] [0001.573] I> 39) Base:0x96000000 Size:0x02000000
[2022-03-13 14:59:22] [0001.577] I> 40) Base:0x85000000 Size:0x01200000
[2022-03-13 14:59:22] [0001.582] I> 41) Base:0x275800000 Size:0x00500000
[2022-03-13 14:59:22] [0001.586] I> 42) Base:0x00000000 Size:0x00000000
[2022-03-13 14:59:22] [0001.591] I> 43) Base:0x00000000 Size:0x00000000
[2022-03-13 14:59:22] [0001.595] GIC-SPI Target CPU: 4
[2022-03-13 14:59:22] [0001.598] Interrupts Init done
[2022-03-13 14:59:22] [0001.602] calling constructors
[2022-03-13 14:59:22] [0001.605] initializing heap
[2022-03-13 14:59:22] [0001.607] initializing threads
[2022-03-13 14:59:22] [0001.611] initializing timers
[2022-03-13 14:59:22] [0001.614] creating bootstrap completion thread
[2022-03-13 14:59:22] [0001.618] top of bootstrap2()
[2022-03-13 14:59:22] [0001.622] CPU: ARM Cortex A57
[2022-03-13 14:59:22] [0001.625] CPU: MIDR: 0x411FD073, MPIDR: 0x80000100
[2022-03-13 14:59:22] [0001.630] initializing platform
[2022-03-13 14:59:22] [0001.633] I> Bl_dtb @0x85205400
[2022-03-13 14:59:22] [0001.636] I> gpio framework initialized
[2022-03-13 14:59:22] [0001.642] I> tegrabl_gpio_driver_register: register 'nvidia,tegra186-gpio' driver
[2022-03-13 14:59:22] [0001.653] I> tegrabl_gpio_driver_register: register 'nvidia,tegra186-gpio-aon' driver
[2022-03-13 14:59:22] [0001.660] I> GPIO framework and drivers are initialized.
[2022-03-13 14:59:22] [0001.665] I> Boot-device: eMMC
[2022-03-13 14:59:22] [0001.673] I> sdmmc bdev is already initialized
[2022-03-13 14:59:22] [0001.704] I> Found 19 partitions in SDMMC_BOOT (instance 3)
[2022-03-13 14:59:22] [0001.721] I> Found 33 partitions in SDMMC_USER (instance 3)
[2022-03-13 14:59:22] [0001.727] W> opt-in fuse is not set, skip fuse_burning
[2022-03-13 14:59:22] [0001.732] I> Reserved memory at 0xfbe00000 for U-Boot relocation
[2022-03-13 14:59:22] [0001.737] W> No valid slot number is found in scratch register
[2022-03-13 14:59:22] [0001.743] W> Return default slot: _a
[2022-03-13 14:59:22] [0001.753] I> A/B: bin_type (21) slot 0
[2022-03-13 14:59:22] [0001.756] I> Loading kernel-dtb from partition
[2022-03-13 14:59:22] [0001.760] I> Loading partition kernel-dtb at 0x80000000 from device(0x1)
[2022-03-13 14:59:22] [0001.778] I> Kernel_dtb @0x80000000
[2022-03-13 14:59:22] [0001.781] I> tegrabl_tca9539_init: i2c bus: 0, slave addr: 0xee
[2022-03-13 14:59:22] [0001.791] I> tegrabl_gpio_driver_register: register 'tca9539_gpio_driver' driver
[2022-03-13 14:59:22] [0001.798] I> tegrabl_tca9539_init: i2c bus: 0, slave addr: 0xe8
[2022-03-13 14:59:22] [0001.807] I> tegrabl_gpio_driver_register: register 'tca9539_gpio_driver' driver
[2022-03-13 14:59:22] [0001.818] I> fixed regulator driver initialized
[2022-03-13 14:59:22] [0001.851] I> register 'maxim' power off handle
[2022-03-13 14:59:22] [0001.857] I> virtual i2c enabled
[2022-03-13 14:59:22] [0001.860] I> registered 'maxim,max77620' pmic
[2022-03-13 14:59:22] [0001.865] I> tegrabl_gpio_driver_register: register 'max77620-gpio' driver
[2022-03-13 14:59:22] [0001.879] E> failed to read label property for node 324936: 13
[2022-03-13 14:59:22] [0001.887] E> failed to read reg property for node 325032: 13
[2022-03-13 14:59:22] [0001.895] E> failed to read reg property for node 325084: 13
[2022-03-13 14:59:22] [0001.903] E> failed to read label property for node 325168: 13
[2022-03-13 14:59:22] [0001.912] E> failed to read label property for node 325236: 13
[2022-03-13 14:59:22] [0001.920] E> failed to read reg property for node 325304: 13
[2022-03-13 14:59:22] [0001.929] E> failed to read reg property for node 325376: 13
[2022-03-13 14:59:23] [0001.939] I> Find /i2c@c250000's alias i2c7
[2022-03-13 14:59:23] [0001.943] I> Reading eeprom i2c=7 address=0x50
[2022-03-13 14:59:23] [0001.972] I> Device at /i2c@c250000:0x50
[2022-03-13 14:59:23] [0001.976] I> Reading eeprom i2c=7 address=0x57
[2022-03-13 14:59:23] [0002.005] I> Device at /i2c@c250000:0x57
[2022-03-13 14:59:23] [0002.009] I> Find /i2c@c240000's alias i2c1
[2022-03-13 14:59:23] [0002.013] I> Reading eeprom i2c=1 address=0x51
[2022-03-13 14:59:23] [0002.018] E> I2C: slave not found in slaves.
[2022-03-13 14:59:23] [0002.022] E> I2C: Could not write 0 bytes to slave: 0x00a2 with repeat start true.
[2022-03-13 14:59:23] [0002.030] E> I2C_DEV: Failed to send register address 0x00000000.
[2022-03-13 14:59:23] [0002.036] E> I2C_DEV: Could not read 256 registers of size 1 from slave 0xa2 at 0x00000000 via instance 1.
[2022-03-13 14:59:23] [0002.045] E> eeprom: Retry to read I2C slave device.
[2022-03-13 14:59:23] [0002.050] E> I2C: slave not found in slaves.
[2022-03-13 14:59:23] [0002.054] E> I2C: Could not write 0 bytes to slave: 0x00a2 with repeat start true.
[2022-03-13 14:59:23] [0002.062] E> I2C_DEV: Failed to send register address 0x00000000.
[2022-03-13 14:59:23] [0002.068] E> I2C_DEV: Could not read 256 registers of size 1 from slave 0xa2 at 0x00000000 via instance 1.
[2022-03-13 14:59:23] [0002.077] E> eeprom: Failed to read I2C slave device
[2022-03-13 14:59:23] [0002.082] I> Eeprom read failed 0x3526070d
[2022-03-13 14:59:23] [0002.087] I> Find /i2c@3160000's alias i2c0
[2022-03-13 14:59:23] [0002.091] I> Reading eeprom i2c=0 address=0x50
[2022-03-13 14:59:23] [0002.095] E> I2C: slave not found in slaves.
[2022-03-13 14:59:23] [0002.099] E> I2C: Could not write 0 bytes to slave: 0x00a0 with repeat start true.
[2022-03-13 14:59:23] [0002.107] E> I2C_DEV: Failed to send register address 0x00000000.
[2022-03-13 14:59:23] [0002.113] E> I2C_DEV: Could not read 256 registers of size 1 from slave 0xa0 at 0x00000000 via instance 0.
[2022-03-13 14:59:23] [0002.122] E> eeprom: Failed to read I2C slave device
[2022-03-13 14:59:23] [0002.127] I> Eeprom read failed 0x3526070d
[2022-03-13 14:59:23] [0002.132] I> Find /i2c@3180000's alias i2c2
[2022-03-13 14:59:23] [0002.136] I> Reading eeprom i2c=2 address=0x54
[2022-03-13 14:59:23] [0002.140] I> Enabling gpio chip_id = 2, gpio pin = 9
[2022-03-13 14:59:23] [0002.171] I> Disabling gpio chip_id = 2, gpio pin = 9
[2022-03-13 14:59:23] [0002.176] I> Device at /i2c@3180000:0x54
[2022-03-13 14:59:23] [0002.180] I> Reading eeprom i2c=2 address=0x57
[2022-03-13 14:59:23] [0002.184] I> Enabling gpio chip_id = 2, gpio pin = 9
[2022-03-13 14:59:23] [0002.190] E> I2C: slave not found in slaves.
[2022-03-13 14:59:23] [0002.194] E> I2C: Could not write 0 bytes to slave: 0x00ae with repeat start true.
[2022-03-13 14:59:23] [0002.201] E> I2C_DEV: Failed to send register address 0x00000000.
[2022-03-13 14:59:23] [0002.207] E> I2C_DEV: Could not read 256 registers of size 1 from slave 0xae at 0x00000000 via instance 2.
[2022-03-13 14:59:23] [0002.217] E> eeprom: Failed to read I2C slave device
[2022-03-13 14:59:23] [0002.221] I> Disabling gpio chip_id = 2, gpio pin = 9
[2022-03-13 14:59:23] [0002.227] I> Eeprom read failed 0x00000000
[2022-03-13 14:59:23] [0002.231] I> create_pm_ids: id: 3310-1000-D00-L, len: 15
[2022-03-13 14:59:23] [0002.236] I> config: mem-type:00,power-config:00,misc-config:00,modem-config:00,touch-config:00,display-config:00,, len: 93
[2022-03-13 14:59:23] [0002.247] I> create_pm_ids: id: 2597-0000-900-E, len: 15
[2022-03-13 14:59:23] [0002.252] I> config: mem-type:00,power-config:00,misc-config:00,modem-config:00,touch-config:00,display-config:00,, len: 93
[2022-03-13 14:59:23] [0002.263] I> create_pm_ids: id: 3326-1000-000-M, len: 15
[2022-03-13 14:59:23] [0002.268] I> config: mem-type:ff,power-config:ff,misc-config:ff,modem-config:ff,touch-config:ff,display-config:ff,, len: 93
[2022-03-13 14:59:23] [0002.303] I> enabling 'vdd-hdmi' regulator
[2022-03-13 14:59:23] [0002.319] I> regulator 'vdd-hdmi' already enabled
[2022-03-13 14:59:23] [0002.323] E> tegrabl_display_init_regulator: hdmi cable is not connected
[2022-03-13 14:59:23] [0002.330] E> tegrabl_display_get_pdata, failed to parse dtb settings
[2022-03-13 14:59:23] [0002.338] E> cannot find any other nvdisp nodes
[2022-03-13 14:59:23] [0002.343] E> no valid display unit config found in dtb
[2022-03-13 14:59:23] [0002.349] W> display init failed
[2022-03-13 14:59:23] [0002.352] initializing target
[2022-03-13 14:59:23] [0002.355] calling apps_init()
[2022-03-13 14:59:23] [0002.358] starting app kernel_boot_app
[2022-03-13 14:59:23] [0002.380] I> found decompressor handler: lz4-legacy
[2022-03-13 14:59:23] [0002.385] I> decompressing BMP blob ...
[2022-03-13 14:59:23] [0002.397] I> Kernel type = Normal
[2022-03-13 14:59:23] [0002.400] I> ########## Fixed storage boot ##########
