[0000.303] I> Welcome to MB2(TBoot-BPMP)(version: 01.00.160913-t186-M-00.00-mobile-c368a720)
[2022-03-12 14:05:07] [0000.312] I> Boot-device: eMMC
[2022-03-12 14:05:07] [0000.319] I> sdmmc bdev is already initialized
[2022-03-12 14:05:07] [0000.324] I> pmic: reset reason (nverc)	: 0x80
[2022-03-12 14:05:07] [0000.357] I> Found 19 partitions in SDMMC_BOOT (instance 3)
[2022-03-12 14:05:07] [0000.376] I> Found 33 partitions in SDMMC_USER (instance 3)
[2022-03-12 14:05:07] [0000.382] W> No valid slot number is found in scratch register
[2022-03-12 14:05:07] [0000.388] W> Return default slot: _a
[2022-03-12 14:05:07] [0000.392] I> A/B: bin_type (16) slot 0
[2022-03-12 14:05:07] [0000.395] I> Loading partition bpmp-fw at 0xd7800000
[2022-03-12 14:05:07] [0000.400] I> Reading two headers - addr:0xd7800000 blocks:1
[2022-03-12 14:05:07] [0000.405] I> Addr: 0xd7800000, start-block: 58777608, num_blocks: 1
[2022-03-12 14:05:07] [0000.430] I> Binary(16) of size 534416 is loaded @ 0xd7800000
[2022-03-12 14:05:07] [0000.436] W> No valid slot number is found in scratch register
[2022-03-12 14:05:07] [0000.442] W> Return default slot: _a
[2022-03-12 14:05:07] [0000.445] I> A/B: bin_type (17) slot 0
[2022-03-12 14:05:07] [0000.449] I> Loading partition bpmp-fw-dtb at 0xd79f0000
[2022-03-12 14:05:07] [0000.454] I> Reading two headers - addr:0xd79f0000 blocks:1
[2022-03-12 14:05:07] [0000.459] I> Addr: 0xd79f0000, start-block: 58780024, num_blocks: 1
[2022-03-12 14:05:07] [0000.485] I> Binary(17) of size 604720 is loaded @ 0xd796c400
[2022-03-12 14:05:07] [0000.715] I> Loading SCE-FW ...
[2022-03-12 14:05:07] [0000.718] W> No valid slot number is found in scratch register
[2022-03-12 14:05:07] [0000.724] W> Return default slot: _a
[2022-03-12 14:05:07] [0000.727] I> A/B: bin_type (12) slot 0
[2022-03-12 14:05:07] [0000.731] I> Loading partition sce-fw at 0xd7300000
[2022-03-12 14:05:07] [0000.736] I> Reading two headers - addr:0xd7300000 blocks:1
[2022-03-12 14:05:07] [0000.741] I> Addr: 0xd7300000, start-block: 58784120, num_blocks: 1
[2022-03-12 14:05:07] [0000.760] I> Binary(12) of size 125632 is loaded @ 0xd7300000
[2022-03-12 14:05:07] [0000.766] I> Init SCE
[2022-03-12 14:05:07] [0000.768] I> Loading APE-FW ...
[2022-03-12 14:05:07] [0000.771] W> No valid slot number is found in scratch register
[2022-03-12 14:05:07] [0000.777] W> Return default slot: _a
[2022-03-12 14:05:07] [0000.780] I> A/B: bin_type (11) slot 0
[2022-03-12 14:05:07] [0000.784] I> Loading partition adsp-fw at 0xd7400000
[2022-03-12 14:05:07] [0000.789] I> Reading two headers - addr:0xd7400000 blocks:1
[2022-03-12 14:05:07] [0000.794] I> Addr: 0xd7400000, start-block: 58761224, num_blocks: 1
[2022-03-12 14:05:07] [0000.813] I> Binary(11) of size 77216 is loaded @ 0xd7400000
[2022-03-12 14:05:07] [0000.819] I> Copy BTCM section
[2022-03-12 14:05:07] [0000.822] W> No valid slot number is found in scratch register
[2022-03-12 14:05:07] [0000.828] W> Return default slot: _a
[2022-03-12 14:05:07] [0000.831] I> A/B: bin_type (13) slot 0
[2022-03-12 14:05:07] [0000.835] I> Loading partition cpu-bootloader at 0x96000000
[2022-03-12 14:05:07] [0000.840] I> Reading two headers - addr:0x96000000 blocks:1
[2022-03-12 14:05:07] [0000.846] I> Addr: 0x96000000, start-block: 58740744, num_blocks: 1
[2022-03-12 14:05:07] [0000.867] I> Binary(13) of size 308800 is loaded @ 0x96000000
[2022-03-12 14:05:07] [0000.872] W> No valid slot number is found in scratch register
[2022-03-12 14:05:07] [0000.878] W> Return default slot: _a
[2022-03-12 14:05:07] [0000.881] I> A/B: bin_type (20) slot 0
[2022-03-12 14:05:07] [0000.885] I> Loading partition bootloader-dtb at 0x85205400
[2022-03-12 14:05:07] [0000.890] I> Reading two headers - addr:0x85205400 blocks:1
[2022-03-12 14:05:07] [0000.896] I> Addr: 0x85205400, start-block: 58742792, num_blocks: 1
[2022-03-12 14:05:07] [0000.918] I> Binary(20) of size 375568 is loaded @ 0x85205400
[2022-03-12 14:05:07] [0000.924] W> No valid slot number is found in scratch register
[2022-03-12 14:05:07] [0000.929] W> Return default slot: _a
[2022-03-12 14:05:07] [0000.933] I> A/B: bin_type (14) slot 0
[2022-03-12 14:05:07] [0000.936] I> Loading partition secure-os at 0x85305600
[2022-03-12 14:05:07] [0000.941] I> Reading two headers - addr:0x85305600 blocks:1
[2022-03-12 14:05:07] [0000.947] I> Addr: 0x85305600, start-block: 58744840, num_blocks: 1
[2022-03-12 14:05:07] [0000.969] I> Binary(14) of size 402864 is loaded @ 0x85305600
[2022-03-12 14:05:07] [0000.977] I> TOS boot-params @ 0x85000000
[2022-03-12 14:05:07] [0000.981] I> TOS params prepared
[2022-03-12 14:05:07] [0000.984] I> Loading EKS ...
[2022-03-12 14:05:07] [0000.987] I> A/B: bin_type (15) slot 0
[2022-03-12 14:05:07] [0000.990] I> Loading partition eks at 0x85905800
[2022-03-12 14:05:07] [0000.995] I> Reading two headers - addr:0x85905800 blocks:1
[2022-03-12 14:05:07] [0001.000] I> Addr: 0x85905800, start-block: 58757128, num_blocks: 1
[2022-03-12 14:05:07] [0001.019] I> Binary(15) of size 1040 is loaded @ 0x85905800
[2022-03-12 14:05:07] [0001.024] I> EKB detected (length: 0x400) @ 0x85905800
[2022-03-12 14:05:07] [0001.030] I> Copied encrypted keys
[2022-03-12 14:05:07] [0001.033] I> boot profiler @ 0x275844000
[2022-03-12 14:05:07] [0001.037] I> boot profiler for TOS @ 0x275844000
[2022-03-12 14:05:07] [0001.042] I> Unhalting SCE
[2022-03-12 14:05:07] [0001.045] I> Primary Memory Start:80000000 Size:70000000
[2022-03-12 14:05:07] [0001.050] I> Extended Memory Start:f0110000 Size:1856f0000
[2022-03-12 14:05:07] [0001.057] I> MB2(TBoot-BPMP) done
[2022-03-12 14:05:07] 
[2022-03-12 14:05:07] NOTICE:  BL31: v1.3(release):b5eeb33f7
[2022-03-12 14:05:07] NOTICE:  BL31: Built : 12:15:17, Jul 26 2021
[2022-03-12 14:05:07] ipc-unittest-main: 1519: Welcome to IPC unittest!!!
[2022-03-12 14:05:07] ipc-unittest-main: 1531: waiting forever
[2022-03-12 14:05:07] ipc-unittest-srv: 329: Init unittest services!!!
[2022-03-12 14:05:07] hwkey-agent: 41: hwkey-agent is running!!
[2022-03-12 14:05:07] hwkey-agent: 315: key_mgnt_processing .......
[2022-03-12 14:05:07] hwkey-agent: 223: Setting EKB key 0 to slot 14
[2022-03-12 14:05:07] hwkey-agent: 178: Init hweky-agent services!!
[2022-03-12 14:05:07] luks-srv: 40: luks-srv is running!!
[2022-03-12 14:05:07] luks-srv: 157: Init luks-srv IPC services!!
[2022-03-12 14:05:07] platform_bootstrap_epilog: trusty bootstrap complete
[2022-03-12 14:05:08] [0001.429] I> Welcome to Cboot
[2022-03-12 14:05:08] [0001.432] I> Cboot Version: t186-00029e71
[2022-03-12 14:05:08] [0001.436] I> CPU-BL Params @ 0x275800000
[2022-03-12 14:05:08] [0001.440] I>  0) Base:0x00000000 Size:0x00000000
[2022-03-12 14:05:08] [0001.444] I>  1) Base:0x277f00000 Size:0x00100000
[2022-03-12 14:05:08] [0001.449] I>  2) Base:0x277e00000 Size:0x00100000
[2022-03-12 14:05:08] [0001.453] I>  3) Base:0x277d00000 Size:0x00100000
[2022-03-12 14:05:08] [0001.458] I>  4) Base:0x277c00000 Size:0x00100000
[2022-03-12 14:05:08] [0001.462] I>  5) Base:0x277b00000 Size:0x00100000
[2022-03-12 14:05:08] [0001.467] I>  6) Base:0x277800000 Size:0x00200000
[2022-03-12 14:05:08] [0001.471] I>  7) Base:0x277400000 Size:0x00400000
[2022-03-12 14:05:08] [0001.476] I>  8) Base:0x277a00000 Size:0x00100000
[2022-03-12 14:05:08] [0001.480] I>  9) Base:0x277300000 Size:0x00100000
[2022-03-12 14:05:08] [0001.485] I> 10) Base:0x276800000 Size:0x00800000
[2022-03-12 14:05:08] [0001.489] I> 11) Base:0x30000000 Size:0x00040000
[2022-03-12 14:05:08] [0001.494] I> 12) Base:0xf0000000 Size:0x00100000
[2022-03-12 14:05:08] [0001.498] I> 13) Base:0x30040000 Size:0x00001000
[2022-03-12 14:05:08] [0001.503] I> 14) Base:0x30048000 Size:0x00001000
[2022-03-12 14:05:08] [0001.507] I> 15) Base:0x30049000 Size:0x00001000
[2022-03-12 14:05:08] [0001.511] I> 16) Base:0x3004a000 Size:0x00001000
[2022-03-12 14:05:08] [0001.516] I> 17) Base:0x3004b000 Size:0x00001000
[2022-03-12 14:05:08] [0001.520] I> 18) Base:0x3004c000 Size:0x00001000
[2022-03-12 14:05:08] [0001.525] I> 19) Base:0x3004d000 Size:0x00001000
[2022-03-12 14:05:08] [0001.529] I> 20) Base:0x3004e000 Size:0x00001000
[2022-03-12 14:05:08] [0001.534] I> 21) Base:0x3004f000 Size:0x00001000
[2022-03-12 14:05:08] [0001.538] I> 22) Base:0x00000000 Size:0x00000000
[2022-03-12 14:05:08] [0001.542] I> 23) Base:0xf0100000 Size:0x00010000
[2022-03-12 14:05:08] [0001.547] I> 24) Base:0x00000000 Size:0x00000000
[2022-03-12 14:05:08] [0001.551] I> 25) Base:0x00000000 Size:0x00000000
[2022-03-12 14:05:08] [0001.556] I> 26) Base:0x00000000 Size:0x00000000
[2022-03-12 14:05:08] [0001.560] I> 27) Base:0x00000000 Size:0x00000000
[2022-03-12 14:05:08] [0001.565] I> 28) Base:0x84400000 Size:0x00400000
[2022-03-12 14:05:08] [0001.569] I> 29) Base:0x30000000 Size:0x00010000
[2022-03-12 14:05:08] [0001.574] I> 30) Base:0x278000000 Size:0x08000000
[2022-03-12 14:05:08] [0001.578] I> 31) Base:0x00000000 Size:0x00000000
[2022-03-12 14:05:08] [0001.582] I> 32) Base:0x276000000 Size:0x00600000
[2022-03-12 14:05:08] [0001.587] I> 33) Base:0x80000000 Size:0x70000000
[2022-03-12 14:05:08] [0001.591] I> 34) Base:0xf0110000 Size:0x1856f0000
[2022-03-12 14:05:08] [0001.596] I> 35) Base:0x00000000 Size:0x00000000
[2022-03-12 14:05:08] [0001.600] I> 36) Base:0x00000000 Size:0x00000000
[2022-03-12 14:05:08] [0001.605] I> 37) Base:0x2772e0000 Size:0x00020000
[2022-03-12 14:05:08] [0001.609] I> 38) Base:0x84000000 Size:0x00400000
[2022-03-12 14:05:08] [0001.614] I> 39) Base:0x96000000 Size:0x02000000
[2022-03-12 14:05:08] [0001.618] I> 40) Base:0x85000000 Size:0x01200000
[2022-03-12 14:05:08] [0001.623] I> 41) Base:0x275800000 Size:0x00500000
[2022-03-12 14:05:08] [0001.627] I> 42) Base:0x00000000 Size:0x00000000
[2022-03-12 14:05:08] [0001.632] I> 43) Base:0x00000000 Size:0x00000000
[2022-03-12 14:05:08] [0001.636] GIC-SPI Target CPU: 4
[2022-03-12 14:05:08] [0001.639] Interrupts Init done
[2022-03-12 14:05:08] [0001.642] calling constructors
[2022-03-12 14:05:08] [0001.646] initializing heap
[2022-03-12 14:05:08] [0001.648] initializing threads
[2022-03-12 14:05:08] [0001.652] initializing timers
[2022-03-12 14:05:08] [0001.655] creating bootstrap completion thread
[2022-03-12 14:05:08] [0001.659] top of bootstrap2()
[2022-03-12 14:05:08] [0001.662] CPU: ARM Cortex A57
[2022-03-12 14:05:08] [0001.666] CPU: MIDR: 0x411FD073, MPIDR: 0x80000100
[2022-03-12 14:05:08] [0001.671] initializing platform
[2022-03-12 14:05:08] [0001.674] I> Bl_dtb @0x85205400
[2022-03-12 14:05:08] [0001.677] I> gpio framework initialized
[2022-03-12 14:05:08] [0001.683] I> tegrabl_gpio_driver_register: register 'nvidia,tegra186-gpio' driver
[2022-03-12 14:05:08] [0001.694] I> tegrabl_gpio_driver_register: register 'nvidia,tegra186-gpio-aon' driver
[2022-03-12 14:05:08] [0001.701] I> GPIO framework and drivers are initialized.
[2022-03-12 14:05:08] [0001.706] I> Boot-device: eMMC
[2022-03-12 14:05:08] [0001.713] I> sdmmc bdev is already initialized
[2022-03-12 14:05:08] [0001.744] I> Found 19 partitions in SDMMC_BOOT (instance 3)
[2022-03-12 14:05:08] [0001.762] I> Found 33 partitions in SDMMC_USER (instance 3)
[2022-03-12 14:05:08] [0001.767] W> opt-in fuse is not set, skip fuse_burning
[2022-03-12 14:05:08] [0001.772] I> Reserved memory at 0xfbe00000 for U-Boot relocation
[2022-03-12 14:05:08] [0001.778] W> No valid slot number is found in scratch register
[2022-03-12 14:05:08] [0001.784] W> Return default slot: _a
[2022-03-12 14:05:08] [0001.793] I> A/B: bin_type (21) slot 0
[2022-03-12 14:05:08] [0001.797] I> Loading kernel-dtb from partition
[2022-03-12 14:05:08] [0001.801] I> Loading partition kernel-dtb at 0x80000000 from device(0x1)
[2022-03-12 14:05:08] [0001.819] I> Kernel_dtb @0x80000000
[2022-03-12 14:05:08] [0001.822] I> tegrabl_tca9539_init: i2c bus: 0, slave addr: 0xee
[2022-03-12 14:05:08] [0001.833] I> tegrabl_gpio_driver_register: register 'tca9539_gpio_driver' driver
[2022-03-12 14:05:08] [0001.840] I> tegrabl_tca9539_init: i2c bus: 0, slave addr: 0xe8
[2022-03-12 14:05:08] [0001.849] I> tegrabl_gpio_driver_register: register 'tca9539_gpio_driver' driver
[2022-03-12 14:05:08] [0001.859] I> fixed regulator driver initialized
[2022-03-12 14:05:08] [0001.892] I> register 'maxim' power off handle
[2022-03-12 14:05:08] [0001.899] I> virtual i2c enabled
[2022-03-12 14:05:08] [0001.902] I> registered 'maxim,max77620' pmic
[2022-03-12 14:05:08] [0001.906] I> tegrabl_gpio_driver_register: register 'max77620-gpio' driver
[2022-03-12 14:05:08] [0001.920] E> failed to read label property for node 324936: 13
[2022-03-12 14:05:08] [0001.928] E> failed to read reg property for node 325032: 13
[2022-03-12 14:05:08] [0001.937] E> failed to read reg property for node 325084: 13
[2022-03-12 14:05:08] [0001.945] E> failed to read label property for node 325168: 13
[2022-03-12 14:05:08] [0001.953] E> failed to read label property for node 325236: 13
[2022-03-12 14:05:08] [0001.962] E> failed to read reg property for node 325304: 13
[2022-03-12 14:05:08] [0001.970] E> failed to read reg property for node 325376: 13
[2022-03-12 14:05:08] [0001.980] I> Find /i2c@c250000's alias i2c7
[2022-03-12 14:05:08] [0001.984] I> Reading eeprom i2c=7 address=0x50
[2022-03-12 14:05:08] [0002.013] I> Device at /i2c@c250000:0x50
[2022-03-12 14:05:08] [0002.017] I> Reading eeprom i2c=7 address=0x57
[2022-03-12 14:05:08] [0002.046] I> Device at /i2c@c250000:0x57
[2022-03-12 14:05:08] [0002.050] I> Find /i2c@c240000's alias i2c1
[2022-03-12 14:05:08] [0002.054] I> Reading eeprom i2c=1 address=0x51
[2022-03-12 14:05:08] [0002.059] E> I2C: slave not found in slaves.
[2022-03-12 14:05:08] [0002.064] E> I2C: Could not write 0 bytes to slave: 0x00a2 with repeat start true.
[2022-03-12 14:05:08] [0002.071] E> I2C_DEV: Failed to send register address 0x00000000.
[2022-03-12 14:05:08] [0002.077] E> I2C_DEV: Could not read 256 registers of size 1 from slave 0xa2 at 0x00000000 via instance 1.
[2022-03-12 14:05:08] [0002.087] E> eeprom: Retry to read I2C slave device.
[2022-03-12 14:05:08] [0002.092] E> I2C: slave not found in slaves.
[2022-03-12 14:05:08] [0002.096] E> I2C: Could not write 0 bytes to slave: 0x00a2 with repeat start true.
[2022-03-12 14:05:08] [0002.103] E> I2C_DEV: Failed to send register address 0x00000000.
[2022-03-12 14:05:08] [0002.109] E> I2C_DEV: Could not read 256 registers of size 1 from slave 0xa2 at 0x00000000 via instance 1.
[2022-03-12 14:05:08] [0002.119] E> eeprom: Failed to read I2C slave device
[2022-03-12 14:05:08] [0002.123] I> Eeprom read failed 0x3526070d
[2022-03-12 14:05:08] [0002.128] I> Find /i2c@3160000's alias i2c0
[2022-03-12 14:05:08] [0002.132] I> Reading eeprom i2c=0 address=0x50
[2022-03-12 14:05:08] [0002.136] E> I2C: slave not found in slaves.
[2022-03-12 14:05:08] [0002.140] E> I2C: Could not write 0 bytes to slave: 0x00a0 with repeat start true.
[2022-03-12 14:05:08] [0002.148] E> I2C_DEV: Failed to send register address 0x00000000.
[2022-03-12 14:05:08] [0002.154] E> I2C_DEV: Could not read 256 registers of size 1 from slave 0xa0 at 0x00000000 via instance 0.
[2022-03-12 14:05:08] [0002.164] E> eeprom: Failed to read I2C slave device
[2022-03-12 14:05:08] [0002.168] I> Eeprom read failed 0x3526070d
[2022-03-12 14:05:08] [0002.173] I> Find /i2c@3180000's alias i2c2
[2022-03-12 14:05:08] [0002.177] I> Reading eeprom i2c=2 address=0x54
[2022-03-12 14:05:08] [0002.181] I> Enabling gpio chip_id = 2, gpio pin = 9
[2022-03-12 14:05:09] [0002.212] I> Disabling gpio chip_id = 2, gpio pin = 9
[2022-03-12 14:05:09] [0002.217] I> Device at /i2c@3180000:0x54
[2022-03-12 14:05:09] [0002.221] I> Reading eeprom i2c=2 address=0x57
[2022-03-12 14:05:09] [0002.225] I> Enabling gpio chip_id = 2, gpio pin = 9
[2022-03-12 14:05:09] [0002.231] E> I2C: slave not found in slaves.
[2022-03-12 14:05:09] [0002.235] E> I2C: Could not write 0 bytes to slave: 0x00ae with repeat start true.
[2022-03-12 14:05:09] [0002.243] E> I2C_DEV: Failed to send register address 0x00000000.
[2022-03-12 14:05:09] [0002.249] E> I2C_DEV: Could not read 256 registers of size 1 from slave 0xae at 0x00000000 via instance 2.
[2022-03-12 14:05:09] [0002.258] E> eeprom: Failed to read I2C slave device
[2022-03-12 14:05:09] [0002.263] I> Disabling gpio chip_id = 2, gpio pin = 9
[2022-03-12 14:05:09] [0002.268] I> Eeprom read failed 0x00000000
[2022-03-12 14:05:09] [0002.272] I> create_pm_ids: id: 3310-1000-D00-L, len: 15
[2022-03-12 14:05:09] [0002.277] I> config: mem-type:00,power-config:00,misc-config:00,modem-config:00,touch-config:00,display-config:00,, len: 93
[2022-03-12 14:05:09] [0002.288] I> create_pm_ids: id: 2597-0000-900-E, len: 15
[2022-03-12 14:05:09] [0002.293] I> config: mem-type:00,power-config:00,misc-config:00,modem-config:00,touch-config:00,display-config:00,, len: 93
[2022-03-12 14:05:09] [0002.304] I> create_pm_ids: id: 3326-1000-000-M, len: 15
[2022-03-12 14:05:09] [0002.309] I> config: mem-type:ff,power-config:ff,misc-config:ff,modem-config:ff,touch-config:ff,display-config:ff,, len: 93
[2022-03-12 14:05:09] [0002.344] I> enabling 'vdd-hdmi' regulator
[2022-03-12 14:05:09] [0002.360] I> regulator 'vdd-hdmi' already enabled
[2022-03-12 14:05:09] [0002.364] E> tegrabl_display_init_regulator: hdmi cable is not connected
[2022-03-12 14:05:09] [0002.371] E> tegrabl_display_get_pdata, failed to parse dtb settings
[2022-03-12 14:05:09] [0002.380] E> cannot find any other nvdisp nodes
[2022-03-12 14:05:09] [0002.384] E> no valid display unit config found in dtb
[2022-03-12 14:05:09] [0002.390] W> display init failed
[2022-03-12 14:05:09] [0002.393] initializing target
[2022-03-12 14:05:09] [0002.396] calling apps_init()
[2022-03-12 14:05:09] [0002.399] starting app kernel_boot_app
[2022-03-12 14:05:09] [0002.421] I> found decompressor handler: lz4-legacy
[2022-03-12 14:05:09] [0002.426] I> decompressing BMP blob ...
[2022-03-12 14:05:09] [0002.438] I> Kernel type = Normal
[2022-03-12 14:05:09] [0002.441] I> ########## Fixed storage boot ##########
[2022-03-12 14:05:09] [0002.446] I> Loading kernel-bootctrl from partition
[2022-03-12 14:05:09] [0002.451] I> Loading partition kernel-bootctrl at 0xa8000000 from device(0x1)
[2022-03-12 14:05:09] [0002.465] W> tegrabl_get_kernel_bootctrl: magic number(0x00000000) is invalid
[2022-03-12 14:05:09] [0002.472] W> tegrabl_get_kernel_bootctrl: use default dummy boot control data
[2022-03-12 14:05:09] [0002.479] W> No valid slot number is found in scratch register
[2022-03-12 14:05:09] [0002.485] W> Return default slot: _a
[2022-03-12 14:05:09] [0002.488] I> A/B: bin_type (24) slot 0
[2022-03-12 14:05:09] [0002.504] I> Boot image size read from image header: 9913d
[2022-03-12 14:05:09] [0002.509] I> Boot image load address: 0x80400000
[2022-03-12 14:05:09] [0002.513] I> Loading kernel from partition
[2022-03-12 14:05:09] [0002.517] I> Loading partition kernel at 0x80400000 from device(0x1)
[2022-03-12 14:05:10] [0003.460] I> Validate kernel ...
[2022-03-12 14:05:10] [0003.463] I> T18x: Authenticate kernel (bin_type 24), max size 0x4000000
[2022-03-12 14:05:10] [0003.471] I> Decrypt the buffer ... [0003.474] W> tegrabl_decrypt_block: fuse (0x0) is not burnt to do encryption (0x4); skip decryption.
[2022-03-12 14:05:10] [0003.483] I> done
[2022-03-12 14:05:10] [0003.485] I> Checking boot.img header magic ... [0003.489] I> [OK]
[2022-03-12 14:05:10] [0003.491] I> kernel-dtb is already loaded
[2022-03-12 14:05:10] [0003.495] I> Validate kernel-dtb ...
[2022-03-12 14:05:10] [0003.498] I> T18x: Authenticate kernel-dtb (bin_type 21), max size 0x100000
[2022-03-12 14:05:10] [0003.506] I> Decrypt the buffer ... [0003.509] W> tegrabl_decrypt_block: fuse (0x0) is not burnt to do encryption (0x4); skip decryption.
[2022-03-12 14:05:10] [0003.518] I> done
[2022-03-12 14:05:10] [0003.520] I> Kernel hdr @0x80400000
[2022-03-12 14:05:10] [0003.523] I> Kernel dtb @0x80000000
[2022-03-12 14:05:10] [0003.526] I> decompressor handler not found
[2022-03-12 14:05:10] [0003.530] I> Copying kernel image (627005 bytes) from 0x80400800 to 0x80600000 ... [0003.538] I> Done
[2022-03-12 14:05:10] [0003.540] I> Move ramdisk (len: 0) from 0x8049a000 to 0x947d0000
[2022-03-12 14:05:10] [0003.547] I> Updated bpmp info to DTB
[2022-03-12 14:05:10] [0003.553] I> Ramdisk: Base: 0x947d0000; Size: 0x0
[2022-03-12 14:05:10] [0003.558] I> Updated initrd info to DTB
[2022-03-12 14:05:10] [0003.561] W> WARN: Fail to override "console=none" in commandline
[2022-03-12 14:05:10] [0003.567] I> Active rootfs suffix: 
[2022-03-12 14:05:10] [0003.570] E> tegrabl_linuxboot_add_disp_param, du 0 failed to get display params
[2022-03-12 14:05:10] [0003.578] E> tegrabl_linuxboot_add_disp_param, du 0 failed to get display params
[2022-03-12 14:05:10] [0003.585] E> tegrabl_linuxboot_add_disp_param, du 0 failed to get display params
[2022-03-12 14:05:10] [0003.592] I> disabled_core_mask: 0xffffff0c
[2022-03-12 14:05:10] [0003.596] W> No valid slot number is found in scratch register
[2022-03-12 14:05:10] [0003.602] W> Return default slot: _a
[2022-03-12 14:05:10] [0003.605] I> Active slot suffix: 
[2022-03-12 14:05:10] [0003.608] I> add_boot_slot_suffix: slot_suffix = 
[2022-03-12 14:05:10] [0003.613] I> Linux Cmdline: console=ttyS0,115200 androidboot.presilicon=true firmware_class.path=/etc/firmware root=/dev/mmcblk0p1 rw rootwait rootfstype=ext4 console=ttyS0,115200n8 console=tty0 fbcon=map:0 net.ifnames=0 isolcpus=1-2  video=tegrafb earlycon=uart8250,mmio32,0x3100000 nvdumper_reserved=0x2772e0000 gpt rootfs.slot_suffix= usbcore.old_scheme_first=1 tegraid=18.1.2.0.0 maxcpus=6 no_console_suspend boot.slot_suffix= boot.ratchetvalues=0.2031647.1 vpr_resize bl_prof_dataptr=0x10000@0x275840000 sdhci_tegra.en_boot_part_access=1 
[2022-03-12 14:05:10] [0003.660] I> Updated bootarg info to DTB
[2022-03-12 14:05:10] [0003.664] I> eeprom_get_mac_addr: MAC (type: 0): 48:b0:2d:0f:11:c5
[2022-03-12 14:05:10] [0003.670] I> eeprom_get_mac_addr: MAC (type: 1): 48:b0:2d:0f:11:c6
[2022-03-12 14:05:10] [0003.676] I> eeprom_get_mac_addr: MAC (type: 2): 48:b0:2d:0f:11:c7
[2022-03-12 14:05:10] [0003.683] E> Found no plugin manager ids in source DT
[2022-03-12 14:05:10] [0003.688] W> Add plugin manager ids from board info
[2022-03-12 14:05:10] [0003.692] W> "plugin-manager" doesn't exist, creating
[2022-03-12 14:05:10] [0003.697] W> "ids" doesn't exist, creating
[2022-03-12 14:05:10] [0003.701] W> "connection" doesn't exist, creating
[2022-03-12 14:05:10] [0003.706] W> "configs" doesn't exist, creating
[2022-03-12 14:05:10] [0003.710] I> create_pm_ids: id: 3310-1000-D00-L, len: 15
[2022-03-12 14:05:10] [0003.715] I> config: mem-type:00,power-config:00,misc-config:00,modem-config:00,touch-config:00,display-config:00,, len: 93
[2022-03-12 14:05:10] [0003.726] I> create_pm_ids: id: 2597-0000-900-E, len: 15
[2022-03-12 14:05:10] [0003.731] I> config: mem-type:00,power-config:00,misc-config:00,modem-config:00,touch-config:00,display-config:00,, len: 93
[2022-03-12 14:05:10] [0003.742] I> create_pm_ids: id: 3326-1000-000-M, len: 15
[2022-03-12 14:05:10] [0003.747] I> config: mem-type:ff,power-config:ff,misc-config:ff,modem-config:ff,touch-config:ff,display-config:ff,, len: 93
[2022-03-12 14:05:10] [0003.758] I> Adding plugin-manager/ids/3310-1000-D00=/i2c@c250000:module@0x50
[2022-03-12 14:05:10] [0003.766] W> "i2c@c250000" doesn't exist, creating
[2022-03-12 14:05:10] [0003.770] W> "module@0x50" doesn't exist, creating
[2022-03-12 14:05:10] [0003.775] I> Adding plugin-manager/ids/2597-0000-900=/i2c@c250000:module@0x57
[2022-03-12 14:05:10] [0003.782] W> "module@0x57" doesn't exist, creating
[2022-03-12 14:05:10] [0003.787] I> Adding plugin-manager/ids/3326-1000-000=/i2c@3180000:module@0x54
[2022-03-12 14:05:10] [0003.795] W> "i2c@3180000" doesn't exist, creating
[2022-03-12 14:05:10] [0003.799] W> "module@0x54" doesn't exist, creating
[2022-03-12 14:05:10] [0003.806] I> Adding plugin-manager/ids/3310-1000-D00-L
[2022-03-12 14:05:10] [0003.813] I> Adding plugin-manager/configs/3310-mem-type 00
[2022-03-12 14:05:10] [0003.819] I> Adding plugin-manager/configs/3310-power-config 00
[2022-03-12 14:05:10] [0003.825] I> Adding plugin-manager/configs/3310-misc-config 00
[2022-03-12 14:05:10] [0003.831] I> Adding plugin-manager/configs/3310-modem-config 00
[2022-03-12 14:05:10] [0003.837] I> Adding plugin-manager/configs/3310-touch-config 00
[2022-03-12 14:05:10] [0003.843] I> Adding plugin-manager/configs/3310-display-config 00
[2022-03-12 14:05:10] [0003.849] I> Adding plugin-manager/cvm
[2022-03-12 14:05:10] [0003.853] W> "chip-id" doesn't exist, creating
[2022-03-12 14:05:10] [0003.857] I> Adding plugin-manager/chip-id/A02P
[2022-03-12 14:05:10] [0003.862] W> "odm-data" doesn't exist, creating
[2022-03-12 14:05:10] [0003.866] I> Adding /chosen/plugin-manager/odm-data
[2022-03-12 14:05:10] [0003.876] I> added [base:0x80000000, size:0x70000000] to /memory
[2022-03-12 14:05:10] [0003.882] I> added [base:0xf0200000, size:0x185600000] to /memory
[2022-03-12 14:05:10] [0003.888] I> added [base:0x275e00000, size:0x200000] to /memory
[2022-03-12 14:05:10] [0003.893] I> added [base:0x276600000, size:0x200000] to /memory
[2022-03-12 14:05:10] [0003.899] I> added [base:0x277000000, size:0x200000] to /memory
[2022-03-12 14:05:10] [0003.905] I> Updated memory info to DTB
[2022-03-12 14:05:10] [0003.910] E> add_disp_param: failed to get display params for du=0
[2022-03-12 14:05:10] [0003.917] W> "reset" doesn't exist, creating
[2022-03-12 14:05:10] [0003.921] W> "pmc-reset-reason" doesn't exist, creating
[2022-03-12 14:05:10] [0003.927] W> "pmic-reset-reason" doesn't exist, creating
[2022-03-12 14:05:10] [0003.933] I> Adding ecid(00000001646db7851000000013038200) to DT
[2022-03-12 14:05:10] [0003.939] I> disabled_core_mask: 0xffffff0c
[2022-03-12 14:05:10] [0003.952] I> Add serial number:1422420022173 as DT property
[2022-03-12 14:05:10] [0003.961] I> Plugin-manager override starting
[2022-03-12 14:05:10] [0003.967] I> node /plugin-manager/fragement@0 matches
[2022-03-12 14:05:10] [0003.977] I> node /plugin-manager/fragement@4 matches
[2022-03-12 14:05:10] [0003.990] I> node /plugin-manager/fragment-sdwake-p3310-1000-300 matches
[2022-03-12 14:05:10] [0004.010] I> node /plugin-manager/fragement-pmon-p3310-1000-300 matches
[2022-03-12 14:05:10] [0004.019] I> node /plugin-manager/fragement-pmon-p3310-1000-800 matches
[2022-03-12 14:05:10] [0004.028] I> node /plugin-manager/fragment-devslp@0 matches
[2022-03-12 14:05:10] [0004.041] I> node /plugin-manager/fragment-500-pcie-config matches
[2022-03-12 14:05:10] [0004.056] I> node /plugin-manager/fragment-500-xusb-config matches
[2022-03-12 14:05:10] [0004.079] I> node /plugin-manager/fragment-p3310-c00-comm matches
[2022-03-12 14:05:10] [0004.092] I> node /plugin-manager/fragment-p3310-c00-pmic matches
[2022-03-12 14:05:10] [0004.103] I> node /plugin-manager/fragment-p3310-c01 matches
[2022-03-12 14:05:10] [0004.116] I> node /plugin-manager/fragment-p3310-c03 matches
[2022-03-12 14:05:10] [0004.158] I> node /plugin-manager/fragment-e3326@0 matches
[2022-03-12 14:05:11] [0004.240] I> node /plugin-manager/fragment-p3310-c00-camera matches
[2022-03-12 14:05:11] [0004.267] I> Disable plugin-manager status in FDT
[2022-03-12 14:05:11] [0004.272] I> Plugin-manager override finished successfully
[2022-03-12 14:05:11] [0004.277] I> tegrabl_load_kernel_and_dtb: Done
[2022-03-12 14:05:11] [0004.282] E> tegrabl_display_clear: display is not initialized
[2022-03-12 14:05:11] [0004.287] W> Boot logo display failed...
[2022-03-12 14:05:11] [0004.291] I> Kernel EP: 0x80600000, DTB: 0x80000000
[2022-03-12 14:05:11] 
[2022-03-12 14:05:11] 
[2022-03-12 14:05:11] U-Boot 2020.04-g46e4604c78 (Jul 26 2021 - 12:10:58 -0700)
[2022-03-12 14:05:11] 
[2022-03-12 14:05:11] SoC: tegra186
[2022-03-12 14:05:11] Model: NVIDIA P2771-0000-500
[2022-03-12 14:05:11] Board: NVIDIA P2771-0000
[2022-03-12 14:05:11] DRAM:  7.8 GiB
[2022-03-12 14:05:11] MMC:   sdhci@3400000: 1, sdhci@3460000: 0
[2022-03-12 14:05:11] Loading Environment from MMC... *** Warning - bad CRC, using default environment
[2022-03-12 14:05:11] 
[2022-03-12 14:05:11] In:    serial
[2022-03-12 14:05:11] Out:   serial
[2022-03-12 14:05:11] Err:   serial
[2022-03-12 14:05:11] Net:   
[2022-03-12 14:05:11] Warning: ethernet@2490000 using MAC address from ROM
[2022-03-12 14:05:11] eth0: ethernet@2490000
[2022-03-12 14:05:11] Hit any key to stop autoboot:  2  1  0 
[2022-03-12 14:05:13] MMC: no card present
[2022-03-12 14:05:13] switch to partitions #0, OK
[2022-03-12 14:05:13] mmc0(part 0) is current device
[2022-03-12 14:05:13] Scanning mmc 0:1...
[2022-03-12 14:05:13] Found /boot/extlinux/extlinux.conf
[2022-03-12 14:05:13] Retrieving file: /boot/extlinux/extlinux.conf
[2022-03-12 14:05:13] 858 bytes read in 22 ms (38.1 KiB/s)
[2022-03-12 14:05:13] 1:	primary kernel
[2022-03-12 14:05:13] Retrieving file: /boot/initrd
[2022-03-12 14:05:14] 7238344 bytes read in 202 ms (34.2 MiB/s)
[2022-03-12 14:05:14] Retrieving file: /boot/Image
[2022-03-12 14:05:14] 34484232 bytes read in 830 ms (39.6 MiB/s)
[2022-03-12 14:05:14] append: console=ttyS0,115200 androidboot.presilicon=true firmware_class.path=/etc/firmware root=/dev/mmcblk0p1 rw rootwait rootfstype=ext4 console=ttyS0,115200n8 console=tty0 fbcon=map:0 net.ifnames=0 isolcpus=1-2  video=tegrafb earlycon=uart8250,mmio32,0x3100000 nvdumper_reserved=0x2772e0000 gpt rootfs.slot_suffix= usbcore.old_scheme_first=1 tegraid=18.1.2.0.0 maxcpus=6 no_console_suspend boot.slot_suffix= boot.ratchetvalues=0.2031647.1 vpr_resize bl_prof_dataptr=0x10000@0x275840000 sdhci_tegra.en_boot_part_access=1 quiet root=/dev/mmcblk0p1 rw rootwait rootfstype=ext4 console=ttyS0,115200n8 console=tty0 fbcon=map:0 net.ifnames=0 isolcpus=1-2 
[2022-03-12 14:05:15] ## Flattened Device Tree blob at 80000000
[2022-03-12 14:05:15]    Booting using the fdt blob at 0x80000000
[2022-03-12 14:05:15] ERROR: reserving fdt memory region failed (addr=0 size=0)
[2022-03-12 14:05:15] ERROR: reserving fdt memory region failed (addr=0 size=0)
[2022-03-12 14:05:15] ERROR: reserving fdt memory region failed (addr=0 size=0)
[2022-03-12 14:05:15]    Using Device Tree in place at 0000000080000000, end 0000000080060aa3
[2022-03-12 14:05:15] copying carveout for /host1x@13e00000/display-hub@15200000/display@15200000...
[2022-03-12 14:05:15] copying carveout for /host1x@13e00000/display-hub@15200000/display@15210000...
[2022-03-12 14:05:15] copying carveout for /host1x@13e00000/display-hub@15200000/display@15220000...
[2022-03-12 14:05:15] 
[2022-03-12 14:05:15] Starting kernel ...
[2022-03-12 14:05:15] 
[2022-03-12 14:05:17] ERROR:   ARI request timed out: req 89 on CPU 4
[2022-03-12 14:05:17] ASSERT: plat/nvidia/tegra/soc/t186/drivers/mce/ari.c <127> : retries != 0U