[0000.326] I> Welcome to MB2(TBoot-BPMP)(version: 01.00.160913-t186-M-00.00-mobile-c368a720)
[2022-03-13 10:05:05] [0000.335] I> Boot-device: eMMC
[2022-03-13 10:05:05] [0000.342] I> sdmmc bdev is already initialized
[2022-03-13 10:05:05] [0000.347] I> pmic: reset reason (nverc)	: 0x80
[2022-03-13 10:05:05] [0000.380] I> Found 19 partitions in SDMMC_BOOT (instance 3)
[2022-03-13 10:05:05] [0000.400] I> Found 33 partitions in SDMMC_USER (instance 3)
[2022-03-13 10:05:05] [0000.406] W> No valid slot number is found in scratch register
[2022-03-13 10:05:05] [0000.411] W> Return default slot: _a
[2022-03-13 10:05:05] [0000.415] I> A/B: bin_type (16) slot 0
[2022-03-13 10:05:05] [0000.418] I> Loading partition bpmp-fw at 0xd7800000
[2022-03-13 10:05:05] [0000.423] I> Reading two headers - addr:0xd7800000 blocks:1
[2022-03-13 10:05:05] [0000.429] I> Addr: 0xd7800000, start-block: 58777608, num_blocks: 1
[2022-03-13 10:05:05] [0000.453] I> Binary(16) of size 534416 is loaded @ 0xd7800000
[2022-03-13 10:05:05] [0000.459] W> No valid slot number is found in scratch register
[2022-03-13 10:05:05] [0000.465] W> Return default slot: _a
[2022-03-13 10:05:05] [0000.468] I> A/B: bin_type (17) slot 0
[2022-03-13 10:05:05] [0000.472] I> Loading partition bpmp-fw-dtb at 0xd79f0000
[2022-03-13 10:05:05] [0000.477] I> Reading two headers - addr:0xd79f0000 blocks:1
[2022-03-13 10:05:05] [0000.483] I> Addr: 0xd79f0000, start-block: 58780024, num_blocks: 1
[2022-03-13 10:05:05] [0000.508] I> Binary(17) of size 604720 is loaded @ 0xd796c400
[2022-03-13 10:05:05] [0000.738] I> Loading SCE-FW ...
[2022-03-13 10:05:05] [0000.741] W> No valid slot number is found in scratch register
[2022-03-13 10:05:05] [0000.747] W> Return default slot: _a
[2022-03-13 10:05:05] [0000.750] I> A/B: bin_type (12) slot 0
[2022-03-13 10:05:05] [0000.754] I> Loading partition sce-fw at 0xd7300000
[2022-03-13 10:05:05] [0000.759] I> Reading two headers - addr:0xd7300000 blocks:1
[2022-03-13 10:05:05] [0000.764] I> Addr: 0xd7300000, start-block: 58784120, num_blocks: 1
[2022-03-13 10:05:05] [0000.783] I> Binary(12) of size 125632 is loaded @ 0xd7300000
[2022-03-13 10:05:05] [0000.789] I> Init SCE
[2022-03-13 10:05:05] [0000.791] I> Loading APE-FW ...
[2022-03-13 10:05:05] [0000.794] W> No valid slot number is found in scratch register
[2022-03-13 10:05:05] [0000.800] W> Return default slot: _a
[2022-03-13 10:05:05] [0000.803] I> A/B: bin_type (11) slot 0
[2022-03-13 10:05:05] [0000.807] I> Loading partition adsp-fw at 0xd7400000
[2022-03-13 10:05:05] [0000.812] I> Reading two headers - addr:0xd7400000 blocks:1
[2022-03-13 10:05:05] [0000.817] I> Addr: 0xd7400000, start-block: 58761224, num_blocks: 1
[2022-03-13 10:05:05] [0000.836] I> Binary(11) of size 77216 is loaded @ 0xd7400000
[2022-03-13 10:05:05] [0000.842] I> Copy BTCM section
[2022-03-13 10:05:05] [0000.845] W> No valid slot number is found in scratch register
[2022-03-13 10:05:05] [0000.851] W> Return default slot: _a
[2022-03-13 10:05:05] [0000.854] I> A/B: bin_type (13) slot 0
[2022-03-13 10:05:05] [0000.858] I> Loading partition cpu-bootloader at 0x96000000
[2022-03-13 10:05:05] [0000.863] I> Reading two headers - addr:0x96000000 blocks:1
[2022-03-13 10:05:05] [0000.869] I> Addr: 0x96000000, start-block: 58740744, num_blocks: 1
[2022-03-13 10:05:05] [0000.890] I> Binary(13) of size 308800 is loaded @ 0x96000000
[2022-03-13 10:05:05] [0000.895] W> No valid slot number is found in scratch register
[2022-03-13 10:05:05] [0000.901] W> Return default slot: _a
[2022-03-13 10:05:05] [0000.904] I> A/B: bin_type (20) slot 0
[2022-03-13 10:05:05] [0000.908] I> Loading partition bootloader-dtb at 0x85205400
[2022-03-13 10:05:05] [0000.913] I> Reading two headers - addr:0x85205400 blocks:1
[2022-03-13 10:05:05] [0000.919] I> Addr: 0x85205400, start-block: 58742792, num_blocks: 1
[2022-03-13 10:05:05] [0000.941] I> Binary(20) of size 375568 is loaded @ 0x85205400
[2022-03-13 10:05:05] [0000.947] W> No valid slot number is found in scratch register
[2022-03-13 10:05:05] [0000.952] W> Return default slot: _a
[2022-03-13 10:05:05] [0000.956] I> A/B: bin_type (14) slot 0
[2022-03-13 10:05:05] [0000.959] I> Loading partition secure-os at 0x85305600
[2022-03-13 10:05:06] [0000.964] I> Reading two headers - addr:0x85305600 blocks:1
[2022-03-13 10:05:06] [0000.970] I> Addr: 0x85305600, start-block: 58744840, num_blocks: 1
[2022-03-13 10:05:06] [0000.992] I> Binary(14) of size 402864 is loaded @ 0x85305600
[2022-03-13 10:05:06] [0000.999] I> TOS boot-params @ 0x85000000
[2022-03-13 10:05:06] [0001.003] I> TOS params prepared
[2022-03-13 10:05:06] [0001.006] I> Loading EKS ...
[2022-03-13 10:05:06] [0001.009] I> A/B: bin_type (15) slot 0
[2022-03-13 10:05:06] [0001.013] I> Loading partition eks at 0x85905800
[2022-03-13 10:05:06] [0001.017] I> Reading two headers - addr:0x85905800 blocks:1
[2022-03-13 10:05:06] [0001.023] I> Addr: 0x85905800, start-block: 58757128, num_blocks: 1
[2022-03-13 10:05:06] [0001.042] I> Binary(15) of size 1040 is loaded @ 0x85905800
[2022-03-13 10:05:06] [0001.047] I> EKB detected (length: 0x400) @ 0x85905800
[2022-03-13 10:05:06] [0001.052] I> Copied encrypted keys
[2022-03-13 10:05:06] [0001.056] I> boot profiler @ 0x275844000
[2022-03-13 10:05:06] [0001.060] I> boot profiler for TOS @ 0x275844000
[2022-03-13 10:05:06] [0001.064] I> Unhalting SCE
[2022-03-13 10:05:06] [0001.067] I> Primary Memory Start:80000000 Size:70000000
[2022-03-13 10:05:06] [0001.072] I> Extended Memory Start:f0110000 Size:1856f0000
[2022-03-13 10:05:06] [0001.079] I> MB2(TBoot-BPMP) done
[2022-03-13 10:05:06] 
[2022-03-13 10:05:06] NOTICE:  BL31: v1.3(release):b5eeb33f7
[2022-03-13 10:05:06] NOTICE:  BL31: Built : 12:15:17, Jul 26 2021
[2022-03-13 10:05:06] ipc-unittest-main: 1519: Welcome to IPC unittest!!!
[2022-03-13 10:05:06] ipc-unittest-main: 1531: waiting forever
[2022-03-13 10:05:06] ipc-unittest-srv: 329: Init unittest services!!!
[2022-03-13 10:05:06] hwkey-agent: 41: hwkey-agent is running!!
[2022-03-13 10:05:06] hwkey-agent: 315: key_mgnt_processing .......
[2022-03-13 10:05:06] hwkey-agent: 223: Setting EKB key 0 to slot 14
[2022-03-13 10:05:06] hwkey-agent: 178: Init hweky-agent services!!
[2022-03-13 10:05:06] luks-srv: 40: luks-srv is running!!
[2022-03-13 10:05:06] luks-srv: 157: Init luks-srv IPC services!!
[2022-03-13 10:05:06] platform_bootstrap_epilog: trusty bootstrap complete
[2022-03-13 10:05:06] [0001.452] I> Welcome to Cboot
[2022-03-13 10:05:06] [0001.454] I> Cboot Version: t186-00029e71
[2022-03-13 10:05:06] [0001.458] I> CPU-BL Params @ 0x275800000
[2022-03-13 10:05:06] [0001.462] I>  0) Base:0x00000000 Size:0x00000000
[2022-03-13 10:05:06] [0001.466] I>  1) Base:0x277f00000 Size:0x00100000
[2022-03-13 10:05:06] [0001.471] I>  2) Base:0x277e00000 Size:0x00100000
[2022-03-13 10:05:06] [0001.475] I>  3) Base:0x277d00000 Size:0x00100000
[2022-03-13 10:05:06] [0001.480] I>  4) Base:0x277c00000 Size:0x00100000
[2022-03-13 10:05:06] [0001.484] I>  5) Base:0x277b00000 Size:0x00100000
[2022-03-13 10:05:06] [0001.489] I>  6) Base:0x277800000 Size:0x00200000
[2022-03-13 10:05:06] [0001.493] I>  7) Base:0x277400000 Size:0x00400000
[2022-03-13 10:05:06] [0001.498] I>  8) Base:0x277a00000 Size:0x00100000
[2022-03-13 10:05:06] [0001.502] I>  9) Base:0x277300000 Size:0x00100000
[2022-03-13 10:05:06] [0001.507] I> 10) Base:0x276800000 Size:0x00800000
[2022-03-13 10:05:06] [0001.512] I> 11) Base:0x30000000 Size:0x00040000
[2022-03-13 10:05:06] [0001.516] I> 12) Base:0xf0000000 Size:0x00100000
[2022-03-13 10:05:06] [0001.520] I> 13) Base:0x30040000 Size:0x00001000
[2022-03-13 10:05:06] [0001.525] I> 14) Base:0x30048000 Size:0x00001000
[2022-03-13 10:05:06] [0001.529] I> 15) Base:0x30049000 Size:0x00001000
[2022-03-13 10:05:06] [0001.534] I> 16) Base:0x3004a000 Size:0x00001000
[2022-03-13 10:05:06] [0001.538] I> 17) Base:0x3004b000 Size:0x00001000
[2022-03-13 10:05:06] [0001.543] I> 18) Base:0x3004c000 Size:0x00001000
[2022-03-13 10:05:06] [0001.547] I> 19) Base:0x3004d000 Size:0x00001000
[2022-03-13 10:05:06] [0001.551] I> 20) Base:0x3004e000 Size:0x00001000
[2022-03-13 10:05:06] [0001.556] I> 21) Base:0x3004f000 Size:0x00001000
[2022-03-13 10:05:06] [0001.560] I> 22) Base:0x00000000 Size:0x00000000
[2022-03-13 10:05:06] [0001.565] I> 23) Base:0xf0100000 Size:0x00010000
[2022-03-13 10:05:06] [0001.569] I> 24) Base:0x00000000 Size:0x00000000
[2022-03-13 10:05:06] [0001.574] I> 25) Base:0x00000000 Size:0x00000000
[2022-03-13 10:05:06] [0001.578] I> 26) Base:0x00000000 Size:0x00000000
[2022-03-13 10:05:06] [0001.582] I> 27) Base:0x00000000 Size:0x00000000
[2022-03-13 10:05:06] [0001.587] I> 28) Base:0x84400000 Size:0x00400000
[2022-03-13 10:05:06] [0001.591] I> 29) Base:0x30000000 Size:0x00010000
[2022-03-13 10:05:06] [0001.596] I> 30) Base:0x278000000 Size:0x08000000
[2022-03-13 10:05:06] [0001.600] I> 31) Base:0x00000000 Size:0x00000000
[2022-03-13 10:05:06] [0001.605] I> 32) Base:0x276000000 Size:0x00600000
[2022-03-13 10:05:06] [0001.609] I> 33) Base:0x80000000 Size:0x70000000
[2022-03-13 10:05:06] [0001.614] I> 34) Base:0xf0110000 Size:0x1856f0000
[2022-03-13 10:05:06] [0001.618] I> 35) Base:0x00000000 Size:0x00000000
[2022-03-13 10:05:06] [0001.623] I> 36) Base:0x00000000 Size:0x00000000
[2022-03-13 10:05:06] [0001.627] I> 37) Base:0x2772e0000 Size:0x00020000
[2022-03-13 10:05:06] [0001.632] I> 38) Base:0x84000000 Size:0x00400000
[2022-03-13 10:05:06] [0001.636] I> 39) Base:0x96000000 Size:0x02000000
[2022-03-13 10:05:06] [0001.640] I> 40) Base:0x85000000 Size:0x01200000
[2022-03-13 10:05:06] [0001.645] I> 41) Base:0x275800000 Size:0x00500000
[2022-03-13 10:05:06] [0001.649] I> 42) Base:0x00000000 Size:0x00000000
[2022-03-13 10:05:06] [0001.654] I> 43) Base:0x00000000 Size:0x00000000
[2022-03-13 10:05:06] [0001.658] GIC-SPI Target CPU: 4
[2022-03-13 10:05:06] [0001.661] Interrupts Init done
[2022-03-13 10:05:06] [0001.665] calling constructors
[2022-03-13 10:05:06] [0001.668] initializing heap
[2022-03-13 10:05:06] [0001.671] initializing threads
[2022-03-13 10:05:06] [0001.674] initializing timers
[2022-03-13 10:05:06] [0001.677] creating bootstrap completion thread
[2022-03-13 10:05:06] [0001.682] top of bootstrap2()
[2022-03-13 10:05:06] [0001.685] CPU: ARM Cortex A57
[2022-03-13 10:05:06] [0001.688] CPU: MIDR: 0x411FD073, MPIDR: 0x80000100
[2022-03-13 10:05:06] [0001.693] initializing platform
[2022-03-13 10:05:06] [0001.696] I> Bl_dtb @0x85205400
[2022-03-13 10:05:06] [0001.699] I> gpio framework initialized
[2022-03-13 10:05:06] [0001.706] I> tegrabl_gpio_driver_register: register 'nvidia,tegra186-gpio' driver
[2022-03-13 10:05:06] [0001.716] I> tegrabl_gpio_driver_register: register 'nvidia,tegra186-gpio-aon' driver
[2022-03-13 10:05:06] [0001.723] I> GPIO framework and drivers are initialized.
[2022-03-13 10:05:06] [0001.729] I> Boot-device: eMMC
[2022-03-13 10:05:06] [0001.736] I> sdmmc bdev is already initialized
[2022-03-13 10:05:06] [0001.766] I> Found 19 partitions in SDMMC_BOOT (instance 3)
[2022-03-13 10:05:06] [0001.784] I> Found 33 partitions in SDMMC_USER (instance 3)
[2022-03-13 10:05:06] [0001.790] W> opt-in fuse is not set, skip fuse_burning
[2022-03-13 10:05:06] [0001.795] I> Reserved memory at 0xfbe00000 for U-Boot relocation
[2022-03-13 10:05:06] [0001.800] W> No valid slot number is found in scratch register
[2022-03-13 10:05:06] [0001.806] W> Return default slot: _a
[2022-03-13 10:05:06] [0001.815] I> A/B: bin_type (21) slot 0
[2022-03-13 10:05:06] [0001.819] I> Loading kernel-dtb from partition
[2022-03-13 10:05:06] [0001.823] I> Loading partition kernel-dtb at 0x80000000 from device(0x1)
[2022-03-13 10:05:06] [0001.841] I> Kernel_dtb @0x80000000
[2022-03-13 10:05:06] [0001.844] I> tegrabl_tca9539_init: i2c bus: 0, slave addr: 0xee
[2022-03-13 10:05:06] [0001.855] I> tegrabl_gpio_driver_register: register 'tca9539_gpio_driver' driver
[2022-03-13 10:05:06] [0001.862] I> tegrabl_tca9539_init: i2c bus: 0, slave addr: 0xe8
[2022-03-13 10:05:06] [0001.871] I> tegrabl_gpio_driver_register: register 'tca9539_gpio_driver' driver
[2022-03-13 10:05:06] [0001.881] I> fixed regulator driver initialized
[2022-03-13 10:05:06] [0001.915] I> register 'maxim' power off handle
[2022-03-13 10:05:06] [0001.921] I> virtual i2c enabled
[2022-03-13 10:05:06] [0001.924] I> registered 'maxim,max77620' pmic
[2022-03-13 10:05:06] [0001.928] I> tegrabl_gpio_driver_register: register 'max77620-gpio' driver
[2022-03-13 10:05:06] [0001.942] E> failed to read label property for node 324936: 13
[2022-03-13 10:05:06] [0001.951] E> failed to read reg property for node 325032: 13
[2022-03-13 10:05:06] [0001.959] E> failed to read reg property for node 325084: 13
[2022-03-13 10:05:07] [0001.967] E> failed to read label property for node 325168: 13
[2022-03-13 10:05:07] [0001.975] E> failed to read label property for node 325236: 13
[2022-03-13 10:05:07] [0001.984] E> failed to read reg property for node 325304: 13
[2022-03-13 10:05:07] [0001.992] E> failed to read reg property for node 325376: 13
[2022-03-13 10:05:07] [0002.002] I> Find /i2c@c250000's alias i2c7
[2022-03-13 10:05:07] [0002.006] I> Reading eeprom i2c=7 address=0x50
[2022-03-13 10:05:07] [0002.036] I> Device at /i2c@c250000:0x50
[2022-03-13 10:05:07] [0002.039] I> Reading eeprom i2c=7 address=0x57
[2022-03-13 10:05:07] [0002.068] I> Device at /i2c@c250000:0x57
[2022-03-13 10:05:07] [0002.073] I> Find /i2c@c240000's alias i2c1
[2022-03-13 10:05:07] [0002.077] I> Reading eeprom i2c=1 address=0x51
[2022-03-13 10:05:07] [0002.082] E> I2C: slave not found in slaves.
[2022-03-13 10:05:07] [0002.086] E> I2C: Could not write 0 bytes to slave: 0x00a2 with repeat start true.
[2022-03-13 10:05:07] [0002.093] E> I2C_DEV: Failed to send register address 0x00000000.
[2022-03-13 10:05:07] [0002.099] E> I2C_DEV: Could not read 256 registers of size 1 from slave 0xa2 at 0x00000000 via instance 1.
[2022-03-13 10:05:07] [0002.109] E> eeprom: Retry to read I2C slave device.
[2022-03-13 10:05:07] [0002.114] E> I2C: slave not found in slaves.
[2022-03-13 10:05:07] [0002.118] E> I2C: Could not write 0 bytes to slave: 0x00a2 with repeat start true.
[2022-03-13 10:05:07] [0002.126] E> I2C_DEV: Failed to send register address 0x00000000.
[2022-03-13 10:05:07] [0002.131] E> I2C_DEV: Could not read 256 registers of size 1 from slave 0xa2 at 0x00000000 via instance 1.
[2022-03-13 10:05:07] [0002.141] E> eeprom: Failed to read I2C slave device
[2022-03-13 10:05:07] [0002.146] I> Eeprom read failed 0x3526070d
[2022-03-13 10:05:07] [0002.150] I> Find /i2c@3160000's alias i2c0
[2022-03-13 10:05:07] [0002.154] I> Reading eeprom i2c=0 address=0x50
[2022-03-13 10:05:07] [0002.159] E> I2C: slave not found in slaves.
[2022-03-13 10:05:07] [0002.163] E> I2C: Could not write 0 bytes to slave: 0x00a0 with repeat start true.
[2022-03-13 10:05:07] [0002.170] E> I2C_DEV: Failed to send register address 0x00000000.
[2022-03-13 10:05:07] [0002.176] E> I2C_DEV: Could not read 256 registers of size 1 from slave 0xa0 at 0x00000000 via instance 0.
[2022-03-13 10:05:07] [0002.186] E> eeprom: Failed to read I2C slave device
[2022-03-13 10:05:07] [0002.191] I> Eeprom read failed 0x3526070d
[2022-03-13 10:05:07] [0002.195] I> Find /i2c@3180000's alias i2c2
[2022-03-13 10:05:07] [0002.199] I> Reading eeprom i2c=2 address=0x54
[2022-03-13 10:05:07] [0002.204] I> Enabling gpio chip_id = 2, gpio pin = 9
[2022-03-13 10:05:07] [0002.234] I> Disabling gpio chip_id = 2, gpio pin = 9
[2022-03-13 10:05:07] [0002.239] I> Device at /i2c@3180000:0x54
[2022-03-13 10:05:07] [0002.243] I> Reading eeprom i2c=2 address=0x57
[2022-03-13 10:05:07] [0002.247] I> Enabling gpio chip_id = 2, gpio pin = 9
[2022-03-13 10:05:07] [0002.253] E> I2C: slave not found in slaves.
[2022-03-13 10:05:07] [0002.257] E> I2C: Could not write 0 bytes to slave: 0x00ae with repeat start true.
[2022-03-13 10:05:07] [0002.265] E> I2C_DEV: Failed to send register address 0x00000000.
[2022-03-13 10:05:07] [0002.271] E> I2C_DEV: Could not read 256 registers of size 1 from slave 0xae at 0x00000000 via instance 2.
[2022-03-13 10:05:07] [0002.280] E> eeprom: Failed to read I2C slave device
[2022-03-13 10:05:07] [0002.285] I> Disabling gpio chip_id = 2, gpio pin = 9
[2022-03-13 10:05:07] [0002.290] I> Eeprom read failed 0x00000000
[2022-03-13 10:05:07] [0002.294] I> create_pm_ids: id: 3310-1000-D00-L, len: 15
[2022-03-13 10:05:07] [0002.299] I> config: mem-type:00,power-config:00,misc-config:00,modem-config:00,touch-config:00,display-config:00,, len: 93
[2022-03-13 10:05:07] [0002.310] I> create_pm_ids: id: 2597-0000-900-E, len: 15
[2022-03-13 10:05:07] [0002.315] I> config: mem-type:00,power-config:00,misc-config:00,modem-config:00,touch-config:00,display-config:00,, len: 93
[2022-03-13 10:05:07] [0002.326] I> create_pm_ids: id: 3326-1000-000-M, len: 15
[2022-03-13 10:05:07] [0002.331] I> config: mem-type:ff,power-config:ff,misc-config:ff,modem-config:ff,touch-config:ff,display-config:ff,, len: 93
[2022-03-13 10:05:07] [0002.366] I> enabling 'vdd-hdmi' regulator
[2022-03-13 10:05:07] [0002.382] I> regulator 'vdd-hdmi' already enabled
[2022-03-13 10:05:07] [0002.387] E> tegrabl_display_init_regulator: hdmi cable is not connected
[2022-03-13 10:05:07] [0002.393] E> tegrabl_display_get_pdata, failed to parse dtb settings
[2022-03-13 10:05:07] [0002.402] E> cannot find any other nvdisp nodes
[2022-03-13 10:05:07] [0002.406] E> no valid display unit config found in dtb
[2022-03-13 10:05:07] [0002.412] W> display init failed
[2022-03-13 10:05:07] [0002.415] initializing target
[2022-03-13 10:05:07] [0002.418] calling apps_init()
[2022-03-13 10:05:07] [0002.421] starting app kernel_boot_app
[2022-03-13 10:05:07] [0002.443] I> found decompressor handler: lz4-legacy
[2022-03-13 10:05:07] [0002.448] I> decompressing BMP blob ...
[2022-03-13 10:05:07] [0002.460] I> Kernel type = Normal
[2022-03-13 10:05:07] [0002.464] I> ########## Fixed storage boot ##########
[2022-03-13 10:05:07] [0002.468] I> Loading kernel-bootctrl from partition
[2022-03-13 10:05:07] [0002.473] I> Loading partition kernel-bootctrl at 0xa8000000 from device(0x1)
[2022-03-13 10:05:07] [0002.487] W> tegrabl_get_kernel_bootctrl: magic number(0x00000000) is invalid
[2022-03-13 10:05:07] [0002.494] W> tegrabl_get_kernel_bootctrl: use default dummy boot control data
[2022-03-13 10:05:07] [0002.501] W> No valid slot number is found in scratch register
[2022-03-13 10:05:07] [0002.507] W> Return default slot: _a
[2022-03-13 10:05:07] [0002.510] I> A/B: bin_type (24) slot 0
[2022-03-13 10:05:07] [0002.526] I> Boot image size read from image header: 9913d
[2022-03-13 10:05:07] [0002.531] I> Boot image load address: 0x80400000
[2022-03-13 10:05:07] [0002.536] I> Loading kernel from partition
[2022-03-13 10:05:07] [0002.540] I> Loading partition kernel at 0x80400000 from device(0x1)
[2022-03-13 10:05:08] [0003.483] I> Validate kernel ...
[2022-03-13 10:05:08] [0003.486] I> T18x: Authenticate kernel (bin_type 24), max size 0x4000000
[2022-03-13 10:05:08] [0003.494] I> Decrypt the buffer ... [0003.497] W> tegrabl_decrypt_block: fuse (0x0) is not burnt to do encryption (0x4); skip decryption.
[2022-03-13 10:05:08] [0003.506] I> done
[2022-03-13 10:05:08] [0003.508] I> Checking boot.img header magic ... [0003.512] I> [OK]
[2022-03-13 10:05:08] [0003.514] I> kernel-dtb is already loaded
[2022-03-13 10:05:08] [0003.517] I> Validate kernel-dtb ...
[2022-03-13 10:05:08] [0003.521] I> T18x: Authenticate kernel-dtb (bin_type 21), max size 0x100000
[2022-03-13 10:05:08] [0003.528] I> Decrypt the buffer ... [0003.532] W> tegrabl_decrypt_block: fuse (0x0) is not burnt to do encryption (0x4); skip decryption.
[2022-03-13 10:05:08] [0003.541] I> done
[2022-03-13 10:05:08] [0003.542] I> Kernel hdr @0x80400000
[2022-03-13 10:05:08] [0003.546] I> Kernel dtb @0x80000000
[2022-03-13 10:05:08] [0003.549] I> decompressor handler not found
[2022-03-13 10:05:08] [0003.553] I> Copying kernel image (627005 bytes) from 0x80400800 to 0x80600000 ... [0003.561] I> Done
[2022-03-13 10:05:08] [0003.562] I> Move ramdisk (len: 0) from 0x8049a000 to 0x947d0000
[2022-03-13 10:05:08] [0003.570] I> Updated bpmp info to DTB
[2022-03-13 10:05:08] [0003.576] I> Ramdisk: Base: 0x947d0000; Size: 0x0
[2022-03-13 10:05:08] [0003.581] I> Updated initrd info to DTB
[2022-03-13 10:05:08] [0003.584] W> WARN: Fail to override "console=none" in commandline
[2022-03-13 10:05:08] [0003.590] I> Active rootfs suffix: 
[2022-03-13 10:05:08] [0003.593] E> tegrabl_linuxboot_add_disp_param, du 0 failed to get display params
[2022-03-13 10:05:08] [0003.601] E> tegrabl_linuxboot_add_disp_param, du 0 failed to get display params
[2022-03-13 10:05:08] [0003.608] E> tegrabl_linuxboot_add_disp_param, du 0 failed to get display params
[2022-03-13 10:05:08] [0003.615] I> disabled_core_mask: 0xffffff0c
[2022-03-13 10:05:08] [0003.619] W> No valid slot number is found in scratch register
[2022-03-13 10:05:08] [0003.625] W> Return default slot: _a
[2022-03-13 10:05:08] [0003.628] I> Active slot suffix: 
[2022-03-13 10:05:08] [0003.631] I> add_boot_slot_suffix: slot_suffix = 
[2022-03-13 10:05:08] [0003.636] I> Linux Cmdline: console=ttyS0,115200 androidboot.presilicon=true firmware_class.path=/etc/firmware root=/dev/mmcblk0p1 rw rootwait rootfstype=ext4 console=ttyS0,115200n8 console=tty0 fbcon=map:0 net.ifnames=0 isolcpus=1-2  video=tegrafb earlycon=uart8250,mmio32,0x3100000 nvdumper_reserved=0x2772e0000 gpt rootfs.slot_suffix= usbcore.old_scheme_first=1 tegraid=18.1.2.0.0 maxcpus=6 no_console_suspend boot.slot_suffix= boot.ratchetvalues=0.2031647.1 vpr_resize bl_prof_dataptr=0x10000@0x275840000 sdhci_tegra.en_boot_part_access=1 
[2022-03-13 10:05:08] [0003.683] I> Updated bootarg info to DTB
[2022-03-13 10:05:08] [0003.687] I> eeprom_get_mac_addr: MAC (type: 0): 48:b0:2d:0f:11:c5
[2022-03-13 10:05:08] [0003.693] I> eeprom_get_mac_addr: MAC (type: 1): 48:b0:2d:0f:11:c6
[2022-03-13 10:05:08] [0003.699] I> eeprom_get_mac_addr: MAC (type: 2): 48:b0:2d:0f:11:c7
[2022-03-13 10:05:08] [0003.706] E> Found no plugin manager ids in source DT
[2022-03-13 10:05:08] [0003.711] W> Add plugin manager ids from board info
[2022-03-13 10:05:08] [0003.715] W> "plugin-manager" doesn't exist, creating
[2022-03-13 10:05:08] [0003.720] W> "ids" doesn't exist, creating
[2022-03-13 10:05:08] [0003.724] W> "connection" doesn't exist, creating
[2022-03-13 10:05:08] [0003.729] W> "configs" doesn't exist, creating
[2022-03-13 10:05:08] [0003.733] I> create_pm_ids: id: 3310-1000-D00-L, len: 15
[2022-03-13 10:05:08] [0003.738] I> config: mem-type:00,power-config:00,misc-config:00,modem-config:00,touch-config:00,display-config:00,, len: 93
[2022-03-13 10:05:08] [0003.749] I> create_pm_ids: id: 2597-0000-900-E, len: 15
[2022-03-13 10:05:08] [0003.754] I> config: mem-type:00,power-config:00,misc-config:00,modem-config:00,touch-config:00,display-config:00,, len: 93
[2022-03-13 10:05:08] [0003.765] I> create_pm_ids: id: 3326-1000-000-M, len: 15
[2022-03-13 10:05:08] [0003.770] I> config: mem-type:ff,power-config:ff,misc-config:ff,modem-config:ff,touch-config:ff,display-config:ff,, len: 93
[2022-03-13 10:05:08] [0003.781] I> Adding plugin-manager/ids/3310-1000-D00=/i2c@c250000:module@0x50
[2022-03-13 10:05:08] [0003.789] W> "i2c@c250000" doesn't exist, creating
[2022-03-13 10:05:08] [0003.793] W> "module@0x50" doesn't exist, creating
[2022-03-13 10:05:08] [0003.798] I> Adding plugin-manager/ids/2597-0000-900=/i2c@c250000:module@0x57
[2022-03-13 10:05:08] [0003.805] W> "module@0x57" doesn't exist, creating
[2022-03-13 10:05:08] [0003.810] I> Adding plugin-manager/ids/3326-1000-000=/i2c@3180000:module@0x54
[2022-03-13 10:05:08] [0003.818] W> "i2c@3180000" doesn't exist, creating
[2022-03-13 10:05:08] [0003.822] W> "module@0x54" doesn't exist, creating
[2022-03-13 10:05:08] [0003.829] I> Adding plugin-manager/ids/3310-1000-D00-L
[2022-03-13 10:05:08] [0003.836] I> Adding plugin-manager/configs/3310-mem-type 00
[2022-03-13 10:05:08] [0003.842] I> Adding plugin-manager/configs/3310-power-config 00
[2022-03-13 10:05:08] [0003.848] I> Adding plugin-manager/configs/3310-misc-config 00
[2022-03-13 10:05:08] [0003.854] I> Adding plugin-manager/configs/3310-modem-config 00
[2022-03-13 10:05:08] [0003.860] I> Adding plugin-manager/configs/3310-touch-config 00
[2022-03-13 10:05:08] [0003.866] I> Adding plugin-manager/configs/3310-display-config 00
[2022-03-13 10:05:08] [0003.872] I> Adding plugin-manager/cvm
[2022-03-13 10:05:08] [0003.876] W> "chip-id" doesn't exist, creating
[2022-03-13 10:05:08] [0003.880] I> Adding plugin-manager/chip-id/A02P
[2022-03-13 10:05:08] [0003.885] W> "odm-data" doesn't exist, creating
[2022-03-13 10:05:08] [0003.889] I> Adding /chosen/plugin-manager/odm-data
[2022-03-13 10:05:08] [0003.899] I> added [base:0x80000000, size:0x70000000] to /memory
[2022-03-13 10:05:08] [0003.905] I> added [base:0xf0200000, size:0x185600000] to /memory
[2022-03-13 10:05:08] [0003.911] I> added [base:0x275e00000, size:0x200000] to /memory
[2022-03-13 10:05:08] [0003.916] I> added [base:0x276600000, size:0x200000] to /memory
[2022-03-13 10:05:08] [0003.922] I> added [base:0x277000000, size:0x200000] to /memory
[2022-03-13 10:05:08] [0003.928] I> Updated memory info to DTB
[2022-03-13 10:05:08] [0003.932] E> add_disp_param: failed to get display params for du=0
[2022-03-13 10:05:08] [0003.940] W> "reset" doesn't exist, creating
[2022-03-13 10:05:08] [0003.944] W> "pmc-reset-reason" doesn't exist, creating
[2022-03-13 10:05:08] [0003.950] W> "pmic-reset-reason" doesn't exist, creating
[2022-03-13 10:05:08] [0003.956] I> Adding ecid(00000001646db7851000000013038200) to DT
[2022-03-13 10:05:09] [0003.962] I> disabled_core_mask: 0xffffff0c
[2022-03-13 10:05:09] [0003.975] I> Add serial number:1422420022173 as DT property
[2022-03-13 10:05:09] [0003.984] I> Plugin-manager override starting
[2022-03-13 10:05:09] [0003.990] I> node /plugin-manager/fragement@0 matches
[2022-03-13 10:05:09] [0004.000] I> node /plugin-manager/fragement@4 matches
[2022-03-13 10:05:09] [0004.013] I> node /plugin-manager/fragment-sdwake-p3310-1000-300 matches
[2022-03-13 10:05:09] [0004.033] I> node /plugin-manager/fragement-pmon-p3310-1000-300 matches
[2022-03-13 10:05:09] [0004.042] I> node /plugin-manager/fragement-pmon-p3310-1000-800 matches
[2022-03-13 10:05:09] [0004.051] I> node /plugin-manager/fragment-devslp@0 matches
[2022-03-13 10:05:09] [0004.064] I> node /plugin-manager/fragment-500-pcie-config matches
[2022-03-13 10:05:09] [0004.079] I> node /plugin-manager/fragment-500-xusb-config matches
[2022-03-13 10:05:09] [0004.102] I> node /plugin-manager/fragment-p3310-c00-comm matches
[2022-03-13 10:05:09] [0004.115] I> node /plugin-manager/fragment-p3310-c00-pmic matches
[2022-03-13 10:05:09] [0004.126] I> node /plugin-manager/fragment-p3310-c01 matches
[2022-03-13 10:05:09] [0004.139] I> node /plugin-manager/fragment-p3310-c03 matches
[2022-03-13 10:05:09] [0004.181] I> node /plugin-manager/fragment-e3326@0 matches
[2022-03-13 10:05:09] [0004.263] I> node /plugin-manager/fragment-p3310-c00-camera matches
[2022-03-13 10:05:09] [0004.290] I> Disable plugin-manager status in FDT
[2022-03-13 10:05:09] [0004.294] I> Plugin-manager override finished successfully
[2022-03-13 10:05:09] [0004.300] I> tegrabl_load_kernel_and_dtb: Done
[2022-03-13 10:05:09] [0004.304] E> tegrabl_display_clear: display is not initialized
[2022-03-13 10:05:09] [0004.310] W> Boot logo display failed...
[2022-03-13 10:05:09] [0004.313] I> Kernel EP: 0x80600000, DTB: 0x80000000
[2022-03-13 10:05:09] 
[2022-03-13 10:05:09] 
[2022-03-13 10:05:09] U-Boot 2020.04-g46e4604c78 (Jul 26 2021 - 12:10:58 -0700)
[2022-03-13 10:05:09] 
[2022-03-13 10:05:09] SoC: tegra186
[2022-03-13 10:05:09] Model: NVIDIA P2771-0000-500
[2022-03-13 10:05:09] Board: NVIDIA P2771-0000
[2022-03-13 10:05:09] DRAM:  7.8 GiB
[2022-03-13 10:05:09] MMC:   sdhci@3400000: 1, sdhci@3460000: 0
[2022-03-13 10:05:09] Loading Environment from MMC... *** Warning - bad CRC, using default environment
[2022-03-13 10:05:09] 
[2022-03-13 10:05:09] In:    serial
[2022-03-13 10:05:09] Out:   serial
[2022-03-13 10:05:09] Err:   serial
[2022-03-13 10:05:09] Net:   
[2022-03-13 10:05:09] Warning: ethernet@2490000 using MAC address from ROM
[2022-03-13 10:05:09] eth0: ethernet@2490000
[2022-03-13 10:05:09] Hit any key to stop autoboot:  2  1  0 
[2022-03-13 10:05:11] MMC: no card present
[2022-03-13 10:05:11] switch to partitions #0, OK
[2022-03-13 10:05:11] mmc0(part 0) is current device
[2022-03-13 10:05:11] Scanning mmc 0:1...
[2022-03-13 10:05:12] Found /boot/extlinux/extlinux.conf
[2022-03-13 10:05:12] Retrieving file: /boot/extlinux/extlinux.conf
[2022-03-13 10:05:12] 858 bytes read in 22 ms (38.1 KiB/s)
[2022-03-13 10:05:12] 1:	primary kernel
[2022-03-13 10:05:12] Retrieving file: /boot/initrd
[2022-03-13 10:05:12] 7238344 bytes read in 201 ms (34.3 MiB/s)
[2022-03-13 10:05:12] Retrieving file: /boot/Image
[2022-03-13 10:05:13] 34484232 bytes read in 829 ms (39.7 MiB/s)
[2022-03-13 10:05:13] append: console=ttyS0,115200 androidboot.presilicon=true firmware_class.path=/etc/firmware root=/dev/mmcblk0p1 rw rootwait rootfstype=ext4 console=ttyS0,115200n8 console=tty0 fbcon=map:0 net.ifnames=0 isolcpus=1-2  video=tegrafb earlycon=uart8250,mmio32,0x3100000 nvdumper_reserved=0x2772e0000 gpt rootfs.slot_suffix= usbcore.old_scheme_first=1 tegraid=18.1.2.0.0 maxcpus=6 no_console_suspend boot.slot_suffix= boot.ratchetvalues=0.2031647.1 vpr_resize bl_prof_dataptr=0x10000@0x275840000 sdhci_tegra.en_boot_part_access=1 quiet root=/dev/mmcblk0p1 rw rootwait rootfstype=ext4 console=ttyS0,115200n8 console=tty0 fbcon=map:0 net.ifnames=0 isolcpus=1-2 
[2022-03-13 10:05:13] ## Flattened Device Tree blob at 80000000
[2022-03-13 10:05:13]    Booting using the fdt blob at 0x80000000
[2022-03-13 10:05:13] ERROR: reserving fdt memory region failed (addr=0 size=0)
[2022-03-13 10:05:13] ERROR: reserving fdt memory region failed (addr=0 size=0)
[2022-03-13 10:05:13] ERROR: reserving fdt memory region failed (addr=0 size=0)
[2022-03-13 10:05:13]    Using Device Tree in place at 0000000080000000, end 0000000080060aa3
[2022-03-13 10:05:13] copying carveout for /host1x@13e00000/display-hub@15200000/display@15200000...
[2022-03-13 10:05:13] copying carveout for /host1x@13e00000/display-hub@15200000/display@15210000...
[2022-03-13 10:05:13] copying carveout for /host1x@13e00000/display-hub@15200000/display@15220000...
[2022-03-13 10:05:13] 
[2022-03-13 10:05:13] Starting kernel ...
[2022-03-13 10:05:13] 
[2022-03-13 10:05:13] [    0.000000] Booting Linux on physical CPU 0x100
[2022-03-13 10:05:13] [    0.000000] Linux version 4.9.253-tegra (buildbrain@mobile-u64-5497-d3000) (gcc version 7.3.1 20180425 [linaro-7.3-2018.05 revision d29120a424ecfbc167ef90065c0eeb7f91977701] (Linaro GCC 7.3-2018.05) ) #1 SMP PREEMPT Mon Jul 26 12:19:28 PDT 2021
[2022-03-13 10:05:13] [    0.000000] Boot CPU: AArch64 Processor [411fd073]
[2022-03-13 10:05:13] [    0.000000] OF: fdt:memory scan node memory@80000000, reg size 80,
[2022-03-13 10:05:13] [    0.000000] OF: fdt: - 80000000 ,  70000000
[2022-03-13 10:05:13] [    0.000000] OF: fdt: - f0200000 ,  185600000
[2022-03-13 10:05:13] [    0.000000] OF: fdt: - 275e00000 ,  200000
[2022-03-13 10:05:13] [    0.000000] OF: fdt: - 276600000 ,  200000
[2022-03-13 10:05:13] [    0.000000] OF: fdt: - 277000000 ,  200000
[2022-03-13 10:05:13] [    0.000000] earlycon: uart8250 at MMIO32 0x0000000003100000 (options '')
[2022-03-13 10:05:13] [    0.000000] bootconsole [uart8250] enabled
[2022-03-13 10:05:15] [    1.894630] cgroup: cgroup2: unknown option "nsdelegate"
[2022-03-13 10:05:16] [    2.926838] using random self ethernet address
[2022-03-13 10:05:16] [    2.937439] using random host ethernet address
[2022-03-13 10:05:17] [    3.341141] random: crng init done
[2022-03-13 10:05:17] [    3.344549] random: 7 urandom warning(s) missed due to ratelimiting
[2022-03-13 10:05:17] [    3.568445] using random self ethernet address
[2022-03-13 10:05:17] [    3.598917] using random host ethernet address
[2022-03-13 10:05:17] [    3.986554] CPU1: shutdown
[2022-03-13 10:05:17] [    4.074240] CPU2: shutdown
[2022-03-13 10:05:18] [    4.871120] Bridge firewalling registered
[2022-03-13 10:05:22] 
[2022-03-13 10:05:22] Ubuntu 18.04.5 LTS JTX2-A ttyS0
[2022-03-13 10:05:22] 
[2022-03-13 10:05:22] JTX2-A login: [   67.559692] arm-smmu 12000000.iommu: TLB sync timed out -- SMMU may be deadlocked
[2022-03-13 10:06:23] [   69.405914] arm-smmu 12000000.iommu: TLB sync timed out -- SMMU may be deadlocked
[2022-03-13 10:06:23] [   69.428515] arm-smmu 12000000.iommu: TLB sync timed out -- SMMU may be deadlocked
[2022-03-13 10:06:25] [   71.251913] arm-smmu 12000000.iommu: TLB sync timed out -- SMMU may be deadlocked
[2022-03-13 10:06:25] [   71.275463] arm-smmu 12000000.iommu: TLB sync timed out -- SMMU may be deadlocked
[2022-03-13 10:06:26] [   73.097885] arm-smmu 12000000.iommu: TLB sync timed out -- SMMU may be deadlocked
[2022-03-13 10:06:26] [   73.122947] arm-smmu 12000000.iommu: TLB sync timed out -- SMMU may be deadlocked
[2022-03-13 10:06:28] [   74.943673] arm-smmu 12000000.iommu: TLB sync timed out -- SMMU may be deadlocked
[2022-03-13 10:06:28] [   74.970974] arm-smmu 12000000.iommu: TLB sync timed out -- SMMU may be deadlocked
[2022-03-13 10:06:30] [   76.789471] arm-smmu 12000000.iommu: TLB sync timed out -- SMMU may be deadlocked
[2022-03-13 10:06:30] [   76.819197] arm-smmu 12000000.iommu: TLB sync timed out -- SMMU may be deadlocked
[2022-03-13 10:06:32] [   78.635289] arm-smmu 12000000.iommu: TLB sync timed out -- SMMU may be deadlocked
[2022-03-13 10:06:32] [   78.666700] arm-smmu 12000000.iommu: TLB sync timed out -- SMMU may be deadlocked
[2022-03-13 10:06:34] [   80.482238] arm-smmu 12000000.iommu: TLB sync timed out -- SMMU may be deadlocked
[2022-03-13 10:06:36] [   82.328356] arm-smmu 12000000.iommu: TLB sync timed out -- SMMU may be deadlocked
[2022-03-13 10:06:36] [   82.646021] arm-smmu 12000000.iommu: TLB sync timed out -- SMMU may be deadlocked
[2022-03-13 10:06:37] [   84.174443] arm-smmu 12000000.iommu: TLB sync timed out -- SMMU may be deadlocked
[2022-03-13 10:06:38] [   84.493423] arm-smmu 12000000.iommu: TLB sync timed out -- SMMU may be deadlocked
[2022-03-13 10:06:42] [0000.286] I> Welcome to MB2(TBoot-BPMP)(version: 01.00.160913-t186-M-00.00-mobile-c368a720)
[2022-03-13 10:06:42] [0000.295] I> Boot-device: eMMC
[2022-03-13 10:06:42] [0000.302] I> sdmmc bdev is already initialized
[2022-03-13 10:06:42] [0000.307] I> pmic: reset reason (nverc)	: 0x80
[2022-03-13 10:06:42] [0000.340] I> Found 19 partitions in SDMMC_BOOT (instance 3)
[2022-03-13 10:06:42] [0000.360] I> Found 33 partitions in SDMMC_USER (instance 3)
[2022-03-13 10:06:42] [0000.366] W> No valid slot number is found in scratch register
[2022-03-13 10:06:42] [0000.372] W> Return default slot: _a
[2022-03-13 10:06:42] [0000.375] I> A/B: bin_type (16) slot 0
[2022-03-13 10:06:42] [0000.379] I> Loading partition bpmp-fw at 0xd7800000
[2022-03-13 10:06:42] [0000.383] I> Reading two headers - addr:0xd7800000 blocks:1
[2022-03-13 10:06:42] [0000.389] I> Addr: 0xd7800000, start-block: 58777608, num_blocks: 1
[2022-03-13 10:06:42] [0000.414] I> Binary(16) of size 534416 is loaded @ 0xd7800000
[2022-03-13 10:06:42] [0000.420] W> No valid slot number is found in scratch register
[2022-03-13 10:06:42] [0000.426] W> Return default slot: _a
[2022-03-13 10:06:42] [0000.429] I> A/B: bin_type (17) slot 0
[2022-03-13 10:06:42] [0000.433] I> Loading partition bpmp-fw-dtb at 0xd79f0000
[2022-03-13 10:06:42] [0000.438] I> Reading two headers - addr:0xd79f0000 blocks:1
[2022-03-13 10:06:42] [0000.443] I> Addr: 0xd79f0000, start-block: 58780024, num_blocks: 1
[2022-03-13 10:06:42] [0000.469] I> Binary(17) of size 604720 is loaded @ 0xd796c400
[2022-03-13 10:06:43] [0000.699] I> Loading SCE-FW ...
[2022-03-13 10:06:43] [0000.702] W> No valid slot number is found in scratch register
[2022-03-13 10:06:43] [0000.708] W> Return default slot: _a
[2022-03-13 10:06:43] [0000.711] I> A/B: bin_type (12) slot 0
[2022-03-13 10:06:43] [0000.715] I> Loading partition sce-fw at 0xd7300000
[2022-03-13 10:06:43] [0000.719] I> Reading two headers - addr:0xd7300000 blocks:1
[2022-03-13 10:06:43] [0000.725] I> Addr: 0xd7300000, start-block: 58784120, num_blocks: 1
[2022-03-13 10:06:43] [0000.744] I> Binary(12) of size 125632 is loaded @ 0xd7300000
[2022-03-13 10:06:43] [0000.750] I> Init SCE
[2022-03-13 10:06:43] [0000.752] I> Loading APE-FW ...
[2022-03-13 10:06:43] [0000.755] W> No valid slot number is found in scratch register
[2022-03-13 10:06:43] [0000.761] W> Return default slot: _a
[2022-03-13 10:06:43] [0000.764] I> A/B: bin_type (11) slot 0
[2022-03-13 10:06:43] [0000.768] I> Loading partition adsp-fw at 0xd7400000
[2022-03-13 10:06:43] [0000.773] I> Reading two headers - addr:0xd7400000 blocks:1
[2022-03-13 10:06:43] [0000.778] I> Addr: 0xd7400000, start-block: 58761224, num_blocks: 1
[2022-03-13 10:06:43] [0000.797] I> Binary(11) of size 77216 is loaded @ 0xd7400000
[2022-03-13 10:06:43] [0000.803] I> Copy BTCM section
[2022-03-13 10:06:43] [0000.806] W> No valid slot number is found in scratch register
[2022-03-13 10:06:43] [0000.811] W> Return default slot: _a
[2022-03-13 10:06:43] [0000.815] I> A/B: bin_type (13) slot 0
[2022-03-13 10:06:43] [0000.818] I> Loading partition cpu-bootloader at 0x96000000
[2022-03-13 10:06:43] [0000.824] I> Reading two headers - addr:0x96000000 blocks:1
[2022-03-13 10:06:43] [0000.829] I> Addr: 0x96000000, start-block: 58740744, num_blocks: 1
[2022-03-13 10:06:43] [0000.850] I> Binary(13) of size 308800 is loaded @ 0x96000000
[2022-03-13 10:06:43] [0000.856] W> No valid slot number is found in scratch register
[2022-03-13 10:06:43] [0000.862] W> Return default slot: _a
[2022-03-13 10:06:43] [0000.865] I> A/B: bin_type (20) slot 0
[2022-03-13 10:06:43] [0000.869] I> Loading partition bootloader-dtb at 0x85205400
[2022-03-13 10:06:43] [0000.874] I> Reading two headers - addr:0x85205400 blocks:1
[2022-03-13 10:06:43] [0000.880] I> Addr: 0x85205400, start-block: 58742792, num_blocks: 1
[2022-03-13 10:06:43] [0000.902] I> Binary(20) of size 375568 is loaded @ 0x85205400
[2022-03-13 10:06:43] [0000.908] W> No valid slot number is found in scratch register
[2022-03-13 10:06:43] [0000.914] W> Return default slot: _a
[2022-03-13 10:06:43] [0000.917] I> A/B: bin_type (14) slot 0
[2022-03-13 10:06:43] [0000.921] I> Loading partition secure-os at 0x85305600
[2022-03-13 10:06:43] [0000.926] I> Reading two headers - addr:0x85305600 blocks:1
[2022-03-13 10:06:43] [0000.931] I> Addr: 0x85305600, start-block: 58744840, num_blocks: 1
[2022-03-13 10:06:43] [0000.953] I> Binary(14) of size 402864 is loaded @ 0x85305600
[2022-03-13 10:06:43] [0000.961] I> TOS boot-params @ 0x85000000
[2022-03-13 10:06:43] [0000.965] I> TOS params prepared
[2022-03-13 10:06:43] [0000.968] I> Loading EKS ...
[2022-03-13 10:06:43] [0000.971] I> A/B: bin_type (15) slot 0
[2022-03-13 10:06:43] [0000.974] I> Loading partition eks at 0x85905800
[2022-03-13 10:06:43] [0000.979] I> Reading two headers - addr:0x85905800 blocks:1
[2022-03-13 10:06:43] [0000.984] I> Addr: 0x85905800, start-block: 58757128, num_blocks: 1
[2022-03-13 10:06:43] [0001.003] I> Binary(15) of size 1040 is loaded @ 0x85905800
[2022-03-13 10:06:43] [0001.009] I> EKB detected (length: 0x400) @ 0x85905800
[2022-03-13 10:06:43] [0001.014] I> Copied encrypted keys
[2022-03-13 10:06:43] [0001.017] I> boot profiler @ 0x275844000
[2022-03-13 10:06:43] [0001.021] I> boot profiler for TOS @ 0x275844000
[2022-03-13 10:06:43] [0001.026] I> Unhalting SCE
[2022-03-13 10:06:43] [0001.029] I> Primary Memory Start:80000000 Size:70000000
[2022-03-13 10:06:43] [0001.034] I> Extended Memory Start:f0110000 Size:1856f0000
[2022-03-13 10:06:43] [0001.041] I> MB2(TBoot-BPMP) done
[2022-03-13 10:06:43] 
[2022-03-13 10:06:43] NOTICE:  BL31: v1.3(release):b5eeb33f7
[2022-03-13 10:06:43] NOTICE:  BL31: Built : 12:15:17, Jul 26 2021
[2022-03-13 10:06:43] ipc-unittest-main: 1519: Welcome to IPC unittest!!!
[2022-03-13 10:06:43] ipc-unittest-main: 1531: waiting forever
[2022-03-13 10:06:43] ipc-unittest-srv: 329: Init unittest services!!!
[2022-03-13 10:06:43] hwkey-agent: 41: hwkey-agent is running!!
[2022-03-13 10:06:43] hwkey-agent: 315: key_mgnt_processing .......
[2022-03-13 10:06:43] hwkey-agent: 223: Setting EKB key 0 to slot 14
[2022-03-13 10:06:43] hwkey-agent: 178: Init hweky-agent services!!
[2022-03-13 10:06:43] luks-srv: 40: luks-srv is running!!
[2022-03-13 10:06:43] luks-srv: 157: Init luks-srv IPC services!!
[2022-03-13 10:06:43] platform_bootstrap_epilog: trusty bootstrap complete
[2022-03-13 10:06:43] [0001.413] I> Welcome to Cboot
[2022-03-13 10:06:43] [0001.416] I> Cboot Version: t186-00029e71
[2022-03-13 10:06:43] [0001.420] I> CPU-BL Params @ 0x275800000
[2022-03-13 10:06:43] [0001.423] I>  0) Base:0x00000000 Size:0x00000000
[2022-03-13 10:06:43] [0001.428] I>  1) Base:0x277f00000 Size:0x00100000
[2022-03-13 10:06:43] [0001.432] I>  2) Base:0x277e00000 Size:0x00100000
[2022-03-13 10:06:43] [0001.437] I>  3) Base:0x277d00000 Size:0x00100000
[2022-03-13 10:06:43] [0001.441] I>  4) Base:0x277c00000 Size:0x00100000
[2022-03-13 10:06:43] [0001.446] I>  5) Base:0x277b00000 Size:0x00100000
[2022-03-13 10:06:43] [0001.450] I>  6) Base:0x277800000 Size:0x00200000
[2022-03-13 10:06:43] [0001.455] I>  7) Base:0x277400000 Size:0x00400000
[2022-03-13 10:06:43] [0001.459] I>  8) Base:0x277a00000 Size:0x00100000
[2022-03-13 10:06:43] [0001.464] I>  9) Base:0x277300000 Size:0x00100000
[2022-03-13 10:06:43] [0001.468] I> 10) Base:0x276800000 Size:0x00800000
[2022-03-13 10:06:43] [0001.473] I> 11) Base:0x30000000 Size:0x00040000
[2022-03-13 10:06:43] [0001.477] I> 12) Base:0xf0000000 Size:0x00100000
[2022-03-13 10:06:43] [0001.482] I> 13) Base:0x30040000 Size:0x00001000
[2022-03-13 10:06:43] [0001.486] I> 14) Base:0x30048000 Size:0x00001000
[2022-03-13 10:06:43] [0001.491] I> 15) Base:0x30049000 Size:0x00001000
[2022-03-13 10:06:43] [0001.495] I> 16) Base:0x3004a000 Size:0x00001000
[2022-03-13 10:06:43] [0001.499] I> 17) Base:0x3004b000 Size:0x00001000
[2022-03-13 10:06:43] [0001.504] I> 18) Base:0x3004c000 Size:0x00001000
[2022-03-13 10:06:43] [0001.508] I> 19) Base:0x3004d000 Size:0x00001000
[2022-03-13 10:06:43] [0001.513] I> 20) Base:0x3004e000 Size:0x00001000
[2022-03-13 10:06:43] [0001.517] I> 21) Base:0x3004f000 Size:0x00001000
[2022-03-13 10:06:43] [0001.522] I> 22) Base:0x00000000 Size:0x00000000
[2022-03-13 10:06:43] [0001.526] I> 23) Base:0xf0100000 Size:0x00010000
[2022-03-13 10:06:44] [0001.530] I> 24) Base:0x00000000 Size:0x00000000
[2022-03-13 10:06:44] [0001.535] I> 25) Base:0x00000000 Size:0x00000000
[2022-03-13 10:06:44] [0001.539] I> 26) Base:0x00000000 Size:0x00000000
[2022-03-13 10:06:44] [0001.544] I> 27) Base:0x00000000 Size:0x00000000
[2022-03-13 10:06:44] [0001.548] I> 28) Base:0x84400000 Size:0x00400000
[2022-03-13 10:06:44] [0001.553] I> 29) Base:0x30000000 Size:0x00010000
[2022-03-13 10:06:44] [0001.557] I> 30) Base:0x278000000 Size:0x08000000
[2022-03-13 10:06:44] [0001.562] I> 31) Base:0x00000000 Size:0x00000000
[2022-03-13 10:06:44] [0001.566] I> 32) Base:0x276000000 Size:0x00600000
[2022-03-13 10:06:44] [0001.571] I> 33) Base:0x80000000 Size:0x70000000
[2022-03-13 10:06:44] [0001.575] I> 34) Base:0xf0110000 Size:0x1856f0000
[2022-03-13 10:06:44] [0001.579] I> 35) Base:0x00000000 Size:0x00000000
[2022-03-13 10:06:44] [0001.584] I> 36) Base:0x00000000 Size:0x00000000
[2022-03-13 10:06:44] [0001.588] I> 37) Base:0x2772e0000 Size:0x00020000
[2022-03-13 10:06:44] [0001.593] I> 38) Base:0x84000000 Size:0x00400000
[2022-03-13 10:06:44] [0001.597] I> 39) Base:0x96000000 Size:0x02000000
[2022-03-13 10:06:44] [0001.602] I> 40) Base:0x85000000 Size:0x01200000
[2022-03-13 10:06:44] [0001.606] I> 41) Base:0x275800000 Size:0x00500000
[2022-03-13 10:06:44] [0001.611] I> 42) Base:0x00000000 Size:0x00000000
[2022-03-13 10:06:44] [0001.615] I> 43) Base:0x00000000 Size:0x00000000
[2022-03-13 10:06:44] [0001.620] GIC-SPI Target CPU: 4
[2022-03-13 10:06:44] [0001.623] Interrupts Init done
[2022-03-13 10:06:44] [0001.626] calling constructors
[2022-03-13 10:06:44] [0001.629] initializing heap
[2022-03-13 10:06:44] [0001.632] initializing threads
[2022-03-13 10:06:44] [0001.635] initializing timers
[2022-03-13 10:06:44] [0001.638] creating bootstrap completion thread
[2022-03-13 10:06:44] [0001.643] top of bootstrap2()
[2022-03-13 10:06:44] [0001.646] CPU: ARM Cortex A57
[2022-03-13 10:06:44] [0001.649] CPU: MIDR: 0x411FD073, MPIDR: 0x80000100
[2022-03-13 10:06:44] [0001.654] initializing platform
[2022-03-13 10:06:44] [0001.658] I> Bl_dtb @0x85205400
[2022-03-13 10:06:44] [0001.661] I> gpio framework initialized
[2022-03-13 10:06:44] [0001.667] I> tegrabl_gpio_driver_register: register 'nvidia,tegra186-gpio' driver
[2022-03-13 10:06:44] [0001.677] I> tegrabl_gpio_driver_register: register 'nvidia,tegra186-gpio-aon' driver
[2022-03-13 10:06:44] [0001.685] I> GPIO framework and drivers are initialized.
[2022-03-13 10:06:44] [0001.690] I> Boot-device: eMMC
[2022-03-13 10:06:44] [0001.697] I> sdmmc bdev is already initialized
[2022-03-13 10:06:44] [0001.728] I> Found 19 partitions in SDMMC_BOOT (instance 3)
[2022-03-13 10:06:44] [0001.746] I> Found 33 partitions in SDMMC_USER (instance 3)
[2022-03-13 10:06:44] [0001.751] W> opt-in fuse is not set, skip fuse_burning
[2022-03-13 10:06:44] [0001.756] I> Reserved memory at 0xfbe00000 for U-Boot relocation
[2022-03-13 10:06:44] [0001.762] W> No valid slot number is found in scratch register
[2022-03-13 10:06:44] [0001.767] W> Return default slot: _a
[2022-03-13 10:06:44] [0001.777] I> A/B: bin_type (21) slot 0
[2022-03-13 10:06:44] [0001.780] I> Loading kernel-dtb from partition
[2022-03-13 10:06:44] [0001.785] I> Loading partition kernel-dtb at 0x80000000 from device(0x1)
[2022-03-13 10:06:44] [0001.802] I> Kernel_dtb @0x80000000
[2022-03-13 10:06:44] [0001.805] I> tegrabl_tca9539_init: i2c bus: 0, slave addr: 0xee
[2022-03-13 10:06:44] [0001.816] I> tegrabl_gpio_driver_register: register 'tca9539_gpio_driver' driver
[2022-03-13 10:06:44] [0001.823] I> tegrabl_tca9539_init: i2c bus: 0, slave addr: 0xe8
[2022-03-13 10:06:44] [0001.832] I> tegrabl_gpio_driver_register: register 'tca9539_gpio_driver' driver
[2022-03-13 10:06:44] [0001.842] I> fixed regulator driver initialized
[2022-03-13 10:06:44] [0001.876] I> register 'maxim' power off handle
[2022-03-13 10:06:44] [0001.882] I> virtual i2c enabled
[2022-03-13 10:06:44] [0001.885] I> registered 'maxim,max77620' pmic
[2022-03-13 10:06:44] [0001.889] I> tegrabl_gpio_driver_register: register 'max77620-gpio' driver
[2022-03-13 10:06:44] [0001.903] E> failed to read label property for node 324936: 13
[2022-03-13 10:06:44] [0001.912] E> failed to read reg property for node 325032: 13
[2022-03-13 10:06:44] [0001.920] E> failed to read reg property for node 325084: 13
[2022-03-13 10:06:44] [0001.928] E> failed to read label property for node 325168: 13
[2022-03-13 10:06:44] [0001.936] E> failed to read label property for node 325236: 13
[2022-03-13 10:06:44] [0001.945] E> failed to read reg property for node 325304: 13
[2022-03-13 10:06:44] [0001.953] E> failed to read reg property for node 325376: 13
[2022-03-13 10:06:44] [0001.963] I> Find /i2c@c250000's alias i2c7
[2022-03-13 10:06:44] [0001.967] I> Reading eeprom i2c=7 address=0x50
[2022-03-13 10:06:44] [0001.997] I> Device at /i2c@c250000:0x50
[2022-03-13 10:06:44] [0002.000] I> Reading eeprom i2c=7 address=0x57
[2022-03-13 10:06:44] [0002.029] I> Device at /i2c@c250000:0x57
[2022-03-13 10:06:44] [0002.034] I> Find /i2c@c240000's alias i2c1
[2022-03-13 10:06:44] [0002.038] I> Reading eeprom i2c=1 address=0x51
[2022-03-13 10:06:44] [0002.043] E> I2C: slave not found in slaves.
[2022-03-13 10:06:44] [0002.047] E> I2C: Could not write 0 bytes to slave: 0x00a2 with repeat start true.
[2022-03-13 10:06:44] [0002.054] E> I2C_DEV: Failed to send register address 0x00000000.
[2022-03-13 10:06:44] [0002.060] E> I2C_DEV: Could not read 256 registers of size 1 from slave 0xa2 at 0x00000000 via instance 1.
[2022-03-13 10:06:44] [0002.070] E> eeprom: Retry to read I2C slave device.
[2022-03-13 10:06:44] [0002.075] E> I2C: slave not found in slaves.
[2022-03-13 10:06:44] [0002.079] E> I2C: Could not write 0 bytes to slave: 0x00a2 with repeat start true.
[2022-03-13 10:06:44] [0002.087] E> I2C_DEV: Failed to send register address 0x00000000.
[2022-03-13 10:06:44] [0002.092] E> I2C_DEV: Could not read 256 registers of size 1 from slave 0xa2 at 0x00000000 via instance 1.
[2022-03-13 10:06:44] [0002.102] E> eeprom: Failed to read I2C slave device
[2022-03-13 10:06:44] [0002.107] I> Eeprom read failed 0x3526070d
[2022-03-13 10:06:44] [0002.111] I> Find /i2c@3160000's alias i2c0
[2022-03-13 10:06:44] [0002.115] Iþ Reading eeprom i2c=0 address=0x50
[2022-03-13 10:06:44] [0002.120] E> I2C: slave not found in slaves.
[2022-03-13 10:06:44] [0002.124] E> I2C: Could not write 0 bytes to slave: 0x00a0 with repeat start true.
[2022-03-13 10:06:44] [0002.131] E> I2C_DEV: Failed to send register address 0x00000000.
[2022-03-13 10:06:44] [0002.137] E> I2C_DEV: Could not read 256 registers of size 1 from slave 0xa0 at 0x00000000 via instance 0.
[2022-03-13 10:06:44] [0002.147] E> eeprom: Failed to read I2C slave device
[2022-03-13 10:06:44] [0002.152] I> Eeprom read failed 0x3526070d
[2022-03-13 10:06:44] [0002.156] I> Find /i2c@3180000's alias i2c2
[2022-03-13 10:06:44] [0002.160] I> Reading eeprom i2c=2 address=0x54
[2022-03-13 10:06:44] [0002.165] I> Enabling gpio chip_id = 2, gpio pin = 9
[2022-03-13 10:06:44] [0002.195] I> Disabling gpio chip_id = 2, gpio pin = 9
[2022-03-13 10:06:44] [0002.200] I> Device at /i2c@3180000:0x54
[2022-03-13 10:06:44] [0002.204] I> Reading eeprom i2c=2 address=0x57
[2022-03-13 10:06:44] [0002.208] I> Enabling gpio chip_id = 2, gpio pin = 9
[2022-03-13 10:06:44] [0002.214] E> I2C: slave not found in slaves.
[2022-03-13 10:06:44] [0002.218] E> I2C: Could not write 0 bytes to slave: 0x00ae with repeat start true.
[2022-03-13 10:06:44] [0002.226] E> I2C_DEV: Failed to send register address 0x00000000.
[2022-03-13 10:06:44] [0002.232] E> I2C_DEV: Could not read 256 registers of size 1 from slave 0xae at 0x00000000 via instance 2.
[2022-03-13 10:06:44] [0002.241] E> eeprom: Failed to read I2C slave device
[2022-03-13 10:06:44] [0002.246] I> Disabling gpio chip_id = 2, gpio pin = 9
[2022-03-13 10:06:44] [0002.251] I> Eeprom read failed 0x00000000
[2022-03-13 10:06:44] [0002.255] I> create_pm_ids: id: 3310-1000-D00-L, len: 15
[2022-03-13 10:06:44] [0002.260] I> config: mem-type:00,power-config:00,misc-config:00,modem-config:00,touch-config:00,display-config:00,, len: 93
[2022-03-13 10:06:44] [0002.271] I> create_pm_ids: id: 2597-0000-900-E, len: 15
[2022-03-13 10:06:44] [0002.276] I> config: mem-type:00,power-config:00,misc-config:00,modem-config:00,touch-config:00,display-config:00,, len: 93
[2022-03-13 10:06:44] [0002.287] I> create_pm_ids: id: 3326-1000-000-M, len: 15
[2022-03-13 10:06:44] [0002.292] I> config: mem-type:ff,power-config:ff,misc-config:ff,modem-config:ff,touch-config:ff,display-config:ff,, len: 93
[2022-03-13 10:06:44] [0002.327] I> enabling 'vdd-hdmi' regulator
[2022-03-13 10:06:44] [0002.343] I> regulator 'vdd-hdmi' already enabled
[2022-03-13 10:06:44] [0002.348] E> tegrabl_display_init_regulator: hdmi cable is not connected
[2022-03-13 10:06:44] [0002.354] E> tegrabl_display_get_pdata, failed to parse dtb settings
[2022-03-13 10:06:44] [0002.363] E> cannot find any other nvdisp nodes
[2022-03-13 10:06:44] [0002.367] E> no valid display unit config found in dtb
[2022-03-13 10:06:44] [0002.373] W> display init failed
[2022-03-13 10:06:44] [0002.376] initializing target
[2022-03-13 10:06:44] [0002.379] calling apps_init()
[2022-03-13 10:06:44] [0002.382] starting app kernel_boot_app
[2022-03-13 10:06:44] [0002.405] I> found decompressor handler: lz4-legacy
[2022-03-13 10:06:44] [0002.409] I> decompressing BMP blob ...
[2022-03-13 10:06:44] [0002.421] I> Kernel type = Normal
[2022-03-13 10:06:44] [0002.425] I> ########## Fixed storage boot ##########
[2022-03-13 10:06:44] [0002.429] I> Loading kernel-bootctrl from partition
[2022-03-13 10:06:44] [0002.434] I> Loading partition kernel-bootctrl at 0xa8000000 from device(0x1)
[2022-03-13 10:06:44] [0002.449] W> tegrabl_get_kernel_bootctrl: magic number(0x00000000) is invalid
[2022-03-13 10:06:44] [0002.456] W> tegrabl_get_kernel_bootctrl: use default dummy boot control data
[2022-03-13 10:06:44] [0002.463] W> No valid slot number is found in scratch register
[2022-03-13 10:06:44] [0002.468] W> Return default slot: _a
[2022-03-13 10:06:44] [0002.472] I> A/B: bin_type (24) slot 0
[2022-03-13 10:06:44] [0002.487] I> Boot image size read from image header: 9913d
[2022-03-13 10:06:44] [0002.492] I> Boot image load address: 0x80400000
[2022-03-13 10:06:44] [0002.497] I> Loading kernel from partition
[2022-03-13 10:06:44] [0002.501] I> Loading partition kernel at 0x80400000 from device(0x1)
[2022-03-13 10:06:45] [0003.444] I> Validate kernel ...
[2022-03-13 10:06:45] [0003.448] I> T18x: Authenticate kernel (bin_type 24), max size 0x4000000
[2022-03-13 10:06:45] [0003.455] I> Decrypt the buffer ... [0003.459] W> tegrabl_decrypt_block: fuse (0x0) is not burnt to do encryption (0x4); skip decryption.
[2022-03-13 10:06:45] [0003.468] I> done
[2022-03-13 10:06:45] [0003.469] I> Checking boot.img header magic ... [0003.474] I> [OK]
[2022-03-13 10:06:45] [0003.475] I> kernel-dtb is already loaded
[2022-03-13 10:06:45] [0003.479] I> Validate kernel-dtb ...
[2022-03-13 10:06:45] [0003.483] I> T18x: Authenticate kernel-dtb (bin_type 21), max size 0x100000
[2022-03-13 10:06:45] [0003.490] I> Decrypt the buffer ... [0003.493] W> tegrabl_decrypt_block: fuse (0x0) is not burnt to do encryption (0x4); skip decryption.
[2022-03-13 10:06:45] [0003.502] I> done
[2022-03-13 10:06:45] [0003.504] I> Kernel hdr @0x80400000
[2022-03-13 10:06:45] [0003.507] I> Kernel dtb @0x80000000
[2022-03-13 10:06:45] [0003.511] I> decompressor handler not found
[2022-03-13 10:06:45] [0003.515] I> Copying kernel image (627005 bytes) from 0x80400800 to 0x80600000 ... [0003.522] I> Done
[2022-03-13 10:06:45] [0003.524] I> Move ramdisk (len: 0) from 0x8049a000 to 0x947d0000
[2022-03-13 10:06:46] [0003.532] I> Updated bpmp info to DTB
[2022-03-13 10:06:46] [0003.538] I> Ramdisk: Base: 0x947d0000; Size: 0x0
[2022-03-13 10:06:46] [0003.542] I> Updated initrd info to DTB
[2022-03-13 10:06:46] [0003.546] W> WARN: Fail to override "console=none" in commandline
[2022-03-13 10:06:46] [0003.552] I> Active rootfs suffix: 
[2022-03-13 10:06:46] [0003.555] E> tegrabl_linuxboot_add_disp_param, du 0 failed to get display params
[2022-03-13 10:06:46] [0003.562] E> tegrabl_linuxboot_add_disp_param, du 0 failed to get display params
[2022-03-13 10:06:46] [0003.569] E> tegrabl_linuxboot_add_disp_param, du 0 failed to get display params
[2022-03-13 10:06:46] [0003.577] I> disabled_core_mask: 0xffffff0c
[2022-03-13 10:06:46] [0003.581] W> No valid slot number is found in scratch register
[2022-03-13 10:06:46] [0003.586] W> Return default slot: _a
[2022-03-13 10:06:46] [0003.590] I> Active slot suffix: 
[2022-03-13 10:06:46] [0003.593] I> add_boot_slot_suffix: slot_suffix = 
[2022-03-13 10:06:46] [0003.597] I> Linux Cmdline: console=ttyS0,115200 androidboot.presilicon=true firmware_class.path=/etc/firmware root=/dev/mmcblk0p1 rw rootwait rootfstype=ext4 console=ttyS0,115200n8 console=tty0 fbcon=map:0 net.ifnames=0 isolcpus=1-2  video=tegrafb earlycon=uart8250,mmio32,0x3100000 nvdumper_reserved=0x2772e0000 gpt rootfs.slot_suffix= usbcore.old_scheme_first=1 tegraid=18.1.2.0.0 maxcpus=6 no_console_suspend boot.slot_suffix= boot.ratchetvalues=0.2031647.1 vpr_resize bl_prof_dataptr=0x10000@0x275840000 sdhci_tegra.en_boot_part_access=1 
[2022-03-13 10:06:46] [0003.645] I> Updated bootarg info to DTB
[2022-03-13 10:06:46] [0003.649] I> eeprom_get_mac_addr: MAC (type: 0): 48:b0:2d:0f:11:c5
[2022-03-13 10:06:46] [0003.655] I> eeprom_get_mac_addr: MAC (type: 1): 48:b0:2d:0f:11:c6
[2022-03-13 10:06:46] [0003.661] I> eeprom_get_mac_addr: MAC (type: 2): 48:b0:2d:0f:11:c7
[2022-03-13 10:06:46] [0003.667] E> Found no plugin manager ids in source DT
[2022-03-13 10:06:46] [0003.672] W> Add plugin manager ids from board info
[2022-03-13 10:06:46] [0003.677] W> "plugin-manager" doesn't exist, creating
[2022-03-13 10:06:46] [0003.682] W> "ids" doesn't exist, creating
[2022-03-13 10:06:46] [0003.686] W> "connection" doesn't exist, creating
[2022-03-13 10:06:46] [0003.690] W> "configs" doesn't exist, creating
[2022-03-13 10:06:46] [0003.695] I> create_pm_ids: id: 3310-1000-D00-L, len: 15
[2022-03-13 10:06:46] [0003.700] I> config: mem-type:00,power-config:00,misc-config:00,modem-config:00,touch-config:00,display-config:00,, len: 93
[2022-03-13 10:06:46] [0003.711] I> create_pm_ids: id: 2597-0000-900-E, len: 15
[2022-03-13 10:06:46] [0003.716] I> config: mem-type:00,power-config:00,misc-config:00,modem-config:00,touch-config:00,display-config:00,, len: 93
[2022-03-13 10:06:46] [0003.727] I> create_pm_ids: id: 3326-1000-000-M, len: 15
[2022-03-13 10:06:46] [0003.732] I> config: mem-type:ff,power-config:ff,misc-config:ff,modem-config:ff,touch-config:ff,display-config:ff,, len: 93
[2022-03-13 10:06:46] [0003.743] I> Adding plugin-manager/ids/3310-1000-D00=/i2c@c250000:module@0x50
[2022-03-13 10:06:46] [0003.750] W> "i2c@c250000" doesn't exist, creating
[2022-03-13 10:06:46] [0003.755] W> "module@0x50" doesn't exist, creating
[2022-03-13 10:06:46] [0003.760] I> Adding plugin-manager/ids/2597-0000-900=/i2c@c250000:module@0x57
[2022-03-13 10:06:46] [0003.767] W> "module@0x57" doesn't exist, creating
[2022-03-13 10:06:46] [0003.772] I> Adding plugin-manager/ids/3326-1000-000=/i2c@3180000:module@0x54
[2022-03-13 10:06:46] [0003.779] W> "i2c@3180000" doesn't exist, creating
[2022-03-13 10:06:46] [0003.784] W> "module@0x54" doesn't exist, creating
[2022-03-13 10:06:46] [0003.791] I> Adding plugin-manager/ids/3310-1000-D00-L
[2022-03-13 10:06:46] [0003.798] I> Adding plugin-manager/configs/3310-mem-type 00
[2022-03-13 10:06:46] [0003.803] I> Adding plugin-manager/configs/3310-power-config 00
[2022-03-13 10:06:46] [0003.809] I> Adding plugin-manager/configs/3310-misc-config 00
[2022-03-13 10:06:46] [0003.815] I> Adding plugin-manager/configs/3310-modem-config 00
[2022-03-13 10:06:46] [0003.821] I> Adding plugin-manager/configs/3310-touch-config 00
[2022-03-13 10:06:46] [0003.827] I> Adding plugin-manager/configs/3310-display-config 00
[2022-03-13 10:06:46] [0003.833] I> Adding plugin-manager/cvm
[2022-03-13 10:06:46] [0003.837] W> "chip-id" doesn't exist, creating
[2022-03-13 10:06:46] [0003.842] I> Adding plugin-manager/chip-id/A02P
[2022-03-13 10:06:46] [0003.846] W> "odm-data" doesn't exist, creating
[2022-03-13 10:06:46] [0003.851] I> Adding /chosen/plugin-manager/odm-data
[2022-03-13 10:06:46] [0003.861] I> added [base:0x80000000, size:0x70000000] to /memory
[2022-03-13 10:06:46] [0003.866] I> added [base:0xf0200000, size:0x185600000] to /memory
[2022-03-13 10:06:46] [0003.872] I> added [base:0x275e00000, size:0x200000] to /memory
[2022-03-13 10:06:46] [0003.878] I> added [base:0x276600000, size:0x200000] to /memory
[2022-03-13 10:06:46] [0003.884] I> added [base:0x277000000, size:0x200000] to /memory
[2022-03-13 10:06:46] [0003.890] I> Updated memory info to DTB
[2022-03-13 10:06:46] [0003.894] E> add_disp_param: failed to get display params for du=0
[2022-03-13 10:06:46] [0003.902] W> "reset" doesn't exist, creating
[2022-03-13 10:06:46] [0003.906] W> "pmc-reset-reason" doesn't exist, creating
[2022-03-13 10:06:46] [0003.912] W> "pmic-reset-reason" doesn't exist, creating
[2022-03-13 10:06:46] [0003.918] I> Adding ecid(00000001646db7851000000013038200) to DT
[2022-03-13 10:06:46] [0003.924] I> disabled_core_mask: 0xffffff0c
[2022-03-13 10:06:46] [0003.937] I> Add serial number:1422420022173 as DT property
[2022-03-13 10:06:46] [0003.946] I> Plugin-manager override starting
[2022-03-13 10:06:46] [0003.951] I> node /plugin-manager/fragement@0 matches
[2022-03-13 10:06:46] [0003.962] I> node /plugin-manager/fragement@4 matches
[2022-03-13 10:06:46] [0003.975] I> node /plugin-manager/fragment-sdwake-p3310-1000-300 matches
[2022-03-13 10:06:46] [0003.995] I> node /plugin-manager/fragement-pmon-p3310-1000-300 matches
[2022-03-13 10:06:46] [0004.004] I> node /plugin-manager/fragement-pmon-p3310-1000-800 matches
[2022-03-13 10:06:46] [0004.013] I> node /plugin-manager/fragment-devslp@0 matches
[2022-03-13 10:06:46] [0004.025] I> node /plugin-manager/fragment-500-pcie-config matches
[2022-03-13 10:06:46] [0004.040] I> node /plugin-manager/fragment-500-xusb-config matches
[2022-03-13 10:06:46] [0004.063] I> node /plugin-manager/fragment-p3310-c00-comm matches
[2022-03-13 10:06:46] [0004.077] I> node /plugin-manager/fragment-p3310-c00-pmic matches
[2022-03-13 10:06:46] [0004.088] I> node /plugin-manager/fragment-p3310-c01 matches
[2022-03-13 10:06:46] [0004.101] I> node /plugin-manager/fragment-p3310-c03 matches
[2022-03-13 10:06:46] [0004.143] I> node /plugin-manager/fragment-e3326@0 matches
[2022-03-13 10:06:46] [0004.225] I> node /plugin-manager/fragment-p3310-c00-camera matches
[2022-03-13 10:06:46] [0004.252] I> Disable plugin-manager status in FDT
[2022-03-13 10:06:46] [0004.257] I> Plugin-manager override finished successfully
[2022-03-13 10:06:46] [0004.262] I> tegrabl_load_kernel_and_dtb: Done
[2022-03-13 10:06:46] [0004.266] E> tegrabl_display_clear: display is not initialized
[2022-03-13 10:06:46] [0004.272] W> Boot logo display failed...
[2022-03-13 10:06:46] [0004.276] I> Kernel EP: 0x80600000, DTB: 0x80000000
[2022-03-13 10:06:46] 
[2022-03-13 10:06:46] 
[2022-03-13 10:06:46] U-Boot 2020.04-g46e4604c78 (Jul 26 2021 - 12:10:58 -0700)
[2022-03-13 10:06:46] 
[2022-03-13 10:06:46] SoC: tegra186
[2022-03-13 10:06:46] Model: NVIDIA P2771-0000-500
[2022-03-13 10:06:46] Board: NVIDIA P2771-0000
[2022-03-13 10:06:46] DRAM:  7.8 GiB
[2022-03-13 10:06:46] MMC:   sdhci@3400000: 1, sdhci@3460000: 0
[2022-03-13 10:06:46] Loading Environment from MMC... *** Warning - bad CRC, using default environment
[2022-03-13 10:06:47] 
[2022-03-13 10:06:47] In:    serial
[2022-03-13 10:06:47] Out:   serial
[2022-03-13 10:06:47] Err:   serial
[2022-03-13 10:06:47] Net:   
[2022-03-13 10:06:47] Warning: ethernet@2490000 using MAC address from ROM
[2022-03-13 10:06:47] eth0: ethernet@2490000
[2022-03-13 10:06:47] Hit any key to stop autoboot:  2  1  0 
[2022-03-13 10:06:49] MMC: no card present
[2022-03-13 10:06:49] switch to partitions #0, OK
[2022-03-13 10:06:49] mmc0(part 0) is current device
[2022-03-13 10:06:49] Scanning mmc 0:1...
[2022-03-13 10:06:49] Found /boot/extlinux/extlinux.conf
[2022-03-13 10:06:49] Retrieving file: /boot/extlinux/extlinux.conf
[2022-03-13 10:06:49] 858 bytes read in 22 ms (38.1 KiB/s)
[2022-03-13 10:06:49] 1:	primary kernel
[2022-03-13 10:06:49] Retrieving file: /boot/initrd
[2022-03-13 10:06:49] 7238344 bytes read in 201 ms (34.3 MiB/s)
[2022-03-13 10:06:49] Retrieving file: /boot/Image
[2022-03-13 10:06:50] 34484232 bytes read in 831 ms (39.6 MiB/s)
[2022-03-13 10:06:50] append: console=ttyS0,115200 androidboot.presilicon=true firmware_class.path=/etc/firmware root=/dev/mmcblk0p1 rw rootwait rootfstype=ext4 console=ttyS0,115200n8 console=tty0 fbcon=map:0 net.ifnames=0 isolcpus=1-2  video=tegrafb earlycon=uart8250,mmio32,0x3100000 nvdumper_reserved=0x2772e0000 gpt rootfs.slot_suffix= usbcore.old_scheme_first=1 tegraid=18.1.2.0.0 maxcpus=6 no_console_suspend boot.slot_suffix= boot.ratchetvalues=0.2031647.1 vpr_resize bl_prof_dataptr=0x10000@0x275840000 sdhci_tegra.en_boot_part_access=1 quiet root=/dev/mmcblk0p1 rw rootwait rootfstype=ext4 console=ttyS0,115200n8 console=tty0 fbcon=map:0 net.ifnames=0 isolcpus=1-2 
[2022-03-13 10:06:50] ## Flattened Device Tree blob at 80000000
[2022-03-13 10:06:50]    Booting using the fdt blob at 0x80000000
[2022-03-13 10:06:50] ERROR: reserving fdt memory region failed (addr=0 size=0)
[2022-03-13 10:06:50] ERROR: reserving fdt memory region failed (addr=0 size=0)
[2022-03-13 10:06:50] ERROR: reserving fdt memory region failed (addr=0 size=0)
[2022-03-13 10:06:50]    Using Device Tree in place at 0000000080000000, end 0000000080060aa3
[2022-03-13 10:06:50] copying carveout for /host1x@13e00000/display-hub@15200000/display@15200000...
[2022-03-13 10:06:50] copying carveout for /host1x@13e00000/display-hub@15200000/display@15210000...
[2022-03-13 10:06:50] copying carveout for /host1x@13e00000/display-hub@15200000/display@15220000...
[2022-03-13 10:06:50] 
[2022-03-13 10:06:50] Starting kernel ...
[2022-03-13 10:06:50] 
[2022-03-13 10:06:50] [    0.000000] Booting Linux on physical CPU 0x100
[2022-03-13 10:06:50] [    0.000000] Linux version 4.9.253-tegra (buildbrain@mobile-u64-5497-d3000) (gcc version 7.3.1 20180425 [linaro-7.3-2018.05 revision d29120a424ecfbc167ef90065c0eeb7f91977701] (Linaro GCC 7.3-2018.05) ) #1 SMP PREEMPT Mon Jul 26 12:19:28 PDT 2021
[2022-03-13 10:06:50] [    0.000000] Boot CPU: AArch64 Processor [411fd073]
[2022-03-13 10:06:50] [    0.000000] OF: fdt:memory scan node memory@80000000, reg size 80,
[2022-03-13 10:06:50] [    0.000000] OF: fdt: - 80000000 ,  70000000
[2022-03-13 10:06:50] [    0.000000] OF: fdt: - f0200000 ,  185600000
[2022-03-13 10:06:50] [    0.000000] OF: fdt: - 275e00000 ,  200000
[2022-03-13 10:06:50] [    0.000000] OF: fdt: - 276600000 ,  200000
[2022-03-13 10:06:50] [    0.000000] OF: fdt: - 277000000 ,  200000
[2022-03-13 10:06:50] [    0.000000] earlycon: uart8250 at MMIO32 0x0000000003100000 (options '')
[2022-03-13 10:06:50] [    0.000000] bootconsole [uart8250] enabled
[2022-03-13 10:06:53] [    1.849582] cgroup: cgroup2: unknown option "nsdelegate"
[2022-03-13 10:06:53] [    2.780935] using random self ethernet address
[2022-03-13 10:06:53] [    2.791178] using random host ethernet address
[2022-03-13 10:06:54] [    3.361931] random: crng init done
[2022-03-13 10:06:54] [    3.365337] random: 7 urandom warning(s) missed due to ratelimiting
[2022-03-13 10:07:15] [   24.173721] Kernel panic - not syncing: Watchdog detected hard LOCKUP on cpu 1
[2022-03-13 10:07:15] [   24.180993] CPU: 0 PID: 0 Comm: swapper/0 Not tainted 4.9.253-tegra #1
[2022-03-13 10:07:15] [   24.187540] Hardware name: quill (DT)
[2022-03-13 10:07:15] [   24.191218] Call trace:
[2022-03-13 10:07:15] [   24.193699] [<ffffff800808ba40>] dump_backtrace+0x0/0x198
[2022-03-13 10:07:15] [   24.199126] [<ffffff800808c004>] show_stack+0x24/0x30
[2022-03-13 10:07:15] [   24.204207] [<ffffff8008f6121c>] dump_stack+0xa0/0xc4
[2022-03-13 10:07:15] [   24.209284] [<ffffff8008f5e2c0>] panic+0x12c/0x2a8
[2022-03-13 10:07:15] [   24.214099] [<ffffff8008181994>] watchdog_check_hardlockup_other_cpu+0x11c/0x120
[2022-03-13 10:07:15] [   24.221519] [<ffffff8008180b08>] watchdog_timer_fn+0x98/0x2c0
[2022-03-13 10:07:15] [   24.227287] [<ffffff8008138f10>] __hrtimer_run_queues+0xd8/0x360
[2022-03-13 10:07:15] [   24.233311] [<ffffff8008139860>] hrtimer_interrupt+0xa8/0x1e0
[2022-03-13 10:07:15] [   24.239077] [<ffffff8008bfb804>] tegra186_timer_isr+0x34/0x48
[2022-03-13 10:07:15] [   24.244842] [<ffffff8008121940>] __handle_irq_event_percpu+0x68/0x288
[2022-03-13 10:07:15] [   24.249718] INFO: rcu_preempt detected stalls on CPUs/tasks:
[2022-03-13 10:07:15] [   24.249723] INFO: rcu_sched detected stalls on CPUs/tasks:
[2022-03-13 10:07:15] [   24.249750] 	1-...: (261 GPs behind) idle=33d/140000000000001/0 softirq=53/54 fqs=2303 
[2022-03-13 10:07:15] [   24.249771] 	1-...: (156 GPs behind) idle=33d/140000000000001/0 softirq=0/54 fqs=2239 
[2022-03-13 10:07:15] [   24.249776] 	
[2022-03-13 10:07:15] [   24.249788] 	
[2022-03-13 10:07:15] [   24.249789] (detected by 4, t=5253 jiffies, g=-10, c=-11, q=91749)
[2022-03-13 10:07:15] [   24.249800] (detected by 3, t=5254 jiffies, g=-144, c=-145, q=744)
[2022-03-13 10:07:15] [   24.249805] Task dump for CPU 1:
[2022-03-13 10:07:15] [   24.249810] Task dump for CPU 1:
[2022-03-13 10:07:15] [   24.249821] swapper/1       R
[2022-03-13 10:07:15] [   24.249826] swapper/1       R
[2022-03-13 10:07:15] [   24.249830]   running task    
[2022-03-13 10:07:15] [   24.249839]   running task    
[2022-03-13 10:07:15] [   24.249840]     0     0      1 0x00000002
[2022-03-13 10:07:15] [   24.249848]     0     0      1 0x00000002
[2022-03-13 10:07:15] [   24.249851] Call trace:
[2022-03-13 10:07:15] [   24.249853] Call trace:
[2022-03-13 10:07:15] [   24.249872] [<ffffff800808604c>] __switch_to+0x9c/0xc0
[2022-03-13 10:07:15] [   24.249891] [<ffffff800808604c>] __switch_to+0x9c/0xc0
[2022-03-13 10:07:15] [   24.249908] [<ffffff8009836000>] bp_hardening_data+0x0/0x10
[2022-03-13 10:07:15] [   24.249923] [<ffffff8009836000>] bp_hardening_data+0x0/0x10
[2022-03-13 10:07:15] [   24.346771] [<ffffff8008121b88>] handle_irq_event_percpu+0x28/0x60
[2022-03-13 10:07:15] [   24.352967] [<ffffff8008121c10>] handle_irq_event+0x50/0x80
[2022-03-13 10:07:15] [   24.358559] [<ffffff8008125aa4>] handle_fasteoi_irq+0xd4/0x1c0
[2022-03-13 10:07:15] [   24.364408] [<ffffff80081208f4>] generic_handle_irq+0x34/0x50
[2022-03-13 10:07:15] [   24.370170] [<ffffff8008120fe0>] __handle_domain_irq+0x68/0xc0
[2022-03-13 10:07:15] [   24.376019] [<ffffff8008080d44>] gic_handle_irq+0x5c/0xb0
[2022-03-13 10:07:15] [   24.381432] [<ffffff8008082c28>] el1_irq+0xe8/0x194
[2022-03-13 10:07:15] [   24.386332] [<ffffff8008ba09e0>] cpuidle_enter_state+0xb8/0x380
[2022-03-13 10:07:15] [   24.392271] [<ffffff8008ba0d1c>] cpuidle_enter+0x34/0x48
[2022-03-13 10:07:15] [   24.397600] [<ffffff800811139c>] call_cpuidle+0x44/0x70
[2022-03-13 10:07:15] [   24.402841] [<ffffff8008111718>] cpu_startup_entry+0x1b0/0x200
[2022-03-13 10:07:15] [   24.408691] [<ffffff8008f63d9c>] rest_init+0x84/0x90
[2022-03-13 10:07:15] [   24.413675] [<ffffff8009610b68>] start_kernel+0x374/0x38c
[2022-03-13 10:07:15] [   24.419090] [<ffffff8009610204>] __primary_switched+0x80/0x94
[2022-03-13 10:07:15] [   24.424857] SMP: stopping secondary CPUs
[2022-03-13 10:07:16] [   25.747937] SMP: failed to stop secondary CPUs 0-1
[2022-03-13 10:07:16] [   25.752745] Kernel Offset: disabled
[2022-03-13 10:07:16] [   25.756247] Memory Limit: none
[2022-03-13 10:07:16] [   25.759317] trusty-log panic notifier - trusty version Built: 12:20:14 Jul 26 2021 [   25.793288] Rebooting in 5 seconds..
[2022-03-13 10:07:21] [   30.798540] SMP: stopping secondary CPUs
[2022-03-13 10:07:23] [   32.124770] SMP: failed to stop secondary CPUs 0-1
[2022-03-13 10:07:23] [0000.167] I> Welcome to MB2(TBoot-BPMP)(version: 01.00.160913-t186-M-00.00-mobile-c368a720)
[2022-03-13 10:07:23] [0000.176] I> Boot-device: eMMC
[2022-03-13 10:07:23] [0000.183] I> sdmmc bdev is already initialized
[2022-03-13 10:07:23] [0000.188] I> pmic: reset reason (nverc)	: 0x0
[2022-03-13 10:07:23] [0000.221] I> Found 19 partitions in SDMMC_BOOT (instance 3)
[2022-03-13 10:07:23] [0000.240] I> Found 33 partitions in SDMMC_USER (instance 3)
[2022-03-13 10:07:23] [0000.246] W> No valid slot number is found in scratch register
[2022-03-13 10:07:23] [0000.252] W> Return default slot: _a
[2022-03-13 10:07:23] [0000.255] I> A/B: bin_type (16) slot 0
[2022-03-13 10:07:23] [0000.259] I> Loading partition bpmp-fw at 0xd7800000
[2022-03-13 10:07:23] [0000.264] I> Reading two headers - addr:0xd7800000 blocks:1
[2022-03-13 10:07:23] [0000.269] I> Addr: 0xd7800000, start-block: 58777608, num_blocks: 1
[2022-03-13 10:07:23] [0000.294] I> Binary(16) of size 534416 is loaded @ 0xd7800000
[2022-03-13 10:07:23] [0000.300] W> No valid slot number is found in scratch register
[2022-03-13 10:07:23] [0000.306] W> Return default slot: _a
[2022-03-13 10:07:23] [0000.309] I> A/B: bin_type (17) slot 0
[2022-03-13 10:07:23] [0000.313] I> Loading partition bpmp-fw-dtb at 0xd79f0000
[2022-03-13 10:07:23] [0000.318] I> Reading two headers - addr:0xd79f0000 blocks:1
[2022-03-13 10:07:23] [0000.323] I> Addr: 0xd79f0000, start-block: 58780024, num_blocks: 1
[2022-03-13 10:07:23] [0000.349] I> Binary(17) of size 604720 is loaded @ 0xd796c400
[2022-03-13 10:07:23] [0000.578] I> Loading SCE-FW ...
[2022-03-13 10:07:23] [0000.581] W> No valid slot number is found in scratch register
[2022-03-13 10:07:23] [0000.586] W> Return default slot: _a
[2022-03-13 10:07:23] [0000.590] I> A/B: bin_type (12) slot 0
[2022-03-13 10:07:23] [0000.593] I> Loading partition sce-fw at 0xd7300000
[2022-03-13 10:07:23] [0000.598] I> Reading two headers - addr:0xd7300000 blocks:1
[2022-03-13 10:07:23] [0000.603] I> Addr: 0xd7300000, start-block: 58784120, num_blocks: 1
[2022-03-13 10:07:23] [0000.623] I> Binary(12) of size 125632 is loaded @ 0xd7300000
[2022-03-13 10:07:23] [0000.628] I> Init SCE
[2022-03-13 10:07:23] [0000.631] I> Loading APE-FW ...
[2022-03-13 10:07:23] [0000.634] W> No valid slot number is found in scratch register
[2022-03-13 10:07:23] [0000.639] W> Return default slot: _a
[2022-03-13 10:07:23] [0000.643] I> A/B: bin_type (11) slot 0
[2022-03-13 10:07:23] [0000.646] I> Loading partition adsp-fw at 0xd7400000
[2022-03-13 10:07:23] [0000.651] I> Reading two headers - addr:0xd7400000 blocks:1
[2022-03-13 10:07:23] [0000.657] I> Addr: 0xd7400000, start-block: 58761224, num_blocks: 1
[2022-03-13 10:07:23] [0000.676] I> Binary(11) of size 77216 is loaded @ 0xd7400000
[2022-03-13 10:07:23] [0000.681] I> Copy BTCM section
[2022-03-13 10:07:23] [0000.684] W> No valid slot number is found in scratch register
[2022-03-13 10:07:23] [0000.690] W> Return default slot: _a
[2022-03-13 10:07:23] [0000.693] I> A/B: bin_type (13) slot 0
[2022-03-13 10:07:24] [0000.697] I> Loading partition cpu-bootloader at 0x96000000
[2022-03-13 10:07:24] [0000.703] I> Reading two headers - addr:0x96000000 blocks:1
[2022-03-13 10:07:24] [0000.708] I> Addr: 0x96000000, start-block: 58740744, num_blocks: 1
[2022-03-13 10:07:24] [0000.729] I> Binary(13) of size 308800 is loaded @ 0x96000000
[2022-03-13 10:07:24] [0000.735] W> No valid slot number is found in scratch register
[2022-03-13 10:07:24] [0000.741] W> Return default slot: _a
[2022-03-13 10:07:24] [0000.744] I> A/B: bin_type (20) slot 0
[2022-03-13 10:07:24] [0000.748] I> Loading partition bootloader-dtb at 0x85205400
[2022-03-13 10:07:24] [0000.753] I> Reading two headers - addr:0x85205400 blocks:1
[2022-03-13 10:07:24] [0000.759] I> Addr: 0x85205400, start-block: 58742792, num_blocks: 1
[2022-03-13 10:07:24] [0000.780] I> Binary(20) of size 375568 is loaded @ 0x85205400
[2022-03-13 10:07:24] [0000.786] W> No valid slot number is found in scratch register
[2022-03-13 10:07:24] [0000.792] W> Return default slot: _a
[2022-03-13 10:07:24] [0000.795] I> A/B: bin_type (14) slot 0
[2022-03-13 10:07:24] [0000.799] I> Loading partition secure-os at 0x85305600
[2022-03-13 10:07:24] [0000.804] I> Reading two headers - addr:0x85305600 blocks:1
[2022-03-13 10:07:24] [0000.809] I> Addr: 0x85305600, start-block: 58744840, num_blocks: 1
[2022-03-13 10:07:24] [0000.831] I> Binary(14) of size 402864 is loaded @ 0x85305600
[2022-03-13 10:07:24] [0000.839] I> TOS boot-params @ 0x85000000
[2022-03-13 10:07:24] [0000.843] I> TOS params prepared
[2022-03-13 10:07:24] [0000.846] I> Loading EKS ...
[2022-03-13 10:07:24] [0000.849] I> A/B: bin_type (15) slot 0
[2022-03-13 10:07:24] [0000.852] I> Loading partition eks at 0x85905800
[2022-03-13 10:07:24] [0000.857] I> Reading two headers - addr:0x85905800 blocks:1
[2022-03-13 10:07:24] [0000.862] I> Addr: 0x85905800, start-block: 58757128, num_blocks: 1
[2022-03-13 10:07:24] [0000.881] I> Binary(15) of size 1040 is loaded @ 0x85905800
[2022-03-13 10:07:24] [0000.887] I> EKB detected (length: 0x400) @ 0x85905800
[2022-03-13 10:07:24] [0000.892] I> Copied encrypted keys
[2022-03-13 10:07:24] [0000.895] I> boot profiler @ 0x275844000
[2022-03-13 10:07:24] [0000.899] I> boot profiler for TOS @ 0x275844000
[2022-03-13 10:07:24] [0000.904] I> Unhalting SCE
[2022-03-13 10:07:24] [0000.907] I> Primary Memory Start:80000000 Size:70000000
[2022-03-13 10:07:24] [0000.912] I> Extended Memory Start:f0110000 Size:1856f0000
[2022-03-13 10:07:24] [0000.919] I> MB2(TBoot-BPMP) done
[2022-03-13 10:07:24] 
[2022-03-13 10:07:24] NOTICE:  BL31: v1.3(release):b5eeb33f7
[2022-03-13 10:07:24] NOTICE:  BL31: Built : 12:15:17, Jul 26 2021
[2022-03-13 10:07:24] ipc-unittest-main: 1519: Welcome to IPC unittest!!!
[2022-03-13 10:07:24] ipc-unittest-main: 1531: waiting forever
[2022-03-13 10:07:24] ipc-unittest-srv: 329: Init unittest services!!!
[2022-03-13 10:07:24] hwkey-agent: 41: hwkey-agent is running!!
[2022-03-13 10:07:24] hwkey-agent: 315: key_mgnt_processing .......
[2022-03-13 10:07:24] hwkey-agent: 223: Setting EKB key 0 to slot 14
[2022-03-13 10:07:24] hwkey-agent: 178: Init hweky-agent services!!
[2022-03-13 10:07:24] luks-srv: 40: luks-srv is running!!
[2022-03-13 10:07:24] luks-srv: 157: Init luks-srv IPC services!!
[2022-03-13 10:07:24] platform_bootstrap_epilog: trusty bootstrap complete
[2022-03-13 10:07:24] [0001.291] I> Welcome to Cboot
[2022-03-13 10:07:24] [0001.294] I> Cboot Version: t186-00029e71
[2022-03-13 10:07:24] [0001.298] I> CPU-BL Params @ 0x275800000
[2022-03-13 10:07:24] [0001.301] I>  0) Base:0x00000000 Size:0x00000000
[2022-03-13 10:07:24] [0001.306] I>  1) Base:0x277f00000 Size:0x00100000
[2022-03-13 10:07:24] [0001.310] I>  2) Base:0x277e00000 Size:0x00100000
[2022-03-13 10:07:24] [0001.315] I>  3) Base:0x277d00000 Size:0x00100000
[2022-03-13 10:07:24] [0001.319] I>  4) Base:0x277c00000 Size:0x00100000
[2022-03-13 10:07:24] [0001.324] I>  5) Base:0x277b00000 Size:0x00100000
[2022-03-13 10:07:24] [0001.328] I>  6) Base:0x277800000 Size:0x00200000
[2022-03-13 10:07:24] [0001.333] I>  7) Base:0x277400000 Size:0x00400000
[2022-03-13 10:07:24] [0001.337] I>  8) Base:0x277a00000 Size:0x00100000
[2022-03-13 10:07:24] [0001.342] I>  9) Base:0x277300000 Size:0x00100000
[2022-03-13 10:07:24] [0001.346] I> 10) Base:0x276800000 Size:0x00800000
[2022-03-13 10:07:24] [0001.351] I> 11) Base:0x30000000 Size:0x00040000
[2022-03-13 10:07:24] [0001.355] I> 12) Base:0xf0000000 Size:0x00100000
[2022-03-13 10:07:24] [0001.360] I> 13) Base:0x30040000 Size:0x00001000
[2022-03-13 10:07:24] [0001.364] I> 14) Base:0x30048000 Size:0x00001000
[2022-03-13 10:07:24] [0001.369] I> 15) Base:0x30049000 Size:0x00001000
[2022-03-13 10:07:24] [0001.373] I> 16) Base:0x3004a000 Size:0x00001000
[2022-03-13 10:07:24] [0001.377] I> 17) Base:0x3004b000 Size:0x00001000
[2022-03-13 10:07:24] [0001.382] I> 18) Base:0x3004c000 Size:0x00001000
[2022-03-13 10:07:24] [0001.386] I> 19) Base:0x3004d000 Size:0x00001000
[2022-03-13 10:07:24] [0001.391] I> 20) Base:0x3004e000 Size:0x00001000
[2022-03-13 10:07:24] [0001.395] I> 21) Base:0x3004f000 Size:0x00001000
[2022-03-13 10:07:24] [0001.400] I> 22) Base:0x00000000 Size:0x00000000
[2022-03-13 10:07:24] [0001.404] I> 23) Base:0xf0100000 Size:0x00010000
[2022-03-13 10:07:24] [0001.408] I> 24) Base:0x00000000 Size:0x00000000
[2022-03-13 10:07:24] [0001.413] I> 25) Base:0x00000000 Size:0x00000000
[2022-03-13 10:07:24] [0001.417] I> 26) Base:0x00000000 Size:0x00000000
[2022-03-13 10:07:24] [0001.422] I> 27) Base:0x00000000 Size:0x00000000
[2022-03-13 10:07:24] [0001.426] I> 28) Base:0x84400000 Size:0x00400000
[2022-03-13 10:07:24] [0001.431] I> 29) Base:0x30000000 Size:0x00010000
[2022-03-13 10:07:24] [0001.435] I> 30) Base:0x278000000 Size:0x08000000
[2022-03-13 10:07:24] [0001.440] I> 31) Base:0x00000000 Size:0x00000000
[2022-03-13 10:07:24] [0001.444] I> 32) Base:0x276000000 Size:0x00600000
[2022-03-13 10:07:24] [0001.449] I> 33) Base:0x80000000 Size:0x70000000
[2022-03-13 10:07:24] [0001.453] I> 34) Base:0xf0110000 Size:0x1856f0000
[2022-03-13 10:07:24] [0001.457] I> 35) Base:0x00000000 Size:0x00000000
[2022-03-13 10:07:24] [0001.462] I> 36) Base:0x00000000 Size:0x00000000
[2022-03-13 10:07:24] [0001.466] I> 37) Base:0x2772e0000 Size:0x00020000
[2022-03-13 10:07:24] [0001.471] I> 38) Base:0x84000000 Size:0x00400000
[2022-03-13 10:07:24] [0001.475] I> 39) Base:0x96000000 Size:0x02000000
[2022-03-13 10:07:24] [0001.480] I> 40) Base:0x85000000 Size:0x01200000
[2022-03-13 10:07:24] [0001.484] I> 41) Base:0x275800000 Size:0x00500000
[2022-03-13 10:07:24] [0001.489] I> 42) Base:0x00000000 Size:0x00000000
[2022-03-13 10:07:24] [0001.493] I> 43) Base:0x00000000 Size:0x00000000
[2022-03-13 10:07:24] [0001.498] GIC-SPI Target CPU: 4
[2022-03-13 10:07:24] [0001.501] Interrupts Init done
[2022-03-13 10:07:24] [0001.504] calling constructors
[2022-03-13 10:07:24] [0001.507] initializing heap
[2022-03-13 10:07:24] [0001.510] initializing threads
[2022-03-13 10:07:24] [0001.513] initializing timers
[2022-03-13 10:07:24] [0001.516] creating bootstrap completion thread
[2022-03-13 10:07:24] [0001.521] top of bootstrap2()
[2022-03-13 10:07:24] [0001.524] CPU: ARM Cortex A57
[2022-03-13 10:07:24] [0001.527] CPU: MIDR: 0x411FD073, MPIDR: 0x80000100
[2022-03-13 10:07:24] [0001.532] initializing platform
[2022-03-13 10:07:24] [0001.536] I> Bl_dtb @0x85205400
[2022-03-13 10:07:24] [0001.538] I> gpio framework initialized
[2022-03-13 10:07:24] [0001.545] I> tegrabl_gpio_driver_register: register 'nvidia,tegra186-gpio' driver
[2022-03-13 10:07:24] [0001.555] I> tegrabl_gpio_driver_register: register 'nvidia,tegra186-gpio-aon' driver
[2022-03-13 10:07:24] [0001.563] I> GPIO framework and drivers are initialized.
[2022-03-13 10:07:24] [0001.568] I> Boot-device: eMMC
[2022-03-13 10:07:24] [0001.575] I> sdmmc bdev is already initialized
[2022-03-13 10:07:24] [0001.606] I> Found 19 partitions in SDMMC_BOOT (instance 3)
[2022-03-13 10:07:24] [0001.623] I> Found 33 partitions in SDMMC_USER (instance 3)
[2022-03-13 10:07:24] [0001.629] W> opt-in fuse is not set, skip fuse_burning
[2022-03-13 10:07:24] [0001.634] I> Reserved memory at 0xfbe00000 for U-Boot relocation
[2022-03-13 10:07:24] [0001.640] W> No valid slot number is found in scratch register
[2022-03-13 10:07:24] [0001.645] W> Return default slot: _a
[2022-03-13 10:07:24] [0001.655] I> A/B: bin_type (21) slot 0
[2022-03-13 10:07:24] [0001.658] I> Loading kernel-dtb from partition
[2022-03-13 10:07:24] [0001.663] I> Loading partition kernel-dtb at 0x80000000 from device(0x1)
[2022-03-13 10:07:24] [0001.679] I> Kernel_dtb @0x80000000
[2022-03-13 10:07:24] [0001.683] I> tegrabl_tca9539_init: i2c bus: 0, slave addr: 0xee
[2022-03-13 10:07:24] [0001.693] I> tegrabl_gpio_driver_register: register 'tca9539_gpio_driver' driver
[2022-03-13 10:07:25] [0001.700] I> tegrabl_tca9539_init: i2c bus: 0, slave addr: 0xe8
[2022-03-13 10:07:25] [0001.709] I> tegrabl_gpio_driver_register: register 'tca9539_gpio_driver' driver
[2022-03-13 10:07:25] [0001.720] I> fixed regulator driver initialized
[2022-03-13 10:07:25] [0001.753] I> register 'maxim' power off handle
[2022-03-13 10:07:25] [0001.759] I> virtual i2c enabled
[2022-03-13 10:07:25] [0001.762] I> registered 'maxim,max77620' pmic
[2022-03-13 10:07:25] [0001.767] I> tegrabl_gpio_driver_register: register 'max77620-gpio' driver
[2022-03-13 10:07:25] [0001.781] E> failed to read label property for node 324936: 13
[2022-03-13 10:07:25] [0001.789] E> failed to read reg property for node 325032: 13
[2022-03-13 10:07:25] [0001.797] E> failed to read reg property for node 325084: 13
[2022-03-13 10:07:25] [0001.806] E> failed to read label property for node 325168: 13
[2022-03-13 10:07:25] [0001.814] E> failed to read label property for node 325236: 13
[2022-03-13 10:07:25] [0001.822] E> failed to read reg property for node 325304: 13
[2022-03-13 10:07:25] [0001.831] E> failed to read reg property for node 325376: 13
[2022-03-13 10:07:25] [0001.841] I> Find /i2c@c250000's alias i2c7
[2022-03-13 10:07:25] [0001.845] I> Reading eeprom i2c=7 address=0x50
[2022-03-13 10:07:25] [0001.874] I> Device at /i2c@c250000:0x50
[2022-03-13 10:07:25] [0001.878] I> Reading eeprom i2c=7 address=0x57
[2022-03-13 10:07:25] [0001.907] I> Device at /i2c@c250000:0x57
[2022-03-13 10:07:25] [0001.911] I> Find /i2c@c240000's alias i2c1
[2022-03-13 10:07:25] [0001.915] I> Reading eeprom i2c=1 address=0x51
[2022-03-13 10:07:25] [0001.920] E> I2C: slave not found in slaves.
[2022-03-13 10:07:25] [0001.924] E> I2C: Could not write 0 bytes to slave: 0x00a2 with repeat start true.
[2022-03-13 10:07:25] [0001.932] E> I2C_DEV: Failed to send register address 0x00000000.
[2022-03-13 10:07:25] [0001.938] E> I2C_DEV: Could not read 256 registers of size 1 from slave 0xa2 at 0x00000000 via instance 1.
[2022-03-13 10:07:25] [0001.947] E> eeprom: Retry to read I2C slave device.
[2022-03-13 10:07:25] [0001.952] E> I2C: slave not found in slaves.
[2022-03-13 10:07:25] [0001.956] E> I2C: Could not write 0 bytes to slave: 0x00a2 with repeat start true.
[2022-03-13 10:07:25] [0001.964] E> I2C_DEV: Failed to send register address 0x00000000.
[2022-03-13 10:07:25] [0001.970] E> I2C_DEV: Could not read 256 registers of size 1 from slave 0xa2 at 0x00000000 via instance 1.
[2022-03-13 10:07:25] [0001.980] E> eeprom: Failed to read I2C slave device
[2022-03-13 10:07:25] [0001.984] I> Eeprom read failed 0x3526070d
[2022-03-13 10:07:25] [0001.989] I> Find /i2c@3160000's alias i2c0
[2022-03-13 10:07:25] [0001.993] I> Reading eeprom i2c=0 address=0x50
[2022-03-13 10:07:25] [0001.997] E> I2C: slave not found in slaves.
[2022-03-13 10:07:25] [0002.001] E> I2C: Could not write 0 bytes to slave: 0x00a0 with repeat start true.
[2022-03-13 10:07:25] [0002.009] E> I2C_DEV: Failed to send register address 0x00000000.
[2022-03-13 10:07:25] [0002.015] E> I2C_DEV: Could not read 256 registers of size 1 from slave 0xa0 at 0x00000000 via instance 0.
[2022-03-13 10:07:25] [0002.024] E> eeprom: Failed to read I2C slave device
[2022-03-13 10:07:25] [0002.029] I> Eeprom read failed 0x3526070d
[2022-03-13 10:07:25] [0002.034] I> Find /i2c@3180000's alias i2c2
[2022-03-13 10:07:25] [0002.038] I> Reading eeprom i2c=2 address=0x54
[2022-03-13 10:07:25] [0002.042] I> Enabling gpio chip_id = 2, gpio pin = 9
[2022-03-13 10:07:25] [0002.073] I> Disabling gpio chip_id = 2, gpio pin = 9
[2022-03-13 10:07:25] [0002.078] I> Device at /i2c@3180000:0x54
[2022-03-13 10:07:25] [0002.082] I> Reading eeprom i2c=2 address=0x57
[2022-03-13 10:07:25] [0002.086] I> Enabling gpio chip_id = 2, gpio pin = 9
[2022-03-13 10:07:25] [0002.092] E> I2C: slave not found in slaves.
[2022-03-13 10:07:25] [0002.096] E> I2C: Could not write 0 bytes to slave: 0x00ae with repeat start true.
[2022-03-13 10:07:25] [0002.103] E> I2C_DEV: Failed to send register address 0x00000000.
[2022-03-13 10:07:25] [0002.109] E> I2C_DEV: Could not read 256 registers of size 1 from slave 0xae at 0x00000000 via instance 2.
[2022-03-13 10:07:25] [0002.119] E> eeprom: Failed to read I2C slave device
[2022-03-13 10:07:25] [0002.124] I> Disabling gpio chip_id = 2, gpio pin = 9
[2022-03-13 10:07:25] [0002.129] I> Eeprom read failed 0x00000000
[2022-03-13 10:07:25] [0002.133] I> create_pm_ids: id: 3310-1000-D00-L, len: 15
[2022-03-13 10:07:25] [0002.138] I> config: mem-type:00,power-config:00,misc-config:00,modem-config:00,touch-config:00,display-config:00,, len: 93
[2022-03-13 10:07:25] [0002.149] I> create_pm_ids: id: 2597-0000-900-E, len: 15
[2022-03-13 10:07:25] [0002.154] I> config: mem-type:00,power-config:00,misc-config:00,modem-config:00,touch-config:00,display-config:00,, len: 93
[2022-03-13 10:07:25] [0002.165] I> create_pm_ids: id: 3326-1000-000-M, len: 15
[2022-03-13 10:07:25] [0002.170] I> config: mem-type:ff,power-config:ff,misc-config:ff,modem-config:ff,touch-config:ff,display-config:ff,, len: 93
[2022-03-13 10:07:25] [0002.205] I> enabling 'vdd-hdmi' regulator
[2022-03-13 10:07:25] [0002.221] I> regulator 'vdd-hdmi' already enabled
[2022-03-13 10:07:25] [0002.225] E> tegrabl_display_init_regulator: hdmi cable is not connected
[2022-03-13 10:07:25] [0002.232] E> tegrabl_display_get_pdata, failed to parse dtb settings
[2022-03-13 10:07:25] [0002.241] E> cannot find any other nvdisp nodes
[2022-03-13 10:07:25] [0002.245] E> no valid display unit config found in dtb
[2022-03-13 10:07:25] [0002.251] W> display init failed
[2022-03-13 10:07:25] [0002.254] initializing target
[2022-03-13 10:07:25] [0002.257] calling apps_init()
[2022-03-13 10:07:25] [0002.260] starting app kernel_boot_app
[2022-03-13 10:07:25] [0002.282] I> found decompressor handler: lz4-legacy
[2022-03-13 10:07:25] [0002.287] I> decompressing BMP blob ...
[2022-03-13 10:07:25] [0002.299] I> Kernel type = Normal
[2022-03-13 10:07:25] [0002.302] I> ########## Fixed storage boot ##########
[2022-03-13 10:07:25] [0002.307] I> Loading kernel-bootctrl from partition
[2022-03-13 10:07:25] [0002.312] I> Loading partition kernel-bootctrl at 0xa8000000 from device(0x1)
[2022-03-13 10:07:25] [0002.326] W> tegrabl_get_kernel_bootctrl: magic number(0x00000000) is invalid
[2022-03-13 10:07:25] [0002.333] W> tegrabl_get_kernel_bootctrl: use default dummy boot control data
[2022-03-13 10:07:25] [0002.340] W> No valid slot number is found in scratch register
[2022-03-13 10:07:25] [0002.345] W> Return default slot: _a
[2022-03-13 10:07:25] [0002.349] I> A/B: bin_type (24) slot 0
[2022-03-13 10:07:25] [0002.364] I> Boot image size read from image header: 9913d
[2022-03-13 10:07:25] [0002.370] I> Boot image load address: 0x80400000
[2022-03-13 10:07:25] [0002.374] I> Loading kernel from partition
[2022-03-13 10:07:25] [0002.378] I> Loading partition kernel at 0x80400000 from device(0x1)
[2022-03-13 10:07:26] [0003.320] I> Validate kernel ...
[2022-03-13 10:07:26] [0003.323] I> T18x: Authenticate kernel (bin_type 24), max size 0x4000000
[2022-03-13 10:07:26] [0003.331] I> Decrypt the buffer ... [0003.334] W> tegrabl_decrypt_block: fuse (0x0) is not burnt to do encryption (0x4); skip decryption.
[2022-03-13 10:07:26] [0003.343] I> done
[2022-03-13 10:07:26] [0003.345] I> Checking boot.img header magic ... [0003.349] I> [OK]
[2022-03-13 10:07:26] [0003.351] I> kernel-dtb is already loaded
[2022-03-13 10:07:26] [0003.355] I> Validate kernel-dtb ...
[2022-03-13 10:07:26] [0003.358] I> T18x: Authenticate kernel-dtb (bin_type 21), max size 0x100000
[2022-03-13 10:07:26] [0003.366] I> Decrypt the buffer ... [0003.369] W> tegrabl_decrypt_block: fuse (0x0) is not burnt to do encryption (0x4); skip decryption.
[2022-03-13 10:07:26] [0003.378] I> done
[2022-03-13 10:07:26] [0003.380] I> Kernel hdr @0x80400000
[2022-03-13 10:07:26] [0003.383] I> Kernel dtb @0x80000000
[2022-03-13 10:07:26] [0003.386] I> decompressor handler not found
[2022-03-13 10:07:26] [0003.390] I> Copying kernel image (627005 bytes) from 0x80400800 to 0x80600000 ... [0003.398] I> Done
[2022-03-13 10:07:26] [0003.400] I> Move ramdisk (len: 0) from 0x8049a000 to 0x947d0000
[2022-03-13 10:07:26] [0003.407] I> Updated bpmp info to DTB
[2022-03-13 10:07:26] [0003.413] I> Ramdisk: Base: 0x947d0000; Size: 0x0
[2022-03-13 10:07:26] [0003.418] I> Updated initrd info to DTB
[2022-03-13 10:07:26] [0003.421] W> WARN: Fail to override "console=none" in commandline
[2022-03-13 10:07:26] [0003.427] I> Active rootfs suffix: 
[2022-03-13 10:07:26] [0003.431] E> tegrabl_linuxboot_add_disp_param, du 0 failed to get display params
[2022-03-13 10:07:26] [0003.438] E> tegrabl_linuxboot_add_disp_param, du 0 failed to get display params
[2022-03-13 10:07:26] [0003.445] E> tegrabl_linuxboot_add_disp_param, du 0 failed to get display params
[2022-03-13 10:07:26] [0003.452] I> disabled_core_mask: 0xffffff0c
[2022-03-13 10:07:26] [0003.456] W> No valid slot number is found in scratch register
[2022-03-13 10:07:26] [0003.462] W> Return default slot: _a
[2022-03-13 10:07:26] [0003.465] I> Active slot suffix: 
[2022-03-13 10:07:26] [0003.468] I> add_boot_slot_suffix: slot_suffix = 
[2022-03-13 10:07:26] [0003.473] I> Linux Cmdline: console=ttyS0,115200 androidboot.presilicon=true firmware_class.path=/etc/firmware root=/dev/mmcblk0p1 rw rootwait rootfstype=ext4 console=ttyS0,115200n8 console=tty0 fbcon=map:0 net.ifnames=0 isolcpus=1-2  video=tegrafb earlycon=uart8250,mmio32,0x3100000 nvdumper_reserved=0x2772e0000 gpt rootfs.slot_suffix= usbcore.old_scheme_first=1 tegraid=18.1.2.0.0 maxcpus=6 no_console_suspend boot.slot_suffix= boot.ratchetvalues=0.2031647.1 vpr_resize bl_prof_dataptr=0x10000@0x275840000 sdhci_tegra.en_boot_part_access=1 
[2022-03-13 10:07:26] [0003.520] I> Updated bootarg info to DTB
[2022-03-13 10:07:26] [0003.524] I> eeprom_get_mac_addr: MAC (type: 0): 48:b0:2d:0f:11:c5
[2022-03-13 10:07:26] [0003.530] I> eeprom_get_mac_addr: MAC (type: 1): 48:b0:2d:0f:11:c6
[2022-03-13 10:07:26] [0003.537] I> eeprom_get_mac_addr: MAC (type: 2): 48:b0:2d:0f:11:c7
[2022-03-13 10:07:26] [0003.543] E> Found no plugin manager ids in source DT
[2022-03-13 10:07:26] [0003.548] W> Add plugin manager ids from board info
[2022-03-13 10:07:26] [0003.552] W> "plugin-manager" doesn't exist, creating
[2022-03-13 10:07:26] [0003.557] W> "ids" doesn't exist, creating
[2022-03-13 10:07:26] [0003.561] W> "connection" doesn't exist, creating
[2022-03-13 10:07:26] [0003.566] W> "configs" doesn't exist, creating
[2022-03-13 10:07:26] [0003.570] I> create_pm_ids: id: 3310-1000-D00-L, len: 15
[2022-03-13 10:07:26] [0003.575] I> config: mem-type:00,power-config:00,misc-config:00,modem-config:00,touch-config:00,display-config:00,, len: 93
[2022-03-13 10:07:26] [0003.586] I> create_pm_ids: id: 2597-0000-900-E, len: 15
[2022-03-13 10:07:26] [0003.591] I> config: mem-type:00,power-config:00,misc-config:00,modem-config:00,touch-config:00,display-config:00,, len: 93
[2022-03-13 10:07:26] [0003.602] I> create_pm_ids: id: 3326-1000-000-M, len: 15
[2022-03-13 10:07:26] [0003.608] I> config: mem-type:ff,power-config:ff,misc-config:ff,modem-config:ff,touch-config:ff,display-config:ff,, len: 93
[2022-03-13 10:07:26] [0003.618] I> Adding plugin-manager/ids/3310-1000-D00=/i2c@c250000:module@0x50
[2022-03-13 10:07:26] [0003.626] W> "i2c@c250000" doesn't exist, creating
[2022-03-13 10:07:26] [0003.630] W> "module@0x50" doesn't exist, creating
[2022-03-13 10:07:26] [0003.635] I> Adding plugin-manager/ids/2597-0000-900=/i2c@c250000:module@0x57
[2022-03-13 10:07:26] [0003.643] W> "module@0x57" doesn't exist, creating
[2022-03-13 10:07:26] [0003.648] I> Adding plugin-manager/ids/3326-1000-000=/i2c@3180000:module@0x54
[2022-03-13 10:07:26] [0003.655] W> "i2c@3180000" doesn't exist, creating
[2022-03-13 10:07:26] [0003.660] W> "module@0x54" doesn't exist, creating
[2022-03-13 10:07:26] [0003.666] I> Adding plugin-manager/ids/3310-1000-D00-L
[2022-03-13 10:07:26] [0003.673] I> Adding plugin-manager/configs/3310-mem-type 00
[2022-03-13 10:07:26] [0003.679] I> Adding plugin-manager/configs/3310-power-config 00
[2022-03-13 10:07:26] [0003.685] I> Adding plugin-manager/configs/3310-misc-config 00
[2022-03-13 10:07:26] [0003.691] I> Adding plugin-manager/configs/3310-modem-config 00
[2022-03-13 10:07:27] [0003.697] I> Adding plugin-manager/configs/3310-touch-config 00
[2022-03-13 10:07:27] [0003.703] I> Adding plugin-manager/configs/3310-display-config 00
[2022-03-13 10:07:27] [0003.709] I> Adding plugin-manager/cvm
[2022-03-13 10:07:27] [0003.713] W> "chip-id" doesn't exist, creating
[2022-03-13 10:07:27] [0003.717] I> Adding plugin-manager/chip-id/A02P
[2022-03-13 10:07:27] [0003.722] W> "odm-data" doesn't exist, creating
[2022-03-13 10:07:27] [0003.726] I> Adding /chosen/plugin-manager/odm-data
[2022-03-13 10:07:27] [0003.736] I> added [base:0x80000000, size:0x70000000] to /memory
[2022-03-13 10:07:27] [0003.742] I> added [base:0xf0200000, size:0x185600000] to /memory
[2022-03-13 10:07:27] [0003.748] I> added [base:0x275e00000, size:0x200000] to /memory
[2022-03-13 10:07:27] [0003.754] I> added [base:0x276600000, size:0x200000] to /memory
[2022-03-13 10:07:27] [0003.759] I> added [base:0x277000000, size:0x200000] to /memory
[2022-03-13 10:07:27] [0003.765] I> Updated memory info to DTB
[2022-03-13 10:07:27] [0003.770] E> add_disp_param: failed to get display params for du=0
[2022-03-13 10:07:27] [0003.777] W> "reset" doesn't exist, creating
[2022-03-13 10:07:27] [0003.782] W> "pmc-reset-reason" doesn't exist, creating
[2022-03-13 10:07:27] [0003.787] W> "pmic-reset-reason" doesn't exist, creating
[2022-03-13 10:07:27] [0003.794] I> Adding ecid(00000001646db7851000000013038200) to DT
[2022-03-13 10:07:27] [0003.799] I> disabled_core_mask: 0xffffff0c
[2022-03-13 10:07:27] [0003.812] I> Add serial number:1422420022173 as DT property
[2022-03-13 10:07:27] [0003.821] I> Plugin-manager override starting
[2022-03-13 10:07:27] [0003.827] I> node /plugin-manager/fragement@0 matches
[2022-03-13 10:07:27] [0003.837] I> node /plugin-manager/fragement@4 matches
[2022-03-13 10:07:27] [0003.850] I> node /plugin-manager/fragment-sdwake-p3310-1000-300 matches
[2022-03-13 10:07:27] [0003.870] I> node /plugin-manager/fragement-pmon-p3310-1000-300 matches
[2022-03-13 10:07:27] [0003.880] I> node /plugin-manager/fragement-pmon-p3310-1000-800 matches
[2022-03-13 10:07:27] [0003.888] I> node /plugin-manager/fragment-devslp@0 matches
[2022-03-13 10:07:27] [0003.901] I> node /plugin-manager/fragment-500-pcie-config matches
[2022-03-13 10:07:27] [0003.916] I> node /plugin-manager/fragment-500-xusb-config matches
[2022-03-13 10:07:27] [0003.939] I> node /plugin-manager/fragment-p3310-c00-comm matches
[2022-03-13 10:07:27] [0003.952] I> node /plugin-manager/fragment-p3310-c00-pmic matches
[2022-03-13 10:07:27] [0003.963] I> node /plugin-manager/fragment-p3310-c01 matches
[2022-03-13 10:07:27] [0003.976] I> node /plugin-manager/fragment-p3310-c03 matches
[2022-03-13 10:07:27] [0004.019] I> node /plugin-manager/fragment-e3326@0 matches
[2022-03-13 10:07:27] [0004.101] I> node /plugin-manager/fragment-p3310-c00-camera matches
[2022-03-13 10:07:27] [0004.128] I> Disable plugin-manager status in FDT
[2022-03-13 10:07:27] [0004.132] I> Plugin-manager override finished successfully
[2022-03-13 10:07:27] [0004.138] I> tegrabl_load_kernel_and_dtb: Done
[2022-03-13 10:07:27] [0004.142] E> tegrabl_display_clear: display is not initialized
[2022-03-13 10:07:27] [0004.147] W> Boot logo display failed...
[2022-03-13 10:07:27] [0004.151] I> Kernel EP: 0x80600000, DTB: 0x80000000
[2022-03-13 10:07:27] 
[2022-03-13 10:07:27] 
[2022-03-13 10:07:27] U-Boot 2020.04-g46e4604c78 (Jul 26 2021 - 12:10:58 -0700)
[2022-03-13 10:07:27] 
[2022-03-13 10:07:27] SoC: tegra186
[2022-03-13 10:07:27] Model: NVIDIA P2771-0000-500
[2022-03-13 10:07:27] Board: NVIDIA P2771-0000
[2022-03-13 10:07:27] DRAM:  7.8 GiB
[2022-03-13 10:07:27] MMC:   sdhci@3400000: 1, sdhci@3460000: 0
[2022-03-13 10:07:27] Loading Environment from MMC... *** Warning - bad CRC, using default environment
[2022-03-13 10:07:27] 
[2022-03-13 10:07:27] In:    serial
[2022-03-13 10:07:27] Out:   serial
[2022-03-13 10:07:27] Err:   serial
[2022-03-13 10:07:27] Net:   
[2022-03-13 10:07:27] Warning: ethernet@2490000 using MAC address from ROM
[2022-03-13 10:07:27] eth0: ethernet@2490000
[2022-03-13 10:07:27] Hit any key to stop autoboot:  2  1  0 
[2022-03-13 10:07:29] MMC: no card present
[2022-03-13 10:07:29] switch to partitions #0, OK
[2022-03-13 10:07:29] mmc0(part 0) is current device
[2022-03-13 10:07:30] Scanning mmc 0:1...
[2022-03-13 10:07:30] Found /boot/extlinux/extlinux.conf
[2022-03-13 10:07:30] Retrieving file: /boot/extlinux/extlinux.conf
[2022-03-13 10:07:30] 858 bytes read in 22 ms (38.1 KiB/s)
[2022-03-13 10:07:30] 1:	primary kernel
[2022-03-13 10:07:30] Retrieving file: /boot/initrd
[2022-03-13 10:07:30] 7238344 bytes read in 201 ms (34.3 MiB/s)
[2022-03-13 10:07:30] Retrieving file: /boot/Image
[2022-03-13 10:07:31] 34484232 bytes read in 829 ms (39.7 MiB/s)
