[0000.263] I> Welcome to MB2(TBoot-BPMP)(version: 01.00.160913-t186-M-00.00-mobile-c368a720)
[2022-03-13 15:07:26] [0000.272] I> Boot-device: eMMC
[2022-03-13 15:07:26] [0000.279] I> sdmmc bdev is already initialized
[2022-03-13 15:07:26] [0000.284] I> pmic: reset reason (nverc)	: 0x80
[2022-03-13 15:07:26] [0000.317] I> Found 19 partitions in SDMMC_BOOT (instance 3)
[2022-03-13 15:07:26] [0000.337] I> Found 33 partitions in SDMMC_USER (instance 3)
[2022-03-13 15:07:26] [0000.343] W> No valid slot number is found in scratch register
[2022-03-13 15:07:26] [0000.348] W> Return default slot: _a
[2022-03-13 15:07:26] [0000.352] I> A/B: bin_type (16) slot 0
[2022-03-13 15:07:26] [0000.355] I> Loading partition bpmp-fw at 0xd7800000
[2022-03-13 15:07:26] [0000.360] I> Reading two headers - addr:0xd7800000 blocks:1
[2022-03-13 15:07:26] [0000.366] I> Addr: 0xd7800000, start-block: 58777608, num_blocks: 1
[2022-03-13 15:07:26] [0000.390] I> Binary(16) of size 534416 is loaded @ 0xd7800000
[2022-03-13 15:07:26] [0000.396] W> No valid slot number is found in scratch register
[2022-03-13 15:07:26] [0000.402] W> Return default slot: _a
[2022-03-13 15:07:26] [0000.405] I> A/B: bin_type (17) slot 0
[2022-03-13 15:07:26] [0000.409] I> Loading partition bpmp-fw-dtb at 0xd79f0000
[2022-03-13 15:07:26] [0000.414] I> Reading two headers - addr:0xd79f0000 blocks:1
[2022-03-13 15:07:26] [0000.419] I> Addr: 0xd79f0000, start-block: 58780024, num_blocks: 1
[2022-03-13 15:07:26] [0000.445] I> Binary(17) of size 604720 is loaded @ 0xd796c400
[2022-03-13 15:07:26] [0000.675] I> Loading SCE-FW ...
[2022-03-13 15:07:26] [0000.678] W> No valid slot number is found in scratch register
[2022-03-13 15:07:26] [0000.684] W> Return default slot: _a
[2022-03-13 15:07:26] [0000.687] I> A/B: bin_type (12) slot 0
[2022-03-13 15:07:26] [0000.691] I> Loading partition sce-fw at 0xd7300000
[2022-03-13 15:07:26] [0000.695] I> Reading two headers - addr:0xd7300000 blocks:1
[2022-03-13 15:07:26] [0000.701] I> Addr: 0xd7300000, start-block: 58784120, num_blocks: 1
[2022-03-13 15:07:26] [0000.720] I> Binary(12) of size 125632 is loaded @ 0xd7300000
[2022-03-13 15:07:26] [0000.726] I> Init SCE
[2022-03-13 15:07:26] [0000.728] I> Loading APE-FW ...
[2022-03-13 15:07:26] [0000.731] W> No valid slot number is found in scratch register
[2022-03-13 15:07:26] [0000.737] W> Return default slot: _a
[2022-03-13 15:07:26] [0000.740] I> A/B: bin_type (11) slot 0
[2022-03-13 15:07:26] [0000.744] I> Loading partition adsp-fw at 0xd7400000
[2022-03-13 15:07:26] [0000.749] I> Reading two headers - addr:0xd7400000 blocks:1
[2022-03-13 15:07:26] [0000.754] I> Addr: 0xd7400000, start-block: 58761224, num_blocks: 1
[2022-03-13 15:07:26] [0000.773] I> Binary(11) of size 77216 is loaded @ 0xd7400000
[2022-03-13 15:07:26] [0000.779] I> Copy BTCM section
[2022-03-13 15:07:26] [0000.782] W> No valid slot number is found in scratch register
[2022-03-13 15:07:26] [0000.787] W> Return default slot: _a
[2022-03-13 15:07:26] [0000.791] I> A/B: bin_type (13) slot 0
[2022-03-13 15:07:26] [0000.795] I> Loading partition cpu-bootloader at 0x96000000
[2022-03-13 15:07:26] [0000.800] I> Reading two headers - addr:0x96000000 blocks:1
[2022-03-13 15:07:26] [0000.805] I> Addr: 0x96000000, start-block: 58740744, num_blocks: 1
[2022-03-13 15:07:26] [0000.827] I> Binary(13) of size 308800 is loaded @ 0x96000000
[2022-03-13 15:07:26] [0000.833] W> No valid slot number is found in scratch register
[2022-03-13 15:07:26] [0000.838] W> Return default slot: _a
[2022-03-13 15:07:26] [0000.842] I> A/B: bin_type (20) slot 0
[2022-03-13 15:07:26] [0000.845] I> Loading partition bootloader-dtb at 0x85205400
[2022-03-13 15:07:26] [0000.851] I> Reading two headers - addr:0x85205400 blocks:1
[2022-03-13 15:07:26] [0000.856] I> Addr: 0x85205400, start-block: 58742792, num_blocks: 1
[2022-03-13 15:07:26] [0000.878] I> Binary(20) of size 375568 is loaded @ 0x85205400
[2022-03-13 15:07:26] [0000.884] W> No valid slot number is found in scratch register
[2022-03-13 15:07:26] [0000.890] W> Return default slot: _a
[2022-03-13 15:07:26] [0000.893] I> A/B: bin_type (14) slot 0
[2022-03-13 15:07:26] [0000.897] I> Loading partition secure-os at 0x85305600
[2022-03-13 15:07:26] [0000.902] I> Reading two headers - addr:0x85305600 blocks:1
[2022-03-13 15:07:26] [0000.907] I> Addr: 0x85305600, start-block: 58744840, num_blocks: 1
[2022-03-13 15:07:26] [0000.929] I> Binary(14) of size 402864 is loaded @ 0x85305600
[2022-03-13 15:07:26] [0000.937] I> TOS boot-params @ 0x85000000
[2022-03-13 15:07:27] [0000.941] I> TOS params prepared
[2022-03-13 15:07:27] [0000.944] I> Loading EKS ...
[2022-03-13 15:07:27] [0000.946] I> A/B: bin_type (15) slot 0
[2022-03-13 15:07:27] [0000.950] I> Loading partition eks at 0x85905800
[2022-03-13 15:07:27] [0000.955] I> Reading two headers - addr:0x85905800 blocks:1
[2022-03-13 15:07:27] [0000.960] I> Addr: 0x85905800, start-block: 58757128, num_blocks: 1
[2022-03-13 15:07:27] [0000.979] I> Binary(15) of size 1040 is loaded @ 0x85905800
[2022-03-13 15:07:27] [0000.984] I> EKB detected (length: 0x400) @ 0x85905800
[2022-03-13 15:07:27] [0000.989] I> Copied encrypted keys
[2022-03-13 15:07:27] [0000.993] I> boot profiler @ 0x275844000
[2022-03-13 15:07:27] [0000.997] I> boot profiler for TOS @ 0x275844000
[2022-03-13 15:07:27] [0001.002] I> Unhalting SCE
[2022-03-13 15:07:27] [0001.004] I> Primary Memory Start:80000000 Size:70000000
[2022-03-13 15:07:27] [0001.010] I> Extended Memory Start:f0110000 Size:1856f0000
[2022-03-13 15:07:27] [0001.016] I> MB2(TBoot-BPMP) done
[2022-03-13 15:07:27] 
[2022-03-13 15:07:27] NOTICE:  BL31: v1.3(release):b5eeb33f7
[2022-03-13 15:07:27] NOTICE:  BL31: Built : 12:15:17, Jul 26 2021
[2022-03-13 15:07:27] ipc-unittest-main: 1519: Welcome to IPC unittest!!!
[2022-03-13 15:07:27] ipc-unittest-main: 1531: waiting forever
[2022-03-13 15:07:27] ipc-unittest-srv: 329: Init unittest services!!!
[2022-03-13 15:07:27] hwkey-agent: 41: hwkey-agent is running!!
[2022-03-13 15:07:27] hwkey-agent: 315: key_mgnt_processing .......
[2022-03-13 15:07:27] hwkey-agent: 223: Setting EKB key 0 to slot 14
[2022-03-13 15:07:27] hwkey-agent: 178: Init hweky-agent services!!
[2022-03-13 15:07:27] luks-srv: 40: luks-srv is running!!
[2022-03-13 15:07:27] luks-srv: 157: Init luks-srv IPC services!!
[2022-03-13 15:07:27] platform_bootstrap_epilog: trusty bootstrap complete
[2022-03-13 15:07:27] [0001.389] I> Welcome to Cboot
[2022-03-13 15:07:27] [0001.392] I> Cboot Version: t186-00029e71
[2022-03-13 15:07:27] [0001.395] I> CPU-BL Params @ 0x275800000
[2022-03-13 15:07:27] [0001.399] I>  0) Base:0x00000000 Size:0x00000000
[2022-03-13 15:07:27] [0001.404] I>  1) Base:0x277f00000 Size:0x00100000
[2022-03-13 15:07:27] [0001.408] I>  2) Base:0x277e00000 Size:0x00100000
[2022-03-13 15:07:27] [0001.413] I>  3) Base:0x277d00000 Size:0x00100000
[2022-03-13 15:07:27] [0001.417] I>  4) Base:0x277c00000 Size:0x00100000
[2022-03-13 15:07:27] [0001.422] I>  5) Base:0x277b00000 Size:0x00100000
[2022-03-13 15:07:27] [0001.426] I>  6) Base:0x277800000 Size:0x00200000
[2022-03-13 15:07:27] [0001.431] I>  7) Base:0x277400000 Size:0x00400000
[2022-03-13 15:07:27] [0001.435] I>  8) Base:0x277a00000 Size:0x00100000
[2022-03-13 15:07:27] [0001.440] I>  9) Base:0x277300000 Size:0x00100000
[2022-03-13 15:07:27] [0001.444] I> 10) Base:0x276800000 Size:0x00800000
[2022-03-13 15:07:27] [0001.449] I> 11) Base:0x30000000 Size:0x00040000
[2022-03-13 15:07:27] [0001.453] I> 12) Base:0xf0000000 Size:0x00100000
[2022-03-13 15:07:27] [0001.458] I> 13) Base:0x30040000 Size:0x00001000
[2022-03-13 15:07:27] [0001.462] I> 14) Base:0x30048000 Size:0x00001000
[2022-03-13 15:07:27] [0001.467] I> 15) Base:0x30049000 Size:0x00001000
[2022-03-13 15:07:27] [0001.471] I> 16) Base:0x3004a000 Size:0x00001000
[2022-03-13 15:07:27] [0001.475] I> 17) Base:0x3004b000 Size:0x00001000
[2022-03-13 15:07:27] [0001.480] I> 18) Base:0x3004c000 Size:0x00001000
[2022-03-13 15:07:27] [0001.484] I> 19) Base:0x3004d000 Size:0x00001000
[2022-03-13 15:07:27] [0001.489] I> 20) Base:0x3004e000 Size:0x00001000
[2022-03-13 15:07:27] [0001.493] I> 21) Base:0x3004f000 Size:0x00001000
[2022-03-13 15:07:27] [0001.498] I> 22) Base:0x00000000 Size:0x00000000
[2022-03-13 15:07:27] [0001.502] I> 23) Base:0xf0100000 Size:0x00010000
[2022-03-13 15:07:27] [0001.506] I> 24) Base:0x00000000 Size:0x00000000
[2022-03-13 15:07:27] [0001.511] I> 25) Base:0x00000000 Size:0x00000000
[2022-03-13 15:07:27] [0001.515] I> 26) Base:0x00000000 Size:0x00000000
[2022-03-13 15:07:27] [0001.520] I> 27) Base:0x00000000 Size:0x00000000
[2022-03-13 15:07:27] [0001.524] I> 28) Base:0x84400000 Size:0x00400000
[2022-03-13 15:07:27] [0001.529] I> 29) Base:0x30000000 Size:0x00010000
[2022-03-13 15:07:27] [0001.533] I> 30) Base:0x278000000 Size:0x08000000
[2022-03-13 15:07:27] [0001.538] I> 31) Base:0x00000000 Size:0x00000000
[2022-03-13 15:07:27] [0001.542] I> 32) Base:0x276000000 Size:0x00600000
[2022-03-13 15:07:27] [0001.546] I> 33) Base:0x80000000 Size:0x70000000
[2022-03-13 15:07:27] [0001.551] I> 34) Base:0xf0110000 Size:0x1856f0000
[2022-03-13 15:07:27] [0001.555] I> 35) Base:0x00000000 Size:0x00000000
[2022-03-13 15:07:27] [0001.560] I> 36) Base:0x00000000 Size:0x00000000
[2022-03-13 15:07:27] [0001.564] I> 37) Base:0x2772e0000 Size:0x00020000
[2022-03-13 15:07:27] [0001.569] I> 38) Base:0x84000000 Size:0x00400000
[2022-03-13 15:07:27] [0001.573] I> 39) Base:0x96000000 Size:0x02000000
[2022-03-13 15:07:27] [0001.578] I> 40) Base:0x85000000 Size:0x01200000
[2022-03-13 15:07:27] [0001.582] I> 41) Base:0x275800000 Size:0x00500000
[2022-03-13 15:07:27] [0001.587] I> 42) Base:0x00000000 Size:0x00000000
[2022-03-13 15:07:27] [0001.591] I> 43) Base:0x00000000 Size:0x00000000
[2022-03-13 15:07:27] [0001.595] GIC-SPI Target CPU: 4
[2022-03-13 15:07:27] [0001.599] Interrupts Init done
[2022-03-13 15:07:27] [0001.602] calling constructors
[2022-03-13 15:07:27] [0001.605] initializing heap
[2022-03-13 15:07:27] [0001.608] initializing threads
[2022-03-13 15:07:27] [0001.611] initializing timers
[2022-03-13 15:07:27] [0001.614] creating bootstrap completion thread
[2022-03-13 15:07:27] [0001.619] top of bootstrap2()
[2022-03-13 15:07:27] [0001.622] CPU: ARM Cortex A57
[2022-03-13 15:07:27] [0001.625] CPU: MIDR: 0x411FD073, MPIDR: 0x80000100
[2022-03-13 15:07:27] [0001.630] initializing platform
[2022-03-13 15:07:27] [0001.633] I> Bl_dtb @0x85205400
[2022-03-13 15:07:27] [0001.636] I> gpio framework initialized
[2022-03-13 15:07:27] [0001.643] I> tegrabl_gpio_driver_register: register 'nvidia,tegra186-gpio' driver
[2022-03-13 15:07:27] [0001.653] I> tegrabl_gpio_driver_register: register 'nvidia,tegra186-gpio-aon' driver
[2022-03-13 15:07:27] [0001.661] I> GPIO framework and drivers are initialized.
[2022-03-13 15:07:27] [0001.666] I> Boot-device: eMMC
[2022-03-13 15:07:27] [0001.673] I> sdmmc bdev is already initialized
[2022-03-13 15:07:27] [0001.704] I> Found 19 partitions in SDMMC_BOOT (instance 3)
[2022-03-13 15:07:27] [0001.721] I> Found 33 partitions in SDMMC_USER (instance 3)
[2022-03-13 15:07:27] [0001.727] W> opt-in fuse is not set, skip fuse_burning
[2022-03-13 15:07:27] [0001.732] I> Reserved memory at 0xfbe00000 for U-Boot relocation
[2022-03-13 15:07:27] [0001.738] W> No valid slot number is found in scratch register
[2022-03-13 15:07:27] [0001.743] W> Return default slot: _a
[2022-03-13 15:07:27] [0001.753] I> A/B: bin_type (21) slot 0
[2022-03-13 15:07:27] [0001.756] I> Loading kernel-dtb from partition
[2022-03-13 15:07:27] [0001.760] I> Loading partition kernel-dtb at 0x80000000 from device(0x1)
[2022-03-13 15:07:27] [0001.778] I> Kernel_dtb @0x80000000
[2022-03-13 15:07:27] [0001.782] I> tegrabl_tca9539_init: i2c bus: 0, slave addr: 0xee
[2022-03-13 15:07:27] [0001.792] I> tegrabl_gpio_driver_register: register 'tca9539_gpio_driver' driver
[2022-03-13 15:07:27] [0001.799] I> tegrabl_tca9539_init: i2c bus: 0, slave addr: 0xe8
[2022-03-13 15:07:27] [0001.808] I> tegrabl_gpio_driver_register: register 'tca9539_gpio_driver' driver
[2022-03-13 15:07:27] [0001.818] I> fixed regulator driver initialized
[2022-03-13 15:07:27] [0001.852] I> register 'maxim' power off handle
[2022-03-13 15:07:27] [0001.858] I> virtual i2c enabled
[2022-03-13 15:07:27] [0001.861] I> registered 'maxim,max77620' pmic
[2022-03-13 15:07:27] [0001.865] I> tegrabl_gpio_driver_register: register 'max77620-gpio' driver
[2022-03-13 15:07:27] [0001.879] E> failed to read label property for node 324936: 13
[2022-03-13 15:07:27] [0001.888] E> failed to read reg property for node 325032: 13
[2022-03-13 15:07:27] [0001.896] E> failed to read reg property for node 325084: 13
[2022-03-13 15:07:27] [0001.904] E> failed to read label property for node 325168: 13
[2022-03-13 15:07:27] [0001.913] E> failed to read label property for node 325236: 13
[2022-03-13 15:07:27] [0001.921] E> failed to read reg property for node 325304: 13
[2022-03-13 15:07:27] [0001.929] E> failed to read reg property for node 325376: 13
[2022-03-13 15:07:28] [0001.940] I> Find /i2c@c250000's alias i2c7
[2022-03-13 15:07:28] [0001.944] I> Reading eeprom i2c=7 address=0x50
[2022-03-13 15:07:28] [0001.973] I> Device at /i2c@c250000:0x50
[2022-03-13 15:07:28] [0001.977] I> Reading eeprom i2c=7 address=0x57
[2022-03-13 15:07:28] [0002.005] I> Device at /i2c@c250000:0x57
[2022-03-13 15:07:28] [0002.010] I> Find /i2c@c240000's alias i2c1
[2022-03-13 15:07:28] [0002.014] I> Reading eeprom i2c=1 address=0x51
[2022-03-13 15:07:28] [0002.019] E> I2C: slave not found in slaves.
[2022-03-13 15:07:28] [0002.023] E> I2C: Could not write 0 bytes to slave: 0x00a2 with repeat start true.
[2022-03-13 15:07:28] [0002.031] E> I2C_DEV: Failed to send register address 0x00000000.
[2022-03-13 15:07:28] [0002.037] E> I2C_DEV: Could not read 256 registers of size 1 from slave 0xa2 at 0x00000000 via instance 1.
[2022-03-13 15:07:28] [0002.046] E> eeprom: Retry to read I2C slave device.
[2022-03-13 15:07:28] [0002.051] E> I2C: slave not found in slaves.
[2022-03-13 15:07:28] [0002.055] E> I2C: Could not write 0 bytes to slave: 0x00a2 with repeat start true.
[2022-03-13 15:07:28] [0002.063] E> I2C_DEV: Failed to send register address 0x00000000.
[2022-03-13 15:07:28] [0002.069] E> I2C_DEV: Could not read 256 registers of size 1 from slave 0xa2 at 0x00000000 via instance 1.
[2022-03-13 15:07:28] [0002.078] E> eeprom: Failed to read I2C slave device
[2022-03-13 15:07:28] [0002.083] I> Eeprom read failed 0x3526070d
[2022-03-13 15:07:28] [0002.088] I> Find /i2c@3160000's alias i2c0
[2022-03-13 15:07:28] [0002.092] I> Reading eeprom i2c=0 address=0x50
[2022-03-13 15:07:28] [0002.096] E> I2C: slave not found in slaves.
[2022-03-13 15:07:28] [0002.100] E> I2C: Could not write 0 bytes to slave: 0x00a0 with repeat start true.
[2022-03-13 15:07:28] [0002.108] E> I2C_DEV: Failed to send register address 0x00000000.
[2022-03-13 15:07:28] [0002.114] E> I2C_DEV: Could not read 256 registers of size 1 from slave 0xa0 at 0x00000000 via instance 0.
[2022-03-13 15:07:28] [0002.123] E> eeprom: Failed to read I2C slave device
[2022-03-13 15:07:28] [0002.128] I> Eeprom read failed 0x3526070d
[2022-03-13 15:07:28] [0002.133] I> Find /i2c@3180000's alias i2c2
[2022-03-13 15:07:28] [0002.137] I> Reading eeprom i2c=2 address=0x54
[2022-03-13 15:07:28] [0002.141] I> Enabling gpio chip_id = 2, gpio pin = 9
[2022-03-13 15:07:28] [0002.172] I> Disabling gpio chip_id = 2, gpio pin = 9
[2022-03-13 15:07:28] [0002.177] I> Device at /i2c@3180000:0x54
[2022-03-13 15:07:28] [0002.180] I> Reading eeprom i2c=2 address=0x57
[2022-03-13 15:07:28] [0002.185] I> Enabling gpio chip_id = 2, gpio pin = 9
[2022-03-13 15:07:28] [0002.190] E> I2C: slave not found in slaves.
[2022-03-13 15:07:28] [0002.194] E> I2C: Could not write 0 bytes to slave: 0x00ae with repeat start true.
[2022-03-13 15:07:28] [0002.202] E> I2C_DEV: Failed to send register address 0x00000000.
[2022-03-13 15:07:28] [0002.208] E> I2C_DEV: Could not read 256 registers of size 1 from slave 0xae at 0x00000000 via instance 2.
[2022-03-13 15:07:28] [0002.218] E> eeprom: Failed to read I2C slave device
[2022-03-13 15:07:28] [0002.222] I> Disabling gpio chip_id = 2, gpio pin = 9
[2022-03-13 15:07:28] [0002.227] I> Eeprom read failed 0x00000000
[2022-03-13 15:07:28] [0002.231] I> create_pm_ids: id: 3310-1000-D00-L, len: 15
[2022-03-13 15:07:28] [0002.237] I> config: mem-type:00,power-config:00,misc-config:00,modem-config:00,touch-config:00,display-config:00,, len: 93
[2022-03-13 15:07:28] [0002.247] I> create_pm_ids: id: 2597-0000-900-E, len: 15
[2022-03-13 15:07:28] [0002.253] I> config: mem-type:00,power-config:00,misc-config:00,modem-config:00,touch-config:00,display-config:00,, len: 93
[2022-03-13 15:07:28] [0002.264] I> create_pm_ids: id: 3326-1000-000-M, len: 15
[2022-03-13 15:07:28] [0002.269] I> config: mem-type:ff,power-config:ff,misc-config:ff,modem-config:ff,touch-config:ff,display-config:ff,, len: 93
[2022-03-13 15:07:28] [0002.304] I> enabling 'vdd-hdmi' regulator
[2022-03-13 15:07:28] [0002.319] I> regulator 'vdd-hdmi' already enabled
[2022-03-13 15:07:28] [0002.324] E> tegrabl_display_init_regulator: hdmi cable is not connected
[2022-03-13 15:07:28] [0002.330] E> tegrabl_display_get_pdata, failed to parse dtb settings
[2022-03-13 15:07:28] [0002.339] E> cannot find any other nvdisp nodes
[2022-03-13 15:07:28] [0002.344] E> no valid display unit config found in dtb
[2022-03-13 15:07:28] [0002.349] W> display init failed
[2022-03-13 15:07:28] [0002.352] initializing target
[2022-03-13 15:07:28] [0002.356] calling apps_init()
[2022-03-13 15:07:28] [0002.359] starting app kernel_boot_app
[2022-03-13 15:07:28] [0002.381] I> found decompressor handler: lz4-legacy
[2022-03-13 15:07:28] [0002.385] I> decompressing BMP blob ...
[2022-03-13 15:07:28] [0002.398] I> Kernel type = Normal
[2022-03-13 15:07:28] [0002.401] I> ########## Fixed storage boot ##########
[2022-03-13 15:07:28] [0002.406] I> Loading kernel-bootctrl from partition
[2022-03-13 15:07:28] [0002.410] I> Loading partition kernel-bootctrl at 0xa8000000 from device(0x1)
[2022-03-13 15:07:28] [0002.425] W> tegrabl_get_kernel_bootctrl: magic number(0x00000000) is invalid
[2022-03-13 15:07:28] [0002.432] W> tegrabl_get_kernel_bootctrl: use default dummy boot control data
[2022-03-13 15:07:28] [0002.438] W> No valid slot number is found in scratch register
[2022-03-13 15:07:28] [0002.444] W> Return default slot: _a
[2022-03-13 15:07:28] [0002.448] I> A/B: bin_type (24) slot 0
[2022-03-13 15:07:28] [0002.463] I> Boot image size read from image header: 9913d
[2022-03-13 15:07:28] [0002.468] I> Boot image load address: 0x80400000
[2022-03-13 15:07:28] [0002.473] I> Loading kernel from partition
[2022-03-13 15:07:28] [0002.477] I> Loading partition kernel at 0x80400000 from device(0x1)
[2022-03-13 15:07:29] [0003.419] I> Validate kernel ...
[2022-03-13 15:07:29] [0003.422] I> T18x: Authenticate kernel (bin_type 24), max size 0x4000000
[2022-03-13 15:07:29] [0003.430] I> Decrypt the buffer ... [0003.434] W> tegrabl_decrypt_block: fuse (0x0) is not burnt to do encryption (0x4); skip decryption.
[2022-03-13 15:07:29] [0003.443] I> done
[2022-03-13 15:07:29] [0003.444] I> Checking boot.img header magic ... [0003.449] I> [OK]
[2022-03-13 15:07:29] [0003.450] I> kernel-dtb is already loaded
[2022-03-13 15:07:29] [0003.454] I> Validate kernel-dtb ...
[2022-03-13 15:07:29] [0003.457] I> T18x: Authenticate kernel-dtb (bin_type 21), max size 0x100000
[2022-03-13 15:07:29] [0003.465] I> Decrypt the buffer ... [0003.468] W> tegrabl_decrypt_block: fuse (0x0) is not burnt to do encryption (0x4); skip decryption.
[2022-03-13 15:07:29] [0003.477] I> done
[2022-03-13 15:07:29] [0003.479] I> Kernel hdr @0x80400000
[2022-03-13 15:07:29] [0003.482] I> Kernel dtb @0x80000000
[2022-03-13 15:07:29] [0003.486] I> decompressor handler not found
[2022-03-13 15:07:29] [0003.490] I> Copying kernel image (627005 bytes) from 0x80400800 to 0x80600000 ... [0003.497] I> Done
[2022-03-13 15:07:29] [0003.499] I> Move ramdisk (len: 0) from 0x8049a000 to 0x947d0000
[2022-03-13 15:07:29] [0003.506] I> Updated bpmp info to DTB
[2022-03-13 15:07:29] [0003.512] I> Ramdisk: Base: 0x947d0000; Size: 0x0
[2022-03-13 15:07:29] [0003.517] I> Updated initrd info to DTB
[2022-03-13 15:07:29] [0003.521] W> WARN: Fail to override "console=none" in commandline
[2022-03-13 15:07:29] [0003.527] I> Active rootfs suffix: 
[2022-03-13 15:07:29] [0003.530] E> tegrabl_linuxboot_add_disp_param, du 0 failed to get display params
[2022-03-13 15:07:29] [0003.537] E> tegrabl_linuxboot_add_disp_param, du 0 failed to get display params
[2022-03-13 15:07:29] [0003.544] E> tegrabl_linuxboot_add_disp_param, du 0 failed to get display params
[2022-03-13 15:07:29] [0003.551] I> disabled_core_mask: 0xffffff0c
[2022-03-13 15:07:29] [0003.555] W> No valid slot number is found in scratch register
[2022-03-13 15:07:29] [0003.561] W> Return default slot: _a
[2022-03-13 15:07:29] [0003.565] I> Active slot suffix: 
[2022-03-13 15:07:29] [0003.568] I> add_boot_slot_suffix: slot_suffix = 
[2022-03-13 15:07:29] [0003.572] I> Linux Cmdline: console=ttyS0,115200 androidboot.presilicon=true firmware_class.path=/etc/firmware root=/dev/mmcblk0p1 rw rootwait rootfstype=ext4 console=ttyS0,115200n8 console=tty0 fbcon=map:0 net.ifnames=0 isolcpus=1-2  video=tegrafb earlycon=uart8250,mmio32,0x3100000 nvdumper_reserved=0x2772e0000 gpt rootfs.slot_suffix= usbcore.old_scheme_first=1 tegraid=18.1.2.0.0 maxcpus=6 no_console_suspend boot.slot_suffix= boot.ratchetvalues=0.2031647.1 vpr_resize bl_prof_dataptr=0x10000@0x275840000 sdhci_tegra.en_boot_part_access=1 
[2022-03-13 15:07:29] [0003.620] I> Updated bootarg info to DTB
[2022-03-13 15:07:29] [0003.623] I> eeprom_get_mac_addr: MAC (type: 0): 48:b0:2d:0f:11:c5
[2022-03-13 15:07:29] [0003.630] I> eeprom_get_mac_addr: MAC (type: 1): 48:b0:2d:0f:11:c6
[2022-03-13 15:07:29] [0003.636] I> eeprom_get_mac_addr: MAC (type: 2): 48:b0:2d:0f:11:c7
[2022-03-13 15:07:29] [0003.642] E> Found no plugin manager ids in source DT
[2022-03-13 15:07:29] [0003.647] W> Add plugin manager ids from board info
[2022-03-13 15:07:29] [0003.652] W> "plugin-manager" doesn't exist, creating
[2022-03-13 15:07:29] [0003.657] W> "ids" doesn't exist, creating
[2022-03-13 15:07:29] [0003.661] W> "connection" doesn't exist, creating
[2022-03-13 15:07:29] [0003.665] W> "configs" doesn't exist, creating
[2022-03-13 15:07:29] [0003.670] I> create_pm_ids: id: 3310-1000-D00-L, len: 15
[2022-03-13 15:07:29] [0003.675] I> config: mem-type:00,power-config:00,misc-config:00,modem-config:00,touch-config:00,display-config:00,, len: 93
[2022-03-13 15:07:29] [0003.686] I> create_pm_ids: id: 2597-0000-900-E, len: 15
[2022-03-13 15:07:29] [0003.691] I> config: mem-type:00,power-config:00,misc-config:00,modem-config:00,touch-config:00,display-config:00,, len: 93
[2022-03-13 15:07:29] [0003.702] I> create_pm_ids: id: 3326-1000-000-M, len: 15
[2022-03-13 15:07:29] [0003.707] I> config: mem-type:ff,power-config:ff,misc-config:ff,modem-config:ff,touch-config:ff,display-config:ff,, len: 93
[2022-03-13 15:07:29] [0003.718] I> Adding plugin-manager/ids/3310-1000-D00=/i2c@c250000:module@0x50
[2022-03-13 15:07:29] [0003.725] W> "i2c@c250000" doesn't exist, creating
[2022-03-13 15:07:29] [0003.730] W> "module@0x50" doesn't exist, creating
[2022-03-13 15:07:29] [0003.735] I> Adding plugin-manager/ids/2597-0000-900=/i2c@c250000:module@0x57
[2022-03-13 15:07:29] [0003.742] W> "module@0x57" doesn't exist, creating
[2022-03-13 15:07:29] [0003.747] I> Adding plugin-manager/ids/3326-1000-000=/i2c@3180000:module@0x54
[2022-03-13 15:07:29] [0003.754] W> "i2c@3180000" doesn't exist, creating
[2022-03-13 15:07:29] [0003.759] W> "module@0x54" doesn't exist, creating
[2022-03-13 15:07:29] [0003.766] I> Adding plugin-manager/ids/3310-1000-D00-L
[2022-03-13 15:07:29] [0003.773] I> Adding plugin-manager/configs/3310-mem-type 00
[2022-03-13 15:07:29] [0003.778] I> Adding plugin-manager/configs/3310-power-config 00
[2022-03-13 15:07:29] [0003.784] I> Adding plugin-manager/configs/3310-misc-config 00
[2022-03-13 15:07:29] [0003.790] I> Adding plugin-manager/configs/3310-modem-config 00
[2022-03-13 15:07:29] [0003.796] I> Adding plugin-manager/configs/3310-touch-config 00
[2022-03-13 15:07:29] [0003.802] I> Adding plugin-manager/configs/3310-display-config 00
[2022-03-13 15:07:29] [0003.808] I> Adding plugin-manager/cvm
[2022-03-13 15:07:29] [0003.812] W> "chip-id" doesn't exist, creating
[2022-03-13 15:07:29] [0003.816] I> Adding plugin-manager/chip-id/A02P
[2022-03-13 15:07:29] [0003.821] W> "odm-data" doesn't exist, creating
[2022-03-13 15:07:29] [0003.826] I> Adding /chosen/plugin-manager/odm-data
[2022-03-13 15:07:29] [0003.835] I> added [base:0x80000000, size:0x70000000] to /memory
[2022-03-13 15:07:29] [0003.841] I> added [base:0xf0200000, size:0x185600000] to /memory
[2022-03-13 15:07:29] [0003.847] I> added [base:0x275e00000, size:0x200000] to /memory
[2022-03-13 15:07:29] [0003.853] I> added [base:0x276600000, size:0x200000] to /memory
[2022-03-13 15:07:29] [0003.859] I> added [base:0x277000000, size:0x200000] to /memory
[2022-03-13 15:07:29] [0003.864] I> Updated memory info to DTB
[2022-03-13 15:07:29] [0003.869] E> add_disp_param: failed to get display params for du=0
[2022-03-13 15:07:29] [0003.877] W> "reset" doesn't exist, creating
[2022-03-13 15:07:29] [0003.881] W> "pmc-reset-reason" doesn't exist, creating
[2022-03-13 15:07:29] [0003.887] W> "pmic-reset-reason" doesn't exist, creating
[2022-03-13 15:07:29] [0003.893] I> Adding ecid(00000001646db7851000000013038200) to DT
[2022-03-13 15:07:29] [0003.899] I> disabled_core_mask: 0xffffff0c
[2022-03-13 15:07:29] [0003.912] I> Add serial number:1422420022173 as DT property
[2022-03-13 15:07:29] [0003.921] I> Plugin-manager override starting
[2022-03-13 15:07:29] [0003.926] I> node /plugin-manager/fragement@0 matches
[2022-03-13 15:07:29] [0003.936] I> node /plugin-manager/fragement@4 matches
[2022-03-13 15:07:30] [0003.949] I> node /plugin-manager/fragment-sdwake-p3310-1000-300 matches
[2022-03-13 15:07:30] [0003.969] I> node /plugin-manager/fragement-pmon-p3310-1000-300 matches
[2022-03-13 15:07:30] [0003.979] I> node /plugin-manager/fragement-pmon-p3310-1000-800 matches
[2022-03-13 15:07:30] [0003.988] I> node /plugin-manager/fragment-devslp@0 matches
[2022-03-13 15:07:30] [0004.000] I> node /plugin-manager/fragment-500-pcie-config matches
[2022-03-13 15:07:30] [0004.015] I> node /plugin-manager/fragment-500-xusb-config matches
[2022-03-13 15:07:30] [0004.038] I> node /plugin-manager/fragment-p3310-c00-comm matches
[2022-03-13 15:07:30] [0004.052] I> node /plugin-manager/fragment-p3310-c00-pmic matches
[2022-03-13 15:07:30] [0004.062] I> node /plugin-manager/fragment-p3310-c01 matches
[2022-03-13 15:07:30] [0004.075] I> node /plugin-manager/fragment-p3310-c03 matches
[2022-03-13 15:07:30] [0004.118] I> node /plugin-manager/fragment-e3326@0 matches
[2022-03-13 15:07:30] [0004.200] I> node /plugin-manager/fragment-p3310-c00-camera matches
[2022-03-13 15:07:30] [0004.228] I> Disable plugin-manager status in FDT
[2022-03-13 15:07:30] [0004.232] I> Plugin-manager override finished successfully
[2022-03-13 15:07:30] [0004.237] I> tegrabl_load_kernel_and_dtb: Done
[2022-03-13 15:07:30] [0004.242] E> tegrabl_display_clear: display is not initialized
[2022-03-13 15:07:30] [0004.247] W> Boot logo display failed...
[2022-03-13 15:07:30] [0004.251] I> Kernel EP: 0x80600000, DTB: 0x80000000
[2022-03-13 15:07:30] 
[2022-03-13 15:07:30] 
[2022-03-13 15:07:30] U-Boot 2020.04-g46e4604c78 (Jul 26 2021 - 12:10:58 -0700)
[2022-03-13 15:07:30] 
[2022-03-13 15:07:30] SoC: tegra186
[2022-03-13 15:07:30] Model: NVIDIA P2771-0000-500
[2022-03-13 15:07:30] Board: NVIDIA P2771-0000
[2022-03-13 15:07:30] DRAM:  7.8 GiB
[2022-03-13 15:07:30] MMC:   sdhci@3400000: 1, sdhci@3460000: 0
[2022-03-13 15:07:30] Loading Environment from MMC... *** Warning - bad CRC, using default environment
[2022-03-13 15:07:30] 
[2022-03-13 15:07:30] In:    serial
[2022-03-13 15:07:30] Out:   serial
[2022-03-13 15:07:30] Err:   serial
[2022-03-13 15:07:30] Net:   
[2022-03-13 15:07:30] Warning: ethernet@2490000 using MAC address from ROM
[2022-03-13 15:07:30] eth0: ethernet@2490000
[2022-03-13 15:07:30] Hit any key to stop autoboot:  2  1  0 
[2022-03-13 15:07:32] MMC: no card present
[2022-03-13 15:07:32] switch to partitions #0, OK
[2022-03-13 15:07:32] mmc0(part 0) is current device
[2022-03-13 15:07:32] Scanning mmc 0:1...
[2022-03-13 15:07:33] Found /boot/extlinux/extlinux.conf
[2022-03-13 15:07:33] Retrieving file: /boot/extlinux/extlinux.conf
[2022-03-13 15:07:33] 858 bytes read in 22 ms (38.1 KiB/s)
[2022-03-13 15:07:33] 1:	primary kernel
[2022-03-13 15:07:33] Retrieving file: /boot/initrd
[2022-03-13 15:07:33] 7238344 bytes read in 201 ms (34.3 MiB/s)
[2022-03-13 15:07:33] Retrieving file: /boot/Image
[2022-03-13 15:07:34] 34484232 bytes read in 829 ms (39.7 MiB/s)
[2022-03-13 15:07:34] append: console=ttyS0,115200 androidboot.presilicon=true firmware_class.path=/etc/firmware root=/dev/mmcblk0p1 rw rootwait rootfstype=ext4 console=ttyS0,115200n8 console=tty0 fbcon=map:0 net.ifnames=0 isolcpus=1-2  video=tegrafb earlycon=uart8250,mmio32,0x3100000 nvdumper_reserved=0x2772e0000 gpt rootfs.slot_suffix= usbcore.old_scheme_first=1 tegraid=18.1.2.0.0 maxcpus=6 no_console_suspend boot.slot_suffix= boot.ratchetvalues=0.2031647.1 vpr_resize bl_prof_dataptr=0x10000@0x275840000 sdhci_tegra.en_boot_part_access=1 quiet root=/dev/mmcblk0p1 rw rootwait rootfstype=ext4 console=ttyS0,115200n8 console=tty0 fbcon=map:0 net.ifnames=0 isolcpus=1-2 
[2022-03-13 15:07:34] ## Flattened Device Tree blob at 80000000
[2022-03-13 15:07:34]    Booting using the fdt blob at 0x80000000
[2022-03-13 15:07:34] ERROR: reserving fdt memory region failed (addr=0 size=0)
[2022-03-13 15:07:34] ERROR: reserving fdt memory region failed (addr=0 size=0)
[2022-03-13 15:07:34] ERROR: reserving fdt memory region failed (addr=0 size=0)
[2022-03-13 15:07:34]    Using Device Tree in place at 0000000080000000, end 0000000080060aa3
[2022-03-13 15:07:34] copying carveout for /host1x@13e00000/display-hub@15200000/display@15200000...
[2022-03-13 15:07:34] copying carveout for /host1x@13e00000/display-hub@15200000/display@15210000...
[2022-03-13 15:07:34] copying carveout for /host1x@13e00000/display-hub@15200000/display@15220000...
[2022-03-13 15:07:34] 
[2022-03-13 15:07:34] Starting kernel ...
[2022-03-13 15:07:34] 
[2022-03-13 15:07:34] [    0.000000] Booting Linux on physical CPU 0x100
[2022-03-13 15:07:34] [    0.000000] Linux version 4.9.253-tegra (buildbrain@mobile-u64-5497-d3000) (gcc version 7.3.1 20180425 [linaro-7.3-2018.05 revision d29120a424ecfbc167ef90065c0eeb7f91977701] (Linaro GCC 7.3-2018.05) ) #1 SMP PREEMPT Mon Jul 26 12:19:28 PDT 2021
[2022-03-13 15:07:34] [    0.000000] Boot CPU: AArch64 Processor [411fd073]
[2022-03-13 15:07:34] [    0.000000] OF: fdt:memory scan node memory@80000000, reg size 80,
[2022-03-13 15:07:34] [    0.000000] OF: fdt: - 80000000 ,  70000000
[2022-03-13 15:07:34] [    0.000000] OF: fdt: - f0200000 ,  185600000
[2022-03-13 15:07:34] [    0.000000] OF: fdt: - 275e00000 ,  200000
[2022-03-13 15:07:34] [    0.000000] OF: fdt: - 276600000 ,  200000
[2022-03-13 15:07:34] [    0.000000] OF: fdt: - 277000000 ,  200000
[2022-03-13 15:07:34] [    0.000000] earlycon: uart8250 at MMIO32 0x0000000003100000 (options '')
[2022-03-13 15:07:34] [    0.000000] bootconsole [uart8250] enabled
[2022-03-13 15:08:06] [0000.170] I> Welcome to MB2(TBoot-BPMP)(version: 01.00.160913-t186-M-00.00-mobile-c368a720)
[2022-03-13 15:08:06] [0000.178] I> Boot-device: eMMC
[2022-03-13 15:08:06] [0000.186] I> sdmmc bdev is already initialized
[2022-03-13 15:08:06] [0000.190] I> pmic: reset reason (nverc)	: 0x0
[2022-03-13 15:08:06] [0000.223] I> Found 19 partitions in SDMMC_BOOT (instance 3)
[2022-03-13 15:08:06] [0000.243] I> Found 33 partitions in SDMMC_USER (instance 3)
[2022-03-13 15:08:06] [0000.249] W> No valid slot number is found in scratch register
[2022-03-13 15:08:06] [0000.255] W> Return default slot: _a
[2022-03-13 15:08:06] [0000.258] I> A/B: bin_type (16) slot 0
[2022-03-13 15:08:06] [0000.262] I> Loading partition bpmp-fw at 0xd7800000
[2022-03-13 15:08:06] [0000.267] I> Reading two headers - addr:0xd7800000 blocks:1
[2022-03-13 15:08:06] [0000.272] I> Addr: 0xd7800000, start-block: 58777608, num_blocks: 1
[2022-03-13 15:08:06] [0000.297] I> Binary(16) of size 534416 is loaded @ 0xd7800000
[2022-03-13 15:08:06] [0000.302] W> No valid slot number is found in scratch register
[2022-03-13 15:08:06] [0000.308] W> Return default slot: _a
[2022-03-13 15:08:06] [0000.312] I> A/B: bin_type (17) slot 0
[2022-03-13 15:08:06] [0000.315] I> Loading partition bpmp-fw-dtb at 0xd79f0000
[2022-03-13 15:08:06] [0000.320] I> Reading two headers - addr:0xd79f0000 blocks:1
[2022-03-13 15:08:06] [0000.326] I> Addr: 0xd79f0000, start-block: 58780024, num_blocks: 1
[2022-03-13 15:08:06] [0000.352] I> Binary(17) of size 604720 is loaded @ 0xd796c400
[2022-03-13 15:08:06] [0000.582] I> Loading SCE-FW ...
[2022-03-13 15:08:06] [0000.585] W> No valid slot number is found in scratch register
[2022-03-13 15:08:06] [0000.590] W> Return default slot: _a
[2022-03-13 15:08:06] [0000.594] I> A/B: bin_type (12) slot 0
[2022-03-13 15:08:06] [0000.597] I> Loading partition sce-fw at 0xd7300000
[2022-03-13 15:08:06] [0000.602] I> Reading two headers - addr:0xd7300000 blocks:1
[2022-03-13 15:08:06] [0000.607] I> Addr: 0xd7300000, start-block: 58784120, num_blocks: 1
[2022-03-13 15:08:06] [0000.627] I> Binary(12) of size 125632 is loaded @ 0xd7300000
[2022-03-13 15:08:06] [0000.632] I> Init SCE
[2022-03-13 15:08:06] [0000.635] I> Loading APE-FW ...
[2022-03-13 15:08:06] [0000.638] W> No valid slot number is found in scratch register
[2022-03-13 15:08:06] [0000.643] W> Return default slot: _a
[2022-03-13 15:08:06] [0000.647] I> A/B: bin_type (11) slot 0
[2022-03-13 15:08:06] [0000.650] I> Loading partition adsp-fw at 0xd7400000
[2022-03-13 15:08:06] [0000.655] I> Reading two headers - addr:0xd7400000 blocks:1
[2022-03-13 15:08:06] [0000.661] I> Addr: 0xd7400000, start-block: 58761224, num_blocks: 1
[2022-03-13 15:08:06] [0000.680] I> Binary(11) of size 77216 is loaded @ 0xd7400000
[2022-03-13 15:08:06] [0000.686] I> Copy BTCM section
[2022-03-13 15:08:06] [0000.688] W> No valid slot number is found in scratch register
[2022-03-13 15:08:06] [0000.694] W> Return default slot: _a
[2022-03-13 15:08:06] [0000.698] I> A/B: bin_type (13) slot 0
[2022-03-13 15:08:06] [0000.701] I> Loading partition cpu-bootloader at 0x96000000
[2022-03-13 15:08:06] [0000.707] I> Reading two headers - addr:0x96000000 blocks:1
[2022-03-13 15:08:06] [0000.712] I> Addr: 0x96000000, start-block: 58740744, num_blocks: 1
[2022-03-13 15:08:06] [0000.733] I> Binary(13) of size 308800 is loaded @ 0x96000000
[2022-03-13 15:08:06] [0000.739] W> No valid slot number is found in scratch register
[2022-03-13 15:08:06] [0000.745] W> Return default slot: _a
[2022-03-13 15:08:06] [0000.748] I> A/B: bin_type (20) slot 0
[2022-03-13 15:08:06] [0000.752] I> Loading partition bootloader-dtb at 0x85205400
[2022-03-13 15:08:06] [0000.757] I> Reading two headers - addr:0x85205400 blocks:1
[2022-03-13 15:08:06] [0000.763] I> Addr: 0x85205400, start-block: 58742792, num_blocks: 1
[2022-03-13 15:08:06] [0000.784] I> Binary(20) of size 375568 is loaded @ 0x85205400
[2022-03-13 15:08:06] [0000.790] W> No valid slot number is found in scratch register
[2022-03-13 15:08:06] [0000.796] W> Return default slot: _a
[2022-03-13 15:08:06] [0000.799] I> A/B: bin_type (14) slot 0
[2022-03-13 15:08:06] [0000.803] I> Loading partition secure-os at 0x85305600
[2022-03-13 15:08:06] [0000.808] I> Reading two headers - addr:0x85305600 blocks:1
[2022-03-13 15:08:06] [0000.813] I> Addr: 0x85305600, start-block: 58744840, num_blocks: 1
[2022-03-13 15:08:06] [0000.836] I> Binary(14) of size 402864 is loaded @ 0x85305600
[2022-03-13 15:08:06] [0000.843] I> TOS boot-params @ 0x85000000
[2022-03-13 15:08:06] [0000.847] I> TOS params prepared
[2022-03-13 15:08:06] [0000.850] I> Loading EKS ...
[2022-03-13 15:08:06] [0000.853] I> A/B: bin_type (15) slot 0
[2022-03-13 15:08:06] [0000.856] I> Loading partition eks at 0x85905800
[2022-03-13 15:08:06] [0000.861] I> Reading two headers - addr:0x85905800 blocks:1
[2022-03-13 15:08:06] [0000.866] I> Addr: 0x85905800, start-block: 58757128, num_blocks: 1
[2022-03-13 15:08:06] [0000.885] I> Binary(15) of size 1040 is loaded @ 0x85905800
[2022-03-13 15:08:06] [0000.891] I> EKB detected (length: 0x400) @ 0x85905800
[2022-03-13 15:08:06] [0000.896] I> Copied encrypted keys
[2022-03-13 15:08:06] [0000.899] I> boot profiler @ 0x275844000
[2022-03-13 15:08:06] [0000.903] I> boot profiler for TOS @ 0x275844000
[2022-03-13 15:08:06] [0000.908] I> Unhalting SCE
[2022-03-13 15:08:06] [0000.911] I> Primary Memory Start:80000000 Size:70000000
[2022-03-13 15:08:06] [0000.916] I> Extended Memory Start:f0110000 Size:1856f0000
[2022-03-13 15:08:07] [0000.923] I> MB2(TBoot-BPMP) done
[2022-03-13 15:08:07] 
[2022-03-13 15:08:07] NOTICE:  BL31: v1.3(release):b5eeb33f7
[2022-03-13 15:08:07] NOTICE:  BL31: Built : 12:15:17, Jul 26 2021
[2022-03-13 15:08:07] ipc-unittest-main: 1519: Welcome to IPC unittest!!!
[2022-03-13 15:08:07] ipc-unittest-main: 1531: waiting forever
[2022-03-13 15:08:07] ipc-unittest-srv: 329: Init unittest services!!!
[2022-03-13 15:08:07] hwkey-agent: 41: hwkey-agent is running!!
[2022-03-13 15:08:07] hwkey-agent: 315: key_mgnt_processing .......
[2022-03-13 15:08:07] hwkey-agent: 223: Setting EKB key 0 to slot 14
[2022-03-13 15:08:07] hwkey-agent: 178: Init hweky-agent services!!
[2022-03-13 15:08:07] luks-srv: 40: luks-srv is running!!
[2022-03-13 15:08:07] luks-srv: 157: Init luks-srv IPC services!!
[2022-03-13 15:08:07] platform_bootstrap_epilog: trusty bootstrap complete
[2022-03-13 15:08:07] [0001.295] I> Welcome to Cboot
[2022-03-13 15:08:07] [0001.298] I> Cboot Version: t186-00029e71
[2022-03-13 15:08:07] [0001.302] I> CPU-BL Params @ 0x275800000
[2022-03-13 15:08:07] [0001.305] I>  0) Base:0x00000000 Size:0x00000000
[2022-03-13 15:08:07] [0001.310] I>  1) Base:0x277f00000 Size:0x00100000
[2022-03-13 15:08:07] [0001.314] I>  2) Base:0x277e00000 Size:0x00100000
[2022-03-13 15:08:07] [0001.319] I>  3) Base:0x277d00000 Size:0x00100000
[2022-03-13 15:08:07] [0001.323] I>  4) Base:0x277c00000 Size:0x00100000
[2022-03-13 15:08:07] [0001.328] I>  5) Base:0x277b00000 Size:0x00100000
[2022-03-13 15:08:07] [0001.332] I>  6) Base:0x277800000 Size:0x00200000
[2022-03-13 15:08:07] [0001.337] I>  7) Base:0x277400000 Size:0x00400000
[2022-03-13 15:08:07] [0001.341] I>  8) Base:0x277a00000 Size:0x00100000
[2022-03-13 15:08:07] [0001.346] I>  9) Base:0x277300000 Size:0x00100000
[2022-03-13 15:08:07] [0001.350] I> 10) Base:0x276800000 Size:0x00800000
[2022-03-13 15:08:07] [0001.355] I> 11) Base:0x30000000 Size:0x00040000
[2022-03-13 15:08:07] [0001.359] I> 12) Base:0xf0000000 Size:0x00100000
[2022-03-13 15:08:07] [0001.364] I> 13) Base:0x30040000 Size:0x00001000
[2022-03-13 15:08:07] [0001.368] I> 14) Base:0x30048000 Size:0x00001000
[2022-03-13 15:08:07] [0001.373] I> 15) Base:0x30049000 Size:0x00001000
[2022-03-13 15:08:07] [0001.377] I> 16) Base:0x3004a000 Size:0x00001000
[2022-03-13 15:08:07] [0001.382] I> 17) Base:0x3004b000 Size:0x00001000
[2022-03-13 15:08:07] [0001.386] I> 18) Base:0x3004c000 Size:0x00001000
[2022-03-13 15:08:07] [0001.390] I> 19) Base:0x3004d000 Size:0x00001000
[2022-03-13 15:08:07] [0001.395] I> 20) Base:0x3004e000 Size:0x00001000
[2022-03-13 15:08:07] [0001.399] I> 21) Base:0x3004f000 Size:0x00001000
[2022-03-13 15:08:07] [0001.404] I> 22) Base:0x00000000 Size:0x00000000
[2022-03-13 15:08:07] [0001.408] I> 23) Base:0xf0100000 Size:0x00010000
[2022-03-13 15:08:07] [0001.413] I> 24) Base:0x00000000 Size:0x00000000
[2022-03-13 15:08:07] [0001.417] I> 25) Base:0x00000000 Size:0x00000000
[2022-03-13 15:08:07] [0001.421] I> 26) Base:0x00000000 Size:0x00000000
[2022-03-13 15:08:07] [0001.426] I> 27) Base:0x00000000 Size:0x00000000
[2022-03-13 15:08:07] [0001.430] I> 28) Base:0x84400000 Size:0x00400000
[2022-03-13 15:08:07] [0001.435] I> 29) Base:0x30000000 Size:0x00010000
[2022-03-13 15:08:07] [0001.439] I> 30) Base:0x278000000 Size:0x08000000
[2022-03-13 15:08:07] [0001.444] I> 31) Base:0x00000000 Size:0x00000000
[2022-03-13 15:08:07] [0001.448] I> 32) Base:0x276000000 Size:0x00600000
[2022-03-13 15:08:07] [0001.453] I> 33) Base:0x80000000 Size:0x70000000
[2022-03-13 15:08:07] [0001.457] I> 34) Base:0xf0110000 Size:0x1856f0000
[2022-03-13 15:08:07] [0001.462] I> 35) Base:0x00000000 Size:0x00000000
[2022-03-13 15:08:07] [0001.466] I> 36) Base:0x00000000 Size:0x00000000
[2022-03-13 15:08:07] [0001.470] I> 37) Base:0x2772e0000 Size:0x00020000
[2022-03-13 15:08:07] [0001.475] I> 38) Base:0x84000000 Size:0x00400000
[2022-03-13 15:08:07] [0001.479] I> 39) Base:0x96000000 Size:0x02000000
[2022-03-13 15:08:07] [0001.484] I> 40) Base:0x85000000 Size:0x01200000
[2022-03-13 15:08:07] [0001.488] I> 41) Base:0x275800000 Size:0x00500000
[2022-03-13 15:08:07] [0001.493] I> 42) Base:0x00000000 Size:0x00000000
[2022-03-13 15:08:07] [0001.497] I> 43) Base:0x00000000 Size:0x00000000
[2022-03-13 15:08:07] [0001.502] GIC-SPI Target CPU: 4
[2022-03-13 15:08:07] [0001.505] Interrupts Init done
[2022-03-13 15:08:07] [0001.508] calling constructors
[2022-03-13 15:08:07] [0001.511] initializing heap
[2022-03-13 15:08:07] [0001.514] initializing threads
[2022-03-13 15:08:07] [0001.517] initializing timers
[2022-03-13 15:08:07] [0001.520] creating bootstrap completion thread
[2022-03-13 15:08:07] [0001.525] top of bootstrap2()
[2022-03-13 15:08:07] [0001.528] CPU: ARM Cortex A57
[2022-03-13 15:08:07] [0001.531] CPU: MIDR: 0x411FD073, MPIDR: 0x80000100
[2022-03-13 15:08:07] [0001.536] initializing platform
[2022-03-13 15:08:07] [0001.540] I> Bl_dtb @0x85205400
[2022-03-13 15:08:07] [0001.543] I> gpio framework initialized
[2022-03-13 15:08:07] [0001.549] I> tegrabl_gpio_driver_register: register 'nvidia,tegra186-gpio' driver
[2022-03-13 15:08:07] [0001.559] I> tegrabl_gpio_driver_register: register 'nvidia,tegra186-gpio-aon' driver
[2022-03-13 15:08:07] [0001.567] I> GPIO framework and drivers are initialized.
[2022-03-13 15:08:07] [0001.572] I> Boot-device: eMMC
[2022-03-13 15:08:07] [0001.579] I> sdmmc bdev is already initialized
[2022-03-13 15:08:07] [0001.610] I> Found 19 partitions in SDMMC_BOOT (instance 3)
[2022-03-13 15:08:07] [0001.628] I> Found 33 partitions in SDMMC_USER (instance 3)
[2022-03-13 15:08:07] [0001.633] W> opt-in fuse is not set, skip fuse_burning
[2022-03-13 15:08:07] [0001.638] I> Reserved memory at 0xfbe00000 for U-Boot relocation
[2022-03-13 15:08:07] [0001.644] W> No valid slot number is found in scratch register
[2022-03-13 15:08:07] [0001.649] W> Return default slot: _a
[2022-03-13 15:08:07] [0001.659] I> A/B: bin_type (21) slot 0
[2022-03-13 15:08:07] [0001.662] I> Loading kernel-dtb from partition
[2022-03-13 15:08:07] [0001.667] I> Loading partition kernel-dtb at 0x80000000 from device(0x1)
[2022-03-13 15:08:07] [0001.684] I> Kernel_dtb @0x80000000
[2022-03-13 15:08:07] [0001.687] I> tegrabl_tca9539_init: i2c bus: 0, slave addr: 0xee
[2022-03-13 15:08:07] [0001.698] I> tegrabl_gpio_driver_register: register 'tca9539_gpio_driver' driver
[2022-03-13 15:08:07] [0001.705] I> tegrabl_tca9539_init: i2c bus: 0, slave addr: 0xe8
[2022-03-13 15:08:07] [0001.714] I> tegrabl_gpio_driver_register: register 'tca9539_gpio_driver' driver
[2022-03-13 15:08:07] [0001.724] I> fixed regulator driver initialized
[2022-03-13 15:08:07] [0001.757] I> register 'maxim' power off handle
[2022-03-13 15:08:07] [0001.764] I> virtual i2c enabled
[2022-03-13 15:08:07] [0001.767] I> registered 'maxim,max77620' pmic
[2022-03-13 15:08:07] [0001.771] I> tegrabl_gpio_driver_register: register 'max77620-gpio' driver
[2022-03-13 15:08:07] [0001.785] E> failed to read label property for node 324936: 13
[2022-03-13 15:08:07] [0001.794] E> failed to read reg property for node 325032: 13
[2022-03-13 15:08:07] [0001.802] E> failed to read reg property for node 325084: 13
[2022-03-13 15:08:07] [0001.810] E> failed to read label property for node 325168: 13
[2022-03-13 15:08:07] [0001.818] E> failed to read label property for node 325236: 13
[2022-03-13 15:08:07] [0001.827] E> failed to read reg property for node 325304: 13
[2022-03-13 15:08:07] [0001.835] E> failed to read reg property for node 325376: 13
[2022-03-13 15:08:07] [0001.845] I> Find /i2c@c250000's alias i2c7
[2022-03-13 15:08:07] [0001.849] I> Reading eeprom i2c=7 address=0x50
[2022-03-13 15:08:07] [0001.879] I> Device at /i2c@c250000:0x50
[2022-03-13 15:08:07] [0001.882] I> Reading eeprom i2c=7 address=0x57
[2022-03-13 15:08:07] [0001.911] I> Device at /i2c@c250000:0x57
[2022-03-13 15:08:07] [0001.915] I> Find /i2c@c240000's alias i2c1
[2022-03-13 15:08:07] [0001.919] I> Reading eeprom i2c=1 address=0x51
[2022-03-13 15:08:08] [0001.925] E> I2C: slave not found in slaves.
[2022-03-13 15:08:08] [0001.929] E> I2C: Could not write 0 bytes to slave: 0x00a2 with repeat start true.
[2022-03-13 15:08:08] [0001.936] E> I2C_DEV: Failed to send register address 0x00000000.
[2022-03-13 15:08:08] [0001.942] E> I2C_DEV: Could not read 256 registers of size 1 from slave 0xa2 at 0x00000000 via instance 1.
[2022-03-13 15:08:08] [0001.952] E> eeprom: Retry to read I2C slave device.
[2022-03-13 15:08:08] [0001.957] E> I2C: slave not found in slaves.
[2022-03-13 15:08:08] [0001.961] E> I2C: Could not write 0 bytes to slave: 0x00a2 with repeat start true.
[2022-03-13 15:08:08] [0001.969] E> I2C_DEV: Failed to send register address 0x00000000.
[2022-03-13 15:08:08] [0001.974] E> I2C_DEV: Could not read 256 registers of size 1 from slave 0xa2 at 0x00000000 via instance 1.
[2022-03-13 15:08:08] [0001.984] E> eeprom: Failed to read I2C slave device
[2022-03-13 15:08:08] [0001.989] I> Eeprom read failed 0x3526070d
[2022-03-13 15:08:08] [0001.993] I> Find /i2c@3160000's alias i2c0
[2022-03-13 15:08:08] [0001.997] I> Reading eeprom i2c=0 address=0x50
[2022-03-13 15:08:08] [0002.002] E> I2C: slave not found in slaves.
[2022-03-13 15:08:08] [0002.006] E> I2C: Could not write 0 bytes to slave: 0x00a0 with repeat start true.
[2022-03-13 15:08:08] [0002.013] E> I2C_DEV: Failed to send register address 0x00000000.
[2022-03-13 15:08:08] [0002.019] E> I2C_DEV: Could not read 256 registers of size 1 from slave 0xa0 at 0x00000000 via instance 0.
[2022-03-13 15:08:08] [0002.029] E> eeprom: Failed to read I2C slave device
[2022-03-13 15:08:08] [0002.034] I> Eeprom read failed 0x3526070d
[2022-03-13 15:08:08] [0002.038] I> Find /i2c@3180000's alias i2c2
[2022-03-13 15:08:08] [0002.042] I> Reading eeprom i2c=2 address=0x54
[2022-03-13 15:08:08] [0002.047] I> Enabling gpio chip_id = 2, gpio pin = 9
[2022-03-13 15:08:08] [0002.077] I> Disabling gpio chip_id = 2, gpio pin = 9
[2022-03-13 15:08:08] [0002.082] I> Device at /i2c@3180000:0x54
[2022-03-13 15:08:08] [0002.086] I> Reading eeprom i2c=2 address=0x57
[2022-03-13 15:08:08] [0002.090] I> Enabling gpio chip_id = 2, gpio pin = 9
[2022-03-13 15:08:08] [0002.096] E> I2C: slave not found in slaves.
[2022-03-13 15:08:08] [0002.100] E> I2C: Could not write 0 bytes to slave: 0x00ae with repeat start true.
[2022-03-13 15:08:08] [0002.108] E> I2C_DEV: Failed to send register address 0x00000000.
[2022-03-13 15:08:08] [0002.114] E> I2C_DEV: Could not read 256 registers of size 1 from slave 0xae at 0x00000000 via instance 2.
[2022-03-13 15:08:08] [0002.123] E> eeprom: Failed to read I2C slave device
[2022-03-13 15:08:08] [0002.128] I> Disabling gpio chip_id = 2, gpio pin = 9
[2022-03-13 15:08:08] [0002.133] I> Eeprom read failed 0x00000000
[2022-03-13 15:08:08] [0002.137] I> create_pm_ids: id: 3310-1000-D00-L, len: 15
[2022-03-13 15:08:08] [0002.142] I> config: mem-type:00,power-config:00,misc-config:00,modem-config:00,touch-config:00,display-config:00,, len: 93
[2022-03-13 15:08:08] [0002.153] I> create_pm_ids: id: 2597-0000-900-E, len: 15
[2022-03-13 15:08:08] [0002.158] I> config: mem-type:00,power-config:00,misc-config:00,modem-config:00,touch-config:00,display-config:00,, len: 93
[2022-03-13 15:08:08] [0002.169] I> create_pm_ids: id: 3326-1000-000-M, len: 15
[2022-03-13 15:08:08] [0002.174] I> config: mem-type:ff,power-config:ff,misc-config:ff,modem-config:ff,touch-config:ff,display-config:ff,, len: 93
[2022-03-13 15:08:08] [0002.209] I> enabling 'vdd-hdmi' regulator
[2022-03-13 15:08:08] [0002.225] I> regulator 'vdd-hdmi' already enabled
[2022-03-13 15:08:08] [0002.229] E> tegrabl_display_init_regulator: hdmi cable is not connected
[2022-03-13 15:08:08] [0002.236] E> tegrabl_display_get_pdata, failed to parse dtb settings
[2022-03-13 15:08:08] [0002.245] E> cannot find any other nvdisp nodes
[2022-03-13 15:08:08] [0002.249] E> no valid display unit config found in dtb
[2022-03-13 15:08:08] [0002.255] W> display init failed
[2022-03-13 15:08:08] [0002.258] initializing target
[2022-03-13 15:08:08] [0002.261] calling apps_init()
[2022-03-13 15:08:08] [0002.264] starting app kernel_boot_app
[2022-03-13 15:08:08] [0002.286] I> found decompressor handler: lz4-legacy
[2022-03-13 15:08:08] [0002.291] I> decompressing BMP blob ...
[2022-03-13 15:08:08] [0002.303] I> Kernel type = Normal
[2022-03-13 15:08:08] [0002.307] I> ########## Fixed storage boot ##########
[2022-03-13 15:08:08] [0002.311] I> Loading kernel-bootctrl from partition
[2022-03-13 15:08:08] [0002.316] I> Loading partition kernel-bootctrl at 0xa8000000 from device(0x1)
[2022-03-13 15:08:08] [0002.330] W> tegrabl_get_kernel_bootctrl: magic number(0x00000000) is invalid
[2022-03-13 15:08:08] [0002.337] W> tegrabl_get_kernel_bootctrl: use default dummy boot control data
[2022-03-13 15:08:08] [0002.344] W> No valid slot number is found in scratch register
[2022-03-13 15:08:08] [0002.350] W> Return default slot: _a
[2022-03-13 15:08:08] [0002.353] I> A/B: bin_type (24) slot 0
[2022-03-13 15:08:08] [0002.369] I> Boot image size read from image header: 9913d
[2022-03-13 15:08:08] [0002.374] I> Boot image load address: 0x80400000
[2022-03-13 15:08:08] [0002.379] I> Loading kernel from partition
[2022-03-13 15:08:08] [0002.383] I> Loading partition kernel at 0x80400000 from device(0x1)
[2022-03-13 15:08:09] [0003.325] I> Validate kernel ...
[2022-03-13 15:08:09] [0003.328] I> T18x: Authenticate kernel (bin_type 24), max size 0x4000000
[2022-03-13 15:08:09] [0003.336] I> Decrypt the buffer ... [0003.339] W> tegrabl_decrypt_block: fuse (0x0) is not burnt to do encryption (0x4); skip decryption.
[2022-03-13 15:08:09] [0003.348] I> done
[2022-03-13 15:08:09] [0003.350] I> Checking boot.img header magic ... [0003.354] I> [OK]
[2022-03-13 15:08:09] [0003.356] I> kernel-dtb is already loaded
[2022-03-13 15:08:09] [0003.360] I> Validate kernel-dtb ...
[2022-03-13 15:08:09] [0003.363] I> T18x: Authenticate kernel-dtb (bin_type 21), max size 0x100000
[2022-03-13 15:08:09] [0003.371] I> Decrypt the buffer ... [0003.374] W> tegrabl_decrypt_block: fuse (0x0) is not burnt to do encryption (0x4); skip decryption.
[2022-03-13 15:08:09] [0003.383] I> done
[2022-03-13 15:08:09] [0003.385] I> Kernel hdr @0x80400000
[2022-03-13 15:08:09] [0003.388] I> Kernel dtb @0x80000000
[2022-03-13 15:08:09] [0003.391] I> decompressor handler not found
[2022-03-13 15:08:09] [0003.395] I> Copying kernel image (627005 bytes) from 0x80400800 to 0x80600000 ... [0003.403] I> Done
[2022-03-13 15:08:09] [0003.405] I> Move ramdisk (len: 0) from 0x8049a000 to 0x947d0000
[2022-03-13 15:08:09] [0003.412] I> Updated bpmp info to DTB
[2022-03-13 15:08:09] [0003.418] I> Ramdisk: Base: 0x947d0000; Size: 0x0
[2022-03-13 15:08:09] [0003.423] I> Updated initrd info to DTB
[2022-03-13 15:08:09] [0003.426] W> WARN: Fail to override "console=none" in commandline
[2022-03-13 15:08:09] [0003.432] I> Active rootfs suffix: 
[2022-03-13 15:08:09] [0003.436] E> tegrabl_linuxboot_add_disp_param, du 0 failed to get display params
[2022-03-13 15:08:09] [0003.443] E> tegrabl_linuxboot_add_disp_param, du 0 failed to get display params
[2022-03-13 15:08:09] [0003.450] E> tegrabl_linuxboot_add_disp_param, du 0 failed to get display params
[2022-03-13 15:08:09] [0003.457] I> disabled_core_mask: 0xffffff0c
[2022-03-13 15:08:09] [0003.461] W> No valid slot number is found in scratch register
[2022-03-13 15:08:09] [0003.467] W> Return default slot: _a
[2022-03-13 15:08:09] [0003.470] I> Active slot suffix: 
[2022-03-13 15:08:09] [0003.473] I> add_boot_slot_suffix: slot_suffix = 
[2022-03-13 15:08:09] [0003.478] I> Linux Cmdline: console=ttyS0,115200 androidboot.presilicon=true firmware_class.path=/etc/firmware root=/dev/mmcblk0p1 rw rootwait rootfstype=ext4 console=ttyS0,115200n8 console=tty0 fbcon=map:0 net.ifnames=0 isolcpus=1-2  video=tegrafb earlycon=uart8250,mmio32,0x3100000 nvdumper_reserved=0x2772e0000 gpt rootfs.slot_suffix= usbcore.old_scheme_first=1 tegraid=18.1.2.0.0 maxcpus=6 no_console_suspend boot.slot_suffix= boot.ratchetvalues=0.2031647.1 vpr_resize bl_prof_dataptr=0x10000@0x275840000 sdhci_tegra.en_boot_part_access=1 
[2022-03-13 15:08:09] [0003.525] I> Updated bootarg info to DTB
[2022-03-13 15:08:09] [0003.529] I> eeprom_get_mac_addr: MAC (type: 0): 48:b0:2d:0f:11:c5
[2022-03-13 15:08:09] [0003.535] I> eeprom_get_mac_addr: MAC (type: 1): 48:b0:2d:0f:11:c6
[2022-03-13 15:08:09] [0003.542] I> eeprom_get_mac_addr: MAC (type: 2): 48:b0:2d:0f:11:c7
[2022-03-13 15:08:09] [0003.548] E> Found no plugin manager ids in source DT
[2022-03-13 15:08:09] [0003.553] W> Add plugin manager ids from board info
[2022-03-13 15:08:09] [0003.557] W> "plugin-manager" doesn't exist, creating
[2022-03-13 15:08:09] [0003.562] W> "ids" doesn't exist, creating
[2022-03-13 15:08:09] [0003.566] W> "connection" doesn't exist, creating
[2022-03-13 15:08:09] [0003.571] W> "configs" doesn't exist, creating
[2022-03-13 15:08:09] [0003.575] I> create_pm_ids: id: 3310-1000-D00-L, len: 15
[2022-03-13 15:08:09] [0003.580] I> config: mem-type:00,power-config:00,misc-config:00,modem-config:00,touch-config:00,display-config:00,, len: 93
[2022-03-13 15:08:09] [0003.591] I> create_pm_ids: id: 2597-0000-900-E, len: 15
[2022-03-13 15:08:09] [0003.597] I> config: mem-type:00,power-config:00,misc-config:00,modem-config:00,touch-config:00,display-config:00,, len: 93
[2022-03-13 15:08:09] [0003.607] I> create_pm_ids: id: 3326-1000-000-M, len: 15
[2022-03-13 15:08:09] [0003.613] I> config: mem-type:ff,power-config:ff,misc-config:ff,modem-config:ff,touch-config:ff,display-config:ff,, len: 93
[2022-03-13 15:08:09] [0003.624] I> Adding plugin-manager/ids/3310-1000-D00=/i2c@c250000:module@0x50
[2022-03-13 15:08:09] [0003.631] W> "i2c@c250000" doesn't exist, creating
[2022-03-13 15:08:09] [0003.635] W> "module@0x50" doesn't exist, creating
[2022-03-13 15:08:09] [0003.640] I> Adding plugin-manager/ids/2597-0000-900=/i2c@c250000:module@0x57
[2022-03-13 15:08:09] [0003.648] W> "module@0x57" doesn't exist, creating
[2022-03-13 15:08:09] [0003.653] I> Adding plugin-manager/ids/3326-1000-000=/i2c@3180000:module@0x54
[2022-03-13 15:08:09] [0003.660] W> "i2c@3180000" doesn't exist, creating
[2022-03-13 15:08:09] [0003.665] W> "module@0x54" doesn't exist, creating
[2022-03-13 15:08:09] [0003.671] I> Adding plugin-manager/ids/3310-1000-D00-L
[2022-03-13 15:08:09] [0003.678] I> Adding plugin-manager/configs/3310-mem-type 00
[2022-03-13 15:08:09] [0003.684] I> Adding plugin-manager/configs/3310-power-config 00
[2022-03-13 15:08:09] [0003.690] I> Adding plugin-manager/configs/3310-misc-config 00
[2022-03-13 15:08:09] [0003.696] I> Adding plugin-manager/configs/3310-modem-config 00
[2022-03-13 15:08:09] [0003.702] I> Adding plugin-manager/configs/3310-touch-config 00
[2022-03-13 15:08:09] [0003.708] I> Adding plugin-manager/configs/3310-display-config 00
[2022-03-13 15:08:09] [0003.714] I> Adding plugin-manager/cvm
[2022-03-13 15:08:09] [0003.718] W> "chip-id" doesn't exist, creating
[2022-03-13 15:08:09] [0003.722] I> Adding plugin-manager/chip-id/A02P
[2022-03-13 15:08:09] [0003.727] W> "odm-data" doesn't exist, creating
[2022-03-13 15:08:09] [0003.731] I> Adding /chosen/plugin-manager/odm-data
[2022-03-13 15:08:09] [0003.741] I> added [base:0x80000000, size:0x70000000] to /memory
[2022-03-13 15:08:09] [0003.747] I> added [base:0xf0200000, size:0x185600000] to /memory
[2022-03-13 15:08:09] [0003.753] I> added [base:0x275e00000, size:0x200000] to /memory
[2022-03-13 15:08:09] [0003.759] I> added [base:0x276600000, size:0x200000] to /memory
[2022-03-13 15:08:09] [0003.764] I> added [base:0x277000000, size:0x200000] to /memory
[2022-03-13 15:08:09] [0003.770] I> Updated memory info to DTB
[2022-03-13 15:08:09] [0003.775] E> add_disp_param: failed to get display params for du=0
[2022-03-13 15:08:09] [0003.782] W> "reset" doesn't exist, creating
[2022-03-13 15:08:09] [0003.787] W> "pmc-reset-reason" doesn't exist, creating
[2022-03-13 15:08:09] [0003.792] W> "pmic-reset-reason" doesn't exist, creating
[2022-03-13 15:08:09] [0003.799] I> Adding ecid(00000001646db7851000000013038200) to DT
[2022-03-13 15:08:09] [0003.804] I> disabled_core_mask: 0xffffff0c
[2022-03-13 15:08:09] [0003.817] I> Add serial number:1422420022173 as DT property
[2022-03-13 15:08:09] [0003.826] I> Plugin-manager override starting
[2022-03-13 15:08:09] [0003.832] I> node /plugin-manager/fragement@0 matches
[2022-03-13 15:08:09] [0003.842] I> node /plugin-manager/fragement@4 matches
[2022-03-13 15:08:09] [0003.855] I> node /plugin-manager/fragment-sdwake-p3310-1000-300 matches
[2022-03-13 15:08:09] [0003.875] I> node /plugin-manager/fragement-pmon-p3310-1000-300 matches
[2022-03-13 15:08:09] [0003.884] I> node /plugin-manager/fragement-pmon-p3310-1000-800 matches
[2022-03-13 15:08:09] [0003.893] I> node /plugin-manager/fragment-devslp@0 matches
[2022-03-13 15:08:09] [0003.906] I> node /plugin-manager/fragment-500-pcie-config matches
[2022-03-13 15:08:10] [0003.921] I> node /plugin-manager/fragment-500-xusb-config matches
[2022-03-13 15:08:10] [0003.944] I> node /plugin-manager/fragment-p3310-c00-comm matches
[2022-03-13 15:08:10] [0003.957] I> node /plugin-manager/fragment-p3310-c00-pmic matches
[2022-03-13 15:08:10] [0003.968] I> node /plugin-manager/fragment-p3310-c01 matches
[2022-03-13 15:08:10] [0003.981] I> node /plugin-manager/fragment-p3310-c03 matches
[2022-03-13 15:08:10] [0004.023] I> node /plugin-manager/fragment-e3326@0 matches
[2022-03-13 15:08:10] [0004.105] I> node /plugin-manager/fragment-p3310-c00-camera matches
[2022-03-13 15:08:10] [0004.133] I> Disable plugin-manager status in FDT
[2022-03-13 15:08:10] [0004.137] I> Plugin-manager override finished successfully
[2022-03-13 15:08:10] [0004.143] I> tegrabl_load_kernel_and_dtb: Done
[2022-03-13 15:08:10] [0004.147] E> tegrabl_display_clear: display is not initialized
[2022-03-13 15:08:10] [0004.152] W> Boot logo display failed...
[2022-03-13 15:08:10] [0004.156] I> Kernel EP: 0x80600000, DTB: 0x80000000
[2022-03-13 15:08:10] 
[2022-03-13 15:08:10] 
[2022-03-13 15:08:10] U-Boot 2020.04-g46e4604c78 (Jul 26 2021 - 12:10:58 -0700)
[2022-03-13 15:08:10] 
[2022-03-13 15:08:10] SoC: tegra186
[2022-03-13 15:08:10] Model: NVIDIA P2771-0000-500
[2022-03-13 15:08:10] Board: NVIDIA P2771-0000
[2022-03-13 15:08:10] DRAM:  7.8 GiB
[2022-03-13 15:08:10] MMC:   sdhci@3400000: 1, sdhci@3460000: 0
[2022-03-13 15:08:10] Loading Environment from MMC... *** Warning - bad CRC, using default environment
[2022-03-13 15:08:10] 
[2022-03-13 15:08:10] In:    serial
[2022-03-13 15:08:10] Out:   serial
[2022-03-13 15:08:10] Err:   serial
[2022-03-13 15:08:10] Net:   
[2022-03-13 15:08:10] Warning: ethernet@2490000 using MAC address from ROM
[2022-03-13 15:08:10] eth0: ethernet@2490000
[2022-03-13 15:08:10] Hit any key to stop autoboot:  2  1  0 
[2022-03-13 15:08:12] MMC: no card present
[2022-03-13 15:08:12] switch to partitions #0, OK
[2022-03-13 15:08:12] mmc0(part 0) is current device
[2022-03-13 15:08:12] Scanning mmc 0:1...
[2022-03-13 15:08:12] Found /boot/extlinux/extlinux.conf
[2022-03-13 15:08:12] Retrieving file: /boot/extlinux/extlinux.conf
[2022-03-13 15:08:12] 858 bytes read in 22 ms (38.1 KiB/s)
[2022-03-13 15:08:12] 1:	primary kernel
[2022-03-13 15:08:12] Retrieving file: /boot/initrd
[2022-03-13 15:08:13] 7238344 bytes read in 201 ms (34.3 MiB/s)
[2022-03-13 15:08:13] Retrieving file: /boot/Image
[2022-03-13 15:08:14] 34484232 bytes read in 829 ms (39.7 MiB/s)
[2022-03-13 15:08:14] append: console=ttyS0,115200 androidboot.presilicon=true firmware_class.path=/etc/firmware root=/dev/mmcblk0p1 rw rootwait rootfstype=ext4 console=ttyS0,115200n8 console=tty0 fbcon=map:0 net.ifnames=0 isolcpus=1-2  video=tegrafb earlycon=uart8250,mmio32,0x3100000 nvdumper_reserved=0x2772e0000 gpt rootfs.slot_suffix= usbcore.old_scheme_first=1 tegraid=18.1.2.0.0 maxcpus=6 no_console_suspend boot.slot_suffix= boot.ratchetvalues=0.2031647.1 vpr_resize bl_prof_dataptr=0x10000@0x275840000 sdhci_tegra.en_boot_part_access=1 quiet root=/dev/mmcblk0p1 rw rootwait rootfstype=ext4 console=ttyS0,115200n8 console=tty0 fbcon=map:0 net.ifnames=0 isolcpus=1-2 
[2022-03-13 15:08:14] ## Flattened Device Tree blob at 80000000
[2022-03-13 15:08:14]    Booting using the fdt blob at 0x80000000
[2022-03-13 15:08:14] ERROR: reserving fdt memory region failed (addr=0 size=0)
[2022-03-13 15:08:14] ERROR: reserving fdt memory region failed (addr=0 size=0)
[2022-03-13 15:08:14] ERROR: reserving fdt memory region failed (addr=0 size=0)
[2022-03-13 15:08:14]    Using Device Tree in place at 0000000080000000, end 0000000080060aa3
[2022-03-13 15:08:14] copying carveout for /host1x@13e00000/display-hub@15200000/display@15200000...
[2022-03-13 15:08:14] copying carveout for /host1x@13e00000/display-hub@15200000/display@15210000...
[2022-03-13 15:08:14] copying carveout for /host1x@13e00000/display-hub@15200000/display@15220000...
[2022-03-13 15:08:14] 
[2022-03-13 15:08:14] Starting kernel ...
[2022-03-13 15:08:14] 
[2022-03-13 15:08:14] [    0.000000] Booting Linux on physical CPU 0x100
[2022-03-13 15:08:14] [    0.000000] Linux version 4.9.253-tegra (buildbrain@mobile-u64-5497-d3000) (gcc version 7.3.1 20180425 [linaro-7.3-2018.05 revision d29120a424ecfbc167ef90065c0eeb7f91977701] (Linaro GCC 7.3-2018.05) ) #1 SMP PREEMPT Mon Jul 26 12:19:28 PDT 2021
[2022-03-13 15:08:14] [    0.000000] Boot CPU: AArch64 Processor [411fd073]
[2022-03-13 15:08:14] [    0.000000] OF: fdt:memory scan node memory@80000000, reg size 80,
[2022-03-13 15:08:14] [    0.000000] OF: fdt: - 80000000 ,  70000000
[2022-03-13 15:08:14] [    0.000000] OF: fdt: - f0200000 ,  185600000
[2022-03-13 15:08:14] [    0.000000] OF: fdt: - 275e00000 ,  200000
[2022-03-13 15:08:14] [    0.000000] OF: fdt: - 276600000 ,  200000
[2022-03-13 15:08:14] [    0.000000] OF: fdt: - 277000000 ,  200000
[2022-03-13 15:08:14] [    0.000000] earlycon: uart8250 at MMIO32 0x0000000003100000 (options '')
[2022-03-13 15:08:14] [    0.000000] bootconsole [uart8250] enabled
[2022-03-13 15:08:16] [    1.776356] cgroup: cgroup2: unknown option "nsdelegate"
[2022-03-13 15:08:17] [    2.780213] using random self ethernet address
[2022-03-13 15:08:17] [    2.785783] using random host ethernet address
[2022-03-13 15:08:17] [    2.871375] FAT-fs (loop0): Volume was not properly unmounted. Some data may be corrupt. Please run fsck.
[2022-03-13 15:08:17] [    3.249824] random: crng init done
[2022-03-13 15:08:17] [    3.253233] random: 7 urandom warning(s) missed due to ratelimiting
[2022-03-13 15:08:18] [    3.412399] using random self ethernet address
[2022-03-13 15:08:18] [    3.418516] using random host ethernet address
[2022-03-13 15:08:18] [    3.751019] CPU1: shutdown
[2022-03-13 15:08:18] [    3.838310] CPU2: shutdown
[2022-03-13 15:08:19] [    4.690941] Bridge firewalling registered
[2022-03-13 15:08:22] 
[2022-03-13 15:08:22] Ubuntu 18.04.5 LTS JTX2-A ttyS0
[2022-03-13 15:08:22] 
[2022-03-13 15:08:22] JTX2-A login: [    8.674979] CPU5: SError detected, daif=1c0, spsr=0x800000c5, mpidr=80000103, esr=bf40c000
[2022-03-13 15:08:23] [    8.674981] CPU4: SError detected, daif=1c0, spsr=0x800000c5, mpidr=80000102, esr=bf40c000
[2022-03-13 15:08:23] [    8.674984] CPU0: SError detected, daif=1c0, spsr=0x200000c5, mpidr=80000100, esr=bf40c000
[2022-03-13 15:08:23] [    8.674986] CPU3: SError detected, daif=1c0, spsr=0x20000000, mpidr=80000101, esr=bf40c000
[2022-03-13 15:08:23] [    8.674988] **************************************
[2022-03-13 15:08:23] [    8.674992] A57 CPU Memory Error on CPU 4 (A57 Core 2)
[2022-03-13 15:08:23] [    8.674993] 	ESR:               0xbf40c000
[2022-03-13 15:08:23] [    8.674995] 	L2MERRSR: 0x912024f0
[2022-03-13 15:08:23] [    8.674997] 	L2 Data RAM: 0x11
[2022-03-13 15:08:23] [    8.674998] 	CPU ID of Error:    4
[2022-03-13 15:08:23] [    8.674999] 	WAY of Error:       0
[2022-03-13 15:08:23] [    8.675000] 	Index of Error:     9456
[2022-03-13 15:08:23] [    8.675001] 	Repeat Error Count: 0
[2022-03-13 15:08:23] [    8.675002] 	Other Error Count:  0
[2022-03-13 15:08:23] [    8.675002] **************************************
[2022-03-13 15:08:23] [    8.677809] ROC:CCE Machine Check Error:
[2022-03-13 15:08:23] [    8.677812] 	Address Type = Non-Secure DRAM
[2022-03-13 15:08:23] [    8.677838] 	Address = 0x237f6d648 -- System RAM + 0x147d6d648
[2022-03-13 15:08:23] [    8.678038] Bad mode in Error handler detected on CPU4, code 0xbf40c000 -- SError
[2022-03-13 15:08:23] [    8.678040] Kernel panic - not syncing: bad mode
[2022-03-13 15:08:23] [    8.678043] CPU: 4 PID: 0 Comm: swapper/4 Not tainted 4.9.253-tegra #1
[2022-03-13 15:08:23] [    8.678044] Hardware name: quill (DT)
[2022-03-13 15:08:23] [    8.678046] Call trace:
[2022-03-13 15:08:23] [    8.678054] [<ffffff800808ba40>] dump_backtrace+0x0/0x198
[2022-03-13 15:08:23] [    8.678057] [<ffffff800808c004>] show_stack+0x24/0x30
[2022-03-13 15:08:23] [    8.678062] [<ffffff8008f6121c>] dump_stack+0xa0/0xc4
[2022-03-13 15:08:23] [    8.678066] [<ffffff8008f5e2c0>] panic+0x12c/0x2a8
[2022-03-13 15:08:23] [    8.678068] [<ffffff800808c894>] bad_mode+0x7c/0x80
[2022-03-13 15:08:23] [    8.678070] [<ffffff800808ca5c>] handle_serr+0x124/0x128
[2022-03-13 15:08:23] [    8.678072] [<ffffff8008082d98>] el1_serr+0xb0/0x144
[2022-03-13 15:08:23] [    8.678077] [<ffffff8008ba09ac>] cpuidle_enter_state+0x84/0x380
[2022-03-13 15:08:23] [    8.678079] [<ffffff8008ba0d1c>] cpuidle_enter+0x34/0x48
[2022-03-13 15:08:23] [    8.678082] [<ffffff800811139c>] call_cpuidle+0x44/0x70
[2022-03-13 15:08:23] [    8.678084] [<ffffff8008111718>] cpu_startup_entry+0x1b0/0x200
[2022-03-13 15:08:23] [    8.678087] [<ffffff8008091cf8>] secondary_start_kernel+0x190/0x1f8
[2022-03-13 15:08:23] [    8.678088] [<000000008116e1a8>] 0x8116e1a8
[2022-03-13 15:08:23] [    8.678092] SMP: stopping secondary CPUs
[2022-03-13 15:08:23] [    8.860985] Kernel Offset: disabled
[2022-03-13 15:08:23] [    8.864466] Memory Limit: none
[2022-03-13 15:08:23] [    8.867514] trusty-log panic notifier - trusty version Built: 12:20:14 Jul 26 2021 [    8.879759] Rebooting in 5 seconds..
[2022-03-13 15:08:28] [0000.158] I> Welcome to MB2(TBoot-BPMP)(version: 01.00.160913-t186-M-00.00-mobile-c368a720)
[2022-03-13 15:08:28] [0000.166] I> Boot-device: eMMC
[2022-03-13 15:08:28] [0000.174] I> sdmmc bdev is already initialized
[2022-03-13 15:08:28] [0000.178] I> pmic: reset reason (nverc)	: 0x0
[2022-03-13 15:08:28] [0000.211] I> Found 19 partitions in SDMMC_BOOT (instance 3)
[2022-03-13 15:08:28] [0000.231] I> Found 33 partitions in SDMMC_USER (instance 3)
[2022-03-13 15:08:28] [0000.237] W> No valid slot number is found in scratch register
[2022-03-13 15:08:28] [0000.243] W> Return default slot: _a
[2022-03-13 15:08:28] [0000.246] I> A/B: bin_type (16) slot 0
[2022-03-13 15:08:28] [0000.250] I> Loading partition bpmp-fw at 0xd7800000
[2022-03-13 15:08:28] [0000.255] I> Reading two headers - addr:0xd7800000 blocks:1
[2022-03-13 15:08:28] [0000.260] I> Addr: 0xd7800000, start-block: 58777608, num_blocks: 1
[2022-03-13 15:08:28] [0000.285] I> Binary(16) of size 534416 is loaded @ 0xd7800000
[2022-03-13 15:08:28] [0000.291] W> No valid slot number is found in scratch register
[2022-03-13 15:08:28] [0000.296] W> Return default slot: _a
[2022-03-13 15:08:28] [0000.300] I> A/B: bin_type (17) slot 0
[2022-03-13 15:08:28] [0000.303] I> Loading partition bpmp-fw-dtb at 0xd79f0000
[2022-03-13 15:08:28] [0000.309] I> Reading two headers - addr:0xd79f0000 blocks:1
[2022-03-13 15:08:28] [0000.314] I> Addr: 0xd79f0000, start-block: 58780024, num_blocks: 1
[2022-03-13 15:08:28] [0000.340] I> Binary(17) of size 604720 is loaded @ 0xd796c400
[2022-03-13 15:08:29] [0000.570] I> Loading SCE-FW ...
[2022-03-13 15:08:29] [0000.573] W> No valid slot number is found in scratch register
[2022-03-13 15:08:29] [0000.578] W> Return default slot: _a
[2022-03-13 15:08:29] [0000.582] I> A/B: bin_type (12) slot 0
[2022-03-13 15:08:29] [0000.585] I> Loading partition sce-fw at 0xd7300000
[2022-03-13 15:08:29] [0000.590] I> Reading two headers - addr:0xd7300000 blocks:1
[2022-03-13 15:08:29] [0000.596] I> Addr: 0xd7300000, start-block: 58784120, num_blocks: 1
[2022-03-13 15:08:29] [0000.615] I> Binary(12) of size 125632 is loaded @ 0xd7300000
[2022-03-13 15:08:29] [0000.620] I> Init SCE
[2022-03-13 15:08:29] [0000.623] I> Loading APE-FW ...
[2022-03-13 15:08:29] [0000.626] W> No valid slot number is found in scratch register
[2022-03-13 15:08:29] [0000.631] W> Return default slot: _a
[2022-03-13 15:08:29] [0000.635] I> A/B: bin_type (11) slot 0
[2022-03-13 15:08:29] [0000.638] I> Loading partition adsp-fw at 0xd7400000
[2022-03-13 15:08:29] [0000.643] I> Reading two headers - addr:0xd7400000 blocks:1
[2022-03-13 15:08:29] [0000.649] I> Addr: 0xd7400000, start-block: 58761224, num_blocks: 1
[2022-03-13 15:08:29] [0000.668] I> Binary(11) of size 77216 is loaded @ 0xd7400000
[2022-03-13 15:08:29] [0000.674] I> Copy BTCM section
[2022-03-13 15:08:29] [0000.676] W> No valid slot number is found in scratch register
[2022-03-13 15:08:29] [0000.682] W> Return default slot: _a
[2022-03-13 15:08:29] [0000.686] I> A/B: bin_type (13) slot 0
[2022-03-13 15:08:29] [0000.689] I> Loading partition cpu-bootloader at 0x96000000
[2022-03-13 15:08:29] [0000.695] I> Reading two headers - addr:0x96000000 blocks:1
[2022-03-13 15:08:29] [0000.700] I> Addr: 0x96000000, start-block: 58740744, num_blocks: 1
[2022-03-13 15:08:29] [0000.721] I> Binary(13) of size 308800 is loaded @ 0x96000000
[2022-03-13 15:08:29] [0000.727] W> No valid slot number is found in scratch register
[2022-03-13 15:08:29] [0000.732] W> Return default slot: _a
[2022-03-13 15:08:29] [0000.736] I> A/B: bin_type (20) slot 0
[2022-03-13 15:08:29] [0000.739] I> Loading partition bootloader-dtb at 0x85205400
[2022-03-13 15:08:29] [0000.745] I> Reading two headers - addr:0x85205400 blocks:1
[2022-03-13 15:08:29] [0000.750] I> Addr: 0x85205400, start-block: 58742792, num_blocks: 1
[2022-03-13 15:08:29] [0000.772] I> Binary(20) of size 375568 is loaded @ 0x85205400
[2022-03-13 15:08:29] [0000.778] W> No valid slot number is found in scratch register
[2022-03-13 15:08:29] [0000.784] W> Return default slot: _a
[2022-03-13 15:08:29] [0000.787] I> A/B: bin_type (14) slot 0
[2022-03-13 15:08:29] [0000.791] I> Loading partition secure-os at 0x85305600
[2022-03-13 15:08:29] [0000.796] I> Reading two headers - addr:0x85305600 blocks:1
[2022-03-13 15:08:29] [0000.801] I> Addr: 0x85305600, start-block: 58744840, num_blocks: 1
[2022-03-13 15:08:29] [0000.824] I> Binary(14) of size 402864 is loaded @ 0x85305600
[2022-03-13 15:08:29] [0000.831] I> TOS boot-params @ 0x85000000
[2022-03-13 15:08:29] [0000.835] I> TOS params prepared
[2022-03-13 15:08:29] [0000.838] I> Loading EKS ...
[2022-03-13 15:08:29] [0000.841] I> A/B: bin_type (15) slot 0
[2022-03-13 15:08:29] [0000.844] I> Loading partition eks at 0x85905800
[2022-03-13 15:08:29] [0000.849] I> Reading two headers - addr:0x85905800 blocks:1
[2022-03-13 15:08:29] [0000.854] I> Addr: 0x85905800, start-block: 58757128, num_blocks: 1
[2022-03-13 15:08:29] [0000.873] I> Binary(15) of size 1040 is loaded @ 0x85905800
[2022-03-13 15:08:29] [0000.879] I> EKB detected (length: 0x400) @ 0x85905800
[2022-03-13 15:08:29] [0000.884] I> Copied encrypted keys
[2022-03-13 15:08:29] [0000.887] I> boot profiler @ 0x275844000
[2022-03-13 15:08:29] [0000.891] I> boot profiler for TOS @ 0x275844000
[2022-03-13 15:08:29] [0000.896] I> Unhalting SCE
[2022-03-13 15:08:29] [0000.899] I> Primary Memory Start:80000000 Size:70000000
[2022-03-13 15:08:29] [0000.904] I> Extended Memory Start:f0110000 Size:1856f0000
[2022-03-13 15:08:29] [0000.911] I> MB2(TBoot-BPMP) done
[2022-03-13 15:08:29] 
[2022-03-13 15:08:29] NOTICE:  BL31: v1.3(release):b5eeb33f7
[2022-03-13 15:08:29] NOTICE:  BL31: Built : 12:15:17, Jul 26 2021
[2022-03-13 15:08:29] ipc-unittest-main: 1519: Welcome to IPC unittest!!!
[2022-03-13 15:08:29] ipc-unittest-main: 1531: waiting forever
[2022-03-13 15:08:29] ipc-unittest-srv: 329: Init unittest services!!!
[2022-03-13 15:08:29] hwkey-agent: 41: hwkey-agent is running!!
[2022-03-13 15:08:29] hwkey-agent: 315: key_mgnt_processing .......
[2022-03-13 15:08:29] hwkey-agent: 223: Setting EKB key 0 to slot 14
[2022-03-13 15:08:29] hwkey-agent: 178: Init hweky-agent services!!
[2022-03-13 15:08:29] luks-srv: 40: luks-srv is running!!
[2022-03-13 15:08:29] luks-srv: 157: Init luks-srv IPC services!!
[2022-03-13 15:08:29] platform_bootstrap_epilog: trusty bootstrap complete
[2022-03-13 15:08:29] [0001.283] I> Welcome to Cboot
[2022-03-13 15:08:29] [0001.286] I> Cboot Version: t186-00029e71
[2022-03-13 15:08:29] [0001.290] I> CPU-BL Params @ 0x275800000
[2022-03-13 15:08:29] [0001.293] I>  0) Base:0x00000000 Size:0x00000000
[2022-03-13 15:08:29] [0001.298] I>  1) Base:0x277f00000 Size:0x00100000
[2022-03-13 15:08:29] [0001.302] I>  2) Base:0x277e00000 Size:0x00100000
[2022-03-13 15:08:29] [0001.307] I>  3) Base:0x277d00000 Size:0x00100000
[2022-03-13 15:08:29] [0001.311] I>  4) Base:0x277c00000 Size:0x00100000
[2022-03-13 15:08:29] [0001.316] I>  5) Base:0x277b00000 Size:0x00100000
[2022-03-13 15:08:29] [0001.320] I>  6) Base:0x277800000 Size:0x00200000
[2022-03-13 15:08:29] [0001.325] I>  7) Base:0x277400000 Size:0x00400000
[2022-03-13 15:08:29] [0001.329] I>  8) Base:0x277a00000 Size:0x00100000
[2022-03-13 15:08:29] [0001.334] I>  9) Base:0x277300000 Size:0x00100000
[2022-03-13 15:08:29] [0001.338] I> 10) Base:0x276800000 Size:0x00800000
[2022-03-13 15:08:29] [0001.343] I> 11) Base:0x30000000 Size:0x00040000
[2022-03-13 15:08:29] [0001.347] I> 12) Base:0xf0000000 Size:0x00100000
[2022-03-13 15:08:29] [0001.352] I> 13) Base:0x30040000 Size:0x00001000
[2022-03-13 15:08:29] [0001.356] I> 14) Base:0x30048000 Size:0x00001000
[2022-03-13 15:08:29] [0001.361] I> 15) Base:0x30049000 Size:0x00001000
[2022-03-13 15:08:29] [0001.365] I> 16) Base:0x3004a000 Size:0x00001000
[2022-03-13 15:08:29] [0001.370] I> 17) Base:0x3004b000 Size:0x00001000
[2022-03-13 15:08:29] [0001.374] I> 18) Base:0x3004c000 Size:0x00001000
[2022-03-13 15:08:29] [0001.378] I> 19) Base:0x3004d000 Size:0x00001000
[2022-03-13 15:08:29] [0001.383] I> 20) Base:0x3004e000 Size:0x00001000
[2022-03-13 15:08:29] [0001.387] I> 21) Base:0x3004f000 Size:0x00001000
[2022-03-13 15:08:29] [0001.392] I> 22) Base:0x00000000 Size:0x00000000
[2022-03-13 15:08:29] [0001.396] I> 23) Base:0xf0100000 Size:0x00010000
[2022-03-13 15:08:29] [0001.401] I> 24) Base:0x00000000 Size:0x00000000
[2022-03-13 15:08:29] [0001.405] I> 25) Base:0x00000000 Size:0x00000000
[2022-03-13 15:08:29] [0001.409] I> 26) Base:0x00000000 Size:0x00000000
[2022-03-13 15:08:29] [0001.414] I> 27) Base:0x00000000 Size:0x00000000
[2022-03-13 15:08:29] [0001.418] I> 28) Base:0x84400000 Size:0x00400000
[2022-03-13 15:08:29] [0001.423] I> 29) Base:0x30000000 Size:0x00010000
[2022-03-13 15:08:29] [0001.427] I> 30) Base:0x278000000 Size:0x08000000
[2022-03-13 15:08:29] [0001.432] I> 31) Base:0x00000000 Size:0x00000000
[2022-03-13 15:08:29] [0001.436] I> 32) Base:0x276000000 Size:0x00600000
[2022-03-13 15:08:29] [0001.441] I> 33) Base:0x80000000 Size:0x70000000
[2022-03-13 15:08:29] [0001.445] I> 34) Base:0xf0110000 Size:0x1856f0000
[2022-03-13 15:08:29] [0001.450] I> 35) Base:0x00000000 Size:0x00000000
[2022-03-13 15:08:29] [0001.454] I> 36) Base:0x00000000 Size:0x00000000
[2022-03-13 15:08:29] [0001.458] I> 37) Base:0x2772e0000 Size:0x00020000
[2022-03-13 15:08:30] [0001.463] I> 38) Base:0x84000000 Size:0x00400000
[2022-03-13 15:08:30] [0001.467] I> 39) Base:0x96000000 Size:0x02000000
[2022-03-13 15:08:30] [0001.472] I> 40) Base:0x85000000 Size:0x01200000
[2022-03-13 15:08:30] [0001.476] I> 41) Base:0x275800000 Size:0x00500000
[2022-03-13 15:08:30] [0001.481] I> 42) Base:0x00000000 Size:0x00000000
[2022-03-13 15:08:30] [0001.485] I> 43) Base:0x00000000 Size:0x00000000
[2022-03-13 15:08:30] [0001.490] GIC-SPI Target CPU: 4
[2022-03-13 15:08:30] [0001.493] Interrupts Init done
[2022-03-13 15:08:30] [0001.496] calling constructors
[2022-03-13 15:08:30] [0001.499] initializing heap
[2022-03-13 15:08:30] [0001.502] initializing threads
[2022-03-13 15:08:30] [0001.505] initializing timers
[2022-03-13 15:08:30] [0001.508] creating bootstrap completion thread
[2022-03-13 15:08:30] [0001.513] top of bootstrap2()
[2022-03-13 15:08:30] [0001.516] CPU: ARM Cortex A57
[2022-03-13 15:08:30] [0001.519] CPU: MIDR: 0x411FD073, MPIDR: 0x80000100
[2022-03-13 15:08:30] [0001.524] initializing platform
[2022-03-13 15:08:30] [0001.528] I> Bl_dtb @0x85205400
[2022-03-13 15:08:30] [0001.531] I> gpio framework initialized
[2022-03-13 15:08:30] [0001.537] I> tegrabl_gpio_driver_register: register 'nvidia,tegra186-gpio' driver
[2022-03-13 15:08:30] [0001.547] I> tegrabl_gpio_driver_register: register 'nvidia,tegra186-gpio-aon' driver
[2022-03-13 15:08:30] [0001.555] I> GPIO framework and drivers are initialized.
[2022-03-13 15:08:30] [0001.560] I> Boot-device: eMMC
[2022-03-13 15:08:30] [0001.567] I> sdmmc bdev is already initialized
[2022-03-13 15:08:30] [0001.598] I> Found 19 partitions in SDMMC_BOOT (instance 3)
[2022-03-13 15:08:30] [0001.616] I> Found 33 partitions in SDMMC_USER (instance 3)
[2022-03-13 15:08:30] [0001.621] W> opt-in fuse is not set, skip fuse_burning
[2022-03-13 15:08:30] [0001.626] I> Reserved memory at 0xfbe00000 for U-Boot relocation
[2022-03-13 15:08:30] [0001.632] W> No valid slot number is found in scratch register
[2022-03-13 15:08:30] [0001.637] W> Return default slot: _a
[2022-03-13 15:08:30] [0001.647] I> A/B: bin_type (21) slot 0
[2022-03-13 15:08:30] [0001.650] I> Loading kernel-dtb from partition
[2022-03-13 15:08:30] [0001.655] I> Loading partition kernel-dtb at 0x80000000 from device(0x1)
[2022-03-13 15:08:30] [0001.672] I> Kernel_dtb @0x80000000
[2022-03-13 15:08:30] [0001.675] I> tegrabl_tca9539_init: i2c bus: 0, slave addr: 0xee
[2022-03-13 15:08:30] [0001.685] I> tegrabl_gpio_driver_register: register 'tca9539_gpio_driver' driver
[2022-03-13 15:08:30] [0001.693] I> tegrabl_tca9539_init: i2c bus: 0, slave addr: 0xe8
[2022-03-13 15:08:30] [0001.702] I> tegrabl_gpio_driver_register: register 'tca9539_gpio_driver' driver
[2022-03-13 15:08:30] [0001.712] I> fixed regulator driver initialized
[2022-03-13 15:08:30] [0001.745] I> register 'maxim' power off handle
[2022-03-13 15:08:30] [0001.751] I> virtual i2c enabled
[2022-03-13 15:08:30] [0001.754] I> registered 'maxim,max77620' pmic
[2022-03-13 15:08:30] [0001.759] I> tegrabl_gpio_driver_register: register 'max77620-gpio' driver
[2022-03-13 15:08:30] [0001.773] E> failed to read label property for node 324936: 13
[2022-03-13 15:08:30] [0001.781] E> failed to read reg property for node 325032: 13
[2022-03-13 15:08:30] [0001.789] E> failed to read reg property for node 325084: 13
[2022-03-13 15:08:30] [0001.798] E> failed to read label property for node 325168: 13
[2022-03-13 15:08:30] [0001.806] E> failed to read label property for node 325236: 13
[2022-03-13 15:08:30] [0001.814] E> failed to read reg property for node 325304: 13
[2022-03-13 15:08:30] [0001.823] E> failed to read reg property for node 325376: 13
[2022-03-13 15:08:30] [0001.833] I> Find /i2c@c250000's alias i2c7
[2022-03-13 15:08:30] [0001.837] I> Reading eeprom i2c=7 address=0x50
[2022-03-13 15:08:30] [0001.866] I> Device at /i2c@c250000:0x50
[2022-03-13 15:08:30] [0001.870] I> Reading eeprom i2c=7 address=0x57
[2022-03-13 15:08:30] [0001.899] I> Device at /i2c@c250000:0x57
[2022-03-13 15:08:30] [0001.903] I> Find /i2c@c240000's alias i2c1
[2022-03-13 15:08:30] [0001.907] I> Reading eeprom i2c=1 address=0x51
[2022-03-13 15:08:30] [0001.912] E> I2C: slave not found in slaves.
[2022-03-13 15:08:30] [0001.916] E> I2C: Could not write 0 bytes to slave: 0x00a2 with repeat start true.
[2022-03-13 15:08:30] [0001.924] E> I2C_DEV: Failed to send register address 0x00000000.
[2022-03-13 15:08:30] [0001.930] E> I2C_DEV: Could not read 256 registers of size 1 from slave 0xa2 at 0x00000000 via instance 1.
[2022-03-13 15:08:30] [0001.940] E> eeprom: Retry to read I2C slave device.
[2022-03-13 15:08:30] [0001.945] E> I2C: slave not found in slaves.
[2022-03-13 15:08:30] [0001.949] E> I2C: Could not write 0 bytes to slave: 0x00a2 with repeat start true.
[2022-03-13 15:08:30] [0001.956] E> I2C_DEV: Failed to send register address 0x00000000.
[2022-03-13 15:08:30] [0001.962] E> I2C_DEV: Could not read 256 registers of size 1 from slave 0xa2 at 0x00000000 via instance 1.
[2022-03-13 15:08:30] [0001.972] E> eeprom: Failed to read I2C slave device
[2022-03-13 15:08:30] [0001.976] I> Eeprom read failed 0x3526070d
[2022-03-13 15:08:30] [0001.981] I> Find /i2c@3160000's alias i2c0
[2022-03-13 15:08:30] [0001.985] I> Reading eeprom i2c=0 address=0x50
[2022-03-13 15:08:30] [0001.989] E> I2C: slave not found in slaves.
[2022-03-13 15:08:30] [0001.993] E> I2C: Could not write 0 bytes to slave: 0x00a0 with repeat start true.
[2022-03-13 15:08:30] [0002.001] E> I2C_DEV: Failed to send register address 0x00000000.
[2022-03-13 15:08:30] [0002.007] E> I2C_DEV: Could not read 256 registers of size 1 from slave 0xa0 at 0x00000000 via instance 0.
[2022-03-13 15:08:30] [0002.017] E> eeprom: Failed to read I2C slave device
[2022-03-13 15:08:30] [0002.021] I> Eeprom read failed 0x3526070d
[2022-03-13 15:08:30] [0002.026] I> Find /i2c@3180000's alias i2c2
[2022-03-13 15:08:30] [0002.030] I> Reading eeprom i2c=2 address=0x54
[2022-03-13 15:08:30] [0002.034] I> Enabling gpio chip_id = 2, gpio pin = 9
[2022-03-13 15:08:30] [0002.065] I> Disabling gpio chip_id = 2, gpio pin = 9
[2022-03-13 15:08:30] [0002.070] I> Device at /i2c@3180000:0x54
[2022-03-13 15:08:30] [0002.074] I> Reading eeprom i2c=2 address=0x57
[2022-03-13 15:08:30] [0002.078] I> Enabling gpio chip_id = 2, gpio pin = 9
[2022-03-13 15:08:30] [0002.084] E> I2C: slave not found in slaves.
[2022-03-13 15:08:30] [0002.088] E> I2C: Could not write 0 bytes to slave: 0x00ae with repeat start true.
[2022-03-13 15:08:30] [0002.096] E> I2C_DEV: Failed to send register address 0x00000000.
[2022-03-13 15:08:30] [0002.102] E> I2C_DEV: Could not read 256 registers of size 1 from slave 0xae at 0x00000000 via instance 2.
[2022-03-13 15:08:30] [0002.111] E> eeprom: Failed to read I2C slave device
[2022-03-13 15:08:30] [0002.116] I> Disabling gpio chip_id = 2, gpio pin = 9
[2022-03-13 15:08:30] [0002.121] I> Eeprom read failed 0x00000000
[2022-03-13 15:08:30] [0002.125] I> create_pm_ids: id: 3310-1000-D00-L, len: 15
[2022-03-13 15:08:30] [0002.130] I> config: mem-type:00,power-config:00,misc-config:00,modem-config:00,touch-config:00,display-config:00,, len: 93
[2022-03-13 15:08:30] [0002.141] I> create_pm_ids: id: 2597-0000-900-E, len: 15
[2022-03-13 15:08:30] [0002.146] I> config: mem-type:00,power-config:00,misc-config:00,modem-config:00,touch-config:00,display-config:00,, len: 93
[2022-03-13 15:08:30] [0002.157] I> create_pm_ids: id: 3326-1000-000-M, len: 15
[2022-03-13 15:08:30] [0002.162] I> config: mem-type:ff,power-config:ff,misc-config:ff,modem-config:ff,touch-config:ff,display-config:ff,, len: 93
[2022-03-13 15:08:30] [0002.197] I> enabling 'vdd-hdmi' regulator
[2022-03-13 15:08:30] [0002.213] I> regulator 'vdd-hdmi' already enabled
[2022-03-13 15:08:30] [0002.217] E> tegrabl_display_init_regulator: hdmi cable is not connected
[2022-03-13 15:08:30] [0002.224] E> tegrabl_display_get_pdata, failed to parse dtb settings
[2022-03-13 15:08:30] [0002.233] E> cannot find any other nvdisp nodes
[2022-03-13 15:08:30] [0002.237] E> no valid display unit config found in dtb
[2022-03-13 15:08:30] [0002.243] W> display init failed
[2022-03-13 15:08:30] [0002.246] initializing target
[2022-03-13 15:08:30] [0002.249] calling apps_init()
[2022-03-13 15:08:30] [0002.252] starting app kernel_boot_app
[2022-03-13 15:08:30] [0002.274] I> found decompressor handler: lz4-legacy
[2022-03-13 15:08:30] [0002.279] I> decompressing BMP blob ...
[2022-03-13 15:08:30] [0002.291] I> Kernel type = Normal
[2022-03-13 15:08:30] [0002.294] I> ########## Fixed storage boot ##########
[2022-03-13 15:08:30] [0002.299] I> Loading kernel-bootctrl from partition
[2022-03-13 15:08:30] [0002.304] I> Loading partition kernel-bootctrl at 0xa8000000 from device(0x1)
[2022-03-13 15:08:30] [0002.318] W> tegrabl_get_kernel_bootctrl: magic number(0x00000000) is invalid
[2022-03-13 15:08:30] [0002.325] W> tegrabl_get_kernel_bootctrl: use default dummy boot control data
[2022-03-13 15:08:30] [0002.332] W> No valid slot number is found in scratch register
[2022-03-13 15:08:30] [0002.337] W> Return default slot: _a
[2022-03-13 15:08:30] [0002.341] I> A/B: bin_type (24) slot 0
[2022-03-13 15:08:30] [0002.357] I> Boot image size read from image header: 9913d
[2022-03-13 15:08:30] [0002.362] I> Boot image load address: 0x80400000
[2022-03-13 15:08:30] [0002.366] I> Loading kernel from partition
[2022-03-13 15:08:30] [0002.370] I> Loading partition kernel at 0x80400000 from device(0x1)
[2022-03-13 15:08:31] [0003.312] I> Validate kernel ...
[2022-03-13 15:08:31] [0003.315] I> T18x: Authenticate kernel (bin_type 24), max size 0x4000000
[2022-03-13 15:08:31] [0003.323] I> Decrypt the buffer ... [0003.326] W> tegrabl_decrypt_block: fuse (0x0) is not burnt to do encryption (0x4); skip decryption.
[2022-03-13 15:08:31] [0003.335] I> done
[2022-03-13 15:08:31] [0003.337] I> Checking boot.img header magic ... [0003.341] I> [OK]
[2022-03-13 15:08:31] [0003.343] I> kernel-dtb is already loaded
[2022-03-13 15:08:31] [0003.347] I> Validate kernel-dtb ...
[2022-03-13 15:08:31] [0003.350] I> T18x: Authenticate kernel-dtb (bin_type 21), max size 0x100000
[2022-03-13 15:08:31] [0003.358] I> Decrypt the buffer ... [0003.361] W> tegrabl_decrypt_block: fuse (0x0) is not burnt to do encryption (0x4); skip decryption.
[2022-03-13 15:08:31] [0003.370] I> done
[2022-03-13 15:08:31] [0003.372] I> Kernel hdr @0x80400000
[2022-03-13 15:08:31] [0003.375] I> Kernel dtb @0x80000000
[2022-03-13 15:08:31] [0003.378] I> decompressor handler not found
[2022-03-13 15:08:31] [0003.382] I> Copying kernel image (627005 bytes) from 0x80400800 to 0x80600000 ... [0003.390] I> Done
[2022-03-13 15:08:31] [0003.392] I> Move ramdisk (len: 0) from 0x8049a000 to 0x947d0000
[2022-03-13 15:08:31] [0003.399] I> Updated bpmp info to DTB
[2022-03-13 15:08:31] [0003.405] I> Ramdisk: Base: 0x947d0000; Size: 0x0
[2022-03-13 15:08:31] [0003.410] I> Updated initrd info to DTB
[2022-03-13 15:08:31] [0003.414] W> WARN: Fail to override "console=none" in commandline
[2022-03-13 15:08:31] [0003.420] I> Active rootfs suffix: 
[2022-03-13 15:08:31] [0003.423] E> tegrabl_linuxboot_add_disp_param, du 0 failed to get display params
[2022-03-13 15:08:31] [0003.430] E> tegrabl_linuxboot_add_disp_param, du 0 failed to get display params
[2022-03-13 15:08:31] [0003.437] E> tegrabl_linuxboot_add_disp_param, du 0 failed to get display params
[2022-03-13 15:08:31] [0003.444] I> disabled_core_mask: 0xffffff0c
[2022-03-13 15:08:31] [0003.449] W> No valid slot number is found in scratch register
[2022-03-13 15:08:31] [0003.454] W> Return default slot: _a
[2022-03-13 15:08:31] [0003.458] I> Active slot suffix: 
[2022-03-13 15:08:32] [0003.461] I> add_boot_slot_suffix: slot_suffix = 
[2022-03-13 15:08:32] [0003.465] I> Linux Cmdline: console=ttyS0,115200 androidboot.presilicon=true firmware_class.path=/etc/firmware root=/dev/mmcblk0p1 rw rootwait rootfstype=ext4 console=ttyS0,115200n8 console=tty0 fbcon=map:0 net.ifnames=0 isolcpus=1-2  video=tegrafb earlycon=uart8250,mmio32,0x3100000 nvdumper_reserved=0x2772e0000 gpt rootfs.slot_suffix= usbcore.old_scheme_first=1 tegraid=18.1.2.0.0 maxcpus=6 no_console_suspend boot.slot_suffix= boot.ratchetvalues=0.2031647.1 vpr_resize bl_prof_dataptr=0x10000@0x275840000 sdhci_tegra.en_boot_part_access=1 
[2022-03-13 15:08:32] [0003.513] I> Updated bootarg info to DTB
[2022-03-13 15:08:32] [0003.516] I> eeprom_get_mac_addr: MAC (type: 0): 48:b0:2d:0f:11:c5
[2022-03-13 15:08:32] [0003.523] I> eeprom_get_mac_addr: MAC (type: 1): 48:b0:2d:0f:11:c6
[2022-03-13 15:08:32] [0003.529] I> eeprom_get_mac_addr: MAC (type: 2): 48:b0:2d:0f:11:c7
[2022-03-13 15:08:32] [0003.535] E> Found no plugin manager ids in source DT
[2022-03-13 15:08:32] [0003.540] W> Add plugin manager ids from board info
[2022-03-13 15:08:32] [0003.545] W> "plugin-manager" doesn't exist, creating
[2022-03-13 15:08:32] [0003.550] W> "ids" doesn't exist, creating
[2022-03-13 15:08:32] [0003.554] W> "connection" doesn't exist, creating
[2022-03-13 15:08:32] [0003.558] W> "configs" doesn't exist, creating
[2022-03-13 15:08:32] [0003.563] I> create_pm_ids: id: 3310-1000-D00-L, len: 15
[2022-03-13 15:08:32] [0003.568] I> config: mem-type:00,power-config:00,misc-config:00,modem-config:00,touch-config:00,display-config:00,, len: 93
[2022-03-13 15:08:32] [0003.579] I> create_pm_ids: id: 2597-0000-900-E, len: 15
[2022-03-13 15:08:32] [0003.584] I> config: mem-type:00,power-config:00,misc-config:00,modem-config:00,touch-config:00,display-config:00,, len: 93
[2022-03-13 15:08:32] [0003.595] I> create_pm_ids: id: 3326-1000-000-M, len: 15
[2022-03-13 15:08:32] [0003.600] I> config: mem-type:ff,power-config:ff,misc-config:ff,modem-config:ff,touch-config:ff,display-config:ff,, len: 93
[2022-03-13 15:08:32] [0003.611] I> Adding plugin-manager/ids/3310-1000-D00=/i2c@c250000:module@0x50
[2022-03-13 15:08:32] [0003.618] W> "i2c@c250000" doesn't exist, creating
[2022-03-13 15:08:32] [0003.623] W> "module@0x50" doesn't exist, creating
[2022-03-13 15:08:32] [0003.628] I> Adding plugin-manager/ids/2597-0000-900=/i2c@c250000:module@0x57
[2022-03-13 15:08:32] [0003.635] W> "module@0x57" doesn't exist, creating
[2022-03-13 15:08:32] [0003.640] I> Adding plugin-manager/ids/3326-1000-000=/i2c@3180000:module@0x54
[2022-03-13 15:08:32] [0003.647] W> "i2c@3180000" doesn't exist, creating
[2022-03-13 15:08:32] [0003.652] W> "module@0x54" doesn't exist, creating
[2022-03-13 15:08:32] [0003.659] I> Adding plugin-manager/ids/3310-1000-D00-L
[2022-03-13 15:08:32] [0003.666] I> Adding plugin-manager/configs/3310-mem-type 00
[2022-03-13 15:08:32] [0003.671] I> Adding plugin-manager/configs/3310-power-config 00
[2022-03-13 15:08:32] [0003.677] I> Adding plugin-manager/configs/3310-misc-config 00
[2022-03-13 15:08:32] [0003.683] I> Adding plugin-manager/configs/3310-modem-config 00
[2022-03-13 15:08:32] [0003.689] I> Adding plugin-manager/configs/3310-touch-config 00
[2022-03-13 15:08:32] [0003.695] I> Adding plugin-manager/configs/3310-display-config 00
[2022-03-13 15:08:32] [0003.701] I> Adding plugin-manager/cvm
[2022-03-13 15:08:32] [0003.705] W> "chip-id" doesn't exist, creating
[2022-03-13 15:08:32] [0003.709] I> Adding plugin-manager/chip-id/A02P
[2022-03-13 15:08:32] [0003.714] W> "odm-data" doesn't exist, creating
[2022-03-13 15:08:32] [0003.719] I> Adding /chosen/plugin-manager/odm-data
[2022-03-13 15:08:32] [0003.728] I> added [base:0x80000000, size:0x70000000] to /memory
[2022-03-13 15:08:32] [0003.734] I> added [base:0xf0200000, size:0x185600000] to /memory
[2022-03-13 15:08:32] [0003.740] I> added [base:0x275e00000, size:0x200000] to /memory
[2022-03-13 15:08:32] [0003.746] I> added [base:0x276600000, size:0x200000] to /memory
[2022-03-13 15:08:32] [0003.752] I> added [base:0x277000000, size:0x200000] to /memory
[2022-03-13 15:08:32] [0003.757] I> Updated memory info to DTB
[2022-03-13 15:08:32] [0003.762] E> add_disp_param: failed to get display params for du=0
[2022-03-13 15:08:32] [0003.770] W> "reset" doesn't exist, creating
[2022-03-13 15:08:32] [0003.774] W> "pmc-reset-reason" doesn't exist, creating
[2022-03-13 15:08:32] [0003.780] W> "pmic-reset-reason" doesn't exist, creating
[2022-03-13 15:08:32] [0003.786] I> Adding ecid(00000001646db7851000000013038200) to DT
[2022-03-13 15:08:32] [0003.792] I> disabled_core_mask: 0xffffff0c
[2022-03-13 15:08:32] [0003.805] I> Add serial number:1422420022173 as DT property
[2022-03-13 15:08:32] [0003.814] I> Plugin-manager override starting
[2022-03-13 15:08:32] [0003.819] I> node /plugin-manager/fragement@0 matches
[2022-03-13 15:08:32] [0003.830] I> node /plugin-manager/fragement@4 matches
[2022-03-13 15:08:32] [0003.843] I> node /plugin-manager/fragment-sdwake-p3310-1000-300 matches
[2022-03-13 15:08:32] [0003.863] I> node /plugin-manager/fragement-pmon-p3310-1000-300 matches
[2022-03-13 15:08:32] [0003.872] I> node /plugin-manager/fragement-pmon-p3310-1000-800 matches
[2022-03-13 15:08:32] [0003.881] I> node /plugin-manager/fragment-devslp@0 matches
[2022-03-13 15:08:32] [0003.893] I> node /plugin-manager/fragment-500-pcie-config matches
[2022-03-13 15:08:32] [0003.908] I> node /plugin-manager/fragment-500-xusb-config matches
[2022-03-13 15:08:32] [0003.931] I> node /plugin-manager/fragment-p3310-c00-comm matches
[2022-03-13 15:08:32] [0003.945] I> node /plugin-manager/fragment-p3310-c00-pmic matches
[2022-03-13 15:08:32] [0003.956] I> node /plugin-manager/fragment-p3310-c01 matches
[2022-03-13 15:08:32] [0003.969] I> node /plugin-manager/fragment-p3310-c03 matches
[2022-03-13 15:08:32] [0004.011] I> node /plugin-manager/fragment-e3326@0 matches
[2022-03-13 15:08:32] [0004.093] I> node /plugin-manager/fragment-p3310-c00-camera matches
[2022-03-13 15:08:32] [0004.120] I> Disable plugin-manager status in FDT
[2022-03-13 15:08:32] [0004.125] I> Plugin-manager override finished successfully
[2022-03-13 15:08:32] [0004.130] I> tegrabl_load_kernel_and_dtb: Done
[2022-03-13 15:08:32] [0004.134] E> tegrabl_display_clear: display is not initialized
[2022-03-13 15:08:32] [0004.140] W> Boot logo display failed...
[2022-03-13 15:08:32] [0004.144] I> Kernel EP: 0x80600000, DTB: 0x80000000
[2022-03-13 15:08:32] 
[2022-03-13 15:08:32] 
[2022-03-13 15:08:32] U-Boot 2020.04-g46e4604c78 (Jul 26 2021 - 12:10:58 -0700)
[2022-03-13 15:08:32] 
[2022-03-13 15:08:32] SoC: tegra186
[2022-03-13 15:08:32] Model: NVIDIA P2771-0000-500
[2022-03-13 15:08:32] Board: NVIDIA P2771-0000
[2022-03-13 15:08:32] DRAM:  7.8 GiB
[2022-03-13 15:08:32] MMC:   sdhci@3400000: 1, sdhci@3460000: 0
[2022-03-13 15:08:32] Loading Environment from MMC... *** Warning - bad CRC, using default environment
[2022-03-13 15:08:32] 
[2022-03-13 15:08:32] In:    serial
[2022-03-13 15:08:32] Out:   serial
[2022-03-13 15:08:32] Err:   serial
[2022-03-13 15:08:32] Net:   
[2022-03-13 15:08:32] Warning: ethernet@2490000 using MAC address from ROM
[2022-03-13 15:08:32] eth0: ethernet@2490000
[2022-03-13 15:08:32] Hit any key to stop autoboot:  2  1  0 
[2022-03-13 15:08:34] MMC: no card present
[2022-03-13 15:08:35] switch to partitions #0, OK
[2022-03-13 15:08:35] mmc0(part 0) is current device
[2022-03-13 15:08:35] Scanning mmc 0:1...
[2022-03-13 15:08:35] Found /boot/extlinux/extlinux.conf
[2022-03-13 15:08:35] Retrieving file: /boot/extlinux/extlinux.conf
[2022-03-13 15:08:35] 858 bytes read in 22 ms (38.1 KiB/s)
[2022-03-13 15:08:35] 1:	primary kernel
[2022-03-13 15:08:35] Retrieving file: /boot/initrd
[2022-03-13 15:08:35] 7238344 bytes read in 201 ms (34.3 MiB/s)
[2022-03-13 15:08:35] Retrieving file: /boot/Image
[2022-03-13 15:08:36] 34484232 bytes read in 830 ms (39.6 MiB/s)
[2022-03-13 15:08:36] append: console=ttyS0,115200 androidboot.presilicon=true firmware_class.path=/etc/firmware root=/dev/mmcblk0p1 rw rootwait rootfstype=ext4 console=ttyS0,115200n8 console=tty0 fbcon=map:0 net.ifnames=0 isolcpus=1-2  video=tegrafb earlycon=uart8250,mmio32,0x3100000 nvdumper_reserved=0x2772e0000 gpt rootfs.slot_suffix= usbcore.old_scheme_first=1 tegraid=18.1.2.0.0 maxcpus=6 no_console_suspend boot.slot_suffix= boot.ratchetvalues=0.2031647.1 vpr_resize bl_prof_dataptr=0x10000@0x275840000 sdhci_tegra.en_boot_part_access=1 quiet root=/dev/mmcblk0p1 rw rootwait rootfstype=ext4 console=ttyS0,115200n8 console=tty0 fbcon=map:0 net.ifnames=0 isolcpus=1-2 
[2022-03-13 15:08:36] ## Flattened Device Tree blob at 80000000
[2022-03-13 15:08:36]    Booting using the fdt blob at 0x80000000
[2022-03-13 15:08:36] ERROR: reserving fdt memory region failed (addr=0 size=0)
[2022-03-13 15:08:36] ERROR: reserving fdt memory region failed (addr=0 size=0)
[2022-03-13 15:08:36] ERROR: reserving fdt memory region failed (addr=0 size=0)
[2022-03-13 15:08:36]    Using Device Tree in place at 0000000080000000, end 0000000080060aa3
[2022-03-13 15:08:36] copying carveout for /host1x@13e00000/display-hub@15200000/display@15200000...
[2022-03-13 15:08:36] copying carveout for /host1x@13e00000/display-hub@15200000/display@15210000...
[2022-03-13 15:08:36] copying carveout for /host1x@13e00000/display-hub@15200000/display@15220000...
[2022-03-13 15:08:36] 
[2022-03-13 15:08:36] Starting kernel ...
[2022-03-13 15:08:36] 
[2022-03-13 15:08:36] [    0.000000] Booting Linux on physical CPU 0x100
[2022-03-13 15:08:36] [    0.000000] Linux version 4.9.253-tegra (buildbrain@mobile-u64-5497-d3000) (gcc version 7.3.1 20180425 [linaro-7.3-2018.05 revision d29120a424ecfbc167ef90065c0eeb7f91977701] (Linaro GCC 7.3-2018.05) ) #1 SMP PREEMPT Mon Jul 26 12:19:28 PDT 2021
[2022-03-13 15:08:36] [    0.000000] Boot CPU: AArch64 Processor [411fd073]
[2022-03-13 15:08:36] [    0.000000] OF: fdt:memory scan node memory@80000000, reg size 80,
[2022-03-13 15:08:36] [    0.000000] OF: fdt: - 80000000 ,  70000000
[2022-03-13 15:08:36] [    0.000000] OF: fdt: - f0200000 ,  185600000
[2022-03-13 15:08:36] [    0.000000] OF: fdt: - 275e00000 ,  200000
[2022-03-13 15:08:36] [    0.000000] OF: fdt: - 276600000 ,  200000
[2022-03-13 15:08:36] [    0.000000] OF: fdt: - 277000000 ,  200000
[2022-03-13 15:08:36] [    0.000000] earlycon: uart8250 at MMIO32 0x0000000003100000 (options '')
[2022-03-13 15:08:36] [    0.000000] bootconsole [uart8250] enabled
[2022-03-13 15:08:38] [    1.856584] cgroup: cgroup2: unknown option "nsdelegate"
[2022-03-13 15:08:40] [    3.120181] using random self ethernet address
[2022-03-13 15:08:40] [    3.130448] using random host ethernet address
[2022-03-13 15:08:40] [    3.192356] random: crng init done
[2022-03-13 15:08:40] [    3.195764] random: 7 urandom warning(s) missed due to ratelimiting
[2022-03-13 15:08:40] [    3.232911] FAT-fs (loop0): Volume was not properly unmounted. Some data may be corrupt. Please run fsck.
[2022-03-13 15:08:40] [    3.802824] using random self ethernet address
[2022-03-13 15:08:40] [    3.807796] using random host ethernet address
[2022-03-13 15:08:40] [    3.830531] CPU1: shutdown
[2022-03-13 15:08:40] [    3.891016] CPU2: shutdown
[2022-03-13 15:08:42] [    5.014309] Bridge firewalling registered
[2022-03-13 15:08:45] 
[2022-03-13 15:08:45] Ubuntu 18.04.5 LTS JTX2-A ttyS0
[2022-03-13 15:08:45] 
[2022-03-13 15:08:45] JTX2-A login: [0000.288] I> Welcome to MB2(TBoot-BPMP)(version: 01.00.160913-t186-M-00.00-mobile-c368a720)
