[0000.312] I> Welcome to MB2(TBoot-BPMP)(version: 01.00.160913-t186-M-00.00-mobile-c368a720)
[2022-03-12 14:41:08] [0000.320] I> Boot-device: eMMC
[2022-03-12 14:41:08] [0000.328] I> sdmmc bdev is already initialized
[2022-03-12 14:41:08] [0000.332] I> pmic: reset reason (nverc)	: 0x80
[2022-03-12 14:41:08] [0000.365] I> Found 19 partitions in SDMMC_BOOT (instance 3)
[2022-03-12 14:41:08] [0000.385] I> Found 33 partitions in SDMMC_USER (instance 3)
[2022-03-12 14:41:09] [0000.391] W> No valid slot number is found in scratch register
[2022-03-12 14:41:09] [0000.397] W> Return default slot: _a
[2022-03-12 14:41:09] [0000.400] I> A/B: bin_type (16) slot 0
[2022-03-12 14:41:09] [0000.404] I> Loading partition bpmp-fw at 0xd7800000
[2022-03-12 14:41:09] [0000.409] I> Reading two headers - addr:0xd7800000 blocks:1
[2022-03-12 14:41:09] [0000.414] I> Addr: 0xd7800000, start-block: 58777608, num_blocks: 1
[2022-03-12 14:41:09] [0000.439] I> Binary(16) of size 534416 is loaded @ 0xd7800000
[2022-03-12 14:41:09] [0000.445] W> No valid slot number is found in scratch register
[2022-03-12 14:41:09] [0000.450] W> Return default slot: _a
[2022-03-12 14:41:09] [0000.454] I> A/B: bin_type (17) slot 0
[2022-03-12 14:41:09] [0000.457] I> Loading partition bpmp-fw-dtb at 0xd79f0000
[2022-03-12 14:41:09] [0000.462] I> Reading two headers - addr:0xd79f0000 blocks:1
[2022-03-12 14:41:09] [0000.468] I> Addr: 0xd79f0000, start-block: 58780024, num_blocks: 1
[2022-03-12 14:41:09] [0000.494] I> Binary(17) of size 604720 is loaded @ 0xd796c400
[2022-03-12 14:41:09] [0000.724] I> Loading SCE-FW ...
[2022-03-12 14:41:09] [0000.727] W> No valid slot number is found in scratch register
[2022-03-12 14:41:09] [0000.732] W> Return default slot: _a
[2022-03-12 14:41:09] [0000.736] I> A/B: bin_type (12) slot 0
[2022-03-12 14:41:09] [0000.739] I> Loading partition sce-fw at 0xd7300000
[2022-03-12 14:41:09] [0000.744] I> Reading two headers - addr:0xd7300000 blocks:1
[2022-03-12 14:41:09] [0000.749] I> Addr: 0xd7300000, start-block: 58784120, num_blocks: 1
[2022-03-12 14:41:09] [0000.769] I> Binary(12) of size 125632 is loaded @ 0xd7300000
[2022-03-12 14:41:09] [0000.774] I> Init SCE
[2022-03-12 14:41:09] [0000.777] I> Loading APE-FW ...
[2022-03-12 14:41:09] [0000.780] W> No valid slot number is found in scratch register
[2022-03-12 14:41:09] [0000.785] W> Return default slot: _a
[2022-03-12 14:41:09] [0000.789] I> A/B: bin_type (11) slot 0
[2022-03-12 14:41:09] [0000.792] I> Loading partition adsp-fw at 0xd7400000
[2022-03-12 14:41:09] [0000.797] I> Reading two headers - addr:0xd7400000 blocks:1
[2022-03-12 14:41:09] [0000.803] I> Addr: 0xd7400000, start-block: 58761224, num_blocks: 1
[2022-03-12 14:41:09] [0000.822] I> Binary(11) of size 77216 is loaded @ 0xd7400000
[2022-03-12 14:41:09] [0000.828] I> Copy BTCM section
[2022-03-12 14:41:09] [0000.830] W> No valid slot number is found in scratch register
[2022-03-12 14:41:09] [0000.836] W> Return default slot: _a
[2022-03-12 14:41:09] [0000.840] I> A/B: bin_type (13) slot 0
[2022-03-12 14:41:09] [0000.843] I> Loading partition cpu-bootloader at 0x96000000
[2022-03-12 14:41:09] [0000.849] I> Reading two headers - addr:0x96000000 blocks:1
[2022-03-12 14:41:09] [0000.854] I> Addr: 0x96000000, start-block: 58740744, num_blocks: 1
[2022-03-12 14:41:09] [0000.875] I> Binary(13) of size 308800 is loaded @ 0x96000000
[2022-03-12 14:41:09] [0000.881] W> No valid slot number is found in scratch register
[2022-03-12 14:41:09] [0000.886] W> Return default slot: _a
[2022-03-12 14:41:09] [0000.890] I> A/B: bin_type (20) slot 0
[2022-03-12 14:41:09] [0000.893] I> Loading partition bootloader-dtb at 0x85205400
[2022-03-12 14:41:09] [0000.899] I> Reading two headers - addr:0x85205400 blocks:1
[2022-03-12 14:41:09] [0000.904] I> Addr: 0x85205400, start-block: 58742792, num_blocks: 1
[2022-03-12 14:41:09] [0000.926] I> Binary(20) of size 375568 is loaded @ 0x85205400
[2022-03-12 14:41:09] [0000.932] W> No valid slot number is found in scratch register
[2022-03-12 14:41:09] [0000.938] W> Return default slot: _a
[2022-03-12 14:41:09] [0000.941] I> A/B: bin_type (14) slot 0
[2022-03-12 14:41:09] [0000.945] I> Loading partition secure-os at 0x85305600
[2022-03-12 14:41:09] [0000.950] I> Reading two headers - addr:0x85305600 blocks:1
[2022-03-12 14:41:09] [0000.955] I> Addr: 0x85305600, start-block: 58744840, num_blocks: 1
[2022-03-12 14:41:09] [0000.977] I> Binary(14) of size 402864 is loaded @ 0x85305600
[2022-03-12 14:41:09] [0000.985] I> TOS boot-params @ 0x85000000
[2022-03-12 14:41:09] [0000.989] I> TOS params prepared
[2022-03-12 14:41:09] [0000.992] I> Loading EKS ...
[2022-03-12 14:41:09] [0000.995] I> A/B: bin_type (15) slot 0
[2022-03-12 14:41:09] [0000.998] I> Loading partition eks at 0x85905800
[2022-03-12 14:41:09] [0001.003] I> Reading two headers - addr:0x85905800 blocks:1
[2022-03-12 14:41:09] [0001.008] I> Addr: 0x85905800, start-block: 58757128, num_blocks: 1
[2022-03-12 14:41:09] [0001.027] I> Binary(15) of size 1040 is loaded @ 0x85905800
[2022-03-12 14:41:09] [0001.032] I> EKB detected (length: 0x400) @ 0x85905800
[2022-03-12 14:41:09] [0001.037] I> Copied encrypted keys
[2022-03-12 14:41:09] [0001.041] I> boot profiler @ 0x275844000
[2022-03-12 14:41:09] [0001.045] I> boot profiler for TOS @ 0x275844000
[2022-03-12 14:41:09] [0001.050] I> Unhalting SCE
[2022-03-12 14:41:09] [0001.052] I> Primary Memory Start:80000000 Size:70000000
[2022-03-12 14:41:09] [0001.058] I> Extended Memory Start:f0110000 Size:1856f0000
[2022-03-12 14:41:09] [0001.065] I> MB2(TBoot-BPMP) done
[2022-03-12 14:41:09] 
[2022-03-12 14:41:09] NOTICE:  BL31: v1.3(release):b5eeb33f7
[2022-03-12 14:41:09] NOTICE:  BL31: Built : 12:15:17, Jul 26 2021
[2022-03-12 14:41:09] ipc-unittest-main: 1519: Welcome to IPC unittest!!!
[2022-03-12 14:41:09] ipc-unittest-main: 1531: waiting forever
[2022-03-12 14:41:09] ipc-unittest-srv: 329: Init unittest services!!!
[2022-03-12 14:41:09] hwkey-agent: 41: hwkey-agent is running!!
[2022-03-12 14:41:09] hwkey-agent: 315: key_mgnt_processing .......
[2022-03-12 14:41:09] hwkey-agent: 223: Setting EKB key 0 to slot 14
[2022-03-12 14:41:09] hwkey-agent: 178: Init hweky-agent services!!
[2022-03-12 14:41:09] luks-srv: 40: luks-srv is running!!
[2022-03-12 14:41:09] luks-srv: 157: Init luks-srv IPC services!!
[2022-03-12 14:41:09] platform_bootstrap_epilog: trusty bootstrap complete
[2022-03-12 14:41:10] [0001.437] I> Welcome to Cboot
[2022-03-12 14:41:10] [0001.440] I> Cboot Version: t186-00029e71
[2022-03-12 14:41:10] [0001.443] I> CPU-BL Params @ 0x275800000
[2022-03-12 14:41:10] [0001.447] I>  0) Base:0x00000000 Size:0x00000000
[2022-03-12 14:41:10] [0001.452] I>  1) Base:0x277f00000 Size:0x00100000
[2022-03-12 14:41:10] [0001.456] I>  2) Base:0x277e00000 Size:0x00100000
[2022-03-12 14:41:10] [0001.461] I>  3) Base:0x277d00000 Size:0x00100000
[2022-03-12 14:41:10] [0001.465] I>  4) Base:0x277c00000 Size:0x00100000
[2022-03-12 14:41:10] [0001.470] I>  5) Base:0x277b00000 Size:0x00100000
[2022-03-12 14:41:10] [0001.474] I>  6) Base:0x277800000 Size:0x00200000
[2022-03-12 14:41:10] [0001.479] I>  7) Base:0x277400000 Size:0x00400000
[2022-03-12 14:41:10] [0001.483] I>  8) Base:0x277a00000 Size:0x00100000
[2022-03-12 14:41:10] [0001.488] I>  9) Base:0x277300000 Size:0x00100000
[2022-03-12 14:41:10] [0001.492] I> 10) Base:0x276800000 Size:0x00800000
[2022-03-12 14:41:10] [0001.497] I> 11) Base:0x30000000 Size:0x00040000
[2022-03-12 14:41:10] [0001.501] I> 12) Base:0xf0000000 Size:0x00100000
[2022-03-12 14:41:10] [0001.506] I> 13) Base:0x30040000 Size:0x00001000
[2022-03-12 14:41:10] [0001.510] I> 14) Base:0x30048000 Size:0x00001000
[2022-03-12 14:41:10] [0001.514] I> 15) Base:0x30049000 Size:0x00001000
[2022-03-12 14:41:10] [0001.519] I> 16) Base:0x3004a000 Size:0x00001000
[2022-03-12 14:41:10] [0001.523] I> 17) Base:0x3004b000 Size:0x00001000
[2022-03-12 14:41:10] [0001.528] I> 18) Base:0x3004c000 Size:0x00001000
[2022-03-12 14:41:10] [0001.532] I> 19) Base:0x3004d000 Size:0x00001000
[2022-03-12 14:41:10] [0001.537] I> 20) Base:0x3004e000 Size:0x00001000
[2022-03-12 14:41:10] [0001.541] I> 21) Base:0x3004f000 Size:0x00001000
[2022-03-12 14:41:10] [0001.545] I> 22) Base:0x00000000 Size:0x00000000
[2022-03-12 14:41:10] [0001.550] I> 23) Base:0xf0100000 Size:0x00010000
[2022-03-12 14:41:10] [0001.554] I> 24) Base:0x00000000 Size:0x00000000
[2022-03-12 14:41:10] [0001.559] I> 25) Base:0x00000000 Size:0x00000000
[2022-03-12 14:41:10] [0001.563] I> 26) Base:0x00000000 Size:0x00000000
[2022-03-12 14:41:10] [0001.568] I> 27) Base:0x00000000 Size:0x00000000
[2022-03-12 14:41:10] [0001.572] I> 28) Base:0x84400000 Size:0x00400000
[2022-03-12 14:41:10] [0001.576] I> 29) Base:0x30000000 Size:0x00010000
[2022-03-12 14:41:10] [0001.581] I> 30) Base:0x278000000 Size:0x08000000
[2022-03-12 14:41:10] [0001.585] I> 31) Base:0x00000000 Size:0x00000000
[2022-03-12 14:41:10] [0001.590] I> 32) Base:0x276000000 Size:0x00600000
[2022-03-12 14:41:10] [0001.594] I> 33) Base:0x80000000 Size:0x70000000
[2022-03-12 14:41:10] [0001.599] I> 34) Base:0xf0110000 Size:0x1856f0000
[2022-03-12 14:41:10] [0001.603] I> 35) Base:0x00000000 Size:0x00000000
[2022-03-12 14:41:10] [0001.608] I> 36) Base:0x00000000 Size:0x00000000
[2022-03-12 14:41:10] [0001.612] I> 37) Base:0x2772e0000 Size:0x00020000
[2022-03-12 14:41:10] [0001.617] I> 38) Base:0x84000000 Size:0x00400000
[2022-03-12 14:41:10] [0001.621] I> 39) Base:0x96000000 Size:0x02000000
[2022-03-12 14:41:10] [0001.626] I> 40) Base:0x85000000 Size:0x01200000
[2022-03-12 14:41:10] [0001.630] I> 41) Base:0x275800000 Size:0x00500000
[2022-03-12 14:41:10] [0001.634] I> 42) Base:0x00000000 Size:0x00000000
[2022-03-12 14:41:10] [0001.639] I> 43) Base:0x00000000 Size:0x00000000
[2022-03-12 14:41:10] [0001.643] GIC-SPI Target CPU: 4
[2022-03-12 14:41:10] [0001.647] Interrupts Init done
[2022-03-12 14:41:10] [0001.650] calling constructors
[2022-03-12 14:41:10] [0001.653] initializing heap
[2022-03-12 14:41:10] [0001.656] initializing threads
[2022-03-12 14:41:10] [0001.659] initializing timers
[2022-03-12 14:41:10] [0001.662] creating bootstrap completion thread
[2022-03-12 14:41:10] [0001.667] top of bootstrap2()
[2022-03-12 14:41:10] [0001.670] CPU: ARM Cortex A57
[2022-03-12 14:41:10] [0001.673] CPU: MIDR: 0x411FD073, MPIDR: 0x80000100
[2022-03-12 14:41:10] [0001.678] initializing platform
[2022-03-12 14:41:10] [0001.681] I> Bl_dtb @0x85205400
[2022-03-12 14:41:10] [0001.684] I> gpio framework initialized
[2022-03-12 14:41:10] [0001.691] I> tegrabl_gpio_driver_register: register 'nvidia,tegra186-gpio' driver
[2022-03-12 14:41:10] [0001.701] I> tegrabl_gpio_driver_register: register 'nvidia,tegra186-gpio-aon' driver
[2022-03-12 14:41:10] [0001.709] I> GPIO framework and drivers are initialized.
[2022-03-12 14:41:10] [0001.714] I> Boot-device: eMMC
[2022-03-12 14:41:10] [0001.721] I> sdmmc bdev is already initialized
[2022-03-12 14:41:10] [0001.752] I> Found 19 partitions in SDMMC_BOOT (instance 3)
[2022-03-12 14:41:10] [0001.769] I> Found 33 partitions in SDMMC_USER (instance 3)
[2022-03-12 14:41:10] [0001.775] W> opt-in fuse is not set, skip fuse_burning
[2022-03-12 14:41:10] [0001.780] I> Reserved memory at 0xfbe00000 for U-Boot relocation
[2022-03-12 14:41:10] [0001.785] W> No valid slot number is found in scratch register
[2022-03-12 14:41:10] [0001.791] W> Return default slot: _a
[2022-03-12 14:41:10] [0001.801] I> A/B: bin_type (21) slot 0
[2022-03-12 14:41:10] [0001.804] I> Loading kernel-dtb from partition
[2022-03-12 14:41:10] [0001.808] I> Loading partition kernel-dtb at 0x80000000 from device(0x1)
[2022-03-12 14:41:10] [0001.826] I> Kernel_dtb @0x80000000
[2022-03-12 14:41:10] [0001.829] I> tegrabl_tca9539_init: i2c bus: 0, slave addr: 0xee
[2022-03-12 14:41:10] [0001.839] I> tegrabl_gpio_driver_register: register 'tca9539_gpio_driver' driver
[2022-03-12 14:41:10] [0001.846] I> tegrabl_tca9539_init: i2c bus: 0, slave addr: 0xe8
[2022-03-12 14:41:10] [0001.855] I> tegrabl_gpio_driver_register: register 'tca9539_gpio_driver' driver
[2022-03-12 14:41:10] [0001.866] I> fixed regulator driver initialized
[2022-03-12 14:41:10] [0001.899] I> register 'maxim' power off handle
[2022-03-12 14:41:10] [0001.905] I> virtual i2c enabled
[2022-03-12 14:41:10] [0001.908] I> registered 'maxim,max77620' pmic
[2022-03-12 14:41:10] [0001.913] I> tegrabl_gpio_driver_register: register 'max77620-gpio' driver
[2022-03-12 14:41:10] [0001.927] E> failed to read label property for node 324936: 13
[2022-03-12 14:41:10] [0001.935] E> failed to read reg property for node 325032: 13
[2022-03-12 14:41:10] [0001.943] E> failed to read reg property for node 325084: 13
[2022-03-12 14:41:10] [0001.951] E> failed to read label property for node 325168: 13
[2022-03-12 14:41:10] [0001.960] E> failed to read label property for node 325236: 13
[2022-03-12 14:41:10] [0001.968] E> failed to read reg property for node 325304: 13
[2022-03-12 14:41:10] [0001.977] E> failed to read reg property for node 325376: 13
[2022-03-12 14:41:10] [0001.987] I> Find /i2c@c250000's alias i2c7
[2022-03-12 14:41:10] [0001.991] I> Reading eeprom i2c=7 address=0x50
[2022-03-12 14:41:10] [0002.020] I> Device at /i2c@c250000:0x50
[2022-03-12 14:41:10] [0002.024] I> Reading eeprom i2c=7 address=0x57
[2022-03-12 14:41:10] [0002.053] I> Device at /i2c@c250000:0x57
[2022-03-12 14:41:10] [0002.057] I> Find /i2c@c240000's alias i2c1
[2022-03-12 14:41:10] [0002.061] I> Reading eeprom i2c=1 address=0x51
[2022-03-12 14:41:10] [0002.066] E> I2C: slave not found in slaves.
[2022-03-12 14:41:10] [0002.070] E> I2C: Could not write 0 bytes to slave: 0x00a2 with repeat start true.
[2022-03-12 14:41:10] [0002.078] E> I2C_DEV: Failed to send register address 0x00000000.
[2022-03-12 14:41:10] [0002.084] E> I2C_DEV: Could not read 256 registers of size 1 from slave 0xa2 at 0x00000000 via instance 1.
[2022-03-12 14:41:10] [0002.093] E> eeprom: Retry to read I2C slave device.
[2022-03-12 14:41:10] [0002.098] E> I2C: slave not found in slaves.
[2022-03-12 14:41:10] [0002.102] E> I2C: Could not write 0 bytes to slave: 0x00a2 with repeat start true.
[2022-03-12 14:41:10] [0002.110] E> I2C_DEV: Failed to send register address 0x00000000.
[2022-03-12 14:41:10] [0002.116] E> I2C_DEV: Could not read 256 registers of size 1 from slave 0xa2 at 0x00000000 via instance 1.
[2022-03-12 14:41:10] [0002.125] E> eeprom: Failed to read I2C slave device
[2022-03-12 14:41:10] [0002.130] I> Eeprom read failed 0x3526070d
[2022-03-12 14:41:10] [0002.135] I> Find /i2c@3160000's alias i2c0
[2022-03-12 14:41:10] [0002.139] I> Reading eeprom i2c=0 address=0x50
[2022-03-12 14:41:10] [0002.143] E> I2C: slave not found in slaves.
[2022-03-12 14:41:10] [0002.147] E> I2C: Could not write 0 bytes to slave: 0x00a0 with repeat start true.
[2022-03-12 14:41:10] [0002.155] E> I2C_DEV: Failed to send register address 0x00000000.
[2022-03-12 14:41:10] [0002.161] E> I2C_DEV: Could not read 256 registers of size 1 from slave 0xa0 at 0x00000000 via instance 0.
[2022-03-12 14:41:10] [0002.170] E> eeprom: Failed to read I2C slave device
[2022-03-12 14:41:10] [0002.175] I> Eeprom read failed 0x3526070d
[2022-03-12 14:41:10] [0002.180] I> Find /i2c@3180000's alias i2c2
[2022-03-12 14:41:10] [0002.184] I> Reading eeprom i2c=2 address=0x54
[2022-03-12 14:41:10] [0002.188] I> Enabling gpio chip_id = 2, gpio pin = 9
[2022-03-12 14:41:10] [0002.219] I> Disabling gpio chip_id = 2, gpio pin = 9
[2022-03-12 14:41:10] [0002.224] I> Device at /i2c@3180000:0x54
[2022-03-12 14:41:10] [0002.228] I> Reading eeprom i2c=2 address=0x57
[2022-03-12 14:41:10] [0002.232] I> Enabling gpio chip_id = 2, gpio pin = 9
[2022-03-12 14:41:10] [0002.238] E> I2C: slave not found in slaves.
[2022-03-12 14:41:10] [0002.242] E> I2C: Could not write 0 bytes to slave: 0x00ae with repeat start true.
[2022-03-12 14:41:10] [0002.249] E> I2C_DEV: Failed to send register address 0x00000000.
[2022-03-12 14:41:10] [0002.255] E> I2C_DEV: Could not read 256 registers of size 1 from slave 0xae at 0x00000000 via instance 2.
[2022-03-12 14:41:10] [0002.265] E> eeprom: Failed to read I2C slave device
[2022-03-12 14:41:10] [0002.269] I> Disabling gpio chip_id = 2, gpio pin = 9
[2022-03-12 14:41:10] [0002.275] I> Eeprom read failed 0x00000000
[2022-03-12 14:41:10] [0002.279] I> create_pm_ids: id: 3310-1000-D00-L, len: 15
[2022-03-12 14:41:10] [0002.284] I> config: mem-type:00,power-config:00,misc-config:00,modem-config:00,touch-config:00,display-config:00,, len: 93
[2022-03-12 14:41:10] [0002.295] I> create_pm_ids: id: 2597-0000-900-E, len: 15
[2022-03-12 14:41:10] [0002.300] I> config: mem-type:00,power-config:00,misc-config:00,modem-config:00,touch-config:00,display-config:00,, len: 93
[2022-03-12 14:41:10] [0002.311] I> create_pm_ids: id: 3326-1000-000-M, len: 15
[2022-03-12 14:41:10] [0002.316] I> config: mem-type:ff,power-config:ff,misc-config:ff,modem-config:ff,touch-config:ff,display-config:ff,, len: 93
[2022-03-12 14:41:10] [0002.351] I> enabling 'vdd-hdmi' regulator
[2022-03-12 14:41:10] [0002.366] I> regulator 'vdd-hdmi' already enabled
[2022-03-12 14:41:10] [0002.371] E> tegrabl_display_init_regulator: hdmi cable is not connected
[2022-03-12 14:41:10] [0002.378] E> tegrabl_display_get_pdata, failed to parse dtb settings
[2022-03-12 14:41:10] [0002.386] E> cannot find any other nvdisp nodes
[2022-03-12 14:41:11] [0002.391] E> no valid display unit config found in dtb
[2022-03-12 14:41:11] [0002.397] W> display init failed
[2022-03-12 14:41:11] [0002.400] initializing target
[2022-03-12 14:41:11] [0002.403] calling apps_init()
[2022-03-12 14:41:11] [0002.406] starting app kernel_boot_app
[2022-03-12 14:41:11] [0002.428] I> found decompressor handler: lz4-legacy
[2022-03-12 14:41:11] [0002.433] I> decompressing BMP blob ...
[2022-03-12 14:41:11] [0002.445] I> Kernel type = Normal
[2022-03-12 14:41:11] [0002.448] I> ########## Fixed storage boot ##########
[2022-03-12 14:41:11] [0002.453] I> Loading kernel-bootctrl from partition
[2022-03-12 14:41:11] [0002.458] I> Loading partition kernel-bootctrl at 0xa8000000 from device(0x1)
[2022-03-12 14:41:11] [0002.472] W> tegrabl_get_kernel_bootctrl: magic number(0x00000000) is invalid
[2022-03-12 14:41:11] [0002.479] W> tegrabl_get_kernel_bootctrl: use default dummy boot control data
[2022-03-12 14:41:11] [0002.486] W> No valid slot number is found in scratch register
[2022-03-12 14:41:11] [0002.491] W> Return default slot: _a
[2022-03-12 14:41:11] [0002.495] I> A/B: bin_type (24) slot 0
[2022-03-12 14:41:11] [0002.510] I> Boot image size read from image header: 9913d
[2022-03-12 14:41:11] [0002.516] I> Boot image load address: 0x80400000
[2022-03-12 14:41:11] [0002.520] I> Loading kernel from partition
[2022-03-12 14:41:11] [0002.524] I> Loading partition kernel at 0x80400000 from device(0x1)
[2022-03-12 14:41:12] [0003.466] I> Validate kernel ...
[2022-03-12 14:41:12] [0003.469] I> T18x: Authenticate kernel (bin_type 24), max size 0x4000000
[2022-03-12 14:41:12] [0003.477] I> Decrypt the buffer ... [0003.481] W> tegrabl_decrypt_block: fuse (0x0) is not burnt to do encryption (0x4); skip decryption.
[2022-03-12 14:41:12] [0003.490] I> done
[2022-03-12 14:41:12] [0003.491] I> Checking boot.img header magic ... [0003.496] I> [OK]
[2022-03-12 14:41:12] [0003.497] I> kernel-dtb is already loaded
[2022-03-12 14:41:12] [0003.501] I> Validate kernel-dtb ...
[2022-03-12 14:41:12] [0003.505] I> T18x: Authenticate kernel-dtb (bin_type 21), max size 0x100000
[2022-03-12 14:41:12] [0003.512] I> Decrypt the buffer ... [0003.515] W> tegrabl_decrypt_block: fuse (0x0) is not burnt to do encryption (0x4); skip decryption.
[2022-03-12 14:41:12] [0003.524] I> done
[2022-03-12 14:41:12] [0003.526] I> Kernel hdr @0x80400000
[2022-03-12 14:41:12] [0003.529] I> Kernel dtb @0x80000000
[2022-03-12 14:41:12] [0003.533] I> decompressor handler not found
[2022-03-12 14:41:12] [0003.537] I> Copying kernel image (627005 bytes) from 0x80400800 to 0x80600000 ... [0003.544] I> Done
[2022-03-12 14:41:12] [0003.546] I> Move ramdisk (len: 0) from 0x8049a000 to 0x947d0000
[2022-03-12 14:41:12] [0003.553] I> Updated bpmp info to DTB
[2022-03-12 14:41:12] [0003.560] I> Ramdisk: Base: 0x947d0000; Size: 0x0
[2022-03-12 14:41:12] [0003.564] I> Updated initrd info to DTB
[2022-03-12 14:41:12] [0003.568] W> WARN: Fail to override "console=none" in commandline
[2022-03-12 14:41:12] [0003.574] I> Active rootfs suffix: 
[2022-03-12 14:41:12] [0003.577] E> tegrabl_linuxboot_add_disp_param, du 0 failed to get display params
[2022-03-12 14:41:12] [0003.584] E> tegrabl_linuxboot_add_disp_param, du 0 failed to get display params
[2022-03-12 14:41:12] [0003.591] E> tegrabl_linuxboot_add_disp_param, du 0 failed to get display params
[2022-03-12 14:41:12] [0003.599] I> disabled_core_mask: 0xffffff0c
[2022-03-12 14:41:12] [0003.603] W> No valid slot number is found in scratch register
[2022-03-12 14:41:12] [0003.608] W> Return default slot: _a
[2022-03-12 14:41:12] [0003.612] I> Active slot suffix: 
[2022-03-12 14:41:12] [0003.615] I> add_boot_slot_suffix: slot_suffix = 
[2022-03-12 14:41:12] [0003.619] I> Linux Cmdline: console=ttyS0,115200 androidboot.presilicon=true firmware_class.path=/etc/firmware root=/dev/mmcblk0p1 rw rootwait rootfstype=ext4 console=ttyS0,115200n8 console=tty0 fbcon=map:0 net.ifnames=0 isolcpus=1-2  video=tegrafb earlycon=uart8250,mmio32,0x3100000 nvdumper_reserved=0x2772e0000 gpt rootfs.slot_suffix= usbcore.old_scheme_first=1 tegraid=18.1.2.0.0 maxcpus=6 no_console_suspend boot.slot_suffix= boot.ratchetvalues=0.2031647.1 vpr_resize bl_prof_dataptr=0x10000@0x275840000 sdhci_tegra.en_boot_part_access=1 
[2022-03-12 14:41:12] [0003.667] I> Updated bootarg info to DTB
[2022-03-12 14:41:12] [0003.670] I> eeprom_get_mac_addr: MAC (type: 0): 48:b0:2d:0f:11:c5
[2022-03-12 14:41:12] [0003.677] I> eeprom_get_mac_addr: MAC (type: 1): 48:b0:2d:0f:11:c6
[2022-03-12 14:41:12] [0003.683] I> eeprom_get_mac_addr: MAC (type: 2): 48:b0:2d:0f:11:c7
[2022-03-12 14:41:12] [0003.689] E> Found no plugin manager ids in source DT
[2022-03-12 14:41:12] [0003.694] W> Add plugin manager ids from board info
[2022-03-12 14:41:12] [0003.699] W> "plugin-manager" doesn't exist, creating
[2022-03-12 14:41:12] [0003.704] W> "ids" doesn't exist, creating
[2022-03-12 14:41:12] [0003.708] W> "connection" doesn't exist, creating
[2022-03-12 14:41:12] [0003.712] W> "configs" doesn't exist, creating
[2022-03-12 14:41:12] [0003.717] I> create_pm_ids: id: 3310-1000-D00-L, len: 15
[2022-03-12 14:41:12] [0003.722] I> config: mem-type:00,power-config:00,misc-config:00,modem-config:00,touch-config:00,display-config:00,, len: 93
[2022-03-12 14:41:12] [0003.733] I> create_pm_ids: id: 2597-0000-900-E, len: 15
[2022-03-12 14:41:12] [0003.738] I> config: mem-type:00,power-config:00,misc-config:00,modem-config:00,touch-config:00,display-config:00,, len: 93
[2022-03-12 14:41:12] [0003.749] I> create_pm_ids: id: 3326-1000-000-M, len: 15
[2022-03-12 14:41:12] [0003.754] I> config: mem-type:ff,power-config:ff,misc-config:ff,modem-config:ff,touch-config:ff,display-config:ff,, len: 93
[2022-03-12 14:41:12] [0003.765] I> Adding plugin-manager/ids/3310-1000-D00=/i2c@c250000:module@0x50
[2022-03-12 14:41:12] [0003.772] W> "i2c@c250000" doesn't exist, creating
[2022-03-12 14:41:12] [0003.777] W> "module@0x50" doesn't exist, creating
[2022-03-12 14:41:12] [0003.782] I> Adding plugin-manager/ids/2597-0000-900=/i2c@c250000:module@0x57
[2022-03-12 14:41:12] [0003.789] W> "module@0x57" doesn't exist, creating
[2022-03-12 14:41:12] [0003.794] I> Adding plugin-manager/ids/3326-1000-000=/i2c@3180000:module@0x54
[2022-03-12 14:41:12] [0003.801] W> "i2c@3180000" doesn't exist, creating
[2022-03-12 14:41:12] [0003.806] W> "module@0x54" doesn't exist, creating
[2022-03-12 14:41:12] [0003.813] I> Adding plugin-manager/ids/3310-1000-D00-L
[2022-03-12 14:41:12] [0003.820] I> Adding plugin-manager/configs/3310-mem-type 00
[2022-03-12 14:41:12] [0003.825] I> Adding plugin-manager/configs/3310-power-config 00
[2022-03-12 14:41:12] [0003.831] I> Adding plugin-manager/configs/3310-misc-config 00
[2022-03-12 14:41:12] [0003.837] I> Adding plugin-manager/configs/3310-modem-config 00
[2022-03-12 14:41:12] [0003.843] I> Adding plugin-manager/configs/3310-touch-config 00
[2022-03-12 14:41:12] [0003.849] I> Adding plugin-manager/configs/3310-display-config 00
[2022-03-12 14:41:12] [0003.855] I> Adding plugin-manager/cvm
[2022-03-12 14:41:12] [0003.859] W> "chip-id" doesn't exist, creating
[2022-03-12 14:41:12] [0003.864] I> Adding plugin-manager/chip-id/A02P
[2022-03-12 14:41:12] [0003.868] W> "odm-data" doesn't exist, creating
[2022-03-12 14:41:12] [0003.873] I> Adding /chosen/plugin-manager/odm-data
[2022-03-12 14:41:12] [0003.883] I> added [base:0x80000000, size:0x70000000] to /memory
[2022-03-12 14:41:12] [0003.888] I> added [base:0xf0200000, size:0x185600000] to /memory
[2022-03-12 14:41:12] [0003.894] I> added [base:0x275e00000, size:0x200000] to /memory
[2022-03-12 14:41:12] [0003.900] I> added [base:0x276600000, size:0x200000] to /memory
[2022-03-12 14:41:12] [0003.906] I> added [base:0x277000000, size:0x200000] to /memory
[2022-03-12 14:41:12] [0003.911] I> Updated memory info to DTB
[2022-03-12 14:41:12] [0003.916] E> add_disp_param: failed to get display params for du=0
[2022-03-12 14:41:12] [0003.924] W> "reset" doesn't exist, creating
[2022-03-12 14:41:12] [0003.928] W> "pmc-reset-reason" doesn't exist, creating
[2022-03-12 14:41:12] [0003.934] W> "pmic-reset-reason" doesn't exist, creating
[2022-03-12 14:41:12] [0003.940] I> Adding ecid(00000001646db7851000000013038200) to DT
[2022-03-12 14:41:12] [0003.946] I> disabled_core_mask: 0xffffff0c
[2022-03-12 14:41:12] [0003.959] I> Add serial number:1422420022173 as DT property
[2022-03-12 14:41:12] [0003.968] I> Plugin-manager override starting
[2022-03-12 14:41:12] [0003.973] I> node /plugin-manager/fragement@0 matches
[2022-03-12 14:41:12] [0003.984] I> node /plugin-manager/fragement@4 matches
[2022-03-12 14:41:12] [0003.996] I> node /plugin-manager/fragment-sdwake-p3310-1000-300 matches
[2022-03-12 14:41:12] [0004.016] I> node /plugin-manager/fragement-pmon-p3310-1000-300 matches
[2022-03-12 14:41:12] [0004.026] I> node /plugin-manager/fragement-pmon-p3310-1000-800 matches
[2022-03-12 14:41:12] [0004.035] I> node /plugin-manager/fragment-devslp@0 matches
[2022-03-12 14:41:12] [0004.047] I> node /plugin-manager/fragment-500-pcie-config matches
[2022-03-12 14:41:12] [0004.062] I> node /plugin-manager/fragment-500-xusb-config matches
[2022-03-12 14:41:12] [0004.085] I> node /plugin-manager/fragment-p3310-c00-comm matches
[2022-03-12 14:41:12] [0004.099] I> node /plugin-manager/fragment-p3310-c00-pmic matches
[2022-03-12 14:41:12] [0004.109] I> node /plugin-manager/fragment-p3310-c01 matches
[2022-03-12 14:41:12] [0004.122] I> node /plugin-manager/fragment-p3310-c03 matches
[2022-03-12 14:41:12] [0004.165] I> node /plugin-manager/fragment-e3326@0 matches
[2022-03-12 14:41:12] [0004.247] I> node /plugin-manager/fragment-p3310-c00-camera matches
[2022-03-12 14:41:12] [0004.274] I> Disable plugin-manager status in FDT
[2022-03-12 14:41:12] [0004.279] I> Plugin-manager override finished successfully
[2022-03-12 14:41:12] [0004.284] I> tegrabl_load_kernel_and_dtb: Done
[2022-03-12 14:41:12] [0004.288] E> tegrabl_display_clear: display is not initialized
[2022-03-12 14:41:12] [0004.294] W> Boot logo display failed...
[2022-03-12 14:41:12] [0004.298] I> Kernel EP: 0x80600000, DTB: 0x80000000
[2022-03-12 14:41:12] 
[2022-03-12 14:41:12] 
[2022-03-12 14:41:12] U-Boot 2020.04-g46e4604c78 (Jul 26 2021 - 12:10:58 -0700)
[2022-03-12 14:41:12] 
[2022-03-12 14:41:12] SoC: tegra186
[2022-03-12 14:41:12] Model: NVIDIA P2771-0000-500
[2022-03-12 14:41:12] Board: NVIDIA P2771-0000
[2022-03-12 14:41:12] DRAM:  7.8 GiB
[2022-03-12 14:41:13] MMC:   sdhci@3400000: 1, sdhci@3460000: 0
[2022-03-12 14:41:13] Loading Environment from MMC... *** Warning - bad CRC, using default environment
[2022-03-12 14:41:13] 
[2022-03-12 14:41:13] In:    serial
[2022-03-12 14:41:13] Out:   serial
[2022-03-12 14:41:13] Err:   serial
[2022-03-12 14:41:13] Net:   
[2022-03-12 14:41:13] Warning: ethernet@2490000 using MAC address from ROM
[2022-03-12 14:41:13] eth0: ethernet@2490000
[2022-03-12 14:41:13] Hit any key to stop autoboot:  2  1  0 
[2022-03-12 14:41:15] MMC: no card present
[2022-03-12 14:41:15] switch to partitions #0, OK
[2022-03-12 14:41:15] mmc0(part 0) is current device
[2022-03-12 14:41:15] Scanning mmc 0:1...
[2022-03-12 14:41:15] Found /boot/extlinux/extlinux.conf
[2022-03-12 14:41:15] Retrieving file: /boot/extlinux/extlinux.conf
[2022-03-12 14:41:15] 858 bytes read in 22 ms (38.1 KiB/s)
[2022-03-12 14:41:15] 1:	primary kernel
[2022-03-12 14:41:15] Retrieving file: /boot/initrd
[2022-03-12 14:41:15] 7238344 bytes read in 201 ms (34.3 MiB/s)
[2022-03-12 14:41:15] Retrieving file: /boot/Image
[2022-03-12 14:41:16] 34484232 bytes read in 831 ms (39.6 MiB/s)
[2022-03-12 14:41:16] append: console=ttyS0,115200 androidboot.presilicon=true firmware_class.path=/etc/firmware root=/dev/mmcblk0p1 rw rootwait rootfstype=ext4 console=ttyS0,115200n8 console=tty0 fbcon=map:0 net.ifnames=0 isolcpus=1-2  video=tegrafb earlycon=uart8250,mmio32,0x3100000 nvdumper_reserved=0x2772e0000 gpt rootfs.slot_suffix= usbcore.old_scheme_first=1 tegraid=18.1.2.0.0 maxcpus=6 no_console_suspend boot.slot_suffix= boot.ratchetvalues=0.2031647.1 vpr_resize bl_prof_dataptr=0x10000@0x275840000 sdhci_tegra.en_boot_part_access=1 quiet root=/dev/mmcblk0p1 rw rootwait rootfstype=ext4 console=ttyS0,115200n8 console=tty0 fbcon=map:0 net.ifnames=0 isolcpus=1-2 
[2022-03-12 14:41:16] ## Flattened Device Tree blob at 80000000
[2022-03-12 14:41:16]    Booting using the fdt blob at 0x80000000
[2022-03-12 14:41:16] ERROR: reserving fdt memory region failed (addr=0 size=0)
[2022-03-12 14:41:16] ERROR: reserving fdt memory region failed (addr=0 size=0)
[2022-03-12 14:41:16] ERROR: reserving fdt memory region failed (addr=0 size=0)
[2022-03-12 14:41:16]    Using Device Tree in place at 0000000080000000, end 0000000080060aa3
[2022-03-12 14:41:16] copying carveout for /host1x@13e00000/display-hub@15200000/display@15200000...
[2022-03-12 14:41:16] copying carveout for /host1x@13e00000/display-hub@15200000/display@15210000...
[2022-03-12 14:41:16] copying carveout for /host1x@13e00000/display-hub@15200000/display@15220000...
[2022-03-12 14:41:16] 
[2022-03-12 14:41:16] Starting kernel ...
[2022-03-12 14:41:16] 
[2022-03-12 14:41:19] ERROR:   ARI request timed out: req 89 on CPU 4
[2022-03-12 14:41:19] ASSERT: plat/nvidia/tegra/soc/t186/drivers/mce/ari.c <127> : retries != 0U