
[2022-03-12 13:33:02] Ubuntu 18.04.5 LTS JTX2-A ttyS0
[2022-03-12 13:33:02] 
[2022-03-12 13:33:02] JTX2-A login: [0000.314] I> Welcome to MB2(TBoot-BPMP)(version: 01.00.160913-t186-M-00.00-mobile-c368a720)
[2022-03-12 13:33:18] [0000.322] I> Boot-device: eMMC
[2022-03-12 13:33:18] [0000.330] I> sdmmc bdev is already initialized
[2022-03-12 13:33:18] [0000.334] I> pmic: reset reason (nverc)	: 0x80
[2022-03-12 13:33:18] [0000.367] I> Found 19 partitions in SDMMC_BOOT (instance 3)
[2022-03-12 13:33:18] [0000.387] I> Found 33 partitions in SDMMC_USER (instance 3)
[2022-03-12 13:33:18] [0000.393] W> No valid slot number is found in scratch register
[2022-03-12 13:33:18] [0000.399] W> Return default slot: _a
[2022-03-12 13:33:18] [0000.402] I> A/B: bin_type (16) slot 0
[2022-03-12 13:33:18] [0000.406] I> Loading partition bpmp-fw at 0xd7800000
[2022-03-12 13:33:18] [0000.411] I> Reading two headers - addr:0xd7800000 blocks:1
[2022-03-12 13:33:18] [0000.416] I> Addr: 0xd7800000, start-block: 58777608, num_blocks: 1
[2022-03-12 13:33:18] [0000.441] I> Binary(16) of size 534416 is loaded @ 0xd7800000
[2022-03-12 13:33:18] [0000.447] W> No valid slot number is found in scratch register
[2022-03-12 13:33:18] [0000.452] W> Return default slot: _a
[2022-03-12 13:33:18] [0000.456] I> A/B: bin_type (17) slot 0
[2022-03-12 13:33:18] [0000.459] I> Loading partition bpmp-fw-dtb at 0xd79f0000
[2022-03-12 13:33:18] [0000.465] I> Reading two headers - addr:0xd79f0000 blocks:1
[2022-03-12 13:33:18] [0000.470] I> Addr: 0xd79f0000, start-block: 58780024, num_blocks: 1
[2022-03-12 13:33:18] [0000.496] I> Binary(17) of size 604720 is loaded @ 0xd796c400
[2022-03-12 13:33:18] [0000.726] I> Loading SCE-FW ...
[2022-03-12 13:33:18] [0000.729] W> No valid slot number is found in scratch register
[2022-03-12 13:33:18] [0000.734] W> Return default slot: _a
[2022-03-12 13:33:18] [0000.738] I> A/B: bin_type (12) slot 0
[2022-03-12 13:33:18] [0000.741] I> Loading partition sce-fw at 0xd7300000
[2022-03-12 13:33:18] [0000.746] I> Reading two headers - addr:0xd7300000 blocks:1
[2022-03-12 13:33:18] [0000.752] I> Addr: 0xd7300000, start-block: 58784120, num_blocks: 1
[2022-03-12 13:33:18] [0000.771] I> Binary(12) of size 125632 is loaded @ 0xd7300000
[2022-03-12 13:33:18] [0000.776] I> Init SCE
[2022-03-12 13:33:18] [0000.779] I> Loading APE-FW ...
[2022-03-12 13:33:18] [0000.782] W> No valid slot number is found in scratch register
[2022-03-12 13:33:18] [0000.787] W> Return default slot: _a
[2022-03-12 13:33:18] [0000.791] I> A/B: bin_type (11) slot 0
[2022-03-12 13:33:18] [0000.794] I> Loading partition adsp-fw at 0xd7400000
[2022-03-12 13:33:18] [0000.799] I> Reading two headers - addr:0xd7400000 blocks:1
[2022-03-12 13:33:18] [0000.805] I> Addr: 0xd7400000, start-block: 58761224, num_blocks: 1
[2022-03-12 13:33:18] [0000.824] I> Binary(11) of size 77216 is loaded @ 0xd7400000
[2022-03-12 13:33:18] [0000.830] I> Copy BTCM section
[2022-03-12 13:33:18] [0000.832] W> No valid slot number is found in scratch register
[2022-03-12 13:33:18] [0000.838] W> Return default slot: _a
[2022-03-12 13:33:18] [0000.842] I> A/B: bin_type (13) slot 0
[2022-03-12 13:33:18] [0000.845] I> Loading partition cpu-bootloader at 0x96000000
[2022-03-12 13:33:18] [0000.851] I> Reading two headers - addr:0x96000000 blocks:1
[2022-03-12 13:33:18] [0000.856] I> Addr: 0x96000000, start-block: 58740744, num_blocks: 1
[2022-03-12 13:33:18] [0000.877] I> Binary(13) of size 308800 is loaded @ 0x96000000
[2022-03-12 13:33:18] [0000.883] W> No valid slot number is found in scratch register
[2022-03-12 13:33:18] [0000.889] W> Return default slot: _a
[2022-03-12 13:33:18] [0000.892] I> A/B: bin_type (20) slot 0
[2022-03-12 13:33:18] [0000.896] I> Loading partition bootloader-dtb at 0x85205400
[2022-03-12 13:33:18] [0000.901] I> Reading two headers - addr:0x85205400 blocks:1
[2022-03-12 13:33:18] [0000.907] I> Addr: 0x85205400, start-block: 58742792, num_blocks: 1
[2022-03-12 13:33:19] [0000.928] I> Binary(20) of size 375568 is loaded @ 0x85205400
[2022-03-12 13:33:19] [0000.934] W> No valid slot number is found in scratch register
[2022-03-12 13:33:19] [0000.940] W> Return default slot: _a
[2022-03-12 13:33:19] [0000.943] I> A/B: bin_type (14) slot 0
[2022-03-12 13:33:19] [0000.947] I> Loading partition secure-os at 0x85305600
[2022-03-12 13:33:19] [0000.952] I> Reading two headers - addr:0x85305600 blocks:1
[2022-03-12 13:33:19] [0000.957] I> Addr: 0x85305600, start-block: 58744840, num_blocks: 1
[2022-03-12 13:33:19] [0000.980] I> Binary(14) of size 402864 is loaded @ 0x85305600
[2022-03-12 13:33:19] [0000.987] I> TOS boot-params @ 0x85000000
[2022-03-12 13:33:19] [0000.991] I> TOS params prepared
[2022-03-12 13:33:19] [0000.994] I> Loading EKS ...
[2022-03-12 13:33:19] [0000.997] I> A/B: bin_type (15) slot 0
[2022-03-12 13:33:19] [0001.000] I> Loading partition eks at 0x85905800
[2022-03-12 13:33:19] [0001.005] I> Reading two headers - addr:0x85905800 blocks:1
[2022-03-12 13:33:19] [0001.010] I> Addr: 0x85905800, start-block: 58757128, num_blocks: 1
[2022-03-12 13:33:19] [0001.029] I> Binary(15) of size 1040 is loaded @ 0x85905800
[2022-03-12 13:33:19] [0001.035] I> EKB detected (length: 0x400) @ 0x85905800
[2022-03-12 13:33:19] [0001.040] I> Copied encrypted keys
[2022-03-12 13:33:19] [0001.043] I> boot profiler @ 0x275844000
[2022-03-12 13:33:19] [0001.047] I> boot profiler for TOS @ 0x275844000
[2022-03-12 13:33:19] [0001.052] I> Unhalting SCE
[2022-03-12 13:33:19] [0001.055] I> Primary Memory Start:80000000 Size:70000000
[2022-03-12 13:33:19] [0001.060] I> Extended Memory Start:f0110000 Size:1856f0000
[2022-03-12 13:33:19] [0001.067] I> MB2(TBoot-BPMP) done
[2022-03-12 13:33:19] 
[2022-03-12 13:33:19] NOTICE:  BL31: v1.3(release):b5eeb33f7
[2022-03-12 13:33:19] NOTICE:  BL31: Built : 12:15:17, Jul 26 2021
[2022-03-12 13:33:19] ipc-unittest-main: 1519: Welcome to IPC unittest!!!
[2022-03-12 13:33:19] ipc-unittest-main: 1531: waiting forever
[2022-03-12 13:33:19] ipc-unittest-srv: 329: Init unittest services!!!
[2022-03-12 13:33:19] hwkey-agent: 41: hwkey-agent is running!!
[2022-03-12 13:33:19] hwkey-agent: 315: key_mgnt_processing .......
[2022-03-12 13:33:19] hwkey-agent: 223: Setting EKB key 0 to slot 14
[2022-03-12 13:33:19] hwkey-agent: 178: Init hweky-agent services!!
[2022-03-12 13:33:19] luks-srv: 40: luks-srv is running!!
[2022-03-12 13:33:19] luks-srv: 157: Init luks-srv IPC services!!
[2022-03-12 13:33:19] platform_bootstrap_epilog: trusty bootstrap complete
[2022-03-12 13:33:19] [0001.439] I> Welcome to Cboot
[2022-03-12 13:33:19] [0001.442] I> Cboot Version: t186-00029e71
[2022-03-12 13:33:19] [0001.446] I> CPU-BL Params @ 0x275800000
[2022-03-12 13:33:19] [0001.450] I>  0) Base:0x00000000 Size:0x00000000
[2022-03-12 13:33:19] [0001.454] I>  1) Base:0x277f00000 Size:0x00100000
[2022-03-12 13:33:19] [0001.459] I>  2) Base:0x277e00000 Size:0x00100000
[2022-03-12 13:33:19] [0001.463] I>  3) Base:0x277d00000 Size:0x00100000
[2022-03-12 13:33:19] [0001.468] I>  4) Base:0x277c00000 Size:0x00100000
[2022-03-12 13:33:19] [0001.472] I>  5) Base:0x277b00000 Size:0x00100000
[2022-03-12 13:33:19] [0001.477] I>  6) Base:0x277800000 Size:0x00200000
[2022-03-12 13:33:19] [0001.481] I>  7) Base:0x277400000 Size:0x00400000
[2022-03-12 13:33:19] [0001.486] I>  8) Base:0x277a00000 Size:0x00100000
[2022-03-12 13:33:19] [0001.490] I>  9) Base:0x277300000 Size:0x00100000
[2022-03-12 13:33:19] [0001.495] I> 10) Base:0x276800000 Size:0x00800000
[2022-03-12 13:33:19] [0001.499] I> 11) Base:0x30000000 Size:0x00040000
[2022-03-12 13:33:19] [0001.504] I> 12) Base:0xf0000000 Size:0x00100000
[2022-03-12 13:33:19] [0001.508] I> 13) Base:0x30040000 Size:0x00001000
[2022-03-12 13:33:19] [0001.513] I> 14) Base:0x30048000 Size:0x00001000
[2022-03-12 13:33:19] [0001.517] I> 15) Base:0x30049000 Size:0x00001000
[2022-03-12 13:33:19] [0001.522] I> 16) Base:0x3004a000 Size:0x00001000
[2022-03-12 13:33:19] [0001.526] I> 17) Base:0x3004b000 Size:0x00001000
[2022-03-12 13:33:19] [0001.530] I> 18) Base:0x3004c000 Size:0x00001000
[2022-03-12 13:33:19] [0001.535] I> 19) Base:0x3004d000 Size:0x00001000
[2022-03-12 13:33:19] [0001.539] I> 20) Base:0x3004e000 Size:0x00001000
[2022-03-12 13:33:19] [0001.544] I> 21) Base:0x3004f000 Size:0x00001000
[2022-03-12 13:33:19] [0001.548] I> 22) Base:0x00000000 Size:0x00000000
[2022-03-12 13:33:19] [0001.553] I> 23) Base:0xf0100000 Size:0x00010000
[2022-03-12 13:33:19] [0001.557] I> 24) Base:0x00000000 Size:0x00000000
[2022-03-12 13:33:19] [0001.561] I> 25) Base:0x00000000 Size:0x00000000
[2022-03-12 13:33:19] [0001.566] I> 26) Base:0x00000000 Size:0x00000000
[2022-03-12 13:33:19] [0001.570] I> 27) Base:0x00000000 Size:0x00000000
[2022-03-12 13:33:19] [0001.575] I> 28) Base:0x84400000 Size:0x00400000
[2022-03-12 13:33:19] [0001.579] I> 29) Base:0x30000000 Size:0x00010000
[2022-03-12 13:33:19] [0001.584] I> 30) Base:0x278000000 Size:0x08000000
[2022-03-12 13:33:19] [0001.588] I> 31) Base:0x00000000 Size:0x00000000
[2022-03-12 13:33:19] [0001.593] I> 32) Base:0x276000000 Size:0x00600000
[2022-03-12 13:33:19] [0001.597] I> 33) Base:0x80000000 Size:0x70000000
[2022-03-12 13:33:19] [0001.601] I> 34) Base:0xf0110000 Size:0x1856f0000
[2022-03-12 13:33:19] [0001.606] I> 35) Base:0x00000000 Size:0x00000000
[2022-03-12 13:33:19] [0001.610] I> 36) Base:0x00000000 Size:0x00000000
[2022-03-12 13:33:19] [0001.615] I> 37) Base:0x2772e0000 Size:0x00020000
[2022-03-12 13:33:19] [0001.619] I> 38) Base:0x84000000 Size:0x00400000
[2022-03-12 13:33:19] [0001.624] I> 39) Base:0x96000000 Size:0x02000000
[2022-03-12 13:33:19] [0001.628] I> 40) Base:0x85000000 Size:0x01200000
[2022-03-12 13:33:19] [0001.633] I> 41) Base:0x275800000 Size:0x00500000
[2022-03-12 13:33:19] [0001.637] I> 42) Base:0x00000000 Size:0x00000000
[2022-03-12 13:33:19] [0001.642] I> 43) Base:0x00000000 Size:0x00000000
[2022-03-12 13:33:19] [0001.646] GIC-SPI Target CPU: 4
[2022-03-12 13:33:19] [0001.649] Interrupts Init done
[2022-03-12 13:33:19] [0001.653] calling constructors
[2022-03-12 13:33:19] [0001.656] initializing heap
[2022-03-12 13:33:19] [0001.658] initializing threads
[2022-03-12 13:33:19] [0001.662] initializing timers
[2022-03-12 13:33:19] [0001.665] creating bootstrap completion thread
[2022-03-12 13:33:19] [0001.669] top of bootstrap2()
[2022-03-12 13:33:19] [0001.673] CPU: ARM Cortex A57
[2022-03-12 13:33:19] [0001.676] CPU: MIDR: 0x411FD073, MPIDR: 0x80000100
[2022-03-12 13:33:19] [0001.681] initializing platform
[2022-03-12 13:33:19] [0001.684] I> Bl_dtb @0x85205400
[2022-03-12 13:33:19] [0001.687] I> gpio framework initialized
[2022-03-12 13:33:19] [0001.694] I> tegrabl_gpio_driver_register: register 'nvidia,tegra186-gpio' driver
[2022-03-12 13:33:19] [0001.704] I> tegrabl_gpio_driver_register: register 'nvidia,tegra186-gpio-aon' driver
[2022-03-12 13:33:19] [0001.711] I> GPIO framework and drivers are initialized.
[2022-03-12 13:33:19] [0001.716] I> Boot-device: eMMC
[2022-03-12 13:33:19] [0001.724] I> sdmmc bdev is already initialized
[2022-03-12 13:33:19] [0001.754] I> Found 19 partitions in SDMMC_BOOT (instance 3)
[2022-03-12 13:33:19] [0001.772] I> Found 33 partitions in SDMMC_USER (instance 3)
[2022-03-12 13:33:19] [0001.777] W> opt-in fuse is not set, skip fuse_burning
[2022-03-12 13:33:19] [0001.782] I> Reserved memory at 0xfbe00000 for U-Boot relocation
[2022-03-12 13:33:19] [0001.788] W> No valid slot number is found in scratch register
[2022-03-12 13:33:19] [0001.794] W> Return default slot: _a
[2022-03-12 13:33:19] [0001.803] I> A/B: bin_type (21) slot 0
[2022-03-12 13:33:19] [0001.807] I> Loading kernel-dtb from partition
[2022-03-12 13:33:19] [0001.811] I> Loading partition kernel-dtb at 0x80000000 from device(0x1)
[2022-03-12 13:33:19] [0001.828] I> Kernel_dtb @0x80000000
[2022-03-12 13:33:19] [0001.832] I> tegrabl_tca9539_init: i2c bus: 0, slave addr: 0xee
[2022-03-12 13:33:19] [0001.842] I> tegrabl_gpio_driver_register: register 'tca9539_gpio_driver' driver
[2022-03-12 13:33:19] [0001.849] I> tegrabl_tca9539_init: i2c bus: 0, slave addr: 0xe8
[2022-03-12 13:33:19] [0001.858] I> tegrabl_gpio_driver_register: register 'tca9539_gpio_driver' driver
[2022-03-12 13:33:19] [0001.869] I> fixed regulator driver initialized
[2022-03-12 13:33:19] [0001.902] I> register 'maxim' power off handle
[2022-03-12 13:33:19] [0001.908] I> virtual i2c enabled
[2022-03-12 13:33:19] [0001.911] I> registered 'maxim,max77620' pmic
[2022-03-12 13:33:20] [0001.915] I> tegrabl_gpio_driver_register: register 'max77620-gpio' driver
[2022-03-12 13:33:20] [0001.929] E> failed to read label property for node 324936: 13
[2022-03-12 13:33:20] [0001.938] E> failed to read reg property for node 325032: 13
[2022-03-12 13:33:20] [0001.946] E> failed to read reg property for node 325084: 13
[2022-03-12 13:33:20] [0001.955] E> failed to read label property for node 325168: 13
[2022-03-12 13:33:20] [0001.963] E> failed to read label property for node 325236: 13
[2022-03-12 13:33:20] [0001.971] E> failed to read reg property for node 325304: 13
[2022-03-12 13:33:20] [0001.980] E> failed to read reg property for node 325376: 13
[2022-03-12 13:33:20] [0001.990] I> Find /i2c@c250000's alias i2c7
[2022-03-12 13:33:20] [0001.994] I> Reading eeprom i2c=7 address=0x50
[2022-03-12 13:33:20] [0002.023] I> Device at /i2c@c250000:0x50
[2022-03-12 13:33:20] [0002.027] I> Reading eeprom i2c=7 address=0x57
[2022-03-12 13:33:20] [0002.056] I> Device at /i2c@c250000:0x57
[2022-03-12 13:33:20] [0002.060] I> Find /i2c@c240000's alias i2c1
[2022-03-12 13:33:20] [0002.064] I> Reading eeprom i2c=1 address=0x51
[2022-03-12 13:33:20] [0002.069] E> I2C: slave not found in slaves.
[2022-03-12 13:33:20] [0002.073] E> I2C: Could not write 0 bytes to slave: 0x00a2 with repeat start true.
[2022-03-12 13:33:20] [0002.081] E> I2C_DEV: Failed to send register address 0x00000000.
[2022-03-12 13:33:20] [0002.087] E> I2C_DEV: Could not read 256 registers of size 1 from slave 0xa2 at 0x00000000 via instance 1.
[2022-03-12 13:33:20] [0002.096] E> eeprom: Retry to read I2C slave device.
[2022-03-12 13:33:20] [0002.101] E> I2C: slave not found in slaves.
[2022-03-12 13:33:20] [0002.105] E> I2C: Could not write 0 bytes to slave: 0x00a2 with repeat start true.
[2022-03-12 13:33:20] [0002.113] E> I2C_DEV: Failed to send register address 0x00000000.
[2022-03-12 13:33:20] [0002.119] E> I2C_DEV: Could not read 256 registers of size 1 from slave 0xa2 at 0x00000000 via instance 1.
[2022-03-12 13:33:20] [0002.129] E> eeprom: Failed to read I2C slave device
[2022-03-12 13:33:20] [0002.133] I> Eeprom read failed 0x3526070d
[2022-03-12 13:33:20] [0002.138] I> Find /i2c@3160000's alias i2c0
[2022-03-12 13:33:20] [0002.142] I> Reading eeprom i2c=0 address=0x50
[2022-03-12 13:33:20] [0002.146] E> I2C: slave not found in slaves.
[2022-03-12 13:33:20] [0002.150] E> I2C: Could not write 0 bytes to slave: 0x00a0 with repeat start true.
[2022-03-12 13:33:20] [0002.158] E> I2C_DEV: Failed to send register address 0x00000000.
[2022-03-12 13:33:20] [0002.164] E> I2C_DEV: Could not read 256 registers of size 1 from slave 0xa0 at 0x00000000 via instance 0.
[2022-03-12 13:33:20] [0002.173] E> eeprom: Failed to read I2C slave device
[2022-03-12 13:33:20] [0002.178] I> Eeprom read failed 0x3526070d
[2022-03-12 13:33:20] [0002.183] I> Find /i2c@3180000's alias i2c2
[2022-03-12 13:33:20] [0002.187] I> Reading eeprom i2c=2 address=0x54
[2022-03-12 13:33:20] [0002.191] I> Enabling gpio chip_id = 2, gpio pin = 9
[2022-03-12 13:33:20] [0002.222] I> Disabling gpio chip_id = 2, gpio pin = 9
[2022-03-12 13:33:20] [0002.227] I> Device at /i2c@3180000:0x54
[2022-03-12 13:33:20] [0002.231] I> Reading eeprom i2c=2 address=0x57
[2022-03-12 13:33:20] [0002.235] I> Enabling gpio chip_id = 2, gpio pin = 9
[2022-03-12 13:33:20] [0002.241] E> I2C: slave not found in slaves.
[2022-03-12 13:33:20] [0002.245] E> I2C: Could not write 0 bytes to slave: 0x00ae with repeat start true.
[2022-03-12 13:33:20] [0002.252] E> I2C_DEV: Failed to send register address 0x00000000.
[2022-03-12 13:33:20] [0002.258] E> I2C_DEV: Could not read 256 registers of size 1 from slave 0xae at 0x00000000 via instance 2.
[2022-03-12 13:33:20] [0002.268] E> eeprom: Failed to read I2C slave device
[2022-03-12 13:33:20] [0002.273] I> Disabling gpio chip_id = 2, gpio pin = 9
[2022-03-12 13:33:20] [0002.278] I> Eeprom read failed 0x00000000
[2022-03-12 13:33:20] [0002.282] I> create_pm_ids: id: 3310-1000-D00-L, len: 15
[2022-03-12 13:33:20] [0002.287] I> config: mem-type:00,power-config:00,misc-config:00,modem-config:00,touch-config:00,display-config:00,, len: 93
[2022-03-12 13:33:20] [0002.298] I> create_pm_ids: id: 2597-0000-900-E, len: 15
[2022-03-12 13:33:20] [0002.303] I> config: mem-type:00,power-config:00,misc-config:00,modem-config:00,touch-config:00,display-config:00,, len: 93
[2022-03-12 13:33:20] [0002.314] I> create_pm_ids: id: 3326-1000-000-M, len: 15
[2022-03-12 13:33:20] [0002.319] I> config: mem-type:ff,power-config:ff,misc-config:ff,modem-config:ff,touch-config:ff,display-config:ff,, len: 93
[2022-03-12 13:33:20] [0002.354] I> enabling 'vdd-hdmi' regulator
[2022-03-12 13:33:20] [0002.370] I> regulator 'vdd-hdmi' already enabled
[2022-03-12 13:33:20] [0002.374] E> tegrabl_display_init_regulator: hdmi cable is not connected
[2022-03-12 13:33:20] [0002.381] E> tegrabl_display_get_pdata, failed to parse dtb settings
[2022-03-12 13:33:20] [0002.390] E> cannot find any other nvdisp nodes
[2022-03-12 13:33:20] [0002.394] E> no valid display unit config found in dtb
[2022-03-12 13:33:20] [0002.400] W> display init failed
[2022-03-12 13:33:20] [0002.403] initializing target
[2022-03-12 13:33:20] [0002.406] calling apps_init()
[2022-03-12 13:33:20] [0002.409] starting app kernel_boot_app
[2022-03-12 13:33:20] [0002.431] I> found decompressor handler: lz4-legacy
[2022-03-12 13:33:20] [0002.436] I> decompressing BMP blob ...
[2022-03-12 13:33:20] [0002.448] I> Kernel type = Normal
[2022-03-12 13:33:20] [0002.451] I> ########## Fixed storage boot ##########
[2022-03-12 13:33:20] [0002.456] I> Loading kernel-bootctrl from partition
[2022-03-12 13:33:20] [0002.461] I> Loading partition kernel-bootctrl at 0xa8000000 from device(0x1)
[2022-03-12 13:33:20] [0002.475] W> tegrabl_get_kernel_bootctrl: magic number(0x00000000) is invalid
[2022-03-12 13:33:20] [0002.482] W> tegrabl_get_kernel_bootctrl: use default dummy boot control data
[2022-03-12 13:33:20] [0002.489] W> No valid slot number is found in scratch register
[2022-03-12 13:33:20] [0002.494] W> Return default slot: _a
[2022-03-12 13:33:20] [0002.498] I> A/B: bin_type (24) slot 0
[2022-03-12 13:33:20] [0002.513] I> Boot image size read from image header: 9913d
[2022-03-12 13:33:20] [0002.519] I> Boot image load address: 0x80400000
[2022-03-12 13:33:20] [0002.523] I> Loading kernel from partition
[2022-03-12 13:33:20] [0002.527] I> Loading partition kernel at 0x80400000 from device(0x1)
[2022-03-12 13:33:21] [0003.469] I> Validate kernel ...
[2022-03-12 13:33:21] [0003.472] I> T18x: Authenticate kernel (bin_type 24), max size 0x4000000
[2022-03-12 13:33:21] [0003.480] I> Decrypt the buffer ... [0003.484] W> tegrabl_decrypt_block: fuse (0x0) is not burnt to do encryption (0x4); skip decryption.
[2022-03-12 13:33:21] [0003.493] I> done
[2022-03-12 13:33:21] [0003.494] I> Checking boot.img header magic ... [0003.499] I> [OK]
[2022-03-12 13:33:21] [0003.500] I> kernel-dtb is already loaded
[2022-03-12 13:33:21] [0003.504] I> Validate kernel-dtb ...
[2022-03-12 13:33:21] [0003.508] I> T18x: Authenticate kernel-dtb (bin_type 21), max size 0x100000
[2022-03-12 13:33:21] [0003.515] I> Decrypt the buffer ... [0003.518] W> tegrabl_decrypt_block: fuse (0x0) is not burnt to do encryption (0x4); skip decryption.
[2022-03-12 13:33:21] [0003.527] I> done
[2022-03-12 13:33:21] [0003.529] I> Kernel hdr @0x80400000
[2022-03-12 13:33:21] [0003.532] I> Kernel dtb @0x80000000
[2022-03-12 13:33:21] [0003.536] I> decompressor handler not found
[2022-03-12 13:33:21] [0003.540] I> Copying kernel image (627005 bytes) from 0x80400800 to 0x80600000 ... [0003.547] I> Done
[2022-03-12 13:33:21] [0003.549] I> Move ramdisk (len: 0) from 0x8049a000 to 0x947d0000
[2022-03-12 13:33:21] [0003.556] I> Updated bpmp info to DTB
[2022-03-12 13:33:21] [0003.563] I> Ramdisk: Base: 0x947d0000; Size: 0x0
[2022-03-12 13:33:21] [0003.567] I> Updated initrd info to DTB
[2022-03-12 13:33:21] [0003.571] W> WARN: Fail to override "console=none" in commandline
[2022-03-12 13:33:21] [0003.577] I> Active rootfs suffix: 
[2022-03-12 13:33:21] [0003.580] E> tegrabl_linuxboot_add_disp_param, du 0 failed to get display params
[2022-03-12 13:33:21] [0003.587] E> tegrabl_linuxboot_add_disp_param, du 0 failed to get display params
[2022-03-12 13:33:21] [0003.594] E> tegrabl_linuxboot_add_disp_param, du 0 failed to get display params
[2022-03-12 13:33:21] [0003.602] I> disabled_core_mask: 0xffffff0c
[2022-03-12 13:33:21] [0003.606] W> No valid slot number is found in scratch register
[2022-03-12 13:33:21] [0003.611] W> Return default slot: _a
[2022-03-12 13:33:21] [0003.615] I> Active slot suffix: 
[2022-03-12 13:33:21] [0003.618] I> add_boot_slot_suffix: slot_suffix = 
[2022-03-12 13:33:21] [0003.622] I> Linux Cmdline: console=ttyS0,115200 androidboot.presilicon=true firmware_class.path=/etc/firmware root=/dev/mmcblk0p1 rw rootwait rootfstype=ext4 console=ttyS0,115200n8 console=tty0 fbcon=map:0 net.ifnames=0 isolcpus=1-2  video=tegrafb earlycon=uart8250,mmio32,0x3100000 nvdumper_reserved=0x2772e0000 gpt rootfs.slot_suffix= usbcore.old_scheme_first=1 tegraid=18.1.2.0.0 maxcpus=6 no_console_suspend boot.slot_suffix= boot.ratchetvalues=0.2031647.1 vpr_resize bl_prof_dataptr=0x10000@0x275840000 sdhci_tegra.en_boot_part_access=1 
[2022-03-12 13:33:21] [0003.670] I> Updated bootarg info to DTB
[2022-03-12 13:33:21] [0003.673] I> eeprom_get_mac_addr: MAC (type: 0): 48:b0:2d:0f:11:c5
[2022-03-12 13:33:21] [0003.680] I> eeprom_get_mac_addr: MAC (type: 1): 48:b0:2d:0f:11:c6
[2022-03-12 13:33:21] [0003.686] I> eeprom_get_mac_addr: MAC (type: 2): 48:b0:2d:0f:11:c7
[2022-03-12 13:33:21] [0003.692] E> Found no plugin manager ids in source DT
[2022-03-12 13:33:21] [0003.697] W> Add plugin manager ids from board info
[2022-03-12 13:33:21] [0003.702] W> "plugin-manager" doesn't exist, creating
[2022-03-12 13:33:21] [0003.707] W> "ids" doesn't exist, creating
[2022-03-12 13:33:21] [0003.711] W> "connection" doesn't exist, creating
[2022-03-12 13:33:21] [0003.715] W> "configs" doesn't exist, creating
[2022-03-12 13:33:21] [0003.720] I> create_pm_ids: id: 3310-1000-D00-L, len: 15
[2022-03-12 13:33:21] [0003.725] I> config: mem-type:00,power-config:00,misc-config:00,modem-config:00,touch-config:00,display-config:00,, len: 93
[2022-03-12 13:33:21] [0003.736] I> create_pm_ids: id: 2597-0000-900-E, len: 15
[2022-03-12 13:33:21] [0003.741] I> config: mem-type:00,power-config:00,misc-config:00,modem-config:00,touch-config:00,display-config:00,, len: 93
[2022-03-12 13:33:21] [0003.752] I> create_pm_ids: id: 3326-1000-000-M, len: 15
[2022-03-12 13:33:21] [0003.757] I> config: mem-type:ff,power-config:ff,misc-config:ff,modem-config:ff,touch-config:ff,display-config:ff,, len: 93
[2022-03-12 13:33:21] [0003.768] I> Adding plugin-manager/ids/3310-1000-D00=/i2c@c250000:module@0x50
[2022-03-12 13:33:21] [0003.775] W> "i2c@c250000" doesn't exist, creating
[2022-03-12 13:33:21] [0003.780] W> "module@0x50" doesn't exist, creating
[2022-03-12 13:33:21] [0003.785] I> Adding plugin-manager/ids/2597-0000-900=/i2c@c250000:module@0x57
[2022-03-12 13:33:21] [0003.792] W> "module@0x57" doesn't exist, creating
[2022-03-12 13:33:21] [0003.797] I> Adding plugin-manager/ids/3326-1000-000=/i2c@3180000:module@0x54
[2022-03-12 13:33:21] [0003.804] W> "i2c@3180000" doesn't exist, creating
[2022-03-12 13:33:21] [0003.809] W> "module@0x54" doesn't exist, creating
[2022-03-12 13:33:21] [0003.816] I> Adding plugin-manager/ids/3310-1000-D00-L
[2022-03-12 13:33:21] [0003.823] I> Adding plugin-manager/configs/3310-mem-type 00
[2022-03-12 13:33:21] [0003.828] I> Adding plugin-manager/configs/3310-power-config 00
[2022-03-12 13:33:21] [0003.834] I> Adding plugin-manager/configs/3310-misc-config 00
[2022-03-12 13:33:21] [0003.840] I> Adding plugin-manager/configs/3310-modem-config 00
[2022-03-12 13:33:21] [0003.846] I> Adding plugin-manager/configs/3310-touch-config 00
[2022-03-12 13:33:21] [0003.852] I> Adding plugin-manager/configs/3310-display-config 00
[2022-03-12 13:33:21] [0003.858] I> Adding plugin-manager/cvm
[2022-03-12 13:33:21] [0003.862] W> "chip-id" doesn't exist, creating
[2022-03-12 13:33:21] [0003.867] I> Adding plugin-manager/chip-id/A02P
[2022-03-12 13:33:21] [0003.871] W> "odm-data" doesn't exist, creating
[2022-03-12 13:33:21] [0003.876] I> Adding /chosen/plugin-manager/odm-data
[2022-03-12 13:33:21] [0003.885] I> added [base:0x80000000, size:0x70000000] to /memory
[2022-03-12 13:33:21] [0003.891] I> added [base:0xf0200000, size:0x185600000] to /memory
[2022-03-12 13:33:21] [0003.897] I> added [base:0x275e00000, size:0x200000] to /memory
[2022-03-12 13:33:21] [0003.903] I> added [base:0x276600000, size:0x200000] to /memory
[2022-03-12 13:33:21] [0003.909] I> added [base:0x277000000, size:0x200000] to /memory
[2022-03-12 13:33:22] [0003.914] I> Updated memory info to DTB
[2022-03-12 13:33:22] [0003.919] E> add_disp_param: failed to get display params for du=0
[2022-03-12 13:33:22] [0003.927] W> "reset" doesn't exist, creating
[2022-03-12 13:33:22] [0003.931] W> "pmc-reset-reason" doesn't exist, creating
[2022-03-12 13:33:22] [0003.937] W> "pmic-reset-reason" doesn't exist, creating
[2022-03-12 13:33:22] [0003.943] I> Adding ecid(00000001646db7851000000013038200) to DT
[2022-03-12 13:33:22] [0003.949] I> disabled_core_mask: 0xffffff0c
[2022-03-12 13:33:22] [0003.962] I> Add serial number:1422420022173 as DT property
[2022-03-12 13:33:22] [0003.971] I> Plugin-manager override starting
[2022-03-12 13:33:22] [0003.976] I> node /plugin-manager/fragement@0 matches
[2022-03-12 13:33:22] [0003.986] I> node /plugin-manager/fragement@4 matches
[2022-03-12 13:33:22] [0003.999] I> node /plugin-manager/fragment-sdwake-p3310-1000-300 matches
[2022-03-12 13:33:22] [0004.019] I> node /plugin-manager/fragement-pmon-p3310-1000-300 matches
[2022-03-12 13:33:22] [0004.029] I> node /plugin-manager/fragement-pmon-p3310-1000-800 matches
[2022-03-12 13:33:22] [0004.038] I> node /plugin-manager/fragment-devslp@0 matches
[2022-03-12 13:33:22] [0004.050] I> node /plugin-manager/fragment-500-pcie-config matches
[2022-03-12 13:33:22] [0004.065] I> node /plugin-manager/fragment-500-xusb-config matches
[2022-03-12 13:33:22] [0004.088] I> node /plugin-manager/fragment-p3310-c00-comm matches
[2022-03-12 13:33:22] [0004.102] I> node /plugin-manager/fragment-p3310-c00-pmic matches
[2022-03-12 13:33:22] [0004.112] I> node /plugin-manager/fragment-p3310-c01 matches
[2022-03-12 13:33:22] [0004.125] I> node /plugin-manager/fragment-p3310-c03 matches
[2022-03-12 13:33:22] [0004.168] I> node /plugin-manager/fragment-e3326@0 matches
[2022-03-12 13:33:22] [0004.250] I> node /plugin-manager/fragment-p3310-c00-camera matches
[2022-03-12 13:33:22] [0004.277] I> Disable plugin-manager status in FDT
[2022-03-12 13:33:22] [0004.281] I> Plugin-manager override finished successfully
[2022-03-12 13:33:22] [0004.287] I> tegrabl_load_kernel_and_dtb: Done
[2022-03-12 13:33:22] [0004.291] E> tegrabl_display_clear: display is not initialized
[2022-03-12 13:33:22] [0004.297] W> Boot logo display failed...
[2022-03-12 13:33:22] [0004.300] I> Kernel EP: 0x80600000, DTB: 0x80000000
[2022-03-12 13:33:22] 
[2022-03-12 13:33:22] 
[2022-03-12 13:33:22] U-Boot 2020.04-g46e4604c78 (Jul 26 2021 - 12:10:58 -0700)
[2022-03-12 13:33:22] 
[2022-03-12 13:33:22] SoC: tegra186
[2022-03-12 13:33:22] Model: NVIDIA P2771-0000-500
[2022-03-12 13:33:22] Board: NVIDIA P2771-0000
[2022-03-12 13:33:22] DRAM:  7.8 GiB
[2022-03-12 13:33:22] MMC:   sdhci@3400000: 1, sdhci@3460000: 0
[2022-03-12 13:33:22] Loading Environment from MMC... *** Warning - bad CRC, using default environment
[2022-03-12 13:33:22] 
[2022-03-12 13:33:22] In:    serial
[2022-03-12 13:33:22] Out:   serial
[2022-03-12 13:33:22] Err:   serial
[2022-03-12 13:33:22] Net:   
[2022-03-12 13:33:22] Warning: ethernet@2490000 using MAC address from ROM
[2022-03-12 13:33:22] eth0: ethernet@2490000
[2022-03-12 13:33:22] Hit any key to stop autoboot:  2  1  0 
[2022-03-12 13:33:24] MMC: no card present
[2022-03-12 13:33:24] switch to partitions #0, OK
[2022-03-12 13:33:24] mmc0(part 0) is current device
[2022-03-12 13:33:24] Scanning mmc 0:1...
[2022-03-12 13:33:25] Found /boot/extlinux/extlinux.conf
[2022-03-12 13:33:25] Retrieving file: /boot/extlinux/extlinux.conf
[2022-03-12 13:33:25] 858 bytes read in 22 ms (38.1 KiB/s)
[2022-03-12 13:33:25] 1:	primary kernel
[2022-03-12 13:33:25] Retrieving file: /boot/initrd
[2022-03-12 13:33:25] 7238344 bytes read in 201 ms (34.3 MiB/s)
[2022-03-12 13:33:25] Retrieving file: /boot/Image
[2022-03-12 13:33:26] 34484232 bytes read in 830 ms (39.6 MiB/s)
[2022-03-12 13:33:26] append: console=ttyS0,115200 androidboot.presilicon=true firmware_class.path=/etc/firmware root=/dev/mmcblk0p1 rw rootwait rootfstype=ext4 console=ttyS0,115200n8 console=tty0 fbcon=map:0 net.ifnames=0 isolcpus=1-2  video=tegrafb earlycon=uart8250,mmio32,0x3100000 nvdumper_reserved=0x2772e0000 gpt rootfs.slot_suffix= usbcore.old_scheme_first=1 tegraid=18.1.2.0.0 maxcpus=6 no_console_suspend boot.slot_suffix= boot.ratchetvalues=0.2031647.1 vpr_resize bl_prof_dataptr=0x10000@0x275840000 sdhci_tegra.en_boot_part_access=1 quiet root=/dev/mmcblk0p1 rw rootwait rootfstype=ext4 console=ttyS0,115200n8 console=tty0 fbcon=map:0 net.ifnames=0 isolcpus=1-2 
[2022-03-12 13:33:26] ## Flattened Device Tree blob at 80000000
[2022-03-12 13:33:26]    Booting using the fdt blob at 0x80000000
[2022-03-12 13:33:26] ERROR: reserving fdt memory region failed (addr=0 size=0)
[2022-03-12 13:33:26] ERROR: reserving fdt memory region failed (addr=0 size=0)
[2022-03-12 13:33:26] ERROR: reserving fdt memory region failed (addr=0 size=0)
[2022-03-12 13:33:26]    Using Device Tree in place at 0000000080000000, end 0000000080060aa3
[2022-03-12 13:33:26] copying carveout for /host1x@13e00000/display-hub@15200000/display@15200000...
[2022-03-12 13:33:26] copying carveout for /host1x@13e00000/display-hub@15200000/display@15210000...
[2022-03-12 13:33:26] copying carveout for /host1x@13e00000/display-hub@15200000/display@15220000...
[2022-03-12 13:33:26] 
[2022-03-12 13:33:26] Starting kernel ...
[2022-03-12 13:33:26] 
[2022-03-12 13:33:26] [    0.000000] Booting Linux on physical CPU 0x100
[2022-03-12 13:33:26] [    0.000000] Linux version 4.9.253-tegra (buildbrain@mobile-u64-5497-d3000) (gcc version 7.3.1 20180425 [linaro-7.3-2018.05 revision d29120a424ecfbc167ef90065c0eeb7f91977701] (Linaro GCC 7.3-2018.05) ) #1 SMP PREEMPT Mon Jul 26 12:19:28 PDT 2021
[2022-03-12 13:33:26] [    0.000000] Boot CPU: AArch64 Processor [411fd073]
[2022-03-12 13:33:26] [    0.000000] OF: fdt:memory scan node memory@80000000, reg size 80,
[2022-03-12 13:33:26] [    0.000000] OF: fdt: - 80000000 ,  70000000
[2022-03-12 13:33:26] [    0.000000] OF: fdt: - f0200000 ,  185600000
[2022-03-12 13:33:26] [    0.000000] OF: fdt: - 275e00000 ,  200000
[2022-03-12 13:33:26] [    0.000000] OF: fdt: - 276600000 ,  200000
[2022-03-12 13:33:26] [    0.000000] OF: fdt: - 277000000 ,  200000
[2022-03-12 13:33:26] [    0.000000] earlycon: uart8250 at MMIO32 0x0000000003100000 (options '')
[2022-03-12 13:33:26] [    0.000000] bootconsole [uart8250] enabled
[2022-03-12 13:33:28] [    1.852675] cgroup: cgroup2: unknown option "nsdelegate"
[2022-03-12 13:33:29] [    3.001043] using random self ethernet address
[2022-03-12 13:33:29] [    3.027411] using random host ethernet address
[2022-03-12 13:33:29] [    3.178563] random: crng init done
[2022-03-12 13:33:30] [    3.181973] random: 7 urandom warning(s) missed due to ratelimiting
[2022-03-12 13:33:30] [    3.524316] using random self ethernet address
[2022-03-12 13:33:30] [    3.536856] using random host ethernet address
[2022-03-12 13:33:30] [    3.881690] CPU1: shutdown
[2022-03-12 13:33:30] [    3.959363] CPU2: shutdown
[2022-03-12 13:33:31] [    4.962344] Bridge firewalling registered
[2022-03-12 13:33:34] 
[2022-03-12 13:33:34] Ubuntu 18.04.5 LTS JTX2-A ttyS0
[2022-03-12 13:33:34] 
[2022-03-12 13:33:34] JTX2-A login: A A 