[0000.262] I> Welcome to MB2(TBoot-BPMP)(version: 01.00.160913-t186-M-00.00-mobile-c368a720)
[2022-03-13 12:54:52] [0000.270] I> Boot-device: eMMC
[2022-03-13 12:54:52] [0000.278] I> sdmmc bdev is already initialized
[2022-03-13 12:54:53] [0000.282] I> pmic: reset reason (nverc)	: 0x80
[2022-03-13 12:54:53] [0000.315] I> Found 19 partitions in SDMMC_BOOT (instance 3)
[2022-03-13 12:54:53] [0000.335] I> Found 33 partitions in SDMMC_USER (instance 3)
[2022-03-13 12:54:53] [0000.341] W> No valid slot number is found in scratch register
[2022-03-13 12:54:53] [0000.347] W> Return default slot: _a
[2022-03-13 12:54:53] [0000.350] I> A/B: bin_type (16) slot 0
[2022-03-13 12:54:53] [0000.354] I> Loading partition bpmp-fw at 0xd7800000
[2022-03-13 12:54:53] [0000.359] I> Reading two headers - addr:0xd7800000 blocks:1
[2022-03-13 12:54:53] [0000.364] I> Addr: 0xd7800000, start-block: 58777608, num_blocks: 1
[2022-03-13 12:54:53] [0000.389] I> Binary(16) of size 534416 is loaded @ 0xd7800000
[2022-03-13 12:54:53] [0000.395] W> No valid slot number is found in scratch register
[2022-03-13 12:54:53] [0000.401] W> Return default slot: _a
[2022-03-13 12:54:53] [0000.404] I> A/B: bin_type (17) slot 0
[2022-03-13 12:54:53] [0000.408] I> Loading partition bpmp-fw-dtb at 0xd79f0000
[2022-03-13 12:54:53] [0000.413] I> Reading two headers - addr:0xd79f0000 blocks:1
[2022-03-13 12:54:53] [0000.418] I> Addr: 0xd79f0000, start-block: 58780024, num_blocks: 1
[2022-03-13 12:54:53] [0000.444] I> Binary(17) of size 604720 is loaded @ 0xd796c400
[2022-03-13 12:54:53] [0000.674] I> Loading SCE-FW ...
[2022-03-13 12:54:53] [0000.677] W> No valid slot number is found in scratch register
[2022-03-13 12:54:53] [0000.683] W> Return default slot: _a
[2022-03-13 12:54:53] [0000.686] I> A/B: bin_type (12) slot 0
[2022-03-13 12:54:53] [0000.690] I> Loading partition sce-fw at 0xd7300000
[2022-03-13 12:54:53] [0000.694] I> Reading two headers - addr:0xd7300000 blocks:1
[2022-03-13 12:54:53] [0000.700] I> Addr: 0xd7300000, start-block: 58784120, num_blocks: 1
[2022-03-13 12:54:53] [0000.719] I> Binary(12) of size 125632 is loaded @ 0xd7300000
[2022-03-13 12:54:53] [0000.725] I> Init SCE
[2022-03-13 12:54:53] [0000.727] I> Loading APE-FW ...
[2022-03-13 12:54:53] [0000.730] W> No valid slot number is found in scratch register
[2022-03-13 12:54:53] [0000.736] W> Return default slot: _a
[2022-03-13 12:54:53] [0000.739] I> A/B: bin_type (11) slot 0
[2022-03-13 12:54:53] [0000.743] I> Loading partition adsp-fw at 0xd7400000
[2022-03-13 12:54:53] [0000.748] I> Reading two headers - addr:0xd7400000 blocks:1
[2022-03-13 12:54:53] [0000.753] I> Addr: 0xd7400000, start-block: 58761224, num_blocks: 1
[2022-03-13 12:54:53] [0000.772] I> Binary(11) of size 77216 is loaded @ 0xd7400000
[2022-03-13 12:54:53] [0000.778] I> Copy BTCM section
[2022-03-13 12:54:53] [0000.781] W> No valid slot number is found in scratch register
[2022-03-13 12:54:53] [0000.786] W> Return default slot: _a
[2022-03-13 12:54:53] [0000.790] I> A/B: bin_type (13) slot 0
[2022-03-13 12:54:53] [0000.793] I> Loading partition cpu-bootloader at 0x96000000
[2022-03-13 12:54:53] [0000.799] I> Reading two headers - addr:0x96000000 blocks:1
[2022-03-13 12:54:53] [0000.804] I> Addr: 0x96000000, start-block: 58740744, num_blocks: 1
[2022-03-13 12:54:53] [0000.825] I> Binary(13) of size 308800 is loaded @ 0x96000000
[2022-03-13 12:54:53] [0000.831] W> No valid slot number is found in scratch register
[2022-03-13 12:54:53] [0000.837] W> Return default slot: _a
[2022-03-13 12:54:53] [0000.840] I> A/B: bin_type (20) slot 0
[2022-03-13 12:54:53] [0000.844] I> Loading partition bootloader-dtb at 0x85205400
[2022-03-13 12:54:53] [0000.849] I> Reading two headers - addr:0x85205400 blocks:1
[2022-03-13 12:54:53] [0000.855] I> Addr: 0x85205400, start-block: 58742792, num_blocks: 1
[2022-03-13 12:54:53] [0000.876] I> Binary(20) of size 375568 is loaded @ 0x85205400
[2022-03-13 12:54:53] [0000.882] W> No valid slot number is found in scratch register
[2022-03-13 12:54:53] [0000.888] W> Return default slot: _a
[2022-03-13 12:54:53] [0000.891] I> A/B: bin_type (14) slot 0
[2022-03-13 12:54:53] [0000.895] I> Loading partition secure-os at 0x85305600
[2022-03-13 12:54:53] [0000.900] I> Reading two headers - addr:0x85305600 blocks:1
[2022-03-13 12:54:53] [0000.905] I> Addr: 0x85305600, start-block: 58744840, num_blocks: 1
[2022-03-13 12:54:53] [0000.928] I> Binary(14) of size 402864 is loaded @ 0x85305600
[2022-03-13 12:54:53] [0000.935] I> TOS boot-params @ 0x85000000
[2022-03-13 12:54:53] [0000.939] I> TOS params prepared
[2022-03-13 12:54:53] [0000.942] I> Loading EKS ...
[2022-03-13 12:54:53] [0000.945] I> A/B: bin_type (15) slot 0
[2022-03-13 12:54:53] [0000.948] I> Loading partition eks at 0x85905800
[2022-03-13 12:54:53] [0000.953] I> Reading two headers - addr:0x85905800 blocks:1
[2022-03-13 12:54:53] [0000.958] I> Addr: 0x85905800, start-block: 58757128, num_blocks: 1
[2022-03-13 12:54:53] [0000.977] I> Binary(15) of size 1040 is loaded @ 0x85905800
[2022-03-13 12:54:53] [0000.983] I> EKB detected (length: 0x400) @ 0x85905800
[2022-03-13 12:54:53] [0000.988] I> Copied encrypted keys
[2022-03-13 12:54:53] [0000.991] I> boot profiler @ 0x275844000
[2022-03-13 12:54:53] [0000.995] I> boot profiler for TOS @ 0x275844000
[2022-03-13 12:54:53] [0001.000] I> Unhalting SCE
[2022-03-13 12:54:53] [0001.003] I> Primary Memory Start:80000000 Size:70000000
[2022-03-13 12:54:53] [0001.008] I> Extended Memory Start:f0110000 Size:1856f0000
[2022-03-13 12:54:53] [0001.015] I> MB2(TBoot-BPMP) done
[2022-03-13 12:54:53] 
[2022-03-13 12:54:53] NOTICE:  BL31: v1.3(release):b5eeb33f7
[2022-03-13 12:54:53] NOTICE:  BL31: Built : 12:15:17, Jul 26 2021
[2022-03-13 12:54:53] ipc-unittest-main: 1519: Welcome to IPC unittest!!!
[2022-03-13 12:54:53] ipc-unittest-main: 1531: waiting forever
[2022-03-13 12:54:53] ipc-unittest-srv: 329: Init unittest services!!!
[2022-03-13 12:54:53] hwkey-agent: 41: hwkey-agent is running!!
[2022-03-13 12:54:53] hwkey-agent: 315: key_mgnt_processing .......
[2022-03-13 12:54:53] hwkey-agent: 223: Setting EKB key 0 to slot 14
[2022-03-13 12:54:53] hwkey-agent: 178: Init hweky-agent services!!
[2022-03-13 12:54:53] luks-srv: 40: luks-srv is running!!
[2022-03-13 12:54:53] luks-srv: 157: Init luks-srv IPC services!!
[2022-03-13 12:54:53] platform_bootstrap_epilog: trusty bootstrap complete
[2022-03-13 12:54:54] [0001.387] I> Welcome to Cboot
[2022-03-13 12:54:54] [0001.390] I> Cboot Version: t186-00029e71
[2022-03-13 12:54:54] [0001.394] I> CPU-BL Params @ 0x275800000
[2022-03-13 12:54:54] [0001.397] I>  0) Base:0x00000000 Size:0x00000000
[2022-03-13 12:54:54] [0001.402] I>  1) Base:0x277f00000 Size:0x00100000
[2022-03-13 12:54:54] [0001.406] I>  2) Base:0x277e00000 Size:0x00100000
[2022-03-13 12:54:54] [0001.411] I>  3) Base:0x277d00000 Size:0x00100000
[2022-03-13 12:54:54] [0001.415] I>  4) Base:0x277c00000 Size:0x00100000
[2022-03-13 12:54:54] [0001.420] I>  5) Base:0x277b00000 Size:0x00100000
[2022-03-13 12:54:54] [0001.424] I>  6) Base:0x277800000 Size:0x00200000
[2022-03-13 12:54:54] [0001.429] I>  7) Base:0x277400000 Size:0x00400000
[2022-03-13 12:54:54] [0001.433] I>  8) Base:0x277a00000 Size:0x00100000
[2022-03-13 12:54:54] [0001.438] I>  9) Base:0x277300000 Size:0x00100000
[2022-03-13 12:54:54] [0001.442] I> 10) Base:0x276800000 Size:0x00800000
[2022-03-13 12:54:54] [0001.447] I> 11) Base:0x30000000 Size:0x00040000
[2022-03-13 12:54:54] [0001.451] I> 12) Base:0xf0000000 Size:0x00100000
[2022-03-13 12:54:54] [0001.456] I> 13) Base:0x30040000 Size:0x00001000
[2022-03-13 12:54:54] [0001.460] I> 14) Base:0x30048000 Size:0x00001000
[2022-03-13 12:54:54] [0001.465] I> 15) Base:0x30049000 Size:0x00001000
[2022-03-13 12:54:54] [0001.469] I> 16) Base:0x3004a000 Size:0x00001000
[2022-03-13 12:54:54] [0001.473] I> 17) Base:0x3004b000 Size:0x00001000
[2022-03-13 12:54:54] [0001.478] I> 18) Base:0x3004c000 Size:0x00001000
[2022-03-13 12:54:54] [0001.482] I> 19) Base:0x3004d000 Size:0x00001000
[2022-03-13 12:54:54] [0001.487] I> 20) Base:0x3004e000 Size:0x00001000
[2022-03-13 12:54:54] [0001.491] I> 21) Base:0x3004f000 Size:0x00001000
[2022-03-13 12:54:54] [0001.496] I> 22) Base:0x00000000 Size:0x00000000
[2022-03-13 12:54:54] [0001.500] I> 23) Base:0xf0100000 Size:0x00010000
[2022-03-13 12:54:54] [0001.504] I> 24) Base:0x00000000 Size:0x00000000
[2022-03-13 12:54:54] [0001.509] I> 25) Base:0x00000000 Size:0x00000000
[2022-03-13 12:54:54] [0001.513] I> 26) Base:0x00000000 Size:0x00000000
[2022-03-13 12:54:54] [0001.518] I> 27) Base:0x00000000 Size:0x00000000
[2022-03-13 12:54:54] [0001.522] I> 28) Base:0x84400000 Size:0x00400000
[2022-03-13 12:54:54] [0001.527] I> 29) Base:0x30000000 Size:0x00010000
[2022-03-13 12:54:54] [0001.531] I> 30) Base:0x278000000 Size:0x08000000
[2022-03-13 12:54:54] [0001.536] I> 31) Base:0x00000000 Size:0x00000000
[2022-03-13 12:54:54] [0001.540] I> 32) Base:0x276000000 Size:0x00600000
[2022-03-13 12:54:54] [0001.545] I> 33) Base:0x80000000 Size:0x70000000
[2022-03-13 12:54:54] [0001.549] I> 34) Base:0xf0110000 Size:0x1856f0000
[2022-03-13 12:54:54] [0001.553] I> 35) Base:0x00000000 Size:0x00000000
[2022-03-13 12:54:54] [0001.558] I> 36) Base:0x00000000 Size:0x00000000
[2022-03-13 12:54:54] [0001.562] I> 37) Base:0x2772e0000 Size:0x00020000
[2022-03-13 12:54:54] [0001.567] I> 38) Base:0x84000000 Size:0x00400000
[2022-03-13 12:54:54] [0001.571] I> 39) Base:0x96000000 Size:0x02000000
[2022-03-13 12:54:54] [0001.576] I> 40) Base:0x85000000 Size:0x01200000
[2022-03-13 12:54:54] [0001.580] I> 41) Base:0x275800000 Size:0x00500000
[2022-03-13 12:54:54] [0001.585] I> 42) Base:0x00000000 Size:0x00000000
[2022-03-13 12:54:54] [0001.589] I> 43) Base:0x00000000 Size:0x00000000
[2022-03-13 12:54:54] [0001.594] GIC-SPI Target CPU: 4
[2022-03-13 12:54:54] [0001.597] Interrupts Init done
[2022-03-13 12:54:54] [0001.600] calling constructors
[2022-03-13 12:54:54] [0001.603] initializing heap
[2022-03-13 12:54:54] [0001.606] initializing threads
[2022-03-13 12:54:54] [0001.609] initializing timers
[2022-03-13 12:54:54] [0001.612] creating bootstrap completion thread
[2022-03-13 12:54:54] [0001.617] top of bootstrap2()
[2022-03-13 12:54:54] [0001.620] CPU: ARM Cortex A57
[2022-03-13 12:54:54] [0001.623] CPU: MIDR: 0x411FD073, MPIDR: 0x80000100
[2022-03-13 12:54:54] [0001.628] initializing platform
[2022-03-13 12:54:54] [0001.632] I> Bl_dtb @0x85205400
[2022-03-13 12:54:54] [0001.634] I> gpio framework initialized
[2022-03-13 12:54:54] [0001.641] I> tegrabl_gpio_driver_register: register 'nvidia,tegra186-gpio' driver
[2022-03-13 12:54:54] [0001.651] I> tegrabl_gpio_driver_register: register 'nvidia,tegra186-gpio-aon' driver
[2022-03-13 12:54:54] [0001.659] I> GPIO framework and drivers are initialized.
[2022-03-13 12:54:54] [0001.664] I> Boot-device: eMMC
[2022-03-13 12:54:54] [0001.671] I> sdmmc bdev is already initialized
[2022-03-13 12:54:54] [0001.702] I> Found 19 partitions in SDMMC_BOOT (instance 3)
[2022-03-13 12:54:54] [0001.719] I> Found 33 partitions in SDMMC_USER (instance 3)
[2022-03-13 12:54:54] [0001.725] W> opt-in fuse is not set, skip fuse_burning
[2022-03-13 12:54:54] [0001.730] I> Reserved memory at 0xfbe00000 for U-Boot relocation
[2022-03-13 12:54:54] [0001.736] W> No valid slot number is found in scratch register
[2022-03-13 12:54:54] [0001.741] W> Return default slot: _a
[2022-03-13 12:54:54] [0001.751] I> A/B: bin_type (21) slot 0
[2022-03-13 12:54:54] [0001.754] I> Loading kernel-dtb from partition
[2022-03-13 12:54:54] [0001.759] I> Loading partition kernel-dtb at 0x80000000 from device(0x1)
[2022-03-13 12:54:54] [0001.776] I> Kernel_dtb @0x80000000
[2022-03-13 12:54:54] [0001.780] I> tegrabl_tca9539_init: i2c bus: 0, slave addr: 0xee
[2022-03-13 12:54:54] [0001.790] I> tegrabl_gpio_driver_register: register 'tca9539_gpio_driver' driver
[2022-03-13 12:54:54] [0001.797] I> tegrabl_tca9539_init: i2c bus: 0, slave addr: 0xe8
[2022-03-13 12:54:54] [0001.806] I> tegrabl_gpio_driver_register: register 'tca9539_gpio_driver' driver
[2022-03-13 12:54:54] [0001.817] I> fixed regulator driver initialized
[2022-03-13 12:54:54] [0001.850] I> register 'maxim' power off handle
[2022-03-13 12:54:54] [0001.856] I> virtual i2c enabled
[2022-03-13 12:54:54] [0001.859] I> registered 'maxim,max77620' pmic
[2022-03-13 12:54:54] [0001.864] I> tegrabl_gpio_driver_register: register 'max77620-gpio' driver
[2022-03-13 12:54:54] [0001.878] E> failed to read label property for node 324936: 13
[2022-03-13 12:54:54] [0001.886] E> failed to read reg property for node 325032: 13
[2022-03-13 12:54:54] [0001.894] E> failed to read reg property for node 325084: 13
[2022-03-13 12:54:54] [0001.902] E> failed to read label property for node 325168: 13
[2022-03-13 12:54:54] [0001.911] E> failed to read label property for node 325236: 13
[2022-03-13 12:54:54] [0001.919] E> failed to read reg property for node 325304: 13
[2022-03-13 12:54:54] [0001.927] E> failed to read reg property for node 325376: 13
[2022-03-13 12:54:54] [0001.938] I> Find /i2c@c250000's alias i2c7
[2022-03-13 12:54:54] [0001.942] I> Reading eeprom i2c=7 address=0x50
[2022-03-13 12:54:54] [0001.971] I> Device at /i2c@c250000:0x50
[2022-03-13 12:54:54] [0001.975] I> Reading eeprom i2c=7 address=0x57
[2022-03-13 12:54:54] [0002.004] I> Device at /i2c@c250000:0x57
[2022-03-13 12:54:54] [0002.008] I> Find /i2c@c240000's alias i2c1
[2022-03-13 12:54:54] [0002.012] I> Reading eeprom i2c=1 address=0x51
[2022-03-13 12:54:54] [0002.017] E> I2C: slave not found in slaves.
[2022-03-13 12:54:54] [0002.021] E> I2C: Could not write 0 bytes to slave: 0x00a2 with repeat start true.
[2022-03-13 12:54:54] [0002.029] E> I2C_DEV: Failed to send register address 0x00000000.
[2022-03-13 12:54:54] [0002.035] E> I2C_DEV: Could not read 256 registers of size 1 from slave 0xa2 at 0x00000000 via instance 1.
[2022-03-13 12:54:54] [0002.044] E> eeprom: Retry to read I2C slave device.
[2022-03-13 12:54:54] [0002.049] E> I2C: slave not found in slaves.
[2022-03-13 12:54:54] [0002.053] E> I2C: Could not write 0 bytes to slave: 0x00a2 with repeat start true.
[2022-03-13 12:54:54] [0002.061] E> I2C_DEV: Failed to send register address 0x00000000.
[2022-03-13 12:54:54] [0002.067] E> I2C_DEV: Could not read 256 registers of size 1 from slave 0xa2 at 0x00000000 via instance 1.
[2022-03-13 12:54:54] [0002.076] E> eeprom: Failed to read I2C slave device
[2022-03-13 12:54:54] [0002.081] I> Eeprom read failed 0x3526070d
[2022-03-13 12:54:54] [0002.086] I> Find /i2c@3160000's alias i2c0
[2022-03-13 12:54:54] [0002.090] I> Reading eeprom i2c=0 address=0x50
[2022-03-13 12:54:54] [0002.094] E> I2C: slave not found in slaves.
[2022-03-13 12:54:54] [0002.098] E> I2C: Could not write 0 bytes to slave: 0x00a0 with repeat start true.
[2022-03-13 12:54:54] [0002.106] E> I2C_DEV: Failed to send register address 0x00000000.
[2022-03-13 12:54:54] [0002.112] E> I2C_DEV: Could not read 256 registers of size 1 from slave 0xa0 at 0x00000000 via instance 0.
[2022-03-13 12:54:54] [0002.121] E> eeprom: Failed to read I2C slave device
[2022-03-13 12:54:54] [0002.126] I> Eeprom read failed 0x3526070d
[2022-03-13 12:54:54] [0002.131] I> Find /i2c@3180000's alias i2c2
[2022-03-13 12:54:54] [0002.135] I> Reading eeprom i2c=2 address=0x54
[2022-03-13 12:54:54] [0002.139] I> Enabling gpio chip_id = 2, gpio pin = 9
[2022-03-13 12:54:54] [0002.170] I> Disabling gpio chip_id = 2, gpio pin = 9
[2022-03-13 12:54:54] [0002.175] I> Device at /i2c@3180000:0x54
[2022-03-13 12:54:54] [0002.179] I> Reading eeprom i2c=2 address=0x57
[2022-03-13 12:54:54] [0002.183] I> Enabling gpio chip_id = 2, gpio pin = 9
[2022-03-13 12:54:54] [0002.188] E> I2C: slave not found in slaves.
[2022-03-13 12:54:54] [0002.193] E> I2C: Could not write 0 bytes to slave: 0x00ae with repeat start true.
[2022-03-13 12:54:54] [0002.200] E> I2C_DEV: Failed to send register address 0x00000000.
[2022-03-13 12:54:54] [0002.206] E> I2C_DEV: Could not read 256 registers of size 1 from slave 0xae at 0x00000000 via instance 2.
[2022-03-13 12:54:54] [0002.216] E> eeprom: Failed to read I2C slave device
[2022-03-13 12:54:54] [0002.220] I> Disabling gpio chip_id = 2, gpio pin = 9
[2022-03-13 12:54:54] [0002.226] I> Eeprom read failed 0x00000000
[2022-03-13 12:54:54] [0002.230] I> create_pm_ids: id: 3310-1000-D00-L, len: 15
[2022-03-13 12:54:54] [0002.235] I> config: mem-type:00,power-config:00,misc-config:00,modem-config:00,touch-config:00,display-config:00,, len: 93
[2022-03-13 12:54:54] [0002.246] I> create_pm_ids: id: 2597-0000-900-E, len: 15
[2022-03-13 12:54:54] [0002.251] I> config: mem-type:00,power-config:00,misc-config:00,modem-config:00,touch-config:00,display-config:00,, len: 93
[2022-03-13 12:54:54] [0002.262] I> create_pm_ids: id: 3326-1000-000-M, len: 15
[2022-03-13 12:54:54] [0002.267] I> config: mem-type:ff,power-config:ff,misc-config:ff,modem-config:ff,touch-config:ff,display-config:ff,, len: 93
[2022-03-13 12:54:55] [0002.302] I> enabling 'vdd-hdmi' regulator
[2022-03-13 12:54:55] [0002.318] I> regulator 'vdd-hdmi' already enabled
[2022-03-13 12:54:55] [0002.322] E> tegrabl_display_init_regulator: hdmi cable is not connected
[2022-03-13 12:54:55] [0002.329] E> tegrabl_display_get_pdata, failed to parse dtb settings
[2022-03-13 12:54:55] [0002.337] E> cannot find any other nvdisp nodes
[2022-03-13 12:54:55] [0002.342] E> no valid display unit config found in dtb
[2022-03-13 12:54:55] [0002.348] W> display init failed
[2022-03-13 12:54:55] [0002.351] initializing target
[2022-03-13 12:54:55] [0002.354] calling apps_init()
[2022-03-13 12:54:55] [0002.357] starting app kernel_boot_app
[2022-03-13 12:54:55] [0002.379] I> found decompressor handler: lz4-legacy
[2022-03-13 12:54:55] [0002.384] I> decompressing BMP blob ...
[2022-03-13 12:54:55] [0002.396] I> Kernel type = Normal
[2022-03-13 12:54:55] [0002.399] I> ########## Fixed storage boot ##########
[2022-03-13 12:54:55] [0002.404] I> Loading kernel-bootctrl from partition
[2022-03-13 12:54:55] [0002.409] I> Loading partition kernel-bootctrl at 0xa8000000 from device(0x1)
[2022-03-13 12:54:55] [0002.424] W> tegrabl_get_kernel_bootctrl: magic number(0x00000000) is invalid
[2022-03-13 12:54:55] [0002.431] W> tegrabl_get_kernel_bootctrl: use default dummy boot control data
[2022-03-13 12:54:55] [0002.438] W> No valid slot number is found in scratch register
[2022-03-13 12:54:55] [0002.443] W> Return default slot: _a
[2022-03-13 12:54:55] [0002.447] I> A/B: bin_type (24) slot 0
[2022-03-13 12:54:55] [0002.462] I> Boot image size read from image header: 9913d
[2022-03-13 12:54:55] [0002.468] I> Boot image load address: 0x80400000
[2022-03-13 12:54:55] [0002.472] I> Loading kernel from partition
[2022-03-13 12:54:55] [0002.476] I> Loading partition kernel at 0x80400000 from device(0x1)
[2022-03-13 12:54:56] [0003.418] I> Validate kernel ...
[2022-03-13 12:54:56] [0003.421] I> T18x: Authenticate kernel (bin_type 24), max size 0x4000000
[2022-03-13 12:54:56] [0003.429] I> Decrypt the buffer ... [0003.432] W> tegrabl_decrypt_block: fuse (0x0) is not burnt to do encryption (0x4); skip decryption.
[2022-03-13 12:54:56] [0003.441] I> done
[2022-03-13 12:54:56] [0003.443] I> Checking boot.img header magic ... [0003.447] I> [OK]
[2022-03-13 12:54:56] [0003.449] I> kernel-dtb is already loaded
[2022-03-13 12:54:56] [0003.453] I> Validate kernel-dtb ...
[2022-03-13 12:54:56] [0003.456] I> T18x: Authenticate kernel-dtb (bin_type 21), max size 0x100000
[2022-03-13 12:54:56] [0003.464] I> Decrypt the buffer ... [0003.467] W> tegrabl_decrypt_block: fuse (0x0) is not burnt to do encryption (0x4); skip decryption.
[2022-03-13 12:54:56] [0003.476] I> done
[2022-03-13 12:54:56] [0003.478] I> Kernel hdr @0x80400000
[2022-03-13 12:54:56] [0003.481] I> Kernel dtb @0x80000000
[2022-03-13 12:54:56] [0003.484] I> decompressor handler not found
[2022-03-13 12:54:56] [0003.488] I> Copying kernel image (627005 bytes) from 0x80400800 to 0x80600000 ... [0003.496] I> Done
[2022-03-13 12:54:56] [0003.498] I> Move ramdisk (len: 0) from 0x8049a000 to 0x947d0000
[2022-03-13 12:54:56] [0003.505] I> Updated bpmp info to DTB
[2022-03-13 12:54:56] [0003.511] I> Ramdisk: Base: 0x947d0000; Size: 0x0
[2022-03-13 12:54:56] [0003.516] I> Updated initrd info to DTB
[2022-03-13 12:54:56] [0003.520] W> WARN: Fail to override "console=none" in commandline
[2022-03-13 12:54:56] [0003.525] I> Active rootfs suffix: 
[2022-03-13 12:54:56] [0003.529] E> tegrabl_linuxboot_add_disp_param, du 0 failed to get display params
[2022-03-13 12:54:56] [0003.536] E> tegrabl_linuxboot_add_disp_param, du 0 failed to get display params
[2022-03-13 12:54:56] [0003.543] E> tegrabl_linuxboot_add_disp_param, du 0 failed to get display params
[2022-03-13 12:54:56] [0003.550] I> disabled_core_mask: 0xffffff0c
[2022-03-13 12:54:56] [0003.554] W> No valid slot number is found in scratch register
[2022-03-13 12:54:56] [0003.560] W> Return default slot: _a
[2022-03-13 12:54:56] [0003.563] I> Active slot suffix: 
[2022-03-13 12:54:56] [0003.567] I> add_boot_slot_suffix: slot_suffix = 
[2022-03-13 12:54:56] [0003.571] I> Linux Cmdline: console=ttyS0,115200 androidboot.presilicon=true firmware_class.path=/etc/firmware root=/dev/mmcblk0p1 rw rootwait rootfstype=ext4 console=ttyS0,115200n8 console=tty0 fbcon=map:0 net.ifnames=0 isolcpus=1-2  video=tegrafb earlycon=uart8250,mmio32,0x3100000 nvdumper_reserved=0x2772e0000 gpt rootfs.slot_suffix= usbcore.old_scheme_first=1 tegraid=18.1.2.0.0 maxcpus=6 no_console_suspend boot.slot_suffix= boot.ratchetvalues=0.2031647.1 vpr_resize bl_prof_dataptr=0x10000@0x275840000 sdhci_tegra.en_boot_part_access=1 
[2022-03-13 12:54:56] [0003.619] I> Updated bootarg info to DTB
[2022-03-13 12:54:56] [0003.622] I> eeprom_get_mac_addr: MAC (type: 0): 48:b0:2d:0f:11:c5
[2022-03-13 12:54:56] [0003.629] I> eeprom_get_mac_addr: MAC (type: 1): 48:b0:2d:0f:11:c6
[2022-03-13 12:54:56] [0003.635] I> eeprom_get_mac_addr: MAC (type: 2): 48:b0:2d:0f:11:c7
[2022-03-13 12:54:56] [0003.641] E> Found no plugin manager ids in source DT
[2022-03-13 12:54:56] [0003.646] W> Add plugin manager ids from board info
[2022-03-13 12:54:56] [0003.651] W> "plugin-manager" doesn't exist, creating
[2022-03-13 12:54:56] [0003.656] W> "ids" doesn't exist, creating
[2022-03-13 12:54:56] [0003.660] W> "connection" doesn't exist, creating
[2022-03-13 12:54:56] [0003.664] W> "configs" doesn't exist, creating
[2022-03-13 12:54:56] [0003.669] I> create_pm_ids: id: 3310-1000-D00-L, len: 15
[2022-03-13 12:54:56] [0003.674] I> config: mem-type:00,power-config:00,misc-config:00,modem-config:00,touch-config:00,display-config:00,, len: 93
[2022-03-13 12:54:56] [0003.685] I> create_pm_ids: id: 2597-0000-900-E, len: 15
[2022-03-13 12:54:56] [0003.690] I> config: mem-type:00,power-config:00,misc-config:00,modem-config:00,touch-config:00,display-config:00,, len: 93
[2022-03-13 12:54:56] [0003.701] I> create_pm_ids: id: 3326-1000-000-M, len: 15
[2022-03-13 12:54:56] [0003.706] I> config: mem-type:ff,power-config:ff,misc-config:ff,modem-config:ff,touch-config:ff,display-config:ff,, len: 93
[2022-03-13 12:54:56] [0003.717] I> Adding plugin-manager/ids/3310-1000-D00=/i2c@c250000:module@0x50
[2022-03-13 12:54:56] [0003.724] W> "i2c@c250000" doesn't exist, creating
[2022-03-13 12:54:56] [0003.729] W> "module@0x50" doesn't exist, creating
[2022-03-13 12:54:56] [0003.734] I> Adding plugin-manager/ids/2597-0000-900=/i2c@c250000:module@0x57
[2022-03-13 12:54:56] [0003.741] W> "module@0x57" doesn't exist, creating
[2022-03-13 12:54:56] [0003.746] I> Adding plugin-manager/ids/3326-1000-000=/i2c@3180000:module@0x54
[2022-03-13 12:54:56] [0003.753] W> "i2c@3180000" doesn't exist, creating
[2022-03-13 12:54:56] [0003.758] W> "module@0x54" doesn't exist, creating
[2022-03-13 12:54:56] [0003.765] I> Adding plugin-manager/ids/3310-1000-D00-L
[2022-03-13 12:54:56] [0003.772] I> Adding plugin-manager/configs/3310-mem-type 00
[2022-03-13 12:54:56] [0003.777] I> Adding plugin-manager/configs/3310-power-config 00
[2022-03-13 12:54:56] [0003.783] I> Adding plugin-manager/configs/3310-misc-config 00
[2022-03-13 12:54:56] [0003.789] I> Adding plugin-manager/configs/3310-modem-config 00
[2022-03-13 12:54:56] [0003.795] I> Adding plugin-manager/configs/3310-touch-config 00
[2022-03-13 12:54:56] [0003.801] I> Adding plugin-manager/configs/3310-display-config 00
[2022-03-13 12:54:56] [0003.807] I> Adding plugin-manager/cvm
[2022-03-13 12:54:56] [0003.811] W> "chip-id" doesn't exist, creating
[2022-03-13 12:54:56] [0003.815] I> Adding plugin-manager/chip-id/A02P
[2022-03-13 12:54:56] [0003.820] W> "odm-data" doesn't exist, creating
[2022-03-13 12:54:56] [0003.824] I> Adding /chosen/plugin-manager/odm-data
[2022-03-13 12:54:56] [0003.834] I> added [base:0x80000000, size:0x70000000] to /memory
[2022-03-13 12:54:56] [0003.840] I> added [base:0xf0200000, size:0x185600000] to /memory
[2022-03-13 12:54:56] [0003.846] I> added [base:0x275e00000, size:0x200000] to /memory
[2022-03-13 12:54:56] [0003.852] I> added [base:0x276600000, size:0x200000] to /memory
[2022-03-13 12:54:56] [0003.858] I> added [base:0x277000000, size:0x200000] to /memory
[2022-03-13 12:54:56] [0003.863] I> Updated memory info to DTB
[2022-03-13 12:54:56] [0003.868] E> add_disp_param: failed to get display params for du=0
[2022-03-13 12:54:56] [0003.876] W> "reset" doesn't exist, creating
[2022-03-13 12:54:56] [0003.880] W> "pmc-reset-reason" doesn't exist, creating
[2022-03-13 12:54:56] [0003.886] W> "pmic-reset-reason" doesn't exist, creating
[2022-03-13 12:54:56] [0003.892] I> Adding ecid(00000001646db7851000000013038200) to DT
[2022-03-13 12:54:56] [0003.898] I> disabled_core_mask: 0xffffff0c
[2022-03-13 12:54:56] [0003.911] I> Add serial number:1422420022173 as DT property
[2022-03-13 12:54:56] [0003.920] I> Plugin-manager override starting
[2022-03-13 12:54:56] [0003.925] I> node /plugin-manager/fragement@0 matches
[2022-03-13 12:54:56] [0003.935] I> node /plugin-manager/fragement@4 matches
[2022-03-13 12:54:56] [0003.948] I> node /plugin-manager/fragment-sdwake-p3310-1000-300 matches
[2022-03-13 12:54:56] [0003.968] I> node /plugin-manager/fragement-pmon-p3310-1000-300 matches
[2022-03-13 12:54:56] [0003.978] I> node /plugin-manager/fragement-pmon-p3310-1000-800 matches
[2022-03-13 12:54:56] [0003.987] I> node /plugin-manager/fragment-devslp@0 matches
[2022-03-13 12:54:56] [0003.999] I> node /plugin-manager/fragment-500-pcie-config matches
[2022-03-13 12:54:56] [0004.014] I> node /plugin-manager/fragment-500-xusb-config matches
[2022-03-13 12:54:56] [0004.037] I> node /plugin-manager/fragment-p3310-c00-comm matches
[2022-03-13 12:54:56] [0004.051] I> node /plugin-manager/fragment-p3310-c00-pmic matches
[2022-03-13 12:54:56] [0004.061] I> node /plugin-manager/fragment-p3310-c01 matches
[2022-03-13 12:54:56] [0004.074] I> node /plugin-manager/fragment-p3310-c03 matches
[2022-03-13 12:54:56] [0004.117] I> node /plugin-manager/fragment-e3326@0 matches
[2022-03-13 12:54:56] [0004.199] I> node /plugin-manager/fragment-p3310-c00-camera matches
[2022-03-13 12:54:56] [0004.226] I> Disable plugin-manager status in FDT
[2022-03-13 12:54:56] [0004.231] I> Plugin-manager override finished successfully
[2022-03-13 12:54:56] [0004.236] I> tegrabl_load_kernel_and_dtb: Done
[2022-03-13 12:54:56] [0004.240] E> tegrabl_display_clear: display is not initialized
[2022-03-13 12:54:56] [0004.246] W> Boot logo display failed...
[2022-03-13 12:54:56] [0004.250] I> Kernel EP: 0x80600000, DTB: 0x80000000
[2022-03-13 12:54:57] 
[2022-03-13 12:54:57] 
[2022-03-13 12:54:57] U-Boot 2020.04-g46e4604c78 (Jul 26 2021 - 12:10:58 -0700)
[2022-03-13 12:54:57] 
[2022-03-13 12:54:57] SoC: tegra186
[2022-03-13 12:54:57] Model: NVIDIA P2771-0000-500
[2022-03-13 12:54:57] Board: NVIDIA P2771-0000
[2022-03-13 12:54:57] DRAM:  7.8 GiB
[2022-03-13 12:54:57] MMC:   sdhci@3400000: 1, sdhci@3460000: 0
[2022-03-13 12:54:57] Loading Environment from MMC... *** Warning - bad CRC, using default environment
[2022-03-13 12:54:57] 
[2022-03-13 12:54:57] In:    serial
[2022-03-13 12:54:57] Out:   serial
[2022-03-13 12:54:57] Err:   serial
[2022-03-13 12:54:57] Net:   
[2022-03-13 12:54:57] Warning: ethernet@2490000 using MAC address from ROM
[2022-03-13 12:54:57] eth0: ethernet@2490000
[2022-03-13 12:54:57] Hit any key to stop autoboot:  2  1  0 
[2022-03-13 12:54:59] MMC: no card present
[2022-03-13 12:54:59] switch to partitions #0, OK
[2022-03-13 12:54:59] mmc0(part 0) is current device
[2022-03-13 12:54:59] Scanning mmc 0:1...
[2022-03-13 12:54:59] Found /boot/extlinux/extlinux.conf
[2022-03-13 12:54:59] Retrieving file: /boot/extlinux/extlinux.conf
[2022-03-13 12:54:59] 858 bytes read in 22 ms (38.1 KiB/s)
[2022-03-13 12:54:59] 1:	primary kernel
[2022-03-13 12:54:59] Retrieving file: /boot/initrd
[2022-03-13 12:54:59] 7238344 bytes read in 202 ms (34.2 MiB/s)
[2022-03-13 12:54:59] Retrieving file: /boot/Image
[2022-03-13 12:55:00] 34484232 bytes read in 830 ms (39.6 MiB/s)
[2022-03-13 12:55:00] append: console=ttyS0,115200 androidboot.presilicon=true firmware_class.path=/etc/firmware root=/dev/mmcblk0p1 rw rootwait rootfstype=ext4 console=ttyS0,115200n8 console=tty0 fbcon=map:0 net.ifnames=0 isolcpus=1-2  video=tegrafb earlycon=uart8250,mmio32,0x3100000 nvdumper_reserved=0x2772e0000 gpt rootfs.slot_suffix= usbcore.old_scheme_first=1 tegraid=18.1.2.0.0 maxcpus=6 no_console_suspend boot.slot_suffix= boot.ratchetvalues=0.2031647.1 vpr_resize bl_prof_dataptr=0x10000@0x275840000 sdhci_tegra.en_boot_part_access=1 quiet root=/dev/mmcblk0p1 rw rootwait rootfstype=ext4 console=ttyS0,115200n8 console=tty0 fbcon=map:0 net.ifnames=0 isolcpus=1-2 
[2022-03-13 12:55:00] ## Flattened Device Tree blob at 80000000
[2022-03-13 12:55:00]    Booting using the fdt blob at 0x80000000
[2022-03-13 12:55:00] ERROR: reserving fdt memory region failed (addr=0 size=0)
[2022-03-13 12:55:00] ERROR: reserving fdt memory region failed (addr=0 size=0)
[2022-03-13 12:55:00] ERROR: reserving fdt memory region failed (addr=0 size=0)
[2022-03-13 12:55:00]    Using Device Tree in place at 0000000080000000, end 0000000080060aa3
[2022-03-13 12:55:00] copying carveout for /host1x@13e00000/display-hub@15200000/display@15200000...
[2022-03-13 12:55:00] copying carveout for /host1x@13e00000/display-hub@15200000/display@15210000...
[2022-03-13 12:55:00] copying carveout for /host1x@13e00000/display-hub@15200000/display@15220000...
[2022-03-13 12:55:00] 
[2022-03-13 12:55:00] Starting kernel ...
[2022-03-13 12:55:00] 
[2022-03-13 12:55:00] [    0.000000] Booting Linux on physical CPU 0x100
[2022-03-13 12:55:00] [    0.000000] Linux version 4.9.253-tegra (buildbrain@mobile-u64-5497-d3000) (gcc version 7.3.1 20180425 [linaro-7.3-2018.05 revision d29120a424ecfbc167ef90065c0eeb7f91977701] (Linaro GCC 7.3-2018.05) ) #1 SMP PREEMPT Mon Jul 26 12:19:28 PDT 2021
[2022-03-13 12:55:01] [    0.000000] Boot CPU: AArch64 Processor [411fd073]
[2022-03-13 12:55:01] [    0.000000] OF: fdt:memory scan node memory@80000000, reg size 80,
[2022-03-13 12:55:01] [    0.000000] OF: fdt: - 80000000 ,  70000000
[2022-03-13 12:55:01] [    0.000000] OF: fdt: - f0200000 ,  185600000
[2022-03-13 12:55:01] [    0.000000] OF: fdt: - 275e00000 ,  200000
[2022-03-13 12:55:01] [    0.000000] OF: fdt: - 276600000 ,  200000
[2022-03-13 12:55:01] [    0.000000] OF: fdt: - 277000000 ,  200000
[2022-03-13 12:55:01] [    0.000000] earlycon: uart8250 at MMIO32 0x0000000003100000 (options '')
[2022-03-13 12:55:01] [    0.000000] bootconsole [uart8250] enabled
[2022-03-13 12:55:03] [    1.852196] cgroup: cgroup2: unknown option "nsdelegate"
[2022-03-13 12:55:04] [    2.866063] using random self ethernet address
[2022-03-13 12:55:04] [    2.877739] using random host ethernet address
[2022-03-13 12:55:04] [    3.380145] random: crng init done
[2022-03-13 12:55:04] [    3.383551] random: 7 urandom warning(s) missed due to ratelimiting
[2022-03-13 12:55:04] [    3.410865] using random self ethernet address
[2022-03-13 12:55:04] [    3.426361] using random host ethernet address
[2022-03-13 12:55:05] [    3.848812] CPU1: shutdown
[2022-03-13 12:55:05] [    3.943493] CPU2: shutdown
[2022-03-13 12:55:06] [    4.775153] Bridge firewalling registered
[2022-03-13 12:55:09] 
[2022-03-13 12:55:09] Ubuntu 18.04.5 LTS JTX2-A ttyS0
[2022-03-13 12:55:09] 
[2022-03-13 12:55:09] JTX2-A login: [   13.903635] CPU4: SError detected, daif=1c0, spsr=0x800000c5, mpidr=80000102, esr=bf40c000
[2022-03-13 12:55:15] [   13.903638] CPU3: SError detected, daif=1c0, spsr=0x800000c5, mpidr=80000101, esr=bf40c000
[2022-03-13 12:55:15] [   13.903641] CPU5: SError detected, daif=1c0, spsr=0x20000000, mpidr=80000103, esr=bf40c000
[2022-03-13 12:55:15] [   13.903642] **************************************
[2022-03-13 12:55:15] [   13.903646] A57 CPU Memory Error on CPU 3 (A57 Core 1)
[2022-03-13 12:55:15] [   13.903647] 	ESR:               0xbf40c000
[2022-03-13 12:55:15] [   13.903650] 	L2MERRSR: 0x91150bc0
[2022-03-13 12:55:15] [   13.903652] 	L2 Data RAM: 0x11
[2022-03-13 12:55:15] [   13.903655] CPU0: SError detected, daif=1c0, spsr=0x60000000, mpidr=80000100, esr=bf40c000
[2022-03-13 12:55:15] [   13.903656] 	CPU ID of Error:    2
[2022-03-13 12:55:15] [   13.903657] 	WAY of Error:       1
[2022-03-13 12:55:15] [   13.903658] 	Index of Error:     68544
[2022-03-13 12:55:15] [   13.903659] 	Repeat Error Count: 0
[2022-03-13 12:55:15] [   13.903660] 	Other Error Count:  0
[2022-03-13 12:55:15] [   13.903661] **************************************
[2022-03-13 12:55:15] [   13.905789] Bad mode in Error handler detected on CPU3, code 0xbf40c000 -- SError
[2022-03-13 12:55:15] [   13.905791] Kernel panic - not syncing: bad mode
[2022-03-13 12:55:15] [   13.905795] CPU: 3 PID: 0 Comm: swapper/3 Not tainted 4.9.253-tegra #1
[2022-03-13 12:55:15] [   13.905796] Hardware name: quill (DT)
[2022-03-13 12:55:15] [   13.905798] Call trace:
[2022-03-13 12:55:15] [   13.905805] [<ffffff800808ba40>] dump_backtrace+0x0/0x198
[2022-03-13 12:55:15] [   13.905809] [<ffffff800808c004>] show_stack+0x24/0x30
[2022-03-13 12:55:15] [   13.905813] [<ffffff8008f6121c>] dump_stack+0xa0/0xc4
[2022-03-13 12:55:15] [   13.905816] [<ffffff8008f5e2c0>] panic+0x12c/0x2a8
[2022-03-13 12:55:15] [   13.905819] [<ffffff800808c894>] bad_mode+0x7c/0x80
[2022-03-13 12:55:15] [   13.905821] [<ffffff800808ca5c>] handle_serr+0x124/0x128
[2022-03-13 12:55:15] [   13.905823] [<ffffff8008082d98>] el1_serr+0xb0/0x144
[2022-03-13 12:55:15] [   13.905827] [<ffffff8008ba09ac>] cpuidle_enter_state+0x84/0x380
[2022-03-13 12:55:15] [   13.905829] [<ffffff8008ba0d1c>] cpuidle_enter+0x34/0x48
[2022-03-13 12:55:15] [   13.905832] [<ffffff800811139c>] call_cpuidle+0x44/0x70
[2022-03-13 12:55:15] [   13.905834] [<ffffff8008111718>] cpu_startup_entry+0x1b0/0x200
[2022-03-13 12:55:15] [   13.905837] [<ffffff8008091cf8>] secondary_start_kernel+0x190/0x1f8
[2022-03-13 12:55:15] [   13.905839] [<000000008116e1a8>] 0x8116e1a8
[2022-03-13 12:55:15] [   13.905842] SMP: stopping secondary CPUs
[2022-03-13 12:55:15] [   14.075830] Kernel Offset: disabled
[2022-03-13 12:55:15] [   14.079311] Memory Limit: none
[2022-03-13 12:55:15] [   14.082359] trusty-log panic notifier - trusty version Built: 12:20:14 Jul 26 2021 [   14.094626] Rebooting in 5 seconds..
[2022-03-13 12:55:20] [0000.163] I> Welcome to MB2(TBoot-BPMP)(version: 01.00.160913-t186-M-00.00-mobile-c368a720)
[2022-03-13 12:55:20] [0000.171] I> Boot-device: eMMC
[2022-03-13 12:55:20] [0000.179] I> sdmmc bdev is already initialized
[2022-03-13 12:55:20] [0000.183] I> pmic: reset reason (nverc)	: 0x0
[2022-03-13 12:55:20] [0000.216] I> Found 19 partitions in SDMMC_BOOT (instance 3)
[2022-03-13 12:55:20] [0000.236] I> Found 33 partitions in SDMMC_USER (instance 3)
[2022-03-13 12:55:20] [0000.242] W> No valid slot number is found in scratch register
[2022-03-13 12:55:20] [0000.248] W> Return default slot: _a
[2022-03-13 12:55:20] [0000.251] I> A/B: bin_type (16) slot 0
[2022-03-13 12:55:20] [0000.255] I> Loading partition bpmp-fw at 0xd7800000
[2022-03-13 12:55:20] [0000.260] I> Reading two headers - addr:0xd7800000 blocks:1
[2022-03-13 12:55:20] [0000.265] I> Addr: 0xd7800000, start-block: 58777608, num_blocks: 1
[2022-03-13 12:55:20] [0000.290] I> Binary(16) of size 534416 is loaded @ 0xd7800000
[2022-03-13 12:55:20] [0000.296] W> No valid slot number is found in scratch register
[2022-03-13 12:55:20] [0000.302] W> Return default slot: _a
[2022-03-13 12:55:20] [0000.305] I> A/B: bin_type (17) slot 0
[2022-03-13 12:55:20] [0000.309] I> Loading partition bpmp-fw-dtb at 0xd79f0000
[2022-03-13 12:55:20] [0000.314] I> Reading two headers - addr:0xd79f0000 blocks:1
[2022-03-13 12:55:20] [0000.319] I> Addr: 0xd79f0000, start-block: 58780024, num_blocks: 1
[2022-03-13 12:55:20] [0000.345] I> Binary(17) of size 604720 is loaded @ 0xd796c400
[2022-03-13 12:55:21] [0000.575] I> Loading SCE-FW ...
[2022-03-13 12:55:21] [0000.578] W> No valid slot number is found in scratch register
[2022-03-13 12:55:21] [0000.584] W> Return default slot: _a
[2022-03-13 12:55:21] [0000.587] I> A/B: bin_type (12) slot 0
[2022-03-13 12:55:21] [0000.591] I> Loading partition sce-fw at 0xd7300000
[2022-03-13 12:55:21] [0000.595] I> Reading two headers - addr:0xd7300000 blocks:1
[2022-03-13 12:55:21] [0000.601] I> Addr: 0xd7300000, start-block: 58784120, num_blocks: 1
[2022-03-13 12:55:21] [0000.620] I> Binary(12) of size 125632 is loaded @ 0xd7300000
[2022-03-13 12:55:21] [0000.626] I> Init SCE
[2022-03-13 12:55:21] [0000.628] I> Loading APE-FW ...
[2022-03-13 12:55:21] [0000.631] W> No valid slot number is found in scratch register
[2022-03-13 12:55:21] [0000.637] W> Return default slot: _a
[2022-03-13 12:55:21] [0000.640] I> A/B: bin_type (11) slot 0
[2022-03-13 12:55:21] [0000.644] I> Loading partition adsp-fw at 0xd7400000
[2022-03-13 12:55:21] [0000.648] I> Reading two headers - addr:0xd7400000 blocks:1
[2022-03-13 12:55:21] [0000.654] I> Addr: 0xd7400000, start-block: 58761224, num_blocks: 1
[2022-03-13 12:55:21] [0000.673] I> Binary(11) of size 77216 is loaded @ 0xd7400000
[2022-03-13 12:55:21] [0000.679] I> Copy BTCM section
[2022-03-13 12:55:21] [0000.682] W> No valid slot number is found in scratch register
[2022-03-13 12:55:21] [0000.687] W> Return default slot: _a
[2022-03-13 12:55:21] [0000.691] I> A/B: bin_type (13) slot 0
[2022-03-13 12:55:21] [0000.694] I> Loading partition cpu-bootloader at 0x96000000
[2022-03-13 12:55:21] [0000.700] I> Reading two headers - addr:0x96000000 blocks:1
[2022-03-13 12:55:21] [0000.705] I> Addr: 0x96000000, start-block: 58740744, num_blocks: 1
[2022-03-13 12:55:21] [0000.727] I> Binary(13) of size 308800 is loaded @ 0x96000000
[2022-03-13 12:55:21] [0000.732] W> No valid slot number is found in scratch register
[2022-03-13 12:55:21] [0000.738] W> Return default slot: _a
[2022-03-13 12:55:21] [0000.741] I> A/B: bin_type (20) slot 0
[2022-03-13 12:55:21] [0000.745] I> Loading partition bootloader-dtb at 0x85205400
[2022-03-13 12:55:21] [0000.750] I> Reading two headers - addr:0x85205400 blocks:1
[2022-03-13 12:55:21] [0000.756] I> Addr: 0x85205400, start-block: 58742792, num_blocks: 1
[2022-03-13 12:55:21] [0000.778] I> Binary(20) of size 375568 is loaded @ 0x85205400
[2022-03-13 12:55:21] [0000.784] W> No valid slot number is found in scratch register
[2022-03-13 12:55:21] [0000.789] W> Return default slot: _a
[2022-03-13 12:55:21] [0000.793] I> A/B: bin_type (14) slot 0
[2022-03-13 12:55:21] [0000.796] I> Loading partition secure-os at 0x85305600
[2022-03-13 12:55:21] [0000.801] I> Reading two headers - addr:0x85305600 blocks:1
[2022-03-13 12:55:21] [0000.807] I> Addr: 0x85305600, start-block: 58744840, num_blocks: 1
[2022-03-13 12:55:21] [0000.829] I> Binary(14) of size 402864 is loaded @ 0x85305600
[2022-03-13 12:55:21] [0000.836] I> TOS boot-params @ 0x85000000
[2022-03-13 12:55:21] [0000.840] I> TOS params prepared
[2022-03-13 12:55:21] [0000.843] I> Loading EKS ...
[2022-03-13 12:55:21] [0000.846] I> A/B: bin_type (15) slot 0
[2022-03-13 12:55:21] [0000.850] I> Loading partition eks at 0x85905800
[2022-03-13 12:55:21] [0000.854] I> Reading two headers - addr:0x85905800 blocks:1
[2022-03-13 12:55:21] [0000.860] I> Addr: 0x85905800, start-block: 58757128, num_blocks: 1
[2022-03-13 12:55:21] [0000.879] I> Binary(15) of size 1040 is loaded @ 0x85905800
[2022-03-13 12:55:21] [0000.884] I> EKB detected (length: 0x400) @ 0x85905800
[2022-03-13 12:55:21] [0000.889] I> Copied encrypted keys
[2022-03-13 12:55:21] [0000.893] I> boot profiler @ 0x275844000
[2022-03-13 12:55:21] [0000.897] I> boot profiler for TOS @ 0x275844000
[2022-03-13 12:55:21] [0000.901] I> Unhalting SCE
[2022-03-13 12:55:21] [0000.904] I> Primary Memory Start:80000000 Size:70000000
[2022-03-13 12:55:21] [0000.909] I> Extended Memory Start:f0110000 Size:1856f0000
[2022-03-13 12:55:21] [0000.916] I> MB2(TBoot-BPMP) done
[2022-03-13 12:55:21] 
[2022-03-13 12:55:21] NOTICE:  BL31: v1.3(release):b5eeb33f7
[2022-03-13 12:55:21] NOTICE:  BL31: Built : 12:15:17, Jul 26 2021
[2022-03-13 12:55:21] ipc-unittest-main: 1519: Welcome to IPC unittest!!!
[2022-03-13 12:55:21] ipc-unittest-main: 1531: waiting forever
[2022-03-13 12:55:21] ipc-unittest-srv: 329: Init unittest services!!!
[2022-03-13 12:55:21] hwkey-agent: 41: hwkey-agent is running!!
[2022-03-13 12:55:21] hwkey-agent: 315: key_mgnt_processing .......
[2022-03-13 12:55:21] hwkey-agent: 223: Setting EKB key 0 to slot 14
[2022-03-13 12:55:21] hwkey-agent: 178: Init hweky-agent services!!
[2022-03-13 12:55:21] luks-srv: 40: luks-srv is running!!
[2022-03-13 12:55:21] luks-srv: 157: Init luks-srv IPC services!!
[2022-03-13 12:55:21] platform_bootstrap_epilog: trusty bootstrap complete
[2022-03-13 12:55:21] [0001.289] I> Welcome to Cboot
[2022-03-13 12:55:21] [0001.292] I> Cboot Version: t186-00029e71
[2022-03-13 12:55:21] [0001.296] I> CPU-BL Params @ 0x275800000
[2022-03-13 12:55:21] [0001.299] I>  0) Base:0x00000000 Size:0x00000000
[2022-03-13 12:55:21] [0001.304] I>  1) Base:0x277f00000 Size:0x00100000
[2022-03-13 12:55:21] [0001.308] I>  2) Base:0x277e00000 Size:0x00100000
[2022-03-13 12:55:21] [0001.313] I>  3) Base:0x277d00000 Size:0x00100000
[2022-03-13 12:55:21] [0001.317] I>  4) Base:0x277c00000 Size:0x00100000
[2022-03-13 12:55:21] [0001.322] I>  5) Base:0x277b00000 Size:0x00100000
[2022-03-13 12:55:21] [0001.326] I>  6) Base:0x277800000 Size:0x00200000
[2022-03-13 12:55:21] [0001.331] I>  7) Base:0x277400000 Size:0x00400000
[2022-03-13 12:55:21] [0001.335] I>  8) Base:0x277a00000 Size:0x00100000
[2022-03-13 12:55:21] [0001.340] I>  9) Base:0x277300000 Size:0x00100000
[2022-03-13 12:55:21] [0001.344] I> 10) Base:0x276800000 Size:0x00800000
[2022-03-13 12:55:21] [0001.349] I> 11) Base:0x30000000 Size:0x00040000
[2022-03-13 12:55:21] [0001.353] I> 12) Base:0xf0000000 Size:0x00100000
[2022-03-13 12:55:21] [0001.358] I> 13) Base:0x30040000 Size:0x00001000
[2022-03-13 12:55:21] [0001.362] I> 14) Base:0x30048000 Size:0x00001000
[2022-03-13 12:55:21] [0001.367] I> 15) Base:0x30049000 Size:0x00001000
[2022-03-13 12:55:21] [0001.371] I> 16) Base:0x3004a000 Size:0x00001000
[2022-03-13 12:55:21] [0001.375] I> 17) Base:0x3004b000 Size:0x00001000
[2022-03-13 12:55:21] [0001.380] I> 18) Base:0x3004c000 Size:0x00001000
[2022-03-13 12:55:21] [0001.384] I> 19) Base:0x3004d000 Size:0x00001000
[2022-03-13 12:55:21] [0001.389] I> 20) Base:0x3004e000 Size:0x00001000
[2022-03-13 12:55:21] [0001.393] I> 21) Base:0x3004f000 Size:0x00001000
[2022-03-13 12:55:21] [0001.398] I> 22) Base:0x00000000 Size:0x00000000
[2022-03-13 12:55:21] [0001.402] I> 23) Base:0xf0100000 Size:0x00010000
[2022-03-13 12:55:21] [0001.407] I> 24) Base:0x00000000 Size:0x00000000
[2022-03-13 12:55:21] [0001.411] I> 25) Base:0x00000000 Size:0x00000000
[2022-03-13 12:55:21] [0001.415] I> 26) Base:0x00000000 Size:0x00000000
[2022-03-13 12:55:21] [0001.420] I> 27) Base:0x00000000 Size:0x00000000
[2022-03-13 12:55:21] [0001.424] I> 28) Base:0x84400000 Size:0x00400000
[2022-03-13 12:55:21] [0001.429] I> 29) Base:0x30000000 Size:0x00010000
[2022-03-13 12:55:21] [0001.433] I> 30) Base:0x278000000 Size:0x08000000
[2022-03-13 12:55:21] [0001.438] I> 31) Base:0x00000000 Size:0x00000000
[2022-03-13 12:55:21] [0001.442] I> 32) Base:0x276000000 Size:0x00600000
[2022-03-13 12:55:21] [0001.447] I> 33) Base:0x80000000 Size:0x70000000
[2022-03-13 12:55:21] [0001.451] I> 34) Base:0xf0110000 Size:0x1856f0000
[2022-03-13 12:55:21] [0001.456] I> 35) Base:0x00000000 Size:0x00000000
[2022-03-13 12:55:21] [0001.460] I> 36) Base:0x00000000 Size:0x00000000
[2022-03-13 12:55:21] [0001.464] I> 37) Base:0x2772e0000 Size:0x00020000
[2022-03-13 12:55:21] [0001.469] I> 38) Base:0x84000000 Size:0x00400000
[2022-03-13 12:55:21] [0001.473] I> 39) Base:0x96000000 Size:0x02000000
[2022-03-13 12:55:21] [0001.478] I> 40) Base:0x85000000 Size:0x01200000
[2022-03-13 12:55:21] [0001.482] I> 41) Base:0x275800000 Size:0x00500000
[2022-03-13 12:55:21] [0001.487] I> 42) Base:0x00000000 Size:0x00000000
[2022-03-13 12:55:21] [0001.491] I> 43) Base:0x00000000 Size:0x00000000
[2022-03-13 12:55:21] [0001.496] GIC-SPI Target CPU: 4
[2022-03-13 12:55:21] [0001.499] Interrupts Init done
[2022-03-13 12:55:21] [0001.502] calling constructors
[2022-03-13 12:55:21] [0001.505] initializing heap
[2022-03-13 12:55:21] [0001.508] initializing threads
[2022-03-13 12:55:22] [0001.511] initializing timers
[2022-03-13 12:55:22] [0001.514] creating bootstrap completion thread
[2022-03-13 12:55:22] [0001.519] top of bootstrap2()
[2022-03-13 12:55:22] [0001.522] CPU: ARM Cortex A57
[2022-03-13 12:55:22] [0001.525] CPU: MIDR: 0x411FD073, MPIDR: 0x80000100
[2022-03-13 12:55:22] [0001.530] initializing platform
[2022-03-13 12:55:22] [0001.534] I> Bl_dtb @0x85205400
[2022-03-13 12:55:22] [0001.537] I> gpio framework initialized
[2022-03-13 12:55:22] [0001.543] I> tegrabl_gpio_driver_register: register 'nvidia,tegra186-gpio' driver
[2022-03-13 12:55:22] [0001.553] I> tegrabl_gpio_driver_register: register 'nvidia,tegra186-gpio-aon' driver
[2022-03-13 12:55:22] [0001.561] I> GPIO framework and drivers are initialized.
[2022-03-13 12:55:22] [0001.566] I> Boot-device: eMMC
[2022-03-13 12:55:22] [0001.573] I> sdmmc bdev is already initialized
[2022-03-13 12:55:22] [0001.604] I> Found 19 partitions in SDMMC_BOOT (instance 3)
[2022-03-13 12:55:22] [0001.622] I> Found 33 partitions in SDMMC_USER (instance 3)
[2022-03-13 12:55:22] [0001.627] W> opt-in fuse is not set, skip fuse_burning
[2022-03-13 12:55:22] [0001.632] I> Reserved memory at 0xfbe00000 for U-Boot relocation
[2022-03-13 12:55:22] [0001.638] W> No valid slot number is found in scratch register
[2022-03-13 12:55:22] [0001.643] W> Return default slot: _a
[2022-03-13 12:55:22] [0001.653] I> A/B: bin_type (21) slot 0
[2022-03-13 12:55:22] [0001.656] I> Loading kernel-dtb from partition
[2022-03-13 12:55:22] [0001.661] I> Loading partition kernel-dtb at 0x80000000 from device(0x1)
[2022-03-13 12:55:22] [0001.678] I> Kernel_dtb @0x80000000
[2022-03-13 12:55:22] [0001.681] I> tegrabl_tca9539_init: i2c bus: 0, slave addr: 0xee
[2022-03-13 12:55:22] [0001.691] I> tegrabl_gpio_driver_register: register 'tca9539_gpio_driver' driver
[2022-03-13 12:55:22] [0001.699] I> tegrabl_tca9539_init: i2c bus: 0, slave addr: 0xe8
[2022-03-13 12:55:22] [0001.707] I> tegrabl_gpio_driver_register: register 'tca9539_gpio_driver' driver
[2022-03-13 12:55:22] [0001.718] I> fixed regulator driver initialized
[2022-03-13 12:55:22] [0001.751] I> register 'maxim' power off handle
[2022-03-13 12:55:22] [0001.757] I> virtual i2c enabled
[2022-03-13 12:55:22] [0001.760] I> registered 'maxim,max77620' pmic
[2022-03-13 12:55:22] [0001.765] I> tegrabl_gpio_driver_register: register 'max77620-gpio' driver
[2022-03-13 12:55:22] [0001.779] E> failed to read label property for node 324936: 13
[2022-03-13 12:55:22] [0001.787] E> failed to read reg property for node 325032: 13
[2022-03-13 12:55:22] [0001.795] E> failed to read reg property for node 325084: 13
[2022-03-13 12:55:22] [0001.804] E> failed to read label property for node 325168: 13
[2022-03-13 12:55:22] [0001.812] E> failed to read label property for node 325236: 13
[2022-03-13 12:55:22] [0001.820] E> failed to read reg property for node 325304: 13
[2022-03-13 12:55:22] [0001.829] E> failed to read reg property for node 325376: 13
[2022-03-13 12:55:22] [0001.839] I> Find /i2c@c250000's alias i2c7
[2022-03-13 12:55:22] [0001.843] I> Reading eeprom i2c=7 address=0x50
[2022-03-13 12:55:22] [0001.872] I> Device at /i2c@c250000:0x50
[2022-03-13 12:55:22] [0001.876] I> Reading eeprom i2c=7 address=0x57
[2022-03-13 12:55:22] [0001.905] I> Device at /i2c@c250000:0x57
[2022-03-13 12:55:22] [0001.909] I> Find /i2c@c240000's alias i2c1
[2022-03-13 12:55:22] [0001.913] I> Reading eeprom i2c=1 address=0x51
[2022-03-13 12:55:22] [0001.918] E> I2C: slave not found in slaves.
[2022-03-13 12:55:22] [0001.922] E> I2C: Could not write 0 bytes to slave: 0x00a2 with repeat start true.
[2022-03-13 12:55:22] [0001.930] E> I2C_DEV: Failed to send register address 0x00000000.
[2022-03-13 12:55:22] [0001.936] E> I2C_DEV: Could not read 256 registers of size 1 from slave 0xa2 at 0x00000000 via instance 1.
[2022-03-13 12:55:22] [0001.945] E> eeprom: Retry to read I2C slave device.
[2022-03-13 12:55:22] [0001.950] E> I2C: slave not found in slaves.
[2022-03-13 12:55:22] [0001.954] E> I2C: Could not write 0 bytes to slave: 0x00a2 with repeat start true.
[2022-03-13 12:55:22] [0001.962] E> I2C_DEV: Failed to send register address 0x00000000.
[2022-03-13 12:55:22] [0001.968] E> I2C_DEV: Could not read 256 registers of size 1 from slave 0xa2 at 0x00000000 via instance 1.
[2022-03-13 12:55:22] [0001.978] E> eeprom: Failed to read I2C slave device
[2022-03-13 12:55:22] [0001.982] I> Eeprom read failed 0x3526070d
[2022-03-13 12:55:22] [0001.987] I> Find /i2c@3160000's alias i2c0
[2022-03-13 12:55:22] [0001.991] I> Reading eeprom i2c=0 address=0x50
[2022-03-13 12:55:22] [0001.995] E> I2C: slave not found in slaves.
[2022-03-13 12:55:22] [0001.999] E> I2C: Could not write 0 bytes to slave: 0x00a0 with repeat start true.
[2022-03-13 12:55:22] [0002.007] E> I2C_DEV: Failed to send register address 0x00000000.
[2022-03-13 12:55:22] [0002.013] E> I2C_DEV: Could not read 256 registers of size 1 from slave 0xa0 at 0x00000000 via instance 0.
[2022-03-13 12:55:22] [0002.022] E> eeprom: Failed to read I2C slave device
[2022-03-13 12:55:22] [0002.027] I> Eeprom read failed 0x3526070d
[2022-03-13 12:55:22] [0002.032] I> Find /i2c@3180000's alias i2c2
[2022-03-13 12:55:22] [0002.036] I> Reading eeprom i2c=2 address=0x54
[2022-03-13 12:55:22] [0002.040] I> Enabling gpio chip_id = 2, gpio pin = 9
[2022-03-13 12:55:22] [0002.071] I> Disabling gpio chip_id = 2, gpio pin = 9
[2022-03-13 12:55:22] [0002.076] I> Device at /i2c@3180000:0x54
[2022-03-13 12:55:22] [0002.080] I> Reading eeprom i2c=2 address=0x57
[2022-03-13 12:55:22] [0002.084] I> Enabling gpio chip_id = 2, gpio pin = 9
[2022-03-13 12:55:22] [0002.090] E> I2C: slave not found in slaves.
[2022-03-13 12:55:22] [0002.094] E> I2C: Could not write 0 bytes to slave: 0x00ae with repeat start true.
[2022-03-13 12:55:22] [0002.101] E> I2C_DEV: Failed to send register address 0x00000000.
[2022-03-13 12:55:22] [0002.107] E> I2C_DEV: Could not read 256 registers of size 1 from slave 0xae at 0x00000000 via instance 2.
[2022-03-13 12:55:22] [0002.117] E> eeprom: Failed to read I2C slave device
[2022-03-13 12:55:22] [0002.122] I> Disabling gpio chip_id = 2, gpio pin = 9
[2022-03-13 12:55:22] [0002.127] I> Eeprom read failed 0x00000000
[2022-03-13 12:55:22] [0002.131] I> create_pm_ids: id: 3310-1000-D00-L, len: 15
[2022-03-13 12:55:22] [0002.136] I> config: mem-type:00,power-config:00,misc-config:00,modem-config:00,touch-config:00,display-config:00,, len: 93
[2022-03-13 12:55:22] [0002.147] I> create_pm_ids: id: 2597-0000-900-E, len: 15
[2022-03-13 12:55:22] [0002.152] I> config: mem-type:00,power-config:00,misc-config:00,modem-config:00,touch-config:00,display-config:00,, len: 93
[2022-03-13 12:55:22] [0002.163] I> create_pm_ids: id: 3326-1000-000-M, len: 15
[2022-03-13 12:55:22] [0002.168] I> config: mem-type:ff,power-config:ff,misc-config:ff,modem-config:ff,touch-config:ff,display-config:ff,, len: 93
[2022-03-13 12:55:22] [0002.203] I> enabling 'vdd-hdmi' regulator
[2022-03-13 12:55:22] [0002.219] I> regulator 'vdd-hdmi' already enabled
[2022-03-13 12:55:22] [0002.223] E> tegrabl_display_init_regulator: hdmi cable is not connected
[2022-03-13 12:55:22] [0002.230] E> tegrabl_display_get_pdata, failed to parse dtb settings
[2022-03-13 12:55:22] [0002.239] E> cannot find any other nvdisp nodes
[2022-03-13 12:55:22] [0002.243] E> no valid display unit config found in dtb
[2022-03-13 12:55:22] [0002.249] W> display init failed
[2022-03-13 12:55:22] [0002.252] initializing target
[2022-03-13 12:55:22] [0002.255] calling apps_init()
[2022-03-13 12:55:22] [0002.258] starting app kernel_boot_app
[2022-03-13 12:55:22] [0002.280] I> found decompressor handler: lz4-legacy
[2022-03-13 12:55:22] [0002.285] I> decompressing BMP blob ...
[2022-03-13 12:55:22] [0002.297] I> Kernel type = Normal
[2022-03-13 12:55:22] [0002.300] I> ########## Fixed storage boot ##########
[2022-03-13 12:55:22] [0002.305] I> Loading kernel-bootctrl from partition
[2022-03-13 12:55:22] [0002.310] I> Loading partition kernel-bootctrl at 0xa8000000 from device(0x1)
[2022-03-13 12:55:22] [0002.324] W> tegrabl_get_kernel_bootctrl: magic number(0x00000000) is invalid
[2022-03-13 12:55:22] [0002.331] W> tegrabl_get_kernel_bootctrl: use default dummy boot control data
[2022-03-13 12:55:22] [0002.338] W> No valid slot number is found in scratch register
[2022-03-13 12:55:22] [0002.343] W> Return default slot: _a
[2022-03-13 12:55:22] [0002.347] I> A/B: bin_type (24) slot 0
[2022-03-13 12:55:22] [0002.362] I> Boot image size read from image header: 9913d
[2022-03-13 12:55:22] [0002.368] I> Boot image load address: 0x80400000
[2022-03-13 12:55:22] [0002.372] I> Loading kernel from partition
[2022-03-13 12:55:22] [0002.376] I> Loading partition kernel at 0x80400000 from device(0x1)
[2022-03-13 12:55:23] [0003.318] I> Validate kernel ...
[2022-03-13 12:55:23] [0003.321] I> T18x: Authenticate kernel (bin_type 24), max size 0x4000000
[2022-03-13 12:55:23] [0003.329] I> Decrypt the buffer ... [0003.333] W> tegrabl_decrypt_block: fuse (0x0) is not burnt to do encryption (0x4); skip decryption.
[2022-03-13 12:55:23] [0003.341] I> done
[2022-03-13 12:55:23] [0003.343] I> Checking boot.img header magic ... [0003.347] I> [OK]
[2022-03-13 12:55:23] [0003.349] I> kernel-dtb is already loaded
[2022-03-13 12:55:23] [0003.353] I> Validate kernel-dtb ...
[2022-03-13 12:55:23] [0003.356] I> T18x: Authenticate kernel-dtb (bin_type 21), max size 0x100000
[2022-03-13 12:55:23] [0003.364] I> Decrypt the buffer ... [0003.367] W> tegrabl_decrypt_block: fuse (0x0) is not burnt to do encryption (0x4); skip decryption.
[2022-03-13 12:55:23] [0003.376] I> done
[2022-03-13 12:55:23] [0003.378] I> Kernel hdr @0x80400000
[2022-03-13 12:55:23] [0003.381] I> Kernel dtb @0x80000000
[2022-03-13 12:55:23] [0003.385] I> decompressor handler not found
[2022-03-13 12:55:23] [0003.389] I> Copying kernel image (627005 bytes) from 0x80400800 to 0x80600000 ... [0003.396] I> Done
[2022-03-13 12:55:23] [0003.398] I> Move ramdisk (len: 0) from 0x8049a000 to 0x947d0000
[2022-03-13 12:55:23] [0003.405] I> Updated bpmp info to DTB
[2022-03-13 12:55:23] [0003.411] I> Ramdisk: Base: 0x947d0000; Size: 0x0
[2022-03-13 12:55:23] [0003.416] I> Updated initrd info to DTB
[2022-03-13 12:55:23] [0003.420] W> WARN: Fail to override "console=none" in commandline
[2022-03-13 12:55:23] [0003.426] I> Active rootfs suffix: 
[2022-03-13 12:55:23] [0003.429] E> tegrabl_linuxboot_add_disp_param, du 0 failed to get display params
[2022-03-13 12:55:23] [0003.436] E> tegrabl_linuxboot_add_disp_param, du 0 failed to get display params
[2022-03-13 12:55:23] [0003.443] E> tegrabl_linuxboot_add_disp_param, du 0 failed to get display params
[2022-03-13 12:55:23] [0003.450] I> disabled_core_mask: 0xffffff0c
[2022-03-13 12:55:23] [0003.454] W> No valid slot number is found in scratch register
[2022-03-13 12:55:23] [0003.460] W> Return default slot: _a
[2022-03-13 12:55:23] [0003.463] I> Active slot suffix: 
[2022-03-13 12:55:23] [0003.467] I> add_boot_slot_suffix: slot_suffix = 
[2022-03-13 12:55:23] [0003.471] I> Linux Cmdline: console=ttyS0,115200 androidboot.presilicon=true firmware_class.path=/etc/firmware root=/dev/mmcblk0p1 rw rootwait rootfstype=ext4 console=ttyS0,115200n8 console=tty0 fbcon=map:0 net.ifnames=0 isolcpus=1-2  video=tegrafb earlycon=uart8250,mmio32,0x3100000 nvdumper_reserved=0x2772e0000 gpt rootfs.slot_suffix= usbcore.old_scheme_first=1 tegraid=18.1.2.0.0 maxcpus=6 no_console_suspend boot.slot_suffix= boot.ratchetvalues=0.2031647.1 vpr_resize bl_prof_dataptr=0x10000@0x275840000 sdhci_tegra.en_boot_part_access=1 
[2022-03-13 12:55:24] [0003.519] I> Updated bootarg info to DTB
[2022-03-13 12:55:24] [0003.522] I> eeprom_get_mac_addr: MAC (type: 0): 48:b0:2d:0f:11:c5
[2022-03-13 12:55:24] [0003.529] I> eeprom_get_mac_addr: MAC (type: 1): 48:b0:2d:0f:11:c6
[2022-03-13 12:55:24] [0003.535] I> eeprom_get_mac_addr: MAC (type: 2): 48:b0:2d:0f:11:c7
[2022-03-13 12:55:24] [0003.541] E> Found no plugin manager ids in source DT
[2022-03-13 12:55:24] [0003.546] W> Add plugin manager ids from board info
[2022-03-13 12:55:24] [0003.551] W> "plugin-manager" doesn't exist, creating
[2022-03-13 12:55:24] [0003.556] W> "ids" doesn't exist, creating
[2022-03-13 12:55:24] [0003.560] W> "connection" doesn't exist, creating
[2022-03-13 12:55:24] [0003.564] W> "configs" doesn't exist, creating
[2022-03-13 12:55:24] [0003.569] I> create_pm_ids: id: 3310-1000-D00-L, len: 15
[2022-03-13 12:55:24] [0003.574] I> config: mem-type:00,power-config:00,misc-config:00,modem-config:00,touch-config:00,display-config:00,, len: 93
[2022-03-13 12:55:24] [0003.585] I> create_pm_ids: id: 2597-0000-900-E, len: 15
[2022-03-13 12:55:24] [0003.590] I> config: mem-type:00,power-config:00,misc-config:00,modem-config:00,touch-config:00,display-config:00,, len: 93
[2022-03-13 12:55:24] [0003.601] I> create_pm_ids: id: 3326-1000-000-M, len: 15
[2022-03-13 12:55:24] [0003.606] I> config: mem-type:ff,power-config:ff,misc-config:ff,modem-config:ff,touch-config:ff,display-config:ff,, len: 93
[2022-03-13 12:55:24] [0003.617] I> Adding plugin-manager/ids/3310-1000-D00=/i2c@c250000:module@0x50
[2022-03-13 12:55:24] [0003.624] W> "i2c@c250000" doesn't exist, creating
[2022-03-13 12:55:24] [0003.629] W> "module@0x50" doesn't exist, creating
[2022-03-13 12:55:24] [0003.634] I> Adding plugin-manager/ids/2597-0000-900=/i2c@c250000:module@0x57
[2022-03-13 12:55:24] [0003.641] W> "module@0x57" doesn't exist, creating
[2022-03-13 12:55:24] [0003.646] I> Adding plugin-manager/ids/3326-1000-000=/i2c@3180000:module@0x54
[2022-03-13 12:55:24] [0003.653] W> "i2c@3180000" doesn't exist, creating
[2022-03-13 12:55:24] [0003.658] W> "module@0x54" doesn't exist, creating
[2022-03-13 12:55:24] [0003.665] I> Adding plugin-manager/ids/3310-1000-D00-L
[2022-03-13 12:55:24] [0003.672] I> Adding plugin-manager/configs/3310-mem-type 00
[2022-03-13 12:55:24] [0003.677] I> Adding plugin-manager/configs/3310-power-config 00
[2022-03-13 12:55:24] [0003.683] I> Adding plugin-manager/configs/3310-misc-config 00
[2022-03-13 12:55:24] [0003.689] I> Adding plugin-manager/configs/3310-modem-config 00
[2022-03-13 12:55:24] [0003.695] I> Adding plugin-manager/configs/3310-touch-config 00
[2022-03-13 12:55:24] [0003.701] I> Adding plugin-manager/configs/3310-display-config 00
[2022-03-13 12:55:24] [0003.707] I> Adding plugin-manager/cvm
[2022-03-13 12:55:24] [0003.711] W> "chip-id" doesn't exist, creating
[2022-03-13 12:55:24] [0003.715] I> Adding plugin-manager/chip-id/A02P
[2022-03-13 12:55:24] [0003.720] W> "odm-data" doesn't exist, creating
[2022-03-13 12:55:24] [0003.725] I> Adding /chosen/plugin-manager/odm-data
[2022-03-13 12:55:24] [0003.734] I> added [base:0x80000000, size:0x70000000] to /memory
[2022-03-13 12:55:24] [0003.740] I> added [base:0xf0200000, size:0x185600000] to /memory
[2022-03-13 12:55:24] [0003.746] I> added [base:0x275e00000, size:0x200000] to /memory
[2022-03-13 12:55:24] [0003.752] I> added [base:0x276600000, size:0x200000] to /memory
[2022-03-13 12:55:24] [0003.758] I> added [base:0x277000000, size:0x200000] to /memory
[2022-03-13 12:55:24] [0003.763] I> Updated memory info to DTB
[2022-03-13 12:55:24] [0003.768] E> add_disp_param: failed to get display params for du=0
[2022-03-13 12:55:24] [0003.776] W> "reset" doesn't exist, creating
[2022-03-13 12:55:24] [0003.780] W> "pmc-reset-reason" doesn't exist, creating
[2022-03-13 12:55:24] [0003.786] W> "pmic-reset-reason" doesn't exist, creating
[2022-03-13 12:55:24] [0003.792] I> Adding ecid(00000001646db7851000000013038200) to DT
[2022-03-13 12:55:24] [0003.798] I> disabled_core_mask: 0xffffff0c
[2022-03-13 12:55:24] [0003.811] I> Add serial number:1422420022173 as DT property
[2022-03-13 12:55:24] [0003.820] I> Plugin-manager override starting
[2022-03-13 12:55:24] [0003.825] I> node /plugin-manager/fragement@0 matches
[2022-03-13 12:55:24] [0003.836] I> node /plugin-manager/fragement@4 matches
[2022-03-13 12:55:24] [0003.849] I> node /plugin-manager/fragment-sdwake-p3310-1000-300 matches
[2022-03-13 12:55:24] [0003.868] I> node /plugin-manager/fragement-pmon-p3310-1000-300 matches
[2022-03-13 12:55:24] [0003.878] I> node /plugin-manager/fragement-pmon-p3310-1000-800 matches
[2022-03-13 12:55:24] [0003.887] I> node /plugin-manager/fragment-devslp@0 matches
[2022-03-13 12:55:24] [0003.899] I> node /plugin-manager/fragment-500-pcie-config matches
[2022-03-13 12:55:24] [0003.914] I> node /plugin-manager/fragment-500-xusb-config matches
[2022-03-13 12:55:24] [0003.937] I> node /plugin-manager/fragment-p3310-c00-comm matches
[2022-03-13 12:55:24] [0003.951] I> node /plugin-manager/fragment-p3310-c00-pmic matches
[2022-03-13 12:55:24] [0003.961] I> node /plugin-manager/fragment-p3310-c01 matches
[2022-03-13 12:55:24] [0003.974] I> node /plugin-manager/fragment-p3310-c03 matches
[2022-03-13 12:55:24] [0004.017] I> node /plugin-manager/fragment-e3326@0 matches
[2022-03-13 12:55:24] [0004.099] I> node /plugin-manager/fragment-p3310-c00-camera matches
[2022-03-13 12:55:24] [0004.126] I> Disable plugin-manager status in FDT
[2022-03-13 12:55:24] [0004.131] I> Plugin-manager override finished successfully
[2022-03-13 12:55:24] [0004.136] I> tegrabl_load_kernel_and_dtb: Done
[2022-03-13 12:55:24] [0004.140] E> tegrabl_display_clear: display is not initialized
[2022-03-13 12:55:24] [0004.146] W> Boot logo display failed...
[2022-03-13 12:55:24] [0004.150] I> Kernel EP: 0x80600000, DTB: 0x80000000
[2022-03-13 12:55:24] 
[2022-03-13 12:55:24] 
[2022-03-13 12:55:24] U-Boot 2020.04-g46e4604c78 (Jul 26 2021 - 12:10:58 -0700)
[2022-03-13 12:55:24] 
[2022-03-13 12:55:24] SoC: tegra186
[2022-03-13 12:55:24] Model: NVIDIA P2771-0000-500
[2022-03-13 12:55:24] Board: NVIDIA P2771-0000
[2022-03-13 12:55:24] DRAM:  7.8 GiB
[2022-03-13 12:55:24] MMC:   sdhci@3400000: 1, sdhci@3460000: 0
[2022-03-13 12:55:24] Loading Environment from MMC... *** Warning - bad CRC, using default environment
[2022-03-13 12:55:24] 
[2022-03-13 12:55:24] In:    serial
[2022-03-13 12:55:24] Out:   serial
[2022-03-13 12:55:24] Err:   serial
[2022-03-13 12:55:24] Net:   
[2022-03-13 12:55:24] Warning: ethernet@2490000 using MAC address from ROM
[2022-03-13 12:55:24] eth0: ethernet@2490000
[2022-03-13 12:55:24] Hit any key to stop autoboot:  2  1  0 
[2022-03-13 12:55:26] MMC: no card present
[2022-03-13 12:55:26] switch to partitions #0, OK
[2022-03-13 12:55:26] mmc0(part 0) is current device
[2022-03-13 12:55:27] Scanning mmc 0:1...
[2022-03-13 12:55:27] Found /boot/extlinux/extlinux.conf
[2022-03-13 12:55:27] Retrieving file: /boot/extlinux/extlinux.conf
[2022-03-13 12:55:27] 858 bytes read in 23 ms (36.1 KiB/s)
[2022-03-13 12:55:27] 1:	primary kernel
[2022-03-13 12:55:27] Retrieving file: /boot/initrd
[2022-03-13 12:55:27] 7238344 bytes read in 201 ms (34.3 MiB/s)
[2022-03-13 12:55:27] Retrieving file: /boot/Image
[2022-03-13 12:55:28] 34484232 bytes read in 829 ms (39.7 MiB/s)
[2022-03-13 12:55:28] append: console=ttyS0,115200 androidboot.presilicon=true firmware_class.path=/etc/firmware root=/dev/mmcblk0p1 rw rootwait rootfstype=ext4 console=ttyS0,115200n8 console=tty0 fbcon=map:0 net.ifnames=0 isolcpus=1-2  video=tegrafb earlycon=uart8250,mmio32,0x3100000 nvdumper_reserved=0x2772e0000 gpt rootfs.slot_suffix= usbcore.old_scheme_first=1 tegraid=18.1.2.0.0 maxcpus=6 no_console_suspend boot.slot_suffix= boot.ratchetvalues=0.2031647.1 vpr_resize bl_prof_dataptr=0x10000@0x275840000 sdhci_tegra.en_boot_part_access=1 quiet root=/dev/mmcblk0p1 rw rootwait rootfstype=ext4 console=ttyS0,115200n8 console=tty0 fbcon=map:0 net.ifnames=0 isolcpus=1-2 
[2022-03-13 12:55:28] ## Flattened Device Tree blob at 80000000
[2022-03-13 12:55:28]    Booting using the fdt blob at 0x80000000
[2022-03-13 12:55:28] ERROR: reserving fdt memory region failed (addr=0 size=0)
[2022-03-13 12:55:28] ERROR: reserving fdt memory region failed (addr=0 size=0)
[2022-03-13 12:55:28] ERROR: reserving fdt memory region failed (addr=0 size=0)
[2022-03-13 12:55:28]    Using Device Tree in place at 0000000080000000, end 0000000080060aa3
[2022-03-13 12:55:28] copying carveout for /host1x@13e00000/display-hub@15200000/display@15200000...
[2022-03-13 12:55:28] copying carveout for /host1x@13e00000/display-hub@15200000/display@15210000...
[2022-03-13 12:55:28] copying carveout for /host1x@13e00000/display-hub@15200000/display@15220000...
[2022-03-13 12:55:28] 
[2022-03-13 12:55:28] Starting kernel ...
[2022-03-13 12:55:28] 
[2022-03-13 12:55:28] [    0.000000] Booting Linux on physical CPU 0x100
[2022-03-13 12:55:28] [    0.000000] Linux version 4.9.253-tegra (buildbrain@mobile-u64-5497-d3000) (gcc version 7.3.1 20180425 [linaro-7.3-2018.05 revision d29120a424ecfbc167ef90065c0eeb7f91977701] (Linaro GCC 7.3-2018.05) ) #1 SMP PREEMPT Mon Jul 26 12:19:28 PDT 2021
[2022-03-13 12:55:28] [    0.000000] Boot CPU: AArch64 Processor [411fd073]
[2022-03-13 12:55:28] [    0.000000] OF: fdt:memory scan node memory@80000000, reg size 80,
[2022-03-13 12:55:28] [    0.000000] OF: fdt: - 80000000 ,  70000000
[2022-03-13 12:55:28] [    0.000000] OF: fdt: - f0200000 ,  185600000
[2022-03-13 12:55:28] [    0.000000] OF: fdt: - 275e00000 ,  200000
[2022-03-13 12:55:28] [    0.000000] OF: fdt: - 276600000 ,  200000
[2022-03-13 12:55:28] [    0.000000] OF: fdt: - 277000000 ,  200000
[2022-03-13 12:55:28] [    0.000000] earlycon: uart8250 at MMIO32 0x0000000003100000 (options '')
[2022-03-13 12:55:28] [    0.000000] bootconsole [uart8250] enabled
[2022-03-13 12:55:31] [    1.947331] cgroup: cgroup2: unknown option "nsdelegate"
[2022-03-13 12:55:32] [    3.161541] using random self ethernet address
[2022-03-13 12:55:32] [    3.166888] using random host ethernet address
[2022-03-13 12:55:32] [    3.342836] random: crng init done
[2022-03-13 12:55:32] [    3.346245] random: 7 urandom warning(s) missed due to ratelimiting
[2022-03-13 12:55:32] [    3.721911] using random self ethernet address
[2022-03-13 12:55:32] [    3.728444] using random host ethernet address
[2022-03-13 12:55:33] [    4.043027] CPU1: shutdown
[2022-03-13 12:55:33] [    4.090135] CPU2: shutdown
[2022-03-13 12:55:34] [    5.020948] Bridge firewalling registered
[2022-03-13 12:55:37] 
[2022-03-13 12:55:37] Ubuntu 18.04.5 LTS JTX2-A ttyS0
[2022-03-13 12:55:37] 
[2022-03-13 12:55:37] JTX2-A login: [   12.634864] CPU3: SError detected, daif=1c0, spsr=0x40000045, mpidr=80000101, esr=bf40c000
[2022-03-13 12:55:41] [   12.634867] CPU0: SError detected, daif=1c0, spsr=0x40000045, mpidr=80000100, esr=bf40c000
[2022-03-13 12:55:41] [   12.646518] CPU4: SError detected, daif=1c0, spsr=0x40000045, mpidr=80000102, esr=bf00c002
[2022-03-13 12:55:41] [   12.646523] CPU5: SError detected, daif=1c0, spsr=0x40000045, mpidr=80000103, esr=bf40c000
[2022-03-13 12:55:43] ERROR:   ARI request timed out: req 91 on CPU 4
[2022-03-13 12:55:43] ASSERT: plat/nvidia/tegra/soc/t186/drivers/mce/ari.c <127> : retries != 0U
[2022-03-13 12:57:29] [0000.163] I> Welcome to MB2(TBoot-BPMP)(version: 01.00.160913-t186-M-00.00-mobile-c368a720)
[2022-03-13 12:57:29] [0000.172] I> Boot-device: eMMC
[2022-03-13 12:57:29] [0000.179] I> sdmmc bdev is already initialized
[2022-03-13 12:57:29] [0000.184] I> pmic: reset reason (nverc)	: 0x0
[2022-03-13 12:57:29] [0000.217] I> Found 19 partitions in SDMMC_BOOT (instance 3)
[2022-03-13 12:57:29] [0000.237] I> Found 33 partitions in SDMMC_USER (instance 3)
[2022-03-13 12:57:29] [0000.242] W> No valid slot number is found in scratch register
[2022-03-13 12:57:29] [0000.248] W> Return default slot: _a
[2022-03-13 12:57:29] [0000.252] I> A/B: bin_type (16) slot 0
[2022-03-13 12:57:29] [0000.255] I> Loading partition bpmp-fw at 0xd7800000
[2022-03-13 12:57:29] [0000.260] I> Reading two headers - addr:0xd7800000 blocks:1
[2022-03-13 12:57:29] [0000.266] I> Addr: 0xd7800000, start-block: 58777608, num_blocks: 1
[2022-03-13 12:57:29] [0000.290] I> Binary(16) of size 534416 is loaded @ 0xd7800000
[2022-03-13 12:57:29] [0000.296] W> No valid slot number is found in scratch register
[2022-03-13 12:57:29] [0000.302] W> Return default slot: _a
[2022-03-13 12:57:29] [0000.305] I> A/B: bin_type (17) slot 0
[2022-03-13 12:57:29] [0000.309] I> Loading partition bpmp-fw-dtb at 0xd79f0000
[2022-03-13 12:57:29] [0000.314] I> Reading two headers - addr:0xd79f0000 blocks:1
[2022-03-13 12:57:29] [0000.319] I> Addr: 0xd79f0000, start-block: 58780024, num_blocks: 1
[2022-03-13 12:57:29] [0000.345] I> Binary(17) of size 604720 is loaded @ 0xd796c400
[2022-03-13 12:57:30] [0000.575] I> Loading SCE-FW ...
[2022-03-13 12:57:30] [0000.578] W> No valid slot number is found in scratch register
[2022-03-13 12:57:30] [0000.584] W> Return default slot: _a
[2022-03-13 12:57:30] [0000.587] I> A/B: bin_type (12) slot 0
[2022-03-13 12:57:30] [0000.591] I> Loading partition sce-fw at 0xd7300000
[2022-03-13 12:57:30] [0000.596] I> Reading two headers - addr:0xd7300000 blocks:1
[2022-03-13 12:57:30] [0000.601] I> Addr: 0xd7300000, start-block: 58784120, num_blocks: 1
[2022-03-13 12:57:30] [0000.620] I> Binary(12) of size 125632 is loaded @ 0xd7300000
[2022-03-13 12:57:30] [0000.626] I> Init SCE
[2022-03-13 12:57:30] [0000.628] I> Loading APE-FW ...
[2022-03-13 12:57:30] [0000.631] W> No valid slot number is found in scratch register
[2022-03-13 12:57:30] [0000.637] W> Return default slot: _a
[2022-03-13 12:57:30] [0000.640] I> A/B: bin_type (11) slot 0
[2022-03-13 12:57:30] [0000.644] I> Loading partition adsp-fw at 0xd7400000
[2022-03-13 12:57:30] [0000.649] I> Reading two headers - addr:0xd7400000 blocks:1
[2022-03-13 12:57:30] [0000.654] I> Addr: 0xd7400000, start-block: 58761224, num_blocks: 1
[2022-03-13 12:57:30] [0000.673] I> Binary(11) of size 77216 is loaded @ 0xd7400000
[2022-03-13 12:57:30] [0000.679] I> Copy BTCM section
[2022-03-13 12:57:30] [0000.682] W> No valid slot number is found in scratch register
[2022-03-13 12:57:30] [0000.688] W> Return default slot: _a
[2022-03-13 12:57:30] [0000.691] I> A/B: bin_type (13) slot 0
[2022-03-13 12:57:30] [0000.695] I> Loading partition cpu-bootloader at 0x96000000
[2022-03-13 12:57:30] [0000.700] I> Reading two headers - addr:0x96000000 blocks:1
[2022-03-13 12:57:30] [0000.706] I> Addr: 0x96000000, start-block: 58740744, num_blocks: 1
[2022-03-13 12:57:30] [0000.727] I> Binary(13) of size 308800 is loaded @ 0x96000000
[2022-03-13 12:57:30] [0000.732] W> No valid slot number is found in scratch register
[2022-03-13 12:57:30] [0000.738] W> Return default slot: _a
[2022-03-13 12:57:30] [0000.741] I> A/B: bin_type (20) slot 0
[2022-03-13 12:57:30] [0000.745] I> Loading partition bootloader-dtb at 0x85205400
[2022-03-13 12:57:30] [0000.750] I> Reading two headers - addr:0x85205400 blocks:1
[2022-03-13 12:57:30] [0000.756] I> Addr: 0x85205400, start-block: 58742792, num_blocks: 1
[2022-03-13 12:57:30] [0000.778] I> Binary(20) of size 375568 is loaded @ 0x85205400
[2022-03-13 12:57:30] [0000.784] W> No valid slot number is found in scratch register
[2022-03-13 12:57:30] [0000.789] W> Return default slot: _a
[2022-03-13 12:57:30] [0000.793] I> A/B: bin_type (14) slot 0
[2022-03-13 12:57:30] [0000.796] I> Loading partition secure-os at 0x85305600
[2022-03-13 12:57:30] [0000.801] I> Reading two headers - addr:0x85305600 blocks:1
[2022-03-13 12:57:30] [0000.807] I> Addr: 0x85305600, start-block: 58744840, num_blocks: 1
[2022-03-13 12:57:30] [0000.829] I> Binary(14) of size 402864 is loaded @ 0x85305600
[2022-03-13 12:57:30] [0000.837] I> TOS boot-params @ 0x85000000
[2022-03-13 12:57:30] [0000.841] I> TOS params prepared
[2022-03-13 12:57:30] [0000.844] I> Loading EKS ...
[2022-03-13 12:57:30] [0000.846] I> A/B: bin_type (15) slot 0
[2022-03-13 12:57:30] [0000.850] I> Loading partition eks at 0x85905800
[2022-03-13 12:57:30] [0000.854] I> Reading two headers - addr:0x85905800 blocks:1
[2022-03-13 12:57:30] [0000.860] I> Addr: 0x85905800, start-block: 58757128, num_blocks: 1
[2022-03-13 12:57:30] [0000.879] I> Binary(15) of size 1040 is loaded @ 0x85905800
[2022-03-13 12:57:30] [0000.884] I> EKB detected (length: 0x400) @ 0x85905800
[2022-03-13 12:57:30] [0000.889] I> Copied encrypted keys
[2022-03-13 12:57:30] [0000.893] I> boot profiler @ 0x275844000
[2022-03-13 12:57:30] [0000.897] I> boot profiler for TOS @ 0x275844000
[2022-03-13 12:57:30] [0000.902] I> Unhalting SCE
[2022-03-13 12:57:30] [0000.904] I> Primary Memory Start:80000000 Size:70000000
[2022-03-13 12:57:30] [0000.909] I> Extended Memory Start:f0110000 Size:1856f0000
[2022-03-13 12:57:30] [0000.916] I> MB2(TBoot-BPMP) done
[2022-03-13 12:57:30] 
[2022-03-13 12:57:30] NOTICE:  BL31: v1.3(release):b5eeb33f7
[2022-03-13 12:57:30] NOTICE:  BL31: Built : 12:15:17, Jul 26 2021
[2022-03-13 12:57:30] ipc-unittest-main: 1519: Welcome to IPC unittest!!!
[2022-03-13 12:57:30] ipc-unittest-main: 1531: waiting forever
[2022-03-13 12:57:30] ipc-unittest-srv: 329: Init unittest services!!!
[2022-03-13 12:57:30] hwkey-agent: 41: hwkey-agent is running!!
[2022-03-13 12:57:30] hwkey-agent: 315: key_mgnt_processing .......
[2022-03-13 12:57:30] hwkey-agent: 223: Setting EKB key 0 to slot 14
[2022-03-13 12:57:30] hwkey-agent: 178: Init hweky-agent services!!
[2022-03-13 12:57:30] luks-srv: 40: luks-srv is running!!
[2022-03-13 12:57:30] luks-srv: 157: Init luks-srv IPC services!!
[2022-03-13 12:57:30] platform_bootstrap_epilog: trusty bootstrap complete
[2022-03-13 12:57:30] [0001.289] I> Welcome to Cboot
[2022-03-13 12:57:30] [0001.292] I> Cboot Version: t186-00029e71
[2022-03-13 12:57:30] [0001.295] I> CPU-BL Params @ 0x275800000
[2022-03-13 12:57:30] [0001.299] I>  0) Base:0x00000000 Size:0x00000000
[2022-03-13 12:57:30] [0001.304] I>  1) Base:0x277f00000 Size:0x00100000
[2022-03-13 12:57:30] [0001.308] I>  2) Base:0x277e00000 Size:0x00100000
[2022-03-13 12:57:30] [0001.313] I>  3) Base:0x277d00000 Size:0x00100000
[2022-03-13 12:57:30] [0001.317] I>  4) Base:0x277c00000 Size:0x00100000
[2022-03-13 12:57:30] [0001.322] I>  5) Base:0x277b00000 Size:0x00100000
[2022-03-13 12:57:30] [0001.326] I>  6) Base:0x277800000 Size:0x00200000
[2022-03-13 12:57:30] [0001.331] I>  7) Base:0x277400000 Size:0x00400000
[2022-03-13 12:57:30] [0001.335] I>  8) Base:0x277a00000 Size:0x00100000
[2022-03-13 12:57:30] [0001.340] I>  9) Base:0x277300000 Size:0x00100000
[2022-03-13 12:57:30] [0001.344] I> 10) Base:0x276800000 Size:0x00800000
[2022-03-13 12:57:30] [0001.349] I> 11) Base:0x30000000 Size:0x00040000
[2022-03-13 12:57:30] [0001.353] I> 12) Base:0xf0000000 Size:0x00100000
[2022-03-13 12:57:30] [0001.358] I> 13) Base:0x30040000 Size:0x00001000
[2022-03-13 12:57:30] [0001.362] I> 14) Base:0x30048000 Size:0x00001000
[2022-03-13 12:57:30] [0001.366] I> 15) Base:0x30049000 Size:0x00001000
[2022-03-13 12:57:31] [0001.371] I> 16) Base:0x3004a000 Size:0x00001000
[2022-03-13 12:57:31] [0001.375] I> 17) Base:0x3004b000 Size:0x00001000
[2022-03-13 12:57:31] [0001.380] I> 18) Base:0x3004c000 Size:0x00001000
[2022-03-13 12:57:31] [0001.384] I> 19) Base:0x3004d000 Size:0x00001000
[2022-03-13 12:57:31] [0001.389] I> 20) Base:0x3004e000 Size:0x00001000
[2022-03-13 12:57:31] [0001.393] I> 21) Base:0x3004f000 Size:0x00001000
[2022-03-13 12:57:31] [0001.397] I> 22) Base:0x00000000 Size:0x00000000
[2022-03-13 12:57:31] [0001.402] I> 23) Base:0xf0100000 Size:0x00010000
[2022-03-13 12:57:31] [0001.406] I> 24) Base:0x00000000 Size:0x00000000
[2022-03-13 12:57:31] [0001.411] I> 25) Base:0x00000000 Size:0x00000000
[2022-03-13 12:57:31] [0001.415] I> 26) Base:0x00000000 Size:0x00000000
[2022-03-13 12:57:31] [0001.420] I> 27) Base:0x00000000 Size:0x00000000
[2022-03-13 12:57:31] [0001.424] I> 28) Base:0x84400000 Size:0x00400000
[2022-03-13 12:57:31] [0001.428] I> 29) Base:0x30000000 Size:0x00010000
[2022-03-13 12:57:31] [0001.433] I> 30) Base:0x278000000 Size:0x08000000
[2022-03-13 12:57:31] [0001.437] I> 31) Base:0x00000000 Size:0x00000000
[2022-03-13 12:57:31] [0001.442] I> 32) Base:0x276000000 Size:0x00600000
[2022-03-13 12:57:31] [0001.446] I> 33) Base:0x80000000 Size:0x70000000
[2022-03-13 12:57:31] [0001.451] I> 34) Base:0xf0110000 Size:0x1856f0000
[2022-03-13 12:57:31] [0001.455] I> 35) Base:0x00000000 Size:0x00000000
[2022-03-13 12:57:31] [0001.460] I> 36) Base:0x00000000 Size:0x00000000
[2022-03-13 12:57:31] [0001.464] I> 37) Base:0x2772e0000 Size:0x00020000
[2022-03-13 12:57:31] [0001.469] I> 38) Base:0x84000000 Size:0x00400000
[2022-03-13 12:57:31] [0001.473] I> 39) Base:0x96000000 Size:0x02000000
[2022-03-13 12:57:31] [0001.478] I> 40) Base:0x85000000 Size:0x01200000
[2022-03-13 12:57:31] [0001.482] I> 41) Base:0x275800000 Size:0x00500000
[2022-03-13 12:57:31] [0001.487] I> 42) Base:0x00000000 Size:0x00000000
[2022-03-13 12:57:31] [0001.491] I> 43) Base:0x00000000 Size:0x00000000
[2022-03-13 12:57:31] [0001.495] GIC-SPI Target CPU: 4
[2022-03-13 12:57:31] [0001.499] Interrupts Init done
[2022-03-13 12:57:31] [0001.502] calling constructors
[2022-03-13 12:57:31] [0001.505] initializing heap
[2022-03-13 12:57:31] [0001.508] initializing threads
[2022-03-13 12:57:31] [0001.511] initializing timers
[2022-03-13 12:57:31] [0001.514] creating bootstrap completion thread
[2022-03-13 12:57:31] [0001.519] top of bootstrap2()
[2022-03-13 12:57:31] [0001.522] CPU: ARM Cortex A57
[2022-03-13 12:57:31] [0001.525] CPU: MIDR: 0x411FD073, MPIDR: 0x80000100
[2022-03-13 12:57:31] [0001.530] initializing platform
[2022-03-13 12:57:31] [0001.533] I> Bl_dtb @0x85205400
[2022-03-13 12:57:31] [0001.536] I> gpio framework initialized
[2022-03-13 12:57:31] [0001.543] I> tegrabl_gpio_driver_register: register 'nvidia,tegra186-gpio' driver
[2022-03-13 12:57:31] [0001.553] I> tegrabl_gpio_driver_register: register 'nvidia,tegra186-gpio-aon' driver
[2022-03-13 12:57:31] [0001.561] I> GPIO framework and drivers are initialized.
[2022-03-13 12:57:31] [0001.566] I> Boot-device: eMMC
[2022-03-13 12:57:31] [0001.573] I> sdmmc bdev is already initialized
[2022-03-13 12:57:31] [0001.604] I> Found 19 partitions in SDMMC_BOOT (instance 3)
[2022-03-13 12:57:31] [0001.621] I> Found 33 partitions in SDMMC_USER (instance 3)
[2022-03-13 12:57:31] [0001.627] W> opt-in fuse is not set, skip fuse_burning
[2022-03-13 12:57:31] [0001.632] I> Reserved memory at 0xfbe00000 for U-Boot relocation
[2022-03-13 12:57:31] [0001.638] W> No valid slot number is found in scratch register
[2022-03-13 12:57:31] [0001.643] W> Return default slot: _a
[2022-03-13 12:57:31] [0001.653] I> A/B: bin_type (21) slot 0
[2022-03-13 12:57:31] [0001.656] I> Loading kernel-dtb from partition
[2022-03-13 12:57:31] [0001.660] I> Loading partition kernel-dtb at 0x80000000 from device(0x1)
[2022-03-13 12:57:31] [0001.677] I> Kernel_dtb @0x80000000
[2022-03-13 12:57:31] [0001.681] I> tegrabl_tca9539_init: i2c bus: 0, slave addr: 0xee
[2022-03-13 12:57:31] [0001.691] I> tegrabl_gpio_driver_register: register 'tca9539_gpio_driver' driver
[2022-03-13 12:57:31] [0001.698] I> tegrabl_tca9539_init: i2c bus: 0, slave addr: 0xe8
[2022-03-13 12:57:31] [0001.707] I> tegrabl_gpio_driver_register: register 'tca9539_gpio_driver' driver
[2022-03-13 12:57:31] [0001.718] I> fixed regulator driver initialized
[2022-03-13 12:57:31] [0001.751] I> register 'maxim' power off handle
[2022-03-13 12:57:31] [0001.757] I> virtual i2c enabled
[2022-03-13 12:57:31] [0001.760] I> registered 'maxim,max77620' pmic
[2022-03-13 12:57:31] [0001.764] I> tegrabl_gpio_driver_register: register 'max77620-gpio' driver
[2022-03-13 12:57:31] [0001.778] E> failed to read label property for node 324936: 13
[2022-03-13 12:57:31] [0001.787] E> failed to read reg property for node 325032: 13
[2022-03-13 12:57:31] [0001.795] E> failed to read reg property for node 325084: 13
[2022-03-13 12:57:31] [0001.803] E> failed to read label property for node 325168: 13
[2022-03-13 12:57:31] [0001.812] E> failed to read label property for node 325236: 13
[2022-03-13 12:57:31] [0001.820] E> failed to read reg property for node 325304: 13
[2022-03-13 12:57:31] [0001.828] E> failed to read reg property for node 325376: 13
[2022-03-13 12:57:31] [0001.839] I> Find /i2c@c250000's alias i2c7
[2022-03-13 12:57:31] [0001.843] I> Reading eeprom i2c=7 address=0x50
[2022-03-13 12:57:31] [0001.872] I> Device at /i2c@c250000:0x50
[2022-03-13 12:57:31] [0001.876] I> Reading eeprom i2c=7 address=0x57
[2022-03-13 12:57:31] [0001.904] I> Device at /i2c@c250000:0x57
[2022-03-13 12:57:31] [0001.909] I> Find /i2c@c240000's alias i2c1
[2022-03-13 12:57:31] [0001.913] I> Reading eeprom i2c=1 address=0x51
[2022-03-13 12:57:31] [0001.918] E> I2C: slave not found in slaves.
[2022-03-13 12:57:31] [0001.922] E> I2C: Could not write 0 bytes to slave: 0x00a2 with repeat start true.
[2022-03-13 12:57:31] [0001.930] E> I2C_DEV: Failed to send register address 0x00000000.
[2022-03-13 12:57:31] [0001.936] E> I2C_DEV: Could not read 256 registers of size 1 from slave 0xa2 at 0x00000000 via instance 1.
[2022-03-13 12:57:31] [0001.945] E> eeprom: Retry to read I2C slave device.
[2022-03-13 12:57:31] [0001.950] E> I2C: slave not found in slaves.
[2022-03-13 12:57:31] [0001.954] E> I2C: Could not write 0 bytes to slave: 0x00a2 with repeat start true.
[2022-03-13 12:57:31] [0001.962] E> I2C_DEV: Failed to send register address 0x00000000.
[2022-03-13 12:57:31] [0001.968] E> I2C_DEV: Could not read 256 registers of size 1 from slave 0xa2 at 0x00000000 via instance 1.
[2022-03-13 12:57:31] [0001.977] E> eeprom: Failed to read I2C slave device
[2022-03-13 12:57:31] [0001.982] I> Eeprom read failed 0x3526070d
[2022-03-13 12:57:31] [0001.987] I> Find /i2c@3160000's alias i2c0
[2022-03-13 12:57:31] [0001.991] I> Reading eeprom i2c=0 address=0x50
[2022-03-13 12:57:31] [0001.995] E> I2C: slave not found in slaves.
[2022-03-13 12:57:31] [0001.999] E> I2C: Could not write 0 bytes to slave: 0x00a0 with repeat start true.
[2022-03-13 12:57:31] [0002.007] E> I2C_DEV: Failed to send register address 0x00000000.
[2022-03-13 12:57:31] [0002.013] E> I2C_DEV: Could not read 256 registers of size 1 from slave 0xa0 at 0x00000000 via instance 0.
[2022-03-13 12:57:31] [0002.022] E> eeprom: Failed to read I2C slave device
[2022-03-13 12:57:31] [0002.027] I> Eeprom read failed 0x3526070d
[2022-03-13 12:57:31] [0002.032] I> Find /i2c@3180000's alias i2c2
[2022-03-13 12:57:31] [0002.036] I> Reading eeprom i2c=2 address=0x54
[2022-03-13 12:57:31] [0002.040] I> Enabling gpio chip_id = 2, gpio pin = 9
[2022-03-13 12:57:31] [0002.071] I> Disabling gpio chip_id = 2, gpio pin = 9
[2022-03-13 12:57:31] [0002.076] I> Device at /i2c@3180000:0x54
[2022-03-13 12:57:31] [0002.079] I> Reading eeprom i2c=2 address=0x57
[2022-03-13 12:57:31] [0002.084] I> Enabling gpio chip_id = 2, gpio pin = 9
[2022-03-13 12:57:31] [0002.089] E> I2C: slave not found in slaves.
[2022-03-13 12:57:31] [0002.093] E> I2C: Could not write 0 bytes to slave: 0x00ae with repeat start true.
[2022-03-13 12:57:31] [0002.101] E> I2C_DEV: Failed to send register address 0x00000000.
[2022-03-13 12:57:31] [0002.107] E> I2C_DEV: Could not read 256 registers of size 1 from slave 0xae at 0x00000000 via instance 2.
[2022-03-13 12:57:31] [0002.117] E> eeprom: Failed to read I2C slave device
[2022-03-13 12:57:31] [0002.121] I> Disabling gpio chip_id = 2, gpio pin = 9
[2022-03-13 12:57:31] [0002.126] I> Eeprom read failed 0x00000000
[2022-03-13 12:57:31] [0002.130] I> create_pm_ids: id: 3310-1000-D00-L, len: 15
[2022-03-13 12:57:31] [0002.136] I> config: mem-type:00,power-config:00,misc-config:00,modem-config:00,touch-config:00,display-config:00,, len: 93
[2022-03-13 12:57:31] [0002.146] I> create_pm_ids: id: 2597-0000-900-E, len: 15
[2022-03-13 12:57:31] [0002.152] I> config: mem-type:00,power-config:00,misc-config:00,modem-config:00,touch-config:00,display-config:00,, len: 93
[2022-03-13 12:57:31] [0002.163] I> create_pm_ids: id: 3326-1000-000-M, len: 15
[2022-03-13 12:57:31] [0002.168] I> config: mem-type:ff,power-config:ff,misc-config:ff,modem-config:ff,touch-config:ff,display-config:ff,, len: 93
[2022-03-13 12:57:31] [0002.203] I> enabling 'vdd-hdmi' regulator
[2022-03-13 12:57:31] [0002.218] I> regulator 'vdd-hdmi' already enabled
[2022-03-13 12:57:31] [0002.223] E> tegrabl_display_init_regulator: hdmi cable is not connected
[2022-03-13 12:57:31] [0002.229] E> tegrabl_display_get_pdata, failed to parse dtb settings
[2022-03-13 12:57:31] [0002.238] E> cannot find any other nvdisp nodes
[2022-03-13 12:57:31] [0002.243] E> no valid display unit config found in dtb
[2022-03-13 12:57:31] [0002.248] W> display init failed
[2022-03-13 12:57:31] [0002.251] initializing target
[2022-03-13 12:57:31] [0002.255] calling apps_init()
[2022-03-13 12:57:31] [0002.258] starting app kernel_boot_app
[2022-03-13 12:57:31] [0002.280] I> found decompressor handler: lz4-legacy
[2022-03-13 12:57:31] [0002.285] I> decompressing BMP blob ...
[2022-03-13 12:57:31] [0002.297] I> Kernel type = Normal
[2022-03-13 12:57:31] [0002.300] I> ########## Fixed storage boot ##########
[2022-03-13 12:57:31] [0002.305] I> Loading kernel-bootctrl from partition
[2022-03-13 12:57:31] [0002.309] I> Loading partition kernel-bootctrl at 0xa8000000 from device(0x1)
[2022-03-13 12:57:31] [0002.324] W> tegrabl_get_kernel_bootctrl: magic number(0x00000000) is invalid
[2022-03-13 12:57:31] [0002.331] W> tegrabl_get_kernel_bootctrl: use default dummy boot control data
[2022-03-13 12:57:31] [0002.338] W> No valid slot number is found in scratch register
[2022-03-13 12:57:31] [0002.343] W> Return default slot: _a
[2022-03-13 12:57:31] [0002.347] I> A/B: bin_type (24) slot 0
[2022-03-13 12:57:31] [0002.362] I> Boot image size read from image header: 9913d
[2022-03-13 12:57:31] [0002.368] I> Boot image load address: 0x80400000
[2022-03-13 12:57:32] [0002.372] I> Loading kernel from partition
[2022-03-13 12:57:32] [0002.376] I> Loading partition kernel at 0x80400000 from device(0x1)
[2022-03-13 12:57:32] [0003.318] I> Validate kernel ...
[2022-03-13 12:57:32] [0003.321] I> T18x: Authenticate kernel (bin_type 24), max size 0x4000000
[2022-03-13 12:57:32] [0003.329] I> Decrypt the buffer ... [0003.333] W> tegrabl_decrypt_block: fuse (0x0) is not burnt to do encryption (0x4); skip decryption.
[2022-03-13 12:57:32] [0003.341] I> done
[2022-03-13 12:57:32] [0003.343] I> Checking boot.img header magic ... [0003.347] I> [OK]
[2022-03-13 12:57:32] [0003.349] I> kernel-dtb is already loaded
[2022-03-13 12:57:32] [0003.353] I> Validate kernel-dtb ...
[2022-03-13 12:57:32] [0003.356] I> T18x: Authenticate kernel-dtb (bin_type 21), max size 0x100000
[2022-03-13 12:57:32] [0003.364] I> Decrypt the buffer ... [0003.367] W> tegrabl_decrypt_block: fuse (0x0) is not burnt to do encryption (0x4); skip decryption.
[2022-03-13 12:57:33] [0003.376] I> done
[2022-03-13 12:57:33] [0003.378] I> Kernel hdr @0x80400000
[2022-03-13 12:57:33] [0003.381] I> Kernel dtb @0x80000000
[2022-03-13 12:57:33] [0003.385] I> decompressor handler not found
[2022-03-13 12:57:33] [0003.389] I> Copying kernel image (627005 bytes) from 0x80400800 to 0x80600000 ... [0003.396] I> Done
[2022-03-13 12:57:33] [0003.398] I> Move ramdisk (len: 0) from 0x8049a000 to 0x947d0000
[2022-03-13 12:57:33] [0003.405] I> Updated bpmp info to DTB
[2022-03-13 12:57:33] [0003.412] I> Ramdisk: Base: 0x947d0000; Size: 0x0
[2022-03-13 12:57:33] [0003.416] I> Updated initrd info to DTB
[2022-03-13 12:57:33] [0003.420] W> WARN: Fail to override "console=none" in commandline
[2022-03-13 12:57:33] [0003.426] I> Active rootfs suffix: 
[2022-03-13 12:57:33] [0003.429] E> tegrabl_linuxboot_add_disp_param, du 0 failed to get display params
[2022-03-13 12:57:33] [0003.436] E> tegrabl_linuxboot_add_disp_param, du 0 failed to get display params
[2022-03-13 12:57:33] [0003.443] E> tegrabl_linuxboot_add_disp_param, du 0 failed to get display params
[2022-03-13 12:57:33] [0003.451] I> disabled_core_mask: 0xffffff0c
[2022-03-13 12:57:33] [0003.455] W> No valid slot number is found in scratch register
[2022-03-13 12:57:33] [0003.460] W> Return default slot: _a
[2022-03-13 12:57:33] [0003.464] I> Active slot suffix: 
[2022-03-13 12:57:33] [0003.467] I> add_boot_slot_suffix: slot_suffix = 
[2022-03-13 12:57:33] [0003.471] I> Linux Cmdline: console=ttyS0,115200 androidboot.presilicon=true firmware_class.path=/etc/firmware root=/dev/mmcblk0p1 rw rootwait rootfstype=ext4 console=ttyS0,115200n8 console=tty0 fbcon=map:0 net.ifnames=0 isolcpus=1-2  video=tegrafb earlycon=uart8250,mmio32,0x3100000 nvdumper_reserved=0x2772e0000 gpt rootfs.slot_suffix= usbcore.old_scheme_first=1 tegraid=18.1.2.0.0 maxcpus=6 no_console_suspend boot.slot_suffix= boot.ratchetvalues=0.2031647.1 vpr_resize bl_prof_dataptr=0x10000@0x275840000 sdhci_tegra.en_boot_part_access=1 
[2022-03-13 12:57:33] [0003.519] I> Updated bootarg info to DTB
[2022-03-13 12:57:33] [0003.523] I> eeprom_get_mac_addr: MAC (type: 0): 48:b0:2d:0f:11:c5
[2022-03-13 12:57:33] [0003.529] I> eeprom_get_mac_addr: MAC (type: 1): 48:b0:2d:0f:11:c6
[2022-03-13 12:57:33] [0003.535] I> eeprom_get_mac_addr: MAC (type: 2): 48:b0:2d:0f:11:c7
[2022-03-13 12:57:33] [0003.541] E> Found no plugin manager ids in source DT
[2022-03-13 12:57:33] [0003.546] W> Add plugin manager ids from board info
[2022-03-13 12:57:33] [0003.551] W> "plugin-manager" doesn't exist, creating
[2022-03-13 12:57:33] [0003.556] W> "ids" doesn't exist, creating
[2022-03-13 12:57:33] [0003.560] W> "connection" doesn't exist, creating
[2022-03-13 12:57:33] [0003.564] W> "configs" doesn't exist, creating
[2022-03-13 12:57:33] [0003.569] I> create_pm_ids: id: 3310-1000-D00-L, len: 15
[2022-03-13 12:57:33] [0003.574] I> config: mem-type:00,power-config:00,misc-config:00,modem-config:00,touch-config:00,display-config:00,, len: 93
[2022-03-13 12:57:33] [0003.585] I> create_pm_ids: id: 2597-0000-900-E, len: 15
[2022-03-13 12:57:33] [0003.590] I> config: mem-type:00,power-config:00,misc-config:00,modem-config:00,touch-config:00,display-config:00,, len: 93
[2022-03-13 12:57:33] [0003.601] I> create_pm_ids: id: 3326-1000-000-M, len: 15
[2022-03-13 12:57:33] [0003.606] I> config: mem-type:ff,power-config:ff,misc-config:ff,modem-config:ff,touch-config:ff,display-config:ff,, len: 93
[2022-03-13 12:57:33] [0003.617] I> Adding plugin-manager/ids/3310-1000-D00=/i2c@c250000:module@0x50
[2022-03-13 12:57:33] [0003.624] W> "i2c@c250000" doesn't exist, creating
[2022-03-13 12:57:33] [0003.629] W> "module@0x50" doesn't exist, creating
[2022-03-13 12:57:33] [0003.634] I> Adding plugin-manager/ids/2597-0000-900=/i2c@c250000:module@0x57
[2022-03-13 12:57:33] [0003.641] W> "module@0x57" doesn't exist, creating
[2022-03-13 12:57:33] [0003.646] I> Adding plugin-manager/ids/3326-1000-000=/i2c@3180000:module@0x54
[2022-03-13 12:57:33] [0003.653] W> "i2c@3180000" doesn't exist, creating
[2022-03-13 12:57:33] [0003.658] W> "module@0x54" doesn't exist, creating
[2022-03-13 12:57:33] [0003.665] I> Adding plugin-manager/ids/3310-1000-D00-L
[2022-03-13 12:57:33] [0003.672] I> Adding plugin-manager/configs/3310-mem-type 00
[2022-03-13 12:57:33] [0003.677] I> Adding plugin-manager/configs/3310-power-config 00
[2022-03-13 12:57:33] [0003.683] I> Adding plugin-manager/configs/3310-misc-config 00
[2022-03-13 12:57:33] [0003.689] I> Adding plugin-manager/configs/3310-modem-config 00
[2022-03-13 12:57:33] [0003.695] I> Adding plugin-manager/configs/3310-touch-config 00
[2022-03-13 12:57:33] [0003.701] I> Adding plugin-manager/configs/3310-display-config 00
[2022-03-13 12:57:33] [0003.707] I> Adding plugin-manager/cvm
[2022-03-13 12:57:33] [0003.711] W> "chip-id" doesn't exist, creating
[2022-03-13 12:57:33] [0003.716] I> Adding plugin-manager/chip-id/A02P
[2022-03-13 12:57:33] [0003.720] W> "odm-data" doesn't exist, creating
[2022-03-13 12:57:33] [0003.725] I> Adding /chosen/plugin-manager/odm-data
[2022-03-13 12:57:33] [0003.735] I> added [base:0x80000000, size:0x70000000] to /memory
[2022-03-13 12:57:33] [0003.740] I> added [base:0xf0200000, size:0x185600000] to /memory
[2022-03-13 12:57:33] [0003.746] I> added [base:0x275e00000, size:0x200000] to /memory
[2022-03-13 12:57:33] [0003.752] I> added [base:0x276600000, size:0x200000] to /memory
[2022-03-13 12:57:33] [0003.758] I> added [base:0x277000000, size:0x200000] to /memory
[2022-03-13 12:57:33] [0003.764] I> Updated memory info to DTB
[2022-03-13 12:57:33] [0003.768] E> add_disp_param: failed to get display params for du=0
[2022-03-13 12:57:33] [0003.776] W> "reset" doesn't exist, creating
[2022-03-13 12:57:33] [0003.780] W> "pmc-reset-reason" doesn't exist, creating
[2022-03-13 12:57:33] [0003.786] W> "pmic-reset-reason" doesn't exist, creating
[2022-03-13 12:57:33] [0003.792] I> Adding ecid(00000001646db7851000000013038200) to DT
[2022-03-13 12:57:33] [0003.798] I> disabled_core_mask: 0xffffff0c
[2022-03-13 12:57:33] [0003.811] I> Add serial number:1422420022173 as DT property
[2022-03-13 12:57:33] [0003.820] I> Plugin-manager override starting
[2022-03-13 12:57:33] [0003.825] I> node /plugin-manager/fragement@0 matches
[2022-03-13 12:57:33] [0003.836] I> node /plugin-manager/fragement@4 matches
[2022-03-13 12:57:33] [0003.849] I> node /plugin-manager/fragment-sdwake-p3310-1000-300 matches
[2022-03-13 12:57:33] [0003.869] I> node /plugin-manager/fragement-pmon-p3310-1000-300 matches
[2022-03-13 12:57:33] [0003.878] I> node /plugin-manager/fragement-pmon-p3310-1000-800 matches
[2022-03-13 12:57:33] [0003.887] I> node /plugin-manager/fragment-devslp@0 matches
[2022-03-13 12:57:33] [0003.899] I> node /plugin-manager/fragment-500-pcie-config matches
[2022-03-13 12:57:33] [0003.914] I> node /plugin-manager/fragment-500-xusb-config matches
[2022-03-13 12:57:33] [0003.937] I> node /plugin-manager/fragment-p3310-c00-comm matches
[2022-03-13 12:57:33] [0003.951] I> node /plugin-manager/fragment-p3310-c00-pmic matches
[2022-03-13 12:57:33] [0003.962] I> node /plugin-manager/fragment-p3310-c01 matches
[2022-03-13 12:57:33] [0003.975] I> node /plugin-manager/fragment-p3310-c03 matches
[2022-03-13 12:57:33] [0004.017] I> node /plugin-manager/fragment-e3326@0 matches
[2022-03-13 12:57:33] [0004.099] I> node /plugin-manager/fragment-p3310-c00-camera matches
[2022-03-13 12:57:33] [0004.126] I> Disable plugin-manager status in FDT
[2022-03-13 12:57:33] [0004.131] I> Plugin-manager override finished successfully
[2022-03-13 12:57:33] [0004.136] I> tegrabl_load_kernel_and_dtb: Done
[2022-03-13 12:57:33] [0004.140] E> tegrabl_display_clear: display is not initialized
[2022-03-13 12:57:33] [0004.146] W> Boot logo display failed...
[2022-03-13 12:57:33] [0004.150] I> Kernel EP: 0x80600000, DTB: 0x80000000
[2022-03-13 12:57:33] 
[2022-03-13 12:57:33] 
[2022-03-13 12:57:33] U-Boot 2020.04-g46e4604c78 (Jul 26 2021 - 12:10:58 -0700)
[2022-03-13 12:57:33] 
[2022-03-13 12:57:33] SoC: tegra186
[2022-03-13 12:57:33] Model: NVIDIA P2771-0000-500
[2022-03-13 12:57:33] Board: NVIDIA P2771-0000
[2022-03-13 12:57:33] DRAM:  7.8 GiB
[2022-03-13 12:57:33] MMC:   sdhci@3400000: 1, sdhci@3460000: 0
[2022-03-13 12:57:33] Loading Environment from MMC... *** Warning - bad CRC, using default environment
[2022-03-13 12:57:34] 
[2022-03-13 12:57:34] In:    serial
[2022-03-13 12:57:34] Out:   serial
[2022-03-13 12:57:34] Err:   serial
[2022-03-13 12:57:34] Net:   
[2022-03-13 12:57:34] Warning: ethernet@2490000 using MAC address from ROM
[2022-03-13 12:57:34] eth0: ethernet@2490000
[2022-03-13 12:57:34] Hit any key to stop autoboot:  2  1  0 
[2022-03-13 12:57:36] MMC: no card present
[2022-03-13 12:57:36] switch to partitions #0, OK
[2022-03-13 12:57:36] mmc0(part 0) is current device
[2022-03-13 12:57:36] Scanning mmc 0:1...
[2022-03-13 12:57:36] Found /boot/extlinux/extlinux.conf
[2022-03-13 12:57:36] Retrieving file: /boot/extlinux/extlinux.conf
[2022-03-13 12:57:36] 858 bytes read in 22 ms (38.1 KiB/s)
[2022-03-13 12:57:36] 1:	primary kernel
[2022-03-13 12:57:36] Retrieving file: /boot/initrd
[2022-03-13 12:57:36] 7238344 bytes read in 201 ms (34.3 MiB/s)
[2022-03-13 12:57:36] Retrieving file: /boot/Image
[2022-03-13 12:57:37] 34484232 bytes read in 830 ms (39.6 MiB/s)
[2022-03-13 12:57:37] append: console=ttyS0,115200 androidboot.presilicon=true firmware_class.path=/etc/firmware root=/dev/mmcblk0p1 rw rootwait rootfstype=ext4 console=ttyS0,115200n8 console=tty0 fbcon=map:0 net.ifnames=0 isolcpus=1-2  video=tegrafb earlycon=uart8250,mmio32,0x3100000 nvdumper_reserved=0x2772e0000 gpt rootfs.slot_suffix= usbcore.old_scheme_first=1 tegraid=18.1.2.0.0 maxcpus=6 no_console_suspend boot.slot_suffix= boot.ratchetvalues=0.2031647.1 vpr_resize bl_prof_dataptr=0x10000@0x275840000 sdhci_tegra.en_boot_part_access=1 quiet root=/dev/mmcblk0p1 rw rootwait rootfstype=ext4 console=ttyS0,115200n8 console=tty0 fbcon=map:0 net.ifnames=0 isolcpus=1-2 
[2022-03-13 12:57:37] ## Flattened Device Tree blob at 80000000
[2022-03-13 12:57:37]    Booting using the fdt blob at 0x80000000
[2022-03-13 12:57:37] ERROR: reserving fdt memory region failed (addr=0 size=0)
[2022-03-13 12:57:37] ERROR: reserving fdt memory region failed (addr=0 size=0)
[2022-03-13 12:57:37] ERROR: reserving fdt memory region failed (addr=0 size=0)
[2022-03-13 12:57:37]    Using Device Tree in place at 0000000080000000, end 0000000080060aa3
[2022-03-13 12:57:37] copying carveout for /host1x@13e00000/display-hub@15200000/display@15200000...
[2022-03-13 12:57:37] copying carveout for /host1x@13e00000/display-hub@15200000/display@15210000...
[2022-03-13 12:57:37] copying carveout for /host1x@13e00000/display-hub@15200000/display@15220000...
[2022-03-13 12:57:37] 
[2022-03-13 12:57:37] Starting kernel ...
[2022-03-13 12:57:37] 
[2022-03-13 12:57:37] [    0.000000] Booting Linux on physical CPU 0x100
[2022-03-13 12:57:37] [    0.000000] Linux version 4.9.253-tegra (buildbrain@mobile-u64-5497-d3000) (gcc version 7.3.1 20180425 [linaro-7.3-2018.05 revision d29120a424ecfbc167ef90065c0eeb7f91977701] (Linaro GCC 7.3-2018.05) ) #1 SMP PREEMPT Mon Jul 26 12:19:28 PDT 2021
[2022-03-13 12:57:37] [    0.000000] Boot CPU: AArch64 Processor [411fd073]
[2022-03-13 12:57:37] [    0.000000] OF: fdt:memory scan node memory@80000000, reg size 80,
[2022-03-13 12:57:37] [    0.000000] OF: fdt: - 80000000 ,  70000000
[2022-03-13 12:57:37] [    0.000000] OF: fdt: - f0200000 ,  185600000
[2022-03-13 12:57:37] [    0.000000] OF: fdt: - 275e00000 ,  200000
[2022-03-13 12:57:37] [    0.000000] OF: fdt: - 276600000 ,  200000
[2022-03-13 12:57:37] [    0.000000] OF: fdt: - 277000000 ,  200000
[2022-03-13 12:57:37] [    0.000000] earlycon: uart8250 at MMIO32 0x0000000003100000 (options '')
