[0000.275] I> Welcome to MB2(TBoot-BPMP)(version: 01.00.160913-t186-M-00.00-mobile-c368a720)
[2022-03-13 10:46:50] [0000.284] I> Boot-device: eMMC
[2022-03-13 10:46:50] [0000.291] I> sdmmc bdev is already initialized
[2022-03-13 10:46:50] [0000.296] I> pmic: reset reason (nverc)	: 0x80
[2022-03-13 10:46:50] [0000.329] I> Found 19 partitions in SDMMC_BOOT (instance 3)
[2022-03-13 10:46:50] [0000.349] I> Found 33 partitions in SDMMC_USER (instance 3)
[2022-03-13 10:46:50] [0000.355] W> No valid slot number is found in scratch register
[2022-03-13 10:46:50] [0000.360] W> Return default slot: _a
[2022-03-13 10:46:50] [0000.364] I> A/B: bin_type (16) slot 0
[2022-03-13 10:46:50] [0000.367] I> Loading partition bpmp-fw at 0xd7800000
[2022-03-13 10:46:50] [0000.372] I> Reading two headers - addr:0xd7800000 blocks:1
[2022-03-13 10:46:50] [0000.378] I> Addr: 0xd7800000, start-block: 58777608, num_blocks: 1
[2022-03-13 10:46:50] [0000.402] I> Binary(16) of size 534416 is loaded @ 0xd7800000
[2022-03-13 10:46:50] [0000.408] W> No valid slot number is found in scratch register
[2022-03-13 10:46:50] [0000.414] W> Return default slot: _a
[2022-03-13 10:46:50] [0000.417] I> A/B: bin_type (17) slot 0
[2022-03-13 10:46:50] [0000.421] I> Loading partition bpmp-fw-dtb at 0xd79f0000
[2022-03-13 10:46:50] [0000.426] I> Reading two headers - addr:0xd79f0000 blocks:1
[2022-03-13 10:46:50] [0000.431] I> Addr: 0xd79f0000, start-block: 58780024, num_blocks: 1
[2022-03-13 10:46:50] [0000.457] I> Binary(17) of size 604720 is loaded @ 0xd796c400
[2022-03-13 10:46:50] [0000.687] I> Loading SCE-FW ...
[2022-03-13 10:46:50] [0000.690] W> No valid slot number is found in scratch register
[2022-03-13 10:46:50] [0000.696] W> Return default slot: _a
[2022-03-13 10:46:50] [0000.699] I> A/B: bin_type (12) slot 0
[2022-03-13 10:46:50] [0000.703] I> Loading partition sce-fw at 0xd7300000
[2022-03-13 10:46:50] [0000.708] I> Reading two headers - addr:0xd7300000 blocks:1
[2022-03-13 10:46:50] [0000.713] I> Addr: 0xd7300000, start-block: 58784120, num_blocks: 1
[2022-03-13 10:46:50] [0000.732] I> Binary(12) of size 125632 is loaded @ 0xd7300000
[2022-03-13 10:46:50] [0000.738] I> Init SCE
[2022-03-13 10:46:50] [0000.740] I> Loading APE-FW ...
[2022-03-13 10:46:50] [0000.743] W> No valid slot number is found in scratch register
[2022-03-13 10:46:50] [0000.749] W> Return default slot: _a
[2022-03-13 10:46:50] [0000.752] I> A/B: bin_type (11) slot 0
[2022-03-13 10:46:50] [0000.756] I> Loading partition adsp-fw at 0xd7400000
[2022-03-13 10:46:50] [0000.761] I> Reading two headers - addr:0xd7400000 blocks:1
[2022-03-13 10:46:50] [0000.766] I> Addr: 0xd7400000, start-block: 58761224, num_blocks: 1
[2022-03-13 10:46:50] [0000.785] I> Binary(11) of size 77216 is loaded @ 0xd7400000
[2022-03-13 10:46:50] [0000.791] I> Copy BTCM section
[2022-03-13 10:46:50] [0000.794] W> No valid slot number is found in scratch register
[2022-03-13 10:46:50] [0000.800] W> Return default slot: _a
[2022-03-13 10:46:50] [0000.803] I> A/B: bin_type (13) slot 0
[2022-03-13 10:46:50] [0000.807] I> Loading partition cpu-bootloader at 0x96000000
[2022-03-13 10:46:50] [0000.812] I> Reading two headers - addr:0x96000000 blocks:1
[2022-03-13 10:46:50] [0000.818] I> Addr: 0x96000000, start-block: 58740744, num_blocks: 1
[2022-03-13 10:46:50] [0000.839] I> Binary(13) of size 308800 is loaded @ 0x96000000
[2022-03-13 10:46:50] [0000.845] W> No valid slot number is found in scratch register
[2022-03-13 10:46:50] [0000.850] W> Return default slot: _a
[2022-03-13 10:46:50] [0000.854] I> A/B: bin_type (20) slot 0
[2022-03-13 10:46:50] [0000.858] I> Loading partition bootloader-dtb at 0x85205400
[2022-03-13 10:46:50] [0000.863] I> Reading two headers - addr:0x85205400 blocks:1
[2022-03-13 10:46:50] [0000.868] I> Addr: 0x85205400, start-block: 58742792, num_blocks: 1
[2022-03-13 10:46:50] [0000.890] I> Binary(20) of size 375568 is loaded @ 0x85205400
[2022-03-13 10:46:50] [0000.896] W> No valid slot number is found in scratch register
[2022-03-13 10:46:50] [0000.902] W> Return default slot: _a
[2022-03-13 10:46:50] [0000.905] I> A/B: bin_type (14) slot 0
[2022-03-13 10:46:50] [0000.909] I> Loading partition secure-os at 0x85305600
[2022-03-13 10:46:50] [0000.914] I> Reading two headers - addr:0x85305600 blocks:1
[2022-03-13 10:46:50] [0000.919] I> Addr: 0x85305600, start-block: 58744840, num_blocks: 1
[2022-03-13 10:46:50] [0000.941] I> Binary(14) of size 402864 is loaded @ 0x85305600
[2022-03-13 10:46:50] [0000.949] I> TOS boot-params @ 0x85000000
[2022-03-13 10:46:50] [0000.953] I> TOS params prepared
[2022-03-13 10:46:50] [0000.956] I> Loading EKS ...
[2022-03-13 10:46:50] [0000.959] I> A/B: bin_type (15) slot 0
[2022-03-13 10:46:50] [0000.962] I> Loading partition eks at 0x85905800
[2022-03-13 10:46:50] [0000.967] I> Reading two headers - addr:0x85905800 blocks:1
[2022-03-13 10:46:50] [0000.972] I> Addr: 0x85905800, start-block: 58757128, num_blocks: 1
[2022-03-13 10:46:50] [0000.991] I> Binary(15) of size 1040 is loaded @ 0x85905800
[2022-03-13 10:46:50] [0000.997] I> EKB detected (length: 0x400) @ 0x85905800
[2022-03-13 10:46:50] [0001.002] I> Copied encrypted keys
[2022-03-13 10:46:50] [0001.005] I> boot profiler @ 0x275844000
[2022-03-13 10:46:50] [0001.009] I> boot profiler for TOS @ 0x275844000
[2022-03-13 10:46:50] [0001.014] I> Unhalting SCE
[2022-03-13 10:46:50] [0001.017] I> Primary Memory Start:80000000 Size:70000000
[2022-03-13 10:46:50] [0001.022] I> Extended Memory Start:f0110000 Size:1856f0000
[2022-03-13 10:46:50] [0001.029] I> MB2(TBoot-BPMP) done
[2022-03-13 10:46:50] 
[2022-03-13 10:46:50] NOTICE:  BL31: v1.3(release):b5eeb33f7
[2022-03-13 10:46:50] NOTICE:  BL31: Built : 12:15:17, Jul 26 2021
[2022-03-13 10:46:50] ipc-unittest-main: 1519: Welcome to IPC unittest!!!
[2022-03-13 10:46:50] ipc-unittest-main: 1531: waiting forever
[2022-03-13 10:46:50] ipc-unittest-srv: 329: Init unittest services!!!
[2022-03-13 10:46:50] hwkey-agent: 41: hwkey-agent is running!!
[2022-03-13 10:46:50] hwkey-agent: 315: key_mgnt_processing .......
[2022-03-13 10:46:50] hwkey-agent: 223: Setting EKB key 0 to slot 14
[2022-03-13 10:46:50] hwkey-agent: 178: Init hweky-agent services!!
[2022-03-13 10:46:50] luks-srv: 40: luks-srv is running!!
[2022-03-13 10:46:50] luks-srv: 157: Init luks-srv IPC services!!
[2022-03-13 10:46:50] platform_bootstrap_epilog: trusty bootstrap complete
[2022-03-13 10:46:51] [0001.401] I> Welcome to Cboot
[2022-03-13 10:46:51] [0001.404] I> Cboot Version: t186-00029e71
[2022-03-13 10:46:51] [0001.408] I> CPU-BL Params @ 0x275800000
[2022-03-13 10:46:51] [0001.411] I>  0) Base:0x00000000 Size:0x00000000
[2022-03-13 10:46:51] [0001.416] I>  1) Base:0x277f00000 Size:0x00100000
[2022-03-13 10:46:51] [0001.420] I>  2) Base:0x277e00000 Size:0x00100000
[2022-03-13 10:46:51] [0001.425] I>  3) Base:0x277d00000 Size:0x00100000
[2022-03-13 10:46:51] [0001.429] I>  4) Base:0x277c00000 Size:0x00100000
[2022-03-13 10:46:51] [0001.434] I>  5) Base:0x277b00000 Size:0x00100000
[2022-03-13 10:46:51] [0001.438] I>  6) Base:0x277800000 Size:0x00200000
[2022-03-13 10:46:51] [0001.443] I>  7) Base:0x277400000 Size:0x00400000
[2022-03-13 10:46:51] [0001.448] I>  8) Base:0x277a00000 Size:0x00100000
[2022-03-13 10:46:51] [0001.452] I>  9) Base:0x277300000 Size:0x00100000
[2022-03-13 10:46:51] [0001.457] I> 10) Base:0x276800000 Size:0x00800000
[2022-03-13 10:46:51] [0001.461] I> 11) Base:0x30000000 Size:0x00040000
[2022-03-13 10:46:51] [0001.465] I> 12) Base:0xf0000000 Size:0x00100000
[2022-03-13 10:46:51] [0001.470] I> 13) Base:0x30040000 Size:0x00001000
[2022-03-13 10:46:51] [0001.474] I> 14) Base:0x30048000 Size:0x00001000
[2022-03-13 10:46:51] [0001.479] I> 15) Base:0x30049000 Size:0x00001000
[2022-03-13 10:46:51] [0001.483] I> 16) Base:0x3004a000 Size:0x00001000
[2022-03-13 10:46:51] [0001.488] I> 17) Base:0x3004b000 Size:0x00001000
[2022-03-13 10:46:51] [0001.492] I> 18) Base:0x3004c000 Size:0x00001000
[2022-03-13 10:46:51] [0001.496] I> 19) Base:0x3004d000 Size:0x00001000
[2022-03-13 10:46:51] [0001.501] I> 20) Base:0x3004e000 Size:0x00001000
[2022-03-13 10:46:51] [0001.505] I> 21) Base:0x3004f000 Size:0x00001000
[2022-03-13 10:46:51] [0001.510] I> 22) Base:0x00000000 Size:0x00000000
[2022-03-13 10:46:51] [0001.514] I> 23) Base:0xf0100000 Size:0x00010000
[2022-03-13 10:46:51] [0001.519] I> 24) Base:0x00000000 Size:0x00000000
[2022-03-13 10:46:51] [0001.523] I> 25) Base:0x00000000 Size:0x00000000
[2022-03-13 10:46:51] [0001.528] I> 26) Base:0x00000000 Size:0x00000000
[2022-03-13 10:46:51] [0001.532] I> 27) Base:0x00000000 Size:0x00000000
[2022-03-13 10:46:51] [0001.536] I> 28) Base:0x84400000 Size:0x00400000
[2022-03-13 10:46:51] [0001.541] I> 29) Base:0x30000000 Size:0x00010000
[2022-03-13 10:46:51] [0001.545] I> 30) Base:0x278000000 Size:0x08000000
[2022-03-13 10:46:51] [0001.550] I> 31) Base:0x00000000 Size:0x00000000
[2022-03-13 10:46:51] [0001.554] I> 32) Base:0x276000000 Size:0x00600000
[2022-03-13 10:46:51] [0001.559] I> 33) Base:0x80000000 Size:0x70000000
[2022-03-13 10:46:51] [0001.563] I> 34) Base:0xf0110000 Size:0x1856f0000
[2022-03-13 10:46:51] [0001.568] I> 35) Base:0x00000000 Size:0x00000000
[2022-03-13 10:46:51] [0001.572] I> 36) Base:0x00000000 Size:0x00000000
[2022-03-13 10:46:51] [0001.577] I> 37) Base:0x2772e0000 Size:0x00020000
[2022-03-13 10:46:51] [0001.581] I> 38) Base:0x84000000 Size:0x00400000
[2022-03-13 10:46:51] [0001.585] I> 39) Base:0x96000000 Size:0x02000000
[2022-03-13 10:46:51] [0001.590] I> 40) Base:0x85000000 Size:0x01200000
[2022-03-13 10:46:51] [0001.594] I> 41) Base:0x275800000 Size:0x00500000
[2022-03-13 10:46:51] [0001.599] I> 42) Base:0x00000000 Size:0x00000000
[2022-03-13 10:46:51] [0001.603] I> 43) Base:0x00000000 Size:0x00000000
[2022-03-13 10:46:51] [0001.608] GIC-SPI Target CPU: 4
[2022-03-13 10:46:51] [0001.611] Interrupts Init done
[2022-03-13 10:46:51] [0001.614] calling constructors
[2022-03-13 10:46:51] [0001.617] initializing heap
[2022-03-13 10:46:51] [0001.620] initializing threads
[2022-03-13 10:46:51] [0001.623] initializing timers
[2022-03-13 10:46:51] [0001.626] creating bootstrap completion thread
[2022-03-13 10:46:51] [0001.631] top of bootstrap2()
[2022-03-13 10:46:51] [0001.634] CPU: ARM Cortex A57
[2022-03-13 10:46:51] [0001.637] CPU: MIDR: 0x411FD073, MPIDR: 0x80000100
[2022-03-13 10:46:51] [0001.642] initializing platform
[2022-03-13 10:46:51] [0001.646] I> Bl_dtb @0x85205400
[2022-03-13 10:46:51] [0001.649] I> gpio framework initialized
[2022-03-13 10:46:51] [0001.655] I> tegrabl_gpio_driver_register: register 'nvidia,tegra186-gpio' driver
[2022-03-13 10:46:51] [0001.665] I> tegrabl_gpio_driver_register: register 'nvidia,tegra186-gpio-aon' driver
[2022-03-13 10:46:51] [0001.673] I> GPIO framework and drivers are initialized.
[2022-03-13 10:46:51] [0001.678] I> Boot-device: eMMC
[2022-03-13 10:46:51] [0001.685] I> sdmmc bdev is already initialized
[2022-03-13 10:46:51] [0001.716] I> Found 19 partitions in SDMMC_BOOT (instance 3)
[2022-03-13 10:46:51] [0001.734] I> Found 33 partitions in SDMMC_USER (instance 3)
[2022-03-13 10:46:51] [0001.739] W> opt-in fuse is not set, skip fuse_burning
[2022-03-13 10:46:51] [0001.744] I> Reserved memory at 0xfbe00000 for U-Boot relocation
[2022-03-13 10:46:51] [0001.750] W> No valid slot number is found in scratch register
[2022-03-13 10:46:51] [0001.755] W> Return default slot: _a
[2022-03-13 10:46:51] [0001.765] I> A/B: bin_type (21) slot 0
[2022-03-13 10:46:51] [0001.768] I> Loading kernel-dtb from partition
[2022-03-13 10:46:51] [0001.773] I> Loading partition kernel-dtb at 0x80000000 from device(0x1)
[2022-03-13 10:46:51] [0001.790] I> Kernel_dtb @0x80000000
[2022-03-13 10:46:51] [0001.793] I> tegrabl_tca9539_init: i2c bus: 0, slave addr: 0xee
[2022-03-13 10:46:51] [0001.804] I> tegrabl_gpio_driver_register: register 'tca9539_gpio_driver' driver
[2022-03-13 10:46:51] [0001.811] I> tegrabl_tca9539_init: i2c bus: 0, slave addr: 0xe8
[2022-03-13 10:46:51] [0001.820] I> tegrabl_gpio_driver_register: register 'tca9539_gpio_driver' driver
[2022-03-13 10:46:51] [0001.830] I> fixed regulator driver initialized
[2022-03-13 10:46:51] [0001.863] I> register 'maxim' power off handle
[2022-03-13 10:46:51] [0001.870] I> virtual i2c enabled
[2022-03-13 10:46:51] [0001.873] I> registered 'maxim,max77620' pmic
[2022-03-13 10:46:51] [0001.877] I> tegrabl_gpio_driver_register: register 'max77620-gpio' driver
[2022-03-13 10:46:51] [0001.891] E> failed to read label property for node 324936: 13
[2022-03-13 10:46:51] [0001.899] E> failed to read reg property for node 325032: 13
[2022-03-13 10:46:51] [0001.908] E> failed to read reg property for node 325084: 13
[2022-03-13 10:46:51] [0001.916] E> failed to read label property for node 325168: 13
[2022-03-13 10:46:51] [0001.924] E> failed to read label property for node 325236: 13
[2022-03-13 10:46:51] [0001.933] E> failed to read reg property for node 325304: 13
[2022-03-13 10:46:51] [0001.941] E> failed to read reg property for node 325376: 13
[2022-03-13 10:46:51] [0001.951] I> Find /i2c@c250000's alias i2c7
[2022-03-13 10:46:51] [0001.955] I> Reading eeprom i2c=7 address=0x50
[2022-03-13 10:46:51] [0001.985] I> Device at /i2c@c250000:0x50
[2022-03-13 10:46:51] [0001.988] I> Reading eeprom i2c=7 address=0x57
[2022-03-13 10:46:51] [0002.017] I> Device at /i2c@c250000:0x57
[2022-03-13 10:46:51] [0002.021] I> Find /i2c@c240000's alias i2c1
[2022-03-13 10:46:51] [0002.025] I> Reading eeprom i2c=1 address=0x51
[2022-03-13 10:46:51] [0002.031] E> I2C: slave not found in slaves.
[2022-03-13 10:46:51] [0002.035] E> I2C: Could not write 0 bytes to slave: 0x00a2 with repeat start true.
[2022-03-13 10:46:51] [0002.042] E> I2C_DEV: Failed to send register address 0x00000000.
[2022-03-13 10:46:51] [0002.048] E> I2C_DEV: Could not read 256 registers of size 1 from slave 0xa2 at 0x00000000 via instance 1.
[2022-03-13 10:46:51] [0002.058] E> eeprom: Retry to read I2C slave device.
[2022-03-13 10:46:51] [0002.063] E> I2C: slave not found in slaves.
[2022-03-13 10:46:51] [0002.067] E> I2C: Could not write 0 bytes to slave: 0x00a2 with repeat start true.
[2022-03-13 10:46:51] [0002.074] E> I2C_DEV: Failed to send register address 0x00000000.
[2022-03-13 10:46:51] [0002.080] E> I2C_DEV: Could not read 256 registers of size 1 from slave 0xa2 at 0x00000000 via instance 1.
[2022-03-13 10:46:51] [0002.090] E> eeprom: Failed to read I2C slave device
[2022-03-13 10:46:51] [0002.095] I> Eeprom read failed 0x3526070d
[2022-03-13 10:46:51] [0002.099] I> Find /i2c@3160000's alias i2c0
[2022-03-13 10:46:51] [0002.103] I> Reading eeprom i2c=0 address=0x50
[2022-03-13 10:46:51] [0002.107] E> I2C: slave not found in slaves.
[2022-03-13 10:46:51] [0002.112] E> I2C: Could not write 0 bytes to slave: 0x00a0 with repeat start true.
[2022-03-13 10:46:51] [0002.119] E> I2C_DEV: Failed to send register address 0x00000000.
[2022-03-13 10:46:51] [0002.125] E> I2C_DEV: Could not read 256 registers of size 1 from slave 0xa0 at 0x00000000 via instance 0.
[2022-03-13 10:46:52] [0002.135] E> eeprom: Failed to read I2C slave device
[2022-03-13 10:46:52] [0002.139] I> Eeprom read failed 0x3526070d
[2022-03-13 10:46:52] [0002.144] I> Find /i2c@3180000's alias i2c2
[2022-03-13 10:46:52] [0002.148] I> Reading eeprom i2c=2 address=0x54
[2022-03-13 10:46:52] [0002.152] I> Enabling gpio chip_id = 2, gpio pin = 9
[2022-03-13 10:46:52] [0002.183] I> Disabling gpio chip_id = 2, gpio pin = 9
[2022-03-13 10:46:52] [0002.188] I> Device at /i2c@3180000:0x54
[2022-03-13 10:46:52] [0002.192] I> Reading eeprom i2c=2 address=0x57
[2022-03-13 10:46:52] [0002.196] I> Enabling gpio chip_id = 2, gpio pin = 9
[2022-03-13 10:46:52] [0002.202] E> I2C: slave not found in slaves.
[2022-03-13 10:46:52] [0002.206] E> I2C: Could not write 0 bytes to slave: 0x00ae with repeat start true.
[2022-03-13 10:46:52] [0002.214] E> I2C_DEV: Failed to send register address 0x00000000.
[2022-03-13 10:46:52] [0002.220] E> I2C_DEV: Could not read 256 registers of size 1 from slave 0xae at 0x00000000 via instance 2.
[2022-03-13 10:46:52] [0002.229] E> eeprom: Failed to read I2C slave device
[2022-03-13 10:46:52] [0002.234] I> Disabling gpio chip_id = 2, gpio pin = 9
[2022-03-13 10:46:52] [0002.239] I> Eeprom read failed 0x00000000
[2022-03-13 10:46:52] [0002.243] I> create_pm_ids: id: 3310-1000-D00-L, len: 15
[2022-03-13 10:46:52] [0002.248] I> config: mem-type:00,power-config:00,misc-config:00,modem-config:00,touch-config:00,display-config:00,, len: 93
[2022-03-13 10:46:52] [0002.259] I> create_pm_ids: id: 2597-0000-900-E, len: 15
[2022-03-13 10:46:52] [0002.264] I> config: mem-type:00,power-config:00,misc-config:00,modem-config:00,touch-config:00,display-config:00,, len: 93
[2022-03-13 10:46:52] [0002.275] I> create_pm_ids: id: 3326-1000-000-M, len: 15
[2022-03-13 10:46:52] [0002.280] I> config: mem-type:ff,power-config:ff,misc-config:ff,modem-config:ff,touch-config:ff,display-config:ff,, len: 93
[2022-03-13 10:46:52] [0002.315] I> enabling 'vdd-hdmi' regulator
[2022-03-13 10:46:52] [0002.331] I> regulator 'vdd-hdmi' already enabled
[2022-03-13 10:46:52] [0002.335] E> tegrabl_display_init_regulator: hdmi cable is not connected
[2022-03-13 10:46:52] [0002.342] E> tegrabl_display_get_pdata, failed to parse dtb settings
[2022-03-13 10:46:52] [0002.351] E> cannot find any other nvdisp nodes
[2022-03-13 10:46:52] [0002.355] E> no valid display unit config found in dtb
[2022-03-13 10:46:52] [0002.361] W> display init failed
[2022-03-13 10:46:52] [0002.364] initializing target
[2022-03-13 10:46:52] [0002.367] calling apps_init()
[2022-03-13 10:46:52] [0002.370] starting app kernel_boot_app
[2022-03-13 10:46:52] [0002.392] I> found decompressor handler: lz4-legacy
[2022-03-13 10:46:52] [0002.397] I> decompressing BMP blob ...
[2022-03-13 10:46:52] [0002.409] I> Kernel type = Normal
[2022-03-13 10:46:52] [0002.412] I> ########## Fixed storage boot ##########
[2022-03-13 10:46:52] [0002.417] I> Loading kernel-bootctrl from partition
[2022-03-13 10:46:52] [0002.422] I> Loading partition kernel-bootctrl at 0xa8000000 from device(0x1)
[2022-03-13 10:46:52] [0002.436] W> tegrabl_get_kernel_bootctrl: magic number(0x00000000) is invalid
[2022-03-13 10:46:52] [0002.443] W> tegrabl_get_kernel_bootctrl: use default dummy boot control data
[2022-03-13 10:46:52] [0002.450] W> No valid slot number is found in scratch register
[2022-03-13 10:46:52] [0002.456] W> Return default slot: _a
[2022-03-13 10:46:52] [0002.459] I> A/B: bin_type (24) slot 0
[2022-03-13 10:46:52] [0002.475] I> Boot image size read from image header: 9913d
[2022-03-13 10:46:52] [0002.480] I> Boot image load address: 0x80400000
[2022-03-13 10:46:52] [0002.484] I> Loading kernel from partition
[2022-03-13 10:46:52] [0002.488] I> Loading partition kernel at 0x80400000 from device(0x1)
[2022-03-13 10:46:53] [0003.431] I> Validate kernel ...
[2022-03-13 10:46:53] [0003.434] I> T18x: Authenticate kernel (bin_type 24), max size 0x4000000
[2022-03-13 10:46:53] [0003.442] I> Decrypt the buffer ... [0003.445] W> tegrabl_decrypt_block: fuse (0x0) is not burnt to do encryption (0x4); skip decryption.
[2022-03-13 10:46:53] [0003.454] I> done
[2022-03-13 10:46:53] [0003.456] I> Checking boot.img header magic ... [0003.460] I> [OK]
[2022-03-13 10:46:53] [0003.462] I> kernel-dtb is already loaded
[2022-03-13 10:46:53] [0003.465] I> Validate kernel-dtb ...
[2022-03-13 10:46:53] [0003.469] I> T18x: Authenticate kernel-dtb (bin_type 21), max size 0x100000
[2022-03-13 10:46:53] [0003.476] I> Decrypt the buffer ... [0003.480] W> tegrabl_decrypt_block: fuse (0x0) is not burnt to do encryption (0x4); skip decryption.
[2022-03-13 10:46:53] [0003.489] I> done
[2022-03-13 10:46:53] [0003.490] I> Kernel hdr @0x80400000
[2022-03-13 10:46:53] [0003.494] I> Kernel dtb @0x80000000
[2022-03-13 10:46:53] [0003.497] I> decompressor handler not found
[2022-03-13 10:46:53] [0003.501] I> Copying kernel image (627005 bytes) from 0x80400800 to 0x80600000 ... [0003.509] I> Done
[2022-03-13 10:46:53] [0003.510] I> Move ramdisk (len: 0) from 0x8049a000 to 0x947d0000
[2022-03-13 10:46:53] [0003.518] I> Updated bpmp info to DTB
[2022-03-13 10:46:53] [0003.524] I> Ramdisk: Base: 0x947d0000; Size: 0x0
[2022-03-13 10:46:53] [0003.528] I> Updated initrd info to DTB
[2022-03-13 10:46:53] [0003.532] W> WARN: Fail to override "console=none" in commandline
[2022-03-13 10:46:53] [0003.538] I> Active rootfs suffix: 
[2022-03-13 10:46:53] [0003.541] E> tegrabl_linuxboot_add_disp_param, du 0 failed to get display params
[2022-03-13 10:46:53] [0003.548] E> tegrabl_linuxboot_add_disp_param, du 0 failed to get display params
[2022-03-13 10:46:53] [0003.556] E> tegrabl_linuxboot_add_disp_param, du 0 failed to get display params
[2022-03-13 10:46:53] [0003.563] I> disabled_core_mask: 0xffffff0c
[2022-03-13 10:46:53] [0003.567] W> No valid slot number is found in scratch register
[2022-03-13 10:46:53] [0003.573] W> Return default slot: _a
[2022-03-13 10:46:53] [0003.576] I> Active slot suffix: 
[2022-03-13 10:46:53] [0003.579] I> add_boot_slot_suffix: slot_suffix = 
[2022-03-13 10:46:53] [0003.584] I> Linux Cmdline: console=ttyS0,115200 androidboot.presilicon=true firmware_class.path=/etc/firmware root=/dev/mmcblk0p1 rw rootwait rootfstype=ext4 console=ttyS0,115200n8 console=tty0 fbcon=map:0 net.ifnames=0 isolcpus=1-2  video=tegrafb earlycon=uart8250,mmio32,0x3100000 nvdumper_reserved=0x2772e0000 gpt rootfs.slot_suffix= usbcore.old_scheme_first=1 tegraid=18.1.2.0.0 maxcpus=6 no_console_suspend boot.slot_suffix= boot.ratchetvalues=0.2031647.1 vpr_resize bl_prof_dataptr=0x10000@0x275840000 sdhci_tegra.en_boot_part_access=1 
[2022-03-13 10:46:53] [0003.631] I> Updated bootarg info to DTB
[2022-03-13 10:46:53] [0003.635] I> eeprom_get_mac_addr: MAC (type: 0): 48:b0:2d:0f:11:c5
[2022-03-13 10:46:53] [0003.641] I> eeprom_get_mac_addr: MAC (type: 1): 48:b0:2d:0f:11:c6
[2022-03-13 10:46:53] [0003.647] I> eeprom_get_mac_addr: MAC (type: 2): 48:b0:2d:0f:11:c7
[2022-03-13 10:46:53] [0003.654] E> Found no plugin manager ids in source DT
[2022-03-13 10:46:53] [0003.658] W> Add plugin manager ids from board info
[2022-03-13 10:46:53] [0003.663] W> "plugin-manager" doesn't exist, creating
[2022-03-13 10:46:53] [0003.668] W> "ids" doesn't exist, creating
[2022-03-13 10:46:53] [0003.672] W> "connection" doesn't exist, creating
[2022-03-13 10:46:53] [0003.677] W> "configs" doesn't exist, creating
[2022-03-13 10:46:53] [0003.681] I> create_pm_ids: id: 3310-1000-D00-L, len: 15
[2022-03-13 10:46:53] [0003.686] I> config: mem-type:00,power-config:00,misc-config:00,modem-config:00,touch-config:00,display-config:00,, len: 93
[2022-03-13 10:46:53] [0003.697] I> create_pm_ids: id: 2597-0000-900-E, len: 15
[2022-03-13 10:46:53] [0003.702] I> config: mem-type:00,power-config:00,misc-config:00,modem-config:00,touch-config:00,display-config:00,, len: 93
[2022-03-13 10:46:53] [0003.713] I> create_pm_ids: id: 3326-1000-000-M, len: 15
[2022-03-13 10:46:53] [0003.718] I> config: mem-type:ff,power-config:ff,misc-config:ff,modem-config:ff,touch-config:ff,display-config:ff,, len: 93
[2022-03-13 10:46:53] [0003.729] I> Adding plugin-manager/ids/3310-1000-D00=/i2c@c250000:module@0x50
[2022-03-13 10:46:53] [0003.736] W> "i2c@c250000" doesn't exist, creating
[2022-03-13 10:46:53] [0003.741] W> "module@0x50" doesn't exist, creating
[2022-03-13 10:46:53] [0003.746] I> Adding plugin-manager/ids/2597-0000-900=/i2c@c250000:module@0x57
[2022-03-13 10:46:53] [0003.753] W> "module@0x57" doesn't exist, creating
[2022-03-13 10:46:53] [0003.758] I> Adding plugin-manager/ids/3326-1000-000=/i2c@3180000:module@0x54
[2022-03-13 10:46:53] [0003.765] W> "i2c@3180000" doesn't exist, creating
[2022-03-13 10:46:53] [0003.770] W> "module@0x54" doesn't exist, creating
[2022-03-13 10:46:53] [0003.777] I> Adding plugin-manager/ids/3310-1000-D00-L
[2022-03-13 10:46:53] [0003.784] I> Adding plugin-manager/configs/3310-mem-type 00
[2022-03-13 10:46:53] [0003.790] I> Adding plugin-manager/configs/3310-power-config 00
[2022-03-13 10:46:53] [0003.796] I> Adding plugin-manager/configs/3310-misc-config 00
[2022-03-13 10:46:53] [0003.802] I> Adding plugin-manager/configs/3310-modem-config 00
[2022-03-13 10:46:53] [0003.807] I> Adding plugin-manager/configs/3310-touch-config 00
[2022-03-13 10:46:53] [0003.813] I> Adding plugin-manager/configs/3310-display-config 00
[2022-03-13 10:46:53] [0003.820] I> Adding plugin-manager/cvm
[2022-03-13 10:46:53] [0003.824] W> "chip-id" doesn't exist, creating
[2022-03-13 10:46:53] [0003.828] I> Adding plugin-manager/chip-id/A02P
[2022-03-13 10:46:53] [0003.832] W> "odm-data" doesn't exist, creating
[2022-03-13 10:46:53] [0003.837] I> Adding /chosen/plugin-manager/odm-data
[2022-03-13 10:46:53] [0003.847] I> added [base:0x80000000, size:0x70000000] to /memory
[2022-03-13 10:46:53] [0003.853] I> added [base:0xf0200000, size:0x185600000] to /memory
[2022-03-13 10:46:53] [0003.859] I> added [base:0x275e00000, size:0x200000] to /memory
[2022-03-13 10:46:53] [0003.864] I> added [base:0x276600000, size:0x200000] to /memory
[2022-03-13 10:46:53] [0003.870] I> added [base:0x277000000, size:0x200000] to /memory
[2022-03-13 10:46:53] [0003.876] I> Updated memory info to DTB
[2022-03-13 10:46:53] [0003.880] E> add_disp_param: failed to get display params for du=0
[2022-03-13 10:46:53] [0003.888] W> "reset" doesn't exist, creating
[2022-03-13 10:46:53] [0003.892] W> "pmc-reset-reason" doesn't exist, creating
[2022-03-13 10:46:53] [0003.898] W> "pmic-reset-reason" doesn't exist, creating
[2022-03-13 10:46:53] [0003.904] I> Adding ecid(00000001646db7851000000013038200) to DT
[2022-03-13 10:46:53] [0003.910] I> disabled_core_mask: 0xffffff0c
[2022-03-13 10:46:53] [0003.923] I> Add serial number:1422420022173 as DT property
[2022-03-13 10:46:53] [0003.932] I> Plugin-manager override starting
[2022-03-13 10:46:53] [0003.938] I> node /plugin-manager/fragement@0 matches
[2022-03-13 10:46:53] [0003.948] I> node /plugin-manager/fragement@4 matches
[2022-03-13 10:46:53] [0003.961] I> node /plugin-manager/fragment-sdwake-p3310-1000-300 matches
[2022-03-13 10:46:53] [0003.981] I> node /plugin-manager/fragement-pmon-p3310-1000-300 matches
[2022-03-13 10:46:53] [0003.990] I> node /plugin-manager/fragement-pmon-p3310-1000-800 matches
[2022-03-13 10:46:53] [0003.999] I> node /plugin-manager/fragment-devslp@0 matches
[2022-03-13 10:46:53] [0004.012] I> node /plugin-manager/fragment-500-pcie-config matches
[2022-03-13 10:46:53] [0004.026] I> node /plugin-manager/fragment-500-xusb-config matches
[2022-03-13 10:46:53] [0004.049] I> node /plugin-manager/fragment-p3310-c00-comm matches
[2022-03-13 10:46:53] [0004.063] I> node /plugin-manager/fragment-p3310-c00-pmic matches
[2022-03-13 10:46:53] [0004.074] I> node /plugin-manager/fragment-p3310-c01 matches
[2022-03-13 10:46:53] [0004.087] I> node /plugin-manager/fragment-p3310-c03 matches
[2022-03-13 10:46:54] [0004.129] I> node /plugin-manager/fragment-e3326@0 matches
[2022-03-13 10:46:54] [0004.211] I> node /plugin-manager/fragment-p3310-c00-camera matches
[2022-03-13 10:46:54] [0004.238] I> Disable plugin-manager status in FDT
[2022-03-13 10:46:54] [0004.243] I> Plugin-manager override finished successfully
[2022-03-13 10:46:54] [0004.248] I> tegrabl_load_kernel_and_dtb: Done
[2022-03-13 10:46:54] [0004.252] E> tegrabl_display_clear: display is not initialized
[2022-03-13 10:46:54] [0004.258] W> Boot logo display failed...
[2022-03-13 10:46:54] [0004.262] I> Kernel EP: 0x80600000, DTB: 0x80000000
[2022-03-13 10:46:54] 
[2022-03-13 10:46:54] 
[2022-03-13 10:46:54] U-Boot 2020.04-g46e4604c78 (Jul 26 2021 - 12:10:58 -0700)
[2022-03-13 10:46:54] 
[2022-03-13 10:46:54] SoC: tegra186
[2022-03-13 10:46:54] Model: NVIDIA P2771-0000-500
[2022-03-13 10:46:54] Board: NVIDIA P2771-0000
[2022-03-13 10:46:54] DRAM:  7.8 GiB
[2022-03-13 10:46:54] MMC:   sdhci@3400000: 1, sdhci@3460000: 0
[2022-03-13 10:46:54] Loading Environment from MMC... *** Warning - bad CRC, using default environment
[2022-03-13 10:46:54] 
[2022-03-13 10:46:54] In:    serial
[2022-03-13 10:46:54] Out:   serial
[2022-03-13 10:46:54] Err:   serial
[2022-03-13 10:46:54] Net:   
[2022-03-13 10:46:54] Warning: ethernet@2490000 using MAC address from ROM
[2022-03-13 10:46:54] eth0: ethernet@2490000
[2022-03-13 10:46:54] Hit any key to stop autoboot:  2  1  0 
[2022-03-13 10:46:56] MMC: no card present
[2022-03-13 10:46:56] switch to partitions #0, OK
[2022-03-13 10:46:56] mmc0(part 0) is current device
[2022-03-13 10:46:56] Scanning mmc 0:1...
[2022-03-13 10:46:56] Found /boot/extlinux/extlinux.conf
[2022-03-13 10:46:56] Retrieving file: /boot/extlinux/extlinux.conf
[2022-03-13 10:46:56] 858 bytes read in 23 ms (36.1 KiB/s)
[2022-03-13 10:46:56] 1:	primary kernel
[2022-03-13 10:46:56] Retrieving file: /boot/initrd
[2022-03-13 10:46:57] 7238344 bytes read in 201 ms (34.3 MiB/s)
[2022-03-13 10:46:57] Retrieving file: /boot/Image
[2022-03-13 10:46:58] 34484232 bytes read in 829 ms (39.7 MiB/s)
[2022-03-13 10:46:58] append: console=ttyS0,115200 androidboot.presilicon=true firmware_class.path=/etc/firmware root=/dev/mmcblk0p1 rw rootwait rootfstype=ext4 console=ttyS0,115200n8 console=tty0 fbcon=map:0 net.ifnames=0 isolcpus=1-2  video=tegrafb earlycon=uart8250,mmio32,0x3100000 nvdumper_reserved=0x2772e0000 gpt rootfs.slot_suffix= usbcore.old_scheme_first=1 tegraid=18.1.2.0.0 maxcpus=6 no_console_suspend boot.slot_suffix= boot.ratchetvalues=0.2031647.1 vpr_resize bl_prof_dataptr=0x10000@0x275840000 sdhci_tegra.en_boot_part_access=1 quiet root=/dev/mmcblk0p1 rw rootwait rootfstype=ext4 console=ttyS0,115200n8 console=tty0 fbcon=map:0 net.ifnames=0 isolcpus=1-2 
[2022-03-13 10:46:58] ## Flattened Device Tree blob at 80000000
[2022-03-13 10:46:58]    Booting using the fdt blob at 0x80000000
[2022-03-13 10:46:58] ERROR: reserving fdt memory region failed (addr=0 size=0)
[2022-03-13 10:46:58] ERROR: reserving fdt memory region failed (addr=0 size=0)
[2022-03-13 10:46:58] ERROR: reserving fdt memory region failed (addr=0 size=0)
[2022-03-13 10:46:58]    Using Device Tree in place at 0000000080000000, end 0000000080060aa3
[2022-03-13 10:46:58] copying carveout for /host1x@13e00000/display-hub@15200000/display@15200000...
[2022-03-13 10:46:58] copying carveout for /host1x@13e00000/display-hub@15200000/display@15210000...
[2022-03-13 10:46:58] copying carveout for /host1x@13e00000/display-hub@15200000/display@15220000...
[2022-03-13 10:46:58] 
[2022-03-13 10:46:58] Starting kernel ...
[2022-03-13 10:46:58] 
[2022-03-13 10:46:58] [    0.000000] Booting Linux on physical CPU 0x100
[2022-03-13 10:46:58] [    0.000000] Linux version 4.9.253-tegra (buildbrain@mobile-u64-5497-d3000) (gcc version 7.3.1 20180425 [linaro-7.3-2018.05 revision d29120a424ecfbc167ef90065c0eeb7f91977701] (Linaro GCC 7.3-2018.05) ) #1 SMP PREEMPT Mon Jul 26 12:19:28 PDT 2021
[2022-03-13 10:46:58] [    0.000000] Boot CPU: AArch64 Processor [411fd073]
[2022-03-13 10:46:58] [    0.000000] OF: fdt:memory scan node memory@80000000, reg size 80,
[2022-03-13 10:46:58] [    0.000000] OF: fdt: - 80000000 ,  70000000
[2022-03-13 10:46:58] [    0.000000] OF: fdt: - f0200000 ,  185600000
[2022-03-13 10:46:58] [    0.000000] OF: fdt: - 275e00000 ,  200000
[2022-03-13 10:46:58] [    0.000000] OF: fdt: - 276600000 ,  200000
[2022-03-13 10:46:58] [    0.000000] OF: fdt: - 277000000 ,  200000
[2022-03-13 10:46:58] [    0.000000] earlycon: uart8250 at MMIO32 0x0000000003100000 (options '')
[2022-03-13 10:46:58] [    0.000000] bootconsole [uart8250] enabled
[2022-03-13 10:47:30] [0000.168] I> Welcome to MB2(TBoot-BPMP)(version: 01.00.160913-t186-M-00.00-mobile-c368a720)
[2022-03-13 10:47:30] [0000.177] I> Boot-device: eMMC
[2022-03-13 10:47:30] [0000.184] I> sdmmc bdev is already initialized
[2022-03-13 10:47:30] [0000.189] I> pmic: reset reason (nverc)	: 0x0
[2022-03-13 10:47:30] [0000.222] I> Found 19 partitions in SDMMC_BOOT (instance 3)
[2022-03-13 10:47:30] [0000.241] I> Found 33 partitions in SDMMC_USER (instance 3)
[2022-03-13 10:47:30] [0000.247] W> No valid slot number is found in scratch register
[2022-03-13 10:47:30] [0000.253] W> Return default slot: _a
[2022-03-13 10:47:30] [0000.256] I> A/B: bin_type (16) slot 0
[2022-03-13 10:47:30] [0000.260] I> Loading partition bpmp-fw at 0xd7800000
[2022-03-13 10:47:30] [0000.265] I> Reading two headers - addr:0xd7800000 blocks:1
[2022-03-13 10:47:30] [0000.270] I> Addr: 0xd7800000, start-block: 58777608, num_blocks: 1
[2022-03-13 10:47:30] [0000.295] I> Binary(16) of size 534416 is loaded @ 0xd7800000
[2022-03-13 10:47:30] [0000.301] W> No valid slot number is found in scratch register
[2022-03-13 10:47:30] [0000.307] W> Return default slot: _a
[2022-03-13 10:47:30] [0000.310] I> A/B: bin_type (17) slot 0
[2022-03-13 10:47:30] [0000.314] I> Loading partition bpmp-fw-dtb at 0xd79f0000
[2022-03-13 10:47:30] [0000.319] I> Reading two headers - addr:0xd79f0000 blocks:1
[2022-03-13 10:47:30] [0000.324] I> Addr: 0xd79f0000, start-block: 58780024, num_blocks: 1
[2022-03-13 10:47:30] [0000.350] I> Binary(17) of size 604720 is loaded @ 0xd796c400
[2022-03-13 10:47:30] [0000.578] I> Loading SCE-FW ...
[2022-03-13 10:47:30] [0000.581] W> No valid slot number is found in scratch register
[2022-03-13 10:47:30] [0000.587] W> Return default slot: _a
[2022-03-13 10:47:30] [0000.591] I> A/B: bin_type (12) slot 0
[2022-03-13 10:47:30] [0000.594] I> Loading partition sce-fw at 0xd7300000
[2022-03-13 10:47:30] [0000.599] I> Reading two headers - addr:0xd7300000 blocks:1
[2022-03-13 10:47:30] [0000.604] I> Addr: 0xd7300000, start-block: 58784120, num_blocks: 1
[2022-03-13 10:47:30] [0000.624] I> Binary(12) of size 125632 is loaded @ 0xd7300000
[2022-03-13 10:47:30] [0000.629] I> Init SCE
[2022-03-13 10:47:30] [0000.632] I> Loading APE-FW ...
[2022-03-13 10:47:30] [0000.635] W> No valid slot number is found in scratch register
[2022-03-13 10:47:30] [0000.640] W> Return default slot: _a
[2022-03-13 10:47:30] [0000.644] I> A/B: bin_type (11) slot 0
[2022-03-13 10:47:30] [0000.647] I> Loading partition adsp-fw at 0xd7400000
[2022-03-13 10:47:30] [0000.652] I> Reading two headers - addr:0xd7400000 blocks:1
[2022-03-13 10:47:30] [0000.658] I> Addr: 0xd7400000, start-block: 58761224, num_blocks: 1
[2022-03-13 10:47:30] [0000.677] I> Binary(11) of size 77216 is loaded @ 0xd7400000
[2022-03-13 10:47:30] [0000.682] I> Copy BTCM section
[2022-03-13 10:47:30] [0000.685] W> No valid slot number is found in scratch register
[2022-03-13 10:47:30] [0000.691] W> Return default slot: _a
[2022-03-13 10:47:30] [0000.694] I> A/B: bin_type (13) slot 0
[2022-03-13 10:47:30] [0000.698] I> Loading partition cpu-bootloader at 0x96000000
[2022-03-13 10:47:30] [0000.704] I> Reading two headers - addr:0x96000000 blocks:1
[2022-03-13 10:47:30] [0000.709] I> Addr: 0x96000000, start-block: 58740744, num_blocks: 1
[2022-03-13 10:47:30] [0000.730] I> Binary(13) of size 308800 is loaded @ 0x96000000
[2022-03-13 10:47:30] [0000.736] W> No valid slot number is found in scratch register
[2022-03-13 10:47:30] [0000.741] W> Return default slot: _a
[2022-03-13 10:47:30] [0000.745] I> A/B: bin_type (20) slot 0
[2022-03-13 10:47:30] [0000.748] I> Loading partition bootloader-dtb at 0x85205400
[2022-03-13 10:47:30] [0000.754] I> Reading two headers - addr:0x85205400 blocks:1
[2022-03-13 10:47:30] [0000.759] I> Addr: 0x85205400, start-block: 58742792, num_blocks: 1
[2022-03-13 10:47:30] [0000.781] I> Binary(20) of size 375568 is loaded @ 0x85205400
[2022-03-13 10:47:30] [0000.787] W> No valid slot number is found in scratch register
[2022-03-13 10:47:30] [0000.793] W> Return default slot: _a
[2022-03-13 10:47:30] [0000.796] I> A/B: bin_type (14) slot 0
[2022-03-13 10:47:30] [0000.800] I> Loading partition secure-os at 0x85305600
[2022-03-13 10:47:30] [0000.805] I> Reading two headers - addr:0x85305600 blocks:1
[2022-03-13 10:47:30] [0000.810] I> Addr: 0x85305600, start-block: 58744840, num_blocks: 1
[2022-03-13 10:47:30] [0000.832] I> Binary(14) of size 402864 is loaded @ 0x85305600
[2022-03-13 10:47:30] [0000.840] I> TOS boot-params @ 0x85000000
[2022-03-13 10:47:30] [0000.844] I> TOS params prepared
[2022-03-13 10:47:30] [0000.847] I> Loading EKS ...
[2022-03-13 10:47:30] [0000.849] I> A/B: bin_type (15) slot 0
[2022-03-13 10:47:30] [0000.853] I> Loading partition eks at 0x85905800
[2022-03-13 10:47:30] [0000.858] I> Reading two headers - addr:0x85905800 blocks:1
[2022-03-13 10:47:30] [0000.863] I> Addr: 0x85905800, start-block: 58757128, num_blocks: 1
[2022-03-13 10:47:30] [0000.882] I> Binary(15) of size 1040 is loaded @ 0x85905800
[2022-03-13 10:47:30] [0000.887] I> EKB detected (length: 0x400) @ 0x85905800
[2022-03-13 10:47:30] [0000.892] I> Copied encrypted keys
[2022-03-13 10:47:30] [0000.896] I> boot profiler @ 0x275844000
[2022-03-13 10:47:30] [0000.900] I> boot profiler for TOS @ 0x275844000
[2022-03-13 10:47:30] [0000.905] I> Unhalting SCE
[2022-03-13 10:47:30] [0000.907] I> Primary Memory Start:80000000 Size:70000000
[2022-03-13 10:47:30] [0000.913] I> Extended Memory Start:f0110000 Size:1856f0000
[2022-03-13 10:47:30] [0000.919] I> MB2(TBoot-BPMP) done
[2022-03-13 10:47:30] 
[2022-03-13 10:47:30] NOTICE:  BL31: v1.3(release):b5eeb33f7
[2022-03-13 10:47:30] NOTICE:  BL31: Built : 12:15:17, Jul 26 2021
[2022-03-13 10:47:30] ipc-unittest-main: 1519: Welcome to IPC unittest!!!
[2022-03-13 10:47:30] ipc-unittest-main: 1531: waiting forever
[2022-03-13 10:47:30] ipc-unittest-srv: 329: Init unittest services!!!
[2022-03-13 10:47:30] hwkey-agent: 41: hwkey-agent is running!!
[2022-03-13 10:47:30] hwkey-agent: 315: key_mgnt_processing .......
[2022-03-13 10:47:30] hwkey-agent: 223: Setting EKB key 0 to slot 14
[2022-03-13 10:47:30] hwkey-agent: 178: Init hweky-agent services!!
[2022-03-13 10:47:30] luks-srv: 40: luks-srv is running!!
[2022-03-13 10:47:30] luks-srv: 157: Init luks-srv IPC services!!
[2022-03-13 10:47:30] platform_bootstrap_epilog: trusty bootstrap complete
[2022-03-13 10:47:31] [0001.292] I> Welcome to Cboot
[2022-03-13 10:47:31] [0001.294] I> Cboot Version: t186-00029e71
[2022-03-13 10:47:31] [0001.298] I> CPU-BL Params @ 0x275800000
[2022-03-13 10:47:31] [0001.302] I>  0) Base:0x00000000 Size:0x00000000
[2022-03-13 10:47:31] [0001.306] I>  1) Base:0x277f00000 Size:0x00100000
[2022-03-13 10:47:31] [0001.311] I>  2) Base:0x277e00000 Size:0x00100000
[2022-03-13 10:47:31] [0001.315] I>  3) Base:0x277d00000 Size:0x00100000
[2022-03-13 10:47:31] [0001.320] I>  4) Base:0x277c00000 Size:0x00100000
[2022-03-13 10:47:31] [0001.325] I>  5) Base:0x277b00000 Size:0x00100000
[2022-03-13 10:47:31] [0001.329] I>  6) Base:0x277800000 Size:0x00200000
[2022-03-13 10:47:31] [0001.334] I>  7) Base:0x277400000 Size:0x00400000
[2022-03-13 10:47:31] [0001.338] I>  8) Base:0x277a00000 Size:0x00100000
[2022-03-13 10:47:31] [0001.343] I>  9) Base:0x277300000 Size:0x00100000
[2022-03-13 10:47:31] [0001.347] I> 10) Base:0x276800000 Size:0x00800000
[2022-03-13 10:47:31] [0001.352] I> 11) Base:0x30000000 Size:0x00040000
[2022-03-13 10:47:31] [0001.356] I> 12) Base:0xf0000000 Size:0x00100000
[2022-03-13 10:47:31] [0001.360] I> 13) Base:0x30040000 Size:0x00001000
[2022-03-13 10:47:31] [0001.365] I> 14) Base:0x30048000 Size:0x00001000
[2022-03-13 10:47:31] [0001.369] I> 15) Base:0x30049000 Size:0x00001000
[2022-03-13 10:47:31] [0001.374] I> 16) Base:0x3004a000 Size:0x00001000
[2022-03-13 10:47:31] [0001.378] I> 17) Base:0x3004b000 Size:0x00001000
[2022-03-13 10:47:31] [0001.383] I> 18) Base:0x3004c000 Size:0x00001000
[2022-03-13 10:47:31] [0001.387] I> 19) Base:0x3004d000 Size:0x00001000
[2022-03-13 10:47:31] [0001.391] I> 20) Base:0x3004e000 Size:0x00001000
[2022-03-13 10:47:31] [0001.396] I> 21) Base:0x3004f000 Size:0x00001000
[2022-03-13 10:47:31] [0001.400] I> 22) Base:0x00000000 Size:0x00000000
[2022-03-13 10:47:31] [0001.405] I> 23) Base:0xf0100000 Size:0x00010000
[2022-03-13 10:47:31] [0001.409] I> 24) Base:0x00000000 Size:0x00000000
[2022-03-13 10:47:31] [0001.414] I> 25) Base:0x00000000 Size:0x00000000
[2022-03-13 10:47:31] [0001.418] I> 26) Base:0x00000000 Size:0x00000000
[2022-03-13 10:47:31] [0001.423] I> 27) Base:0x00000000 Size:0x00000000
[2022-03-13 10:47:31] [0001.427] I> 28) Base:0x84400000 Size:0x00400000
[2022-03-13 10:47:31] [0001.431] I> 29) Base:0x30000000 Size:0x00010000
[2022-03-13 10:47:31] [0001.436] I> 30) Base:0x278000000 Size:0x08000000
[2022-03-13 10:47:31] [0001.440] I> 31) Base:0x00000000 Size:0x00000000
[2022-03-13 10:47:31] [0001.445] I> 32) Base:0x276000000 Size:0x00600000
[2022-03-13 10:47:31] [0001.449] I> 33) Base:0x80000000 Size:0x70000000
[2022-03-13 10:47:31] [0001.454] I> 34) Base:0xf0110000 Size:0x1856f0000
[2022-03-13 10:47:31] [0001.458] I> 35) Base:0x00000000 Size:0x00000000
[2022-03-13 10:47:31] [0001.463] I> 36) Base:0x00000000 Size:0x00000000
[2022-03-13 10:47:31] [0001.467] I> 37) Base:0x2772e0000 Size:0x00020000
[2022-03-13 10:47:31] [0001.472] I> 38) Base:0x84000000 Size:0x00400000
[2022-03-13 10:47:31] [0001.476] I> 39) Base:0x96000000 Size:0x02000000
[2022-03-13 10:47:31] [0001.480] I> 40) Base:0x85000000 Size:0x01200000
[2022-03-13 10:47:31] [0001.485] I> 41) Base:0x275800000 Size:0x00500000
[2022-03-13 10:47:31] [0001.489] I> 42) Base:0x00000000 Size:0x00000000
[2022-03-13 10:47:31] [0001.494] I> 43) Base:0x00000000 Size:0x00000000
[2022-03-13 10:47:31] [0001.498] GIC-SPI Target CPU: 4
[2022-03-13 10:47:31] [0001.502] Interrupts Init done
[2022-03-13 10:47:31] [0001.505] calling constructors
[2022-03-13 10:47:31] [0001.508] initializing heap
[2022-03-13 10:47:31] [0001.511] initializing threads
[2022-03-13 10:47:31] [0001.514] initializing timers
[2022-03-13 10:47:31] [0001.517] creating bootstrap completion thread
[2022-03-13 10:47:31] [0001.522] top of bootstrap2()
[2022-03-13 10:47:31] [0001.525] CPU: ARM Cortex A57
[2022-03-13 10:47:31] [0001.528] CPU: MIDR: 0x411FD073, MPIDR: 0x80000100
[2022-03-13 10:47:31] [0001.533] initializing platform
[2022-03-13 10:47:31] [0001.536] I> Bl_dtb @0x85205400
[2022-03-13 10:47:31] [0001.539] I> gpio framework initialized
[2022-03-13 10:47:31] [0001.546] I> tegrabl_gpio_driver_register: register 'nvidia,tegra186-gpio' driver
[2022-03-13 10:47:31] [0001.556] I> tegrabl_gpio_driver_register: register 'nvidia,tegra186-gpio-aon' driver
[2022-03-13 10:47:31] [0001.563] I> GPIO framework and drivers are initialized.
[2022-03-13 10:47:31] [0001.569] I> Boot-device: eMMC
[2022-03-13 10:47:31] [0001.576] I> sdmmc bdev is already initialized
[2022-03-13 10:47:31] [0001.606] I> Found 19 partitions in SDMMC_BOOT (instance 3)
[2022-03-13 10:47:31] [0001.624] I> Found 33 partitions in SDMMC_USER (instance 3)
[2022-03-13 10:47:31] [0001.630] W> opt-in fuse is not set, skip fuse_burning
[2022-03-13 10:47:31] [0001.635] I> Reserved memory at 0xfbe00000 for U-Boot relocation
[2022-03-13 10:47:31] [0001.640] W> No valid slot number is found in scratch register
[2022-03-13 10:47:31] [0001.646] W> Return default slot: _a
[2022-03-13 10:47:31] [0001.655] I> A/B: bin_type (21) slot 0
[2022-03-13 10:47:31] [0001.659] I> Loading kernel-dtb from partition
[2022-03-13 10:47:31] [0001.663] I> Loading partition kernel-dtb at 0x80000000 from device(0x1)
[2022-03-13 10:47:31] [0001.681] I> Kernel_dtb @0x80000000
[2022-03-13 10:47:31] [0001.684] I> tegrabl_tca9539_init: i2c bus: 0, slave addr: 0xee
[2022-03-13 10:47:31] [0001.695] I> tegrabl_gpio_driver_register: register 'tca9539_gpio_driver' driver
[2022-03-13 10:47:31] [0001.702] I> tegrabl_tca9539_init: i2c bus: 0, slave addr: 0xe8
[2022-03-13 10:47:31] [0001.711] I> tegrabl_gpio_driver_register: register 'tca9539_gpio_driver' driver
[2022-03-13 10:47:31] [0001.721] I> fixed regulator driver initialized
[2022-03-13 10:47:31] [0001.754] I> register 'maxim' power off handle
[2022-03-13 10:47:31] [0001.761] I> virtual i2c enabled
[2022-03-13 10:47:31] [0001.764] I> registered 'maxim,max77620' pmic
[2022-03-13 10:47:31] [0001.768] I> tegrabl_gpio_driver_register: register 'max77620-gpio' driver
[2022-03-13 10:47:31] [0001.782] E> failed to read label property for node 324936: 13
[2022-03-13 10:47:31] [0001.790] E> failed to read reg property for node 325032: 13
[2022-03-13 10:47:31] [0001.799] E> failed to read reg property for node 325084: 13
[2022-03-13 10:47:31] [0001.807] E> failed to read label property for node 325168: 13
[2022-03-13 10:47:31] [0001.815] E> failed to read label property for node 325236: 13
[2022-03-13 10:47:31] [0001.824] E> failed to read reg property for node 325304: 13
[2022-03-13 10:47:31] [0001.832] E> failed to read reg property for node 325376: 13
[2022-03-13 10:47:31] [0001.842] I> Find /i2c@c250000's alias i2c7
[2022-03-13 10:47:31] [0001.846] I> Reading eeprom i2c=7 address=0x50
[2022-03-13 10:47:31] [0001.876] I> Device at /i2c@c250000:0x50
[2022-03-13 10:47:31] [0001.879] I> Reading eeprom i2c=7 address=0x57
[2022-03-13 10:47:31] [0001.908] I> Device at /i2c@c250000:0x57
[2022-03-13 10:47:31] [0001.912] I> Find /i2c@c240000's alias i2c1
[2022-03-13 10:47:31] [0001.916] I> Reading eeprom i2c=1 address=0x51
[2022-03-13 10:47:31] [0001.921] E> I2C: slave not found in slaves.
[2022-03-13 10:47:31] [0001.926] E> I2C: Could not write 0 bytes to slave: 0x00a2 with repeat start true.
[2022-03-13 10:47:31] [0001.933] E> I2C_DEV: Failed to send register address 0x00000000.
[2022-03-13 10:47:31] [0001.939] E> I2C_DEV: Could not read 256 registers of size 1 from slave 0xa2 at 0x00000000 via instance 1.
[2022-03-13 10:47:31] [0001.949] E> eeprom: Retry to read I2C slave device.
[2022-03-13 10:47:31] [0001.954] E> I2C: slave not found in slaves.
[2022-03-13 10:47:31] [0001.958] E> I2C: Could not write 0 bytes to slave: 0x00a2 with repeat start true.
[2022-03-13 10:47:31] [0001.965] E> I2C_DEV: Failed to send register address 0x00000000.
[2022-03-13 10:47:31] [0001.971] E> I2C_DEV: Could not read 256 registers of size 1 from slave 0xa2 at 0x00000000 via instance 1.
[2022-03-13 10:47:31] [0001.981] E> eeprom: Failed to read I2C slave device
[2022-03-13 10:47:31] [0001.986] I> Eeprom read failed 0x3526070d
[2022-03-13 10:47:31] [0001.990] I> Find /i2c@3160000's alias i2c0
[2022-03-13 10:47:31] [0001.994] I> Reading eeprom i2c=0 address=0x50
[2022-03-13 10:47:31] [0001.998] E> I2C: slave not found in slaves.
[2022-03-13 10:47:31] [0002.003] E> I2C: Could not write 0 bytes to slave: 0x00a0 with repeat start true.
[2022-03-13 10:47:31] [0002.010] E> I2C_DEV: Failed to send register address 0x00000000.
[2022-03-13 10:47:31] [0002.016] E> I2C_DEV: Could not read 256 registers of size 1 from slave 0xa0 at 0x00000000 via instance 0.
[2022-03-13 10:47:31] [0002.026] E> eeprom: Failed to read I2C slave device
[2022-03-13 10:47:31] [0002.030] I> Eeprom read failed 0x3526070d
[2022-03-13 10:47:31] [0002.035] I> Find /i2c@3180000's alias i2c2
[2022-03-13 10:47:31] [0002.039] I> Reading eeprom i2c=2 address=0x54
[2022-03-13 10:47:31] [0002.043] I> Enabling gpio chip_id = 2, gpio pin = 9
[2022-03-13 10:47:31] [0002.074] I> Disabling gpio chip_id = 2, gpio pin = 9
[2022-03-13 10:47:31] [0002.079] I> Device at /i2c@3180000:0x54
[2022-03-13 10:47:31] [0002.083] I> Reading eeprom i2c=2 address=0x57
[2022-03-13 10:47:31] [0002.087] I> Enabling gpio chip_id = 2, gpio pin = 9
[2022-03-13 10:47:31] [0002.093] E> I2C: slave not found in slaves.
[2022-03-13 10:47:31] [0002.097] E> I2C: Could not write 0 bytes to slave: 0x00ae with repeat start true.
[2022-03-13 10:47:32] [0002.105] E> I2C_DEV: Failed to send register address 0x00000000.
[2022-03-13 10:47:32] [0002.111] E> I2C_DEV: Could not read 256 registers of size 1 from slave 0xae at 0x00000000 via instance 2.
[2022-03-13 10:47:32] [0002.120] E> eeprom: Failed to read I2C slave device
[2022-03-13 10:47:32] [0002.125] I> Disabling gpio chip_id = 2, gpio pin = 9
[2022-03-13 10:47:32] [0002.130] I> Eeprom read failed 0x00000000
[2022-03-13 10:47:32] [0002.134] I> create_pm_ids: id: 3310-1000-D00-L, len: 15
[2022-03-13 10:47:32] [0002.139] I> config: mem-type:00,power-config:00,misc-config:00,modem-config:00,touch-config:00,display-config:00,, len: 93
[2022-03-13 10:47:32] [0002.150] I> create_pm_ids: id: 2597-0000-900-E, len: 15
[2022-03-13 10:47:32] [0002.155] I> config: mem-type:00,power-config:00,misc-config:00,modem-config:00,touch-config:00,display-config:00,, len: 93
[2022-03-13 10:47:32] [0002.166] I> create_pm_ids: id: 3326-1000-000-M, len: 15
[2022-03-13 10:47:32] [0002.171] I> config: mem-type:ff,power-config:ff,misc-config:ff,modem-config:ff,touch-config:ff,display-config:ff,, len: 93
[2022-03-13 10:47:32] [0002.206] I> enabling 'vdd-hdmi' regulator
[2022-03-13 10:47:32] [0002.222] I> regulator 'vdd-hdmi' already enabled
[2022-03-13 10:47:32] [0002.226] E> tegrabl_display_init_regulator: hdmi cable is not connected
[2022-03-13 10:47:32] [0002.233] E> tegrabl_display_get_pdata, failed to parse dtb settings
[2022-03-13 10:47:32] [0002.242] E> cannot find any other nvdisp nodes
[2022-03-13 10:47:32] [0002.246] E> no valid display unit config found in dtb
[2022-03-13 10:47:32] [0002.252] W> display init failed
[2022-03-13 10:47:32] [0002.255] initializing target
[2022-03-13 10:47:32] [0002.258] calling apps_init()
[2022-03-13 10:47:32] [0002.261] starting app kernel_boot_app
[2022-03-13 10:47:32] [0002.283] I> found decompressor handler: lz4-legacy
[2022-03-13 10:47:32] [0002.288] I> decompressing BMP blob ...
[2022-03-13 10:47:32] [0002.300] I> Kernel type = Normal
[2022-03-13 10:47:32] [0002.303] I> ########## Fixed storage boot ##########
[2022-03-13 10:47:32] [0002.308] I> Loading kernel-bootctrl from partition
[2022-03-13 10:47:32] [0002.313] I> Loading partition kernel-bootctrl at 0xa8000000 from device(0x1)
[2022-03-13 10:47:32] [0002.327] W> tegrabl_get_kernel_bootctrl: magic number(0x00000000) is invalid
[2022-03-13 10:47:32] [0002.334] W> tegrabl_get_kernel_bootctrl: use default dummy boot control data
[2022-03-13 10:47:32] [0002.341] W> No valid slot number is found in scratch register
[2022-03-13 10:47:32] [0002.347] W> Return default slot: _a
[2022-03-13 10:47:32] [0002.350] I> A/B: bin_type (24) slot 0
[2022-03-13 10:47:32] [0002.366] I> Boot image size read from image header: 9913d
[2022-03-13 10:47:32] [0002.371] I> Boot image load address: 0x80400000
[2022-03-13 10:47:32] [0002.375] I> Loading kernel from partition
[2022-03-13 10:47:32] [0002.379] I> Loading partition kernel at 0x80400000 from device(0x1)
[2022-03-13 10:47:33] [0003.321] I> Validate kernel ...
[2022-03-13 10:47:33] [0003.324] I> T18x: Authenticate kernel (bin_type 24), max size 0x4000000
[2022-03-13 10:47:33] [0003.332] I> Decrypt the buffer ... [0003.336] W> tegrabl_decrypt_block: fuse (0x0) is not burnt to do encryption (0x4); skip decryption.
[2022-03-13 10:47:33] [0003.344] I> done
[2022-03-13 10:47:33] [0003.346] I> Checking boot.img header magic ... [0003.350] I> [OK]
[2022-03-13 10:47:33] [0003.352] I> kernel-dtb is already loaded
[2022-03-13 10:47:33] [0003.356] I> Validate kernel-dtb ...
[2022-03-13 10:47:33] [0003.359] I> T18x: Authenticate kernel-dtb (bin_type 21), max size 0x100000
[2022-03-13 10:47:33] [0003.367] I> Decrypt the buffer ... [0003.370] W> tegrabl_decrypt_block: fuse (0x0) is not burnt to do encryption (0x4); skip decryption.
[2022-03-13 10:47:33] [0003.379] I> done
[2022-03-13 10:47:33] [0003.381] I> Kernel hdr @0x80400000
[2022-03-13 10:47:33] [0003.384] I> Kernel dtb @0x80000000
[2022-03-13 10:47:33] [0003.388] I> decompressor handler not found
[2022-03-13 10:47:33] [0003.392] I> Copying kernel image (627005 bytes) from 0x80400800 to 0x80600000 ... [0003.399] I> Done
[2022-03-13 10:47:33] [0003.401] I> Move ramdisk (len: 0) from 0x8049a000 to 0x947d0000
[2022-03-13 10:47:33] [0003.408] I> Updated bpmp info to DTB
[2022-03-13 10:47:33] [0003.414] I> Ramdisk: Base: 0x947d0000; Size: 0x0
[2022-03-13 10:47:33] [0003.419] I> Updated initrd info to DTB
[2022-03-13 10:47:33] [0003.423] W> WARN: Fail to override "console=none" in commandline
[2022-03-13 10:47:33] [0003.429] I> Active rootfs suffix: 
[2022-03-13 10:47:33] [0003.432] E> tegrabl_linuxboot_add_disp_param, du 0 failed to get display params
[2022-03-13 10:47:33] [0003.439] E> tegrabl_linuxboot_add_disp_param, du 0 failed to get display params
[2022-03-13 10:47:33] [0003.446] E> tegrabl_linuxboot_add_disp_param, du 0 failed to get display params
[2022-03-13 10:47:33] [0003.453] I> disabled_core_mask: 0xffffff0c
[2022-03-13 10:47:33] [0003.457] W> No valid slot number is found in scratch register
[2022-03-13 10:47:33] [0003.463] W> Return default slot: _a
[2022-03-13 10:47:33] [0003.467] I> Active slot suffix: 
[2022-03-13 10:47:33] [0003.470] I> add_boot_slot_suffix: slot_suffix = 
[2022-03-13 10:47:33] [0003.474] I> Linux Cmdline: console=ttyS0,115200 androidboot.presilicon=true firmware_class.path=/etc/firmware root=/dev/mmcblk0p1 rw rootwait rootfstype=ext4 console=ttyS0,115200n8 console=tty0 fbcon=map:0 net.ifnames=0 isolcpus=1-2  video=tegrafb earlycon=uart8250,mmio32,0x3100000 nvdumper_reserved=0x2772e0000 gpt rootfs.slot_suffix= usbcore.old_scheme_first=1 tegraid=18.1.2.0.0 maxcpus=6 no_console_suspend boot.slot_suffix= boot.ratchetvalues=0.2031647.1 vpr_resize bl_prof_dataptr=0x10000@0x275840000 sdhci_tegra.en_boot_part_access=1 
[2022-03-13 10:47:33] [0003.522] I> Updated bootarg info to DTB
[2022-03-13 10:47:33] [0003.525] I> eeprom_get_mac_addr: MAC (type: 0): 48:b0:2d:0f:11:c5
[2022-03-13 10:47:33] [0003.532] I> eeprom_get_mac_addr: MAC (type: 1): 48:b0:2d:0f:11:c6
[2022-03-13 10:47:33] [0003.538] I> eeprom_get_mac_addr: MAC (type: 2): 48:b0:2d:0f:11:c7
[2022-03-13 10:47:33] [0003.544] E> Found no plugin manager ids in source DT
[2022-03-13 10:47:33] [0003.549] W> Add plugin manager ids from board info
[2022-03-13 10:47:33] [0003.554] W> "plugin-manager" doesn't exist, creating
[2022-03-13 10:47:33] [0003.559] W> "ids" doesn't exist, creating
[2022-03-13 10:47:33] [0003.563] W> "connection" doesn't exist, creating
[2022-03-13 10:47:33] [0003.567] W> "configs" doesn't exist, creating
[2022-03-13 10:47:33] [0003.572] I> create_pm_ids: id: 3310-1000-D00-L, len: 15
[2022-03-13 10:47:33] [0003.577] I> config: mem-type:00,power-config:00,misc-config:00,modem-config:00,touch-config:00,display-config:00,, len: 93
[2022-03-13 10:47:33] [0003.588] I> create_pm_ids: id: 2597-0000-900-E, len: 15
[2022-03-13 10:47:33] [0003.593] I> config: mem-type:00,power-config:00,misc-config:00,modem-config:00,touch-config:00,display-config:00,, len: 93
[2022-03-13 10:47:33] [0003.604] I> create_pm_ids: id: 3326-1000-000-M, len: 15
[2022-03-13 10:47:33] [0003.609] I> config: mem-type:ff,power-config:ff,misc-config:ff,modem-config:ff,touch-config:ff,display-config:ff,, len: 93
[2022-03-13 10:47:33] [0003.620] I> Adding plugin-manager/ids/3310-1000-D00=/i2c@c250000:module@0x50
[2022-03-13 10:47:33] [0003.627] W> "i2c@c250000" doesn't exist, creating
[2022-03-13 10:47:33] [0003.632] W> "module@0x50" doesn't exist, creating
[2022-03-13 10:47:33] [0003.637] I> Adding plugin-manager/ids/2597-0000-900=/i2c@c250000:module@0x57
[2022-03-13 10:47:33] [0003.644] W> "module@0x57" doesn't exist, creating
[2022-03-13 10:47:33] [0003.649] I> Adding plugin-manager/ids/3326-1000-000=/i2c@3180000:module@0x54
[2022-03-13 10:47:33] [0003.656] W> "i2c@3180000" doesn't exist, creating
[2022-03-13 10:47:33] [0003.661] W> "module@0x54" doesn't exist, creating
[2022-03-13 10:47:33] [0003.668] I> Adding plugin-manager/ids/3310-1000-D00-L
[2022-03-13 10:47:33] [0003.675] I> Adding plugin-manager/configs/3310-mem-type 00
[2022-03-13 10:47:33] [0003.680] I> Adding plugin-manager/configs/3310-power-config 00
[2022-03-13 10:47:33] [0003.686] I> Adding plugin-manager/configs/3310-misc-config 00
[2022-03-13 10:47:33] [0003.692] I> Adding plugin-manager/configs/3310-modem-config 00
[2022-03-13 10:47:33] [0003.698] I> Adding plugin-manager/configs/3310-touch-config 00
[2022-03-13 10:47:33] [0003.704] I> Adding plugin-manager/configs/3310-display-config 00
[2022-03-13 10:47:33] [0003.710] I> Adding plugin-manager/cvm
[2022-03-13 10:47:33] [0003.714] W> "chip-id" doesn't exist, creating
[2022-03-13 10:47:33] [0003.718] I> Adding plugin-manager/chip-id/A02P
[2022-03-13 10:47:33] [0003.723] W> "odm-data" doesn't exist, creating
[2022-03-13 10:47:33] [0003.728] I> Adding /chosen/plugin-manager/odm-data
[2022-03-13 10:47:33] [0003.737] I> added [base:0x80000000, size:0x70000000] to /memory
[2022-03-13 10:47:33] [0003.743] I> added [base:0xf0200000, size:0x185600000] to /memory
[2022-03-13 10:47:33] [0003.749] I> added [base:0x275e00000, size:0x200000] to /memory
[2022-03-13 10:47:33] [0003.755] I> added [base:0x276600000, size:0x200000] to /memory
[2022-03-13 10:47:33] [0003.761] I> added [base:0x277000000, size:0x200000] to /memory
[2022-03-13 10:47:33] [0003.766] I> Updated memory info to DTB
[2022-03-13 10:47:33] [0003.771] E> add_disp_param: failed to get display params for du=0
[2022-03-13 10:47:33] [0003.779] W> "reset" doesn't exist, creating
[2022-03-13 10:47:33] [0003.783] W> "pmc-reset-reason" doesn't exist, creating
[2022-03-13 10:47:33] [0003.789] W> "pmic-reset-reason" doesn't exist, creating
[2022-03-13 10:47:33] [0003.795] I> Adding ecid(00000001646db7851000000013038200) to DT
[2022-03-13 10:47:33] [0003.801] I> disabled_core_mask: 0xffffff0c
[2022-03-13 10:47:33] [0003.814] I> Add serial number:1422420022173 as DT property
[2022-03-13 10:47:33] [0003.823] I> Plugin-manager override starting
[2022-03-13 10:47:33] [0003.828] I> node /plugin-manager/fragement@0 matches
[2022-03-13 10:47:33] [0003.839] I> node /plugin-manager/fragement@4 matches
[2022-03-13 10:47:33] [0003.851] I> node /plugin-manager/fragment-sdwake-p3310-1000-300 matches
[2022-03-13 10:47:33] [0003.871] I> node /plugin-manager/fragement-pmon-p3310-1000-300 matches
[2022-03-13 10:47:33] [0003.881] I> node /plugin-manager/fragement-pmon-p3310-1000-800 matches
[2022-03-13 10:47:33] [0003.890] I> node /plugin-manager/fragment-devslp@0 matches
[2022-03-13 10:47:33] [0003.902] I> node /plugin-manager/fragment-500-pcie-config matches
[2022-03-13 10:47:33] [0003.917] I> node /plugin-manager/fragment-500-xusb-config matches
[2022-03-13 10:47:33] [0003.940] I> node /plugin-manager/fragment-p3310-c00-comm matches
[2022-03-13 10:47:33] [0003.954] I> node /plugin-manager/fragment-p3310-c00-pmic matches
[2022-03-13 10:47:33] [0003.965] I> node /plugin-manager/fragment-p3310-c01 matches
[2022-03-13 10:47:33] [0003.978] I> node /plugin-manager/fragment-p3310-c03 matches
[2022-03-13 10:47:33] [0004.020] I> node /plugin-manager/fragment-e3326@0 matches
[2022-03-13 10:47:34] [0004.102] I> node /plugin-manager/fragment-p3310-c00-camera matches
[2022-03-13 10:47:34] [0004.129] I> Disable plugin-manager status in FDT
[2022-03-13 10:47:34] [0004.134] I> Plugin-manager override finished successfully
[2022-03-13 10:47:34] [0004.139] I> tegrabl_load_kernel_and_dtb: Done
[2022-03-13 10:47:34] [0004.143] E> tegrabl_display_clear: display is not initialized
[2022-03-13 10:47:34] [0004.149] W> Boot logo display failed...
[2022-03-13 10:47:34] [0004.153] I> Kernel EP: 0x80600000, DTB: 0x80000000
[2022-03-13 10:47:34] 
[2022-03-13 10:47:34] 
[2022-03-13 10:47:34] U-Boot 2020.04-g46e4604c78 (Jul 26 2021 - 12:10:58 -0700)
[2022-03-13 10:47:34] 
[2022-03-13 10:47:34] SoC: tegra186
[2022-03-13 10:47:34] Model: NVIDIA P2771-0000-500
[2022-03-13 10:47:34] Board: NVIDIA P2771-0000
[2022-03-13 10:47:34] DRAM:  7.8 GiB
[2022-03-13 10:47:34] MMC:   sdhci@3400000: 1, sdhci@3460000: 0
[2022-03-13 10:47:34] Loading Environment from MMC... *** Warning - bad CRC, using default environment
[2022-03-13 10:47:34] 
[2022-03-13 10:47:34] In:    serial
[2022-03-13 10:47:34] Out:   serial
[2022-03-13 10:47:34] Err:   serial
[2022-03-13 10:47:34] Net:   
[2022-03-13 10:47:34] Warning: ethernet@2490000 using MAC address from ROM
[2022-03-13 10:47:34] eth0: ethernet@2490000
[2022-03-13 10:47:34] Hit any key to stop autoboot:  2  1  0 
[2022-03-13 10:47:36] MMC: no card present
[2022-03-13 10:47:36] switch to partitions #0, OK
[2022-03-13 10:47:36] mmc0(part 0) is current device
[2022-03-13 10:47:36] Scanning mmc 0:1...
[2022-03-13 10:47:36] Found /boot/extlinux/extlinux.conf
[2022-03-13 10:47:36] Retrieving file: /boot/extlinux/extlinux.conf
[2022-03-13 10:47:36] 858 bytes read in 22 ms (38.1 KiB/s)
[2022-03-13 10:47:36] 1:	primary kernel
[2022-03-13 10:47:36] Retrieving file: /boot/initrd
[2022-03-13 10:47:37] 7238344 bytes read in 201 ms (34.3 MiB/s)
[2022-03-13 10:47:37] Retrieving file: /boot/Image
[2022-03-13 10:47:37] 34484232 bytes read in 829 ms (39.7 MiB/s)
[2022-03-13 10:47:37] append: console=ttyS0,115200 androidboot.presilicon=true firmware_class.path=/etc/firmware root=/dev/mmcblk0p1 rw rootwait rootfstype=ext4 console=ttyS0,115200n8 console=tty0 fbcon=map:0 net.ifnames=0 isolcpus=1-2  video=tegrafb earlycon=uart8250,mmio32,0x3100000 nvdumper_reserved=0x2772e0000 gpt rootfs.slot_suffix= usbcore.old_scheme_first=1 tegraid=18.1.2.0.0 maxcpus=6 no_console_suspend boot.slot_suffix= boot.ratchetvalues=0.2031647.1 vpr_resize bl_prof_dataptr=0x10000@0x275840000 sdhci_tegra.en_boot_part_access=1 quiet root=/dev/mmcblk0p1 rw rootwait rootfstype=ext4 console=ttyS0,115200n8 console=tty0 fbcon=map:0 net.ifnames=0 isolcpus=1-2 
[2022-03-13 10:47:37] ## Flattened Device Tree blob at 80000000
[2022-03-13 10:47:37]    Booting using the fdt blob at 0x80000000
[2022-03-13 10:47:37] ERROR: reserving fdt memory region failed (addr=0 size=0)
[2022-03-13 10:47:37] ERROR: reserving fdt memory region failed (addr=0 size=0)
[2022-03-13 10:47:38] ERROR: reserving fdt memory region failed (addr=0 size=0)
[2022-03-13 10:47:38]    Using Device Tree in place at 0000000080000000, end 0000000080060aa3
[2022-03-13 10:47:38] copying carveout for /host1x@13e00000/display-hub@15200000/display@15200000...
[2022-03-13 10:47:38] copying carveout for /host1x@13e00000/display-hub@15200000/display@15210000...
[2022-03-13 10:47:38] copying carveout for /host1x@13e00000/display-hub@15200000/display@15220000...
[2022-03-13 10:47:38] 
[2022-03-13 10:47:38] Starting kernel ...
[2022-03-13 10:47:38] 
[2022-03-13 10:47:38] [    0.000000] Booting Linux on physical CPU 0x100
[2022-03-13 10:47:38] [    0.000000] Linux version 4.9.253-tegra (buildbrain@mobile-u64-5497-d3000) (gcc version 7.3.1 20180425 [linaro-7.3-2018.05 revision d29120a424ecfbc167ef90065c0eeb7f91977701] (Linaro GCC 7.3-2018.05) ) #1 SMP PREEMPT Mon Jul 26 12:19:28 PDT 2021
[2022-03-13 10:47:38] [    0.000000] Boot CPU: AArch64 Processor [411fd073]
[2022-03-13 10:47:38] [    0.000000] OF: fdt:memory scan node memory@80000000, reg size 80,
[2022-03-13 10:47:38] [    0.000000] OF: fdt: - 80000000 ,  70000000
[2022-03-13 10:47:38] [    0.000000] OF: fdt: - f0200000 ,  185600000
[2022-03-13 10:47:38] [    0.000000] OF: fdt: - 275e00000 ,  200000
[2022-03-13 10:47:38] [    0.000000] OF: fdt: - 276600000 ,  200000
[2022-03-13 10:47:38] [    0.000000] OF: fdt: - 277000000 ,  200000
[2022-03-13 10:47:38] [    0.000000] earlycon: uart8250 at MMIO32 0x0000000003100000 (options '')
[2022-03-13 10:47:38] [    0.000000] bootconsole [uart8250] enabled
[2022-03-13 10:47:40] [    1.793937] cgroup: cgroup2: unknown option "nsdelegate"
[2022-03-13 10:47:41] [    2.815951] using random self ethernet address
[2022-03-13 10:47:41] [    2.821528] using random host ethernet address
[2022-03-13 10:47:41] [    3.285820] random: crng init done
[2022-03-13 10:47:41] [    3.289225] random: 7 urandom warning(s) missed due to ratelimiting
[2022-03-13 10:47:42] [    3.537819] using random self ethernet address
[2022-03-13 10:47:42] [    3.544836] using random host ethernet address
[2022-03-13 10:47:42] [    3.874302] CPU1: shutdown
[2022-03-13 10:47:42] [    3.920129] CPU2: shutdown
[2022-03-13 10:47:43] [    4.803489] Bridge firewalling registered
[2022-03-13 10:47:46] 
[2022-03-13 10:47:46] Ubuntu 18.04.5 LTS JTX2-A ttyS0
[2022-03-13 10:47:46] 
[2022-03-13 10:47:46] JTX2-A login: [  399.540615] CPU4: SError detected, daif=1c0, spsr=0x80000000, mpidr=80000102, esr=bf40c000
[2022-03-13 10:54:18] [  399.540618] CPU3: SError detected, daif=1c0, spsr=0x800000c5, mpidr=80000101, esr=bf40c000
[2022-03-13 10:54:18] [  399.540620] CPU0: SError detected, daif=1c0, spsr=0x800000c5, mpidr=80000100, esr=bf40c000
[2022-03-13 10:54:18] [  399.540623] CPU5: SError detected, daif=1c0, spsr=0xa0000000, mpidr=80000103, esr=bf40c000
[2022-03-13 10:54:18] [  399.540624] **************************************
[2022-03-13 10:54:18] [  399.540628] A57 CPU Memory Error on CPU 3 (A57 Core 1)
[2022-03-13 10:54:18] [  399.540630] 	ESR:               0xbf40c000
[2022-03-13 10:54:18] [  399.540632] 	L2MERRSR: 0xd00912429e8
[2022-03-13 10:54:18] [  399.540634] 	L2 Data RAM: 0x11
[2022-03-13 10:54:18] [  399.540635] 	CPU ID of Error:    4
[2022-03-13 10:54:18] [  399.540636] 	WAY of Error:       1
[2022-03-13 10:54:18] [  399.540637] 	Index of Error:     10728
[2022-03-13 10:54:18] [  399.540638] 	Repeat Error Count: 0
[2022-03-13 10:54:18] [  399.540639] 	Other Error Count:  13
[2022-03-13 10:54:18] [  399.540639] **************************************
[2022-03-13 10:54:18] [  399.542051] ROC:CCE Machine Check Error:
[2022-03-13 10:54:18] [  399.542054] 	Address Type = Non-Secure DRAM
[2022-03-13 10:54:18] [  399.542079] 	Address = 0x8045a180 -- System RAM + 0x45a180
[2022-03-13 10:54:18] [  399.542279] Bad mode in Error handler detected on CPU3, code 0xbf40c000 -- SError
[2022-03-13 10:54:18] [  399.542279] **************************************
[2022-03-13 10:54:18] [  399.542281] A57 CPU Memory Error on CPU 0 (A57 Core 0)
[2022-03-13 10:54:18] [  399.542281] Kernel panic - not syncing: bad mode
[2022-03-13 10:54:18] [  399.542282] 	ESR:               0xbf40c000
[2022-03-13 10:54:18] [  399.542283] 	CPUMERRSR: 0x890429e0
[2022-03-13 10:54:18] [  399.542285] CPU: 3 PID: 0 Comm: swapper/3 Not tainted 4.9.253-tegra #1
[2022-03-13 10:54:18] [  399.542286] 	Data L1 Data RAM: 0x9
[2022-03-13 10:54:18] [  399.542287] Hardware name: quill (DT)
[2022-03-13 10:54:18] [  399.542288] 	Bank/Way of Error:  0x1
[2022-03-13 10:54:18] [  399.542289] Call trace:
[2022-03-13 10:54:18] [  399.542289] 	Index of Error:     0x29e0
[2022-03-13 10:54:18] [  399.542297] [<ffffff800808ba40>] dump_backtrace+0x0/0x198
[2022-03-13 10:54:18] [  399.542298] 	Repeat Error Count: 0
[2022-03-13 10:54:18] [  399.542300] [<ffffff800808c004>] show_stack+0x24/0x30
[2022-03-13 10:54:18] [  399.542301] 	Other Error Count:  0
[2022-03-13 10:54:18] [  399.542305] [<ffffff8008f6121c>] dump_stack+0xa0/0xc4
[2022-03-13 10:54:18] [  399.542306] **************************************
[2022-03-13 10:54:18] [  399.542309] [<ffffff8008f5e2c0>] panic+0x12c/0x2a8
[2022-03-13 10:54:18] [  399.542311] [<ffffff800808c894>] bad_mode+0x7c/0x80
[2022-03-13 10:54:18] [  399.542313] [<ffffff800808ca5c>] handle_serr+0x124/0x128
[2022-03-13 10:54:18] [  399.542315] [<ffffff8008082d98>] el1_serr+0xb0/0x144
[2022-03-13 10:54:18] [  399.542320] [<ffffff8008ba09ac>] cpuidle_enter_state+0x84/0x380
[2022-03-13 10:54:18] [  399.542322] [<ffffff8008ba0d1c>] cpuidle_enter+0x34/0x48
[2022-03-13 10:54:18] [  399.542325] [<ffffff800811139c>] call_cpuidle+0x44/0x70
[2022-03-13 10:54:18] [  399.542326] [<ffffff8008111718>] cpu_startup_entry+0x1b0/0x200
[2022-03-13 10:54:18] [  399.542329] [<ffffff8008091cf8>] secondary_start_kernel+0x190/0x1f8
[2022-03-13 10:54:18] [  399.542331] [<000000008116e1a8>] 0x8116e1a8
[2022-03-13 10:54:18] [  399.542335] SMP: stopping secondary CPUs
[2022-03-13 10:54:18] [  399.542509] Bad mode in Error handler detected on CPU0, code 0xbf40c000 -- SError
[2022-03-13 10:54:18] [  399.773682] **************************************
[2022-03-13 10:54:18] [  399.778462] A57 CPU Memory Error on CPU 4 (A57 Core 2)
[2022-03-13 10:54:18] [  399.783587] 	ESR:               0xbf40c000
[2022-03-13 10:54:18] [  399.787672] 	CPUMERRSR: 0x81002bf8
[2022-03-13 10:54:18] [  399.791065] 	Instruction L1 Data RAM: 0x1
[2022-03-13 10:54:18] [  399.795064] 	Bank/Way of Error:  0x0
[2022-03-13 10:54:18] [  399.798630] 	Index of Error:     0x2bf8
[2022-03-13 10:54:18] [  399.802455] 	Repeat Error Count: 0
[2022-03-13 10:54:18] [  399.805846] 	Other Error Count:  0
[2022-03-13 10:54:18] [  399.809238] **************************************
[2022-03-13 10:54:18] [  399.814220] Bad mode in Error handler detected on CPU4, code 0xbf40c000 -- SError
[2022-03-13 10:54:19] [  400.587522] SMP: failed to stop secondary CPUs 0,3-4
[2022-03-13 10:54:19] [  400.592479] Kernel Offset: disabled
[2022-03-13 10:54:19] [  400.595958] Memory Limit: none
[2022-03-13 10:54:19] [  400.599005] trusty-log panic notifier - trusty version Built: 12:20:14 Jul 26 2021 [  400.611423] Rebooting in 5 seconds..
[2022-03-13 10:54:27] [0000.301] I> Welcome to MB2(TBoot-BPMP)(version: 01.00.160913-t186-M-00.00-mobile-c368a720)
[2022-03-13 10:54:27] [0000.310] I> Boot-device: eMMC
[2022-03-13 10:54:27] [0000.317] I> sdmmc bdev is already initialized
[2022-03-13 10:54:27] [0000.321] I> pmic: reset reason (nverc)	: 0x80
[2022-03-13 10:54:27] [0000.355] I> Found 19 partitions in SDMMC_BOOT (instance 3)
[2022-03-13 10:54:27] [0000.374] I> Found 33 partitions in SDMMC_USER (instance 3)
[2022-03-13 10:54:27] [0000.380] W> No valid slot number is found in scratch register
[2022-03-13 10:54:27] [0000.386] W> Return default slot: _a
[2022-03-13 10:54:27] [0000.389] I> A/B: bin_type (16) slot 0
[2022-03-13 10:54:27] [0000.393] I> Loading partition bpmp-fw at 0xd7800000
[2022-03-13 10:54:27] [0000.398] I> Reading two headers - addr:0xd7800000 blocks:1
[2022-03-13 10:54:27] [0000.403] I> Addr: 0xd7800000, start-block: 58777608, num_blocks: 1
[2022-03-13 10:54:27] [0000.428] I> Binary(16) of size 534416 is loaded @ 0xd7800000
[2022-03-13 10:54:27] [0000.434] W> No valid slot number is found in scratch register
[2022-03-13 10:54:27] [0000.439] W> Return default slot: _a
[2022-03-13 10:54:27] [0000.443] I> A/B: bin_type (17) slot 0
[2022-03-13 10:54:27] [0000.446] I> Loading partition bpmp-fw-dtb at 0xd79f0000
[2022-03-13 10:54:27] [0000.452] I> Reading two headers - addr:0xd79f0000 blocks:1
[2022-03-13 10:54:27] [0000.457] I> Addr: 0xd79f0000, start-block: 58780024, num_blocks: 1
[2022-03-13 10:54:27] [0000.483] I> Binary(17) of size 604720 is loaded @ 0xd796c400
[2022-03-13 10:54:27] [0000.713] I> Loading SCE-FW ...
[2022-03-13 10:54:27] [0000.716] W> No valid slot number is found in scratch register
[2022-03-13 10:54:27] [0000.721] W> Return default slot: _a
[2022-03-13 10:54:27] [0000.725] I> A/B: bin_type (12) slot 0
[2022-03-13 10:54:27] [0000.728] I> Loading partition sce-fw at 0xd7300000
[2022-03-13 10:54:27] [0000.733] I> Reading two headers - addr:0xd7300000 blocks:1
[2022-03-13 10:54:27] [0000.739] I> Addr: 0xd7300000, start-block: 58784120, num_blocks: 1
[2022-03-13 10:54:27] [0000.758] I> Binary(12) of size 125632 is loaded @ 0xd7300000
[2022-03-13 10:54:27] [0000.763] I> Init SCE
[2022-03-13 10:54:27] [0000.766] I> Loading APE-FW ...
[2022-03-13 10:54:27] [0000.769] W> No valid slot number is found in scratch register
[2022-03-13 10:54:27] [0000.774] W> Return default slot: _a
[2022-03-13 10:54:27] [0000.778] I> A/B: bin_type (11) slot 0
[2022-03-13 10:54:27] [0000.781] I> Loading partition adsp-fw at 0xd7400000
[2022-03-13 10:54:27] [0000.786] I> Reading two headers - addr:0xd7400000 blocks:1
[2022-03-13 10:54:27] [0000.792] I> Addr: 0xd7400000, start-block: 58761224, num_blocks: 1
[2022-03-13 10:54:27] [0000.811] I> Binary(11) of size 77216 is loaded @ 0xd7400000
[2022-03-13 10:54:27] [0000.817] I> Copy BTCM section
[2022-03-13 10:54:27] [0000.820] W> No valid slot number is found in scratch register
[2022-03-13 10:54:27] [0000.825] W> Return default slot: _a
[2022-03-13 10:54:27] [0000.829] I> A/B: bin_type (13) slot 0
[2022-03-13 10:54:27] [0000.832] I> Loading partition cpu-bootloader at 0x96000000
[2022-03-13 10:54:27] [0000.838] I> Reading two headers - addr:0x96000000 blocks:1
[2022-03-13 10:54:27] [0000.843] I> Addr: 0x96000000, start-block: 58740744, num_blocks: 1
[2022-03-13 10:54:27] [0000.864] I> Binary(13) of size 308800 is loaded @ 0x96000000
[2022-03-13 10:54:27] [0000.870] W> No valid slot number is found in scratch register
[2022-03-13 10:54:27] [0000.876] W> Return default slot: _a
[2022-03-13 10:54:27] [0000.879] I> A/B: bin_type (20) slot 0
[2022-03-13 10:54:27] [0000.883] I> Loading partition bootloader-dtb at 0x85205400
[2022-03-13 10:54:27] [0000.888] I> Reading two headers - addr:0x85205400 blocks:1
[2022-03-13 10:54:27] [0000.894] I> Addr: 0x85205400, start-block: 58742792, num_blocks: 1
[2022-03-13 10:54:27] [0000.916] I> Binary(20) of size 375568 is loaded @ 0x85205400
[2022-03-13 10:54:27] [0000.922] W> No valid slot number is found in scratch register
[2022-03-13 10:54:27] [0000.927] W> Return default slot: _a
[2022-03-13 10:54:27] [0000.931] I> A/B: bin_type (14) slot 0
[2022-03-13 10:54:27] [0000.934] I> Loading partition secure-os at 0x85305600
[2022-03-13 10:54:27] [0000.939] I> Reading two headers - addr:0x85305600 blocks:1
[2022-03-13 10:54:27] [0000.945] I> Addr: 0x85305600, start-block: 58744840, num_blocks: 1
[2022-03-13 10:54:27] [0000.967] I> Binary(14) of size 402864 is loaded @ 0x85305600
[2022-03-13 10:54:27] [0000.975] I> TOS boot-params @ 0x85000000
[2022-03-13 10:54:27] [0000.979] I> TOS params prepared
[2022-03-13 10:54:27] [0000.982] I> Loading EKS ...
[2022-03-13 10:54:27] [0000.984] I> A/B: bin_type (15) slot 0
[2022-03-13 10:54:27] [0000.988] I> Loading partition eks at 0x85905800
[2022-03-13 10:54:27] [0000.993] I> Reading two headers - addr:0x85905800 blocks:1
[2022-03-13 10:54:27] [0000.998] I> Addr: 0x85905800, start-block: 58757128, num_blocks: 1
[2022-03-13 10:54:27] [0001.017] I> Binary(15) of size 1040 is loaded @ 0x85905800
[2022-03-13 10:54:27] [0001.022] I> EKB detected (length: 0x400) @ 0x85905800
[2022-03-13 10:54:27] [0001.027] I> Copied encrypted keys
[2022-03-13 10:54:27] [0001.031] I> boot profiler @ 0x275844000
[2022-03-13 10:54:27] [0001.035] I> boot profiler for TOS @ 0x275844000
[2022-03-13 10:54:27] [0001.040] I> Unhalting SCE
[2022-03-13 10:54:27] [0001.042] I> Primary Memory Start:80000000 Size:70000000
[2022-03-13 10:54:27] [0001.048] I> Extended Memory Start:f0110000 Size:1856f0000
[2022-03-13 10:54:27] [0001.054] I> MB2(TBoot-BPMP) done
[2022-03-13 10:54:27] 
[2022-03-13 10:54:27] NOTICE:  BL31: v1.3(release):b5eeb33f7
[2022-03-13 10:54:27] NOTICE:  BL31: Built : 12:15:17, Jul 26 2021
[2022-03-13 10:54:27] ipc-unittest-main: 1519: Welcome to IPC unittest!!!
[2022-03-13 10:54:28] ipc-unittest-main: 1531: waiting forever
[2022-03-13 10:54:28] ipc-unittest-srv: 329: Init unittest services!!!
[2022-03-13 10:54:28] hwkey-agent: 41: hwkey-agent is running!!
[2022-03-13 10:54:28] hwkey-agent: 315: key_mgnt_processing .......
[2022-03-13 10:54:28] hwkey-agent: 223: Setting EKB key 0 to slot 14
[2022-03-13 10:54:28] hwkey-agent: 178: Init hweky-agent services!!
[2022-03-13 10:54:28] luks-srv: 40: luks-srv is running!!
[2022-03-13 10:54:28] luks-srv: 157: Init luks-srv IPC services!!
[2022-03-13 10:54:28] platform_bootstrap_epilog: trusty bootstrap complete
[2022-03-13 10:54:28] [0001.427] I> Welcome to Cboot
[2022-03-13 10:54:28] [0001.430] I> Cboot Version: t186-00029e71
[2022-03-13 10:54:28] [0001.434] I> CPU-BL Params @ 0x275800000
[2022-03-13 10:54:28] [0001.438] I>  0) Base:0x00000000 Size:0x00000000
[2022-03-13 10:54:28] [0001.442] I>  1) Base:0x277f00000 Size:0x00100000
[2022-03-13 10:54:28] [0001.447] I>  2) Base:0x277e00000 Size:0x00100000
[2022-03-13 10:54:28] [0001.451] I>  3) Base:0x277d00000 Size:0x00100000
[2022-03-13 10:54:28] [0001.456] I>  4) Base:0x277c00000 Size:0x00100000
[2022-03-13 10:54:28] [0001.460] I>  5) Base:0x277b00000 Size:0x00100000
[2022-03-13 10:54:28] [0001.465] I>  6) Base:0x277800000 Size:0x00200000
[2022-03-13 10:54:28] [0001.469] I>  7) Base:0x277400000 Size:0x00400000
[2022-03-13 10:54:28] [0001.474] I>  8) Base:0x277a00000 Size:0x00100000
[2022-03-13 10:54:28] [0001.478] I>  9) Base:0x277300000 Size:0x00100000
[2022-03-13 10:54:28] [0001.483] I> 10) Base:0x276800000 Size:0x00800000
[2022-03-13 10:54:28] [0001.487] I> 11) Base:0x30000000 Size:0x00040000
[2022-03-13 10:54:28] [0001.492] I> 12) Base:0xf0000000 Size:0x00100000
[2022-03-13 10:54:28] [0001.496] I> 13) Base:0x30040000 Size:0x00001000
[2022-03-13 10:54:28] [0001.501] I> 14) Base:0x30048000 Size:0x00001000
[2022-03-13 10:54:28] [0001.505] I> 15) Base:0x30049000 Size:0x00001000
[2022-03-13 10:54:28] [0001.510] I> 16) Base:0x3004a000 Size:0x00001000
[2022-03-13 10:54:28] [0001.514] I> 17) Base:0x3004b000 Size:0x00001000
[2022-03-13 10:54:28] [0001.518] I> 18) Base:0x3004c000 Size:0x00001000
[2022-03-13 10:54:28] [0001.523] I> 19) Base:0x3004d000 Size:0x00001000
[2022-03-13 10:54:28] [0001.527] I> 20) Base:0x3004e000 Size:0x00001000
[2022-03-13 10:54:28] [0001.532] I> 21) Base:0x3004f000 Size:0x00001000
[2022-03-13 10:54:28] [0001.536] I> 22) Base:0x00000000 Size:0x00000000
[2022-03-13 10:54:28] [0001.541] I> 23) Base:0xf0100000 Size:0x00010000
[2022-03-13 10:54:28] [0001.545] I> 24) Base:0x00000000 Size:0x00000000
[2022-03-13 10:54:28] [0001.549] I> 25) Base:0x00000000 Size:0x00000000
[2022-03-13 10:54:28] [0001.554] I> 26) Base:0x00000000 Size:0x00000000
[2022-03-13 10:54:28] [0001.558] I> 27) Base:0x00000000 Size:0x00000000
[2022-03-13 10:54:28] [0001.563] I> 28) Base:0x84400000 Size:0x00400000
[2022-03-13 10:54:28] [0001.567] I> 29) Base:0x30000000 Size:0x00010000
[2022-03-13 10:54:28] [0001.572] I> 30) Base:0x278000000 Size:0x08000000
[2022-03-13 10:54:28] [0001.576] I> 31) Base:0x00000000 Size:0x00000000
[2022-03-13 10:54:28] [0001.581] I> 32) Base:0x276000000 Size:0x00600000
[2022-03-13 10:54:28] [0001.585] I> 33) Base:0x80000000 Size:0x70000000
[2022-03-13 10:54:28] [0001.589] I> 34) Base:0xf0110000 Size:0x1856f0000
[2022-03-13 10:54:28] [0001.594] I> 35) Base:0x00000000 Size:0x00000000
[2022-03-13 10:54:28] [0001.598] I> 36) Base:0x00000000 Size:0x00000000
[2022-03-13 10:54:28] [0001.603] I> 37) Base:0x2772e0000 Size:0x00020000
[2022-03-13 10:54:28] [0001.607] I> 38) Base:0x84000000 Size:0x00400000
[2022-03-13 10:54:28] [0001.612] I> 39) Base:0x96000000 Size:0x02000000
[2022-03-13 10:54:28] [0001.616] I> 40) Base:0x85000000 Size:0x01200000
[2022-03-13 10:54:28] [0001.621] I> 41) Base:0x275800000 Size:0x00500000
[2022-03-13 10:54:28] [0001.625] I> 42) Base:0x00000000 Size:0x00000000
[2022-03-13 10:54:28] [0001.630] I> 43) Base:0x00000000 Size:0x00000000
[2022-03-13 10:54:28] [0001.634] GIC-SPI Target CPU: 4
[2022-03-13 10:54:28] [0001.637] Interrupts Init done
[2022-03-13 10:54:28] [0001.641] calling constructors
[2022-03-13 10:54:28] [0001.644] initializing heap
[2022-03-13 10:54:28] [0001.646] initializing threads
[2022-03-13 10:54:28] [0001.650] initializing timers
[2022-03-13 10:54:28] [0001.653] creating bootstrap completion thread
[2022-03-13 10:54:28] [0001.657] top of bootstrap2()
[2022-03-13 10:54:28] [0001.661] CPU: ARM Cortex A57
[2022-03-13 10:54:28] [0001.664] CPU: MIDR: 0x411FD073, MPIDR: 0x80000100
[2022-03-13 10:54:28] [0001.669] initializing platform
[2022-03-13 10:54:28] [0001.672] I> Bl_dtb @0x85205400
[2022-03-13 10:54:28] [0001.675] I> gpio framework initialized
[2022-03-13 10:54:28] [0001.681] I> tegrabl_gpio_driver_register: register 'nvidia,tegra186-gpio' driver
[2022-03-13 10:54:28] [0001.692] I> tegrabl_gpio_driver_register: register 'nvidia,tegra186-gpio-aon' driver
[2022-03-13 10:54:28] [0001.699] I> GPIO framework and drivers are initialized.
[2022-03-13 10:54:28] [0001.704] I> Boot-device: eMMC
[2022-03-13 10:54:28] [0001.712] I> sdmmc bdev is already initialized
[2022-03-13 10:54:28] [0001.742] I> Found 19 partitions in SDMMC_BOOT (instance 3)
[2022-03-13 10:54:28] [0001.760] I> Found 33 partitions in SDMMC_USER (instance 3)
[2022-03-13 10:54:28] [0001.765] W> opt-in fuse is not set, skip fuse_burning
[2022-03-13 10:54:28] [0001.770] I> Reserved memory at 0xfbe00000 for U-Boot relocation
[2022-03-13 10:54:28] [0001.776] W> No valid slot number is found in scratch register
[2022-03-13 10:54:28] [0001.782] W> Return default slot: _a
[2022-03-13 10:54:28] [0001.791] I> A/B: bin_type (21) slot 0
[2022-03-13 10:54:28] [0001.795] I> Loading kernel-dtb from partition
[2022-03-13 10:54:28] [0001.799] I> Loading partition kernel-dtb at 0x80000000 from device(0x1)
[2022-03-13 10:54:28] [0001.816] I> Kernel_dtb @0x80000000
[2022-03-13 10:54:28] [0001.820] I> tegrabl_tca9539_init: i2c bus: 0, slave addr: 0xee
[2022-03-13 10:54:28] [0001.830] I> tegrabl_gpio_driver_register: register 'tca9539_gpio_driver' driver
[2022-03-13 10:54:28] [0001.837] I> tegrabl_tca9539_init: i2c bus: 0, slave addr: 0xe8
[2022-03-13 10:54:28] [0001.846] I> tegrabl_gpio_driver_register: register 'tca9539_gpio_driver' driver
[2022-03-13 10:54:28] [0001.856] I> fixed regulator driver initialized
[2022-03-13 10:54:28] [0001.890] I> register 'maxim' power off handle
[2022-03-13 10:54:28] [0001.896] I> virtual i2c enabled
[2022-03-13 10:54:28] [0001.899] I> registered 'maxim,max77620' pmic
[2022-03-13 10:54:28] [0001.903] I> tegrabl_gpio_driver_register: register 'max77620-gpio' driver
[2022-03-13 10:54:28] [0001.917] E> failed to read label property for node 324936: 13
[2022-03-13 10:54:28] [0001.926] E> failed to read reg property for node 325032: 13
[2022-03-13 10:54:28] [0001.934] E> failed to read reg property for node 325084: 13
[2022-03-13 10:54:28] [0001.942] E> failed to read label property for node 325168: 13
[2022-03-13 10:54:28] [0001.951] E> failed to read label property for node 325236: 13
[2022-03-13 10:54:28] [0001.959] E> failed to read reg property for node 325304: 13
[2022-03-13 10:54:28] [0001.967] E> failed to read reg property for node 325376: 13
[2022-03-13 10:54:28] [0001.978] I> Find /i2c@c250000's alias i2c7
[2022-03-13 10:54:28] [0001.982] I> Reading eeprom i2c=7 address=0x50
[2022-03-13 10:54:28] [0002.011] I> Device at /i2c@c250000:0x50
[2022-03-13 10:54:28] [0002.015] I> Reading eeprom i2c=7 address=0x57
[2022-03-13 10:54:28] [0002.043] I> Device at /i2c@c250000:0x57
[2022-03-13 10:54:28] [0002.048] I> Find /i2c@c240000's alias i2c1
[2022-03-13 10:54:28] [0002.052] I> Reading eeprom i2c=1 address=0x51
[2022-03-13 10:54:28] [0002.057] E> I2C: slave not found in slaves.
[2022-03-13 10:54:28] [0002.061] E> I2C: Could not write 0 bytes to slave: 0x00a2 with repeat start true.
[2022-03-13 10:54:28] [0002.069] E> I2C_DEV: Failed to send register address 0x00000000.
[2022-03-13 10:54:28] [0002.075] E> I2C_DEV: Could not read 256 registers of size 1 from slave 0xa2 at 0x00000000 via instance 1.
[2022-03-13 10:54:29] [0002.084] E> eeprom: Retry to read I2C slave device.
[2022-03-13 10:54:29] [0002.089] E> I2C: slave not found in slaves.
[2022-03-13 10:54:29] [0002.093] E> I2C: Could not write 0 bytes to slave: 0x00a2 with repeat start true.
[2022-03-13 10:54:29] [0002.101] E> I2C_DEV: Failed to send register address 0x00000000.
[2022-03-13 10:54:29] [0002.107] E> I2C_DEV: Could not read 256 registers of size 1 from slave 0xa2 at 0x00000000 via instance 1.
[2022-03-13 10:54:29] [0002.116] E> eeprom: Failed to read I2C slave device
[2022-03-13 10:54:29] [0002.121] I> Eeprom read failed 0x3526070d
[2022-03-13 10:54:29] [0002.126] I> Find /i2c@3160000's alias i2c0
[2022-03-13 10:54:29] [0002.130] I> Reading eeprom i2c=0 address=0x50
[2022-03-13 10:54:29] [0002.134] E> I2C: slave not found in slaves.
[2022-03-13 10:54:29] [0002.138] E> I2C: Could not write 0 bytes to slave: 0x00a0 with repeat start true.
[2022-03-13 10:54:29] [0002.146] E> I2C_DEV: Failed to send register address 0x00000000.
[2022-03-13 10:54:29] [0002.152] E> I2C_DEV: Could not read 256 registers of size 1 from slave 0xa0 at 0x00000000 via instance 0.
[2022-03-13 10:54:29] [0002.161] E> eeprom: Failed to read I2C slave device
[2022-03-13 10:54:29] [0002.166] I> Eeprom read failed 0x3526070d
[2022-03-13 10:54:29] [0002.171] I> Find /i2c@3180000's alias i2c2
[2022-03-13 10:54:29] [0002.175] I> Reading eeprom i2c=2 address=0x54
[2022-03-13 10:54:29] [0002.179] I> Enabling gpio chip_id = 2, gpio pin = 9
[2022-03-13 10:54:29] [0002.210] I> Disabling gpio chip_id = 2, gpio pin = 9
[2022-03-13 10:54:29] [0002.215] I> Device at /i2c@3180000:0x54
[2022-03-13 10:54:29] [0002.218] I> Reading eeprom i2c=2 address=0x57
[2022-03-13 10:54:29] [0002.223] I> Enabling gpio chip_id = 2, gpio pin = 9
[2022-03-13 10:54:29] [0002.228] E> I2C: slave not found in slaves.
[2022-03-13 10:54:29] [0002.232] E> I2C: Could not write 0 bytes to slave: 0x00ae with repeat start true.
[2022-03-13 10:54:29] [0002.240] E> I2C_DEV: Failed to send register address 0x00000000.
[2022-03-13 10:54:29] [0002.246] E> I2C_DEV: Could not read 256 registers of size 1 from slave 0xae at 0x00000000 via instance 2.
[2022-03-13 10:54:29] [0002.256] E> eeprom: Failed to read I2C slave device
[2022-03-13 10:54:29] [0002.260] I> Disabling gpio chip_id = 2, gpio pin = 9
[2022-03-13 10:54:29] [0002.265] I> Eeprom read failed 0x00000000
[2022-03-13 10:54:29] [0002.269] I> create_pm_ids: id: 3310-1000-D00-L, len: 15
[2022-03-13 10:54:29] [0002.275] I> config: mem-type:00,power-config:00,misc-config:00,modem-config:00,touch-config:00,display-config:00,, len: 93
[2022-03-13 10:54:29] [0002.285] I> create_pm_ids: id: 2597-0000-900-E, len: 15
[2022-03-13 10:54:29] [0002.291] I> config: mem-type:00,power-config:00,misc-config:00,modem-config:00,touch-config:00,display-config:00,, len: 93
[2022-03-13 10:54:29] [0002.302] I> create_pm_ids: id: 3326-1000-000-M, len: 15
[2022-03-13 10:54:29] [0002.307] I> config: mem-type:ff,power-config:ff,misc-config:ff,modem-config:ff,touch-config:ff,display-config:ff,, len: 93
[2022-03-13 10:54:29] [0002.342] I> enabling 'vdd-hdmi' regulator
[2022-03-13 10:54:29] [0002.357] I> regulator 'vdd-hdmi' already enabled
[2022-03-13 10:54:29] [0002.362] E> tegrabl_display_init_regulator: hdmi cable is not connected
[2022-03-13 10:54:29] [0002.368] E> tegrabl_display_get_pdata, failed to parse dtb settings
[2022-03-13 10:54:29] [0002.377] E> cannot find any other nvdisp nodes
[2022-03-13 10:54:29] [0002.382] E> no valid display unit config found in dtb
[2022-03-13 10:54:29] [0002.387] W> display init failed
[2022-03-13 10:54:29] [0002.390] initializing target
[2022-03-13 10:54:29] [0002.394] calling apps_init()
[2022-03-13 10:54:29] [0002.397] starting app kernel_boot_app
[2022-03-13 10:54:29] [0002.419] I> found decompressor handler: lz4-legacy
[2022-03-13 10:54:29] [0002.424] I> decompressing BMP blob ...
[2022-03-13 10:54:29] [0002.436] I> Kernel type = Normal
[2022-03-13 10:54:29] [0002.439] I> ########## Fixed storage boot ##########
[2022-03-13 10:54:29] [0002.444] I> Loading kernel-bootctrl from partition
[2022-03-13 10:54:29] [0002.448] I> Loading partition kernel-bootctrl at 0xa8000000 from device(0x1)
[2022-03-13 10:54:29] [0002.463] W> tegrabl_get_kernel_bootctrl: magic number(0x00000000) is invalid
[2022-03-13 10:54:29] [0002.470] W> tegrabl_get_kernel_bootctrl: use default dummy boot control data
[2022-03-13 10:54:29] [0002.477] W> No valid slot number is found in scratch register
[2022-03-13 10:54:29] [0002.482] W> Return default slot: _a
[2022-03-13 10:54:29] [0002.486] I> A/B: bin_type (24) slot 0
[2022-03-13 10:54:29] [0002.502] I> Boot image size read from image header: 9913d
[2022-03-13 10:54:29] [0002.507] I> Boot image load address: 0x80400000
[2022-03-13 10:54:29] [0002.511] I> Loading kernel from partition
[2022-03-13 10:54:29] [0002.515] I> Loading partition kernel at 0x80400000 from device(0x1)
[2022-03-13 10:54:30] [0003.460] I> Validate kernel ...
[2022-03-13 10:54:30] [0003.463] I> T18x: Authenticate kernel (bin_type 24), max size 0x4000000
[2022-03-13 10:54:30] [0003.471] I> Decrypt the buffer ... [0003.474] W> tegrabl_decrypt_block: fuse (0x0) is not burnt to do encryption (0x4); skip decryption.
[2022-03-13 10:54:30] [0003.483] I> done
[2022-03-13 10:54:30] [0003.485] I> Checking boot.img header magic ... [0003.489] I> [OK]
[2022-03-13 10:54:30] [0003.491] I> kernel-dtb is already loaded
[2022-03-13 10:54:30] [0003.495] I> Validate kernel-dtb ...
[2022-03-13 10:54:30] [0003.498] I> T18x: Authenticate kernel-dtb (bin_type 21), max size 0x100000
[2022-03-13 10:54:30] [0003.506] I> Decrypt the buffer ... [0003.509] W> tegrabl_decrypt_block: fuse (0x0) is not burnt to do encryption (0x4); skip decryption.
[2022-03-13 10:54:30] [0003.518] I> done
[2022-03-13 10:54:30] [0003.519] I> Kernel hdr @0x80400000
[2022-03-13 10:54:30] [0003.523] I> Kernel dtb @0x80000000
[2022-03-13 10:54:30] [0003.526] I> decompressor handler not found
[2022-03-13 10:54:30] [0003.530] I> Copying kernel image (627005 bytes) from 0x80400800 to 0x80600000 ... [0003.538] I> Done
[2022-03-13 10:54:30] [0003.539] I> Move ramdisk (len: 0) from 0x8049a000 to 0x947d0000
[2022-03-13 10:54:30] [0003.547] I> Updated bpmp info to DTB
[2022-03-13 10:54:30] [0003.553] I> Ramdisk: Base: 0x947d0000; Size: 0x0
[2022-03-13 10:54:30] [0003.558] I> Updated initrd info to DTB
[2022-03-13 10:54:30] [0003.561] W> WARN: Fail to override "console=none" in commandline
[2022-03-13 10:54:30] [0003.567] I> Active rootfs suffix: 
[2022-03-13 10:54:30] [0003.570] E> tegrabl_linuxboot_add_disp_param, du 0 failed to get display params
[2022-03-13 10:54:30] [0003.578] E> tegrabl_linuxboot_add_disp_param, du 0 failed to get display params
[2022-03-13 10:54:30] [0003.585] E> tegrabl_linuxboot_add_disp_param, du 0 failed to get display params
[2022-03-13 10:54:30] [0003.592] I> disabled_core_mask: 0xffffff0c
[2022-03-13 10:54:30] [0003.596] W> No valid slot number is found in scratch register
[2022-03-13 10:54:30] [0003.602] W> Return default slot: _a
[2022-03-13 10:54:30] [0003.605] I> Active slot suffix: 
[2022-03-13 10:54:30] [0003.608] I> add_boot_slot_suffix: slot_suffix = 
[2022-03-13 10:54:30] [0003.613] I> Linux Cmdline: console=ttyS0,115200 androidboot.presilicon=true firmware_class.path=/etc/firmware root=/dev/mmcblk0p1 rw rootwait rootfstype=ext4 console=ttyS0,115200n8 console=tty0 fbcon=map:0 net.ifnames=0 isolcpus=1-2  video=tegrafb earlycon=uart8250,mmio32,0x3100000 nvdumper_reserved=0x2772e0000 gpt rootfs.slot_suffix= usbcore.old_scheme_first=1 tegraid=18.1.2.0.0 maxcpus=6 no_console_suspend boot.slot_suffix= boot.ratchetvalues=0.2031647.1 vpr_resize bl_prof_dataptr=0x10000@0x275840000 sdhci_tegra.en_boot_part_access=1 
[2022-03-13 10:54:30] [0003.660] I> Updated bootarg info to DTB
[2022-03-13 10:54:30] [0003.664] I> eeprom_get_mac_addr: MAC (type: 0): 48:b0:2d:0f:11:c5
[2022-03-13 10:54:30] [0003.670] I> eeprom_get_mac_addr: MAC (type: 1): 48:b0:2d:0f:11:c6
[2022-03-13 10:54:30] [0003.677] I> eeprom_get_mac_addr: MAC (type: 2): 48:b0:2d:0f:11:c7
[2022-03-13 10:54:30] [0003.683] E> Found no plugin manager ids in source DT
[2022-03-13 10:54:30] [0003.688] W> Add plugin manager ids from board info
[2022-03-13 10:54:30] [0003.692] W> "plugin-manager" doesn't exist, creating
[2022-03-13 10:54:30] [0003.697] W> "ids" doesn't exist, creating
[2022-03-13 10:54:30] [0003.701] W> "connection" doesn't exist, creating
[2022-03-13 10:54:30] [0003.706] W> "configs" doesn't exist, creating
[2022-03-13 10:54:30] [0003.710] I> create_pm_ids: id: 3310-1000-D00-L, len: 15
[2022-03-13 10:54:30] [0003.715] I> config: mem-type:00,power-config:00,misc-config:00,modem-config:00,touch-config:00,display-config:00,, len: 93
[2022-03-13 10:54:30] [0003.726] I> create_pm_ids: id: 2597-0000-900-E, len: 15
[2022-03-13 10:54:30] [0003.731] I> config: mem-type:00,power-config:00,misc-config:00,modem-config:00,touch-config:00,display-config:00,, len: 93
[2022-03-13 10:54:30] [0003.742] I> create_pm_ids: id: 3326-1000-000-M, len: 15
[2022-03-13 10:54:30] [0003.747] I> config: mem-type:ff,power-config:ff,misc-config:ff,modem-config:ff,touch-config:ff,display-config:ff,, len: 93
[2022-03-13 10:54:30] [0003.758] I> Adding plugin-manager/ids/3310-1000-D00=/i2c@c250000:module@0x50
[2022-03-13 10:54:30] [0003.766] W> "i2c@c250000" doesn't exist, creating
[2022-03-13 10:54:30] [0003.770] W> "module@0x50" doesn't exist, creating
[2022-03-13 10:54:30] [0003.775] I> Adding plugin-manager/ids/2597-0000-900=/i2c@c250000:module@0x57
[2022-03-13 10:54:30] [0003.782] W> "module@0x57" doesn't exist, creating
[2022-03-13 10:54:30] [0003.787] I> Adding plugin-manager/ids/3326-1000-000=/i2c@3180000:module@0x54
[2022-03-13 10:54:30] [0003.795] W> "i2c@3180000" doesn't exist, creating
[2022-03-13 10:54:30] [0003.799] W> "module@0x54" doesn't exist, creating
[2022-03-13 10:54:30] [0003.806] I> Adding plugin-manager/ids/3310-1000-D00-L
[2022-03-13 10:54:30] [0003.813] I> Adding plugin-manager/configs/3310-mem-type 00
[2022-03-13 10:54:30] [0003.819] I> Adding plugin-manager/configs/3310-power-config 00
[2022-03-13 10:54:30] [0003.825] I> Adding plugin-manager/configs/3310-misc-config 00
[2022-03-13 10:54:30] [0003.831] I> Adding plugin-manager/configs/3310-modem-config 00
[2022-03-13 10:54:30] [0003.837] I> Adding plugin-manager/configs/3310-touch-config 00
[2022-03-13 10:54:30] [0003.843] I> Adding plugin-manager/configs/3310-display-config 00
[2022-03-13 10:54:30] [0003.849] I> Adding plugin-manager/cvm
[2022-03-13 10:54:30] [0003.853] W> "chip-id" doesn't exist, creating
[2022-03-13 10:54:30] [0003.857] I> Adding plugin-manager/chip-id/A02P
[2022-03-13 10:54:30] [0003.862] W> "odm-data" doesn't exist, creating
[2022-03-13 10:54:30] [0003.866] I> Adding /chosen/plugin-manager/odm-data
[2022-03-13 10:54:30] [0003.876] I> added [base:0x80000000, size:0x70000000] to /memory
[2022-03-13 10:54:30] [0003.882] I> added [base:0xf0200000, size:0x185600000] to /memory
[2022-03-13 10:54:30] [0003.888] I> added [base:0x275e00000, size:0x200000] to /memory
[2022-03-13 10:54:30] [0003.894] I> added [base:0x276600000, size:0x200000] to /memory
[2022-03-13 10:54:30] [0003.899] I> added [base:0x277000000, size:0x200000] to /memory
[2022-03-13 10:54:30] [0003.905] I> Updated memory info to DTB
[2022-03-13 10:54:30] [0003.910] E> add_disp_param: failed to get display params for du=0
[2022-03-13 10:54:30] [0003.917] W> "reset" doesn't exist, creating
[2022-03-13 10:54:30] [0003.922] W> "pmc-reset-reason" doesn't exist, creating
[2022-03-13 10:54:30] [0003.927] W> "pmic-reset-reason" doesn't exist, creating
[2022-03-13 10:54:30] [0003.934] I> Adding ecid(00000001646db7851000000013038200) to DT
[2022-03-13 10:54:30] [0003.939] I> disabled_core_mask: 0xffffff0c
[2022-03-13 10:54:30] [0003.952] I> Add serial number:1422420022173 as DT property
[2022-03-13 10:54:30] [0003.961] I> Plugin-manager override starting
[2022-03-13 10:54:30] [0003.967] I> node /plugin-manager/fragement@0 matches
[2022-03-13 10:54:30] [0003.977] I> node /plugin-manager/fragement@4 matches
[2022-03-13 10:54:30] [0003.990] I> node /plugin-manager/fragment-sdwake-p3310-1000-300 matches
[2022-03-13 10:54:30] [0004.010] I> node /plugin-manager/fragement-pmon-p3310-1000-300 matches
[2022-03-13 10:54:30] [0004.019] I> node /plugin-manager/fragement-pmon-p3310-1000-800 matches
[2022-03-13 10:54:30] [0004.028] I> node /plugin-manager/fragment-devslp@0 matches
[2022-03-13 10:54:30] [0004.041] I> node /plugin-manager/fragment-500-pcie-config matches
[2022-03-13 10:54:30] [0004.056] I> node /plugin-manager/fragment-500-xusb-config matches
[2022-03-13 10:54:30] [0004.079] I> node /plugin-manager/fragment-p3310-c00-comm matches
[2022-03-13 10:54:31] [0004.092] I> node /plugin-manager/fragment-p3310-c00-pmic matches
[2022-03-13 10:54:31] [0004.103] I> node /plugin-manager/fragment-p3310-c01 matches
[2022-03-13 10:54:31] [0004.116] I> node /plugin-manager/fragment-p3310-c03 matches
[2022-03-13 10:54:31] [0004.158] I> node /plugin-manager/fragment-e3326@0 matches
[2022-03-13 10:54:31] [0004.240] I> node /plugin-manager/fragment-p3310-c00-camera matches
[2022-03-13 10:54:31] [0004.268] I> Disable plugin-manager status in FDT
[2022-03-13 10:54:31] [0004.272] I> Plugin-manager override finished successfully
[2022-03-13 10:54:31] [0004.277] I> tegrabl_load_kernel_and_dtb: Done
[2022-03-13 10:54:31] [0004.282] E> tegrabl_display_clear: display is not initialized
[2022-03-13 10:54:31] [0004.287] W> Boot logo display failed...
[2022-03-13 10:54:31] [0004.291] I> Kernel EP: 0x80600000, DTB: 0x80000000
[2022-03-13 10:54:31] 
[2022-03-13 10:54:31] 
[2022-03-13 10:54:31] U-Boot 2020.04-g46e4604c78 (Jul 26 2021 - 12:10:58 -0700)
[2022-03-13 10:54:31] 
[2022-03-13 10:54:31] SoC: tegra186
[2022-03-13 10:54:31] Model: NVIDIA P2771-0000-500
[2022-03-13 10:54:31] Board: NVIDIA P2771-0000
[2022-03-13 10:54:31] DRAM:  7.8 GiB
[2022-03-13 10:54:31] MMC:   sdhci@3400000: 1, sdhci@3460000: 0
[2022-03-13 10:54:31] Loading Environment from MMC... *** Warning - bad CRC, using default environment
[2022-03-13 10:54:31] 
[2022-03-13 10:54:31] In:    serial
[2022-03-13 10:54:31] Out:   serial
[2022-03-13 10:54:31] Err:   serial
[2022-03-13 10:54:31] Net:   
[2022-03-13 10:54:31] Warning: ethernet@2490000 using MAC address from ROM
[2022-03-13 10:54:31] eth0: ethernet@2490000
[2022-03-13 10:54:31] Hit any key to stop autoboot:  2  1  0 
[2022-03-13 10:54:33] MMC: no card present
[2022-03-13 10:54:33] switch to partitions #0, OK
[2022-03-13 10:54:33] mmc0(part 0) is current device
[2022-03-13 10:54:33] Scanning mmc 0:1...
[2022-03-13 10:54:33] Found /boot/extlinux/extlinux.conf
[2022-03-13 10:54:33] Retrieving file: /boot/extlinux/extlinux.conf
[2022-03-13 10:54:33] 858 bytes read in 22 ms (38.1 KiB/s)
[2022-03-13 10:54:33] 1:	primary kernel
[2022-03-13 10:54:33] Retrieving file: /boot/initrd
[2022-03-13 10:54:34] 7238344 bytes read in 201 ms (34.3 MiB/s)
[2022-03-13 10:54:34] Retrieving file: /boot/Image
[2022-03-13 10:54:35] 34484232 bytes read in 829 ms (39.7 MiB/s)
[2022-03-13 10:54:35] append: console=ttyS0,115200 androidboot.presilicon=true firmware_class.path=/etc/firmware root=/dev/mmcblk0p1 rw rootwait rootfstype=ext4 console=ttyS0,115200n8 console=tty0 fbcon=map:0 net.ifnames=0 isolcpus=1-2  video=tegrafb earlycon=uart8250,mmio32,0x3100000 nvdumper_reserved=0x2772e0000 gpt rootfs.slot_suffix= usbcore.old_scheme_first=1 tegraid=18.1.2.0.0 maxcpus=6 no_console_suspend boot.slot_suffix= boot.ratchetvalues=0.2031647.1 vpr_resize bl_prof_dataptr=0x10000@0x275840000 sdhci_tegra.en_boot_part_access=1 quiet root=/dev/mmcblk0p1 rw rootwait rootfstype=ext4 console=ttyS0,115200n8 console=tty0 fbcon=map:0 net.ifnames=0 isolcpus=1-2 
[2022-03-13 10:54:35] ## Flattened Device Tree blob at 80000000
[2022-03-13 10:54:35]    Booting using the fdt blob at 0x80000000
[2022-03-13 10:54:35] ERROR: reserving fdt memory region failed (addr=0 size=0)
[2022-03-13 10:54:35] ERROR: reserving fdt memory region failed (addr=0 size=0)
[2022-03-13 10:54:35] ERROR: reserving fdt memory region failed (addr=0 size=0)
[2022-03-13 10:54:35]    Using Device Tree in place at 0000000080000000, end 0000000080060aa3
[2022-03-13 10:54:35] copying carveout for /host1x@13e00000/display-hub@15200000/display@15200000...
[2022-03-13 10:54:35] copying carveout for /host1x@13e00000/display-hub@15200000/display@15210000...
[2022-03-13 10:54:35] copying carveout for /host1x@13e00000/display-hub@15200000/display@15220000...
[2022-03-13 10:54:35] 
[2022-03-13 10:54:35] Starting kernel ...
[2022-03-13 10:54:35] 
[2022-03-13 10:54:35] [    0.000000] Booting Linux on physical CPU 0x100
[2022-03-13 10:54:35] [    0.000000] Linux version 4.9.253-tegra (buildbrain@mobile-u64-5497-d3000) (gcc version 7.3.1 20180425 [linaro-7.3-2018.05 revision d29120a424ecfbc167ef90065c0eeb7f91977701] (Linaro GCC 7.3-2018.05) ) #1 SMP PREEMPT Mon Jul 26 12:19:28 PDT 2021
[2022-03-13 10:54:35] [    0.000000] Boot CPU: AArch64 Processor [411fd073]
[2022-03-13 10:54:35] [    0.000000] OF: fdt:memory scan node memory@80000000, reg size 80,
[2022-03-13 10:54:35] [    0.000000] OF: fdt: - 80000000 ,  70000000
