[0000.276] I> Welcome to MB2(TBoot-BPMP)(version: 01.00.160913-t186-M-00.00-mobile-c368a720)
[2022-03-13 10:37:27] [0000.284] I> Boot-device: eMMC
[2022-03-13 10:37:27] [0000.291] I> sdmmc bdev is already initialized
[2022-03-13 10:37:27] [0000.296] I> pmic: reset reason (nverc)	: 0x80
[2022-03-13 10:37:27] [0000.329] I> Found 19 partitions in SDMMC_BOOT (instance 3)
[2022-03-13 10:37:27] [0000.349] I> Found 33 partitions in SDMMC_USER (instance 3)
[2022-03-13 10:37:27] [0000.355] W> No valid slot number is found in scratch register
[2022-03-13 10:37:27] [0000.361] W> Return default slot: _a
[2022-03-13 10:37:27] [0000.364] I> A/B: bin_type (16) slot 0
[2022-03-13 10:37:27] [0000.368] I> Loading partition bpmp-fw at 0xd7800000
[2022-03-13 10:37:27] [0000.373] I> Reading two headers - addr:0xd7800000 blocks:1
[2022-03-13 10:37:27] [0000.378] I> Addr: 0xd7800000, start-block: 58777608, num_blocks: 1
[2022-03-13 10:37:27] [0000.403] I> Binary(16) of size 534416 is loaded @ 0xd7800000
[2022-03-13 10:37:27] [0000.409] W> No valid slot number is found in scratch register
[2022-03-13 10:37:27] [0000.414] W> Return default slot: _a
[2022-03-13 10:37:27] [0000.418] I> A/B: bin_type (17) slot 0
[2022-03-13 10:37:27] [0000.421] I> Loading partition bpmp-fw-dtb at 0xd79f0000
[2022-03-13 10:37:27] [0000.427] I> Reading two headers - addr:0xd79f0000 blocks:1
[2022-03-13 10:37:27] [0000.432] I> Addr: 0xd79f0000, start-block: 58780024, num_blocks: 1
[2022-03-13 10:37:27] [0000.458] I> Binary(17) of size 604720 is loaded @ 0xd796c400
[2022-03-13 10:37:28] [0000.688] I> Loading SCE-FW ...
[2022-03-13 10:37:28] [0000.691] W> No valid slot number is found in scratch register
[2022-03-13 10:37:28] [0000.696] W> Return default slot: _a
[2022-03-13 10:37:28] [0000.700] I> A/B: bin_type (12) slot 0
[2022-03-13 10:37:28] [0000.703] I> Loading partition sce-fw at 0xd7300000
[2022-03-13 10:37:28] [0000.708] I> Reading two headers - addr:0xd7300000 blocks:1
[2022-03-13 10:37:28] [0000.714] I> Addr: 0xd7300000, start-block: 58784120, num_blocks: 1
[2022-03-13 10:37:28] [0000.733] I> Binary(12) of size 125632 is loaded @ 0xd7300000
[2022-03-13 10:37:28] [0000.738] I> Init SCE
[2022-03-13 10:37:28] [0000.741] I> Loading APE-FW ...
[2022-03-13 10:37:28] [0000.744] W> No valid slot number is found in scratch register
[2022-03-13 10:37:28] [0000.749] W> Return default slot: _a
[2022-03-13 10:37:28] [0000.753] I> A/B: bin_type (11) slot 0
[2022-03-13 10:37:28] [0000.756] I> Loading partition adsp-fw at 0xd7400000
[2022-03-13 10:37:28] [0000.761] I> Reading two headers - addr:0xd7400000 blocks:1
[2022-03-13 10:37:28] [0000.767] I> Addr: 0xd7400000, start-block: 58761224, num_blocks: 1
[2022-03-13 10:37:28] [0000.786] I> Binary(11) of size 77216 is loaded @ 0xd7400000
[2022-03-13 10:37:28] [0000.792] I> Copy BTCM section
[2022-03-13 10:37:28] [0000.794] W> No valid slot number is found in scratch register
[2022-03-13 10:37:28] [0000.800] W> Return default slot: _a
[2022-03-13 10:37:28] [0000.804] I> A/B: bin_type (13) slot 0
[2022-03-13 10:37:28] [0000.807] I> Loading partition cpu-bootloader at 0x96000000
[2022-03-13 10:37:28] [0000.813] I> Reading two headers - addr:0x96000000 blocks:1
[2022-03-13 10:37:28] [0000.818] I> Addr: 0x96000000, start-block: 58740744, num_blocks: 1
[2022-03-13 10:37:28] [0000.839] I> Binary(13) of size 308800 is loaded @ 0x96000000
[2022-03-13 10:37:28] [0000.845] W> No valid slot number is found in scratch register
[2022-03-13 10:37:28] [0000.850] W> Return default slot: _a
[2022-03-13 10:37:28] [0000.854] I> A/B: bin_type (20) slot 0
[2022-03-13 10:37:28] [0000.857] I> Loading partition bootloader-dtb at 0x85205400
[2022-03-13 10:37:28] [0000.863] I> Reading two headers - addr:0x85205400 blocks:1
[2022-03-13 10:37:28] [0000.868] I> Addr: 0x85205400, start-block: 58742792, num_blocks: 1
[2022-03-13 10:37:28] [0000.890] I> Binary(20) of size 375568 is loaded @ 0x85205400
[2022-03-13 10:37:28] [0000.896] W> No valid slot number is found in scratch register
[2022-03-13 10:37:28] [0000.902] W> Return default slot: _a
[2022-03-13 10:37:28] [0000.905] I> A/B: bin_type (14) slot 0
[2022-03-13 10:37:28] [0000.909] I> Loading partition secure-os at 0x85305600
[2022-03-13 10:37:28] [0000.914] I> Reading two headers - addr:0x85305600 blocks:1
[2022-03-13 10:37:28] [0000.919] I> Addr: 0x85305600, start-block: 58744840, num_blocks: 1
[2022-03-13 10:37:28] [0000.941] I> Binary(14) of size 402864 is loaded @ 0x85305600
[2022-03-13 10:37:28] [0000.949] I> TOS boot-params @ 0x85000000
[2022-03-13 10:37:28] [0000.953] I> TOS params prepared
[2022-03-13 10:37:28] [0000.956] I> Loading EKS ...
[2022-03-13 10:37:28] [0000.959] I> A/B: bin_type (15) slot 0
[2022-03-13 10:37:28] [0000.962] I> Loading partition eks at 0x85905800
[2022-03-13 10:37:28] [0000.967] I> Reading two headers - addr:0x85905800 blocks:1
[2022-03-13 10:37:28] [0000.972] I> Addr: 0x85905800, start-block: 58757128, num_blocks: 1
[2022-03-13 10:37:28] [0000.991] I> Binary(15) of size 1040 is loaded @ 0x85905800
[2022-03-13 10:37:28] [0000.996] I> EKB detected (length: 0x400) @ 0x85905800
[2022-03-13 10:37:28] [0001.002] I> Copied encrypted keys
[2022-03-13 10:37:28] [0001.005] I> boot profiler @ 0x275844000
[2022-03-13 10:37:28] [0001.009] I> boot profiler for TOS @ 0x275844000
[2022-03-13 10:37:28] [0001.014] I> Unhalting SCE
[2022-03-13 10:37:28] [0001.017] I> Primary Memory Start:80000000 Size:70000000
[2022-03-13 10:37:28] [0001.022] I> Extended Memory Start:f0110000 Size:1856f0000
[2022-03-13 10:37:28] [0001.029] I> MB2(TBoot-BPMP) done
[2022-03-13 10:37:28] 
[2022-03-13 10:37:28] NOTICE:  BL31: v1.3(release):b5eeb33f7
[2022-03-13 10:37:28] NOTICE:  BL31: Built : 12:15:17, Jul 26 2021
[2022-03-13 10:37:28] ipc-unittest-main: 1519: Welcome to IPC unittest!!!
[2022-03-13 10:37:28] ipc-unittest-main: 1531: waiting forever
[2022-03-13 10:37:28] ipc-unittest-srv: 329: Init unittest services!!!
[2022-03-13 10:37:28] hwkey-agent: 41: hwkey-agent is running!!
[2022-03-13 10:37:28] hwkey-agent: 315: key_mgnt_processing .......
[2022-03-13 10:37:28] hwkey-agent: 223: Setting EKB key 0 to slot 14
[2022-03-13 10:37:28] hwkey-agent: 178: Init hweky-agent services!!
[2022-03-13 10:37:28] luks-srv: 40: luks-srv is running!!
[2022-03-13 10:37:28] luks-srv: 157: Init luks-srv IPC services!!
[2022-03-13 10:37:28] platform_bootstrap_epilog: trusty bootstrap complete
[2022-03-13 10:37:28] [0001.401] I> Welcome to Cboot
[2022-03-13 10:37:28] [0001.404] I> Cboot Version: t186-00029e71
[2022-03-13 10:37:28] [0001.407] I> CPU-BL Params @ 0x275800000
[2022-03-13 10:37:28] [0001.411] I>  0) Base:0x00000000 Size:0x00000000
[2022-03-13 10:37:28] [0001.416] I>  1) Base:0x277f00000 Size:0x00100000
[2022-03-13 10:37:28] [0001.420] I>  2) Base:0x277e00000 Size:0x00100000
[2022-03-13 10:37:28] [0001.425] I>  3) Base:0x277d00000 Size:0x00100000
[2022-03-13 10:37:28] [0001.429] I>  4) Base:0x277c00000 Size:0x00100000
[2022-03-13 10:37:28] [0001.434] I>  5) Base:0x277b00000 Size:0x00100000
[2022-03-13 10:37:28] [0001.438] I>  6) Base:0x277800000 Size:0x00200000
[2022-03-13 10:37:28] [0001.443] I>  7) Base:0x277400000 Size:0x00400000
[2022-03-13 10:37:28] [0001.447] I>  8) Base:0x277a00000 Size:0x00100000
[2022-03-13 10:37:28] [0001.452] I>  9) Base:0x277300000 Size:0x00100000
[2022-03-13 10:37:28] [0001.456] I> 10) Base:0x276800000 Size:0x00800000
[2022-03-13 10:37:28] [0001.461] I> 11) Base:0x30000000 Size:0x00040000
[2022-03-13 10:37:28] [0001.465] I> 12) Base:0xf0000000 Size:0x00100000
[2022-03-13 10:37:28] [0001.470] I> 13) Base:0x30040000 Size:0x00001000
[2022-03-13 10:37:28] [0001.474] I> 14) Base:0x30048000 Size:0x00001000
[2022-03-13 10:37:28] [0001.479] I> 15) Base:0x30049000 Size:0x00001000
[2022-03-13 10:37:28] [0001.483] I> 16) Base:0x3004a000 Size:0x00001000
[2022-03-13 10:37:28] [0001.487] I> 17) Base:0x3004b000 Size:0x00001000
[2022-03-13 10:37:28] [0001.492] I> 18) Base:0x3004c000 Size:0x00001000
[2022-03-13 10:37:28] [0001.496] I> 19) Base:0x3004d000 Size:0x00001000
[2022-03-13 10:37:28] [0001.501] I> 20) Base:0x3004e000 Size:0x00001000
[2022-03-13 10:37:28] [0001.505] I> 21) Base:0x3004f000 Size:0x00001000
[2022-03-13 10:37:28] [0001.510] I> 22) Base:0x00000000 Size:0x00000000
[2022-03-13 10:37:28] [0001.514] I> 23) Base:0xf0100000 Size:0x00010000
[2022-03-13 10:37:28] [0001.518] I> 24) Base:0x00000000 Size:0x00000000
[2022-03-13 10:37:28] [0001.523] I> 25) Base:0x00000000 Size:0x00000000
[2022-03-13 10:37:28] [0001.527] I> 26) Base:0x00000000 Size:0x00000000
[2022-03-13 10:37:28] [0001.532] I> 27) Base:0x00000000 Size:0x00000000
[2022-03-13 10:37:28] [0001.536] I> 28) Base:0x84400000 Size:0x00400000
[2022-03-13 10:37:28] [0001.541] I> 29) Base:0x30000000 Size:0x00010000
[2022-03-13 10:37:28] [0001.545] I> 30) Base:0x278000000 Size:0x08000000
[2022-03-13 10:37:28] [0001.550] I> 31) Base:0x00000000 Size:0x00000000
[2022-03-13 10:37:28] [0001.554] I> 32) Base:0x276000000 Size:0x00600000
[2022-03-13 10:37:28] [0001.558] I> 33) Base:0x80000000 Size:0x70000000
[2022-03-13 10:37:28] [0001.563] I> 34) Base:0xf0110000 Size:0x1856f0000
[2022-03-13 10:37:28] [0001.567] I> 35) Base:0x00000000 Size:0x00000000
[2022-03-13 10:37:28] [0001.572] I> 36) Base:0x00000000 Size:0x00000000
[2022-03-13 10:37:28] [0001.576] I> 37) Base:0x2772e0000 Size:0x00020000
[2022-03-13 10:37:28] [0001.581] I> 38) Base:0x84000000 Size:0x00400000
[2022-03-13 10:37:28] [0001.585] I> 39) Base:0x96000000 Size:0x02000000
[2022-03-13 10:37:28] [0001.590] I> 40) Base:0x85000000 Size:0x01200000
[2022-03-13 10:37:28] [0001.594] I> 41) Base:0x275800000 Size:0x00500000
[2022-03-13 10:37:28] [0001.599] I> 42) Base:0x00000000 Size:0x00000000
[2022-03-13 10:37:28] [0001.603] I> 43) Base:0x00000000 Size:0x00000000
[2022-03-13 10:37:28] [0001.608] GIC-SPI Target CPU: 4
[2022-03-13 10:37:28] [0001.611] Interrupts Init done
[2022-03-13 10:37:28] [0001.614] calling constructors
[2022-03-13 10:37:29] [0001.617] initializing heap
[2022-03-13 10:37:29] [0001.620] initializing threads
[2022-03-13 10:37:29] [0001.623] initializing timers
[2022-03-13 10:37:29] [0001.626] creating bootstrap completion thread
[2022-03-13 10:37:29] [0001.631] top of bootstrap2()
[2022-03-13 10:37:29] [0001.634] CPU: ARM Cortex A57
[2022-03-13 10:37:29] [0001.637] CPU: MIDR: 0x411FD073, MPIDR: 0x80000100
[2022-03-13 10:37:29] [0001.642] initializing platform
[2022-03-13 10:37:29] [0001.645] I> Bl_dtb @0x85205400
[2022-03-13 10:37:29] [0001.648] I> gpio framework initialized
[2022-03-13 10:37:29] [0001.655] I> tegrabl_gpio_driver_register: register 'nvidia,tegra186-gpio' driver
[2022-03-13 10:37:29] [0001.665] I> tegrabl_gpio_driver_register: register 'nvidia,tegra186-gpio-aon' driver
[2022-03-13 10:37:29] [0001.673] I> GPIO framework and drivers are initialized.
[2022-03-13 10:37:29] [0001.678] I> Boot-device: eMMC
[2022-03-13 10:37:29] [0001.685] I> sdmmc bdev is already initialized
[2022-03-13 10:37:29] [0001.716] I> Found 19 partitions in SDMMC_BOOT (instance 3)
[2022-03-13 10:37:29] [0001.733] I> Found 33 partitions in SDMMC_USER (instance 3)
[2022-03-13 10:37:29] [0001.739] W> opt-in fuse is not set, skip fuse_burning
[2022-03-13 10:37:29] [0001.744] I> Reserved memory at 0xfbe00000 for U-Boot relocation
[2022-03-13 10:37:29] [0001.750] W> No valid slot number is found in scratch register
[2022-03-13 10:37:29] [0001.755] W> Return default slot: _a
[2022-03-13 10:37:29] [0001.765] I> A/B: bin_type (21) slot 0
[2022-03-13 10:37:29] [0001.768] I> Loading kernel-dtb from partition
[2022-03-13 10:37:29] [0001.773] I> Loading partition kernel-dtb at 0x80000000 from device(0x1)
[2022-03-13 10:37:29] [0001.790] I> Kernel_dtb @0x80000000
[2022-03-13 10:37:29] [0001.793] I> tegrabl_tca9539_init: i2c bus: 0, slave addr: 0xee
[2022-03-13 10:37:29] [0001.803] I> tegrabl_gpio_driver_register: register 'tca9539_gpio_driver' driver
[2022-03-13 10:37:29] [0001.811] I> tegrabl_tca9539_init: i2c bus: 0, slave addr: 0xe8
[2022-03-13 10:37:29] [0001.820] I> tegrabl_gpio_driver_register: register 'tca9539_gpio_driver' driver
[2022-03-13 10:37:29] [0001.830] I> fixed regulator driver initialized
[2022-03-13 10:37:29] [0001.863] I> register 'maxim' power off handle
[2022-03-13 10:37:29] [0001.869] I> virtual i2c enabled
[2022-03-13 10:37:29] [0001.872] I> registered 'maxim,max77620' pmic
[2022-03-13 10:37:29] [0001.877] I> tegrabl_gpio_driver_register: register 'max77620-gpio' driver
[2022-03-13 10:37:29] [0001.891] E> failed to read label property for node 324936: 13
[2022-03-13 10:37:29] [0001.899] E> failed to read reg property for node 325032: 13
[2022-03-13 10:37:29] [0001.907] E> failed to read reg property for node 325084: 13
[2022-03-13 10:37:29] [0001.916] E> failed to read label property for node 325168: 13
[2022-03-13 10:37:29] [0001.924] E> failed to read label property for node 325236: 13
[2022-03-13 10:37:29] [0001.933] E> failed to read reg property for node 325304: 13
[2022-03-13 10:37:29] [0001.941] E> failed to read reg property for node 325376: 13
[2022-03-13 10:37:29] [0001.951] I> Find /i2c@c250000's alias i2c7
[2022-03-13 10:37:29] [0001.955] I> Reading eeprom i2c=7 address=0x50
[2022-03-13 10:37:29] [0001.984] I> Device at /i2c@c250000:0x50
[2022-03-13 10:37:29] [0001.988] I> Reading eeprom i2c=7 address=0x57
[2022-03-13 10:37:29] [0002.017] I> Device at /i2c@c250000:0x57
[2022-03-13 10:37:29] [0002.021] I> Find /i2c@c240000's alias i2c1
[2022-03-13 10:37:29] [0002.025] I> Reading eeprom i2c=1 address=0x51
[2022-03-13 10:37:29] [0002.030] E> I2C: slave not found in slaves.
[2022-03-13 10:37:29] [0002.034] E> I2C: Could not write 0 bytes to slave: 0x00a2 with repeat start true.
[2022-03-13 10:37:29] [0002.042] E> I2C_DEV: Failed to send register address 0x00000000.
[2022-03-13 10:37:29] [0002.048] E> I2C_DEV: Could not read 256 registers of size 1 from slave 0xa2 at 0x00000000 via instance 1.
[2022-03-13 10:37:29] [0002.058] E> eeprom: Retry to read I2C slave device.
[2022-03-13 10:37:29] [0002.062] E> I2C: slave not found in slaves.
[2022-03-13 10:37:29] [0002.067] E> I2C: Could not write 0 bytes to slave: 0x00a2 with repeat start true.
[2022-03-13 10:37:29] [0002.074] E> I2C_DEV: Failed to send register address 0x00000000.
[2022-03-13 10:37:29] [0002.080] E> I2C_DEV: Could not read 256 registers of size 1 from slave 0xa2 at 0x00000000 via instance 1.
[2022-03-13 10:37:29] [0002.090] E> eeprom: Failed to read I2C slave device
[2022-03-13 10:37:29] [0002.094] I> Eeprom read failed 0x3526070d
[2022-03-13 10:37:29] [0002.099] I> Find /i2c@3160000's alias i2c0
[2022-03-13 10:37:29] [0002.103] I> Reading eeprom i2c=0 address=0x50
[2022-03-13 10:37:29] [0002.107] E> I2C: slave not found in slaves.
[2022-03-13 10:37:29] [0002.111] E> I2C: Could not write 0 bytes to slave: 0x00a0 with repeat start true.
[2022-03-13 10:37:29] [0002.119] E> I2C_DEV: Failed to send register address 0x00000000.
[2022-03-13 10:37:29] [0002.125] E> I2C_DEV: Could not read 256 registers of size 1 from slave 0xa0 at 0x00000000 via instance 0.
[2022-03-13 10:37:29] [0002.134] E> eeprom: Failed to read I2C slave device
[2022-03-13 10:37:29] [0002.139] I> Eeprom read failed 0x3526070d
[2022-03-13 10:37:29] [0002.144] I> Find /i2c@3180000's alias i2c2
[2022-03-13 10:37:29] [0002.148] I> Reading eeprom i2c=2 address=0x54
[2022-03-13 10:37:29] [0002.152] I> Enabling gpio chip_id = 2, gpio pin = 9
[2022-03-13 10:37:29] [0002.183] I> Disabling gpio chip_id = 2, gpio pin = 9
[2022-03-13 10:37:29] [0002.188] I> Device at /i2c@3180000:0x54
[2022-03-13 10:37:29] [0002.192] I> Reading eeprom i2c=2 address=0x57
[2022-03-13 10:37:29] [0002.196] I> Enabling gpio chip_id = 2, gpio pin = 9
[2022-03-13 10:37:29] [0002.202] E> I2C: slave not found in slaves.
[2022-03-13 10:37:29] [0002.206] E> I2C: Could not write 0 bytes to slave: 0x00ae with repeat start true.
[2022-03-13 10:37:29] [0002.214] E> I2C_DEV: Failed to send register address 0x00000000.
[2022-03-13 10:37:29] [0002.219] E> I2C_DEV: Could not read 256 registers of size 1 from slave 0xae at 0x00000000 via instance 2.
[2022-03-13 10:37:29] [0002.229] E> eeprom: Failed to read I2C slave device
[2022-03-13 10:37:29] [0002.234] I> Disabling gpio chip_id = 2, gpio pin = 9
[2022-03-13 10:37:29] [0002.239] I> Eeprom read failed 0x00000000
[2022-03-13 10:37:29] [0002.243] I> create_pm_ids: id: 3310-1000-D00-L, len: 15
[2022-03-13 10:37:29] [0002.248] I> config: mem-type:00,power-config:00,misc-config:00,modem-config:00,touch-config:00,display-config:00,, len: 93
[2022-03-13 10:37:29] [0002.259] I> create_pm_ids: id: 2597-0000-900-E, len: 15
[2022-03-13 10:37:29] [0002.264] I> config: mem-type:00,power-config:00,misc-config:00,modem-config:00,touch-config:00,display-config:00,, len: 93
[2022-03-13 10:37:29] [0002.275] I> create_pm_ids: id: 3326-1000-000-M, len: 15
[2022-03-13 10:37:29] [0002.280] I> config: mem-type:ff,power-config:ff,misc-config:ff,modem-config:ff,touch-config:ff,display-config:ff,, len: 93
[2022-03-13 10:37:29] [0002.315] I> enabling 'vdd-hdmi' regulator
[2022-03-13 10:37:29] [0002.331] I> regulator 'vdd-hdmi' already enabled
[2022-03-13 10:37:29] [0002.335] E> tegrabl_display_init_regulator: hdmi cable is not connected
[2022-03-13 10:37:29] [0002.342] E> tegrabl_display_get_pdata, failed to parse dtb settings
[2022-03-13 10:37:29] [0002.351] E> cannot find any other nvdisp nodes
[2022-03-13 10:37:29] [0002.355] E> no valid display unit config found in dtb
[2022-03-13 10:37:29] [0002.361] W> display init failed
[2022-03-13 10:37:29] [0002.364] initializing target
[2022-03-13 10:37:29] [0002.367] calling apps_init()
[2022-03-13 10:37:29] [0002.370] starting app kernel_boot_app
[2022-03-13 10:37:29] [0002.392] I> found decompressor handler: lz4-legacy
[2022-03-13 10:37:29] [0002.397] I> decompressing BMP blob ...
[2022-03-13 10:37:29] [0002.409] I> Kernel type = Normal
[2022-03-13 10:37:29] [0002.412] I> ########## Fixed storage boot ##########
[2022-03-13 10:37:29] [0002.417] I> Loading kernel-bootctrl from partition
[2022-03-13 10:37:29] [0002.422] I> Loading partition kernel-bootctrl at 0xa8000000 from device(0x1)
[2022-03-13 10:37:29] [0002.436] W> tegrabl_get_kernel_bootctrl: magic number(0x00000000) is invalid
[2022-03-13 10:37:29] [0002.443] W> tegrabl_get_kernel_bootctrl: use default dummy boot control data
[2022-03-13 10:37:29] [0002.450] W> No valid slot number is found in scratch register
[2022-03-13 10:37:29] [0002.455] W> Return default slot: _a
[2022-03-13 10:37:29] [0002.459] I> A/B: bin_type (24) slot 0
[2022-03-13 10:37:29] [0002.475] I> Boot image size read from image header: 9913d
[2022-03-13 10:37:29] [0002.480] I> Boot image load address: 0x80400000
[2022-03-13 10:37:29] [0002.484] I> Loading kernel from partition
[2022-03-13 10:37:29] [0002.488] I> Loading partition kernel at 0x80400000 from device(0x1)
[2022-03-13 10:37:30] [0003.431] I> Validate kernel ...
[2022-03-13 10:37:30] [0003.434] I> T18x: Authenticate kernel (bin_type 24), max size 0x4000000
[2022-03-13 10:37:30] [0003.442] I> Decrypt the buffer ... [0003.445] W> tegrabl_decrypt_block: fuse (0x0) is not burnt to do encryption (0x4); skip decryption.
[2022-03-13 10:37:30] [0003.454] I> done
[2022-03-13 10:37:30] [0003.456] I> Checking boot.img header magic ... [0003.460] I> [OK]
[2022-03-13 10:37:30] [0003.462] I> kernel-dtb is already loaded
[2022-03-13 10:37:30] [0003.466] I> Validate kernel-dtb ...
[2022-03-13 10:37:30] [0003.469] I> T18x: Authenticate kernel-dtb (bin_type 21), max size 0x100000
[2022-03-13 10:37:30] [0003.477] I> Decrypt the buffer ... [0003.480] W> tegrabl_decrypt_block: fuse (0x0) is not burnt to do encryption (0x4); skip decryption.
[2022-03-13 10:37:30] [0003.489] I> done
[2022-03-13 10:37:30] [0003.491] I> Kernel hdr @0x80400000
[2022-03-13 10:37:30] [0003.494] I> Kernel dtb @0x80000000
[2022-03-13 10:37:30] [0003.497] I> decompressor handler not found
[2022-03-13 10:37:30] [0003.501] I> Copying kernel image (627005 bytes) from 0x80400800 to 0x80600000 ... [0003.509] I> Done
[2022-03-13 10:37:30] [0003.510] I> Move ramdisk (len: 0) from 0x8049a000 to 0x947d0000
[2022-03-13 10:37:30] [0003.518] I> Updated bpmp info to DTB
[2022-03-13 10:37:30] [0003.524] I> Ramdisk: Base: 0x947d0000; Size: 0x0
[2022-03-13 10:37:30] [0003.529] I> Updated initrd info to DTB
[2022-03-13 10:37:30] [0003.532] W> WARN: Fail to override "console=none" in commandline
[2022-03-13 10:37:30] [0003.538] I> Active rootfs suffix: 
[2022-03-13 10:37:30] [0003.542] E> tegrabl_linuxboot_add_disp_param, du 0 failed to get display params
[2022-03-13 10:37:30] [0003.549] E> tegrabl_linuxboot_add_disp_param, du 0 failed to get display params
[2022-03-13 10:37:30] [0003.556] E> tegrabl_linuxboot_add_disp_param, du 0 failed to get display params
[2022-03-13 10:37:30] [0003.563] I> disabled_core_mask: 0xffffff0c
[2022-03-13 10:37:30] [0003.567] W> No valid slot number is found in scratch register
[2022-03-13 10:37:30] [0003.573] W> Return default slot: _a
[2022-03-13 10:37:30] [0003.576] I> Active slot suffix: 
[2022-03-13 10:37:30] [0003.579] I> add_boot_slot_suffix: slot_suffix = 
[2022-03-13 10:37:30] [0003.584] I> Linux Cmdline: console=ttyS0,115200 androidboot.presilicon=true firmware_class.path=/etc/firmware root=/dev/mmcblk0p1 rw rootwait rootfstype=ext4 console=ttyS0,115200n8 console=tty0 fbcon=map:0 net.ifnames=0 isolcpus=1-2  video=tegrafb earlycon=uart8250,mmio32,0x3100000 nvdumper_reserved=0x2772e0000 gpt rootfs.slot_suffix= usbcore.old_scheme_first=1 tegraid=18.1.2.0.0 maxcpus=6 no_console_suspend boot.slot_suffix= boot.ratchetvalues=0.2031647.1 vpr_resize bl_prof_dataptr=0x10000@0x275840000 sdhci_tegra.en_boot_part_access=1 
[2022-03-13 10:37:31] [0003.631] I> Updated bootarg info to DTB
[2022-03-13 10:37:31] [0003.635] I> eeprom_get_mac_addr: MAC (type: 0): 48:b0:2d:0f:11:c5
[2022-03-13 10:37:31] [0003.641] I> eeprom_get_mac_addr: MAC (type: 1): 48:b0:2d:0f:11:c6
[2022-03-13 10:37:31] [0003.648] I> eeprom_get_mac_addr: MAC (type: 2): 48:b0:2d:0f:11:c7
[2022-03-13 10:37:31] [0003.654] E> Found no plugin manager ids in source DT
[2022-03-13 10:37:31] [0003.659] W> Add plugin manager ids from board info
[2022-03-13 10:37:31] [0003.663] W> "plugin-manager" doesn't exist, creating
[2022-03-13 10:37:31] [0003.668] W> "ids" doesn't exist, creating
[2022-03-13 10:37:31] [0003.672] W> "connection" doesn't exist, creating
[2022-03-13 10:37:31] [0003.677] W> "configs" doesn't exist, creating
[2022-03-13 10:37:31] [0003.681] I> create_pm_ids: id: 3310-1000-D00-L, len: 15
[2022-03-13 10:37:31] [0003.686] I> config: mem-type:00,power-config:00,misc-config:00,modem-config:00,touch-config:00,display-config:00,, len: 93
[2022-03-13 10:37:31] [0003.697] I> create_pm_ids: id: 2597-0000-900-E, len: 15
[2022-03-13 10:37:31] [0003.702] I> config: mem-type:00,power-config:00,misc-config:00,modem-config:00,touch-config:00,display-config:00,, len: 93
[2022-03-13 10:37:31] [0003.713] I> create_pm_ids: id: 3326-1000-000-M, len: 15
[2022-03-13 10:37:31] [0003.719] I> config: mem-type:ff,power-config:ff,misc-config:ff,modem-config:ff,touch-config:ff,display-config:ff,, len: 93
[2022-03-13 10:37:31] [0003.729] I> Adding plugin-manager/ids/3310-1000-D00=/i2c@c250000:module@0x50
[2022-03-13 10:37:31] [0003.737] W> "i2c@c250000" doesn't exist, creating
[2022-03-13 10:37:31] [0003.741] W> "module@0x50" doesn't exist, creating
[2022-03-13 10:37:31] [0003.746] I> Adding plugin-manager/ids/2597-0000-900=/i2c@c250000:module@0x57
[2022-03-13 10:37:31] [0003.754] W> "module@0x57" doesn't exist, creating
[2022-03-13 10:37:31] [0003.759] I> Adding plugin-manager/ids/3326-1000-000=/i2c@3180000:module@0x54
[2022-03-13 10:37:31] [0003.766] W> "i2c@3180000" doesn't exist, creating
[2022-03-13 10:37:31] [0003.770] W> "module@0x54" doesn't exist, creating
[2022-03-13 10:37:31] [0003.777] I> Adding plugin-manager/ids/3310-1000-D00-L
[2022-03-13 10:37:31] [0003.784] I> Adding plugin-manager/configs/3310-mem-type 00
[2022-03-13 10:37:31] [0003.790] I> Adding plugin-manager/configs/3310-power-config 00
[2022-03-13 10:37:31] [0003.796] I> Adding plugin-manager/configs/3310-misc-config 00
[2022-03-13 10:37:31] [0003.802] I> Adding plugin-manager/configs/3310-modem-config 00
[2022-03-13 10:37:31] [0003.808] I> Adding plugin-manager/configs/3310-touch-config 00
[2022-03-13 10:37:31] [0003.814] I> Adding plugin-manager/configs/3310-display-config 00
[2022-03-13 10:37:31] [0003.820] I> Adding plugin-manager/cvm
[2022-03-13 10:37:31] [0003.824] W> "chip-id" doesn't exist, creating
[2022-03-13 10:37:31] [0003.828] I> Adding plugin-manager/chip-id/A02P
[2022-03-13 10:37:31] [0003.833] W> "odm-data" doesn't exist, creating
[2022-03-13 10:37:31] [0003.837] I> Adding /chosen/plugin-manager/odm-data
[2022-03-13 10:37:31] [0003.847] I> added [base:0x80000000, size:0x70000000] to /memory
[2022-03-13 10:37:31] [0003.853] I> added [base:0xf0200000, size:0x185600000] to /memory
[2022-03-13 10:37:31] [0003.859] I> added [base:0x275e00000, size:0x200000] to /memory
[2022-03-13 10:37:31] [0003.865] I> added [base:0x276600000, size:0x200000] to /memory
[2022-03-13 10:37:31] [0003.870] I> added [base:0x277000000, size:0x200000] to /memory
[2022-03-13 10:37:31] [0003.876] I> Updated memory info to DTB
[2022-03-13 10:37:31] [0003.881] E> add_disp_param: failed to get display params for du=0
[2022-03-13 10:37:31] [0003.889] W> "reset" doesn't exist, creating
[2022-03-13 10:37:31] [0003.893] W> "pmc-reset-reason" doesn't exist, creating
[2022-03-13 10:37:31] [0003.898] W> "pmic-reset-reason" doesn't exist, creating
[2022-03-13 10:37:31] [0003.905] I> Adding ecid(00000001646db7851000000013038200) to DT
[2022-03-13 10:37:31] [0003.910] I> disabled_core_mask: 0xffffff0c
[2022-03-13 10:37:31] [0003.923] I> Add serial number:1422420022173 as DT property
[2022-03-13 10:37:31] [0003.932] I> Plugin-manager override starting
[2022-03-13 10:37:31] [0003.938] I> node /plugin-manager/fragement@0 matches
[2022-03-13 10:37:31] [0003.948] I> node /plugin-manager/fragement@4 matches
[2022-03-13 10:37:31] [0003.961] I> node /plugin-manager/fragment-sdwake-p3310-1000-300 matches
[2022-03-13 10:37:31] [0003.981] I> node /plugin-manager/fragement-pmon-p3310-1000-300 matches
[2022-03-13 10:37:31] [0003.991] I> node /plugin-manager/fragement-pmon-p3310-1000-800 matches
[2022-03-13 10:37:31] [0003.999] I> node /plugin-manager/fragment-devslp@0 matches
[2022-03-13 10:37:31] [0004.012] I> node /plugin-manager/fragment-500-pcie-config matches
[2022-03-13 10:37:31] [0004.027] I> node /plugin-manager/fragment-500-xusb-config matches
[2022-03-13 10:37:31] [0004.050] I> node /plugin-manager/fragment-p3310-c00-comm matches
[2022-03-13 10:37:31] [0004.064] I> node /plugin-manager/fragment-p3310-c00-pmic matches
[2022-03-13 10:37:31] [0004.074] I> node /plugin-manager/fragment-p3310-c01 matches
[2022-03-13 10:37:31] [0004.087] I> node /plugin-manager/fragment-p3310-c03 matches
[2022-03-13 10:37:31] [0004.130] I> node /plugin-manager/fragment-e3326@0 matches
[2022-03-13 10:37:31] [0004.212] I> node /plugin-manager/fragment-p3310-c00-camera matches
[2022-03-13 10:37:31] [0004.239] I> Disable plugin-manager status in FDT
[2022-03-13 10:37:31] [0004.243] I> Plugin-manager override finished successfully
[2022-03-13 10:37:31] [0004.249] I> tegrabl_load_kernel_and_dtb: Done
[2022-03-13 10:37:31] [0004.253] E> tegrabl_display_clear: display is not initialized
[2022-03-13 10:37:31] [0004.259] W> Boot logo display failed...
[2022-03-13 10:37:31] [0004.262] I> Kernel EP: 0x80600000, DTB: 0x80000000
[2022-03-13 10:37:31] 
[2022-03-13 10:37:31] 
[2022-03-13 10:37:31] U-Boot 2020.04-g46e4604c78 (Jul 26 2021 - 12:10:58 -0700)
[2022-03-13 10:37:31] 
[2022-03-13 10:37:31] SoC: tegra186
[2022-03-13 10:37:31] Model: NVIDIA P2771-0000-500
[2022-03-13 10:37:31] Board: NVIDIA P2771-0000
[2022-03-13 10:37:31] DRAM:  7.8 GiB
[2022-03-13 10:37:31] MMC:   sdhci@3400000: 1, sdhci@3460000: 0
[2022-03-13 10:37:31] Loading Environment from MMC... *** Warning - bad CRC, using default environment
[2022-03-13 10:37:31] 
[2022-03-13 10:37:31] In:    serial
[2022-03-13 10:37:31] Out:   serial
[2022-03-13 10:37:31] Err:   serial
[2022-03-13 10:37:31] Net:   
[2022-03-13 10:37:31] Warning: ethernet@2490000 using MAC address from ROM
[2022-03-13 10:37:31] eth0: ethernet@2490000
[2022-03-13 10:37:31] Hit any key to stop autoboot:  2  1  0 
[2022-03-13 10:37:33] MMC: no card present
[2022-03-13 10:37:33] switch to partitions #0, OK
[2022-03-13 10:37:33] mmc0(part 0) is current device
[2022-03-13 10:37:34] Scanning mmc 0:1...
[2022-03-13 10:37:34] Found /boot/extlinux/extlinux.conf
[2022-03-13 10:37:34] Retrieving file: /boot/extlinux/extlinux.conf
[2022-03-13 10:37:34] 858 bytes read in 22 ms (38.1 KiB/s)
[2022-03-13 10:37:34] 1:	primary kernel
[2022-03-13 10:37:34] Retrieving file: /boot/initrd
[2022-03-13 10:37:34] 7238344 bytes read in 201 ms (34.3 MiB/s)
[2022-03-13 10:37:34] Retrieving file: /boot/Image
[2022-03-13 10:37:35] 34484232 bytes read in 829 ms (39.7 MiB/s)
[2022-03-13 10:37:35] append: console=ttyS0,115200 androidboot.presilicon=true firmware_class.path=/etc/firmware root=/dev/mmcblk0p1 rw rootwait rootfstype=ext4 console=ttyS0,115200n8 console=tty0 fbcon=map:0 net.ifnames=0 isolcpus=1-2  video=tegrafb earlycon=uart8250,mmio32,0x3100000 nvdumper_reserved=0x2772e0000 gpt rootfs.slot_suffix= usbcore.old_scheme_first=1 tegraid=18.1.2.0.0 maxcpus=6 no_console_suspend boot.slot_suffix= boot.ratchetvalues=0.2031647.1 vpr_resize bl_prof_dataptr=0x10000@0x275840000 sdhci_tegra.en_boot_part_access=1 quiet root=/dev/mmcblk0p1 rw rootwait rootfstype=ext4 console=ttyS0,115200n8 console=tty0 fbcon=map:0 net.ifnames=0 isolcpus=1-2 
[2022-03-13 10:37:35] ## Flattened Device Tree blob at 80000000
[2022-03-13 10:37:35]    Booting using the fdt blob at 0x80000000
[2022-03-13 10:37:35] ERROR: reserving fdt memory region failed (addr=0 size=0)
[2022-03-13 10:37:35] ERROR: reserving fdt memory region failed (addr=0 size=0)
[2022-03-13 10:37:35] ERROR: reserving fdt memory region failed (addr=0 size=0)
[2022-03-13 10:37:35]    Using Device Tree in place at 0000000080000000, end 0000000080060aa3
[2022-03-13 10:37:35] copying carveout for /host1x@13e00000/display-hub@15200000/display@15200000...
[2022-03-13 10:37:35] copying carveout for /host1x@13e00000/display-hub@15200000/display@15210000...
[2022-03-13 10:37:35] copying carveout for /host1x@13e00000/display-hub@15200000/display@15220000...
[2022-03-13 10:37:35] 
[2022-03-13 10:37:35] Starting kernel ...
[2022-03-13 10:37:35] 
[2022-03-13 10:37:35] [    0.000000] Booting Linux on physical CPU 0x100
[2022-03-13 10:37:35] [    0.000000] Linux version 4.9.253-tegra (buildbrain@mobile-u64-5497-d3000) (gcc version 7.3.1 20180425 [linaro-7.3-2018.05 revision d29120a424ecfbc167ef90065c0eeb7f91977701] (Linaro GCC 7.3-2018.05) ) #1 SMP PREEMPT Mon Jul 26 12:19:28 PDT 2021
[2022-03-13 10:37:35] [    0.000000] Boot CPU: AArch64 Processor [411fd073]
[2022-03-13 10:37:35] [    0.000000] OF: fdt:memory scan node memory@80000000, reg size 80,
[2022-03-13 10:37:35] [    0.000000] OF: fdt: - 80000000 ,  70000000
[2022-03-13 10:37:35] [    0.000000] OF: fdt: - f0200000 ,  185600000
[2022-03-13 10:37:35] [    0.000000] OF: fdt: - 275e00000 ,  200000
[2022-03-13 10:37:35] [    0.000000] OF: fdt: - 276600000 ,  200000
[2022-03-13 10:37:35] [    0.000000] OF: fdt: - 277000000 ,  200000
[2022-03-13 10:37:35] [    0.000000] earlycon: uart8250 at MMIO32 0x0000000003100000 (options '')
[2022-03-13 10:37:35] [    0.000000] bootconsole [uart8250] enabled
[2022-03-13 10:37:37] [    1.820193] cgroup: cgroup2: unknown option "nsdelegate"
[2022-03-13 10:37:39] [    2.999509] using random self ethernet address
[2022-03-13 10:37:39] [    3.020601] using random host ethernet address
[2022-03-13 10:37:39] [    3.242600] random: crng init done
[2022-03-13 10:37:39] [    3.246008] random: 7 urandom warning(s) missed due to ratelimiting
[2022-03-13 10:37:39] [    3.700656] using random self ethernet address
[2022-03-13 10:37:39] [    3.710684] using random host ethernet address
[2022-03-13 10:37:39] [    3.906320] CPU1: shutdown
[2022-03-13 10:37:40] [    3.989941] CPU2: shutdown
[2022-03-13 10:37:40] [    4.877469] Bridge firewalling registered
[2022-03-13 10:37:45] 
[2022-03-13 10:37:45] Ubuntu 18.04.5 LTS JTX2-A ttyS0
[2022-03-13 10:37:45] 
[2022-03-13 10:37:45] JTX2-A login: [   78.918992] nvgpu: 17000000.gp10b                     gp10b_ltc_isr:298  [ERR]  mc_ltc_intr: 00000001
[2022-03-13 10:38:54] [   78.928399] nvgpu: 17000000.gp10b                 gp10b_ltc_lts_isr:252  [ERR]  Single bit error detected in GPU L2!
[2022-03-13 10:38:55] [   78.939056] nvgpu: 17000000.gp10b                 gp10b_ltc_lts_isr:286  [ERR]  ltc0, slice 0: bb4f0110
[2022-03-13 10:39:09] [   93.798178] CPU0: SError detected, daif=1c0, spsr=0xc5, mpidr=80000100, esr=bf40c000
[2022-03-13 10:39:09] [   93.798181] CPU4: SError detected, daif=1c0, spsr=0x800000c5, mpidr=80000102, esr=bf40c000
[2022-03-13 10:39:09] [   93.798183] CPU3: SError detected, daif=1c0, spsr=0x800000c5, mpidr=80000101, esr=bf40c000
[2022-03-13 10:39:09] [   93.798185] CPU5: SError detected, daif=1c0, spsr=0x800000c5, mpidr=80000103, esr=bf40c000
[2022-03-13 10:39:09] [   93.798186] **************************************
[2022-03-13 10:39:09] [   93.798190] A57 CPU Memory Error on CPU 4 (A57 Core 2)
[2022-03-13 10:39:09] [   93.798191] 	ESR:               0xbf40c000
[2022-03-13 10:39:09] [   93.798194] 	L2MERRSR: 0x50091254248
[2022-03-13 10:39:09] [   93.798196] 	L2 Data RAM: 0x11
[2022-03-13 10:39:09] [   93.798197] 	CPU ID of Error:    4
[2022-03-13 10:39:09] [   93.798198] 	WAY of Error:       1
[2022-03-13 10:39:09] [   93.798199] 	Index of Error:     82504
[2022-03-13 10:39:09] [   93.798200] 	Repeat Error Count: 0
[2022-03-13 10:39:09] [   93.798201] 	Other Error Count:  5
[2022-03-13 10:39:09] [   93.798202] **************************************
[2022-03-13 10:39:09] [   93.804769] ROC:CCE Machine Check Error:
[2022-03-13 10:39:09] [   93.804773] 	Address Type = Non-Secure DRAM
[2022-03-13 10:39:09] [   93.804800] 	Address = 0x25f6ea5c0 -- System RAM + 0x16f4ea5c0
[2022-03-13 10:39:09] [   93.807374] Bad mode in Error handler detected on CPU4, code 0xbf40c000 -- SError
[2022-03-13 10:39:09] [   93.807376] Kernel panic - not syncing: bad mode
[2022-03-13 10:39:09] [   93.807380] CPU: 4 PID: 0 Comm: swapper/4 Not tainted 4.9.253-tegra #1
[2022-03-13 10:39:09] [   93.807381] Hardware name: quill (DT)
[2022-03-13 10:39:09] [   93.807382] Call trace:
[2022-03-13 10:39:09] [   93.807390] [<ffffff800808ba40>] dump_backtrace+0x0/0x198
[2022-03-13 10:39:09] [   93.807393] [<ffffff800808c004>] show_stack+0x24/0x30
[2022-03-13 10:39:09] [   93.807398] [<ffffff8008f6121c>] dump_stack+0xa0/0xc4
[2022-03-13 10:39:09] [   93.807401] [<ffffff8008f5e2c0>] panic+0x12c/0x2a8
[2022-03-13 10:39:09] [   93.807403] [<ffffff800808c894>] bad_mode+0x7c/0x80
[2022-03-13 10:39:10] [   93.807405] [<ffffff800808ca5c>] handle_serr+0x124/0x128
[2022-03-13 10:39:10] [   93.807407] [<ffffff8008082d98>] el1_serr+0xb0/0x144
[2022-03-13 10:39:10] [   93.807412] [<ffffff8008ba09ac>] cpuidle_enter_state+0x84/0x380
[2022-03-13 10:39:10] [   93.807414] [<ffffff8008ba0d1c>] cpuidle_enter+0x34/0x48
[2022-03-13 10:39:10] [   93.807417] [<ffffff800811139c>] call_cpuidle+0x44/0x70
[2022-03-13 10:39:10] [   93.807419] [<ffffff8008111718>] cpu_startup_entry+0x1b0/0x200
[2022-03-13 10:39:10] [   93.807422] [<ffffff8008091cf8>] secondary_start_kernel+0x190/0x1f8
[2022-03-13 10:39:10] [   93.807424] [<000000008116e1a8>] 0x8116e1a8
[2022-03-13 10:39:10] [   93.807428] SMP: stopping secondary CPUs
[2022-03-13 10:39:10] [   93.813622] ROC:CCE Machine Check Error:
[2022-03-13 10:39:10] [   93.813624] 	Address Type = Secure DRAM
[2022-03-13 10:39:10] [   93.813631] 	Address = 0x27f5ea5c2 (Unknown Device)
[2022-03-13 10:39:10] [   93.816222] CPU3: SError detected, daif=1c0, spsr=0x800000c5, mpidr=80000101, esr=bf40c000
[2022-03-13 10:39:10] [   93.822814] ROC:CCE Machine Check Error:
[2022-03-13 10:39:10] [   93.822817] 	Address Type = Secure DRAM
[2022-03-13 10:39:10] [   93.822822] 	Address = 0x27f5ea5c2 (Unknown Device)
[2022-03-13 10:39:10] [   93.831761] ROC:CCE Machine Check Error:
[2022-03-13 10:39:10] [   93.831762] 	Address Type = Secure DRAM
[2022-03-13 10:39:10] [   93.831765] 	Address = 0x27f5ea5c2 (Unknown Device)
[2022-03-13 10:39:10] [   93.834362] CPU3: SError detected, daif=1c0, spsr=0x800000c5, mpidr=80000101, esr=bf40c000
[2022-03-13 10:39:10] [   93.840971] ROC:CCE Machine Check Error:
[2022-03-13 10:39:10] [   93.840973] 	Address Type = Secure DRAM
[2022-03-13 10:39:10] [   93.840976] 	Address = 0x27f5ea5c2 (Unknown Device)
[2022-03-13 10:39:10] [   94.057076] ROC:CCE Machine Check Error:
[2022-03-13 10:39:10] [   94.060990] 	Address Type = Secure DRAM
[2022-03-13 10:39:10] [   94.064821] 	Address = 0x27f5ea5c2 (Unknown Device)
[2022-03-13 10:39:10] [   94.071722] CPU0: SError detected, daif=1c0, spsr=0xc5, mpidr=80000100, esr=bf40c000
[2022-03-13 10:39:10] [   94.085526] ROC:CCE Machine Check Error:
[2022-03-13 10:39:10] [   94.089440] 	Address Type = Secure DRAM
[2022-03-13 10:39:10] [   94.093268] 	Address = 0x27f5ea5c2 (Unknown Device)
[2022-03-13 10:39:10] [   94.100400] Kernel Offset: disabled
[2022-03-13 10:39:10] [   94.103883] Memory Limit: none
[2022-03-13 10:39:10] [   94.106929] trusty-log panic notifier - trusty version Built: 12:20:14 Jul 26 2021 [   94.119343] Rebooting in 5 seconds..
[2022-03-13 10:39:15] [0000.160] I> Welcome to MB2(TBoot-BPMP)(version: 01.00.160913-t186-M-00.00-mobile-c368a720)
[2022-03-13 10:39:15] [0000.169] I> Boot-device: eMMC
[2022-03-13 10:39:15] [0000.176] I> sdmmc bdev is already initialized
[2022-03-13 10:39:15] [0000.181] I> pmic: reset reason (nverc)	: 0x0
[2022-03-13 10:39:15] [0000.214] I> Found 19 partitions in SDMMC_BOOT (instance 3)
[2022-03-13 10:39:15] [0000.234] I> Found 33 partitions in SDMMC_USER (instance 3)
[2022-03-13 10:39:15] [0000.240] W> No valid slot number is found in scratch register
[2022-03-13 10:39:15] [0000.245] W> Return default slot: _a
[2022-03-13 10:39:15] [0000.249] I> A/B: bin_type (16) slot 0
[2022-03-13 10:39:15] [0000.252] I> Loading partition bpmp-fw at 0xd7800000
[2022-03-13 10:39:15] [0000.257] I> Reading two headers - addr:0xd7800000 blocks:1
[2022-03-13 10:39:15] [0000.263] I> Addr: 0xd7800000, start-block: 58777608, num_blocks: 1
[2022-03-13 10:39:15] [0000.287] I> Binary(16) of size 534416 is loaded @ 0xd7800000
[2022-03-13 10:39:15] [0000.293] W> No valid slot number is found in scratch register
[2022-03-13 10:39:15] [0000.299] W> Return default slot: _a
[2022-03-13 10:39:15] [0000.302] I> A/B: bin_type (17) slot 0
[2022-03-13 10:39:15] [0000.306] I> Loading partition bpmp-fw-dtb at 0xd79f0000
[2022-03-13 10:39:15] [0000.311] I> Reading two headers - addr:0xd79f0000 blocks:1
[2022-03-13 10:39:15] [0000.316] I> Addr: 0xd79f0000, start-block: 58780024, num_blocks: 1
[2022-03-13 10:39:15] [0000.342] I> Binary(17) of size 604720 is loaded @ 0xd796c400
[2022-03-13 10:39:15] [0000.571] I> Loading SCE-FW ...
[2022-03-13 10:39:15] [0000.574] W> No valid slot number is found in scratch register
[2022-03-13 10:39:15] [0000.579] W> Return default slot: _a
[2022-03-13 10:39:15] [0000.583] I> A/B: bin_type (12) slot 0
[2022-03-13 10:39:15] [0000.586] I> Loading partition sce-fw at 0xd7300000
[2022-03-13 10:39:15] [0000.591] I> Reading two headers - addr:0xd7300000 blocks:1
[2022-03-13 10:39:15] [0000.597] I> Addr: 0xd7300000, start-block: 58784120, num_blocks: 1
[2022-03-13 10:39:15] [0000.616] I> Binary(12) of size 125632 is loaded @ 0xd7300000
[2022-03-13 10:39:15] [0000.621] I> Init SCE
[2022-03-13 10:39:15] [0000.624] I> Loading APE-FW ...
[2022-03-13 10:39:15] [0000.627] W> No valid slot number is found in scratch register
[2022-03-13 10:39:15] [0000.632] W> Return default slot: _a
[2022-03-13 10:39:15] [0000.636] I> A/B: bin_type (11) slot 0
[2022-03-13 10:39:15] [0000.639] I> Loading partition adsp-fw at 0xd7400000
[2022-03-13 10:39:15] [0000.644] I> Reading two headers - addr:0xd7400000 blocks:1
[2022-03-13 10:39:15] [0000.650] I> Addr: 0xd7400000, start-block: 58761224, num_blocks: 1
[2022-03-13 10:39:15] [0000.669] I> Binary(11) of size 77216 is loaded @ 0xd7400000
[2022-03-13 10:39:15] [0000.675] I> Copy BTCM section
[2022-03-13 10:39:15] [0000.677] W> No valid slot number is found in scratch register
[2022-03-13 10:39:15] [0000.683] W> Return default slot: _a
[2022-03-13 10:39:15] [0000.687] I> A/B: bin_type (13) slot 0
[2022-03-13 10:39:15] [0000.690] I> Loading partition cpu-bootloader at 0x96000000
[2022-03-13 10:39:15] [0000.696] I> Reading two headers - addr:0x96000000 blocks:1
[2022-03-13 10:39:15] [0000.701] I> Addr: 0x96000000, start-block: 58740744, num_blocks: 1
[2022-03-13 10:39:15] [0000.722] I> Binary(13) of size 308800 is loaded @ 0x96000000
[2022-03-13 10:39:15] [0000.728] W> No valid slot number is found in scratch register
[2022-03-13 10:39:15] [0000.733] W> Return default slot: _a
[2022-03-13 10:39:15] [0000.737] I> A/B: bin_type (20) slot 0
[2022-03-13 10:39:15] [0000.740] I> Loading partition bootloader-dtb at 0x85205400
[2022-03-13 10:39:15] [0000.746] I> Reading two headers - addr:0x85205400 blocks:1
[2022-03-13 10:39:15] [0000.751] I> Addr: 0x85205400, start-block: 58742792, num_blocks: 1
[2022-03-13 10:39:15] [0000.773] I> Binary(20) of size 375568 is loaded @ 0x85205400
[2022-03-13 10:39:15] [0000.779] W> No valid slot number is found in scratch register
[2022-03-13 10:39:15] [0000.785] W> Return default slot: _a
[2022-03-13 10:39:15] [0000.788] I> A/B: bin_type (14) slot 0
[2022-03-13 10:39:15] [0000.792] I> Loading partition secure-os at 0x85305600
[2022-03-13 10:39:15] [0000.797] I> Reading two headers - addr:0x85305600 blocks:1
[2022-03-13 10:39:15] [0000.802] I> Addr: 0x85305600, start-block: 58744840, num_blocks: 1
[2022-03-13 10:39:16] [0000.824] I> Binary(14) of size 402864 is loaded @ 0x85305600
[2022-03-13 10:39:16] [0000.832] I> TOS boot-params @ 0x85000000
[2022-03-13 10:39:16] [0000.836] I> TOS params prepared
[2022-03-13 10:39:16] [0000.839] I> Loading EKS ...
[2022-03-13 10:39:16] [0000.842] I> A/B: bin_type (15) slot 0
[2022-03-13 10:39:16] [0000.845] I> Loading partition eks at 0x85905800
[2022-03-13 10:39:16] [0000.850] I> Reading two headers - addr:0x85905800 blocks:1
[2022-03-13 10:39:16] [0000.855] I> Addr: 0x85905800, start-block: 58757128, num_blocks: 1
[2022-03-13 10:39:16] [0000.874] I> Binary(15) of size 1040 is loaded @ 0x85905800
[2022-03-13 10:39:16] [0000.879] I> EKB detected (length: 0x400) @ 0x85905800
[2022-03-13 10:39:16] [0000.884] I> Copied encrypted keys
[2022-03-13 10:39:16] [0000.888] I> boot profiler @ 0x275844000
[2022-03-13 10:39:16] [0000.892] I> boot profiler for TOS @ 0x275844000
[2022-03-13 10:39:16] [0000.897] I> Unhalting SCE
[2022-03-13 10:39:16] [0000.899] I> Primary Memory Start:80000000 Size:70000000
[2022-03-13 10:39:16] [0000.905] I> Extended Memory Start:f0110000 Size:1856f0000
[2022-03-13 10:39:16] [0000.912] I> MB2(TBoot-BPMP) done
[2022-03-13 10:39:16] 
[2022-03-13 10:39:16] NOTICE:  BL31: v1.3(release):b5eeb33f7
[2022-03-13 10:39:16] NOTICE:  BL31: Built : 12:15:17, Jul 26 2021
[2022-03-13 10:39:16] ipc-unittest-main: 1519: Welcome to IPC unittest!!!
[2022-03-13 10:39:16] ipc-unittest-main: 1531: waiting forever
[2022-03-13 10:39:16] ipc-unittest-srv: 329: Init unittest services!!!
[2022-03-13 10:39:16] hwkey-agent: 41: hwkey-agent is running!!
[2022-03-13 10:39:16] hwkey-agent: 315: key_mgnt_processing .......
[2022-03-13 10:39:16] hwkey-agent: 223: Setting EKB key 0 to slot 14
[2022-03-13 10:39:16] hwkey-agent: 178: Init hweky-agent services!!
[2022-03-13 10:39:16] luks-srv: 40: luks-srv is running!!
[2022-03-13 10:39:16] luks-srv: 157: Init luks-srv IPC services!!
[2022-03-13 10:39:16] platform_bootstrap_epilog: trusty bootstrap complete
[2022-03-13 10:39:16] [0001.284] I> Welcome to Cboot
[2022-03-13 10:39:16] [0001.287] I> Cboot Version: t186-00029e71
[2022-03-13 10:39:16] [0001.291] I> CPU-BL Params @ 0x275800000
[2022-03-13 10:39:16] [0001.294] I>  0) Base:0x00000000 Size:0x00000000
[2022-03-13 10:39:16] [0001.299] I>  1) Base:0x277f00000 Size:0x00100000
[2022-03-13 10:39:16] [0001.303] I>  2) Base:0x277e00000 Size:0x00100000
[2022-03-13 10:39:16] [0001.308] I>  3) Base:0x277d00000 Size:0x00100000
[2022-03-13 10:39:16] [0001.312] I>  4) Base:0x277c00000 Size:0x00100000
[2022-03-13 10:39:16] [0001.317] I>  5) Base:0x277b00000 Size:0x00100000
[2022-03-13 10:39:16] [0001.321] I>  6) Base:0x277800000 Size:0x00200000
[2022-03-13 10:39:16] [0001.326] I>  7) Base:0x277400000 Size:0x00400000
[2022-03-13 10:39:16] [0001.330] I>  8) Base:0x277a00000 Size:0x00100000
[2022-03-13 10:39:16] [0001.335] I>  9) Base:0x277300000 Size:0x00100000
[2022-03-13 10:39:16] [0001.339] I> 10) Base:0x276800000 Size:0x00800000
[2022-03-13 10:39:16] [0001.344] I> 11) Base:0x30000000 Size:0x00040000
[2022-03-13 10:39:16] [0001.348] I> 12) Base:0xf0000000 Size:0x00100000
[2022-03-13 10:39:16] [0001.353] I> 13) Base:0x30040000 Size:0x00001000
[2022-03-13 10:39:16] [0001.357] I> 14) Base:0x30048000 Size:0x00001000
[2022-03-13 10:39:16] [0001.362] I> 15) Base:0x30049000 Size:0x00001000
[2022-03-13 10:39:16] [0001.366] I> 16) Base:0x3004a000 Size:0x00001000
[2022-03-13 10:39:16] [0001.370] I> 17) Base:0x3004b000 Size:0x00001000
[2022-03-13 10:39:16] [0001.375] I> 18) Base:0x3004c000 Size:0x00001000
[2022-03-13 10:39:16] [0001.379] I> 19) Base:0x3004d000 Size:0x00001000
[2022-03-13 10:39:16] [0001.384] I> 20) Base:0x3004e000 Size:0x00001000
[2022-03-13 10:39:16] [0001.388] I> 21) Base:0x3004f000 Size:0x00001000
[2022-03-13 10:39:16] [0001.393] I> 22) Base:0x00000000 Size:0x00000000
[2022-03-13 10:39:16] [0001.397] I> 23) Base:0xf0100000 Size:0x00010000
[2022-03-13 10:39:16] [0001.401] I> 24) Base:0x00000000 Size:0x00000000
[2022-03-13 10:39:16] [0001.406] I> 25) Base:0x00000000 Size:0x00000000
[2022-03-13 10:39:16] [0001.410] I> 26) Base:0x00000000 Size:0x00000000
[2022-03-13 10:39:16] [0001.415] I> 27) Base:0x00000000 Size:0x00000000
[2022-03-13 10:39:16] [0001.419] I> 28) Base:0x84400000 Size:0x00400000
[2022-03-13 10:39:16] [0001.424] I> 29) Base:0x30000000 Size:0x00010000
[2022-03-13 10:39:16] [0001.428] I> 30) Base:0x278000000 Size:0x08000000
[2022-03-13 10:39:16] [0001.433] I> 31) Base:0x00000000 Size:0x00000000
[2022-03-13 10:39:16] [0001.437] I> 32) Base:0x276000000 Size:0x00600000
[2022-03-13 10:39:16] [0001.442] I> 33) Base:0x80000000 Size:0x70000000
[2022-03-13 10:39:16] [0001.446] I> 34) Base:0xf0110000 Size:0x1856f0000
[2022-03-13 10:39:16] [0001.450] I> 35) Base:0x00000000 Size:0x00000000
[2022-03-13 10:39:16] [0001.455] I> 36) Base:0x00000000 Size:0x00000000
[2022-03-13 10:39:16] [0001.459] I> 37) Base:0x2772e0000 Size:0x00020000
[2022-03-13 10:39:16] [0001.464] I> 38) Base:0x84000000 Size:0x00400000
[2022-03-13 10:39:16] [0001.468] I> 39) Base:0x96000000 Size:0x02000000
[2022-03-13 10:39:16] [0001.473] I> 40) Base:0x85000000 Size:0x01200000
[2022-03-13 10:39:16] [0001.477] I> 41) Base:0x275800000 Size:0x00500000
[2022-03-13 10:39:16] [0001.482] I> 42) Base:0x00000000 Size:0x00000000
[2022-03-13 10:39:16] [0001.486] I> 43) Base:0x00000000 Size:0x00000000
[2022-03-13 10:39:16] [0001.491] GIC-SPI Target CPU: 4
[2022-03-13 10:39:16] [0001.494] Interrupts Init done
[2022-03-13 10:39:16] [0001.497] calling constructors
[2022-03-13 10:39:16] [0001.500] initializing heap
[2022-03-13 10:39:16] [0001.503] initializing threads
[2022-03-13 10:39:16] [0001.506] initializing timers
[2022-03-13 10:39:16] [0001.509] creating bootstrap completion thread
[2022-03-13 10:39:16] [0001.514] top of bootstrap2()
[2022-03-13 10:39:16] [0001.517] CPU: ARM Cortex A57
[2022-03-13 10:39:16] [0001.520] CPU: MIDR: 0x411FD073, MPIDR: 0x80000100
[2022-03-13 10:39:16] [0001.525] initializing platform
[2022-03-13 10:39:16] [0001.528] I> Bl_dtb @0x85205400
[2022-03-13 10:39:16] [0001.531] I> gpio framework initialized
[2022-03-13 10:39:16] [0001.538] I> tegrabl_gpio_driver_register: register 'nvidia,tegra186-gpio' driver
[2022-03-13 10:39:16] [0001.548] I> tegrabl_gpio_driver_register: register 'nvidia,tegra186-gpio-aon' driver
[2022-03-13 10:39:16] [0001.556] I> GPIO framework and drivers are initialized.
[2022-03-13 10:39:16] [0001.561] I> Boot-device: eMMC
[2022-03-13 10:39:16] [0001.568] I> sdmmc bdev is already initialized
[2022-03-13 10:39:16] [0001.599] I> Found 19 partitions in SDMMC_BOOT (instance 3)
[2022-03-13 10:39:16] [0001.616] I> Found 33 partitions in SDMMC_USER (instance 3)
[2022-03-13 10:39:16] [0001.622] W> opt-in fuse is not set, skip fuse_burning
[2022-03-13 10:39:16] [0001.627] I> Reserved memory at 0xfbe00000 for U-Boot relocation
[2022-03-13 10:39:16] [0001.633] W> No valid slot number is found in scratch register
[2022-03-13 10:39:16] [0001.638] W> Return default slot: _a
[2022-03-13 10:39:16] [0001.648] I> A/B: bin_type (21) slot 0
[2022-03-13 10:39:16] [0001.651] I> Loading kernel-dtb from partition
[2022-03-13 10:39:16] [0001.656] I> Loading partition kernel-dtb at 0x80000000 from device(0x1)
[2022-03-13 10:39:16] [0001.673] I> Kernel_dtb @0x80000000
[2022-03-13 10:39:16] [0001.676] I> tegrabl_tca9539_init: i2c bus: 0, slave addr: 0xee
[2022-03-13 10:39:16] [0001.687] I> tegrabl_gpio_driver_register: register 'tca9539_gpio_driver' driver
[2022-03-13 10:39:16] [0001.694] I> tegrabl_tca9539_init: i2c bus: 0, slave addr: 0xe8
[2022-03-13 10:39:16] [0001.703] I> tegrabl_gpio_driver_register: register 'tca9539_gpio_driver' driver
[2022-03-13 10:39:16] [0001.713] I> fixed regulator driver initialized
[2022-03-13 10:39:16] [0001.747] I> register 'maxim' power off handle
[2022-03-13 10:39:16] [0001.753] I> virtual i2c enabled
[2022-03-13 10:39:16] [0001.756] I> registered 'maxim,max77620' pmic
[2022-03-13 10:39:16] [0001.760] I> tegrabl_gpio_driver_register: register 'max77620-gpio' driver
[2022-03-13 10:39:16] [0001.774] E> failed to read label property for node 324936: 13
[2022-03-13 10:39:16] [0001.782] E> failed to read reg property for node 325032: 13
[2022-03-13 10:39:16] [0001.791] E> failed to read reg property for node 325084: 13
[2022-03-13 10:39:16] [0001.799] E> failed to read label property for node 325168: 13
[2022-03-13 10:39:17] [0001.807] E> failed to read label property for node 325236: 13
[2022-03-13 10:39:17] [0001.816] E> failed to read reg property for node 325304: 13
[2022-03-13 10:39:17] [0001.824] E> failed to read reg property for node 325376: 13
[2022-03-13 10:39:17] [0001.834] I> Find /i2c@c250000's alias i2c7
[2022-03-13 10:39:17] [0001.838] I> Reading eeprom i2c=7 address=0x50
[2022-03-13 10:39:17] [0001.868] I> Device at /i2c@c250000:0x50
[2022-03-13 10:39:17] [0001.871] I> Reading eeprom i2c=7 address=0x57
[2022-03-13 10:39:17] [0001.900] I> Device at /i2c@c250000:0x57
[2022-03-13 10:39:17] [0001.904] I> Find /i2c@c240000's alias i2c1
[2022-03-13 10:39:17] [0001.908] I> Reading eeprom i2c=1 address=0x51
[2022-03-13 10:39:17] [0001.914] E> I2C: slave not found in slaves.
[2022-03-13 10:39:17] [0001.918] E> I2C: Could not write 0 bytes to slave: 0x00a2 with repeat start true.
[2022-03-13 10:39:17] [0001.925] E> I2C_DEV: Failed to send register address 0x00000000.
[2022-03-13 10:39:17] [0001.931] E> I2C_DEV: Could not read 256 registers of size 1 from slave 0xa2 at 0x00000000 via instance 1.
[2022-03-13 10:39:17] [0001.941] E> eeprom: Retry to read I2C slave device.
[2022-03-13 10:39:17] [0001.946] E> I2C: slave not found in slaves.
[2022-03-13 10:39:17] [0001.950] E> I2C: Could not write 0 bytes to slave: 0x00a2 with repeat start true.
[2022-03-13 10:39:17] [0001.958] E> I2C_DEV: Failed to send register address 0x00000000.
[2022-03-13 10:39:17] [0001.963] E> I2C_DEV: Could not read 256 registers of size 1 from slave 0xa2 at 0x00000000 via instance 1.
[2022-03-13 10:39:17] [0001.973] E> eeprom: Failed to read I2C slave device
[2022-03-13 10:39:17] [0001.978] I> Eeprom read failed 0x3526070d
[2022-03-13 10:39:17] [0001.982] I> Find /i2c@3160000's alias i2c0
[2022-03-13 10:39:17] [0001.986] I> Reading eeprom i2c=0 address=0x50
[2022-03-13 10:39:17] [0001.991] E> I2C: slave not found in slaves.
[2022-03-13 10:39:17] [0001.995] E> I2C: Could not write 0 bytes to slave: 0x00a0 with repeat start true.
[2022-03-13 10:39:17] [0002.002] E> I2C_DEV: Failed to send register address 0x00000000.
[2022-03-13 10:39:17] [0002.008] E> I2C_DEV: Could not read 256 registers of size 1 from slave 0xa0 at 0x00000000 via instance 0.
[2022-03-13 10:39:17] [0002.018] E> eeprom: Failed to read I2C slave device
[2022-03-13 10:39:17] [0002.022] I> Eeprom read failed 0x3526070d
[2022-03-13 10:39:17] [0002.027] I> Find /i2c@3180000's alias i2c2
[2022-03-13 10:39:17] [0002.031] I> Reading eeprom i2c=2 address=0x54
[2022-03-13 10:39:17] [0002.036] I> Enabling gpio chip_id = 2, gpio pin = 9
[2022-03-13 10:39:17] [0002.066] I> Disabling gpio chip_id = 2, gpio pin = 9
[2022-03-13 10:39:17] [0002.071] I> Device at /i2c@3180000:0x54
[2022-03-13 10:39:17] [0002.075] I> Reading eeprom i2c=2 address=0x57
[2022-03-13 10:39:17] [0002.079] I> Enabling gpio chip_id = 2, gpio pin = 9
[2022-03-13 10:39:17] [0002.085] E> I2C: slave not found in slaves.
[2022-03-13 10:39:17] [0002.089] E> I2C: Could not write 0 bytes to slave: 0x00ae with repeat start true.
[2022-03-13 10:39:17] [0002.097] E> I2C_DEV: Failed to send register address 0x00000000.
[2022-03-13 10:39:17] [0002.103] E> I2C_DEV: Could not read 256 registers of size 1 from slave 0xae at 0x00000000 via instance 2.
[2022-03-13 10:39:17] [0002.112] E> eeprom: Failed to read I2C slave device
[2022-03-13 10:39:17] [0002.117] I> Disabling gpio chip_id = 2, gpio pin = 9
[2022-03-13 10:39:17] [0002.122] I> Eeprom read failed 0x00000000
[2022-03-13 10:39:17] [0002.126] I> create_pm_ids: id: 3310-1000-D00-L, len: 15
[2022-03-13 10:39:17] [0002.131] I> config: mem-type:00,power-config:00,misc-config:00,modem-config:00,touch-config:00,display-config:00,, len: 93
[2022-03-13 10:39:17] [0002.142] I> create_pm_ids: id: 2597-0000-900-E, len: 15
[2022-03-13 10:39:17] [0002.147] I> config: mem-type:00,power-config:00,misc-config:00,modem-config:00,touch-config:00,display-config:00,, len: 93
[2022-03-13 10:39:17] [0002.158] I> create_pm_ids: id: 3326-1000-000-M, len: 15
[2022-03-13 10:39:17] [0002.163] I> config: mem-type:ff,power-config:ff,misc-config:ff,modem-config:ff,touch-config:ff,display-config:ff,, len: 93
[2022-03-13 10:39:17] [0002.198] I> enabling 'vdd-hdmi' regulator
[2022-03-13 10:39:17] [0002.214] I> regulator 'vdd-hdmi' already enabled
[2022-03-13 10:39:17] [0002.218] E> tegrabl_display_init_regulator: hdmi cable is not connected
[2022-03-13 10:39:17] [0002.225] E> tegrabl_display_get_pdata, failed to parse dtb settings
[2022-03-13 10:39:17] [0002.234] E> cannot find any other nvdisp nodes
[2022-03-13 10:39:17] [0002.238] E> no valid display unit config found in dtb
[2022-03-13 10:39:17] [0002.244] W> display init failed
[2022-03-13 10:39:17] [0002.247] initializing target
[2022-03-13 10:39:17] [0002.250] calling apps_init()
[2022-03-13 10:39:17] [0002.253] starting app kernel_boot_app
[2022-03-13 10:39:17] [0002.276] I> found decompressor handler: lz4-legacy
[2022-03-13 10:39:17] [0002.280] I> decompressing BMP blob ...
[2022-03-13 10:39:17] [0002.293] I> Kernel type = Normal
[2022-03-13 10:39:17] [0002.296] I> ########## Fixed storage boot ##########
[2022-03-13 10:39:17] [0002.301] I> Loading kernel-bootctrl from partition
[2022-03-13 10:39:17] [0002.305] I> Loading partition kernel-bootctrl at 0xa8000000 from device(0x1)
[2022-03-13 10:39:17] [0002.319] W> tegrabl_get_kernel_bootctrl: magic number(0x00000000) is invalid
[2022-03-13 10:39:17] [0002.326] W> tegrabl_get_kernel_bootctrl: use default dummy boot control data
[2022-03-13 10:39:17] [0002.333] W> No valid slot number is found in scratch register
[2022-03-13 10:39:17] [0002.339] W> Return default slot: _a
[2022-03-13 10:39:17] [0002.342] I> A/B: bin_type (24) slot 0
[2022-03-13 10:39:17] [0002.358] I> Boot image size read from image header: 9913d
[2022-03-13 10:39:17] [0002.363] I> Boot image load address: 0x80400000
[2022-03-13 10:39:17] [0002.368] I> Loading kernel from partition
[2022-03-13 10:39:17] [0002.372] I> Loading partition kernel at 0x80400000 from device(0x1)
[2022-03-13 10:39:18] [0003.314] I> Validate kernel ...
[2022-03-13 10:39:18] [0003.317] I> T18x: Authenticate kernel (bin_type 24), max size 0x4000000
[2022-03-13 10:39:18] [0003.325] I> Decrypt the buffer ... [0003.328] W> tegrabl_decrypt_block: fuse (0x0) is not burnt to do encryption (0x4); skip decryption.
[2022-03-13 10:39:18] [0003.337] I> done
[2022-03-13 10:39:18] [0003.339] I> Checking boot.img header magic ... [0003.343] I> [OK]
[2022-03-13 10:39:18] [0003.345] I> kernel-dtb is already loaded
[2022-03-13 10:39:18] [0003.348] I> Validate kernel-dtb ...
[2022-03-13 10:39:18] [0003.352] I> T18x: Authenticate kernel-dtb (bin_type 21), max size 0x100000
[2022-03-13 10:39:18] [0003.359] I> Decrypt the buffer ... [0003.363] W> tegrabl_decrypt_block: fuse (0x0) is not burnt to do encryption (0x4); skip decryption.
[2022-03-13 10:39:18] [0003.372] I> done
[2022-03-13 10:39:18] [0003.373] I> Kernel hdr @0x80400000
[2022-03-13 10:39:18] [0003.377] I> Kernel dtb @0x80000000
[2022-03-13 10:39:18] [0003.380] I> decompressor handler not found
[2022-03-13 10:39:18] [0003.384] I> Copying kernel image (627005 bytes) from 0x80400800 to 0x80600000 ... [0003.392] I> Done
[2022-03-13 10:39:18] [0003.393] I> Move ramdisk (len: 0) from 0x8049a000 to 0x947d0000
[2022-03-13 10:39:18] [0003.401] I> Updated bpmp info to DTB
[2022-03-13 10:39:18] [0003.407] I> Ramdisk: Base: 0x947d0000; Size: 0x0
[2022-03-13 10:39:18] [0003.411] I> Updated initrd info to DTB
[2022-03-13 10:39:18] [0003.415] W> WARN: Fail to override "console=none" in commandline
[2022-03-13 10:39:18] [0003.421] I> Active rootfs suffix: 
[2022-03-13 10:39:18] [0003.424] E> tegrabl_linuxboot_add_disp_param, du 0 failed to get display params
[2022-03-13 10:39:18] [0003.431] E> tegrabl_linuxboot_add_disp_param, du 0 failed to get display params
[2022-03-13 10:39:18] [0003.439] E> tegrabl_linuxboot_add_disp_param, du 0 failed to get display params
[2022-03-13 10:39:18] [0003.446] I> disabled_core_mask: 0xffffff0c
[2022-03-13 10:39:18] [0003.450] W> No valid slot number is found in scratch register
[2022-03-13 10:39:18] [0003.455] W> Return default slot: _a
[2022-03-13 10:39:18] [0003.459] I> Active slot suffix: 
[2022-03-13 10:39:18] [0003.462] I> add_boot_slot_suffix: slot_suffix = 
[2022-03-13 10:39:18] [0003.467] I> Linux Cmdline: console=ttyS0,115200 androidboot.presilicon=true firmware_class.path=/etc/firmware root=/dev/mmcblk0p1 rw rootwait rootfstype=ext4 console=ttyS0,115200n8 console=tty0 fbcon=map:0 net.ifnames=0 isolcpus=1-2  video=tegrafb earlycon=uart8250,mmio32,0x3100000 nvdumper_reserved=0x2772e0000 gpt rootfs.slot_suffix= usbcore.old_scheme_first=1 tegraid=18.1.2.0.0 maxcpus=6 no_console_suspend boot.slot_suffix= boot.ratchetvalues=0.2031647.1 vpr_resize bl_prof_dataptr=0x10000@0x275840000 sdhci_tegra.en_boot_part_access=1 
[2022-03-13 10:39:18] [0003.514] I> Updated bootarg info to DTB
[2022-03-13 10:39:18] [0003.518] I> eeprom_get_mac_addr: MAC (type: 0): 48:b0:2d:0f:11:c5
[2022-03-13 10:39:18] [0003.524] I> eeprom_get_mac_addr: MAC (type: 1): 48:b0:2d:0f:11:c6
[2022-03-13 10:39:18] [0003.530] I> eeprom_get_mac_addr: MAC (type: 2): 48:b0:2d:0f:11:c7
[2022-03-13 10:39:18] [0003.536] E> Found no plugin manager ids in source DT
[2022-03-13 10:39:18] [0003.541] W> Add plugin manager ids from board info
[2022-03-13 10:39:18] [0003.546] W> "plugin-manager" doesn't exist, creating
[2022-03-13 10:39:18] [0003.551] W> "ids" doesn't exist, creating
[2022-03-13 10:39:18] [0003.555] W> "connection" doesn't exist, creating
[2022-03-13 10:39:18] [0003.560] W> "configs" doesn't exist, creating
[2022-03-13 10:39:18] [0003.564] I> create_pm_ids: id: 3310-1000-D00-L, len: 15
[2022-03-13 10:39:18] [0003.569] I> config: mem-type:00,power-config:00,misc-config:00,modem-config:00,touch-config:00,display-config:00,, len: 93
[2022-03-13 10:39:18] [0003.580] I> create_pm_ids: id: 2597-0000-900-E, len: 15
[2022-03-13 10:39:18] [0003.585] I> config: mem-type:00,power-config:00,misc-config:00,modem-config:00,touch-config:00,display-config:00,, len: 93
[2022-03-13 10:39:18] [0003.596] I> create_pm_ids: id: 3326-1000-000-M, len: 15
[2022-03-13 10:39:18] [0003.601] I> config: mem-type:ff,power-config:ff,misc-config:ff,modem-config:ff,touch-config:ff,display-config:ff,, len: 93
[2022-03-13 10:39:18] [0003.612] I> Adding plugin-manager/ids/3310-1000-D00=/i2c@c250000:module@0x50
[2022-03-13 10:39:18] [0003.619] W> "i2c@c250000" doesn't exist, creating
[2022-03-13 10:39:18] [0003.624] W> "module@0x50" doesn't exist, creating
[2022-03-13 10:39:18] [0003.629] I> Adding plugin-manager/ids/2597-0000-900=/i2c@c250000:module@0x57
[2022-03-13 10:39:18] [0003.636] W> "module@0x57" doesn't exist, creating
[2022-03-13 10:39:18] [0003.641] I> Adding plugin-manager/ids/3326-1000-000=/i2c@3180000:module@0x54
[2022-03-13 10:39:18] [0003.648] W> "i2c@3180000" doesn't exist, creating
[2022-03-13 10:39:18] [0003.653] W> "module@0x54" doesn't exist, creating
[2022-03-13 10:39:18] [0003.660] I> Adding plugin-manager/ids/3310-1000-D00-L
[2022-03-13 10:39:18] [0003.667] I> Adding plugin-manager/configs/3310-mem-type 00
[2022-03-13 10:39:18] [0003.673] I> Adding plugin-manager/configs/3310-power-config 00
[2022-03-13 10:39:18] [0003.679] I> Adding plugin-manager/configs/3310-misc-config 00
[2022-03-13 10:39:18] [0003.685] I> Adding plugin-manager/configs/3310-modem-config 00
[2022-03-13 10:39:18] [0003.690] I> Adding plugin-manager/configs/3310-touch-config 00
[2022-03-13 10:39:18] [0003.696] I> Adding plugin-manager/configs/3310-display-config 00
[2022-03-13 10:39:18] [0003.703] I> Adding plugin-manager/cvm
[2022-03-13 10:39:18] [0003.707] W> "chip-id" doesn't exist, creating
[2022-03-13 10:39:18] [0003.711] I> Adding plugin-manager/chip-id/A02P
[2022-03-13 10:39:18] [0003.715] W> "odm-data" doesn't exist, creating
[2022-03-13 10:39:18] [0003.720] I> Adding /chosen/plugin-manager/odm-data
[2022-03-13 10:39:18] [0003.730] I> added [base:0x80000000, size:0x70000000] to /memory
[2022-03-13 10:39:18] [0003.736] I> added [base:0xf0200000, size:0x185600000] to /memory
[2022-03-13 10:39:18] [0003.742] I> added [base:0x275e00000, size:0x200000] to /memory
[2022-03-13 10:39:18] [0003.747] I> added [base:0x276600000, size:0x200000] to /memory
[2022-03-13 10:39:18] [0003.753] I> added [base:0x277000000, size:0x200000] to /memory
[2022-03-13 10:39:18] [0003.759] I> Updated memory info to DTB
[2022-03-13 10:39:18] [0003.763] E> add_disp_param: failed to get display params for du=0
[2022-03-13 10:39:18] [0003.771] W> "reset" doesn't exist, creating
[2022-03-13 10:39:18] [0003.775] W> "pmc-reset-reason" doesn't exist, creating
[2022-03-13 10:39:18] [0003.781] W> "pmic-reset-reason" doesn't exist, creating
[2022-03-13 10:39:18] [0003.787] I> Adding ecid(00000001646db7851000000013038200) to DT
[2022-03-13 10:39:18] [0003.793] I> disabled_core_mask: 0xffffff0c
[2022-03-13 10:39:18] [0003.806] I> Add serial number:1422420022173 as DT property
[2022-03-13 10:39:19] [0003.815] I> Plugin-manager override starting
[2022-03-13 10:39:19] [0003.821] I> node /plugin-manager/fragement@0 matches
[2022-03-13 10:39:19] [0003.831] I> node /plugin-manager/fragement@4 matches
[2022-03-13 10:39:19] [0003.844] I> node /plugin-manager/fragment-sdwake-p3310-1000-300 matches
[2022-03-13 10:39:19] [0003.864] I> node /plugin-manager/fragement-pmon-p3310-1000-300 matches
[2022-03-13 10:39:19] [0003.873] I> node /plugin-manager/fragement-pmon-p3310-1000-800 matches
[2022-03-13 10:39:19] [0003.882] I> node /plugin-manager/fragment-devslp@0 matches
[2022-03-13 10:39:19] [0003.895] I> node /plugin-manager/fragment-500-pcie-config matches
[2022-03-13 10:39:19] [0003.909] I> node /plugin-manager/fragment-500-xusb-config matches
[2022-03-13 10:39:19] [0003.932] I> node /plugin-manager/fragment-p3310-c00-comm matches
[2022-03-13 10:39:19] [0003.946] I> node /plugin-manager/fragment-p3310-c00-pmic matches
[2022-03-13 10:39:19] [0003.957] I> node /plugin-manager/fragment-p3310-c01 matches
[2022-03-13 10:39:19] [0003.970] I> node /plugin-manager/fragment-p3310-c03 matches
[2022-03-13 10:39:19] [0004.012] I> node /plugin-manager/fragment-e3326@0 matches
[2022-03-13 10:39:19] [0004.094] I> node /plugin-manager/fragment-p3310-c00-camera matches
[2022-03-13 10:39:19] [0004.122] I> Disable plugin-manager status in FDT
[2022-03-13 10:39:19] [0004.126] I> Plugin-manager override finished successfully
[2022-03-13 10:39:19] [0004.131] I> tegrabl_load_kernel_and_dtb: Done
[2022-03-13 10:39:19] [0004.136] E> tegrabl_display_clear: display is not initialized
[2022-03-13 10:39:19] [0004.141] W> Boot logo display failed...
[2022-03-13 10:39:19] [0004.145] I> Kernel EP: 0x80600000, DTB: 0x80000000
[2022-03-13 10:39:19] 
[2022-03-13 10:39:19] 
[2022-03-13 10:39:19] U-Boot 2020.04-g46e4604c78 (Jul 26 2021 - 12:10:58 -0700)
[2022-03-13 10:39:19] 
[2022-03-13 10:39:19] SoC: tegra186
[2022-03-13 10:39:19] Model: NVIDIA P2771-0000-500
[2022-03-13 10:39:19] Board: NVIDIA P2771-0000
[2022-03-13 10:39:19] DRAM:  7.8 GiB
[2022-03-13 10:39:19] MMC:   sdhci@3400000: 1, sdhci@3460000: 0
[2022-03-13 10:39:19] Loading Environment from MMC... *** Warning - bad CRC, using default environment
[2022-03-13 10:39:19] 
[2022-03-13 10:39:19] In:    serial
[2022-03-13 10:39:19] Out:   serial
[2022-03-13 10:39:19] Err:   serial
[2022-03-13 10:39:19] Net:   
[2022-03-13 10:39:19] Warning: ethernet@2490000 using MAC address from ROM
[2022-03-13 10:39:19] eth0: ethernet@2490000
[2022-03-13 10:39:19] Hit any key to stop autoboot:  2  1  0 
[2022-03-13 10:39:21] MMC: no card present
[2022-03-13 10:39:21] switch to partitions #0, OK
[2022-03-13 10:39:21] mmc0(part 0) is current device
[2022-03-13 10:39:21] Scanning mmc 0:1...
[2022-03-13 10:39:22] Found /boot/extlinux/extlinux.conf
[2022-03-13 10:39:22] Retrieving file: /boot/extlinux/extlinux.conf
[2022-03-13 10:39:22] 858 bytes read in 22 ms (38.1 KiB/s)
[2022-03-13 10:39:22] 1:	primary kernel
[2022-03-13 10:39:22] Retrieving file: /boot/initrd
[2022-03-13 10:39:22] 7238344 bytes read in 201 ms (34.3 MiB/s)
[2022-03-13 10:39:22] Retrieving file: /boot/Image
[2022-03-13 10:39:23] 34484232 bytes read in 829 ms (39.7 MiB/s)
[2022-03-13 10:39:23] append: console=ttyS0,115200 androidboot.presilicon=true firmware_class.path=/etc/firmware root=/dev/mmcblk0p1 rw rootwait rootfstype=ext4 console=ttyS0,115200n8 console=tty0 fbcon=map:0 net.ifnames=0 isolcpus=1-2  video=tegrafb earlycon=uart8250,mmio32,0x3100000 nvdumper_reserved=0x2772e0000 gpt rootfs.slot_suffix= usbcore.old_scheme_first=1 tegraid=18.1.2.0.0 maxcpus=6 no_console_suspend boot.slot_suffix= boot.ratchetvalues=0.2031647.1 vpr_resize bl_prof_dataptr=0x10000@0x275840000 sdhci_tegra.en_boot_part_access=1 quiet root=/dev/mmcblk0p1 rw rootwait rootfstype=ext4 console=ttyS0,115200n8 console=tty0 fbcon=map:0 net.ifnames=0 isolcpus=1-2 
[2022-03-13 10:39:23] ## Flattened Device Tree blob at 80000000
[2022-03-13 10:39:23]    Booting using the fdt blob at 0x80000000
[2022-03-13 10:39:23] ERROR: reserving fdt memory region failed (addr=0 size=0)
[2022-03-13 10:39:23] ERROR: reserving fdt memory region failed (addr=0 size=0)
[2022-03-13 10:39:23] ERROR: reserving fdt memory region failed (addr=0 size=0)
[2022-03-13 10:39:23]    Using Device Tree in place at 0000000080000000, end 0000000080060aa3
[2022-03-13 10:39:23] copying carveout for /host1x@13e00000/display-hub@15200000/display@15200000...
[2022-03-13 10:39:23] copying carveout for /host1x@13e00000/display-hub@15200000/display@15210000...
[2022-03-13 10:39:23] copying carveout for /host1x@13e00000/display-hub@15200000/display@15220000...
[2022-03-13 10:39:23] 
[2022-03-13 10:39:23] Starting kernel ...
[2022-03-13 10:39:23] 
[2022-03-13 10:39:23] [    0.000000] Booting Linux on physical CPU 0x100
[2022-03-13 10:39:23] [    0.000000] Linux version 4.9.253-tegra (buildbrain@mobile-u64-5497-d3000) (gcc version 7.3.1 20180425 [linaro-7.3-2018.05 revision d29120a424ecfbc167ef90065c0eeb7f91977701] (Linaro GCC 7.3-2018.05) ) #1 SMP PREEMPT Mon Jul 26 12:19:28 PDT 2021
[2022-03-13 10:39:23] [    0.000000] Boot CPU: AArch64 Processor [411fd073]
[2022-03-13 10:39:23] [    0.000000] OF: fdt:memory scan node memory@80000000, reg size 80,
[2022-03-13 10:39:23] [    0.000000] OF: fdt: - 80000000 ,  70000000
[2022-03-13 10:39:23] [    0.000000] OF: fdt: - f0200000 ,  185600000
[2022-03-13 10:39:23] [    0.000000] OF: fdt: - 275e00000 ,  200000
[2022-03-13 10:39:23] [    0.000000] OF: fdt: - 276600000 ,  200000
[2022-03-13 10:39:23] [    0.000000] OF: fdt: - 277000000 ,  200000
[2022-03-13 10:39:23] [    0.000000] earlycon: uart8250 at MMIO32 0x0000000003100000 (options '')
[2022-03-13 10:39:23] [    0.000000] bootconsole [uart8250] enabled
[2022-03-13 10:39:26] [0000.286] I> Welcome to MB2(TBoot-BPMP)(version: 01.00.160913-t186-M-00.00-mobile-c368a720)
[2022-03-13 10:39:26] [0000.294] I> Boot-device: eMMC
[2022-03-13 10:39:27] [0000.301] I> sdmmc bdev is already initialized
[2022-03-13 10:39:27] [0000.306] I> pmic: reset reason (nverc)	: 0x80
[2022-03-13 10:39:27] [0000.339] I> Found 19 partitions in SDMMC_BOOT (instance 3)
[2022-03-13 10:39:27] [0000.359] I> Found 33 partitions in SDMMC_USER (instance 3)
[2022-03-13 10:39:27] [0000.365] W> No valid slot number is found in scratch register
[2022-03-13 10:39:27] [0000.371] W> Return default slot: _a
[2022-03-13 10:39:27] [0000.374] I> A/B: bin_type (16) slot 0
[2022-03-13 10:39:27] [0000.378] I> Loading partition bpmp-fw at 0xd7800000
[2022-03-13 10:39:27] [0000.383] I> Reading two headers - addr:0xd7800000 blocks:1
[2022-03-13 10:39:27] [0000.388] I> Addr: 0xd7800000, start-block: 58777608, num_blocks: 1
[2022-03-13 10:39:27] [0000.413] I> Binary(16) of size 534416 is loaded @ 0xd7800000
[2022-03-13 10:39:27] [0000.419] W> No valid slot number is found in scratch register
[2022-03-13 10:39:27] [0000.424] W> Return default slot: _a
[2022-03-13 10:39:27] [0000.428] I> A/B: bin_type (17) slot 0
[2022-03-13 10:39:27] [0000.431] I> Loading partition bpmp-fw-dtb at 0xd79f0000
[2022-03-13 10:39:27] [0000.437] I> Reading two headers - addr:0xd79f0000 blocks:1
[2022-03-13 10:39:27] [0000.442] I> Addr: 0xd79f0000, start-block: 58780024, num_blocks: 1
[2022-03-13 10:39:27] [0000.468] I> Binary(17) of size 604720 is loaded @ 0xd796c400
[2022-03-13 10:39:27] [0000.698] I> Loading SCE-FW ...
[2022-03-13 10:39:27] [0000.701] W> No valid slot number is found in scratch register
[2022-03-13 10:39:27] [0000.706] W> Return default slot: _a
[2022-03-13 10:39:27] [0000.710] I> A/B: bin_type (12) slot 0
[2022-03-13 10:39:27] [0000.713] I> Loading partition sce-fw at 0xd7300000
[2022-03-13 10:39:27] [0000.718] I> Reading two headers - addr:0xd7300000 blocks:1
[2022-03-13 10:39:27] [0000.724] I> Addr: 0xd7300000, start-block: 58784120, num_blocks: 1
[2022-03-13 10:39:27] [0000.743] I> Binary(12) of size 125632 is loaded @ 0xd7300000
[2022-03-13 10:39:27] [0000.748] I> Init SCE
[2022-03-13 10:39:27] [0000.751] I> Loading APE-FW ...
[2022-03-13 10:39:27] [0000.754] W> No valid slot number is found in scratch register
[2022-03-13 10:39:27] [0000.759] W> Return default slot: _a
[2022-03-13 10:39:27] [0000.763] I> A/B: bin_type (11) slot 0
[2022-03-13 10:39:27] [0000.766] I> Loading partition adsp-fw at 0xd7400000
[2022-03-13 10:39:27] [0000.771] I> Reading two headers - addr:0xd7400000 blocks:1
[2022-03-13 10:39:27] [0000.777] I> Addr: 0xd7400000, start-block: 58761224, num_blocks: 1
[2022-03-13 10:39:27] [0000.796] I> Binary(11) of size 77216 is loaded @ 0xd7400000
[2022-03-13 10:39:27] [0000.802] I> Copy BTCM section
[2022-03-13 10:39:27] [0000.805] W> No valid slot number is found in scratch register
[2022-03-13 10:39:27] [0000.810] W> Return default slot: _a
[2022-03-13 10:39:27] [0000.814] I> A/B: bin_type (13) slot 0
[2022-03-13 10:39:27] [0000.817] I> Loading partition cpu-bootloader at 0x96000000
[2022-03-13 10:39:27] [0000.823] I> Reading two headers - addr:0x96000000 blocks:1
[2022-03-13 10:39:27] [0000.828] I> Addr: 0x96000000, start-block: 58740744, num_blocks: 1
[2022-03-13 10:39:27] [0000.849] I> Binary(13) of size 308800 is loaded @ 0x96000000
[2022-03-13 10:39:27] [0000.855] W> No valid slot number is found in scratch register
[2022-03-13 10:39:27] [0000.861] W> Return default slot: _a
[2022-03-13 10:39:27] [0000.864] I> A/B: bin_type (20) slot 0
[2022-03-13 10:39:27] [0000.868] I> Loading partition bootloader-dtb at 0x85205400
[2022-03-13 10:39:27] [0000.873] I> Reading two headers - addr:0x85205400 blocks:1
[2022-03-13 10:39:27] [0000.879] I> Addr: 0x85205400, start-block: 58742792, num_blocks: 1
[2022-03-13 10:39:27] [0000.900] I> Binary(20) of size 375568 is loaded @ 0x85205400
[2022-03-13 10:39:27] [0000.906] W> No valid slot number is found in scratch register
[2022-03-13 10:39:27] [0000.912] W> Return default slot: _a
[2022-03-13 10:39:27] [0000.915] I> A/B: bin_type (14) slot 0
[2022-03-13 10:39:27] [0000.919] I> Loading partition secure-os at 0x85305600
[2022-03-13 10:39:27] [0000.924] I> Reading two headers - addr:0x85305600 blocks:1
[2022-03-13 10:39:27] [0000.929] I> Addr: 0x85305600, start-block: 58744840, num_blocks: 1
[2022-03-13 10:39:27] [0000.952] I> Binary(14) of size 402864 is loaded @ 0x85305600
[2022-03-13 10:39:27] [0000.959] I> TOS boot-params @ 0x85000000
[2022-03-13 10:39:27] [0000.963] I> TOS params prepared
[2022-03-13 10:39:27] [0000.966] I> Loading EKS ...
[2022-03-13 10:39:27] [0000.969] I> A/B: bin_type (15) slot 0
[2022-03-13 10:39:27] [0000.972] I> Loading partition eks at 0x85905800
[2022-03-13 10:39:27] [0000.977] I> Reading two headers - addr:0x85905800 blocks:1
[2022-03-13 10:39:27] [0000.982] I> Addr: 0x85905800, start-block: 58757128, num_blocks: 1
[2022-03-13 10:39:27] [0001.001] I> Binary(15) of size 1040 is loaded @ 0x85905800
[2022-03-13 10:39:27] [0001.007] I> EKB detected (length: 0x400) @ 0x85905800
[2022-03-13 10:39:27] [0001.012] I> Copied encrypted keys
[2022-03-13 10:39:27] [0001.015] I> boot profiler @ 0x275844000
[2022-03-13 10:39:27] [0001.019] I> boot profiler for TOS @ 0x275844000
[2022-03-13 10:39:27] [0001.024] I> Unhalting SCE
[2022-03-13 10:39:27] [0001.027] I> Primary Memory Start:80000000 Size:70000000
[2022-03-13 10:39:27] [0001.032] I> Extended Memory Start:f0110000 Size:1856f0000
[2022-03-13 10:39:27] [0001.039] I> MB2(TBoot-BPMP) done
[2022-03-13 10:39:27] 
[2022-03-13 10:39:27] NOTICE:  BL31: v1.3(release):b5eeb33f7
[2022-03-13 10:39:27] NOTICE:  BL31: Built : 12:15:17, Jul 26 2021
[2022-03-13 10:39:27] ipc-unittest-main: 1519: Welcome to IPC unittest!!!
[2022-03-13 10:39:27] ipc-unittest-main: 1531: waiting forever
[2022-03-13 10:39:27] ipc-unittest-srv: 329: Init unittest services!!!
[2022-03-13 10:39:27] hwkey-agent: 41: hwkey-agent is running!!
[2022-03-13 10:39:27] hwkey-agent: 315: key_mgnt_processing .......
[2022-03-13 10:39:27] hwkey-agent: 223: Setting EKB key 0 to slot 14
[2022-03-13 10:39:27] hwkey-agent: 178: Init hweky-agent services!!
[2022-03-13 10:39:27] luks-srv: 40: luks-srv is running!!
[2022-03-13 10:39:27] luks-srv: 157: Init luks-srv IPC services!!
[2022-03-13 10:39:27] platform_bootstrap_epilog: trusty bootstrap complete
[2022-03-13 10:39:28] [0001.411] I> Welcome to Cboot
[2022-03-13 10:39:28] [0001.414] I> Cboot Version: t186-00029e71
[2022-03-13 10:39:28] [0001.418] I> CPU-BL Params @ 0x275800000
[2022-03-13 10:39:28] [0001.421] I>  0) Base:0x00000000 Size:0x00000000
[2022-03-13 10:39:28] [0001.426] I>  1) Base:0x277f00000 Size:0x00100000
[2022-03-13 10:39:28] [0001.430] I>  2) Base:0x277e00000 Size:0x00100000
[2022-03-13 10:39:28] [0001.435] I>  3) Base:0x277d00000 Size:0x00100000
[2022-03-13 10:39:28] [0001.439] I>  4) Base:0x277c00000 Size:0x00100000
[2022-03-13 10:39:28] [0001.444] I>  5) Base:0x277b00000 Size:0x00100000
[2022-03-13 10:39:28] [0001.448] I>  6) Base:0x277800000 Size:0x00200000
[2022-03-13 10:39:28] [0001.453] I>  7) Base:0x277400000 Size:0x00400000
[2022-03-13 10:39:28] [0001.457] I>  8) Base:0x277a00000 Size:0x00100000
[2022-03-13 10:39:28] [0001.462] I>  9) Base:0x277300000 Size:0x00100000
[2022-03-13 10:39:28] [0001.466] I> 10) Base:0x276800000 Size:0x00800000
[2022-03-13 10:39:28] [0001.471] I> 11) Base:0x30000000 Size:0x00040000
[2022-03-13 10:39:28] [0001.475] I> 12) Base:0xf0000000 Size:0x00100000
[2022-03-13 10:39:28] [0001.480] I> 13) Base:0x30040000 Size:0x00001000
[2022-03-13 10:39:28] [0001.484] I> 14) Base:0x30048000 Size:0x00001000
[2022-03-13 10:39:28] [0001.489] I> 15) Base:0x30049000 Size:0x00001000
[2022-03-13 10:39:28] [0001.493] I> 16) Base:0x3004a000 Size:0x00001000
[2022-03-13 10:39:28] [0001.497] I> 17) Base:0x3004b000 Size:0x00001000
[2022-03-13 10:39:28] [0001.502] I> 18) Base:0x3004c000 Size:0x00001000
[2022-03-13 10:39:28] [0001.506] I> 19) Base:0x3004d000 Size:0x00001000
[2022-03-13 10:39:28] [0001.511] I> 20) Base:0x3004e000 Size:0x00001000
[2022-03-13 10:39:28] [0001.515] I> 21) Base:0x3004f000 Size:0x00001000
[2022-03-13 10:39:28] [0001.520] I> 22) Base:0x00000000 Size:0x00000000
[2022-03-13 10:39:28] [0001.524] I> 23) Base:0xf0100000 Size:0x00010000
[2022-03-13 10:39:28] [0001.528] I> 24) Base:0x00000000 Size:0x00000000
[2022-03-13 10:39:28] [0001.533] I> 25) Base:0x00000000 Size:0x00000000
[2022-03-13 10:39:28] [0001.537] I> 26) Base:0x00000000 Size:0x00000000
[2022-03-13 10:39:28] [0001.542] I> 27) Base:0x00000000 Size:0x00000000
[2022-03-13 10:39:28] [0001.546] I> 28) Base:0x84400000 Size:0x00400000
[2022-03-13 10:39:28] [0001.551] I> 29) Base:0x30000000 Size:0x00010000
[2022-03-13 10:39:28] [0001.555] I> 30) Base:0x278000000 Size:0x08000000
[2022-03-13 10:39:28] [0001.560] I> 31) Base:0x00000000 Size:0x00000000
[2022-03-13 10:39:28] [0001.564] I> 32) Base:0x276000000 Size:0x00600000
[2022-03-13 10:39:28] [0001.569] I> 33) Base:0x80000000 Size:0x70000000
[2022-03-13 10:39:28] [0001.573] I> 34) Base:0xf0110000 Size:0x1856f0000
[2022-03-13 10:39:28] [0001.577] I> 35) Base:0x00000000 Size:0x00000000
[2022-03-13 10:39:28] [0001.582] I> 36) Base:0x00000000 Size:0x00000000
[2022-03-13 10:39:28] [0001.586] I> 37) Base:0x2772e0000 Size:0x00020000
[2022-03-13 10:39:28] [0001.591] I> 38) Base:0x84000000 Size:0x00400000
[2022-03-13 10:39:28] [0001.595] I> 39) Base:0x96000000 Size:0x02000000
[2022-03-13 10:39:28] [0001.600] I> 40) Base:0x85000000 Size:0x01200000
[2022-03-13 10:39:28] [0001.604] I> 41) Base:0x275800000 Size:0x00500000
[2022-03-13 10:39:28] [0001.609] I> 42) Base:0x00000000 Size:0x00000000
[2022-03-13 10:39:28] [0001.613] I> 43) Base:0x00000000 Size:0x00000000
[2022-03-13 10:39:28] [0001.618] GIC-SPI Target CPU: 4
[2022-03-13 10:39:28] [0001.621] Interrupts Init done
[2022-03-13 10:39:28] [0001.624] calling constructors
[2022-03-13 10:39:28] [0001.627] initializing heap
[2022-03-13 10:39:28] [0001.630] initializing threads
[2022-03-13 10:39:28] [0001.633] initializing timers
[2022-03-13 10:39:28] [0001.636] creating bootstrap completion thread
[2022-03-13 10:39:28] [0001.641] top of bootstrap2()
[2022-03-13 10:39:28] [0001.644] CPU: ARM Cortex A57
[2022-03-13 10:39:28] [0001.647] CPU: MIDR: 0x411FD073, MPIDR: 0x80000100
[2022-03-13 10:39:28] [0001.652] initializing platform
[2022-03-13 10:39:28] [0001.656] I> Bl_dtb @0x85205400
[2022-03-13 10:39:28] [0001.658] I> gpio framework initialized
[2022-03-13 10:39:28] [0001.665] I> tegrabl_gpio_driver_register: register 'nvidia,tegra186-gpio' driver
[2022-03-13 10:39:28] [0001.675] I> tegrabl_gpio_driver_register: register 'nvidia,tegra186-gpio-aon' driver
[2022-03-13 10:39:28] [0001.683] I> GPIO framework and drivers are initialized.
[2022-03-13 10:39:28] [0001.688] I> Boot-device: eMMC
[2022-03-13 10:39:28] [0001.695] I> sdmmc bdev is already initialized
[2022-03-13 10:39:28] [0001.726] I> Found 19 partitions in SDMMC_BOOT (instance 3)
[2022-03-13 10:39:28] [0001.743] I> Found 33 partitions in SDMMC_USER (instance 3)
[2022-03-13 10:39:28] [0001.749] W> opt-in fuse is not set, skip fuse_burning
[2022-03-13 10:39:28] [0001.754] I> Reserved memory at 0xfbe00000 for U-Boot relocation
[2022-03-13 10:39:28] [0001.760] W> No valid slot number is found in scratch register
[2022-03-13 10:39:28] [0001.765] W> Return default slot: _a
[2022-03-13 10:39:28] [0001.775] I> A/B: bin_type (21) slot 0
[2022-03-13 10:39:28] [0001.778] I> Loading kernel-dtb from partition
[2022-03-13 10:39:28] [0001.783] I> Loading partition kernel-dtb at 0x80000000 from device(0x1)
[2022-03-13 10:39:28] [0001.800] I> Kernel_dtb @0x80000000
[2022-03-13 10:39:28] [0001.803] I> tegrabl_tca9539_init: i2c bus: 0, slave addr: 0xee
[2022-03-13 10:39:28] [0001.814] I> tegrabl_gpio_driver_register: register 'tca9539_gpio_driver' driver
[2022-03-13 10:39:28] [0001.821] I> tegrabl_tca9539_init: i2c bus: 0, slave addr: 0xe8
[2022-03-13 10:39:28] [0001.830] I> tegrabl_gpio_driver_register: register 'tca9539_gpio_driver' driver
[2022-03-13 10:39:28] [0001.840] I> fixed regulator driver initialized
[2022-03-13 10:39:28] [0001.873] I> register 'maxim' power off handle
[2022-03-13 10:39:28] [0001.879] I> virtual i2c enabled
[2022-03-13 10:39:28] [0001.883] I> registered 'maxim,max77620' pmic
[2022-03-13 10:39:28] [0001.887] I> tegrabl_gpio_driver_register: register 'max77620-gpio' driver
[2022-03-13 10:39:28] [0001.901] E> failed to read label property for node 324936: 13
[2022-03-13 10:39:28] [0001.909] E> failed to read reg property for node 325032: 13
[2022-03-13 10:39:28] [0001.918] E> failed to read reg property for node 325084: 13
[2022-03-13 10:39:28] [0001.926] E> failed to read label property for node 325168: 13
[2022-03-13 10:39:28] [0001.934] E> failed to read label property for node 325236: 13
[2022-03-13 10:39:28] [0001.943] E> failed to read reg property for node 325304: 13
[2022-03-13 10:39:28] [0001.951] E> failed to read reg property for node 325376: 13
[2022-03-13 10:39:28] [0001.961] I> Find /i2c@c250000's alias i2c7
[2022-03-13 10:39:28] [0001.965] I> Reading eeprom i2c=7 address=0x50
[2022-03-13 10:39:28] [0001.994] I> Device at /i2c@c250000:0x50
[2022-03-13 10:39:28] [0001.998] I> Reading eeprom i2c=7 address=0x57
[2022-03-13 10:39:28] [0002.027] I> Device at /i2c@c250000:0x57
[2022-03-13 10:39:28] [0002.031] I> Find /i2c@c240000's alias i2c1
[2022-03-13 10:39:28] [0002.035] I> Reading eeprom i2c=1 address=0x51
[2022-03-13 10:39:28] [0002.040] E> I2C: slave not found in slaves.
[2022-03-13 10:39:28] [0002.044] E> I2C: Could not write 0 bytes to slave: 0x00a2 with repeat start true.
[2022-03-13 10:39:28] [0002.052] E> I2C_DEV: Failed to send register address 0x00000000.
[2022-03-13 10:39:28] [0002.058] E> I2C_DEV: Could not read 256 registers of size 1 from slave 0xa2 at 0x00000000 via instance 1.
[2022-03-13 10:39:28] [0002.068] E> eeprom: Retry to read I2C slave device.
[2022-03-13 10:39:28] [0002.073] E> I2C: slave not found in slaves.
[2022-03-13 10:39:28] [0002.077] E> I2C: Could not write 0 bytes to slave: 0x00a2 with repeat start true.
[2022-03-13 10:39:28] [0002.084] E> I2C_DEV: Failed to send register address 0x00000000.
[2022-03-13 10:39:28] [0002.090] E> I2C_DEV: Could not read 256 registers of size 1 from slave 0xa2 at 0x00000000 via instance 1.
[2022-03-13 10:39:28] [0002.100] E> eeprom: Failed to read I2C slave device
[2022-03-13 10:39:28] [0002.104] I> Eeprom read failed 0x3526070d
[2022-03-13 10:39:28] [0002.109] I> Find /i2c@3160000's alias i2c0
[2022-03-13 10:39:28] [0002.113] I> Reading eeprom i2c=0 address=0x50
[2022-03-13 10:39:28] [0002.117] E> I2C: slave not found in slaves.
[2022-03-13 10:39:28] [0002.121] E> I2C: Could not write 0 bytes to slave: 0x00a0 with repeat start true.
[2022-03-13 10:39:28] [0002.129] E> I2C_DEV: Failed to send register address 0x00000000.
[2022-03-13 10:39:28] [0002.135] E> I2C_DEV: Could not read 256 registers of size 1 from slave 0xa0 at 0x00000000 via instance 0.
[2022-03-13 10:39:28] [0002.145] E> eeprom: Failed to read I2C slave device
[2022-03-13 10:39:28] [0002.149] I> Eeprom read failed 0x3526070d
[2022-03-13 10:39:28] [0002.154] I> Find /i2c@3180000's alias i2c2
[2022-03-13 10:39:28] [0002.158] I> Reading eeprom i2c=2 address=0x54
[2022-03-13 10:39:28] [0002.162] I> Enabling gpio chip_id = 2, gpio pin = 9
[2022-03-13 10:39:28] [0002.193] I> Disabling gpio chip_id = 2, gpio pin = 9
[2022-03-13 10:39:28] [0002.198] I> Device at /i2c@3180000:0x54
[2022-03-13 10:39:28] [0002.202] I> Reading eeprom i2c=2 address=0x57
[2022-03-13 10:39:28] [0002.206] I> Enabling gpio chip_id = 2, gpio pin = 9
[2022-03-13 10:39:28] [0002.212] E> I2C: slave not found in slaves.
[2022-03-13 10:39:28] [0002.216] E> I2C: Could not write 0 bytes to slave: 0x00ae with repeat start true.
[2022-03-13 10:39:28] [0002.224] E> I2C_DEV: Failed to send register address 0x00000000.
[2022-03-13 10:39:28] [0002.230] E> I2C_DEV: Could not read 256 registers of size 1 from slave 0xae at 0x00000000 via instance 2.
[2022-03-13 10:39:28] [0002.239] E> eeprom: Failed to read I2C slave device
[2022-03-13 10:39:28] [0002.244] I> Disabling gpio chip_id = 2, gpio pin = 9
[2022-03-13 10:39:28] [0002.249] I> Eeprom read failed 0x00000000
[2022-03-13 10:39:28] [0002.253] I> create_pm_ids: id: 3310-1000-D00-L, len: 15
[2022-03-13 10:39:28] [0002.258] I> config: mem-type:00,power-config:00,misc-config:00,modem-config:00,touch-config:00,display-config:00,, len: 93
[2022-03-13 10:39:28] [0002.269] I> create_pm_ids: id: 2597-0000-900-E, len: 15
[2022-03-13 10:39:28] [0002.274] I> config: mem-type:00,power-config:00,misc-config:00,modem-config:00,touch-config:00,display-config:00,, len: 93
[2022-03-13 10:39:28] [0002.285] I> create_pm_ids: id: 3326-1000-000-M, len: 15
[2022-03-13 10:39:28] [0002.290] I> config: mem-type:ff,power-config:ff,misc-config:ff,modem-config:ff,touch-config:ff,display-config:ff,, len: 93
[2022-03-13 10:39:29] [0002.325] I> enabling 'vdd-hdmi' regulator
[2022-03-13 10:39:29] [0002.341] I> regulator 'vdd-hdmi' already enabled
[2022-03-13 10:39:29] [0002.345] E> tegrabl_display_init_regulator: hdmi cable is not connected
[2022-03-13 10:39:29] [0002.352] E> tegrabl_display_get_pdata, failed to parse dtb settings
[2022-03-13 10:39:29] [0002.361] E> cannot find any other nvdisp nodes
[2022-03-13 10:39:29] [0002.365] E> no valid display unit config found in dtb
[2022-03-13 10:39:29] [0002.371] W> display init failed
[2022-03-13 10:39:29] [0002.374] initializing target
[2022-03-13 10:39:29] [0002.377] calling apps_init()
[2022-03-13 10:39:29] [0002.380] starting app kernel_boot_app
[2022-03-13 10:39:29] [0002.403] I> found decompressor handler: lz4-legacy
[2022-03-13 10:39:29] [0002.407] I> decompressing BMP blob ...
[2022-03-13 10:39:29] [0002.419] I> Kernel type = Normal
[2022-03-13 10:39:29] [0002.423] I> ########## Fixed storage boot ##########
[2022-03-13 10:39:29] [0002.427] I> Loading kernel-bootctrl from partition
[2022-03-13 10:39:29] [0002.432] I> Loading partition kernel-bootctrl at 0xa8000000 from device(0x1)
[2022-03-13 10:39:29] [0002.447] W> tegrabl_get_kernel_bootctrl: magic number(0x00000000) is invalid
[2022-03-13 10:39:29] [0002.454] W> tegrabl_get_kernel_bootctrl: use default dummy boot control data
[2022-03-13 10:39:29] [0002.461] W> No valid slot number is found in scratch register
[2022-03-13 10:39:29] [0002.466] W> Return default slot: _a
[2022-03-13 10:39:29] [0002.470] I> A/B: bin_type (24) slot 0
[2022-03-13 10:39:29] [0002.485] I> Boot image size read from image header: 9913d
[2022-03-13 10:39:29] [0002.491] I> Boot image load address: 0x80400000
[2022-03-13 10:39:29] [0002.495] I> Loading kernel from partition
[2022-03-13 10:39:29] [0002.499] I> Loading partition kernel at 0x80400000 from device(0x1)
[2022-03-13 10:39:30] [0003.442] I> Validate kernel ...
[2022-03-13 10:39:30] [0003.445] I> T18x: Authenticate kernel (bin_type 24), max size 0x4000000
[2022-03-13 10:39:30] [0003.453] I> Decrypt the buffer ... [0003.456] W> tegrabl_decrypt_block: fuse (0x0) is not burnt to do encryption (0x4); skip decryption.
[2022-03-13 10:39:30] [0003.465] I> done
[2022-03-13 10:39:30] [0003.467] I> Checking boot.img header magic ... [0003.471] I> [OK]
[2022-03-13 10:39:30] [0003.473] I> kernel-dtb is already loaded
[2022-03-13 10:39:30] [0003.477] I> Validate kernel-dtb ...
[2022-03-13 10:39:30] [0003.480] I> T18x: Authenticate kernel-dtb (bin_type 21), max size 0x100000
[2022-03-13 10:39:30] [0003.488] I> Decrypt the buffer ... [0003.491] W> tegrabl_decrypt_block: fuse (0x0) is not burnt to do encryption (0x4); skip decryption.
[2022-03-13 10:39:30] [0003.500] I> done
[2022-03-13 10:39:30] [0003.502] I> Kernel hdr @0x80400000
[2022-03-13 10:39:30] [0003.505] I> Kernel dtb @0x80000000
[2022-03-13 10:39:30] [0003.508] I> decompressor handler not found
[2022-03-13 10:39:30] [0003.512] I> Copying kernel image (627005 bytes) from 0x80400800 to 0x80600000 ... [0003.520] I> Done
[2022-03-13 10:39:30] [0003.522] I> Move ramdisk (len: 0) from 0x8049a000 to 0x947d0000
[2022-03-13 10:39:30] [0003.529] I> Updated bpmp info to DTB
[2022-03-13 10:39:30] [0003.535] I> Ramdisk: Base: 0x947d0000; Size: 0x0
[2022-03-13 10:39:30] [0003.540] I> Updated initrd info to DTB
[2022-03-13 10:39:30] [0003.543] W> WARN: Fail to override "console=none" in commandline
[2022-03-13 10:39:30] [0003.549] I> Active rootfs suffix: 
[2022-03-13 10:39:30] [0003.552] E> tegrabl_linuxboot_add_disp_param, du 0 failed to get display params
[2022-03-13 10:39:30] [0003.560] E> tegrabl_linuxboot_add_disp_param, du 0 failed to get display params
[2022-03-13 10:39:30] [0003.567] E> tegrabl_linuxboot_add_disp_param, du 0 failed to get display params
[2022-03-13 10:39:30] [0003.574] I> disabled_core_mask: 0xffffff0c
[2022-03-13 10:39:30] [0003.578] W> No valid slot number is found in scratch register
[2022-03-13 10:39:30] [0003.584] W> Return default slot: _a
[2022-03-13 10:39:30] [0003.587] I> Active slot suffix: 
[2022-03-13 10:39:30] [0003.590] I> add_boot_slot_suffix: slot_suffix = 
[2022-03-13 10:39:30] [0003.595] I> Linux Cmdline: console=ttyS0,115200 androidboot.presilicon=true firmware_class.path=/etc/firmware root=/dev/mmcblk0p1 rw rootwait rootfstype=ext4 console=ttyS0,115200n8 console=tty0 fbcon=map:0 net.ifnames=0 isolcpus=1-2  video=tegrafb earlycon=uart8250,mmio32,0x3100000 nvdumper_reserved=0x2772e0000 gpt rootfs.slot_suffix= usbcore.old_scheme_first=1 tegraid=18.1.2.0.0 maxcpus=6 no_console_suspend boot.slot_suffix= boot.ratchetvalues=0.2031647.1 vpr_resize bl_prof_dataptr=0x10000@0x275840000 sdhci_tegra.en_boot_part_access=1 
[2022-03-13 10:39:30] [0003.642] I> Updated bootarg info to DTB
[2022-03-13 10:39:30] [0003.646] I> eeprom_get_mac_addr: MAC (type: 0): 48:b0:2d:0f:11:c5
[2022-03-13 10:39:30] [0003.652] I> eeprom_get_mac_addr: MAC (type: 1): 48:b0:2d:0f:11:c6
[2022-03-13 10:39:30] [0003.659] I> eeprom_get_mac_addr: MAC (type: 2): 48:b0:2d:0f:11:c7
[2022-03-13 10:39:30] [0003.665] E> Found no plugin manager ids in source DT
[2022-03-13 10:39:30] [0003.670] W> Add plugin manager ids from board info
[2022-03-13 10:39:30] [0003.674] W> "plugin-manager" doesn't exist, creating
[2022-03-13 10:39:30] [0003.679] W> "ids" doesn't exist, creating
[2022-03-13 10:39:30] [0003.683] W> "connection" doesn't exist, creating
[2022-03-13 10:39:30] [0003.688] W> "configs" doesn't exist, creating
[2022-03-13 10:39:30] [0003.692] I> create_pm_ids: id: 3310-1000-D00-L, len: 15
[2022-03-13 10:39:30] [0003.697] I> config: mem-type:00,power-config:00,misc-config:00,modem-config:00,touch-config:00,display-config:00,, len: 93
[2022-03-13 10:39:30] [0003.708] I> create_pm_ids: id: 2597-0000-900-E, len: 15
[2022-03-13 10:39:30] [0003.713] I> config: mem-type:00,power-config:00,misc-config:00,modem-config:00,touch-config:00,display-config:00,, len: 93
[2022-03-13 10:39:30] [0003.724] I> create_pm_ids: id: 3326-1000-000-M, len: 15
[2022-03-13 10:39:30] [0003.729] I> config: mem-type:ff,power-config:ff,misc-config:ff,modem-config:ff,touch-config:ff,display-config:ff,, len: 93
[2022-03-13 10:39:30] [0003.740] I> Adding plugin-manager/ids/3310-1000-D00=/i2c@c250000:module@0x50
[2022-03-13 10:39:30] [0003.748] W> "i2c@c250000" doesn't exist, creating
[2022-03-13 10:39:30] [0003.752] W> "module@0x50" doesn't exist, creating
[2022-03-13 10:39:30] [0003.757] I> Adding plugin-manager/ids/2597-0000-900=/i2c@c250000:module@0x57
[2022-03-13 10:39:30] [0003.764] W> "module@0x57" doesn't exist, creating
[2022-03-13 10:39:30] [0003.769] I> Adding plugin-manager/ids/3326-1000-000=/i2c@3180000:module@0x54
[2022-03-13 10:39:30] [0003.777] W> "i2c@3180000" doesn't exist, creating
[2022-03-13 10:39:30] [0003.781] W> "module@0x54" doesn't exist, creating
[2022-03-13 10:39:30] [0003.788] I> Adding plugin-manager/ids/3310-1000-D00-L
[2022-03-13 10:39:30] [0003.795] I> Adding plugin-manager/configs/3310-mem-type 00
[2022-03-13 10:39:30] [0003.801] I> Adding plugin-manager/configs/3310-power-config 00
[2022-03-13 10:39:30] [0003.807] I> Adding plugin-manager/configs/3310-misc-config 00
[2022-03-13 10:39:30] [0003.813] I> Adding plugin-manager/configs/3310-modem-config 00
[2022-03-13 10:39:30] [0003.819] I> Adding plugin-manager/configs/3310-touch-config 00
[2022-03-13 10:39:30] [0003.825] I> Adding plugin-manager/configs/3310-display-config 00
[2022-03-13 10:39:30] [0003.831] I> Adding plugin-manager/cvm
[2022-03-13 10:39:30] [0003.835] W> "chip-id" doesn't exist, creating
[2022-03-13 10:39:30] [0003.839] I> Adding plugin-manager/chip-id/A02P
[2022-03-13 10:39:30] [0003.844] W> "odm-data" doesn't exist, creating
[2022-03-13 10:39:30] [0003.848] I> Adding /chosen/plugin-manager/odm-data
[2022-03-13 10:39:30] [0003.858] I> added [base:0x80000000, size:0x70000000] to /memory
[2022-03-13 10:39:30] [0003.864] I> added [base:0xf0200000, size:0x185600000] to /memory
[2022-03-13 10:39:30] [0003.870] I> added [base:0x275e00000, size:0x200000] to /memory
[2022-03-13 10:39:30] [0003.876] I> added [base:0x276600000, size:0x200000] to /memory
[2022-03-13 10:39:30] [0003.881] I> added [base:0x277000000, size:0x200000] to /memory
[2022-03-13 10:39:30] [0003.887] I> Updated memory info to DTB
[2022-03-13 10:39:30] [0003.892] E> add_disp_param: failed to get display params for du=0
[2022-03-13 10:39:30] [0003.899] W> "reset" doesn't exist, creating
[2022-03-13 10:39:30] [0003.904] W> "pmc-reset-reason" doesn't exist, creating
[2022-03-13 10:39:30] [0003.909] W> "pmic-reset-reason" doesn't exist, creating
[2022-03-13 10:39:30] [0003.916] I> Adding ecid(00000001646db7851000000013038200) to DT
[2022-03-13 10:39:30] [0003.921] I> disabled_core_mask: 0xffffff0c
[2022-03-13 10:39:30] [0003.934] I> Add serial number:1422420022173 as DT property
[2022-03-13 10:39:30] [0003.943] I> Plugin-manager override starting
[2022-03-13 10:39:30] [0003.949] I> node /plugin-manager/fragement@0 matches
[2022-03-13 10:39:30] [0003.959] I> node /plugin-manager/fragement@4 matches
[2022-03-13 10:39:30] [0003.972] I> node /plugin-manager/fragment-sdwake-p3310-1000-300 matches
[2022-03-13 10:39:30] [0003.992] I> node /plugin-manager/fragement-pmon-p3310-1000-300 matches
[2022-03-13 10:39:30] [0004.001] I> node /plugin-manager/fragement-pmon-p3310-1000-800 matches
[2022-03-13 10:39:30] [0004.010] I> node /plugin-manager/fragment-devslp@0 matches
[2022-03-13 10:39:30] [0004.023] I> node /plugin-manager/fragment-500-pcie-config matches
[2022-03-13 10:39:30] [0004.038] I> node /plugin-manager/fragment-500-xusb-config matches
[2022-03-13 10:39:30] [0004.061] I> node /plugin-manager/fragment-p3310-c00-comm matches
[2022-03-13 10:39:30] [0004.074] I> node /plugin-manager/fragment-p3310-c00-pmic matches
[2022-03-13 10:39:30] [0004.085] I> node /plugin-manager/fragment-p3310-c01 matches
[2022-03-13 10:39:30] [0004.098] I> node /plugin-manager/fragment-p3310-c03 matches
[2022-03-13 10:39:30] [0004.141] I> node /plugin-manager/fragment-e3326@0 matches
[2022-03-13 10:39:30] [0004.223] I> node /plugin-manager/fragment-p3310-c00-camera matches
[2022-03-13 10:39:30] [0004.250] I> Disable plugin-manager status in FDT
[2022-03-13 10:39:30] [0004.254] I> Plugin-manager override finished successfully
[2022-03-13 10:39:30] [0004.260] I> tegrabl_load_kernel_and_dtb: Done
[2022-03-13 10:39:30] [0004.264] E> tegrabl_display_clear: display is not initialized
[2022-03-13 10:39:30] [0004.270] W> Boot logo display failed...
[2022-03-13 10:39:30] [0004.273] I> Kernel EP: 0x80600000, DTB: 0x80000000
[2022-03-13 10:39:31] 
[2022-03-13 10:39:31] 
[2022-03-13 10:39:31] U-Boot 2020.04-g46e4604c78 (Jul 26 2021 - 12:10:58 -0700)
[2022-03-13 10:39:31] 
[2022-03-13 10:39:31] SoC: tegra186
[2022-03-13 10:39:31] Model: NVIDIA P2771-0000-500
[2022-03-13 10:39:31] Board: NVIDIA P2771-0000
[2022-03-13 10:39:31] DRAM:  7.8 GiB
[2022-03-13 10:39:31] MMC:   sdhci@3400000: 1, sdhci@3460000: 0
[2022-03-13 10:39:31] Loading Environment from MMC... *** Warning - bad CRC, using default environment
[2022-03-13 10:39:31] 
[2022-03-13 10:39:31] In:    serial
[2022-03-13 10:39:31] Out:   serial
[2022-03-13 10:39:31] Err:   serial
[2022-03-13 10:39:31] Net:   
[2022-03-13 10:39:31] Warning: ethernet@2490000 using MAC address from ROM
[2022-03-13 10:39:31] eth0: ethernet@2490000
[2022-03-13 10:39:31] Hit any key to stop autoboot:  2  1  0 
[2022-03-13 10:39:33] MMC: no card present
[2022-03-13 10:39:33] switch to partitions #0, OK
[2022-03-13 10:39:33] mmc0(part 0) is current device
[2022-03-13 10:39:33] Scanning mmc 0:1...
[2022-03-13 10:39:33] Found /boot/extlinux/extlinux.conf
[2022-03-13 10:39:33] Retrieving file: /boot/extlinux/extlinux.conf
[2022-03-13 10:39:33] 858 bytes read in 22 ms (38.1 KiB/s)
[2022-03-13 10:39:33] 1:	primary kernel
[2022-03-13 10:39:33] Retrieving file: /boot/initrd
[2022-03-13 10:39:33] 7238344 bytes read in 202 ms (34.2 MiB/s)
[2022-03-13 10:39:33] Retrieving file: /boot/Image
[2022-03-13 10:39:34] 34484232 bytes read in 829 ms (39.7 MiB/s)
[2022-03-13 10:39:34] append: console=ttyS0,115200 androidboot.presilicon=true firmware_class.path=/etc/firmware root=/dev/mmcblk0p1 rw rootwait rootfstype=ext4 console=ttyS0,115200n8 console=tty0 fbcon=map:0 net.ifnames=0 isolcpus=1-2  video=tegrafb earlycon=uart8250,mmio32,0x3100000 nvdumper_reserved=0x2772e0000 gpt rootfs.slot_suffix= usbcore.old_scheme_first=1 tegraid=18.1.2.0.0 maxcpus=6 no_console_suspend boot.slot_suffix= boot.ratchetvalues=0.2031647.1 vpr_resize bl_prof_dataptr=0x10000@0x275840000 sdhci_tegra.en_boot_part_access=1 quiet root=/dev/mmcblk0p1 rw rootwait rootfstype=ext4 console=ttyS0,115200n8 console=tty0 fbcon=map:0 net.ifnames=0 isolcpus=1-2 
[2022-03-13 10:39:34] ## Flattened Device Tree blob at 80000000
[2022-03-13 10:39:34]    Booting using the fdt blob at 0x80000000
[2022-03-13 10:39:34] ERROR: reserving fdt memory region failed (addr=0 size=0)
[2022-03-13 10:39:34] ERROR: reserving fdt memory region failed (addr=0 size=0)
[2022-03-13 10:39:34] ERROR: reserving fdt memory region failed (addr=0 size=0)
[2022-03-13 10:39:34]    Using Device Tree in place at 0000000080000000, end 0000000080060aa3
[2022-03-13 10:39:34] copying carveout for /host1x@13e00000/display-hub@15200000/display@15200000...
[2022-03-13 10:39:34] copying carveout for /host1x@13e00000/display-hub@15200000/display@15210000...
[2022-03-13 10:39:34] copying carveout for /host1x@13e00000/display-hub@15200000/display@15220000...
[2022-03-13 10:39:34] 
[2022-03-13 10:39:34] Starting kernel ...
[2022-03-13 10:39:34] 
[2022-03-13 10:39:35] [    0.000000] Booting Linux on physical CPU 0x100
