[0000.295] I> Welcome to MB2(TBoot-BPMP)(version: 01.00.160913-t186-M-00.00-mobile-c368a720)
[2022-03-13 15:35:42] [0000.304] I> Boot-device: eMMC
[2022-03-13 15:35:42] [0000.311] I> sdmmc bdev is already initialized
[2022-03-13 15:35:42] [0000.316] I> pmic: reset reason (nverc)	: 0x80
[2022-03-13 15:35:42] [0000.349] I> Found 19 partitions in SDMMC_BOOT (instance 3)
[2022-03-13 15:35:42] [0000.369] I> Found 33 partitions in SDMMC_USER (instance 3)
[2022-03-13 15:35:42] [0000.375] W> No valid slot number is found in scratch register
[2022-03-13 15:35:42] [0000.381] W> Return default slot: _a
[2022-03-13 15:35:42] [0000.384] I> A/B: bin_type (16) slot 0
[2022-03-13 15:35:42] [0000.388] I> Loading partition bpmp-fw at 0xd7800000
[2022-03-13 15:35:42] [0000.392] I> Reading two headers - addr:0xd7800000 blocks:1
[2022-03-13 15:35:42] [0000.398] I> Addr: 0xd7800000, start-block: 58777608, num_blocks: 1
[2022-03-13 15:35:42] [0000.423] I> Binary(16) of size 534416 is loaded @ 0xd7800000
[2022-03-13 15:35:42] [0000.429] W> No valid slot number is found in scratch register
[2022-03-13 15:35:42] [0000.435] W> Return default slot: _a
[2022-03-13 15:35:42] [0000.438] I> A/B: bin_type (17) slot 0
[2022-03-13 15:35:42] [0000.442] I> Loading partition bpmp-fw-dtb at 0xd79f0000
[2022-03-13 15:35:42] [0000.447] I> Reading two headers - addr:0xd79f0000 blocks:1
[2022-03-13 15:35:42] [0000.452] I> Addr: 0xd79f0000, start-block: 58780024, num_blocks: 1
[2022-03-13 15:35:42] [0000.478] I> Binary(17) of size 604720 is loaded @ 0xd796c400
[2022-03-13 15:35:42] [0000.708] I> Loading SCE-FW ...
[2022-03-13 15:35:42] [0000.711] W> No valid slot number is found in scratch register
[2022-03-13 15:35:42] [0000.717] W> Return default slot: _a
[2022-03-13 15:35:42] [0000.720] I> A/B: bin_type (12) slot 0
[2022-03-13 15:35:42] [0000.724] I> Loading partition sce-fw at 0xd7300000
[2022-03-13 15:35:42] [0000.728] I> Reading two headers - addr:0xd7300000 blocks:1
[2022-03-13 15:35:42] [0000.734] I> Addr: 0xd7300000, start-block: 58784120, num_blocks: 1
[2022-03-13 15:35:42] [0000.753] I> Binary(12) of size 125632 is loaded @ 0xd7300000
[2022-03-13 15:35:42] [0000.759] I> Init SCE
[2022-03-13 15:35:42] [0000.761] I> Loading APE-FW ...
[2022-03-13 15:35:42] [0000.764] W> No valid slot number is found in scratch register
[2022-03-13 15:35:42] [0000.770] W> Return default slot: _a
[2022-03-13 15:35:42] [0000.773] I> A/B: bin_type (11) slot 0
[2022-03-13 15:35:42] [0000.777] I> Loading partition adsp-fw at 0xd7400000
[2022-03-13 15:35:42] [0000.782] I> Reading two headers - addr:0xd7400000 blocks:1
[2022-03-13 15:35:42] [0000.787] I> Addr: 0xd7400000, start-block: 58761224, num_blocks: 1
[2022-03-13 15:35:42] [0000.806] I> Binary(11) of size 77216 is loaded @ 0xd7400000
[2022-03-13 15:35:42] [0000.812] I> Copy BTCM section
[2022-03-13 15:35:42] [0000.815] W> No valid slot number is found in scratch register
[2022-03-13 15:35:42] [0000.821] W> Return default slot: _a
[2022-03-13 15:35:42] [0000.824] I> A/B: bin_type (13) slot 0
[2022-03-13 15:35:42] [0000.828] I> Loading partition cpu-bootloader at 0x96000000
[2022-03-13 15:35:42] [0000.833] I> Reading two headers - addr:0x96000000 blocks:1
[2022-03-13 15:35:42] [0000.838] I> Addr: 0x96000000, start-block: 58740744, num_blocks: 1
[2022-03-13 15:35:42] [0000.860] I> Binary(13) of size 308800 is loaded @ 0x96000000
[2022-03-13 15:35:42] [0000.865] W> No valid slot number is found in scratch register
[2022-03-13 15:35:42] [0000.871] W> Return default slot: _a
[2022-03-13 15:35:42] [0000.874] I> A/B: bin_type (20) slot 0
[2022-03-13 15:35:42] [0000.878] I> Loading partition bootloader-dtb at 0x85205400
[2022-03-13 15:35:42] [0000.884] I> Reading two headers - addr:0x85205400 blocks:1
[2022-03-13 15:35:42] [0000.889] I> Addr: 0x85205400, start-block: 58742792, num_blocks: 1
[2022-03-13 15:35:42] [0000.911] I> Binary(20) of size 375568 is loaded @ 0x85205400
[2022-03-13 15:35:42] [0000.917] W> No valid slot number is found in scratch register
[2022-03-13 15:35:42] [0000.922] W> Return default slot: _a
[2022-03-13 15:35:42] [0000.926] I> A/B: bin_type (14) slot 0
[2022-03-13 15:35:42] [0000.929] I> Loading partition secure-os at 0x85305600
[2022-03-13 15:35:42] [0000.934] I> Reading two headers - addr:0x85305600 blocks:1
[2022-03-13 15:35:42] [0000.940] I> Addr: 0x85305600, start-block: 58744840, num_blocks: 1
[2022-03-13 15:35:43] [0000.962] I> Binary(14) of size 402864 is loaded @ 0x85305600
[2022-03-13 15:35:43] [0000.970] I> TOS boot-params @ 0x85000000
[2022-03-13 15:35:43] [0000.974] I> TOS params prepared
[2022-03-13 15:35:43] [0000.977] I> Loading EKS ...
[2022-03-13 15:35:43] [0000.980] I> A/B: bin_type (15) slot 0
[2022-03-13 15:35:43] [0000.983] I> Loading partition eks at 0x85905800
[2022-03-13 15:35:43] [0000.988] I> Reading two headers - addr:0x85905800 blocks:1
[2022-03-13 15:35:43] [0000.993] I> Addr: 0x85905800, start-block: 58757128, num_blocks: 1
[2022-03-13 15:35:43] [0001.012] I> Binary(15) of size 1040 is loaded @ 0x85905800
[2022-03-13 15:35:43] [0001.017] I> EKB detected (length: 0x400) @ 0x85905800
[2022-03-13 15:35:43] [0001.023] I> Copied encrypted keys
[2022-03-13 15:35:43] [0001.026] I> boot profiler @ 0x275844000
[2022-03-13 15:35:43] [0001.030] I> boot profiler for TOS @ 0x275844000
[2022-03-13 15:35:43] [0001.035] I> Unhalting SCE
[2022-03-13 15:35:43] [0001.038] I> Primary Memory Start:80000000 Size:70000000
[2022-03-13 15:35:43] [0001.043] I> Extended Memory Start:f0110000 Size:1856f0000
[2022-03-13 15:35:43] [0001.050] I> MB2(TBoot-BPMP) done
[2022-03-13 15:35:43] 
[2022-03-13 15:35:43] NOTICE:  BL31: v1.3(release):b5eeb33f7
[2022-03-13 15:35:43] NOTICE:  BL31: Built : 12:15:17, Jul 26 2021
[2022-03-13 15:35:43] ipc-unittest-main: 1519: Welcome to IPC unittest!!!
[2022-03-13 15:35:43] ipc-unittest-main: 1531: waiting forever
[2022-03-13 15:35:43] ipc-unittest-srv: 329: Init unittest services!!!
[2022-03-13 15:35:43] hwkey-agent: 41: hwkey-agent is running!!
[2022-03-13 15:35:43] hwkey-agent: 315: key_mgnt_processing .......
[2022-03-13 15:35:43] hwkey-agent: 223: Setting EKB key 0 to slot 14
[2022-03-13 15:35:43] hwkey-agent: 178: Init hweky-agent services!!
[2022-03-13 15:35:43] luks-srv: 40: luks-srv is running!!
[2022-03-13 15:35:43] luks-srv: 157: Init luks-srv IPC services!!
[2022-03-13 15:35:43] platform_bootstrap_epilog: trusty bootstrap complete
[2022-03-13 15:35:43] [0001.422] I> Welcome to Cboot
[2022-03-13 15:35:43] [0001.425] I> Cboot Version: t186-00029e71
[2022-03-13 15:35:43] [0001.429] I> CPU-BL Params @ 0x275800000
[2022-03-13 15:35:43] [0001.432] I>  0) Base:0x00000000 Size:0x00000000
[2022-03-13 15:35:43] [0001.437] I>  1) Base:0x277f00000 Size:0x00100000
[2022-03-13 15:35:43] [0001.441] I>  2) Base:0x277e00000 Size:0x00100000
[2022-03-13 15:35:43] [0001.446] I>  3) Base:0x277d00000 Size:0x00100000
[2022-03-13 15:35:43] [0001.450] I>  4) Base:0x277c00000 Size:0x00100000
[2022-03-13 15:35:43] [0001.455] I>  5) Base:0x277b00000 Size:0x00100000
[2022-03-13 15:35:43] [0001.459] I>  6) Base:0x277800000 Size:0x00200000
[2022-03-13 15:35:43] [0001.464] I>  7) Base:0x277400000 Size:0x00400000
[2022-03-13 15:35:43] [0001.468] I>  8) Base:0x277a00000 Size:0x00100000
[2022-03-13 15:35:43] [0001.473] I>  9) Base:0x277300000 Size:0x00100000
[2022-03-13 15:35:43] [0001.477] I> 10) Base:0x276800000 Size:0x00800000
[2022-03-13 15:35:43] [0001.482] I> 11) Base:0x30000000 Size:0x00040000
[2022-03-13 15:35:43] [0001.486] I> 12) Base:0xf0000000 Size:0x00100000
[2022-03-13 15:35:43] [0001.491] I> 13) Base:0x30040000 Size:0x00001000
[2022-03-13 15:35:43] [0001.495] I> 14) Base:0x30048000 Size:0x00001000
[2022-03-13 15:35:43] [0001.500] I> 15) Base:0x30049000 Size:0x00001000
[2022-03-13 15:35:43] [0001.504] I> 16) Base:0x3004a000 Size:0x00001000
[2022-03-13 15:35:43] [0001.509] I> 17) Base:0x3004b000 Size:0x00001000
[2022-03-13 15:35:43] [0001.513] I> 18) Base:0x3004c000 Size:0x00001000
[2022-03-13 15:35:43] [0001.517] I> 19) Base:0x3004d000 Size:0x00001000
[2022-03-13 15:35:43] [0001.522] I> 20) Base:0x3004e000 Size:0x00001000
[2022-03-13 15:35:43] [0001.526] I> 21) Base:0x3004f000 Size:0x00001000
[2022-03-13 15:35:43] [0001.531] I> 22) Base:0x00000000 Size:0x00000000
[2022-03-13 15:35:43] [0001.535] I> 23) Base:0xf0100000 Size:0x00010000
[2022-03-13 15:35:43] [0001.540] I> 24) Base:0x00000000 Size:0x00000000
[2022-03-13 15:35:43] [0001.544] I> 25) Base:0x00000000 Size:0x00000000
[2022-03-13 15:35:43] [0001.548] I> 26) Base:0x00000000 Size:0x00000000
[2022-03-13 15:35:43] [0001.553] I> 27) Base:0x00000000 Size:0x00000000
[2022-03-13 15:35:43] [0001.557] I> 28) Base:0x84400000 Size:0x00400000
[2022-03-13 15:35:43] [0001.562] I> 29) Base:0x30000000 Size:0x00010000
[2022-03-13 15:35:43] [0001.566] I> 30) Base:0x278000000 Size:0x08000000
[2022-03-13 15:35:43] [0001.571] I> 31) Base:0x00000000 Size:0x00000000
[2022-03-13 15:35:43] [0001.575] I> 32) Base:0x276000000 Size:0x00600000
[2022-03-13 15:35:43] [0001.580] I> 33) Base:0x80000000 Size:0x70000000
[2022-03-13 15:35:43] [0001.584] I> 34) Base:0xf0110000 Size:0x1856f0000
[2022-03-13 15:35:43] [0001.589] I> 35) Base:0x00000000 Size:0x00000000
[2022-03-13 15:35:43] [0001.593] I> 36) Base:0x00000000 Size:0x00000000
[2022-03-13 15:35:43] [0001.597] I> 37) Base:0x2772e0000 Size:0x00020000
[2022-03-13 15:35:43] [0001.602] I> 38) Base:0x84000000 Size:0x00400000
[2022-03-13 15:35:43] [0001.606] I> 39) Base:0x96000000 Size:0x02000000
[2022-03-13 15:35:43] [0001.611] I> 40) Base:0x85000000 Size:0x01200000
[2022-03-13 15:35:43] [0001.615] I> 41) Base:0x275800000 Size:0x00500000
[2022-03-13 15:35:43] [0001.620] I> 42) Base:0x00000000 Size:0x00000000
[2022-03-13 15:35:43] [0001.624] I> 43) Base:0x00000000 Size:0x00000000
[2022-03-13 15:35:43] [0001.629] GIC-SPI Target CPU: 4
[2022-03-13 15:35:43] [0001.632] Interrupts Init done
[2022-03-13 15:35:43] [0001.635] calling constructors
[2022-03-13 15:35:43] [0001.638] initializing heap
[2022-03-13 15:35:43] [0001.641] initializing threads
[2022-03-13 15:35:43] [0001.644] initializing timers
[2022-03-13 15:35:43] [0001.647] creating bootstrap completion thread
[2022-03-13 15:35:43] [0001.652] top of bootstrap2()
[2022-03-13 15:35:43] [0001.655] CPU: ARM Cortex A57
[2022-03-13 15:35:43] [0001.658] CPU: MIDR: 0x411FD073, MPIDR: 0x80000100
[2022-03-13 15:35:43] [0001.663] initializing platform
[2022-03-13 15:35:43] [0001.667] I> Bl_dtb @0x85205400
[2022-03-13 15:35:43] [0001.670] I> gpio framework initialized
[2022-03-13 15:35:43] [0001.676] I> tegrabl_gpio_driver_register: register 'nvidia,tegra186-gpio' driver
[2022-03-13 15:35:43] [0001.686] I> tegrabl_gpio_driver_register: register 'nvidia,tegra186-gpio-aon' driver
[2022-03-13 15:35:43] [0001.694] I> GPIO framework and drivers are initialized.
[2022-03-13 15:35:43] [0001.699] I> Boot-device: eMMC
[2022-03-13 15:35:43] [0001.706] I> sdmmc bdev is already initialized
[2022-03-13 15:35:43] [0001.737] I> Found 19 partitions in SDMMC_BOOT (instance 3)
[2022-03-13 15:35:43] [0001.755] I> Found 33 partitions in SDMMC_USER (instance 3)
[2022-03-13 15:35:43] [0001.760] W> opt-in fuse is not set, skip fuse_burning
[2022-03-13 15:35:43] [0001.765] I> Reserved memory at 0xfbe00000 for U-Boot relocation
[2022-03-13 15:35:43] [0001.771] W> No valid slot number is found in scratch register
[2022-03-13 15:35:43] [0001.776] W> Return default slot: _a
[2022-03-13 15:35:43] [0001.786] I> A/B: bin_type (21) slot 0
[2022-03-13 15:35:43] [0001.789] I> Loading kernel-dtb from partition
[2022-03-13 15:35:43] [0001.794] I> Loading partition kernel-dtb at 0x80000000 from device(0x1)
[2022-03-13 15:35:43] [0001.811] I> Kernel_dtb @0x80000000
[2022-03-13 15:35:43] [0001.815] I> tegrabl_tca9539_init: i2c bus: 0, slave addr: 0xee
[2022-03-13 15:35:43] [0001.825] I> tegrabl_gpio_driver_register: register 'tca9539_gpio_driver' driver
[2022-03-13 15:35:43] [0001.832] I> tegrabl_tca9539_init: i2c bus: 0, slave addr: 0xe8
[2022-03-13 15:35:43] [0001.841] I> tegrabl_gpio_driver_register: register 'tca9539_gpio_driver' driver
[2022-03-13 15:35:43] [0001.852] I> fixed regulator driver initialized
[2022-03-13 15:35:43] [0001.885] I> register 'maxim' power off handle
[2022-03-13 15:35:43] [0001.891] I> virtual i2c enabled
[2022-03-13 15:35:43] [0001.894] I> registered 'maxim,max77620' pmic
[2022-03-13 15:35:43] [0001.899] I> tegrabl_gpio_driver_register: register 'max77620-gpio' driver
[2022-03-13 15:35:43] [0001.913] E> failed to read label property for node 324936: 13
[2022-03-13 15:35:43] [0001.921] E> failed to read reg property for node 325032: 13
[2022-03-13 15:35:43] [0001.929] E> failed to read reg property for node 325084: 13
[2022-03-13 15:35:43] [0001.937] E> failed to read label property for node 325168: 13
[2022-03-13 15:35:44] [0001.946] E> failed to read label property for node 325236: 13
[2022-03-13 15:35:44] [0001.954] E> failed to read reg property for node 325304: 13
[2022-03-13 15:35:44] [0001.963] E> failed to read reg property for node 325376: 13
[2022-03-13 15:35:44] [0001.973] I> Find /i2c@c250000's alias i2c7
[2022-03-13 15:35:44] [0001.977] I> Reading eeprom i2c=7 address=0x50
[2022-03-13 15:35:44] [0002.006] I> Device at /i2c@c250000:0x50
[2022-03-13 15:35:44] [0002.010] I> Reading eeprom i2c=7 address=0x57
[2022-03-13 15:35:44] [0002.039] I> Device at /i2c@c250000:0x57
[2022-03-13 15:35:44] [0002.043] I> Find /i2c@c240000's alias i2c1
[2022-03-13 15:35:44] [0002.047] I> Reading eeprom i2c=1 address=0x51
[2022-03-13 15:35:44] [0002.052] E> I2C: slave not found in slaves.
[2022-03-13 15:35:44] [0002.056] E> I2C: Could not write 0 bytes to slave: 0x00a2 with repeat start true.
[2022-03-13 15:35:44] [0002.064] E> I2C_DEV: Failed to send register address 0x00000000.
[2022-03-13 15:35:44] [0002.070] E> I2C_DEV: Could not read 256 registers of size 1 from slave 0xa2 at 0x00000000 via instance 1.
[2022-03-13 15:35:44] [0002.079] E> eeprom: Retry to read I2C slave device.
[2022-03-13 15:35:44] [0002.084] E> I2C: slave not found in slaves.
[2022-03-13 15:35:44] [0002.088] E> I2C: Could not write 0 bytes to slave: 0x00a2 with repeat start true.
[2022-03-13 15:35:44] [0002.096] E> I2C_DEV: Failed to send register address 0x00000000.
[2022-03-13 15:35:44] [0002.102] E> I2C_DEV: Could not read 256 registers of size 1 from slave 0xa2 at 0x00000000 via instance 1.
[2022-03-13 15:35:44] [0002.111] E> eeprom: Failed to read I2C slave device
[2022-03-13 15:35:44] [0002.116] I> Eeprom read failed 0x3526070d
[2022-03-13 15:35:44] [0002.121] I> Find /i2c@3160000's alias i2c0
[2022-03-13 15:35:44] [0002.125] I> Reading eeprom i2c=0 address=0x50
[2022-03-13 15:35:44] [0002.129] E> I2C: slave not found in slaves.
[2022-03-13 15:35:44] [0002.133] E> I2C: Could not write 0 bytes to slave: 0x00a0 with repeat start true.
[2022-03-13 15:35:44] [0002.141] E> I2C_DEV: Failed to send register address 0x00000000.
[2022-03-13 15:35:44] [0002.147] E> I2C_DEV: Could not read 256 registers of size 1 from slave 0xa0 at 0x00000000 via instance 0.
[2022-03-13 15:35:44] [0002.156] E> eeprom: Failed to read I2C slave device
[2022-03-13 15:35:44] [0002.161] I> Eeprom read failed 0x3526070d
[2022-03-13 15:35:44] [0002.166] I> Find /i2c@3180000's alias i2c2
[2022-03-13 15:35:44] [0002.170] I> Reading eeprom i2c=2 address=0x54
[2022-03-13 15:35:44] [0002.174] I> Enabling gpio chip_id = 2, gpio pin = 9
[2022-03-13 15:35:44] [0002.205] I> Disabling gpio chip_id = 2, gpio pin = 9
[2022-03-13 15:35:44] [0002.210] I> Device at /i2c@3180000:0x54
[2022-03-13 15:35:44] [0002.214] I> Reading eeprom i2c=2 address=0x57
[2022-03-13 15:35:44] [0002.218] I> Enabling gpio chip_id = 2, gpio pin = 9
[2022-03-13 15:35:44] [0002.224] E> I2C: slave not found in slaves.
[2022-03-13 15:35:44] [0002.228] E> I2C: Could not write 0 bytes to slave: 0x00ae with repeat start true.
[2022-03-13 15:35:44] [0002.235] E> I2C_DEV: Failed to send register address 0x00000000.
[2022-03-13 15:35:44] [0002.241] E> I2C_DEV: Could not read 256 registers of size 1 from slave 0xae at 0x00000000 via instance 2.
[2022-03-13 15:35:44] [0002.251] E> eeprom: Failed to read I2C slave device
[2022-03-13 15:35:44] [0002.255] I> Disabling gpio chip_id = 2, gpio pin = 9
[2022-03-13 15:35:44] [0002.261] I> Eeprom read failed 0x00000000
[2022-03-13 15:35:44] [0002.265] I> create_pm_ids: id: 3310-1000-D00-L, len: 15
[2022-03-13 15:35:44] [0002.270] I> config: mem-type:00,power-config:00,misc-config:00,modem-config:00,touch-config:00,display-config:00,, len: 93
[2022-03-13 15:35:44] [0002.281] I> create_pm_ids: id: 2597-0000-900-E, len: 15
[2022-03-13 15:35:44] [0002.286] I> config: mem-type:00,power-config:00,misc-config:00,modem-config:00,touch-config:00,display-config:00,, len: 93
[2022-03-13 15:35:44] [0002.297] I> create_pm_ids: id: 3326-1000-000-M, len: 15
[2022-03-13 15:35:44] [0002.302] I> config: mem-type:ff,power-config:ff,misc-config:ff,modem-config:ff,touch-config:ff,display-config:ff,, len: 93
[2022-03-13 15:35:44] [0002.337] I> enabling 'vdd-hdmi' regulator
[2022-03-13 15:35:44] [0002.353] I> regulator 'vdd-hdmi' already enabled
[2022-03-13 15:35:44] [0002.357] E> tegrabl_display_init_regulator: hdmi cable is not connected
[2022-03-13 15:35:44] [0002.364] E> tegrabl_display_get_pdata, failed to parse dtb settings
[2022-03-13 15:35:44] [0002.373] E> cannot find any other nvdisp nodes
[2022-03-13 15:35:44] [0002.377] E> no valid display unit config found in dtb
[2022-03-13 15:35:44] [0002.383] W> display init failed
[2022-03-13 15:35:44] [0002.386] initializing target
[2022-03-13 15:35:44] [0002.389] calling apps_init()
[2022-03-13 15:35:44] [0002.392] starting app kernel_boot_app
[2022-03-13 15:35:44] [0002.414] I> found decompressor handler: lz4-legacy
[2022-03-13 15:35:44] [0002.419] I> decompressing BMP blob ...
[2022-03-13 15:35:44] [0002.431] I> Kernel type = Normal
[2022-03-13 15:35:44] [0002.434] I> ########## Fixed storage boot ##########
[2022-03-13 15:35:44] [0002.439] I> Loading kernel-bootctrl from partition
[2022-03-13 15:35:44] [0002.444] I> Loading partition kernel-bootctrl at 0xa8000000 from device(0x1)
[2022-03-13 15:35:44] [0002.458] W> tegrabl_get_kernel_bootctrl: magic number(0x00000000) is invalid
[2022-03-13 15:35:44] [0002.465] W> tegrabl_get_kernel_bootctrl: use default dummy boot control data
[2022-03-13 15:35:44] [0002.472] W> No valid slot number is found in scratch register
[2022-03-13 15:35:44] [0002.478] W> Return default slot: _a
[2022-03-13 15:35:44] [0002.481] I> A/B: bin_type (24) slot 0
[2022-03-13 15:35:44] [0002.497] I> Boot image size read from image header: 9913d
[2022-03-13 15:35:44] [0002.502] I> Boot image load address: 0x80400000
[2022-03-13 15:35:44] [0002.507] I> Loading kernel from partition
[2022-03-13 15:35:44] [0002.511] I> Loading partition kernel at 0x80400000 from device(0x1)
[2022-03-13 15:35:45] [0003.454] I> Validate kernel ...
[2022-03-13 15:35:45] [0003.457] I> T18x: Authenticate kernel (bin_type 24), max size 0x4000000
[2022-03-13 15:35:45] [0003.465] I> Decrypt the buffer ... [0003.468] W> tegrabl_decrypt_block: fuse (0x0) is not burnt to do encryption (0x4); skip decryption.
[2022-03-13 15:35:45] [0003.477] I> done
[2022-03-13 15:35:45] [0003.479] I> Checking boot.img header magic ... [0003.483] I> [OK]
[2022-03-13 15:35:45] [0003.485] I> kernel-dtb is already loaded
[2022-03-13 15:35:45] [0003.489] I> Validate kernel-dtb ...
[2022-03-13 15:35:45] [0003.492] I> T18x: Authenticate kernel-dtb (bin_type 21), max size 0x100000
[2022-03-13 15:35:45] [0003.500] I> Decrypt the buffer ... [0003.503] W> tegrabl_decrypt_block: fuse (0x0) is not burnt to do encryption (0x4); skip decryption.
[2022-03-13 15:35:45] [0003.512] I> done
[2022-03-13 15:35:45] [0003.514] I> Kernel hdr @0x80400000
[2022-03-13 15:35:45] [0003.517] I> Kernel dtb @0x80000000
[2022-03-13 15:35:45] [0003.520] I> decompressor handler not found
[2022-03-13 15:35:45] [0003.524] I> Copying kernel image (627005 bytes) from 0x80400800 to 0x80600000 ... [0003.532] I> Done
[2022-03-13 15:35:45] [0003.534] I> Move ramdisk (len: 0) from 0x8049a000 to 0x947d0000
[2022-03-13 15:35:45] [0003.541] I> Updated bpmp info to DTB
[2022-03-13 15:35:45] [0003.547] I> Ramdisk: Base: 0x947d0000; Size: 0x0
[2022-03-13 15:35:45] [0003.552] I> Updated initrd info to DTB
[2022-03-13 15:35:45] [0003.556] W> WARN: Fail to override "console=none" in commandline
[2022-03-13 15:35:45] [0003.561] I> Active rootfs suffix: 
[2022-03-13 15:35:45] [0003.565] E> tegrabl_linuxboot_add_disp_param, du 0 failed to get display params
[2022-03-13 15:35:45] [0003.572] E> tegrabl_linuxboot_add_disp_param, du 0 failed to get display params
[2022-03-13 15:35:45] [0003.579] E> tegrabl_linuxboot_add_disp_param, du 0 failed to get display params
[2022-03-13 15:35:45] [0003.586] I> disabled_core_mask: 0xffffff0c
[2022-03-13 15:35:45] [0003.590] W> No valid slot number is found in scratch register
[2022-03-13 15:35:45] [0003.596] W> Return default slot: _a
[2022-03-13 15:35:45] [0003.599] I> Active slot suffix: 
[2022-03-13 15:35:45] [0003.603] I> add_boot_slot_suffix: slot_suffix = 
[2022-03-13 15:35:45] [0003.607] I> Linux Cmdline: console=ttyS0,115200 androidboot.presilicon=true firmware_class.path=/etc/firmware root=/dev/mmcblk0p1 rw rootwait rootfstype=ext4 console=ttyS0,115200n8 console=tty0 fbcon=map:0 net.ifnames=0 isolcpus=1-2  video=tegrafb earlycon=uart8250,mmio32,0x3100000 nvdumper_reserved=0x2772e0000 gpt rootfs.slot_suffix= usbcore.old_scheme_first=1 tegraid=18.1.2.0.0 maxcpus=6 no_console_suspend boot.slot_suffix= boot.ratchetvalues=0.2031647.1 vpr_resize bl_prof_dataptr=0x10000@0x275840000 sdhci_tegra.en_boot_part_access=1 
[2022-03-13 15:35:45] [0003.655] I> Updated bootarg info to DTB
[2022-03-13 15:35:45] [0003.658] I> eeprom_get_mac_addr: MAC (type: 0): 48:b0:2d:0f:11:c5
[2022-03-13 15:35:45] [0003.665] I> eeprom_get_mac_addr: MAC (type: 1): 48:b0:2d:0f:11:c6
[2022-03-13 15:35:45] [0003.671] I> eeprom_get_mac_addr: MAC (type: 2): 48:b0:2d:0f:11:c7
[2022-03-13 15:35:45] [0003.677] E> Found no plugin manager ids in source DT
[2022-03-13 15:35:45] [0003.682] W> Add plugin manager ids from board info
[2022-03-13 15:35:45] [0003.687] W> "plugin-manager" doesn't exist, creating
[2022-03-13 15:35:45] [0003.692] W> "ids" doesn't exist, creating
[2022-03-13 15:35:45] [0003.696] W> "connection" doesn't exist, creating
[2022-03-13 15:35:45] [0003.700] W> "configs" doesn't exist, creating
[2022-03-13 15:35:45] [0003.705] I> create_pm_ids: id: 3310-1000-D00-L, len: 15
[2022-03-13 15:35:45] [0003.710] I> config: mem-type:00,power-config:00,misc-config:00,modem-config:00,touch-config:00,display-config:00,, len: 93
[2022-03-13 15:35:45] [0003.721] I> create_pm_ids: id: 2597-0000-900-E, len: 15
[2022-03-13 15:35:45] [0003.726] I> config: mem-type:00,power-config:00,misc-config:00,modem-config:00,touch-config:00,display-config:00,, len: 93
[2022-03-13 15:35:45] [0003.737] I> create_pm_ids: id: 3326-1000-000-M, len: 15
[2022-03-13 15:35:45] [0003.742] I> config: mem-type:ff,power-config:ff,misc-config:ff,modem-config:ff,touch-config:ff,display-config:ff,, len: 93
[2022-03-13 15:35:45] [0003.753] I> Adding plugin-manager/ids/3310-1000-D00=/i2c@c250000:module@0x50
[2022-03-13 15:35:45] [0003.760] W> "i2c@c250000" doesn't exist, creating
[2022-03-13 15:35:45] [0003.765] W> "module@0x50" doesn't exist, creating
[2022-03-13 15:35:45] [0003.770] I> Adding plugin-manager/ids/2597-0000-900=/i2c@c250000:module@0x57
[2022-03-13 15:35:45] [0003.777] W> "module@0x57" doesn't exist, creating
[2022-03-13 15:35:45] [0003.782] I> Adding plugin-manager/ids/3326-1000-000=/i2c@3180000:module@0x54
[2022-03-13 15:35:45] [0003.789] W> "i2c@3180000" doesn't exist, creating
[2022-03-13 15:35:45] [0003.794] W> "module@0x54" doesn't exist, creating
[2022-03-13 15:35:45] [0003.801] I> Adding plugin-manager/ids/3310-1000-D00-L
[2022-03-13 15:35:45] [0003.808] I> Adding plugin-manager/configs/3310-mem-type 00
[2022-03-13 15:35:45] [0003.813] I> Adding plugin-manager/configs/3310-power-config 00
[2022-03-13 15:35:45] [0003.819] I> Adding plugin-manager/configs/3310-misc-config 00
[2022-03-13 15:35:45] [0003.825] I> Adding plugin-manager/configs/3310-modem-config 00
[2022-03-13 15:35:45] [0003.831] I> Adding plugin-manager/configs/3310-touch-config 00
[2022-03-13 15:35:45] [0003.837] I> Adding plugin-manager/configs/3310-display-config 00
[2022-03-13 15:35:45] [0003.843] I> Adding plugin-manager/cvm
[2022-03-13 15:35:45] [0003.847] W> "chip-id" doesn't exist, creating
[2022-03-13 15:35:45] [0003.851] I> Adding plugin-manager/chip-id/A02P
[2022-03-13 15:35:45] [0003.856] W> "odm-data" doesn't exist, creating
[2022-03-13 15:35:45] [0003.860] I> Adding /chosen/plugin-manager/odm-data
[2022-03-13 15:35:45] [0003.870] I> added [base:0x80000000, size:0x70000000] to /memory
[2022-03-13 15:35:45] [0003.876] I> added [base:0xf0200000, size:0x185600000] to /memory
[2022-03-13 15:35:45] [0003.882] I> added [base:0x275e00000, size:0x200000] to /memory
[2022-03-13 15:35:45] [0003.888] I> added [base:0x276600000, size:0x200000] to /memory
[2022-03-13 15:35:45] [0003.894] I> added [base:0x277000000, size:0x200000] to /memory
[2022-03-13 15:35:45] [0003.899] I> Updated memory info to DTB
[2022-03-13 15:35:45] [0003.904] E> add_disp_param: failed to get display params for du=0
[2022-03-13 15:35:45] [0003.912] W> "reset" doesn't exist, creating
[2022-03-13 15:35:45] [0003.916] W> "pmc-reset-reason" doesn't exist, creating
[2022-03-13 15:35:45] [0003.922] W> "pmic-reset-reason" doesn't exist, creating
[2022-03-13 15:35:45] [0003.928] I> Adding ecid(00000001646db7851000000013038200) to DT
[2022-03-13 15:35:45] [0003.934] I> disabled_core_mask: 0xffffff0c
[2022-03-13 15:35:46] [0003.946] I> Add serial number:1422420022173 as DT property
[2022-03-13 15:35:46] [0003.955] I> Plugin-manager override starting
[2022-03-13 15:35:46] [0003.961] I> node /plugin-manager/fragement@0 matches
[2022-03-13 15:35:46] [0003.971] I> node /plugin-manager/fragement@4 matches
[2022-03-13 15:35:46] [0003.984] I> node /plugin-manager/fragment-sdwake-p3310-1000-300 matches
[2022-03-13 15:35:46] [0004.005] I> node /plugin-manager/fragement-pmon-p3310-1000-300 matches
[2022-03-13 15:35:46] [0004.014] I> node /plugin-manager/fragement-pmon-p3310-1000-800 matches
[2022-03-13 15:35:46] [0004.023] I> node /plugin-manager/fragment-devslp@0 matches
[2022-03-13 15:35:46] [0004.036] I> node /plugin-manager/fragment-500-pcie-config matches
[2022-03-13 15:35:46] [0004.051] I> node /plugin-manager/fragment-500-xusb-config matches
[2022-03-13 15:35:46] [0004.074] I> node /plugin-manager/fragment-p3310-c00-comm matches
[2022-03-13 15:35:46] [0004.087] I> node /plugin-manager/fragment-p3310-c00-pmic matches
[2022-03-13 15:35:46] [0004.098] I> node /plugin-manager/fragment-p3310-c01 matches
[2022-03-13 15:35:46] [0004.111] I> node /plugin-manager/fragment-p3310-c03 matches
[2022-03-13 15:35:46] [0004.153] I> node /plugin-manager/fragment-e3326@0 matches
[2022-03-13 15:35:46] [0004.235] I> node /plugin-manager/fragment-p3310-c00-camera matches
[2022-03-13 15:35:46] [0004.262] I> Disable plugin-manager status in FDT
[2022-03-13 15:35:46] [0004.267] I> Plugin-manager override finished successfully
[2022-03-13 15:35:46] [0004.272] I> tegrabl_load_kernel_and_dtb: Done
[2022-03-13 15:35:46] [0004.276] E> tegrabl_display_clear: display is not initialized
[2022-03-13 15:35:46] [0004.282] W> Boot logo display failed...
[2022-03-13 15:35:46] [0004.286] I> Kernel EP: 0x80600000, DTB: 0x80000000
[2022-03-13 15:35:46] 
[2022-03-13 15:35:46] 
[2022-03-13 15:35:46] U-Boot 2020.04-g46e4604c78 (Jul 26 2021 - 12:10:58 -0700)
[2022-03-13 15:35:46] 
[2022-03-13 15:35:46] SoC: tegra186
[2022-03-13 15:35:46] Model: NVIDIA P2771-0000-500
[2022-03-13 15:35:46] Board: NVIDIA P2771-0000
[2022-03-13 15:35:46] DRAM:  7.8 GiB
[2022-03-13 15:35:46] MMC:   sdhci@3400000: 1, sdhci@3460000: 0
[2022-03-13 15:35:46] Loading Environment from MMC... *** Warning - bad CRC, using default environment
[2022-03-13 15:35:46] 
[2022-03-13 15:35:46] In:    serial
[2022-03-13 15:35:46] Out:   serial
[2022-03-13 15:35:46] Err:   serial
[2022-03-13 15:35:46] Net:   
[2022-03-13 15:35:46] Warning: ethernet@2490000 using MAC address from ROM
[2022-03-13 15:35:46] eth0: ethernet@2490000
[2022-03-13 15:35:46] Hit any key to stop autoboot:  2  1  0 
[2022-03-13 15:35:48] MMC: no card present
[2022-03-13 15:35:48] switch to partitions #0, OK
[2022-03-13 15:35:48] mmc0(part 0) is current device
[2022-03-13 15:35:48] Scanning mmc 0:1...
[2022-03-13 15:35:49] Found /boot/extlinux/extlinux.conf
[2022-03-13 15:35:49] Retrieving file: /boot/extlinux/extlinux.conf
[2022-03-13 15:35:49] 858 bytes read in 22 ms (38.1 KiB/s)
[2022-03-13 15:35:49] 1:	primary kernel
[2022-03-13 15:35:49] Retrieving file: /boot/initrd
[2022-03-13 15:35:49] 7238344 bytes read in 201 ms (34.3 MiB/s)
[2022-03-13 15:35:49] Retrieving file: /boot/Image
[2022-03-13 15:35:50] 34484232 bytes read in 830 ms (39.6 MiB/s)
[2022-03-13 15:35:50] append: console=ttyS0,115200 androidboot.presilicon=true firmware_class.path=/etc/firmware root=/dev/mmcblk0p1 rw rootwait rootfstype=ext4 console=ttyS0,115200n8 console=tty0 fbcon=map:0 net.ifnames=0 isolcpus=1-2  video=tegrafb earlycon=uart8250,mmio32,0x3100000 nvdumper_reserved=0x2772e0000 gpt rootfs.slot_suffix= usbcore.old_scheme_first=1 tegraid=18.1.2.0.0 maxcpus=6 no_console_suspend boot.slot_suffix= boot.ratchetvalues=0.2031647.1 vpr_resize bl_prof_dataptr=0x10000@0x275840000 sdhci_tegra.en_boot_part_access=1 quiet root=/dev/mmcblk0p1 rw rootwait rootfstype=ext4 console=ttyS0,115200n8 console=tty0 fbcon=map:0 net.ifnames=0 isolcpus=1-2 
[2022-03-13 15:35:50] ## Flattened Device Tree blob at 80000000
[2022-03-13 15:35:50]    Booting using the fdt blob at 0x80000000
[2022-03-13 15:35:50] ERROR: reserving fdt memory region failed (addr=0 size=0)
[2022-03-13 15:35:50] ERROR: reserving fdt memory region failed (addr=0 size=0)
[2022-03-13 15:35:50] ERROR: reserving fdt memory region failed (addr=0 size=0)
[2022-03-13 15:35:50]    Using Device Tree in place at 0000000080000000, end 0000000080060aa3
[2022-03-13 15:35:50] copying carveout for /host1x@13e00000/display-hub@15200000/display@15200000...
[2022-03-13 15:35:50] copying carveout for /host1x@13e00000/display-hub@15200000/display@15210000...
[2022-03-13 15:35:50] copying carveout for /host1x@13e00000/display-hub@15200000/display@15220000...
[2022-03-13 15:35:50] 
[2022-03-13 15:35:50] Starting kernel ...
[2022-03-13 15:35:50] 
[2022-03-13 15:35:50] [    0.000000] Booting Linux on physical CPU 0x100
[2022-03-13 15:35:50] [    0.000000] Linux version 4.9.253-tegra (buildbrain@mobile-u64-5497-d3000) (gcc version 7.3.1 20180425 [linaro-7.3-2018.05 revision d29120a424ecfbc167ef90065c0eeb7f91977701] (Linaro GCC 7.3-2018.05) ) #1 SMP PREEMPT Mon Jul 26 12:19:28 PDT 2021
[2022-03-13 15:35:50] [    0.000000] Boot CPU: AArch64 Processor [411fd073]
[2022-03-13 15:35:50] [    0.000000] OF: fdt:memory scan node memory@80000000, reg size 80,
[2022-03-13 15:35:50] [    0.000000] OF: fdt: - 80000000 ,  70000000
[2022-03-13 15:35:50] [    0.000000] OF: fdt: - f0200000 ,  185600000
[2022-03-13 15:35:50] [    0.000000] OF: fdt: - 275e00000 ,  200000
[2022-03-13 15:35:50] [    0.000000] OF: fdt: - 276600000 ,  200000
[2022-03-13 15:35:50] [    0.000000] OF: fdt: - 277000000 ,  200000
[2022-03-13 15:35:50] [    0.000000] earlycon: uart8250 at MMIO32 0x0000000003100000 (options '')
[2022-03-13 15:35:50] [    0.000000] bootconsole [uart8250] enabled
[2022-03-13 15:35:52] [    1.912894] cgroup: cgroup2: unknown option "nsdelegate"
[2022-03-13 15:35:52] [    1.929139] CPU4: SError detected, daif=1c0, spsr=0x20000045, mpidr=80000102, esr=bf40c000
[2022-03-13 15:35:52] [    1.929142] CPU3: SError detected, daif=1c0, spsr=0x800000c5, mpidr=80000101, esr=bf40c000
[2022-03-13 15:35:52] [    1.929144] CPU0: SError detected, daif=1c0, spsr=0x800000c5, mpidr=80000100, esr=bf40c000
[2022-03-13 15:35:52] [    1.929147] CPU5: SError detected, daif=1c0, spsr=0x800000c5, mpidr=80000103, esr=bf40c000
[2022-03-13 15:35:53] [    3.170553] using random self ethernet address
[2022-03-13 15:35:53] [    3.175765] using random host ethernet address
[2022-03-13 15:35:54] [    3.282146] FAT-fs (loop0): Volume was not properly unmounted. Some data may be corrupt. Please run fsck.
[2022-03-13 15:35:54] [    3.424556] random: crng init done
[2022-03-13 15:35:54] [    3.427964] random: 7 urandom warning(s) missed due to ratelimiting
[2022-03-13 15:35:54] [    3.808586] using random self ethernet address
[2022-03-13 15:35:54] [    3.816309] using random host ethernet address
[2022-03-13 15:35:54] [    4.047774] CPU1: shutdown
[2022-03-13 15:35:54] [    4.114026] CPU2: shutdown
[2022-03-13 15:35:55] [    4.970694] Bridge firewalling registered
[2022-03-13 15:35:59] 
[2022-03-13 15:35:59] Ubuntu 18.04.5 LTS JTX2-A ttyS0
[2022-03-13 15:35:59] 
[2022-03-13 15:35:59] JTX2-A login: [  143.608128] nvgpu: 17000000.gp10b                     gp10b_ltc_isr:298  [ERR]  mc_ltc_intr: 00000001
[2022-03-13 15:38:14] [  143.617450] nvgpu: 17000000.gp10b                 gp10b_ltc_lts_isr:252  [ERR]  Single bit error detected in GPU L2!
[2022-03-13 15:38:14] [  143.628103] nvgpu: 17000000.gp10b                 gp10b_ltc_lts_isr:286  [ERR]  ltc0, slice 0: bb4f0110
[2022-03-13 15:38:14] [  143.887895] nvgpu: 17000000.gp10b gk20a_fifo_handle_mmu_fault_locked:1722 [ERR]   mmu fault on engine 0, engine subid 0 (gpc), client 10 (t1 3), addr 0x17046f9000, type 0 (pde), access_type 0x00000000,inst_ptr 0x1ffd158000
[2022-03-13 15:38:14] [  143.913124] nvgpu: 17000000.gp10b  gk20a_fifo_set_ctx_mmu_error_tsg:1542 [ERR]  TSG 7 generated a mmu fault
[2022-03-13 15:38:14] [  143.922954] nvgpu: 17000000.gp10b   gk20a_fifo_set_ctx_mmu_error_ch:1531 [ERR]  channel 504 generated a mmu fault
[2022-03-13 15:38:14] [  143.933309] nvgpu: 17000000.gp10b   nvgpu_set_error_notifier_locked:137  [ERR]  error notifier set to 31 for ch 504
[2022-03-13 15:38:14] [  143.943826] nvgpu: 17000000.gp10b   gk20a_fifo_set_ctx_mmu_error_ch:1531 [ERR]  channel 503 generated a mmu fault
[2022-03-13 15:38:14] [  143.954235] nvgpu: 17000000.gp10b   nvgpu_set_error_notifier_locked:137  [ERR]  error notifier set to 31 for ch 503
[2022-03-13 15:38:14] [  143.964794] nvgpu: 17000000.gp10b   gk20a_fifo_set_ctx_mmu_error_ch:1531 [ERR]  channel 502 generated a mmu fault
[2022-03-13 15:38:14] [  143.975165] nvgpu: 17000000.gp10b   nvgpu_set_error_notifier_locked:137  [ERR]  error notifier set to 31 for ch 502
[2022-03-13 15:38:14] [  143.985683] nvgpu: 17000000.gp10b   gk20a_fifo_set_ctx_mmu_error_ch:1531 [ERR]  channel 501 generated a mmu fault
[2022-03-13 15:38:14] [  143.996048] nvgpu: 17000000.gp10b   nvgpu_set_error_notifier_locked:137  [ERR]  error notifier set to 31 for ch 501
[2022-03-13 15:38:23] [  153.114090] nvgpu: 17000000.gp10b                     gp10b_ltc_isr:298  [ERR]  mc_ltc_intr: 00000002
[2022-03-13 15:38:23] [  153.123416] nvgpu: 17000000.gp10b                 gp10b_ltc_lts_isr:252  [ERR]  Single bit error detected in GPU L2!
[2022-03-13 15:38:23] [  153.134094] nvgpu: 17000000.gp10b                 gp10b_ltc_lts_isr:286  [ERR]  ltc1, slice 0: bb4f0110
[2022-03-13 15:47:32] [  702.031791] nvgpu: 17000000.gp10b                     gp10b_ltc_isr:298  [ERR]  mc_ltc_intr: 00000002
[2022-03-13 15:47:32] [  702.041034] nvgpu: 17000000.gp10b                 gp10b_ltc_lts_isr:252  [ERR]  Single bit error detected in GPU L2!
[2022-03-13 15:47:32] [  702.051677] nvgpu: 17000000.gp10b                 gp10b_ltc_lts_isr:286  [ERR]  ltc1, slice 0: bb4f0110
[2022-03-13 15:47:52] [  722.061575] irq 67: nobody cared (try booting with the "irqpoll" option)
[2022-03-13 15:47:52] [  722.068333] handlers:
[2022-03-13 15:47:52] [  722.070616] [<ffffff8008c598c8>] tegra_mcerr_hard_irq threaded [<ffffff8008c59a78>] tegra_mcerr_thread
[2022-03-13 15:47:52] [  722.079969] Disabling IRQ #67
[2022-03-13 15:47:52] [  722.083111] mc-err: unknown mcerr fault, int_status=0x00000000, ch_int_status=0x00000200, hubc_int_status=0x00000000
[2022-03-13 15:48:08] [  737.642332] nvgpu: 17000000.gp10b                     gp10b_ltc_isr:298  [ERR]  mc_ltc_intr: 00000002
[2022-03-13 15:48:08] [  737.651647] nvgpu: 17000000.gp10b                 gp10b_ltc_lts_isr:252  [ERR]  Single bit error detected in GPU L2!
[2022-03-13 15:48:08] [  737.662306] nvgpu: 17000000.gp10b                 gp10b_ltc_lts_isr:286  [ERR]  ltc1, slice 0: bb4f0110
[2022-03-13 15:48:33] [  762.300979] nvgpu: 17000000.gp10b                     gp10b_ltc_isr:298  [ERR]  mc_ltc_intr: 00000002
[2022-03-13 15:48:33] [  762.310311] nvgpu: 17000000.gp10b                 gp10b_ltc_lts_isr:252  [ERR]  Single bit error detected in GPU L2!
[2022-03-13 15:48:33] [  762.320970] nvgpu: 17000000.gp10b                 gp10b_ltc_lts_isr:286  [ERR]  ltc1, slice 0: bb4f0110
[2022-03-13 15:49:30] [  819.894653] nvgpu: 17000000.gp10b                     gp10b_ltc_isr:298  [ERR]  mc_ltc_intr: 00000001
[2022-03-13 15:49:30] [  819.903893] nvgpu: 17000000.gp10b                 gp10b_ltc_lts_isr:252  [ERR]  Single bit error detected in GPU L2!
[2022-03-13 15:49:30] [  819.914523] nvgpu: 17000000.gp10b                 gp10b_ltc_lts_isr:286  [ERR]  ltc0, slice 0: bb4f0110
[2022-03-13 15:49:57] [  847.161903] nvgpu: 17000000.gp10b                     gp10b_ltc_isr:298  [ERR]  mc_ltc_intr: 00000001
[2022-03-13 15:49:57] [  847.171224] nvgpu: 17000000.gp10b                 gp10b_ltc_lts_isr:252  [ERR]  Single bit error detected in GPU L2!
[2022-03-13 15:49:57] [  847.181892] nvgpu: 17000000.gp10b                 gp10b_ltc_lts_isr:286  [ERR]  ltc0, slice 0: bb4f0110
[2022-03-13 15:50:44] [  893.650761] nvgpu: 17000000.gp10b                     gp10b_ltc_isr:298  [ERR]  mc_ltc_intr: 00000001
[2022-03-13 15:50:44] [  893.659998] nvgpu: 17000000.gp10b                 gp10b_ltc_lts_isr:252  [ERR]  Single bit error detected in GPU L2!
[2022-03-13 15:50:44] [  893.670626] nvgpu: 17000000.gp10b                 gp10b_ltc_lts_isr:286  [ERR]  ltc0, slice 0: bb4f0110
[2022-03-13 15:51:11] [  921.037957] nvgpu: 17000000.gp10b                     gp10b_ltc_isr:298  [ERR]  mc_ltc_intr: 00000001
[2022-03-13 15:51:11] [  921.047288] nvgpu: 17000000.gp10b                 gp10b_ltc_lts_isr:252  [ERR]  Single bit error detected in GPU L2!
[2022-03-13 15:51:11] [  921.057970] nvgpu: 17000000.gp10b                 gp10b_ltc_lts_isr:286  [ERR]  ltc0, slice 0: bb4f0100
[2022-03-13 15:51:20] [  929.322399] nvgpu: 17000000.gp10b                     gp10b_ltc_isr:298  [ERR]  mc_ltc_intr: 00000001
[2022-03-13 15:51:20] [  929.331638] nvgpu: 17000000.gp10b                 gp10b_ltc_lts_isr:252  [ERR]  Single bit error detected in GPU L2!
[2022-03-13 15:51:20] [  929.342265] nvgpu: 17000000.gp10b                 gp10b_ltc_lts_isr:286  [ERR]  ltc0, slice 0: bb4f0100
[2022-03-13 15:52:41] [ 1010.267884] arm-smmu 12000000.iommu: Unhandled context fault: iova=0x85255f40, fsynr=0x1, cb=20, sid=50(0x32 - BPMP), pgd=0, pud=0, pmd=0, pte=0
[2022-03-13 15:53:43] [0000.295] I> Welcome to MB2(TBoot-BPMP)(version: 01.00.160913-t186-M-00.00-mobile-c368a720)
[2022-03-13 15:53:43] [0000.304] I> Boot-device: eMMC
[2022-03-13 15:53:43] [0000.311] I> sdmmc bdev is already initialized
[2022-03-13 15:53:43] [0000.316] I> pmic: reset reason (nverc)	: 0x80
[2022-03-13 15:53:43] [0000.349] I> Found 19 partitions in SDMMC_BOOT (instance 3)
[2022-03-13 15:53:43] [0000.369] I> Found 33 partitions in SDMMC_USER (instance 3)
[2022-03-13 15:53:43] [0000.375] W> No valid slot number is found in scratch register
[2022-03-13 15:53:43] [0000.380] W> Return default slot: _a
[2022-03-13 15:53:43] [0000.384] I> A/B: bin_type (16) slot 0
[2022-03-13 15:53:43] [0000.387] I> Loading partition bpmp-fw at 0xd7800000
[2022-03-13 15:53:43] [0000.392] I> Reading two headers - addr:0xd7800000 blocks:1
[2022-03-13 15:53:43] [0000.398] I> Addr: 0xd7800000, start-block: 58777608, num_blocks: 1
[2022-03-13 15:53:43] [0000.422] I> Binary(16) of size 534416 is loaded @ 0xd7800000
[2022-03-13 15:53:43] [0000.428] W> No valid slot number is found in scratch register
[2022-03-13 15:53:43] [0000.434] W> Return default slot: _a
[2022-03-13 15:53:43] [0000.437] I> A/B: bin_type (17) slot 0
[2022-03-13 15:53:43] [0000.441] I> Loading partition bpmp-fw-dtb at 0xd79f0000
[2022-03-13 15:53:43] [0000.446] I> Reading two headers - addr:0xd79f0000 blocks:1
[2022-03-13 15:53:43] [0000.452] I> Addr: 0xd79f0000, start-block: 58780024, num_blocks: 1
[2022-03-13 15:53:43] [0000.477] I> Binary(17) of size 604720 is loaded @ 0xd796c400
[2022-03-13 15:53:44] [0000.707] I> Loading SCE-FW ...
[2022-03-13 15:53:44] [0000.710] W> No valid slot number is found in scratch register
[2022-03-13 15:53:44] [0000.716] W> Return default slot: _a
[2022-03-13 15:53:44] [0000.719] I> A/B: bin_type (12) slot 0
[2022-03-13 15:53:44] [0000.723] I> Loading partition sce-fw at 0xd7300000
[2022-03-13 15:53:44] [0000.728] I> Reading two headers - addr:0xd7300000 blocks:1
[2022-03-13 15:53:44] [0000.733] I> Addr: 0xd7300000, start-block: 58784120, num_blocks: 1
[2022-03-13 15:53:44] [0000.752] I> Binary(12) of size 125632 is loaded @ 0xd7300000
[2022-03-13 15:53:44] [0000.758] I> Init SCE
[2022-03-13 15:53:44] [0000.760] I> Loading APE-FW ...
[2022-03-13 15:53:44] [0000.763] W> No valid slot number is found in scratch register
[2022-03-13 15:53:44] [0000.769] W> Return default slot: _a
[2022-03-13 15:53:44] [0000.772] I> A/B: bin_type (11) slot 0
[2022-03-13 15:53:44] [0000.776] I> Loading partition adsp-fw at 0xd7400000
[2022-03-13 15:53:44] [0000.781] I> Reading two headers - addr:0xd7400000 blocks:1
[2022-03-13 15:53:44] [0000.786] I> Addr: 0xd7400000, start-block: 58761224, num_blocks: 1
[2022-03-13 15:53:44] [0000.805] I> Binary(11) of size 77216 is loaded @ 0xd7400000
[2022-03-13 15:53:44] [0000.811] I> Copy BTCM section
[2022-03-13 15:53:44] [0000.814] W> No valid slot number is found in scratch register
[2022-03-13 15:53:44] [0000.820] W> Return default slot: _a
[2022-03-13 15:53:44] [0000.823] I> A/B: bin_type (13) slot 0
[2022-03-13 15:53:44] [0000.827] I> Loading partition cpu-bootloader at 0x96000000
[2022-03-13 15:53:44] [0000.832] I> Reading two headers - addr:0x96000000 blocks:1
[2022-03-13 15:53:44] [0000.838] I> Addr: 0x96000000, start-block: 58740744, num_blocks: 1
[2022-03-13 15:53:44] [0000.859] I> Binary(13) of size 308800 is loaded @ 0x96000000
[2022-03-13 15:53:44] [0000.864] W> No valid slot number is found in scratch register
[2022-03-13 15:53:44] [0000.870] W> Return default slot: _a
[2022-03-13 15:53:44] [0000.873] I> A/B: bin_type (20) slot 0
[2022-03-13 15:53:44] [0000.877] I> Loading partition bootloader-dtb at 0x85205400
[2022-03-13 15:53:44] [0000.882] I> Reading two headers - addr:0x85205400 blocks:1
[2022-03-13 15:53:44] [0000.888] I> Addr: 0x85205400, start-block: 58742792, num_blocks: 1
[2022-03-13 15:53:44] [0000.910] I> Binary(20) of size 375568 is loaded @ 0x85205400
[2022-03-13 15:53:44] [0000.915] W> No valid slot number is found in scratch register
[2022-03-13 15:53:44] [0000.921] W> Return default slot: _a
[2022-03-13 15:53:44] [0000.925] I> A/B: bin_type (14) slot 0
[2022-03-13 15:53:44] [0000.928] I> Loading partition secure-os at 0x85305600
[2022-03-13 15:53:44] [0000.933] I> Reading two headers - addr:0x85305600 blocks:1
[2022-03-13 15:53:44] [0000.939] I> Addr: 0x85305600, start-block: 58744840, num_blocks: 1
[2022-03-13 15:53:44] [0000.961] I> Binary(14) of size 402864 is loaded @ 0x85305600
[2022-03-13 15:53:44] [0000.968] I> TOS boot-params @ 0x85000000
[2022-03-13 15:53:44] [0000.972] I> TOS params prepared
[2022-03-13 15:53:44] [0000.975] I> Loading EKS ...
[2022-03-13 15:53:44] [0000.978] I> A/B: bin_type (15) slot 0
[2022-03-13 15:53:44] [0000.982] I> Loading partition eks at 0x85905800
[2022-03-13 15:53:44] [0000.986] I> Reading two headers - addr:0x85905800 blocks:1
[2022-03-13 15:53:44] [0000.992] I> Addr: 0x85905800, start-block: 58757128, num_blocks: 1
[2022-03-13 15:53:44] [0001.010] I> Binary(15) of size 1040 is loaded @ 0x85905800
[2022-03-13 15:53:44] [0001.016] I> EKB detected (length: 0x400) @ 0x85905800
[2022-03-13 15:53:44] [0001.021] I> Copied encrypted keys
[2022-03-13 15:53:44] [0001.025] I> boot profiler @ 0x275844000
[2022-03-13 15:53:44] [0001.029] I> boot profiler for TOS @ 0x275844000
[2022-03-13 15:53:44] [0001.033] I> Unhalting SCE
[2022-03-13 15:53:44] [0001.036] I> Primary Memory Start:80000000 Size:70000000
[2022-03-13 15:53:44] [0001.041] I> Extended Memory Start:f0110000 Size:1856f0000
[2022-03-13 15:53:44] [0001.048] I> MB2(TBoot-BPMP) done
[2022-03-13 15:53:44] 
[2022-03-13 15:53:44] NOTICE:  BL31: v1.3(release):b5eeb33f7
[2022-03-13 15:53:44] NOTICE:  BL31: Built : 12:15:17, Jul 26 2021
[2022-03-13 15:53:44] ipc-unittest-main: 1519: Welcome to IPC unittest!!!
[2022-03-13 15:53:44] ipc-unittest-main: 1531: waiting forever
[2022-03-13 15:53:44] ipc-unittest-srv: 329: Init unittest services!!!
[2022-03-13 15:53:44] hwkey-agent: 41: hwkey-agent is running!!
[2022-03-13 15:53:44] hwkey-agent: 315: key_mgnt_processing .......
[2022-03-13 15:53:44] hwkey-agent: 223: Setting EKB key 0 to slot 14
[2022-03-13 15:53:44] hwkey-agent: 178: Init hweky-agent services!!
[2022-03-13 15:53:44] luks-srv: 40: luks-srv is running!!
[2022-03-13 15:53:44] luks-srv: 157: Init luks-srv IPC services!!
[2022-03-13 15:53:44] platform_bootstrap_epilog: trusty bootstrap complete
[2022-03-13 15:53:44] [0001.421] I> Welcome to Cboot
[2022-03-13 15:53:44] [0001.423] I> Cboot Version: t186-00029e71
[2022-03-13 15:53:44] [0001.427] I> CPU-BL Params @ 0x275800000
[2022-03-13 15:53:44] [0001.431] I>  0) Base:0x00000000 Size:0x00000000
[2022-03-13 15:53:44] [0001.435] I>  1) Base:0x277f00000 Size:0x00100000
[2022-03-13 15:53:44] [0001.440] I>  2) Base:0x277e00000 Size:0x00100000
[2022-03-13 15:53:44] [0001.445] I>  3) Base:0x277d00000 Size:0x00100000
[2022-03-13 15:53:44] [0001.449] I>  4) Base:0x277c00000 Size:0x00100000
[2022-03-13 15:53:44] [0001.454] I>  5) Base:0x277b00000 Size:0x00100000
[2022-03-13 15:53:44] [0001.458] I>  6) Base:0x277800000 Size:0x00200000
[2022-03-13 15:53:44] [0001.463] I>  7) Base:0x277400000 Size:0x00400000
[2022-03-13 15:53:44] [0001.467] I>  8) Base:0x277a00000 Size:0x00100000
[2022-03-13 15:53:44] [0001.472] I>  9) Base:0x277300000 Size:0x00100000
[2022-03-13 15:53:44] [0001.476] I> 10) Base:0x276800000 Size:0x00800000
[2022-03-13 15:53:44] [0001.481] I> 11) Base:0x30000000 Size:0x00040000
[2022-03-13 15:53:44] [0001.485] I> 12) Base:0xf0000000 Size:0x00100000
[2022-03-13 15:53:44] [0001.490] I> 13) Base:0x30040000 Size:0x00001000
[2022-03-13 15:53:44] [0001.494] I> 14) Base:0x30048000 Size:0x00001000
[2022-03-13 15:53:44] [0001.498] I> 15) Base:0x30049000 Size:0x00001000
[2022-03-13 15:53:44] [0001.503] I> 16) Base:0x3004a000 Size:0x00001000
[2022-03-13 15:53:44] [0001.507] I> 17) Base:0x3004b000 Size:0x00001000
[2022-03-13 15:53:44] [0001.512] I> 18) Base:0x3004c000 Size:0x00001000
[2022-03-13 15:53:44] [0001.516] I> 19) Base:0x3004d000 Size:0x00001000
[2022-03-13 15:53:44] [0001.521] I> 20) Base:0x3004e000 Size:0x00001000
[2022-03-13 15:53:44] [0001.525] I> 21) Base:0x3004f000 Size:0x00001000
[2022-03-13 15:53:44] [0001.529] I> 22) Base:0x00000000 Size:0x00000000
[2022-03-13 15:53:44] [0001.534] I> 23) Base:0xf0100000 Size:0x00010000
[2022-03-13 15:53:44] [0001.538] I> 24) Base:0x00000000 Size:0x00000000
[2022-03-13 15:53:44] [0001.543] I> 25) Base:0x00000000 Size:0x00000000
[2022-03-13 15:53:44] [0001.547] I> 26) Base:0x00000000 Size:0x00000000
[2022-03-13 15:53:45] [0001.552] I> 27) Base:0x00000000 Size:0x00000000
[2022-03-13 15:53:45] [0001.556] I> 28) Base:0x84400000 Size:0x00400000
[2022-03-13 15:53:45] [0001.560] I> 29) Base:0x30000000 Size:0x00010000
[2022-03-13 15:53:45] [0001.565] I> 30) Base:0x278000000 Size:0x08000000
[2022-03-13 15:53:45] [0001.569] I> 31) Base:0x00000000 Size:0x00000000
[2022-03-13 15:53:45] [0001.574] I> 32) Base:0x276000000 Size:0x00600000
[2022-03-13 15:53:45] [0001.578] I> 33) Base:0x80000000 Size:0x70000000
[2022-03-13 15:53:45] [0001.583] I> 34) Base:0xf0110000 Size:0x1856f0000
[2022-03-13 15:53:45] [0001.587] I> 35) Base:0x00000000 Size:0x00000000
[2022-03-13 15:53:45] [0001.592] I> 36) Base:0x00000000 Size:0x00000000
[2022-03-13 15:53:45] [0001.596] I> 37) Base:0x2772e0000 Size:0x00020000
[2022-03-13 15:53:45] [0001.601] I> 38) Base:0x84000000 Size:0x00400000
[2022-03-13 15:53:45] [0001.605] I> 39) Base:0x96000000 Size:0x02000000
[2022-03-13 15:53:45] [0001.610] I> 40) Base:0x85000000 Size:0x01200000
[2022-03-13 15:53:45] [0001.614] I> 41) Base:0x275800000 Size:0x00500000
[2022-03-13 15:53:45] [0001.618] I> 42) Base:0x00000000 Size:0x00000000
[2022-03-13 15:53:45] [0001.623] I> 43) Base:0x00000000 Size:0x00000000
[2022-03-13 15:53:45] [0001.627] GIC-SPI Target CPU: 4
[2022-03-13 15:53:45] [0001.631] Interrupts Init done
[2022-03-13 15:53:45] [0001.634] calling constructors
[2022-03-13 15:53:45] [0001.637] initializing heap
[2022-03-13 15:53:45] [0001.640] initializing threads
[2022-03-13 15:53:45] [0001.643] initializing timers
[2022-03-13 15:53:45] [0001.646] creating bootstrap completion thread
[2022-03-13 15:53:45] [0001.651] top of bootstrap2()
[2022-03-13 15:53:45] [0001.654] CPU: ARM Cortex A57
[2022-03-13 15:53:45] [0001.657] CPU: MIDR: 0x411FD073, MPIDR: 0x80000100
[2022-03-13 15:53:45] [0001.662] initializing platform
[2022-03-13 15:53:45] [0001.665] I> Bl_dtb @0x85205400
[2022-03-13 15:53:45] [0001.668] I> gpio framework initialized
[2022-03-13 15:53:45] [0001.675] I> tegrabl_gpio_driver_register: register 'nvidia,tegra186-gpio' driver
[2022-03-13 15:53:45] [0001.685] I> tegrabl_gpio_driver_register: register 'nvidia,tegra186-gpio-aon' driver
[2022-03-13 15:53:45] [0001.693] I> GPIO framework and drivers are initialized.
[2022-03-13 15:53:45] [0001.698] I> Boot-device: eMMC
[2022-03-13 15:53:45] [0001.705] I> sdmmc bdev is already initialized
[2022-03-13 15:53:45] [0001.736] I> Found 19 partitions in SDMMC_BOOT (instance 3)
[2022-03-13 15:53:45] [0001.753] I> Found 33 partitions in SDMMC_USER (instance 3)
[2022-03-13 15:53:45] [0001.759] W> opt-in fuse is not set, skip fuse_burning
[2022-03-13 15:53:45] [0001.764] I> Reserved memory at 0xfbe00000 for U-Boot relocation
[2022-03-13 15:53:45] [0001.769] W> No valid slot number is found in scratch register
[2022-03-13 15:53:45] [0001.775] W> Return default slot: _a
[2022-03-13 15:53:45] [0001.785] I> A/B: bin_type (21) slot 0
[2022-03-13 15:53:45] [0001.788] I> Loading kernel-dtb from partition
[2022-03-13 15:53:45] [0001.792] I> Loading partition kernel-dtb at 0x80000000 from device(0x1)
[2022-03-13 15:53:45] [0001.810] I> Kernel_dtb @0x80000000
[2022-03-13 15:53:45] [0001.813] I> tegrabl_tca9539_init: i2c bus: 0, slave addr: 0xee
[2022-03-13 15:53:45] [0001.823] I tegrabl_gpio_driver_register: register 'tca9539_gpio_driver' driver
[2022-03-13 15:53:45] [0001.830] I> tegrabl_tca9539_init: i2c bus: 0, slave addr: 0xe8
[2022-03-13 15:53:45] [0001.839] I> tegrabl_gpio_driver_register: register 'tca9539_gpio_driver' driver
[2022-03-13 15:53:45] [0001.850] I> fixed regulator driver initialized
[2022-03-13 15:53:45] [0001.883] I> register 'maxim' power off handle
[2022-03-13 15:53:45] [0001.889] I> virtual i2c enabled
[2022-03-13 15:53:45] [0001.892] I> registered 'maxim,max77620' pmic
[2022-03-13 15:53:45] [0001.897] I> tegrabl_gpio_driver_register: register 'max77620-gpio' driver
[2022-03-13 15:53:45] [0001.912] E> failed to read label property for node 324936: 13
[2022-03-13 15:53:45] [0001.920] E> failed to read reg property for node 325032: 13
[2022-03-13 15:53:45] [0001.928] E> failed to read reg property for node 325084: 13
[2022-03-13 15:53:45] [0001.937] E> failed to read label property for node 325168: 13
[2022-03-13 15:53:45] [0001.945] E> failed to read label property for node 325236: 13
[2022-03-13 15:53:45] [0001.953] E> failed to read reg property for node 325304: 13
[2022-03-13 15:53:45] [0001.962] E> failed to read reg property for node 325376: 13
[2022-03-13 15:53:45] [0001.972] I> Find /i2c@c250000's alias i2c7
[2022-03-13 15:53:45] [0001.976] I> Reading eeprom i2c=7 address=0x50
[2022-03-13 15:53:45] [0002.005] I> Device at /i2c@c250000:0x50
[2022-03-13 15:53:45] [0002.009] I> Reading eeprom i2c=7 address=0x57
[2022-03-13 15:53:45] [0002.038] I> Device at /i2c@c250000:0x57
[2022-03-13 15:53:45] [0002.042] I> Find /i2c@c240000's alias i2c1
[2022-03-13 15:53:45] [0002.046] I> Reading eeprom i2c=1 address=0x51
[2022-03-13 15:53:45] [0002.051] E> I2C: slave not found in slaves.
[2022-03-13 15:53:45] [0002.055] E> I2C: Could not write 0 bytes to slave: 0x00a2 with repeat start true.
[2022-03-13 15:53:45] [0002.063] E> I2C_DEV: Failed to send register address 0x00000000.
[2022-03-13 15:53:45] [0002.069] E> I2C_DEV: Could not read 256 registers of size 1 from slave 0xa2 at 0x00000000 via instance 1.
[2022-03-13 15:53:45] [0002.079] E> eeprom: Retry to read I2C slave device.
[2022-03-13 15:53:45] [0002.083] E> I2C: slave not found in slaves.
[2022-03-13 15:53:45] [0002.088] E> I2C: Could not write 0 bytes to slave: 0x00a2 with repeat start true.
[2022-03-13 15:53:45] [0002.095] E> I2C_DEV: Failed to send register address 0x00000000.
[2022-03-13 15:53:45] [0002.101] E> I2C_DEV: Could not read 256 registers of size 1 from slave 0xa2 at 0x00000000 via instance 1.
[2022-03-13 15:53:45] [0002.111] E> eeprom: Failed to read I2C slave device
[2022-03-13 15:53:45] [0002.115] I> Eeprom read failed 0x3526070d
[2022-03-13 15:53:45] [0002.120] I> Find /i2c@3160000's alias i2c0
[2022-03-13 15:53:45] [0002.124] I> Reading eeprom i2c=0 address=0x50
[2022-03-13 15:53:45] [0002.128] E> I2C: slave not found in slaves.
[2022-03-13 15:53:45] [0002.132] E> I2C: Could not write 0 bytes to slave: 0x00a0 with repeat start true.
[2022-03-13 15:53:45] [0002.140] E> I2C_DEV: Failed to send register address 0x00000000.
[2022-03-13 15:53:45] [0002.146] E> I2C_DEV: Could not read 256 registers of size 1 from slave 0xa0 at 0x00000000 via instance 0.
[2022-03-13 15:53:45] [0002.155] E> eeprom: Failed to read I2C slave device
[2022-03-13 15:53:45] [0002.160] I> Eeprom read failed 0x3526070d
[2022-03-13 15:53:45] [0002.165] I> Find /i2c@3180000's alias i2c2
[2022-03-13 15:53:45] [0002.169] I> Reading eeprom i2c=2 address=0x54
[2022-03-13 15:53:45] [0002.173] I> Enabling gpio chip_id = 2, gpio pin = 9
[2022-03-13 15:53:45] [0002.204] I> Disabling gpio chip_id = 2, gpio pin = 9
[2022-03-13 15:53:45] [0002.209] I> Device at /i2c@3180000:0x54
[2022-03-13 15:53:45] [0002.213] I> Reading eeprom i2c=2 address=0x57
[2022-03-13 15:53:45] [0002.217] I> Enabling gpio chip_id = 2, gpio pin = 9
[2022-03-13 15:53:45] [0002.223] E> I2C: slave not found in slaves.
[2022-03-13 15:53:45] [0002.227] E> I2C: Could not write 0 bytes to slave: 0x00ae with repeat start true.
[2022-03-13 15:53:45] [0002.235] E> I2C_DEV: Failed to send register address 0x00000000.
[2022-03-13 15:53:45] [0002.240] E> I2C_DEV: Could not read 256 registers of size 1 from slave 0xae at 0x00000000 via instance 2.
[2022-03-13 15:53:45] [0002.250] E> eeprom: Failed to read I2C slave device
[2022-03-13 15:53:45] [0002.255] I> Disabling gpio chip_id = 2, gpio pin = 9
[2022-03-13 15:53:45] [0002.260] I> Eeprom read failed 0x00000000
[2022-03-13 15:53:45] [0002.264] I> create_pm_ids: id: 3310-1000-D00-L, len: 15
[2022-03-13 15:53:45] [0002.269] I> config: mem-type:00,power-config:00,misc-config:00,modem-config:00,touch-config:00,display-config:00,, len: 93
[2022-03-13 15:53:45] [0002.280] I> create_pm_ids: id: 2597-0000-900-E, len: 15
[2022-03-13 15:53:45] [0002.285] I> config: mem-type:00,power-config:00,misc-config:00,modem-config:00,touch-config:00,display-config:00,, len: 93
[2022-03-13 15:53:45] [0002.296] I> create_pm_ids: id: 3326-1000-000-M, len: 15
[2022-03-13 15:53:45] [0002.301] I> config: mem-type:ff,power-config:ff,misc-config:ff,modem-config:ff,touch-config:ff,display-config:ff,, len: 93
[2022-03-13 15:53:45] [0002.336] I> enabling 'vdd-hdmi' regulator
[2022-03-13 15:53:45] [0002.352] I> regulator 'vdd-hdmi' already enabled
[2022-03-13 15:53:45] [0002.356] E> tegrabl_display_init_regulator: hdmi cable is not connected
[2022-03-13 15:53:45] [0002.363] E> tegrabl_display_get_pdata, failed to parse dtb settings
[2022-03-13 15:53:45] [0002.372] E> cannot find any other nvdisp nodes
[2022-03-13 15:53:45] [0002.376] E> no valid display unit config found in dtb
[2022-03-13 15:53:45] [0002.382] W> display init failed
[2022-03-13 15:53:45] [0002.385] initializing target
[2022-03-13 15:53:45] [0002.388] calling apps_init()
[2022-03-13 15:53:45] [0002.391] starting app kernel_boot_app
[2022-03-13 15:53:45] [0002.413] I> found decompressor handler: lz4-legacy
[2022-03-13 15:53:45] [0002.418] I> decompressing BMP blob ...
[2022-03-13 15:53:45] [0002.430] I> Kernel type = Normal
[2022-03-13 15:53:45] [0002.433] I> ########## Fixed storage boot ##########
[2022-03-13 15:53:45] [0002.438] I> Loading kernel-bootctrl from partition
[2022-03-13 15:53:45] [0002.443] I> Loading partition kernel-bootctrl at 0xa8000000 from device(0x1)
[2022-03-13 15:53:45] [0002.457] W> tegrabl_get_kernel_bootctrl: magic number(0x00000000) is invalid
[2022-03-13 15:53:45] [0002.464] W> tegrabl_get_kernel_bootctrl: use default dummy boot control data
[2022-03-13 15:53:45] [0002.471] W> No valid slot number is found in scratch register
[2022-03-13 15:53:45] [0002.476] W> Return default slot: _a
[2022-03-13 15:53:45] [0002.480] I> A/B: bin_type (24) slot 0
[2022-03-13 15:53:45] [0002.495] I> Boot image size read from image header: 9913d
[2022-03-13 15:53:45] [0002.501] I> Boot image load address: 0x80400000
[2022-03-13 15:53:45] [0002.505] I> Loading kernel from partition
[2022-03-13 15:53:45] [0002.509] I> Loading partition kernel at 0x80400000 from device(0x1)
[2022-03-13 15:53:46] [0003.453] I> Validate kernel ...
[2022-03-13 15:53:46] [0003.456] I> T18x: Authenticate kernel (bin_type 24), max size 0x4000000
[2022-03-13 15:53:46] [0003.464] I> Decrypt the buffer ... [0003.467] W> tegrabl_decrypt_block: fuse (0x0) is not burnt to do encryption (0x4); skip decryption.
[2022-03-13 15:53:46] [0003.476] I> done
[2022-03-13 15:53:46] [0003.478] I> Checking boot.img header magic ... [0003.482] I> [OK]
[2022-03-13 15:53:46] [0003.484] I> kernel-dtb is already loaded
[2022-03-13 15:53:46] [0003.488] I> Validate kernel-dtb ...
[2022-03-13 15:53:46] [0003.491] I> T18x: Authenticate kernel-dtb (bin_type 21), max size 0x100000
[2022-03-13 15:53:46] [0003.499] I> Decrypt the buffer ... [0003.502] W> tegrabl_decrypt_block: fuse (0x0) is not burnt to do encryption (0x4); skip decryption.
[2022-03-13 15:53:46] [0003.511] I> done
[2022-03-13 15:53:46] [0003.512] I> Kernel hdr @0x80400000
[2022-03-13 15:53:46] [0003.516] I> Kernel dtb @0x80000000
[2022-03-13 15:53:46] [0003.519] I> decompressor handler not found
[2022-03-13 15:53:46] [0003.523] I> Copying kernel image (627005 bytes) from 0x80400800 to 0x80600000 ... [0003.531] I> Done
[2022-03-13 15:53:46] [0003.532] I> Move ramdisk (len: 0) from 0x8049a000 to 0x947d0000
[2022-03-13 15:53:46] [0003.540] I> Updated bpmp info to DTB
[2022-03-13 15:53:46] [0003.546] I> Ramdisk: Base: 0x947d0000; Size: 0x0
[2022-03-13 15:53:47] [0003.550] I> Updated initrd info to DTB
[2022-03-13 15:53:47] [0003.554] W> WARN: Fail to override "console=none" in commandline
[2022-03-13 15:53:47] [0003.560] I> Active rootfs suffix: 
[2022-03-13 15:53:47] [0003.563] E> tegrabl_linuxboot_add_disp_param, du 0 failed to get display params
[2022-03-13 15:53:47] [0003.571] E> tegrabl_linuxboot_add_disp_param, du 0 failed to get display params
[2022-03-13 15:53:47] [0003.578] E> tegrabl_linuxboot_add_disp_param, du 0 failed to get display params
[2022-03-13 15:53:47] [0003.585] I> disabled_core_mask: 0xffffff0c
[2022-03-13 15:53:47] [0003.589] W> No valid slot number is found in scratch register
[2022-03-13 15:53:47] [0003.595] W> Return default slot: _a
[2022-03-13 15:53:47] [0003.598] I> Active slot suffix: 
[2022-03-13 15:53:47] [0003.601] I> add_boot_slot_suffix: slot_suffix = 
[2022-03-13 15:53:47] [0003.606] I> Linux Cmdline: console=ttyS0,115200 androidboot.presilicon=true firmware_class.path=/etc/firmware root=/dev/mmcblk0p1 rw rootwait rootfstype=ext4 console=ttyS0,115200n8 console=tty0 fbcon=map:0 net.ifnames=0 isolcpus=1-2  video=tegrafb earlycon=uart8250,mmio32,0x3100000 nvdumper_reserved=0x2772e0000 gpt rootfs.slot_suffix= usbcore.old_scheme_first=1 tegraid=18.1.2.0.0 maxcpus=6 no_console_suspend boot.slot_suffix= boot.ratchetvalues=0.2031647.1 vpr_resize bl_prof_dataptr=0x10000@0x275840000 sdhci_tegra.en_boot_part_access=1 
[2022-03-13 15:53:47] [0003.653] I> Updated bootarg info to DTB
[2022-03-13 15:53:47] [0003.657] I> eeprom_get_mac_addr: MAC (type: 0): 48:b0:2d:0f:11:c5
[2022-03-13 15:53:47] [0003.663] I> eeprom_get_mac_addr: MAC (type: 1): 48:b0:2d:0f:11:c6
[2022-03-13 15:53:47] [0003.669] I> eeprom_get_mac_addr: MAC (type: 2): 48:b0:2d:0f:11:c7
[2022-03-13 15:53:47] [0003.676] E> Found no plugin manager ids in source DT
[2022-03-13 15:53:47] [0003.680] W> Add plugin manager ids from board info
[2022-03-13 15:53:47] [0003.685] W> "plugin-manager" doesn't exist, creating
[2022-03-13 15:53:47] [0003.690] W> "ids" doesn't exist, creating
[2022-03-13 15:53:47] [0003.694] W> "connection" doesn't exist, creating
[2022-03-13 15:53:47] [0003.699] W> "configs" doesn't exist, creating
[2022-03-13 15:53:47] [0003.703] I> create_pm_ids: id: 3310-1000-D00-L, len: 15
[2022-03-13 15:53:47] [0003.708] I> config: mem-type:00,power-config:00,misc-config:00,modem-config:00,touch-config:00,display-config:00,, len: 93
[2022-03-13 15:53:47] [0003.719] I> create_pm_ids: id: 2597-0000-900-E, len: 15
[2022-03-13 15:53:47] [0003.724] I> config: mem-type:00,power-config:00,misc-config:00,modem-config:00,touch-config:00,display-config:00,, len: 93
[2022-03-13 15:53:47] [0003.735] I> create_pm_ids: id: 3326-1000-000-M, len: 15
[2022-03-13 15:53:47] [0003.740] I> config: mem-type:ff,power-config:ff,misc-config:ff,modem-config:ff,touch-config:ff,display-config:ff,, len: 93
[2022-03-13 15:53:47] [0003.751] I> Adding plugin-manager/ids/3310-1000-D00=/i2c@c250000:module@0x50
[2022-03-13 15:53:47] [0003.758] W> "i2c@c250000" doesn't exist, creating
[2022-03-13 15:53:47] [0003.763] W> "module@0x50" doesn't exist, creating
[2022-03-13 15:53:47] [0003.768] I> Adding plugin-manager/ids/2597-0000-900=/i2c@c250000:module@0x57
[2022-03-13 15:53:47] [0003.775] W> "module@0x57" doesn't exist, creating
[2022-03-13 15:53:47] [0003.780] I> Adding plugin-manager/ids/3326-1000-000=/i2c@3180000:module@0x54
[2022-03-13 15:53:47] [0003.788] W> "i2c@3180000" doesn't exist, creating
[2022-03-13 15:53:47] [0003.792] W> "module@0x54" doesn't exist, creating
[2022-03-13 15:53:47] [0003.799] I> Adding plugin-manager/ids/3310-1000-D00-L
[2022-03-13 15:53:47] [0003.806] I> Adding plugin-manager/configs/3310-mem-type 00
[2022-03-13 15:53:47] [0003.812] I> Adding plugin-manager/configs/3310-power-config 00
[2022-03-13 15:53:47] [0003.818] I> Adding plugin-manager/configs/3310-misc-config 00
[2022-03-13 15:53:47] [0003.824] I> Adding plugin-manager/configs/3310-modem-config 00
[2022-03-13 15:53:47] [0003.830] I> Adding plugin-manager/configs/3310-touch-config 00
[2022-03-13 15:53:47] [0003.836] I> Adding plugin-manager/configs/3310-display-config 00
[2022-03-13 15:53:47] [0003.842] I> Adding plugin-manager/cvm
[2022-03-13 15:53:47] [0003.846] W> "chip-id" doesn't exist, creating
[2022-03-13 15:53:47] [0003.850] I> Adding plugin-manager/chip-id/A02P
[2022-03-13 15:53:47] [0003.855] W> "odm-data" doesn't exist, creating
[2022-03-13 15:53:47] [0003.859] I> Adding /chosen/plugin-manager/odm-data
[2022-03-13 15:53:47] [0003.869] I> added [base:0x80000000, size:0x70000000] to /memory
[2022-03-13 15:53:47] [0003.875] I> added [base:0xf0200000, size:0x185600000] to /memory
[2022-03-13 15:53:47] [0003.881] I> added [base:0x275e00000, size:0x200000] to /memory
[2022-03-13 15:53:47] [0003.886] I> added [base:0x276600000, size:0x200000] to /memory
[2022-03-13 15:53:47] [0003.892] I> added [base:0x277000000, size:0x200000] to /memory
[2022-03-13 15:53:47] [0003.898] I> Updated memory info to DTB
[2022-03-13 15:53:47] [0003.902] E> add_disp_param: failed to get display params for du=0
[2022-03-13 15:53:47] [0003.910] W> "reset" doesn't exist, creating
[2022-03-13 15:53:47] [0003.914] W> "pmc-reset-reason" doesn't exist, creating
[2022-03-13 15:53:47] [0003.920] W> "pmic-reset-reason" doesn't exist, creating
[2022-03-13 15:53:47] [0003.926] I> Adding ecid(00000001646db7851000000013038200) to DT
[2022-03-13 15:53:47] [0003.932] I> disabled_core_mask: 0xffffff0c
[2022-03-13 15:53:47] [0003.945] I> Add serial number:1422420022173 as DT property
[2022-03-13 15:53:47] [0003.954] I> Plugin-manager override starting
[2022-03-13 15:53:47] [0003.960] I> node /plugin-manager/fragement@0 matches
[2022-03-13 15:53:47] [0003.970] I> node /plugin-manager/fragement@4 matches
[2022-03-13 15:53:47] [0003.983] I> node /plugin-manager/fragment-sdwake-p3310-1000-300 matches
[2022-03-13 15:53:47] [0004.003] I> node /plugin-manager/fragement-pmon-p3310-1000-300 matches
[2022-03-13 15:53:47] [0004.012] I> node /plugin-manager/fragement-pmon-p3310-1000-800 matches
[2022-03-13 15:53:47] [0004.021] I> node /plugin-manager/fragment-devslp@0 matches
[2022-03-13 15:53:47] [0004.034] I> node /plugin-manager/fragment-500-pcie-config matches
[2022-03-13 15:53:47] [0004.049] I> node /plugin-manager/fragment-500-xusb-config matches
[2022-03-13 15:53:47] [0004.072] I> node /plugin-manager/fragment-p3310-c00-comm matches
[2022-03-13 15:53:47] [0004.086] I> node /plugin-manager/fragment-p3310-c00-pmic matches
[2022-03-13 15:53:47] [0004.096] I> node /plugin-manager/fragment-p3310-c01 matches
[2022-03-13 15:53:47] [0004.109] I> node /plugin-manager/fragment-p3310-c03 matches
[2022-03-13 15:53:47] [0004.152] I> node /plugin-manager/fragment-e3326@0 matches
[2022-03-13 15:53:47] [0004.234] I> node /plugin-manager/fragment-p3310-c00-camera matches
[2022-03-13 15:53:47] [0004.261] I> Disable plugin-manager status in FDT
[2022-03-13 15:53:47] [0004.265] I> Plugin-manager override finished successfully
[2022-03-13 15:53:47] [0004.271] I> tegrabl_load_kernel_and_dtb: Done
[2022-03-13 15:53:47] [0004.275] E> tegrabl_display_clear: display is not initialized
[2022-03-13 15:53:47] [0004.281] W> Boot logo display failed...
[2022-03-13 15:53:47] [0004.284] I> Kernel EP: 0x80600000, DTB: 0x80000000
[2022-03-13 15:53:47] 
[2022-03-13 15:53:47] 
[2022-03-13 15:53:47] U-Boot 2020.04-g46e4604c78 (Jul 26 2021 - 12:10:58 -0700)
[2022-03-13 15:53:47] 
[2022-03-13 15:53:47] SoC: tegra186
[2022-03-13 15:53:47] Model: NVIDIA P2771-0000-500
[2022-03-13 15:53:47] Board: NVIDIA P2771-0000
[2022-03-13 15:53:47] DRAM:  7.8 GiB
[2022-03-13 15:53:47] MMC:   sdhci@3400000: 1, sdhci@3460000: 0
[2022-03-13 15:53:47] Loading Environment from MMC... *** Warning - bad CRC, using default environment
[2022-03-13 15:53:48] 
[2022-03-13 15:53:48] In:    serial
[2022-03-13 15:53:48] Out:   serial
[2022-03-13 15:53:48] Err:   serial
[2022-03-13 15:53:48] Net:   
[2022-03-13 15:53:48] Warning: ethernet@2490000 using MAC address from ROM
[2022-03-13 15:53:48] eth0: ethernet@2490000
[2022-03-13 15:53:48] Hit any key to stop autoboot:  2  1  0 
[2022-03-13 15:53:50] MMC: no card present
[2022-03-13 15:53:50] switch to partitions #0, OK
[2022-03-13 15:53:50] mmc0(part 0) is current device
[2022-03-13 15:53:50] Scanning mmc 0:1...
[2022-03-13 15:53:50] Found /boot/extlinux/extlinux.conf
[2022-03-13 15:53:50] Retrieving file: /boot/extlinux/extlinux.conf
[2022-03-13 15:53:50] 858 bytes read in 22 ms (38.1 KiB/s)
[2022-03-13 15:53:50] 1:	primary kernel
[2022-03-13 15:53:50] Retrieving file: /boot/initrd
[2022-03-13 15:53:50] 7238344 bytes read in 201 ms (34.3 MiB/s)
[2022-03-13 15:53:50] Retrieving file: /boot/Image
[2022-03-13 15:53:51] 34484232 bytes read in 830 ms (39.6 MiB/s)
[2022-03-13 15:53:51] append: console=ttyS0,115200 androidboot.presilicon=true firmware_class.path=/etc/firmware root=/dev/mmcblk0p1 rw rootwait rootfstype=ext4 console=ttyS0,115200n8 console=tty0 fbcon=map:0 net.ifnames=0 isolcpus=1-2  video=tegrafb earlycon=uart8250,mmio32,0x3100000 nvdumper_reserved=0x2772e0000 gpt rootfs.slot_suffix= usbcore.old_scheme_first=1 tegraid=18.1.2.0.0 maxcpus=6 no_console_suspend boot.slot_suffix= boot.ratchetvalues=0.2031647.1 vpr_resize bl_prof_dataptr=0x10000@0x275840000 sdhci_tegra.en_boot_part_access=1 quiet root=/dev/mmcblk0p1 rw rootwait rootfstype=ext4 console=ttyS0,115200n8 console=tty0 fbcon=map:0 net.ifnames=0 isolcpus=1-2 
[2022-03-13 15:53:51] ## Flattened Device Tree blob at 80000000
[2022-03-13 15:53:51]    Booting using the fdt blob at 0x80000000
[2022-03-13 15:53:51] ERROR: reserving fdt memory region failed (addr=0 size=0)
[2022-03-13 15:53:51] ERROR: reserving fdt memory region failed (addr=0 size=0)
[2022-03-13 15:53:51] ERROR: reserving fdt memory region failed (addr=0 size=0)
[2022-03-13 15:53:51]    Using Device Tree in place at 0000000080000000, end 0000000080060aa3
[2022-03-13 15:53:51] copying carveout for /host1x@13e00000/display-hub@15200000/display@15200000...
[2022-03-13 15:53:51] copying carveout for /host1x@13e00000/display-hub@15200000/display@15210000...
[2022-03-13 15:53:51] copying carveout for /host1x@13e00000/display-hub@15200000/display@15220000...
[2022-03-13 15:53:51] 
[2022-03-13 15:53:51] Starting kernel ...
[2022-03-13 15:53:51] 
[2022-03-13 15:53:51] [    0.000000] Booting Linux on physical CPU 0x100
[2022-03-13 15:53:51] [    0.000000] Linux version 4.9.253-tegra (buildbrain@mobile-u64-5497-d3000) (gcc version 7.3.1 20180425 [linaro-7.3-2018.05 revision d29120a424ecfbc167ef90065c0eeb7f91977701] (Linaro GCC 7.3-2018.05) ) #1 SMP PREEMPT Mon Jul 26 12:19:28 PDT 2021
[2022-03-13 15:53:51] [    0.000000] Boot CPU: AArch64 Processor [411fd073]
[2022-03-13 15:53:51] [    0.000000] OF: fdt:memory scan node memory@80000000, reg size 80,
[2022-03-13 15:53:51] [    0.000000] OF: fdt: - 80000000 ,  70000000
[2022-03-13 15:53:51] [    0.000000] OF: fdt: - f0200000 ,  185600000
[2022-03-13 15:53:51] [    0.000000] OF: fdt: - 275e00000 ,  200000
[2022-03-13 15:53:51] [    0.000000] OF: fdt: - 276600000 ,  200000
[2022-03-13 15:53:51] [    0.000000] OF: fdt: - 277000000 ,  200000
[2022-03-13 15:53:51] [    0.000000] earlycon: uart8250 at MMIO32 0x0000000003100000 (options '')
[2022-03-13 15:53:51] [    0.000000] bootconsole [uart8250] enabled
[2022-03-13 15:53:54] [    2.000387] cgroup: cgroup2: unknown option "nsdelegate"
[2022-03-13 15:53:55] [    3.065128] using random self ethernet address
[2022-03-13 15:53:55] [    3.079872] using random host ethernet address
[2022-03-13 15:53:55] [    3.210581] FAT-fs (loop0): Volume was not properly unmounted. Some data may be corrupt. Please run fsck.
[2022-03-13 15:53:55] [    3.486226] random: crng init done
[2022-03-13 15:53:55] [    3.489635] random: 7 urandom warning(s) missed due to ratelimiting
[2022-03-13 15:53:55] [    3.698924] using random self ethernet address
[2022-03-13 15:53:55] [    3.713553] using random host ethernet address
[2022-03-13 15:53:56] [    3.991792] CPU1: shutdown
[2022-03-13 15:53:56] [    4.072930] CPU2: shutdown
[2022-03-13 15:53:57] [    5.056112] Bridge firewalling registered
[2022-03-13 15:54:00] 
[2022-03-13 15:54:00] Ubuntu 18.04.5 LTS JTX2-A ttyS0
[2022-03-13 15:54:00] 
[2022-03-13 15:54:00] JTX2-A login: [   21.016175] nvgpu: 17000000.gp10b                     gp10b_ltc_isr:298  [ERR]  mc_ltc_intr: 00000002
[2022-03-13 15:54:13] [   21.025508] nvgpu: 17000000.gp10b                 gp10b_ltc_lts_isr:252  [ERR]  Single bit error detected in GPU L2!
[2022-03-13 15:54:13] [   21.036166] nvgpu: 17000000.gp10b                 gp10b_ltc_lts_isr:286  [ERR]  ltc1, slice 0: bb4f0110
[2022-03-13 15:54:41] [   48.916077] CPU4: SError detected, daif=1c0, spsr=0x800000c5, mpidr=80000102, esr=bf40c000
[2022-03-13 15:54:41] [   48.916080] CPU3: SError detected, daif=1c0, spsr=0x80000000, mpidr=80000101, esr=bf40c000
[2022-03-13 15:54:41] [   48.916083] CPU0: SError detected, daif=1c0, spsr=0x800000c5, mpidr=80000100, esr=bf40c000
[2022-03-13 15:54:41] [   48.916085] CPU5: SError detected, daif=1c0, spsr=0x800000c5, mpidr=80000103, esr=bf40c000
[2022-03-13 15:54:41] [   48.916087] **************************************
[2022-03-13 15:54:41] [   48.916091] A57 CPU Memory Error on CPU 3 (A57 Core 1)
[2022-03-13 15:54:41] [   48.916092] 	ESR:               0xbf40c000
[2022-03-13 15:54:41] [   48.916095] 	L2MERRSR: 0xa0090103800
[2022-03-13 15:54:41] [   48.916097] 	L2 Tag RAM: 0x10
[2022-03-13 15:54:41] [   48.916098] 	CPU ID of Error:    2
[2022-03-13 15:54:41] [   48.916099] 	WAY of Error:       0
[2022-03-13 15:54:41] [   48.916100] 	Index of Error:     14336
[2022-03-13 15:54:41] [   48.916101] 	Repeat Error Count: 0
[2022-03-13 15:54:41] [   48.916102] 	Other Error Count:  10
[2022-03-13 15:54:41] [   48.916103] **************************************
[2022-03-13 15:54:41] [   48.917952] ROC:CCE Machine Check Error:
[2022-03-13 15:54:41] [   48.917956] 	Address Type = Non-Secure DRAM
[2022-03-13 15:54:41] [   48.917981] 	Address = 0x25c248a08 -- System RAM + 0x16c048a08
[2022-03-13 15:54:41] [   48.918179] Bad mode in Error handler detected on CPU3, code 0xbf40c000 -- SError
[2022-03-13 15:54:41] [   48.918181] Kernel panic - not syncing: bad mode
[2022-03-13 15:54:41] [   48.918185] CPU: 3 PID: 8231 Comm: mmult Not tainted 4.9.253-tegra #1
[2022-03-13 15:54:41] [   48.918186] Hardware name: quill (DT)
[2022-03-13 15:54:41] [   48.918188] Call trace:
[2022-03-13 15:54:41] [   48.918195] [<ffffff800808ba40>] dump_backtrace+0x0/0x198
[2022-03-13 15:54:41] [   48.918199] [<ffffff800808c004>] show_stack+0x24/0x30
[2022-03-13 15:54:41] [   48.918203] [<ffffff8008f6121c>] dump_stack+0xa0/0xc4
[2022-03-13 15:54:41] [   48.918206] [<ffffff8008f5e2c0>] panic+0x12c/0x2a8
[2022-03-13 15:54:41] [   48.918209] [<ffffff800808c894>] bad_mode+0x7c/0x80
[2022-03-13 15:54:41] [   48.918211] [<ffffff800808ca5c>] handle_serr+0x124/0x128
[2022-03-13 15:54:41] [   48.918213] [<ffffff8008082f20>] el0_serr+0xf4/0xfc
[2022-03-13 15:54:41] [   48.918217] SMP: stopping secondary CPUs
[2022-03-13 15:54:41] [   48.921014] ROC:CCE Machine Check Error:
[2022-03-13 15:54:41] [   48.921016] 	Address Type = Non-Secure DRAM
[2022-03-13 15:54:41] [   48.921022] 	Address = 0x814c8a08 -- System RAM + 0x14c8a08
[2022-03-13 15:54:41] [   48.921218] **************************************
[2022-03-13 15:54:41] [   48.921220] A57 CPU Memory Error on CPU 5 (A57 Core 3)
[2022-03-13 15:54:41] [   48.921221] 	ESR:               0xbf40c000
[2022-03-13 15:54:41] [   48.921222] 	CPUMERRSR: 0x890427c0
[2022-03-13 15:54:41] [   48.921224] 	Data L1 Data RAM: 0x9
[2022-03-13 15:54:41] [   48.921225] 	Bank/Way of Error:  0x1
[2022-03-13 15:54:41] [   48.921226] 	Index of Error:     0x27c0
[2022-03-13 15:54:41] [   48.921227] 	Repeat Error Count: 0
[2022-03-13 15:54:41] [   48.921228] 	Other Error Count:  0
[2022-03-13 15:54:41] [   48.921229] **************************************
[2022-03-13 15:54:41] [   48.924037] ROC:CCE Machine Check Error:
[2022-03-13 15:54:41] [   48.924039] 	Address Type = Non-Secure DRAM
[2022-03-13 15:54:41] [   48.924044] 	Address = 0x263dc8b00 -- System RAM + 0x173bc8b00
[2022-03-13 15:54:41] [   48.924242] Bad mode in Error handler detected on CPU5, code 0xbf40c000 -- SError
[2022-03-13 15:54:42] [   49.966922] SMP: failed to stop secondary CPUs 3,5
[2022-03-13 15:54:42] [   49.971705] Kernel Offset: disabled
[2022-03-13 15:54:42] [   49.975186] Memory Limit: none
[2022-03-13 15:54:42] [   49.978233] trusty-log panic notifier - trusty version Built: 12:20:14 Jul 26 2021 [   49.990629] Rebooting in 5 seconds..
[2022-03-13 15:54:47] [   54.994415] SMP: stopping secondary CPUs
[2022-03-13 15:54:48] [   56.047206] SMP: failed to stop secondary CPUs 3,5
[2022-03-13 15:54:48] [0000.164] I> Welcome to MB2(TBoot-BPMP)(version: 01.00.160913-t186-M-00.00-mobile-c368a720)
[2022-03-13 15:54:48] [0000.172] I> Boot-device: eMMC
[2022-03-13 15:54:48] [0000.179] I> sdmmc bdev is already initialized
[2022-03-13 15:54:48] [0000.184] I> pmic: reset reason (nverc)	: 0x0
[2022-03-13 15:54:48] [0000.217] I> Found 19 partitions in SDMMC_BOOT (instance 3)
[2022-03-13 15:54:48] [0000.237] I> Found 33 partitions in SDMMC_USER (instance 3)
[2022-03-13 15:54:48] [0000.243] W> No valid slot number is found in scratch register
[2022-03-13 15:54:48] [0000.249] W> Return default slot: _a
[2022-03-13 15:54:48] [0000.252] I> A/B: bin_type (16) slot 0
[2022-03-13 15:54:48] [0000.256] I> Loading partition bpmp-fw at 0xd7800000
[2022-03-13 15:54:48] [0000.260] I> Reading two headers - addr:0xd7800000 blocks:1
[2022-03-13 15:54:48] [0000.266] I> Addr: 0xd7800000, start-block: 58777608, num_blocks: 1
[2022-03-13 15:54:48] [0000.291] I> Binary(16) of size 534416 is loaded @ 0xd7800000
[2022-03-13 15:54:48] [0000.296] W> No valid slot number is found in scratch register
[2022-03-13 15:54:48] [0000.302] W> Return default slot: _a
[2022-03-13 15:54:48] [0000.306] I> A/B: bin_type (17) slot 0
[2022-03-13 15:54:48] [0000.309] I> Loading partition bpmp-fw-dtb at 0xd79f0000
[2022-03-13 15:54:48] [0000.314] I> Reading two headers - addr:0xd79f0000 blocks:1
[2022-03-13 15:54:48] [0000.320] I> Addr: 0xd79f0000, start-block: 58780024, num_blocks: 1
[2022-03-13 15:54:48] [0000.346] I> Binary(17) of size 604720 is loaded @ 0xd796c400
[2022-03-13 15:54:48] [0000.574] I> Loading SCE-FW ...
[2022-03-13 15:54:48] [0000.577] W> No valid slot number is found in scratch register
[2022-03-13 15:54:48] [0000.583] W> Return default slot: _a
[2022-03-13 15:54:48] [0000.586] I> A/B: bin_type (12) slot 0
[2022-03-13 15:54:48] [0000.590] I> Loading partition sce-fw at 0xd7300000
[2022-03-13 15:54:48] [0000.594] I> Reading two headers - addr:0xd7300000 blocks:1
[2022-03-13 15:54:48] [0000.600] I> Addr: 0xd7300000, start-block: 58784120, num_blocks: 1
[2022-03-13 15:54:48] [0000.619] I> Binary(12) of size 125632 is loaded @ 0xd7300000
[2022-03-13 15:54:48] [0000.625] I> Init SCE
[2022-03-13 15:54:48] [0000.627] I> Loading APE-FW ...
[2022-03-13 15:54:48] [0000.630] W> No valid slot number is found in scratch register
[2022-03-13 15:54:48] [0000.636] W> Return default slot: _a
[2022-03-13 15:54:48] [0000.639] I> A/B: bin_type (11) slot 0
[2022-03-13 15:54:48] [0000.643] I> Loading partition adsp-fw at 0xd7400000
[2022-03-13 15:54:48] [0000.648] I> Reading two headers - addr:0xd7400000 blocks:1
[2022-03-13 15:54:48] [0000.653] I> Addr: 0xd7400000, start-block: 58761224, num_blocks: 1
[2022-03-13 15:54:48] [0000.672] I> Binary(11) of size 77216 is loaded @ 0xd7400000
[2022-03-13 15:54:48] [0000.678] I> Copy BTCM section
[2022-03-13 15:54:48] [0000.681] W> No valid slot number is found in scratch register
[2022-03-13 15:54:48] [0000.687] W> Return default slot: _a
[2022-03-13 15:54:48] [0000.690] I> A/B: bin_type (13) slot 0
[2022-03-13 15:54:48] [0000.694] I> Loading partition cpu-bootloader at 0x96000000
[2022-03-13 15:54:48] [0000.699] I> Reading two headers - addr:0x96000000 blocks:1
[2022-03-13 15:54:48] [0000.704] I> Addr: 0x96000000, start-block: 58740744, num_blocks: 1
[2022-03-13 15:54:48] [0000.726] I> Binary(13) of size 308800 is loaded @ 0x96000000
[2022-03-13 15:54:48] [0000.731] W> No valid slot number is found in scratch register
[2022-03-13 15:54:48] [0000.737] W> Return default slot: _a
[2022-03-13 15:54:48] [0000.740] I> A/B: bin_type (20) slot 0
[2022-03-13 15:54:48] [0000.744] I> Loading partition bootloader-dtb at 0x85205400
[2022-03-13 15:54:48] [0000.750] I> Reading two headers - addr:0x85205400 blocks:1
[2022-03-13 15:54:48] [0000.755] I> Addr: 0x85205400, start-block: 58742792, num_blocks: 1
[2022-03-13 15:54:48] [0000.777] I> Binary(20) of size 375568 is loaded @ 0x85205400
[2022-03-13 15:54:48] [0000.783] W> No valid slot number is found in scratch register
[2022-03-13 15:54:48] [0000.788] W> Return default slot: _a
[2022-03-13 15:54:49] [0000.792] I> A/B: bin_type (14) slot 0
[2022-03-13 15:54:49] [0000.795] I> Loading partition secure-os at 0x85305600
[2022-03-13 15:54:49] [0000.800] I> Reading two headers - addr:0x85305600 blocks:1
[2022-03-13 15:54:49] [0000.806] I> Addr: 0x85305600, start-block: 58744840, num_blocks: 1
[2022-03-13 15:54:49] [0000.828] I> Binary(14) of size 402864 is loaded @ 0x85305600
[2022-03-13 15:54:49] [0000.835] I> TOS boot-params @ 0x85000000
[2022-03-13 15:54:49] [0000.839] I> TOS params prepared
[2022-03-13 15:54:49] [0000.842] I> Loading EKS ...
[2022-03-13 15:54:49] [0000.845] I> A/B: bin_type (15) slot 0
[2022-03-13 15:54:49] [0000.849] I> Loading partition eks at 0x85905800
[2022-03-13 15:54:49] [0000.853] I> Reading two headers - addr:0x85905800 blocks:1
[2022-03-13 15:54:49] [0000.859] I> Addr: 0x85905800, start-block: 58757128, num_blocks: 1
[2022-03-13 15:54:49] [0000.878] I> Binary(15) of size 1040 is loaded @ 0x85905800
[2022-03-13 15:54:49] [0000.883] I> EKB detected (length: 0x400) @ 0x85905800
[2022-03-13 15:54:49] [0000.888] I> Copied encrypted keys
[2022-03-13 15:54:49] [0000.892] I> boot profiler @ 0x275844000
[2022-03-13 15:54:49] [0000.896] I> boot profiler for TOS @ 0x275844000
[2022-03-13 15:54:49] [0000.901] I> Unhalting SCE
[2022-03-13 15:54:49] [0000.903] I> Primary Memory Start:80000000 Size:70000000
[2022-03-13 15:54:49] [0000.908] I> Extended Memory Start:f0110000 Size:1856f0000
[2022-03-13 15:54:49] [0000.915] I> MB2(TBoot-BPMP) done
[2022-03-13 15:54:49] 
[2022-03-13 15:54:49] NOTICE:  BL31: v1.3(release):b5eeb33f7
[2022-03-13 15:54:49] NOTICE:  BL31: Built : 12:15:17, Jul 26 2021
[2022-03-13 15:54:49] ipc-unittest-main: 1519: Welcome to IPC unittest!!!
[2022-03-13 15:54:49] ipc-unittest-main: 1531: waiting forever
[2022-03-13 15:54:49] ipc-unittest-srv: 329: Init unittest services!!!
[2022-03-13 15:54:49] hwkey-agent: 41: hwkey-agent is running!!
[2022-03-13 15:54:49] hwkey-agent: 315: key_mgnt_processing .......
[2022-03-13 15:54:49] hwkey-agent: 223: Setting EKB key 0 to slot 14
[2022-03-13 15:54:49] hwkey-agent: 178: Init hweky-agent services!!
[2022-03-13 15:54:49] luks-srv: 40: luks-srv is running!!
[2022-03-13 15:54:49] luks-srv: 157: Init luks-srv IPC services!!
[2022-03-13 15:54:49] platform_bootstrap_epilog: trusty bootstrap complete
[2022-03-13 15:54:49] [0001.287] I> Welcome to Cboot
[2022-03-13 15:54:49] [0001.290] I> Cboot Version: t186-00029e71
[2022-03-13 15:54:49] [0001.294] I> CPU-BL Params @ 0x275800000
[2022-03-13 15:54:49] [0001.297] I>  0) Base:0x00000000 Size:0x00000000
[2022-03-13 15:54:49] [0001.302] I>  1) Base:0x277f00000 Size:0x00100000
[2022-03-13 15:54:49] [0001.306] I>  2) Base:0x277e00000 Size:0x00100000
[2022-03-13 15:54:49] [0001.311] I>  3) Base:0x277d00000 Size:0x00100000
[2022-03-13 15:54:49] [0001.315] I>  4) Base:0x277c00000 Size:0x00100000
[2022-03-13 15:54:49] [0001.320] I>  5) Base:0x277b00000 Size:0x00100000
[2022-03-13 15:54:49] [0001.324] I>  6) Base:0x277800000 Size:0x00200000
[2022-03-13 15:54:49] [0001.329] I>  7) Base:0x277400000 Size:0x00400000
[2022-03-13 15:54:49] [0001.333] I>  8) Base:0x277a00000 Size:0x00100000
[2022-03-13 15:54:49] [0001.338] I>  9) Base:0x277300000 Size:0x00100000
[2022-03-13 15:54:49] [0001.342] I> 10) Base:0x276800000 Size:0x00800000
[2022-03-13 15:54:49] [0001.347] I> 11) Base:0x30000000 Size:0x00040000
[2022-03-13 15:54:49] [0001.351] I> 12) Base:0xf0000000 Size:0x00100000
[2022-03-13 15:54:49] [0001.356] I> 13) Base:0x30040000 Size:0x00001000
[2022-03-13 15:54:49] [0001.360] I> 14) Base:0x30048000 Size:0x00001000
[2022-03-13 15:54:49] [0001.365] I> 15) Base:0x30049000 Size:0x00001000
[2022-03-13 15:54:49] [0001.369] I> 16) Base:0x3004a000 Size:0x00001000
[2022-03-13 15:54:49] [0001.374] I> 17) Base:0x3004b000 Size:0x00001000
[2022-03-13 15:54:49] [0001.378] I> 18) Base:0x3004c000 Size:0x00001000
[2022-03-13 15:54:49] [0001.382] I> 19) Base:0x3004d000 Size:0x00001000
[2022-03-13 15:54:49] [0001.387] I> 20) Base:0x3004e000 Size:0x00001000
[2022-03-13 15:54:49] [0001.391] I> 21) Base:0x3004f000 Size:0x00001000
[2022-03-13 15:54:49] [0001.396] I> 22) Base:0x00000000 Size:0x00000000
[2022-03-13 15:54:49] [0001.400] I> 23) Base:0xf0100000 Size:0x00010000
[2022-03-13 15:54:49] [0001.405] I> 24) Base:0x00000000 Size:0x00000000
[2022-03-13 15:54:49] [0001.409] I> 25) Base:0x00000000 Size:0x00000000
[2022-03-13 15:54:49] [0001.413] I> 26) Base:0x00000000 Size:0x00000000
[2022-03-13 15:54:49] [0001.418] I> 27) Base:0x00000000 Size:0x00000000
[2022-03-13 15:54:49] [0001.422] I> 28) Base:0x84400000 Size:0x00400000
[2022-03-13 15:54:49] [0001.427] I> 29) Base:0x30000000 Size:0x00010000
[2022-03-13 15:54:49] [0001.431] I> 30) Base:0x278000000 Size:0x08000000
[2022-03-13 15:54:49] [0001.436] I> 31) Base:0x00000000 Size:0x00000000
[2022-03-13 15:54:49] [0001.440] I> 32) Base:0x276000000 Size:0x00600000
[2022-03-13 15:54:49] [0001.445] I> 33) Base:0x80000000 Size:0x70000000
[2022-03-13 15:54:49] [0001.449] I> 34) Base:0xf0110000 Size:0x1856f0000
[2022-03-13 15:54:49] [0001.454] I> 35) Base:0x00000000 Size:0x00000000
[2022-03-13 15:54:49] [0001.458] I> 36) Base:0x00000000 Size:0x00000000
[2022-03-13 15:54:49] [0001.462] I> 37) Base:0x2772e0000 Size:0x00020000
[2022-03-13 15:54:49] [0001.467] I> 38) Base:0x84000000 Size:0x00400000
[2022-03-13 15:54:49] [0001.471] I> 39) Base:0x96000000 Size:0x02000000
[2022-03-13 15:54:49] [0001.476] I> 40) Base:0x85000000 Size:0x01200000
[2022-03-13 15:54:49] [0001.480] I> 41) Base:0x275800000 Size:0x00500000
[2022-03-13 15:54:49] [0001.485] I> 42) Base:0x00000000 Size:0x00000000
[2022-03-13 15:54:49] [0001.489] I> 43) Base:0x00000000 Size:0x00000000
[2022-03-13 15:54:49] [0001.494] GIC-SPI Target CPU: 4
[2022-03-13 15:54:49] [0001.497] Interrupts Init done
[2022-03-13 15:54:49] [0001.500] calling constructors
[2022-03-13 15:54:49] [0001.503] initializing heap
[2022-03-13 15:54:49] [0001.506] initializing threads
[2022-03-13 15:54:49] [0001.509] initializing timers
[2022-03-13 15:54:49] [0001.512] creating bootstrap completion thread
[2022-03-13 15:54:49] [0001.517] top of bootstrap2()
[2022-03-13 15:54:49] [0001.520] CPU: ARM Cortex A57
[2022-03-13 15:54:49] [0001.523] CPU: MIDR: 0x411FD073, MPIDR: 0x80000100
[2022-03-13 15:54:49] [0001.528] initializing platform
[2022-03-13 15:54:49] [0001.532] I> Bl_dtb @0x85205400
[2022-03-13 15:54:49] [0001.535] I> gpio framework initialized
[2022-03-13 15:54:49] [0001.541] I> tegrabl_gpio_driver_register: register 'nvidia,tegra186-gpio' driver
[2022-03-13 15:54:49] [0001.551] I> tegrabl_gpio_driver_register: register 'nvidia,tegra186-gpio-aon' driver
[2022-03-13 15:54:49] [0001.559] I> GPIO framework and drivers are initialized.
[2022-03-13 15:54:49] [0001.564] I> Boot-device: eMMC
[2022-03-13 15:54:49] [0001.571] I> sdmmc bdev is already initialized
[2022-03-13 15:54:49] [0001.602] I> Found 19 partitions in SDMMC_BOOT (instance 3)
[2022-03-13 15:54:49] [0001.620] I> Found 33 partitions in SDMMC_USER (instance 3)
[2022-03-13 15:54:49] [0001.625] W> opt-in fuse is not set, skip fuse_burning
[2022-03-13 15:54:49] [0001.630] I> Reserved memory at 0xfbe00000 for U-Boot relocation
[2022-03-13 15:54:49] [0001.636] W> No valid slot number is found in scratch register
[2022-03-13 15:54:49] [0001.641] W> Return default slot: _a
[2022-03-13 15:54:49] [0001.651] I> A/B: bin_type (21) slot 0
[2022-03-13 15:54:49] [0001.654] I> Loading kernel-dtb from partition
[2022-03-13 15:54:49] [0001.659] I> Loading partition kernel-dtb at 0x80000000 from device(0x1)
[2022-03-13 15:54:49] [0001.676] I> Kernel_dtb @0x80000000
[2022-03-13 15:54:49] [0001.679] I> tegrabl_tca9539_init: i2c bus: 0, slave addr: 0xee
[2022-03-13 15:54:49] [0001.689] I> tegrabl_gpio_driver_register: register 'tca9539_gpio_driver' driver
[2022-03-13 15:54:49] [0001.697] I> tegrabl_tca9539_init: i2c bus: 0, slave addr: 0xe8
[2022-03-13 15:54:49] [0001.705] I> tegrabl_gpio_driver_register: register 'tca9539_gpio_driver' driver
[2022-03-13 15:54:49] [0001.716] I> fixed regulator driver initialized
[2022-03-13 15:54:49] [0001.749] I> register 'maxim' power off handle
[2022-03-13 15:54:49] [0001.755] I> virtual i2c enabled
[2022-03-13 15:54:49] [0001.758] I> registered 'maxim,max77620' pmic
[2022-03-13 15:54:49] [0001.763] I> tegrabl_gpio_driver_register: register 'max77620-gpio' driver
[2022-03-13 15:54:49] [0001.777] E> failed to read label property for node 324936: 13
[2022-03-13 15:54:49] [0001.785] E> failed to read reg property for node 325032: 13
[2022-03-13 15:54:50] [0001.793] E> failed to read reg property for node 325084: 13
[2022-03-13 15:54:50] [0001.802] E> failed to read label property for node 325168: 13
[2022-03-13 15:54:50] [0001.810] E> failed to read label property for node 325236: 13
[2022-03-13 15:54:50] [0001.818] E> failed to read reg property for node 325304: 13
[2022-03-13 15:54:50] [0001.827] E> failed to read reg property for node 325376: 13
[2022-03-13 15:54:50] [0001.837] I> Find /i2c@c250000's alias i2c7
[2022-03-13 15:54:50] [0001.841] I> Reading eeprom i2c=7 address=0x50
[2022-03-13 15:54:50] [0001.870] I> Device at /i2c@c250000:0x50
[2022-03-13 15:54:50] [0001.874] I> Reading eeprom i2c=7 address=0x57
[2022-03-13 15:54:50] [0001.903] I> Device at /i2c@c250000:0x57
[2022-03-13 15:54:50] [0001.907] I> Find /i2c@c240000's alias i2c1
[2022-03-13 15:54:50] [0001.911] I> Reading eeprom i2c=1 address=0x51
[2022-03-13 15:54:50] [0001.916] E> I2C: slave not found in slaves.
[2022-03-13 15:54:50] [0001.920] E> I2C: Could not write 0 bytes to slave: 0x00a2 with repeat start true.
[2022-03-13 15:54:50] [0001.928] E> I2C_DEV: Failed to send register address 0x00000000.
[2022-03-13 15:54:50] [0001.934] E> I2C_DEV: Could not read 256 registers of size 1 from slave 0xa2 at 0x00000000 via instance 1.
[2022-03-13 15:54:50] [0001.943] E> eeprom: Retry to read I2C slave device.
[2022-03-13 15:54:50] [0001.948] E> I2C: slave not found in slaves.
[2022-03-13 15:54:50] [0001.952] E> I2C: Could not write 0 bytes to slave: 0x00a2 with repeat start true.
[2022-03-13 15:54:50] [0001.960] E> I2C_DEV: Failed to send register address 0x00000000.
[2022-03-13 15:54:50] [0001.966] E> I2C_DEV: Could not read 256 registers of size 1 from slave 0xa2 at 0x00000000 via instance 1.
[2022-03-13 15:54:50] [0001.976] E> eeprom: Failed to read I2C slave device
[2022-03-13 15:54:50] [0001.980] I> Eeprom read failed 0x3526070d
[2022-03-13 15:54:50] [0001.985] I> Find /i2c@3160000's alias i2c0
[2022-03-13 15:54:50] [0001.989] I> Reading eeprom i2c=0 address=0x50
[2022-03-13 15:54:50] [0001.993] E> I2C: slave not found in slaves.
[2022-03-13 15:54:50] [0001.997] E> I2C: Could not write 0 bytes to slave: 0x00a0 with repeat start true.
[2022-03-13 15:54:50] [0002.005] E> I2C_DEV: Failed to send register address 0x00000000.
[2022-03-13 15:54:50] [0002.011] E> I2C_DEV: Could not read 256 registers of size 1 from slave 0xa0 at 0x00000000 via instance 0.
[2022-03-13 15:54:50] [0002.020] E> eeprom: Failed to read I2C slave device
[2022-03-13 15:54:50] [0002.025] I> Eeprom read failed 0x3526070d
[2022-03-13 15:54:50] [0002.030] I> Find /i2c@3180000's alias i2c2
[2022-03-13 15:54:50] [0002.034] I> Reading eeprom i2c=2 address=0x54
[2022-03-13 15:54:50] [0002.038] I> Enabling gpio chip_id = 2, gpio pin = 9
[2022-03-13 15:54:50] [0002.069] I> Disabling gpio chip_id = 2, gpio pin = 9
[2022-03-13 15:54:50] [0002.074] I> Device at /i2c@3180000:0x54
[2022-03-13 15:54:50] [0002.078] I> Reading eeprom i2c=2 address=0x57
[2022-03-13 15:54:50] [0002.082] I> Enabling gpio chip_id = 2, gpio pin = 9
[2022-03-13 15:54:50] [0002.088] E> I2C: slave not found in slaves.
[2022-03-13 15:54:50] [0002.092] E> I2C: Could not write 0 bytes to slave: 0x00ae with repeat start true.
[2022-03-13 15:54:50] [0002.099] E> I2C_DEV: Failed to send register address 0x00000000.
[2022-03-13 15:54:50] [0002.105] E> I2C_DEV: Could not read 256 registers of size 1 from slave 0xae at 0x00000000 via instance 2.
[2022-03-13 15:54:50] [0002.115] E> eeprom: Failed to read I2C slave device
[2022-03-13 15:54:50] [0002.120] I> Disabling gpio chip_id = 2, gpio pin = 9
[2022-03-13 15:54:50] [0002.125] I> Eeprom read failed 0x00000000
[2022-03-13 15:54:50] [0002.129] I> create_pm_ids: id: 3310-1000-D00-L, len: 15
[2022-03-13 15:54:50] [0002.134] I> config: mem-type:00,power-config:00,misc-config:00,modem-config:00,touch-config:00,display-config:00,, len: 93
[2022-03-13 15:54:50] [0002.145] I> create_pm_ids: id: 2597-0000-900-E, len: 15
[2022-03-13 15:54:50] [0002.150] I> config: mem-type:00,power-config:00,misc-config:00,modem-config:00,touch-config:00,display-config:00,, len: 93
[2022-03-13 15:54:50] [0002.161] I> create_pm_ids: id: 3326-1000-000-M, len: 15
[2022-03-13 15:54:50] [0002.166] I> config: mem-type:ff,power-config:ff,misc-config:ff,modem-config:ff,touch-config:ff,display-config:ff,, len: 93
[2022-03-13 15:54:50] [0002.201] I> enabling 'vdd-hdmi' regulator
[2022-03-13 15:54:50] [0002.217] I> regulator 'vdd-hdmi' already enabled
[2022-03-13 15:54:50] [0002.221] E> tegrabl_display_init_regulator: hdmi cable is not connected
[2022-03-13 15:54:50] [0002.228] E> tegrabl_display_get_pdata, failed to parse dtb settings
[2022-03-13 15:54:50] [0002.237] E> cannot find any other nvdisp nodes
[2022-03-13 15:54:50] [0002.241] E> no valid display unit config found in dtb
[2022-03-13 15:54:50] [0002.247] W> display init failed
[2022-03-13 15:54:50] [0002.250] initializing target
[2022-03-13 15:54:50] [0002.253] calling apps_init()
[2022-03-13 15:54:50] [0002.256] starting app kernel_boot_app
[2022-03-13 15:54:50] [0002.278] I> found decompressor handler: lz4-legacy
[2022-03-13 15:54:50] [0002.283] I> decompressing BMP blob ...
[2022-03-13 15:54:50] [0002.295] I> Kernel type = Normal
[2022-03-13 15:54:50] [0002.299] I> ########## Fixed storage boot ##########
[2022-03-13 15:54:50] [0002.303] I> Loading kernel-bootctrl from partition
[2022-03-13 15:54:50] [0002.308] I> Loading partition kernel-bootctrl at 0xa8000000 from device(0x1)
[2022-03-13 15:54:50] [0002.322] W> tegrabl_get_kernel_bootctrl: magic number(0x00000000) is invalid
[2022-03-13 15:54:50] [0002.329] W> tegrabl_get_kernel_bootctrl: use default dummy boot control data
[2022-03-13 15:54:50] [0002.336] W> No valid slot number is found in scratch register
[2022-03-13 15:54:50] [0002.342] W> Return default slot: _a
[2022-03-13 15:54:50] [0002.345] I> A/B: bin_type (24) slot 0
[2022-03-13 15:54:50] [0002.361] I> Boot image size read from image header: 9913d
[2022-03-13 15:54:50] [0002.366] I> Boot image load address: 0x80400000
[2022-03-13 15:54:50] [0002.371] I> Loading kernel from partition
[2022-03-13 15:54:50] [0002.375] I> Loading partition kernel at 0x80400000 from device(0x1)
[2022-03-13 15:54:51] [0003.317] I> Validate kernel ...
[2022-03-13 15:54:51] [0003.320] I> T18x: Authenticate kernel (bin_type 24), max size 0x4000000
[2022-03-13 15:54:51] [0003.328] I> Decrypt the buffer ... [0003.331] W> tegrabl_decrypt_block: fuse (0x0) is not burnt to do encryption (0x4); skip decryption.
[2022-03-13 15:54:51] [0003.340] I> done
[2022-03-13 15:54:51] [0003.342] I> Checking boot.img header magic ... [0003.346] I> [OK]
[2022-03-13 15:54:51] [0003.348] I> kernel-dtb is already loaded
[2022-03-13 15:54:51] [0003.352] I> Validate kernel-dtb ...
[2022-03-13 15:54:51] [0003.355] I> T18x: Authenticate kernel-dtb (bin_type 21), max size 0x100000
[2022-03-13 15:54:51] [0003.363] I> Decrypt the buffer ... [0003.366] W> tegrabl_decrypt_block: fuse (0x0) is not burnt to do encryption (0x4); skip decryption.
[2022-03-13 15:54:51] [0003.375] I> done
[2022-03-13 15:54:51] [0003.377] I> Kernel hdr @0x80400000
[2022-03-13 15:54:51] [0003.380] I> Kernel dtb @0x80000000
[2022-03-13 15:54:51] [0003.383] I> decompressor handler not found
[2022-03-13 15:54:51] [0003.387] I> Copying kernel image (627005 bytes) from 0x80400800 to 0x80600000 ... [0003.395] I> Done
[2022-03-13 15:54:51] [0003.397] I> Move ramdisk (len: 0) from 0x8049a000 to 0x947d0000
[2022-03-13 15:54:51] [0003.404] I> Updated bpmp info to DTB
[2022-03-13 15:54:51] [0003.410] I> Ramdisk: Base: 0x947d0000; Size: 0x0
[2022-03-13 15:54:51] [0003.415] I> Updated initrd info to DTB
[2022-03-13 15:54:51] [0003.418] W> WARN: Fail to override "console=none" in commandline
[2022-03-13 15:54:51] [0003.424] I> Active rootfs suffix: 
[2022-03-13 15:54:51] [0003.428] E> tegrabl_linuxboot_add_disp_param, du 0 failed to get display params
[2022-03-13 15:54:51] [0003.435] E> tegrabl_linuxboot_add_disp_param, du 0 failed to get display params
[2022-03-13 15:54:51] [0003.442] E> tegrabl_linuxboot_add_disp_param, du 0 failed to get display params
[2022-03-13 15:54:51] [0003.449] I> disabled_core_mask: 0xffffff0c
[2022-03-13 15:54:51] [0003.453] W> No valid slot number is found in scratch register
[2022-03-13 15:54:51] [0003.459] W> Return default slot: _a
[2022-03-13 15:54:51] [0003.462] I> Active slot suffix: 
[2022-03-13 15:54:51] [0003.465] I> add_boot_slot_suffix: slot_suffix = 
[2022-03-13 15:54:51] [0003.470] I> Linux Cmdline: console=ttyS0,115200 androidboot.presilicon=true firmware_class.path=/etc/firmware root=/dev/mmcblk0p1 rw rootwait rootfstype=ext4 console=ttyS0,115200n8 console=tty0 fbcon=map:0 net.ifnames=0 isolcpus=1-2  video=tegrafb earlycon=uart8250,mmio32,0x3100000 nvdumper_reserved=0x2772e0000 gpt rootfs.slot_suffix= usbcore.old_scheme_first=1 tegraid=18.1.2.0.0 maxcpus=6 no_console_suspend boot.slot_suffix= boot.ratchetvalues=0.2031647.1 vpr_resize bl_prof_dataptr=0x10000@0x275840000 sdhci_tegra.en_boot_part_access=1 
[2022-03-13 15:54:51] [0003.517] I> Updated bootarg info to DTB
[2022-03-13 15:54:51] [0003.521] I> eeprom_get_mac_addr: MAC (type: 0): 48:b0:2d:0f:11:c5
[2022-03-13 15:54:51] [0003.527] I> eeprom_get_mac_addr: MAC (type: 1): 48:b0:2d:0f:11:c6
[2022-03-13 15:54:51] [0003.534] I> eeprom_get_mac_addr: MAC (type: 2): 48:b0:2d:0f:11:c7
[2022-03-13 15:54:51] [0003.540] E> Found no plugin manager ids in source DT
[2022-03-13 15:54:51] [0003.545] W> Add plugin manager ids from board info
[2022-03-13 15:54:51] [0003.549] W> "plugin-manager" doesn't exist, creating
[2022-03-13 15:54:51] [0003.554] W> "ids" doesn't exist, creating
[2022-03-13 15:54:51] [0003.558] W> "connection" doesn't exist, creating
[2022-03-13 15:54:51] [0003.563] W> "configs" doesn't exist, creating
[2022-03-13 15:54:51] [0003.567] I> create_pm_ids: id: 3310-1000-D00-L, len: 15
[2022-03-13 15:54:51] [0003.572] I> config: mem-type:00,power-config:00,misc-config:00,modem-config:00,touch-config:00,display-config:00,, len: 93
[2022-03-13 15:54:51] [0003.583] I> create_pm_ids: id: 2597-0000-900-E, len: 15
[2022-03-13 15:54:51] [0003.588] I> config: mem-type:00,power-config:00,misc-config:00,modem-config:00,touch-config:00,display-config:00,, len: 93
[2022-03-13 15:54:51] [0003.599] I> create_pm_ids: id: 3326-1000-000-M, len: 15
[2022-03-13 15:54:51] [0003.605] I> config: mem-type:ff,power-config:ff,misc-config:ff,modem-config:ff,touch-config:ff,display-config:ff,, len: 93
[2022-03-13 15:54:51] [0003.615] I> Adding plugin-manager/ids/3310-1000-D00=/i2c@c250000:module@0x50
[2022-03-13 15:54:51] [0003.623] W> "i2c@c250000" doesn't exist, creating
[2022-03-13 15:54:51] [0003.627] W> "module@0x50" doesn't exist, creating
[2022-03-13 15:54:51] [0003.632] I> Adding plugin-manager/ids/2597-0000-900=/i2c@c250000:module@0x57
[2022-03-13 15:54:51] [0003.640] W> "module@0x57" doesn't exist, creating
[2022-03-13 15:54:51] [0003.645] I> Adding plugin-manager/ids/3326-1000-000=/i2c@3180000:module@0x54
[2022-03-13 15:54:51] [0003.652] W> "i2c@3180000" doesn't exist, creating
