[0000.283] I> Welcome to MB2(TBoot-BPMP)(version: 01.00.160913-t186-M-00.00-mobile-c368a720)
[2022-03-13 14:04:49] [0000.291] I> Boot-device: eMMC
[2022-03-13 14:04:49] [0000.299] I> sdmmc bdev is already initialized
[2022-03-13 14:04:49] [0000.303] I> pmic: reset reason (nverc)	: 0x80
[2022-03-13 14:04:49] [0000.336] I> Found 19 partitions in SDMMC_BOOT (instance 3)
[2022-03-13 14:04:49] [0000.356] I> Found 33 partitions in SDMMC_USER (instance 3)
[2022-03-13 14:04:49] [0000.362] W> No valid slot number is found in scratch register
[2022-03-13 14:04:49] [0000.368] W> Return default slot: _a
[2022-03-13 14:04:49] [0000.371] I> A/B: bin_type (16) slot 0
[2022-03-13 14:04:49] [0000.375] I> Loading partition bpmp-fw at 0xd7800000
[2022-03-13 14:04:49] [0000.380] I> Reading two headers - addr:0xd7800000 blocks:1
[2022-03-13 14:04:49] [0000.385] I> Addr: 0xd7800000, start-block: 58777608, num_blocks: 1
[2022-03-13 14:04:49] [0000.410] I> Binary(16) of size 534416 is loaded @ 0xd7800000
[2022-03-13 14:04:49] [0000.416] W> No valid slot number is found in scratch register
[2022-03-13 14:04:49] [0000.422] W> Return default slot: _a
[2022-03-13 14:04:49] [0000.425] I> A/B: bin_type (17) slot 0
[2022-03-13 14:04:49] [0000.429] I> Loading partition bpmp-fw-dtb at 0xd79f0000
[2022-03-13 14:04:49] [0000.434] I> Reading two headers - addr:0xd79f0000 blocks:1
[2022-03-13 14:04:49] [0000.439] I> Addr: 0xd79f0000, start-block: 58780024, num_blocks: 1
[2022-03-13 14:04:49] [0000.465] I> Binary(17) of size 604720 is loaded @ 0xd796c400
[2022-03-13 14:04:50] [0000.695] I> Loading SCE-FW ...
[2022-03-13 14:04:50] [0000.698] W> No valid slot number is found in scratch register
[2022-03-13 14:04:50] [0000.704] W> Return default slot: _a
[2022-03-13 14:04:50] [0000.707] I> A/B: bin_type (12) slot 0
[2022-03-13 14:04:50] [0000.711] I> Loading partition sce-fw at 0xd7300000
[2022-03-13 14:04:50] [0000.715] I> Reading two headers - addr:0xd7300000 blocks:1
[2022-03-13 14:04:50] [0000.721] I> Addr: 0xd7300000, start-block: 58784120, num_blocks: 1
[2022-03-13 14:04:50] [0000.740] I> Binary(12) of size 125632 is loaded @ 0xd7300000
[2022-03-13 14:04:50] [0000.746] I> Init SCE
[2022-03-13 14:04:50] [0000.748] I> Loading APE-FW ...
[2022-03-13 14:04:50] [0000.751] W> No valid slot number is found in scratch register
[2022-03-13 14:04:50] [0000.757] W> Return default slot: _a
[2022-03-13 14:04:50] [0000.760] I> A/B: bin_type (11) slot 0
[2022-03-13 14:04:50] [0000.764] I> Loading partition adsp-fw at 0xd7400000
[2022-03-13 14:04:50] [0000.769] I> Reading two headers - addr:0xd7400000 blocks:1
[2022-03-13 14:04:50] [0000.774] I> Addr: 0xd7400000, start-block: 58761224, num_blocks: 1
[2022-03-13 14:04:50] [0000.793] I> Binary(11) of size 77216 is loaded @ 0xd7400000
[2022-03-13 14:04:50] [0000.799] I> Copy BTCM section
[2022-03-13 14:04:50] [0000.802] W> No valid slot number is found in scratch register
[2022-03-13 14:04:50] [0000.807] W> Return default slot: _a
[2022-03-13 14:04:50] [0000.811] I> A/B: bin_type (13) slot 0
[2022-03-13 14:04:50] [0000.815] I> Loading partition cpu-bootloader at 0x96000000
[2022-03-13 14:04:50] [0000.820] I> Reading two headers - addr:0x96000000 blocks:1
[2022-03-13 14:04:50] [0000.825] I> Addr: 0x96000000, start-block: 58740744, num_blocks: 1
[2022-03-13 14:04:50] [0000.846] I> Binary(13) of size 308800 is loaded @ 0x96000000
[2022-03-13 14:04:50] [0000.852] W> No valid slot number is found in scratch register
[2022-03-13 14:04:50] [0000.858] W> Return default slot: _a
[2022-03-13 14:04:50] [0000.861] I> A/B: bin_type (20) slot 0
[2022-03-13 14:04:50] [0000.865] I> Loading partition bootloader-dtb at 0x85205400
[2022-03-13 14:04:50] [0000.870] I> Reading two headers - addr:0x85205400 blocks:1
[2022-03-13 14:04:50] [0000.876] I> Addr: 0x85205400, start-block: 58742792, num_blocks: 1
[2022-03-13 14:04:50] [0000.898] I> Binary(20) of size 375568 is loaded @ 0x85205400
[2022-03-13 14:04:50] [0000.904] W> No valid slot number is found in scratch register
[2022-03-13 14:04:50] [0000.909] W> Return default slot: _a
[2022-03-13 14:04:50] [0000.913] I> A/B: bin_type (14) slot 0
[2022-03-13 14:04:50] [0000.916] I> Loading partition secure-os at 0x85305600
[2022-03-13 14:04:50] [0000.921] I> Reading two headers - addr:0x85305600 blocks:1
[2022-03-13 14:04:50] [0000.927] I> Addr: 0x85305600, start-block: 58744840, num_blocks: 1
[2022-03-13 14:04:50] [0000.949] I> Binary(14) of size 402864 is loaded @ 0x85305600
[2022-03-13 14:04:50] [0000.957] I> TOS boot-params @ 0x85000000
[2022-03-13 14:04:50] [0000.960] I> TOS params prepared
[2022-03-13 14:04:50] [0000.964] I> Loading EKS ...
[2022-03-13 14:04:50] [0000.966] I> A/B: bin_type (15) slot 0
[2022-03-13 14:04:50] [0000.970] I> Loading partition eks at 0x85905800
[2022-03-13 14:04:50] [0000.974] I> Reading two headers - addr:0x85905800 blocks:1
[2022-03-13 14:04:50] [0000.980] I> Addr: 0x85905800, start-block: 58757128, num_blocks: 1
[2022-03-13 14:04:50] [0000.999] I> Binary(15) of size 1040 is loaded @ 0x85905800
[2022-03-13 14:04:50] [0001.004] I> EKB detected (length: 0x400) @ 0x85905800
[2022-03-13 14:04:50] [0001.009] I> Copied encrypted keys
[2022-03-13 14:04:50] [0001.013] I> boot profiler @ 0x275844000
[2022-03-13 14:04:50] [0001.017] I> boot profiler for TOS @ 0x275844000
[2022-03-13 14:04:50] [0001.022] I> Unhalting SCE
[2022-03-13 14:04:50] [0001.024] I> Primary Memory Start:80000000 Size:70000000
[2022-03-13 14:04:50] [0001.029] I> Extended Memory Start:f0110000 Size:1856f0000
[2022-03-13 14:04:50] [0001.036] I> MB2(TBoot-BPMP) done
[2022-03-13 14:04:50] 
[2022-03-13 14:04:50] NOTICE:  BL31: v1.3(release):b5eeb33f7
[2022-03-13 14:04:50] NOTICE:  BL31: Built : 12:15:17, Jul 26 2021
[2022-03-13 14:04:50] ipc-unittest-main: 1519: Welcome to IPC unittest!!!
[2022-03-13 14:04:50] ipc-unittest-main: 1531: waiting forever
[2022-03-13 14:04:50] ipc-unittest-srv: 329: Init unittest services!!!
[2022-03-13 14:04:50] hwkey-agent: 41: hwkey-agent is running!!
[2022-03-13 14:04:50] hwkey-agent: 315: key_mgnt_processing .......
[2022-03-13 14:04:50] hwkey-agent: 223: Setting EKB key 0 to slot 14
[2022-03-13 14:04:50] hwkey-agent: 178: Init hweky-agent services!!
[2022-03-13 14:04:50] luks-srv: 40: luks-srv is running!!
[2022-03-13 14:04:50] luks-srv: 157: Init luks-srv IPC services!!
[2022-03-13 14:04:50] platform_bootstrap_epilog: trusty bootstrap complete
[2022-03-13 14:04:50] [0001.409] I> Welcome to Cboot
[2022-03-13 14:04:50] [0001.411] I> Cboot Version: t186-00029e71
[2022-03-13 14:04:50] [0001.415] I> CPU-BL Params @ 0x275800000
[2022-03-13 14:04:50] [0001.419] I>  0) Base:0x00000000 Size:0x00000000
[2022-03-13 14:04:50] [0001.423] I>  1) Base:0x277f00000 Size:0x00100000
[2022-03-13 14:04:50] [0001.428] I>  2) Base:0x277e00000 Size:0x00100000
[2022-03-13 14:04:50] [0001.432] I>  3) Base:0x277d00000 Size:0x00100000
[2022-03-13 14:04:50] [0001.437] I>  4) Base:0x277c00000 Size:0x00100000
[2022-03-13 14:04:50] [0001.441] I>  5) Base:0x277b00000 Size:0x00100000
[2022-03-13 14:04:50] [0001.446] I>  6) Base:0x277800000 Size:0x00200000
[2022-03-13 14:04:50] [0001.450] I>  7) Base:0x277400000 Size:0x00400000
[2022-03-13 14:04:50] [0001.455] I>  8) Base:0x277a00000 Size:0x00100000
[2022-03-13 14:04:50] [0001.459] I>  9) Base:0x277300000 Size:0x00100000
[2022-03-13 14:04:50] [0001.464] I> 10) Base:0x276800000 Size:0x00800000
[2022-03-13 14:04:50] [0001.468] I> 11) Base:0x30000000 Size:0x00040000
[2022-03-13 14:04:50] [0001.473] I> 12) Base:0xf0000000 Size:0x00100000
[2022-03-13 14:04:50] [0001.477] I> 13) Base:0x30040000 Size:0x00001000
[2022-03-13 14:04:50] [0001.482] I> 14) Base:0x30048000 Size:0x00001000
[2022-03-13 14:04:50] [0001.486] I> 15) Base:0x30049000 Size:0x00001000
[2022-03-13 14:04:50] [0001.491] I> 16) Base:0x3004a000 Size:0x00001000
[2022-03-13 14:04:50] [0001.495] I> 17) Base:0x3004b000 Size:0x00001000
[2022-03-13 14:04:50] [0001.499] I> 18) Base:0x3004c000 Size:0x00001000
[2022-03-13 14:04:50] [0001.504] I> 19) Base:0x3004d000 Size:0x00001000
[2022-03-13 14:04:50] [0001.508] I> 20) Base:0x3004e000 Size:0x00001000
[2022-03-13 14:04:50] [0001.513] I> 21) Base:0x3004f000 Size:0x00001000
[2022-03-13 14:04:50] [0001.517] I> 22) Base:0x00000000 Size:0x00000000
[2022-03-13 14:04:50] [0001.522] I> 23) Base:0xf0100000 Size:0x00010000
[2022-03-13 14:04:50] [0001.526] I> 24) Base:0x00000000 Size:0x00000000
[2022-03-13 14:04:50] [0001.531] I> 25) Base:0x00000000 Size:0x00000000
[2022-03-13 14:04:50] [0001.535] I> 26) Base:0x00000000 Size:0x00000000
[2022-03-13 14:04:50] [0001.539] I> 27) Base:0x00000000 Size:0x00000000
[2022-03-13 14:04:50] [0001.544] I> 28) Base:0x84400000 Size:0x00400000
[2022-03-13 14:04:50] [0001.548] I> 29) Base:0x30000000 Size:0x00010000
[2022-03-13 14:04:50] [0001.553] I> 30) Base:0x278000000 Size:0x08000000
[2022-03-13 14:04:50] [0001.557] I> 31) Base:0x00000000 Size:0x00000000
[2022-03-13 14:04:50] [0001.562] I> 32) Base:0x276000000 Size:0x00600000
[2022-03-13 14:04:50] [0001.566] I> 33) Base:0x80000000 Size:0x70000000
[2022-03-13 14:04:50] [0001.571] I> 34) Base:0xf0110000 Size:0x1856f0000
[2022-03-13 14:04:50] [0001.575] I> 35) Base:0x00000000 Size:0x00000000
[2022-03-13 14:04:50] [0001.580] I> 36) Base:0x00000000 Size:0x00000000
[2022-03-13 14:04:50] [0001.584] I> 37) Base:0x2772e0000 Size:0x00020000
[2022-03-13 14:04:50] [0001.588] I> 38) Base:0x84000000 Size:0x00400000
[2022-03-13 14:04:50] [0001.593] I> 39) Base:0x96000000 Size:0x02000000
[2022-03-13 14:04:50] [0001.597] I> 40) Base:0x85000000 Size:0x01200000
[2022-03-13 14:04:50] [0001.602] I> 41) Base:0x275800000 Size:0x00500000
[2022-03-13 14:04:50] [0001.606] I> 42) Base:0x00000000 Size:0x00000000
[2022-03-13 14:04:50] [0001.611] I> 43) Base:0x00000000 Size:0x00000000
[2022-03-13 14:04:50] [0001.615] GIC-SPI Target CPU: 4
[2022-03-13 14:04:50] [0001.618] Interrupts Init done
[2022-03-13 14:04:50] [0001.622] calling constructors
[2022-03-13 14:04:50] [0001.625] initializing heap
[2022-03-13 14:04:50] [0001.627] initializing threads
[2022-03-13 14:04:50] [0001.631] initializing timers
[2022-03-13 14:04:50] [0001.634] creating bootstrap completion thread
[2022-03-13 14:04:50] [0001.639] top of bootstrap2()
[2022-03-13 14:04:51] [0001.642] CPU: ARM Cortex A57
[2022-03-13 14:04:51] [0001.645] CPU: MIDR: 0x411FD073, MPIDR: 0x80000100
[2022-03-13 14:04:51] [0001.650] initializing platform
[2022-03-13 14:04:51] [0001.653] I> Bl_dtb @0x85205400
[2022-03-13 14:04:51] [0001.656] I> gpio framework initialized
[2022-03-13 14:04:51] [0001.663] I> tegrabl_gpio_driver_register: register 'nvidia,tegra186-gpio' driver
[2022-03-13 14:04:51] [0001.673] I> tegrabl_gpio_driver_register: register 'nvidia,tegra186-gpio-aon' driver
[2022-03-13 14:04:51] [0001.680] I> GPIO framework and drivers are initialized.
[2022-03-13 14:04:51] [0001.685] I> Boot-device: eMMC
[2022-03-13 14:04:51] [0001.693] I> sdmmc bdev is already initialized
[2022-03-13 14:04:51] [0001.723] I> Found 19 partitions in SDMMC_BOOT (instance 3)
[2022-03-13 14:04:51] [0001.741] I> Found 33 partitions in SDMMC_USER (instance 3)
[2022-03-13 14:04:51] [0001.746] W> opt-in fuse is not set, skip fuse_burning
[2022-03-13 14:04:51] [0001.751] I> Reserved memory at 0xfbe00000 for U-Boot relocation
[2022-03-13 14:04:51] [0001.757] W> No valid slot number is found in scratch register
[2022-03-13 14:04:51] [0001.763] W> Return default slot: _a
[2022-03-13 14:04:51] [0001.772] I> A/B: bin_type (21) slot 0
[2022-03-13 14:04:51] [0001.776] I> Loading kernel-dtb from partition
[2022-03-13 14:04:51] [0001.780] I> Loading partition kernel-dtb at 0x80000000 from device(0x1)
[2022-03-13 14:04:51] [0001.798] I> Kernel_dtb @0x80000000
[2022-03-13 14:04:51] [0001.801] I> tegrabl_tca9539_init: i2c bus: 0, slave addr: 0xee
[2022-03-13 14:04:51] [0001.812] I> tegrabl_gpio_driver_register: register 'tca9539_gpio_driver' driver
[2022-03-13 14:04:51] [0001.819] I> tegrabl_tca9539_init: i2c bus: 0, slave addr: 0xe8
[2022-03-13 14:04:51] [0001.828] I> tegrabl_gpio_driver_register: register 'tca9539_gpio_driver' driver
[2022-03-13 14:04:51] [0001.838] I> fixed regulator driver initialized
[2022-03-13 14:04:51] [0001.871] I> register 'maxim' power off handle
[2022-03-13 14:04:51] [0001.878] I> virtual i2c enabled
[2022-03-13 14:04:51] [0001.881] I> registered 'maxim,max77620' pmic
[2022-03-13 14:04:51] [0001.885] I> tegrabl_gpio_driver_register: register 'max77620-gpio' driver
[2022-03-13 14:04:51] [0001.899] E> failed to read label property for node 324936: 13
[2022-03-13 14:04:51] [0001.907] E> failed to read reg property for node 325032: 13
[2022-03-13 14:04:51] [0001.916] E> failed to read reg property for node 325084: 13
[2022-03-13 14:04:51] [0001.924] E> failed to read label property for node 325168: 13
[2022-03-13 14:04:51] [0001.932] E> failed to read label property for node 325236: 13
[2022-03-13 14:04:51] [0001.941] E> failed to read reg property for node 325304: 13
[2022-03-13 14:04:51] [0001.949] E> failed to read reg property for node 325376: 13
[2022-03-13 14:04:51] [0001.959] I> Find /i2c@c250000's alias i2c7
[2022-03-13 14:04:51] [0001.963] I> Reading eeprom i2c=7 address=0x50
[2022-03-13 14:04:51] [0001.993] I> Device at /i2c@c250000:0x50
[2022-03-13 14:04:51] [0001.996] I> Reading eeprom i2c=7 address=0x57
[2022-03-13 14:04:51] [0002.025] I> Device at /i2c@c250000:0x57
[2022-03-13 14:04:51] [0002.029] I> Find /i2c@c240000's alias i2c1
[2022-03-13 14:04:51] [0002.033] I> Reading eeprom i2c=1 address=0x51
[2022-03-13 14:04:51] [0002.039] E> I2C: slave not found in slaves.
[2022-03-13 14:04:51] [0002.043] E> I2C: Could not write 0 bytes to slave: 0x00a2 with repeat start true.
[2022-03-13 14:04:51] [0002.050] E> I2C_DEV: Failed to send register address 0x00000000.
[2022-03-13 14:04:51] [0002.056] E> I2C_DEV: Could not read 256 registers of size 1 from slave 0xa2 at 0x00000000 via instance 1.
[2022-03-13 14:04:51] [0002.066] E> eeprom: Retry to read I2C slave device.
[2022-03-13 14:04:51] [0002.071] E> I2C: slave not found in slaves.
[2022-03-13 14:04:51] [0002.075] E> I2C: Could not write 0 bytes to slave: 0x00a2 with repeat start true.
[2022-03-13 14:04:51] [0002.082] E> I2C_DEV: Failed to send register address 0x00000000.
[2022-03-13 14:04:51] [0002.088] E> I2C_DEV: Could not read 256 registers of size 1 from slave 0xa2 at 0x00000000 via instance 1.
[2022-03-13 14:04:51] [0002.098] E> eeprom: Failed to read I2C slave device
[2022-03-13 14:04:51] [0002.103] I> Eeprom read failed 0x3526070d
[2022-03-13 14:04:51] [0002.107] I> Find /i2c@3160000's alias i2c0
[2022-03-13 14:04:51] [0002.111] I> Reading eeprom i2c=0 address=0x50
[2022-03-13 14:04:51] [0002.116] E> I2C: slave not found in slaves.
[2022-03-13 14:04:51] [0002.120] E> I2C: Could not write 0 bytes to slave: 0x00a0 with repeat start true.
[2022-03-13 14:04:51] [0002.127] E> I2C_DEV: Failed to send register address 0x00000000.
[2022-03-13 14:04:51] [0002.133] E> I2C_DEV: Could not read 256 registers of size 1 from slave 0xa0 at 0x00000000 via instance 0.
[2022-03-13 14:04:51] [0002.143] E> eeprom: Failed to read I2C slave device
[2022-03-13 14:04:51] [0002.147] I> Eeprom read failed 0x3526070d
[2022-03-13 14:04:51] [0002.152] I> Find /i2c@3180000's alias i2c2
[2022-03-13 14:04:51] [0002.156] I> Reading eeprom i2c=2 address=0x54
[2022-03-13 14:04:51] [0002.161] I> Enabling gpio chip_id = 2, gpio pin = 9
[2022-03-13 14:04:51] [0002.191] I> Disabling gpio chip_id = 2, gpio pin = 9
[2022-03-13 14:04:51] [0002.196] I> Device at /i2c@3180000:0x54
[2022-03-13 14:04:51] [0002.200] I> Reading eeprom i2c=2 address=0x57
[2022-03-13 14:04:51] [0002.204] I> Enabling gpio chip_id = 2, gpio pin = 9
[2022-03-13 14:04:51] [0002.210] E> I2C: slave not found in slaves.
[2022-03-13 14:04:51] [0002.214] E> I2C: Could not write 0 bytes to slave: 0x00ae with repeat start true.
[2022-03-13 14:04:51] [0002.222] E> I2C_DEV: Failed to send register address 0x00000000.
[2022-03-13 14:04:51] [0002.228] E> I2C_DEV: Could not read 256 registers of size 1 from slave 0xae at 0x00000000 via instance 2.
[2022-03-13 14:04:51] [0002.237] E> eeprom: Failed to read I2C slave device
[2022-03-13 14:04:51] [0002.242] I> Disabling gpio chip_id = 2, gpio pin = 9
[2022-03-13 14:04:51] [0002.247] I> Eeprom read failed 0x00000000
[2022-03-13 14:04:51] [0002.251] I> create_pm_ids: id: 3310-1000-D00-L, len: 15
[2022-03-13 14:04:51] [0002.256] I> config: mem-type:00,power-config:00,misc-config:00,modem-config:00,touch-config:00,display-config:00,, len: 93
[2022-03-13 14:04:51] [0002.267] I> create_pm_ids: id: 2597-0000-900-E, len: 15
[2022-03-13 14:04:51] [0002.272] I> config: mem-type:00,power-config:00,misc-config:00,modem-config:00,touch-config:00,display-config:00,, len: 93
[2022-03-13 14:04:51] [0002.283] I> create_pm_ids: id: 3326-1000-000-M, len: 15
[2022-03-13 14:04:51] [0002.288] I> config: mem-type:ff,power-config:ff,misc-config:ff,modem-config:ff,touch-config:ff,display-config:ff,, len: 93
[2022-03-13 14:04:51] [0002.323] I> enabling 'vdd-hdmi' regulator
[2022-03-13 14:04:51] [0002.339] I> regulator 'vdd-hdmi' already enabled
[2022-03-13 14:04:51] [0002.343] E> tegrabl_display_init_regulator: hdmi cable is not connected
[2022-03-13 14:04:51] [0002.350] E> tegrabl_display_get_pdata, failed to parse dtb settings
[2022-03-13 14:04:51] [0002.359] E> cannot find any other nvdisp nodes
[2022-03-13 14:04:51] [0002.363] E> no valid display unit config found in dtb
[2022-03-13 14:04:51] [0002.369] W> display init failed
[2022-03-13 14:04:51] [0002.372] initializing target
[2022-03-13 14:04:51] [0002.375] calling apps_init()
[2022-03-13 14:04:51] [0002.378] starting app kernel_boot_app
[2022-03-13 14:04:51] [0002.400] I> found decompressor handler: lz4-legacy
[2022-03-13 14:04:51] [0002.405] I> decompressing BMP blob ...
[2022-03-13 14:04:51] [0002.417] I> Kernel type = Normal
[2022-03-13 14:04:51] [0002.420] I> ########## Fixed storage boot ##########
[2022-03-13 14:04:51] [0002.425] I> Loading kernel-bootctrl from partition
[2022-03-13 14:04:51] [0002.430] I> Loading partition kernel-bootctrl at 0xa8000000 from device(0x1)
[2022-03-13 14:04:51] [0002.444] W> tegrabl_get_kernel_bootctrl: magic number(0x00000000) is invalid
[2022-03-13 14:04:51] [0002.451] W> tegrabl_get_kernel_bootctrl: use default dummy boot control data
[2022-03-13 14:04:51] [0002.458] W> No valid slot number is found in scratch register
[2022-03-13 14:04:51] [0002.464] W> Return default slot: _a
[2022-03-13 14:04:51] [0002.467] I> A/B: bin_type (24) slot 0
[2022-03-13 14:04:51] [0002.483] I> Boot image size read from image header: 9913d
[2022-03-13 14:04:51] [0002.488] I> Boot image load address: 0x80400000
[2022-03-13 14:04:51] [0002.492] I> Loading kernel from partition
[2022-03-13 14:04:51] [0002.496] I> Loading partition kernel at 0x80400000 from device(0x1)
[2022-03-13 14:04:52] [0003.439] I> Validate kernel ...
[2022-03-13 14:04:52] [0003.442] I> T18x: Authenticate kernel (bin_type 24), max size 0x4000000
[2022-03-13 14:04:52] [0003.450] I> Decrypt the buffer ... [0003.453] W> tegrabl_decrypt_block: fuse (0x0) is not burnt to do encryption (0x4); skip decryption.
[2022-03-13 14:04:52] [0003.462] I> done
[2022-03-13 14:04:52] [0003.464] I> Checking boot.img header magic ... [0003.468] I> [OK]
[2022-03-13 14:04:52] [0003.470] I> kernel-dtb is already loaded
[2022-03-13 14:04:52] [0003.474] I> Validate kernel-dtb ...
[2022-03-13 14:04:52] [0003.477] I> T18x: Authenticate kernel-dtb (bin_type 21), max size 0x100000
[2022-03-13 14:04:52] [0003.485] I> Decrypt the buffer ... [0003.488] W> tegrabl_decrypt_block: fuse (0x0) is not burnt to do encryption (0x4); skip decryption.
[2022-03-13 14:04:52] [0003.497] I> done
[2022-03-13 14:04:52] [0003.499] I> Kernel hdr @0x80400000
[2022-03-13 14:04:52] [0003.502] I> Kernel dtb @0x80000000
[2022-03-13 14:04:52] [0003.505] I> decompressor handler not found
[2022-03-13 14:04:52] [0003.509] I> Copying kernel image (627005 bytes) from 0x80400800 to 0x80600000 ... [0003.517] I> Done
[2022-03-13 14:04:52] [0003.519] I> Move ramdisk (len: 0) from 0x8049a000 to 0x947d0000
[2022-03-13 14:04:52] [0003.526] I> Updated bpmp info to DTB
[2022-03-13 14:04:52] [0003.532] I> Ramdisk: Base: 0x947d0000; Size: 0x0
[2022-03-13 14:04:52] [0003.537] I> Updated initrd info to DTB
[2022-03-13 14:04:52] [0003.540] W> WARN: Fail to override "console=none" in commandline
[2022-03-13 14:04:52] [0003.546] I> Active rootfs suffix: 
[2022-03-13 14:04:52] [0003.550] E> tegrabl_linuxboot_add_disp_param, du 0 failed to get display params
[2022-03-13 14:04:52] [0003.557] E> tegrabl_linuxboot_add_disp_param, du 0 failed to get display params
[2022-03-13 14:04:52] [0003.564] E> tegrabl_linuxboot_add_disp_param, du 0 failed to get display params
[2022-03-13 14:04:52] [0003.571] I> disabled_core_mask: 0xffffff0c
[2022-03-13 14:04:52] [0003.575] W> No valid slot number is found in scratch register
[2022-03-13 14:04:52] [0003.581] W> Return default slot: _a
[2022-03-13 14:04:52] [0003.584] I> Active slot suffix: 
[2022-03-13 14:04:52] [0003.588] I> add_boot_slot_suffix: slot_suffix = 
[2022-03-13 14:04:52] [0003.592] I> Linux Cmdline: console=ttyS0,115200 androidboot.presilicon=true firmware_class.path=/etc/firmware root=/dev/mmcblk0p1 rw rootwait rootfstype=ext4 console=ttyS0,115200n8 console=tty0 fbcon=map:0 net.ifnames=0 isolcpus=1-2  video=tegrafb earlycon=uart8250,mmio32,0x3100000 nvdumper_reserved=0x2772e0000 gpt rootfs.slot_suffix= usbcore.old_scheme_first=1 tegraid=18.1.2.0.0 maxcpus=6 no_console_suspend boot.slot_suffix= boot.ratchetvalues=0.2031647.1 vpr_resize bl_prof_dataptr=0x10000@0x275840000 sdhci_tegra.en_boot_part_access=1 
[2022-03-13 14:04:52] [0003.640] I> Updated bootarg info to DTB
[2022-03-13 14:04:53] [0003.643] I> eeprom_get_mac_addr: MAC (type: 0): 48:b0:2d:0f:11:c5
[2022-03-13 14:04:53] [0003.650] I> eeprom_get_mac_addr: MAC (type: 1): 48:b0:2d:0f:11:c6
[2022-03-13 14:04:53] [0003.656] I> eeprom_get_mac_addr: MAC (type: 2): 48:b0:2d:0f:11:c7
[2022-03-13 14:04:53] [0003.662] E> Found no plugin manager ids in source DT
[2022-03-13 14:04:53] [0003.667] W> Add plugin manager ids from board info
[2022-03-13 14:04:53] [0003.672] W> "plugin-manager" doesn't exist, creating
[2022-03-13 14:04:53] [0003.676] W> "ids" doesn't exist, creating
[2022-03-13 14:04:53] [0003.681] W> "connection" doesn't exist, creating
[2022-03-13 14:04:53] [0003.685] W> "configs" doesn't exist, creating
[2022-03-13 14:04:53] [0003.689] I> create_pm_ids: id: 3310-1000-D00-L, len: 15
[2022-03-13 14:04:53] [0003.695] I> config: mem-type:00,power-config:00,misc-config:00,modem-config:00,touch-config:00,display-config:00,, len: 93
[2022-03-13 14:04:53] [0003.706] I> create_pm_ids: id: 2597-0000-900-E, len: 15
[2022-03-13 14:04:53] [0003.711] I> config: mem-type:00,power-config:00,misc-config:00,modem-config:00,touch-config:00,display-config:00,, len: 93
[2022-03-13 14:04:53] [0003.722] I> create_pm_ids: id: 3326-1000-000-M, len: 15
[2022-03-13 14:04:53] [0003.727] I> config: mem-type:ff,power-config:ff,misc-config:ff,modem-config:ff,touch-config:ff,display-config:ff,, len: 93
[2022-03-13 14:04:53] [0003.738] I> Adding plugin-manager/ids/3310-1000-D00=/i2c@c250000:module@0x50
[2022-03-13 14:04:53] [0003.745] W> "i2c@c250000" doesn't exist, creating
[2022-03-13 14:04:53] [0003.750] W> "module@0x50" doesn't exist, creating
[2022-03-13 14:04:53] [0003.755] I> Adding plugin-manager/ids/2597-0000-900=/i2c@c250000:module@0x57
[2022-03-13 14:04:53] [0003.762] W> "module@0x57" doesn't exist, creating
[2022-03-13 14:04:53] [0003.767] I> Adding plugin-manager/ids/3326-1000-000=/i2c@3180000:module@0x54
[2022-03-13 14:04:53] [0003.774] W> "i2c@3180000" doesn't exist, creating
[2022-03-13 14:04:53] [0003.779] W> "module@0x54" doesn't exist, creating
[2022-03-13 14:04:53] [0003.786] I> Adding plugin-manager/ids/3310-1000-D00-L
[2022-03-13 14:04:53] [0003.793] I> Adding plugin-manager/configs/3310-mem-type 00
[2022-03-13 14:04:53] [0003.798] I> Adding plugin-manager/configs/3310-power-config 00
[2022-03-13 14:04:53] [0003.804] I> Adding plugin-manager/configs/3310-misc-config 00
[2022-03-13 14:04:53] [0003.810] I> Adding plugin-manager/configs/3310-modem-config 00
[2022-03-13 14:04:53] [0003.816] I> Adding plugin-manager/configs/3310-touch-config 00
[2022-03-13 14:04:53] [0003.822] I> Adding plugin-manager/configs/3310-display-config 00
[2022-03-13 14:04:53] [0003.828] I> Adding plugin-manager/cvm
[2022-03-13 14:04:53] [0003.832] W> "chip-id" doesn't exist, creating
[2022-03-13 14:04:53] [0003.836] I> Adding plugin-manager/chip-id/A02P
[2022-03-13 14:04:53] [0003.841] W> "odm-data" doesn't exist, creating
[2022-03-13 14:04:53] [0003.845] I> Adding /chosen/plugin-manager/odm-data
[2022-03-13 14:04:53] [0003.855] I> added [base:0x80000000, size:0x70000000] to /memory
[2022-03-13 14:04:53] [0003.861] I> added [base:0xf0200000, size:0x185600000] to /memory
[2022-03-13 14:04:53] [0003.867] I> added [base:0x275e00000, size:0x200000] to /memory
[2022-03-13 14:04:53] [0003.873] I> added [base:0x276600000, size:0x200000] to /memory
[2022-03-13 14:04:53] [0003.879] I> added [base:0x277000000, size:0x200000] to /memory
[2022-03-13 14:04:53] [0003.884] I> Updated memory info to DTB
[2022-03-13 14:04:53] [0003.889] E> add_disp_param: failed to get display params for du=0
[2022-03-13 14:04:53] [0003.897] W> "reset" doesn't exist, creating
[2022-03-13 14:04:53] [0003.901] W> "pmc-reset-reason" doesn't exist, creating
[2022-03-13 14:04:53] [0003.906] W> "pmic-reset-reason" doesn't exist, creating
[2022-03-13 14:04:53] [0003.913] I> Adding ecid(00000001646db7851000000013038200) to DT
[2022-03-13 14:04:53] [0003.919] I> disabled_core_mask: 0xffffff0c
[2022-03-13 14:04:53] [0003.931] I> Add serial number:1422420022173 as DT property
[2022-03-13 14:04:53] [0003.940] I> Plugin-manager override starting
[2022-03-13 14:04:53] [0003.946] I> node /plugin-manager/fragement@0 matches
[2022-03-13 14:04:53] [0003.956] I> node /plugin-manager/fragement@4 matches
[2022-03-13 14:04:53] [0003.969] I> node /plugin-manager/fragment-sdwake-p3310-1000-300 matches
[2022-03-13 14:04:53] [0003.989] I> node /plugin-manager/fragement-pmon-p3310-1000-300 matches
[2022-03-13 14:04:53] [0003.999] I> node /plugin-manager/fragement-pmon-p3310-1000-800 matches
[2022-03-13 14:04:53] [0004.008] I> node /plugin-manager/fragment-devslp@0 matches
[2022-03-13 14:04:53] [0004.020] I> node /plugin-manager/fragment-500-pcie-config matches
[2022-03-13 14:04:53] [0004.035] I> node /plugin-manager/fragment-500-xusb-config matches
[2022-03-13 14:04:53] [0004.058] I> node /plugin-manager/fragment-p3310-c00-comm matches
[2022-03-13 14:04:53] [0004.072] I> node /plugin-manager/fragment-p3310-c00-pmic matches
[2022-03-13 14:04:53] [0004.082] I> node /plugin-manager/fragment-p3310-c01 matches
[2022-03-13 14:04:53] [0004.095] I> node /plugin-manager/fragment-p3310-c03 matches
[2022-03-13 14:04:53] [0004.139] I> node /plugin-manager/fragment-e3326@0 matches
[2022-03-13 14:04:53] [0004.221] I> node /plugin-manager/fragment-p3310-c00-camera matches
[2022-03-13 14:04:53] [0004.248] I> Disable plugin-manager status in FDT
[2022-03-13 14:04:53] [0004.253] I> Plugin-manager override finished successfully
[2022-03-13 14:04:53] [0004.258] I> tegrabl_load_kernel_and_dtb: Done
[2022-03-13 14:04:53] [0004.262] E> tegrabl_display_clear: display is not initialized
[2022-03-13 14:04:53] [0004.268] W> Boot logo display failed...
[2022-03-13 14:04:53] [0004.272] I> Kernel EP: 0x80600000, DTB: 0x80000000
[2022-03-13 14:04:53] 
[2022-03-13 14:04:53] 
[2022-03-13 14:04:53] U-Boot 2020.04-g46e4604c78 (Jul 26 2021 - 12:10:58 -0700)
[2022-03-13 14:04:53] 
[2022-03-13 14:04:53] SoC: tegra186
[2022-03-13 14:04:53] Model: NVIDIA P2771-0000-500
[2022-03-13 14:04:53] Board: NVIDIA P2771-0000
[2022-03-13 14:04:53] DRAM:  7.8 GiB
[2022-03-13 14:04:53] MMC:   sdhci@3400000: 1, sdhci@3460000: 0
[2022-03-13 14:04:53] Loading Environment from MMC... *** Warning - bad CRC, using default environment
[2022-03-13 14:04:53] 
[2022-03-13 14:04:53] In:    serial
[2022-03-13 14:04:53] Out:   serial
[2022-03-13 14:04:53] Err:   serial
[2022-03-13 14:04:53] Net:   
[2022-03-13 14:04:53] Warning: ethernet@2490000 using MAC address from ROM
[2022-03-13 14:04:53] eth0: ethernet@2490000
[2022-03-13 14:04:53] Hit any key to stop autoboot:  2  1  0 
[2022-03-13 14:04:55] MMC: no card present
[2022-03-13 14:04:55] switch to partitions #0, OK
[2022-03-13 14:04:55] mmc0(part 0) is current device
[2022-03-13 14:04:56] Scanning mmc 0:1...
[2022-03-13 14:04:56] Found /boot/extlinux/extlinux.conf
[2022-03-13 14:04:56] Retrieving file: /boot/extlinux/extlinux.conf
[2022-03-13 14:04:56] 858 bytes read in 22 ms (38.1 KiB/s)
[2022-03-13 14:04:56] 1:	primary kernel
[2022-03-13 14:04:56] Retrieving file: /boot/initrd
[2022-03-13 14:04:56] 7238344 bytes read in 201 ms (34.3 MiB/s)
[2022-03-13 14:04:56] Retrieving file: /boot/Image
[2022-03-13 14:04:57] 34484232 bytes read in 829 ms (39.7 MiB/s)
[2022-03-13 14:04:57] append: console=ttyS0,115200 androidboot.presilicon=true firmware_class.path=/etc/firmware root=/dev/mmcblk0p1 rw rootwait rootfstype=ext4 console=ttyS0,115200n8 console=tty0 fbcon=map:0 net.ifnames=0 isolcpus=1-2  video=tegrafb earlycon=uart8250,mmio32,0x3100000 nvdumper_reserved=0x2772e0000 gpt rootfs.slot_suffix= usbcore.old_scheme_first=1 tegraid=18.1.2.0.0 maxcpus=6 no_console_suspend boot.slot_suffix= boot.ratchetvalues=0.2031647.1 vpr_resize bl_prof_dataptr=0x10000@0x275840000 sdhci_tegra.en_boot_part_access=1 quiet root=/dev/mmcblk0p1 rw rootwait rootfstype=ext4 console=ttyS0,115200n8 console=tty0 fbcon=map:0 net.ifnames=0 isolcpus=1-2 
[2022-03-13 14:04:57] ## Flattened Device Tree blob at 80000000
[2022-03-13 14:04:57]    Booting using the fdt blob at 0x80000000
[2022-03-13 14:04:57] ERROR: reserving fdt memory region failed (addr=0 size=0)
[2022-03-13 14:04:57] ERROR: reserving fdt memory region failed (addr=0 size=0)
[2022-03-13 14:04:57] ERROR: reserving fdt memory region failed (addr=0 size=0)
[2022-03-13 14:04:57]    Using Device Tree in place at 0000000080000000, end 0000000080060aa3
[2022-03-13 14:04:57] copying carveout for /host1x@13e00000/display-hub@15200000/display@15200000...
[2022-03-13 14:04:57] copying carveout for /host1x@13e00000/display-hub@15200000/display@15210000...
[2022-03-13 14:04:57] copying carveout for /host1x@13e00000/display-hub@15200000/display@15220000...
[2022-03-13 14:04:57] 
[2022-03-13 14:04:57] Starting kernel ...
[2022-03-13 14:04:57] 
[2022-03-13 14:04:57] [    0.000000] Booting Linux on physical CPU 0x100
[2022-03-13 14:04:57] [    0.000000] Linux version 4.9.253-tegra (buildbrain@mobile-u64-5497-d3000) (gcc version 7.3.1 20180425 [linaro-7.3-2018.05 revision d29120a424ecfbc167ef90065c0eeb7f91977701] (Linaro GCC 7.3-2018.05) ) #1 SMP PREEMPT Mon Jul 26 12:19:28 PDT 2021
[2022-03-13 14:04:57] [    0.000000] Boot CPU: AArch64 Processor [411fd073]
[2022-03-13 14:04:57] [    0.000000] OF: fdt:memory scan node memory@80000000, reg size 80,
[2022-03-13 14:04:57] [    0.000000] OF: fdt: - 80000000 ,  70000000
[2022-03-13 14:04:57] [    0.000000] OF: fdt: - f0200000 ,  185600000
[2022-03-13 14:04:57] [    0.000000] OF: fdt: - 275e00000 ,  200000
[2022-03-13 14:04:57] [    0.000000] OF: fdt: - 276600000 ,  200000
[2022-03-13 14:04:57] [    0.000000] OF: fdt: - 277000000 ,  200000
[2022-03-13 14:04:57] [    0.000000] earlycon: uart8250 at MMIO32 0x0000000003100000 (options '')
[2022-03-13 14:04:57] [    0.000000] bootconsole [uart8250] enabled
[2022-03-13 14:04:59] [    1.872511] cgroup: cgroup2: unknown option "nsdelegate"
[2022-03-13 14:05:00] [    2.875220] using random self ethernet address
[2022-03-13 14:05:00] [    2.885966] using random host ethernet address
[2022-03-13 14:05:01] [    2.959014] FAT-fs (loop0): Volume was not properly unmounted. Some data may be corrupt. Please run fsck.
[2022-03-13 14:05:01] [    3.258815] random: crng init done
[2022-03-13 14:05:01] [    3.262222] random: 7 urandom warning(s) missed due to ratelimiting
[2022-03-13 14:05:01] [    3.361537] using random self ethernet address
[2022-03-13 14:05:01] [    3.373658] using random host ethernet address
[2022-03-13 14:05:01] [    3.929899] CPU1: shutdown
[2022-03-13 14:05:02] [    3.985770] CPU2: shutdown
[2022-03-13 14:05:02] [    4.787154] Bridge firewalling registered
[2022-03-13 14:05:06] 
[2022-03-13 14:05:06] Ubuntu 18.04.5 LTS JTX2-A ttyS0
[2022-03-13 14:05:06] 
[2022-03-13 14:05:06] JTX2-A login: [   27.533797] nvgpu: 17000000.gp10b                     gp10b_ltc_isr:298  [ERR]  mc_ltc_intr: 00000002
[2022-03-13 14:05:25] [   27.543115] nvgpu: 17000000.gp10b                 gp10b_ltc_lts_isr:252  [ERR]  Single bit error detected in GPU L2!
[2022-03-13 14:05:25] [   27.553768] nvgpu: 17000000.gp10b                 gp10b_ltc_lts_isr:286  [ERR]  ltc1, slice 0: bb4f0110
[2022-03-13 14:05:50] [   52.596367] CPU5: SError detected, daif=1c0, spsr=0x800000c5, mpidr=80000103, esr=bf40c000
[2022-03-13 14:05:50] [   52.596383] CPU0: SError detected, daif=1c0, spsr=0x800000c5, mpidr=80000100, esr=bf40c000
[2022-03-13 14:05:50] [   52.596397] CPU4: SError detected, daif=1c0, spsr=0x800000c5, mpidr=80000102, esr=bf40c000
[2022-03-13 14:05:50] [   52.596412] CPU3: SError detected, daif=1c0, spsr=0x80000000, mpidr=80000101, esr=bf40c000
[2022-03-13 14:05:50] [   52.596416] **************************************
[2022-03-13 14:05:50] [   52.596433] A57 CPU Memory Error on CPU 0 (A57 Core 0)
[2022-03-13 14:05:50] [   52.596439] 	ESR:               0xbf40c000
[2022-03-13 14:05:50] [   52.596448] 	CPUMERRSR: 0x810815f8
[2022-03-13 14:05:50] [   52.596455] 	Instruction L1 Data RAM: 0x1
[2022-03-13 14:05:50] [   52.596462] 	Bank/Way of Error:  0x2
[2022-03-13 14:05:50] [   52.596468] 	Index of Error:     0x15f8
[2022-03-13 14:05:50] [   52.596473] 	Repeat Error Count: 0
[2022-03-13 14:05:50] [   52.596477] 	Other Error Count:  0
[2022-03-13 14:05:50] [   52.596482] 	L2MERRSR: 0x200911d0dd0
[2022-03-13 14:05:50] [   52.596489] 	L2 Data RAM: 0x11
[2022-03-13 14:05:50] [   52.596494] 	CPU ID of Error:    3
[2022-03-13 14:05:50] [   52.596499] 	WAY of Error:       1
[2022-03-13 14:05:50] [   52.596503] 	Index of Error:     69072
[2022-03-13 14:05:50] [   52.596508] 	Repeat Error Count: 0
[2022-03-13 14:05:50] [   52.596512] 	Other Error Count:  2
[2022-03-13 14:05:50] [   52.596516] **************************************
[2022-03-13 14:05:53] ERROR:   ARI request timed out: req 91 on CPU 4
[2022-03-13 14:05:53] ASSERT: plat/nvidia/tegra/soc/t186/drivers/mce/ari.c <127> : retries != 0U
[2022-03-13 14:06:04] [0000.295] I> Welcome to MB2(TBoot-BPMP)(version: 01.00.160913-t186-M-00.00-mobile-c368a720)
[2022-03-13 14:06:04] [0000.304] I> Boot-device: eMMC
[2022-03-13 14:06:04] [0000.311] I> sdmmc bdev is already initialized
[2022-03-13 14:06:04] [0000.316] I> pmic: reset reason (nverc)	: 0x80
[2022-03-13 14:06:04] [0000.349] I> Found 19 partitions in SDMMC_BOOT (instance 3)
[2022-03-13 14:06:04] [0000.369] I> Found 33 partitions in SDMMC_USER (instance 3)
[2022-03-13 14:06:04] [0000.375] W> No valid slot number is found in scratch register
[2022-03-13 14:06:04] [0000.380] W> Return default slot: _a
[2022-03-13 14:06:04] [0000.384] I> A/B: bin_type (16) slot 0
[2022-03-13 14:06:04] [0000.387] I> Loading partition bpmp-fw at 0xd7800000
[2022-03-13 14:06:04] [0000.392] I> Reading two headers - addr:0xd7800000 blocks:1
[2022-03-13 14:06:04] [0000.398] I> Addr: 0xd7800000, start-block: 58777608, num_blocks: 1
[2022-03-13 14:06:04] [0000.422] I> Binary(16) of size 534416 is loaded @ 0xd7800000
[2022-03-13 14:06:04] [0000.428] W> No valid slot number is found in scratch register
[2022-03-13 14:06:04] [0000.434] W> Return default slot: _a
[2022-03-13 14:06:04] [0000.437] I> A/B: bin_type (17) slot 0
[2022-03-13 14:06:04] [0000.441] I> Loading partition bpmp-fw-dtb at 0xd79f0000
[2022-03-13 14:06:04] [0000.446] I> Reading two headers - addr:0xd79f0000 blocks:1
[2022-03-13 14:06:04] [0000.451] I> Addr: 0xd79f0000, start-block: 58780024, num_blocks: 1
[2022-03-13 14:06:04] [0000.477] I> Binary(17) of size 604720 is loaded @ 0xd796c400
[2022-03-13 14:06:04] [0000.707] I> Loading SCE-FW ...
[2022-03-13 14:06:04] [0000.710] W> No valid slot number is found in scratch register
[2022-03-13 14:06:04] [0000.716] W> Return default slot: _a
[2022-03-13 14:06:04] [0000.719] I> A/B: bin_type (12) slot 0
[2022-03-13 14:06:04] [0000.723] I> Loading partition sce-fw at 0xd7300000
[2022-03-13 14:06:04] [0000.728] I> Reading two headers - addr:0xd7300000 blocks:1
[2022-03-13 14:06:04] [0000.733] I> Addr: 0xd7300000, start-block: 58784120, num_blocks: 1
[2022-03-13 14:06:04] [0000.752] I> Binary(12) of size 125632 is loaded @ 0xd7300000
[2022-03-13 14:06:04] [0000.758] I> Init SCE
[2022-03-13 14:06:04] [0000.760] I> Loading APE-FW ...
[2022-03-13 14:06:04] [0000.763] W> No valid slot number is found in scratch register
[2022-03-13 14:06:04] [0000.769] W> Return default slot: _a
[2022-03-13 14:06:04] [0000.772] I> A/B: bin_type (11) slot 0
[2022-03-13 14:06:04] [0000.776] I> Loading partition adsp-fw at 0xd7400000
[2022-03-13 14:06:04] [0000.781] I> Reading two headers - addr:0xd7400000 blocks:1
[2022-03-13 14:06:04] [0000.786] I> Addr: 0xd7400000, start-block: 58761224, num_blocks: 1
[2022-03-13 14:06:04] [0000.805] I> Binary(11) of size 77216 is loaded @ 0xd7400000
[2022-03-13 14:06:04] [0000.811] I> Copy BTCM section
[2022-03-13 14:06:04] [0000.814] W> No valid slot number is found in scratch register
[2022-03-13 14:06:04] [0000.820] W> Return default slot: _a
[2022-03-13 14:06:04] [0000.823] I> A/B: bin_type (13) slot 0
[2022-03-13 14:06:04] [0000.827] I> Loading partition cpu-bootloader at 0x96000000
[2022-03-13 14:06:04] [0000.832] I> Reading two headers - addr:0x96000000 blocks:1
[2022-03-13 14:06:04] [0000.838] I> Addr: 0x96000000, start-block: 58740744, num_blocks: 1
[2022-03-13 14:06:04] [0000.859] I> Binary(13) of size 308800 is loaded @ 0x96000000
[2022-03-13 14:06:04] [0000.864] W> No valid slot number is found in scratch register
[2022-03-13 14:06:04] [0000.870] W> Return default slot: _a
[2022-03-13 14:06:04] [0000.873] I> A/B: bin_type (20) slot 0
[2022-03-13 14:06:04] [0000.877] I> Loading partition bootloader-dtb at 0x85205400
[2022-03-13 14:06:04] [0000.882] I> Reading two headers - addr:0x85205400 blocks:1
[2022-03-13 14:06:04] [0000.888] I> Addr: 0x85205400, start-block: 58742792, num_blocks: 1
[2022-03-13 14:06:04] [0000.910] I> Binary(20) of size 375568 is loaded @ 0x85205400
[2022-03-13 14:06:04] [0000.915] W> No valid slot number is found in scratch register
[2022-03-13 14:06:04] [0000.921] W> Return default slot: _a
[2022-03-13 14:06:04] [0000.925] I> A/B: bin_type (14) slot 0
[2022-03-13 14:06:04] [0000.928] I> Loading partition secure-os at 0x85305600
[2022-03-13 14:06:04] [0000.933] I> Reading two headers - addr:0x85305600 blocks:1
[2022-03-13 14:06:04] [0000.939] I> Addr: 0x85305600, start-block: 58744840, num_blocks: 1
[2022-03-13 14:06:04] [0000.961] I> Binary(14) of size 402864 is loaded @ 0x85305600
[2022-03-13 14:06:04] [0000.968] I> TOS boot-params @ 0x85000000
[2022-03-13 14:06:04] [0000.972] I> TOS params prepared
[2022-03-13 14:06:04] [0000.975] I> Loading EKS ...
[2022-03-13 14:06:04] [0000.978] I> A/B: bin_type (15) slot 0
[2022-03-13 14:06:04] [0000.982] I> Loading partition eks at 0x85905800
[2022-03-13 14:06:04] [0000.986] I> Reading two headers - addr:0x85905800 blocks:1
[2022-03-13 14:06:04] [0000.992] I> Addr: 0x85905800, start-block: 58757128, num_blocks: 1
[2022-03-13 14:06:04] [0001.010] I> Binary(15) of size 1040 is loaded @ 0x85905800
[2022-03-13 14:06:04] [0001.016] I> EKB detected (length: 0x400) @ 0x85905800
[2022-03-13 14:06:04] [0001.021] I> Copied encrypted keys
[2022-03-13 14:06:04] [0001.025] I> boot profiler @ 0x275844000
[2022-03-13 14:06:04] [0001.029] I> boot profiler for TOS @ 0x275844000
[2022-03-13 14:06:04] [0001.033] I> Unhalting SCE
[2022-03-13 14:06:04] [0001.036] I> Primary Memory Start:80000000 Size:70000000
[2022-03-13 14:06:04] [0001.041] I> Extended Memory Start:f0110000 Size:1856f0000
[2022-03-13 14:06:04] [0001.048] I> MB2(TBoot-BPMP) done
[2022-03-13 14:06:04] 
[2022-03-13 14:06:04] NOTICE:  BL31: v1.3(release):b5eeb33f7
[2022-03-13 14:06:04] NOTICE:  BL31: Built : 12:15:17, Jul 26 2021
[2022-03-13 14:06:04] ipc-unittest-main: 1519: Welcome to IPC unittest!!!
[2022-03-13 14:06:04] ipc-unittest-main: 1531: waiting forever
[2022-03-13 14:06:04] ipc-unittest-srv: 329: Init unittest services!!!
[2022-03-13 14:06:04] hwkey-agent: 41: hwkey-agent is running!!
[2022-03-13 14:06:05] hwkey-agent: 315: key_mgnt_processing .......
[2022-03-13 14:06:05] hwkey-agent: 223: Setting EKB key 0 to slot 14
[2022-03-13 14:06:05] hwkey-agent: 178: Init hweky-agent services!!
[2022-03-13 14:06:05] luks-srv: 40: luks-srv is running!!
[2022-03-13 14:06:05] luks-srv: 157: Init luks-srv IPC services!!
[2022-03-13 14:06:05] platform_bootstrap_epilog: trusty bootstrap complete
[2022-03-13 14:06:05] [0001.420] I> Welcome to Cboot
[2022-03-13 14:06:05] [0001.423] I> Cboot Version: t186-00029e71
[2022-03-13 14:06:05] [0001.427] I> CPU-BL Params @ 0x275800000
[2022-03-13 14:06:05] [0001.431] I>  0) Base:0x00000000 Size:0x00000000
[2022-03-13 14:06:05] [0001.435] I>  1) Base:0x277f00000 Size:0x00100000
[2022-03-13 14:06:05] [0001.440] I>  2) Base:0x277e00000 Size:0x00100000
[2022-03-13 14:06:05] [0001.444] I>  3) Base:0x277d00000 Size:0x00100000
[2022-03-13 14:06:05] [0001.449] I>  4) Base:0x277c00000 Size:0x00100000
[2022-03-13 14:06:05] [0001.453] I>  5) Base:0x277b00000 Size:0x00100000
[2022-03-13 14:06:05] [0001.458] I>  6) Base:0x277800000 Size:0x00200000
[2022-03-13 14:06:05] [0001.462] I>  7) Base:0x277400000 Size:0x00400000
[2022-03-13 14:06:05] [0001.467] I>  8) Base:0x277a00000 Size:0x00100000
[2022-03-13 14:06:05] [0001.471] I>  9) Base:0x277300000 Size:0x00100000
[2022-03-13 14:06:05] [0001.476] I> 10) Base:0x276800000 Size:0x00800000
[2022-03-13 14:06:05] [0001.480] I> 11) Base:0x30000000 Size:0x00040000
[2022-03-13 14:06:05] [0001.485] I> 12) Base:0xf0000000 Size:0x00100000
[2022-03-13 14:06:05] [0001.489] I> 13) Base:0x30040000 Size:0x00001000
[2022-03-13 14:06:05] [0001.494] I> 14) Base:0x30048000 Size:0x00001000
[2022-03-13 14:06:05] [0001.498] I> 15) Base:0x30049000 Size:0x00001000
[2022-03-13 14:06:05] [0001.503] I> 16) Base:0x3004a000 Size:0x00001000
[2022-03-13 14:06:05] [0001.507] I> 17) Base:0x3004b000 Size:0x00001000
[2022-03-13 14:06:05] [0001.511] I> 18) Base:0x3004c000 Size:0x00001000
[2022-03-13 14:06:05] [0001.516] I> 19) Base:0x3004d000 Size:0x00001000
[2022-03-13 14:06:05] [0001.520] I> 20) Base:0x3004e000 Size:0x00001000
[2022-03-13 14:06:05] [0001.525] I> 21) Base:0x3004f000 Size:0x00001000
[2022-03-13 14:06:05] [0001.529] I> 22) Base:0x00000000 Size:0x00000000
[2022-03-13 14:06:05] [0001.534] I> 23) Base:0xf0100000 Size:0x00010000
[2022-03-13 14:06:05] [0001.538] I> 24) Base:0x00000000 Size:0x00000000
[2022-03-13 14:06:05] [0001.542] I> 25) Base:0x00000000 Size:0x00000000
[2022-03-13 14:06:05] [0001.547] I> 26) Base:0x00000000 Size:0x00000000
[2022-03-13 14:06:05] [0001.551] I> 27) Base:0x00000000 Size:0x00000000
[2022-03-13 14:06:05] [0001.556] I> 28) Base:0x84400000 Size:0x00400000
[2022-03-13 14:06:05] [0001.560] I> 29) Base:0x30000000 Size:0x00010000
[2022-03-13 14:06:05] [0001.565] I> 30) Base:0x278000000 Size:0x08000000
[2022-03-13 14:06:05] [0001.569] I> 31) Base:0x00000000 Size:0x00000000
[2022-03-13 14:06:05] [0001.574] I> 32) Base:0x276000000 Size:0x00600000
[2022-03-13 14:06:05] [0001.578] I> 33) Base:0x80000000 Size:0x70000000
[2022-03-13 14:06:05] [0001.582] I> 34) Base:0xf0110000 Size:0x1856f0000
[2022-03-13 14:06:05] [0001.587] I> 35) Base:0x00000000 Size:0x00000000
[2022-03-13 14:06:05] [0001.591] I> 36) Base:0x00000000 Size:0x00000000
[2022-03-13 14:06:05] [0001.596] I> 37) Base:0x2772e0000 Size:0x00020000
[2022-03-13 14:06:05] [0001.600] I> 38) Base:0x84000000 Size:0x00400000
[2022-03-13 14:06:05] [0001.605] I> 39) Base:0x96000000 Size:0x02000000
[2022-03-13 14:06:05] [0001.609] I> 40) Base:0x85000000 Size:0x01200000
[2022-03-13 14:06:05] [0001.614] I> 41) Base:0x275800000 Size:0x00500000
[2022-03-13 14:06:05] [0001.618] I> 42) Base:0x00000000 Size:0x00000000
[2022-03-13 14:06:05] [0001.623] I> 43) Base:0x00000000 Size:0x00000000
[2022-03-13 14:06:05] [0001.627] GIC-SPI Target CPU: 4
[2022-03-13 14:06:05] [0001.630] Interrupts Init done
[2022-03-13 14:06:05] [0001.634] calling constructors
[2022-03-13 14:06:05] [0001.637] initializing heap
[2022-03-13 14:06:05] [0001.639] initializing threads
[2022-03-13 14:06:05] [0001.643] initializing timers
[2022-03-13 14:06:05] [0001.646] creating bootstrap completion thread
[2022-03-13 14:06:05] [0001.650] top of bootstrap2()
[2022-03-13 14:06:05] [0001.654] CPU: ARM Cortex A57
[2022-03-13 14:06:05] [0001.657] CPU: MIDR: 0x411FD073, MPIDR: 0x80000100
[2022-03-13 14:06:05] [0001.662] initializing platform
[2022-03-13 14:06:05] [0001.665] I> Bl_dtb @0x85205400
[2022-03-13 14:06:05] [0001.668] I> gpio framework initialized
[2022-03-13 14:06:05] [0001.674] I> tegrabl_gpio_driver_register: register 'nvidia,tegra186-gpio' driver
[2022-03-13 14:06:05] [0001.685] I> tegrabl_gpio_driver_register: register 'nvidia,tegra186-gpio-aon' driver
[2022-03-13 14:06:05] [0001.692] I> GPIO framework and drivers are initialized.
[2022-03-13 14:06:05] [0001.697] I> Boot-device: eMMC
[2022-03-13 14:06:05] [0001.705] I> sdmmc bdev is already initialized
[2022-03-13 14:06:05] [0001.735] I> Found 19 partitions in SDMMC_BOOT (instance 3)
[2022-03-13 14:06:05] [0001.753] I> Found 33 partitions in SDMMC_USER (instance 3)
[2022-03-13 14:06:05] [0001.758] W> opt-in fuse is not set, skip fuse_burning
[2022-03-13 14:06:05] [0001.763] I> Reserved memory at 0xfbe00000 for U-Boot relocation
[2022-03-13 14:06:05] [0001.769] W> No valid slot number is found in scratch register
[2022-03-13 14:06:05] [0001.775] W> Return default slot: _a
[2022-03-13 14:06:05] [0001.784] I> A/B: bin_type (21) slot 0
[2022-03-13 14:06:05] [0001.788] I> Loading kernel-dtb from partition
[2022-03-13 14:06:05] [0001.792] I> Loading partition kernel-dtb at 0x80000000 from device(0x1)
[2022-03-13 14:06:05] [0001.809] I> Kernel_dtb @0x80000000
[2022-03-13 14:06:05] [0001.813] I> tegrabl_tca9539_init: i2c bus: 0, slave addr: 0xee
[2022-03-13 14:06:05] [0001.823] I> tegrabl_gpio_driver_register: register 'tca9539_gpio_driver' driver
[2022-03-13 14:06:05] [0001.830] I> tegrabl_tca9539_init: i2c bus: 0, slave addr: 0xe8
[2022-03-13 14:06:05] [0001.839] I> tegrabl_gpio_driver_register: register 'tca9539_gpio_driver' driver
[2022-03-13 14:06:05] [0001.849] I> fixed regulator driver initialized
[2022-03-13 14:06:05] [0001.883] I> register 'maxim' power off handle
[2022-03-13 14:06:05] [0001.889] I> virtual i2c enabled
[2022-03-13 14:06:05] [0001.892] I> registered 'maxim,max77620' pmic
[2022-03-13 14:06:05] [0001.896] I> tegrabl_gpio_driver_register: register 'max77620-gpio' driver
[2022-03-13 14:06:05] [0001.910] E> failed to read label property for node 324936: 13
[2022-03-13 14:06:05] [0001.919] E> failed to read reg property for node 325032: 13
[2022-03-13 14:06:05] [0001.927] E> failed to read reg property for node 325084: 13
[2022-03-13 14:06:05] [0001.935] E> failed to read label property for node 325168: 13
[2022-03-13 14:06:05] [0001.944] E> failed to read label property for node 325236: 13
[2022-03-13 14:06:05] [0001.952] E> failed to read reg property for node 325304: 13
[2022-03-13 14:06:05] [0001.960] E> failed to read reg property for node 325376: 13
[2022-03-13 14:06:05] [0001.971] I> Find /i2c@c250000's alias i2c7
[2022-03-13 14:06:05] [0001.975] I> Reading eeprom i2c=7 address=0x50
[2022-03-13 14:06:05] [0002.004] I> Device at /i2c@c250000:0x50
[2022-03-13 14:06:05] [0002.008] I> Reading eeprom i2c=7 address=0x57
[2022-03-13 14:06:05] [0002.036] I> Device at /i2c@c250000:0x57
[2022-03-13 14:06:05] [0002.041] I> Find /i2c@c240000's alias i2c1
[2022-03-13 14:06:05] [0002.045] I> Reading eeprom i2c=1 address=0x51
[2022-03-13 14:06:05] [0002.050] E> I2C: slave not found in slaves.
[2022-03-13 14:06:05] [0002.054] E> I2C: Could not write 0 bytes to slave: 0x00a2 with repeat start true.
[2022-03-13 14:06:05] [0002.062] E> I2C_DEV: Failed to send register address 0x00000000.
[2022-03-13 14:06:05] [0002.068] E> I2C_DEV: Could not read 256 registers of size 1 from slave 0xa2 at 0x00000000 via instance 1.
[2022-03-13 14:06:05] [0002.077] E> eeprom: Retry to read I2C slave device.
[2022-03-13 14:06:05] [0002.082] E> I2C: slave not found in slaves.
[2022-03-13 14:06:05] [0002.086] E> I2C: Could not write 0 bytes to slave: 0x00a2 with repeat start true.
[2022-03-13 14:06:06] [0002.094] E> I2C_DEV: Failed to send register address 0x00000000.
[2022-03-13 14:06:06] [0002.100] E> I2C_DEV: Could not read 256 registers of size 1 from slave 0xa2 at 0x00000000 via instance 1.
[2022-03-13 14:06:06] [0002.109] E> eeprom: Failed to read I2C slave device
[2022-03-13 14:06:06] [0002.114] I> Eeprom read failed 0x3526070d
[2022-03-13 14:06:06] [0002.119] I> Find /i2c@3160000's alias i2c0
[2022-03-13 14:06:06] [0002.123] I> Reading eeprom i2c=0 address=0x50
[2022-03-13 14:06:06] [0002.127] E> I2C: slave not found in slaves.
[2022-03-13 14:06:06] [0002.131] E> I2C: Could not write 0 bytes to slave: 0x00a0 with repeat start true.
[2022-03-13 14:06:06] [0002.139] E> I2C_DEV: Failed to send register address 0x00000000.
[2022-03-13 14:06:06] [0002.145] E> I2C_DEV: Could not read 256 registers of size 1 from slave 0xa0 at 0x00000000 via instance 0.
[2022-03-13 14:06:06] [0002.154] E> eeprom: Failed to read I2C slave device
[2022-03-13 14:06:06] [0002.159] I> Eeprom read failed 0x3526070d
[2022-03-13 14:06:06] [0002.164] I> Find /i2c@3180000's alias i2c2
[2022-03-13 14:06:06] [0002.168] I> Reading eeprom i2c=2 address=0x54
[2022-03-13 14:06:06] [0002.172] I> Enabling gpio chip_id = 2, gpio pin = 9
[2022-03-13 14:06:06] [0002.203] I> Disabling gpio chip_id = 2, gpio pin = 9
[2022-03-13 14:06:06] [0002.208] I> Device at /i2c@3180000:0x54
[2022-03-13 14:06:06] [0002.211] I> Reading eeprom i2c=2 address=0x57
[2022-03-13 14:06:06] [0002.216] I> Enabling gpio chip_id = 2, gpio pin = 9
[2022-03-13 14:06:06] [0002.221] E> I2C: slave not found in slaves.
[2022-03-13 14:06:06] [0002.225] E> I2C: Could not write 0 bytes to slave: 0x00ae with repeat start true.
[2022-03-13 14:06:06] [0002.233] E> I2C_DEV: Failed to send register address 0x00000000.
[2022-03-13 14:06:06] [0002.239] E> I2C_DEV: Could not read 256 registers of size 1 from slave 0xae at 0x00000000 via instance 2.
[2022-03-13 14:06:06] [0002.249] E> eeprom: Failed to read I2C slave device
[2022-03-13 14:06:06] [0002.253] I> Disabling gpio chip_id = 2, gpio pin = 9
[2022-03-13 14:06:06] [0002.258] I> Eeprom read failed 0x00000000
[2022-03-13 14:06:06] [0002.262] I> create_pm_ids: id: 3310-1000-D00-L, len: 15
[2022-03-13 14:06:06] [0002.268] I> config: mem-type:00,power-config:00,misc-config:00,modem-config:00,touch-config:00,display-config:00,, len: 93
[2022-03-13 14:06:06] [0002.278] I> create_pm_ids: id: 2597-0000-900-E, len: 15
[2022-03-13 14:06:06] [0002.284] I> config: mem-type:00,power-config:00,misc-config:00,modem-config:00,touch-config:00,display-config:00,, len: 93
[2022-03-13 14:06:06] [0002.295] I> create_pm_ids: id: 3326-1000-000-M, len: 15
[2022-03-13 14:06:06] [0002.300] I> config: mem-type:ff,power-config:ff,misc-config:ff,modem-config:ff,touch-config:ff,display-config:ff,, len: 93
[2022-03-13 14:06:06] [0002.335] I> enabling 'vdd-hdmi' regulator
[2022-03-13 14:06:06] [0002.350] I> regulator 'vdd-hdmi' already enabled
[2022-03-13 14:06:06] [0002.355] E> tegrabl_display_init_regulator: hdmi cable is not connected
[2022-03-13 14:06:06] [0002.361] E> tegrabl_display_get_pdata, failed to parse dtb settings
[2022-03-13 14:06:06] [0002.370] E> cannot find any other nvdisp nodes
[2022-03-13 14:06:06] [0002.375] E> no valid display unit config found in dtb
[2022-03-13 14:06:06] [0002.380] W> display init failed
[2022-03-13 14:06:06] [0002.383] initializing target
[2022-03-13 14:06:06] [0002.387] calling apps_init()
[2022-03-13 14:06:06] [0002.390] starting app kernel_boot_app
[2022-03-13 14:06:06] [0002.413] I> found decompressor handler: lz4-legacy
[2022-03-13 14:06:06] [0002.417] I> decompressing BMP blob ...
[2022-03-13 14:06:06] [0002.430] I> Kernel type = Normal
[2022-03-13 14:06:06] [0002.433] I> ########## Fixed storage boot ##########
[2022-03-13 14:06:06] [0002.438] I> Loading kernel-bootctrl from partition
[2022-03-13 14:06:06] [0002.442] I> Loading partition kernel-bootctrl at 0xa8000000 from device(0x1)
[2022-03-13 14:06:06] [0002.457] W> tegrabl_get_kernel_bootctrl: magic number(0x00000000) is invalid
[2022-03-13 14:06:06] [0002.464] W> tegrabl_get_kernel_bootctrl: use default dummy boot control data
[2022-03-13 14:06:06] [0002.471] W> No valid slot number is found in scratch register
[2022-03-13 14:06:06] [0002.476] W> Return default slot: _a
[2022-03-13 14:06:06] [0002.480] I> A/B: bin_type (24) slot 0
[2022-03-13 14:06:06] [0002.495] I> Boot image size read from image header: 9913d
[2022-03-13 14:06:06] [0002.501] I> Boot image load address: 0x80400000
[2022-03-13 14:06:06] [0002.505] I> Loading kernel from partition
[2022-03-13 14:06:06] [0002.509] I> Loading partition kernel at 0x80400000 from device(0x1)
[2022-03-13 14:06:07] [0003.453] I> Validate kernel ...
[2022-03-13 14:06:07] [0003.456] I> T18x: Authenticate kernel (bin_type 24), max size 0x4000000
[2022-03-13 14:06:07] [0003.464] I> Decrypt the buffer ... [0003.467] W> tegrabl_decrypt_block: fuse (0x0) is not burnt to do encryption (0x4); skip decryption.
[2022-03-13 14:06:07] [0003.476] I> done
[2022-03-13 14:06:07] [0003.478] I> Checking boot.img header magic ... [0003.482] I> [OK]
[2022-03-13 14:06:07] [0003.484] I> kernel-dtb is already loaded
[2022-03-13 14:06:07] [0003.488] I> Validate kernel-dtb ...
[2022-03-13 14:06:07] [0003.491] I> T18x: Authenticate kernel-dtb (bin_type 21), max size 0x100000
[2022-03-13 14:06:07] [0003.499] I> Decrypt the buffer ... [0003.502] W> tegrabl_decrypt_block: fuse (0x0) is not burnt to do encryption (0x4); skip decryption.
[2022-03-13 14:06:07] [0003.511] I> done
[2022-03-13 14:06:07] [0003.512] I> Kernel hdr @0x80400000
[2022-03-13 14:06:07] [0003.516] I> Kernel dtb @0x80000000
[2022-03-13 14:06:07] [0003.519] I> decompressor handler not found
[2022-03-13 14:06:07] [0003.523] I> Copying kernel image (627005 bytes) from 0x80400800 to 0x80600000 ... [0003.531] I> Done
[2022-03-13 14:06:07] [0003.532] I> Move ramdisk (len: 0) from 0x8049a000 to 0x947d0000
[2022-03-13 14:06:07] [0003.540] I> Updated bpmp info to DTB
[2022-03-13 14:06:07] [0003.546] I> Ramdisk: Base: 0x947d0000; Size: 0x0
[2022-03-13 14:06:07] [0003.551] I> Updated initrd info to DTB
[2022-03-13 14:06:07] [0003.554] W> WARN: Fail to override "console=none" in commandline
[2022-03-13 14:06:07] [0003.560] I> Active rootfs suffix: 
[2022-03-13 14:06:07] [0003.563] E> tegrabl_linuxboot_add_disp_param, du 0 failed to get display params
[2022-03-13 14:06:07] [0003.571] E> tegrabl_linuxboot_add_disp_param, du 0 failed to get display params
[2022-03-13 14:06:07] [0003.578] E> tegrabl_linuxboot_add_disp_param, du 0 failed to get display params
[2022-03-13 14:06:07] [0003.585] I> disabled_core_mask: 0xffffff0c
[2022-03-13 14:06:07] [0003.589] W> No valid slot number is found in scratch register
[2022-03-13 14:06:07] [0003.595] W> Return default slot: _a
[2022-03-13 14:06:07] [0003.598] I> Active slot suffix: 
[2022-03-13 14:06:07] [0003.601] I> add_boot_slot_suffix: slot_suffix = 
[2022-03-13 14:06:07] [0003.606] I> Linux Cmdline: console=ttyS0,115200 androidboot.presilicon=true firmware_class.path=/etc/firmware root=/dev/mmcblk0p1 rw rootwait rootfstype=ext4 console=ttyS0,115200n8 console=tty0 fbcon=map:0 net.ifnames=0 isolcpus=1-2  video=tegrafb earlycon=uart8250,mmio32,0x3100000 nvdumper_reserved=0x2772e0000 gpt rootfs.slot_suffix= usbcore.old_scheme_first=1 tegraid=18.1.2.0.0 maxcpus=6 no_console_suspend boot.slot_suffix= boot.ratchetvalues=0.2031647.1 vpr_resize bl_prof_dataptr=0x10000@0x275840000 sdhci_tegra.en_boot_part_access=1 
[2022-03-13 14:06:07] [0003.653] I> Updated bootarg info to DTB
[2022-03-13 14:06:07] [0003.657] I> eeprom_get_mac_addr: MAC (type: 0): 48:b0:2d:0f:11:c5
[2022-03-13 14:06:07] [0003.663] I> eeprom_get_mac_addr: MAC (type: 1): 48:b0:2d:0f:11:c6
[2022-03-13 14:06:07] [0003.669] I> eeprom_get_mac_addr: MAC (type: 2): 48:b0:2d:0f:11:c7
[2022-03-13 14:06:07] [0003.676] E> Found no plugin manager ids in source DT
[2022-03-13 14:06:07] [0003.681] W> Add plugin manager ids from board info
[2022-03-13 14:06:07] [0003.685] W> "plugin-manager" doesn't exist, creating
[2022-03-13 14:06:07] [0003.690] W> "ids" doesn't exist, creating
[2022-03-13 14:06:07] [0003.694] W> "connection" doesn't exist, creating
[2022-03-13 14:06:07] [0003.699] W> "configs" doesn't exist, creating
[2022-03-13 14:06:07] [0003.703] I> create_pm_ids: id: 3310-1000-D00-L, len: 15
[2022-03-13 14:06:07] [0003.708] I> config: mem-type:00,power-config:00,misc-config:00,modem-config:00,touch-config:00,display-config:00,, len: 93
[2022-03-13 14:06:07] [0003.719] I> create_pm_ids: id: 2597-0000-900-E, len: 15
[2022-03-13 14:06:07] [0003.724] I> config: mem-type:00,power-config:00,misc-config:00,modem-config:00,touch-config:00,display-config:00,, len: 93
[2022-03-13 14:06:07] [0003.735] I> create_pm_ids: id: 3326-1000-000-M, len: 15
[2022-03-13 14:06:07] [0003.740] I> config: mem-type:ff,power-config:ff,misc-config:ff,modem-config:ff,touch-config:ff,display-config:ff,, len: 93
[2022-03-13 14:06:07] [0003.751] I> Adding plugin-manager/ids/3310-1000-D00=/i2c@c250000:module@0x50
[2022-03-13 14:06:07] [0003.759] W> "i2c@c250000" doesn't exist, creating
[2022-03-13 14:06:07] [0003.763] W> "module@0x50" doesn't exist, creating
[2022-03-13 14:06:07] [0003.768] I> Adding plugin-manager/ids/2597-0000-900=/i2c@c250000:module@0x57
[2022-03-13 14:06:07] [0003.775] W> "module@0x57" doesn't exist, creating
[2022-03-13 14:06:07] [0003.780] I> Adding plugin-manager/ids/3326-1000-000=/i2c@3180000:module@0x54
[2022-03-13 14:06:07] [0003.788] W> "i2c@3180000" doesn't exist, creating
[2022-03-13 14:06:07] [0003.792] W> "module@0x54" doesn't exist, creating
[2022-03-13 14:06:07] [0003.799] I> Adding plugin-manager/ids/3310-1000-D00-L
[2022-03-13 14:06:07] [0003.806] I> Adding plugin-manager/configs/3310-mem-type 00
[2022-03-13 14:06:07] [0003.812] I> Adding plugin-manager/configs/3310-power-config 00
[2022-03-13 14:06:07] [0003.818] I> Adding plugin-manager/configs/3310-misc-config 00
[2022-03-13 14:06:07] [0003.824] I> Adding plugin-manager/configs/3310-modem-config 00
[2022-03-13 14:06:07] [0003.830] I> Adding plugin-manager/configs/3310-touch-config 00
[2022-03-13 14:06:07] [0003.836] I> Adding plugin-manager/configs/3310-display-config 00
[2022-03-13 14:06:07] [0003.842] I> Adding plugin-manager/cvm
[2022-03-13 14:06:07] [0003.846] W> "chip-id" doesn't exist, creating
[2022-03-13 14:06:07] [0003.850] I> Adding plugin-manager/chip-id/A02P
[2022-03-13 14:06:07] [0003.855] W> "odm-data" doesn't exist, creating
[2022-03-13 14:06:07] [0003.859] I> Adding /chosen/plugin-manager/odm-data
[2022-03-13 14:06:07] [0003.869] I> added [base:0x80000000, size:0x70000000] to /memory
[2022-03-13 14:06:07] [0003.875] I> added [base:0xf0200000, size:0x185600000] to /memory
[2022-03-13 14:06:07] [0003.881] I> added [base:0x275e00000, size:0x200000] to /memory
[2022-03-13 14:06:07] [0003.886] I> added [base:0x276600000, size:0x200000] to /memory
[2022-03-13 14:06:07] [0003.892] I> added [base:0x277000000, size:0x200000] to /memory
[2022-03-13 14:06:07] [0003.898] I> Updated memory info to DTB
[2022-03-13 14:06:07] [0003.902] E> add_disp_param: failed to get display params for du=0
[2022-03-13 14:06:07] [0003.910] W> "reset" doesn't exist, creating
[2022-03-13 14:06:07] [0003.914] W> "pmc-reset-reason" doesn't exist, creating
[2022-03-13 14:06:07] [0003.920] W> "pmic-reset-reason" doesn't exist, creating
[2022-03-13 14:06:07] [0003.926] I> Adding ecid(00000001646db7851000000013038200) to DT
[2022-03-13 14:06:07] [0003.932] I> disabled_core_mask: 0xffffff0c
[2022-03-13 14:06:07] [0003.945] I> Add serial number:1422420022173 as DT property
[2022-03-13 14:06:07] [0003.954] I> Plugin-manager override starting
[2022-03-13 14:06:07] [0003.960] I> node /plugin-manager/fragement@0 matches
[2022-03-13 14:06:07] [0003.970] I> node /plugin-manager/fragement@4 matches
[2022-03-13 14:06:07] [0003.983] I> node /plugin-manager/fragment-sdwake-p3310-1000-300 matches
[2022-03-13 14:06:07] [0004.003] I> node /plugin-manager/fragement-pmon-p3310-1000-300 matches
[2022-03-13 14:06:07] [0004.012] I> node /plugin-manager/fragement-pmon-p3310-1000-800 matches
[2022-03-13 14:06:07] [0004.021] I> node /plugin-manager/fragment-devslp@0 matches
[2022-03-13 14:06:07] [0004.034] I> node /plugin-manager/fragment-500-pcie-config matches
[2022-03-13 14:06:07] [0004.049] I> node /plugin-manager/fragment-500-xusb-config matches
[2022-03-13 14:06:07] [0004.072] I> node /plugin-manager/fragment-p3310-c00-comm matches
[2022-03-13 14:06:07] [0004.085] I> node /plugin-manager/fragment-p3310-c00-pmic matches
[2022-03-13 14:06:08] [0004.096] I> node /plugin-manager/fragment-p3310-c01 matches
[2022-03-13 14:06:08] [0004.109] I> node /plugin-manager/fragment-p3310-c03 matches
[2022-03-13 14:06:08] [0004.151] I> node /plugin-manager/fragment-e3326@0 matches
[2022-03-13 14:06:08] [0004.233] I> node /plugin-manager/fragment-p3310-c00-camera matches
[2022-03-13 14:06:08] [0004.261] I> Disable plugin-manager status in FDT
[2022-03-13 14:06:08] [0004.265] I> Plugin-manager override finished successfully
[2022-03-13 14:06:08] [0004.270] I> tegrabl_load_kernel_and_dtb: Done
[2022-03-13 14:06:08] [0004.275] E> tegrabl_display_clear: display is not initialized
[2022-03-13 14:06:08] [0004.280] W> Boot logo display failed...
[2022-03-13 14:06:08] [0004.284] I> Kernel EP: 0x80600000, DTB: 0x80000000
[2022-03-13 14:06:08] 
[2022-03-13 14:06:08] 
[2022-03-13 14:06:08] U-Boot 2020.04-g46e4604c78 (Jul 26 2021 - 12:10:58 -0700)
[2022-03-13 14:06:08] 
[2022-03-13 14:06:08] SoC: tegra186
[2022-03-13 14:06:08] Model: NVIDIA P2771-0000-500
[2022-03-13 14:06:08] Board: NVIDIA P2771-0000
[2022-03-13 14:06:08] DRAM:  7.8 GiB
[2022-03-13 14:06:08] MMC:   sdhci@3400000: 1, sdhci@3460000: 0
[2022-03-13 14:06:08] Loading Environment from MMC... *** Warning - bad CRC, using default environment
[2022-03-13 14:06:08] 
[2022-03-13 14:06:08] In:    serial
[2022-03-13 14:06:08] Out:   serial
[2022-03-13 14:06:08] Err:   serial
[2022-03-13 14:06:08] Net:   
[2022-03-13 14:06:08] Warning: ethernet@2490000 using MAC address from ROM
[2022-03-13 14:06:08] eth0: ethernet@2490000
[2022-03-13 14:06:08] Hit any key to stop autoboot:  2  1  0 
[2022-03-13 14:06:10] MMC: no card present
[2022-03-13 14:06:10] switch to partitions #0, OK
[2022-03-13 14:06:10] mmc0(part 0) is current device
[2022-03-13 14:06:10] Scanning mmc 0:1...
[2022-03-13 14:06:10] Found /boot/extlinux/extlinux.conf
[2022-03-13 14:06:10] Retrieving file: /boot/extlinux/extlinux.conf
[2022-03-13 14:06:10] 858 bytes read in 23 ms (36.1 KiB/s)
[2022-03-13 14:06:10] 1:	primary kernel
[2022-03-13 14:06:10] Retrieving file: /boot/initrd
[2022-03-13 14:06:11] 7238344 bytes read in 202 ms (34.2 MiB/s)
[2022-03-13 14:06:11] Retrieving file: /boot/Image
[2022-03-13 14:06:12] 34484232 bytes read in 829 ms (39.7 MiB/s)
[2022-03-13 14:06:12] append: console=ttyS0,115200 androidboot.presilicon=true firmware_class.path=/etc/firmware root=/dev/mmcblk0p1 rw rootwait rootfstype=ext4 console=ttyS0,115200n8 console=tty0 fbcon=map:0 net.ifnames=0 isolcpus=1-2  video=tegrafb earlycon=uart8250,mmio32,0x3100000 nvdumper_reserved=0x2772e0000 gpt rootfs.slot_suffix= usbcore.old_scheme_first=1 tegraid=18.1.2.0.0 maxcpus=6 no_console_suspend boot.slot_suffix= boot.ratchetvalues=0.2031647.1 vpr_resize bl_prof_dataptr=0x10000@0x275840000 sdhci_tegra.en_boot_part_access=1 quiet root=/dev/mmcblk0p1 rw rootwait rootfstype=ext4 console=ttyS0,115200n8 console=tty0 fbcon=map:0 net.ifnames=0 isolcpus=1-2 
[2022-03-13 14:06:12] ## Flattened Device Tree blob at 80000000
[2022-03-13 14:06:12]    Booting using the fdt blob at 0x80000000
[2022-03-13 14:06:12] ERROR: reserving fdt memory region failed (addr=0 size=0)
[2022-03-13 14:06:12] ERROR: reserving fdt memory region failed (addr=0 size=0)
[2022-03-13 14:06:12] ERROR: reserving fdt memory region failed (addr=0 size=0)
[2022-03-13 14:06:12]    Using Device Tree in place at 0000000080000000, end 0000000080060aa3
[2022-03-13 14:06:12] copying carveout for /host1x@13e00000/display-hub@15200000/display@15200000...
[2022-03-13 14:06:12] copying carveout for /host1x@13e00000/display-hub@15200000/display@15210000...
[2022-03-13 14:06:12] copying carveout for /host1x@13e00000/display-hub@15200000/display@15220000...
[2022-03-13 14:06:12] 
[2022-03-13 14:06:12] Starting kernel ...
[2022-03-13 14:06:12] 
[2022-03-13 14:06:12] [    0.000000] Booting Linux on physical CPU 0x100
[2022-03-13 14:06:12] [    0.000000] Linux version 4.9.253-tegra (buildbrain@mobile-u64-5497-d3000) (gcc version 7.3.1 20180425 [linaro-7.3-2018.05 revision d29120a424ecfbc167ef90065c0eeb7f91977701] (Linaro GCC 7.3-2018.05) ) #1 SMP PREEMPT Mon Jul 26 12:19:28 PDT 2021
[2022-03-13 14:06:12] [    0.000000] Boot CPU: AArch64 Processor [411fd073]
[2022-03-13 14:06:12] [    0.000000] OF: fdt:memory scan node memory@80000000, reg size 80,
[2022-03-13 14:06:12] [    0.000000] OF: fdt: - 80000000 ,  70000000
[2022-03-13 14:06:12] [    0.000000] OF: fdt: - f0200000 ,  185600000
[2022-03-13 14:06:12] [    0.000000] OF: fdt: - 275e00000 ,  200000
[2022-03-13 14:06:12] [    0.000000] OF: fdt: - 276600000 ,  200000
[2022-03-13 14:06:12] [    0.000000] OF: fdt: - 277000000 ,  200000
[2022-03-13 14:06:12] [    0.000000] earlycon: uart8250 at MMIO32 0x0000000003100000 (options '')
[2022-03-13 14:06:12] [    0.000000] bootconsole [uart8250] enabled
[2022-03-13 14:06:14] [    1.853090] cgroup: cgroup2: unknown option "nsdelegate"
[2022-03-13 14:06:15] [    2.924087] using random self ethernet address
[2022-03-13 14:06:15] [    2.939013] using random host ethernet address
[2022-03-13 14:06:15] [    3.051100] FAT-fs (loop0): Volume was not properly unmounted. Some data may be corrupt. Please run fsck.
[2022-03-13 14:06:15] [    3.272853] random: crng init done
[2022-03-13 14:06:15] [    3.276260] random: 7 urandom warning(s) missed due to ratelimiting
[2022-03-13 14:06:15] [    3.331647] CPU5: SError detected, daif=1c0, spsr=0x80000045, mpidr=80000103, esr=bf40c000
[2022-03-13 14:06:15] [    3.331650] CPU4: SError detected, daif=1c0, spsr=0x0, mpidr=80000102, esr=bf40c000
[2022-03-13 14:06:15] [    3.331652] CPU3: SError detected, daif=1c0, spsr=0x40000000, mpidr=80000101, esr=bf40c000
[2022-03-13 14:06:15] [    3.331655] CPU0: SError detected, daif=1c0, spsr=0x40000000, mpidr=80000100, esr=bf40c000
[2022-03-13 14:06:15] [    3.331686] CPU1: SError detected, daif=1c0, spsr=0x60000045, mpidr=80000000, esr=be000000
[2022-03-13 14:06:15] [    3.331805] **************************************
[2022-03-13 14:06:15] [    3.331805] Machine check error in JSR:MTS:
[2022-03-13 14:06:15] [    3.331807] 	Status = 0xb400000000000001
[2022-03-13 14:06:16] [    3.331808] 	Unknown error: 0x1
[2022-03-13 14:06:16] [    3.331809] 	Uncorrected (this is fatal)
[2022-03-13 14:06:16] [    3.331810] 	Error reporting enabled when error arrived
[2022-03-13 14:06:16] [    3.331885] 	ADDR = 0x27f610d68
[2022-03-13 14:06:16] [    3.332306] **************************************
[2022-03-13 14:06:16] [    3.332308] **************************************
[2022-03-13 14:06:16] [    3.332308] Machine check error in JSR:MTS:
[2022-03-13 14:06:16] [    3.332309] 	Status = 0xb400000000000001
[2022-03-13 14:06:16] [    3.332311] 	Unknown error: 0x1
[2022-03-13 14:06:16] [    3.332312] 	Uncorrected (this is fatal)
[2022-03-13 14:06:16] [    3.332312] 	Error reporting enabled when error arrived
[2022-03-13 14:06:16] [    3.332386] 	ADDR = 0x27f610d68
[2022-03-13 14:06:16] [    3.332803] **************************************
[2022-03-13 14:06:16] [    3.332805] **************************************
[2022-03-13 14:06:16] [    3.332805] Machine check error in JSR:MTS:
[2022-03-13 14:06:16] [    3.332806] 	Status = 0xb400000000000001
[2022-03-13 14:06:16] [    3.332807] 	Unknown error: 0x1
[2022-03-13 14:06:16] [    3.332808] 	Uncorrected (this is fatal)
[2022-03-13 14:06:16] [    3.332808] 	Error reporting enabled when error arrived
[2022-03-13 14:06:16] [    3.332883] 	ADDR = 0x27f610d68
[2022-03-13 14:06:16] [    3.466769] **************************************
[2022-03-13 14:06:16] [    3.471556] **************************************
[2022-03-13 14:06:16] [    3.471556] Machine check error in JSR:MTS:
[2022-03-13 14:06:16] [    3.480510] 	Status = 0xb400000000000001
[2022-03-13 14:06:16] [    3.484425] 	Unknown error: 0x1
[2022-03-13 14:06:16] [    3.487558] 	Uncorrected (this is fatal)
[2022-03-13 14:06:16] [    3.491472] 	Error reporting enabled when error arrived
[2022-03-13 14:06:16] [    3.496762] 	ADDR = 0x27f610d68
[2022-03-13 14:06:16] [    3.499897] **************************************[    3.559834] using random self ethernet address
[2022-03-13 14:06:16] [    3.571165] using random host ethernet address
[2022-03-13 14:06:23] 
[2022-03-13 14:06:23] Ubuntu 18.04.5 LTS JTX2-A ttyS0
[2022-03-13 14:06:23] 
[2022-03-13 14:06:23] JTX2-A login: [   24.213397] Kernel panic - not syncing: Watchdog detected hard LOCKUP on cpu 2
[2022-03-13 14:06:36] [   24.220785] CPU: 1 PID: 14 Comm: cpuhp/1 Not tainted 4.9.253-tegra #1
[2022-03-13 14:06:36] [   24.227326] Hardware name: quill (DT)
[2022-03-13 14:06:36] [   24.231076] Call trace:
[2022-03-13 14:06:36] [   24.233614] [<ffffff800808ba40>] dump_backtrace+0x0/0x198
[2022-03-13 14:06:36] [   24.239112] [<ffffff800808c004>] show_stack+0x24/0x30
[2022-03-13 14:06:36] [   24.244264] [<ffffff8008f6121c>] dump_stack+0xa0/0xc4
[2022-03-13 14:06:36] [   24.249413] [<ffffff8008f5e2c0>] panic+0x12c/0x2a8
[2022-03-13 14:06:36] [   24.254303] [<ffffff8008181994>] watchdog_check_hardlockup_other_cpu+0x11c/0x120
[2022-03-13 14:06:36] [   24.261809] [<ffffff8008180b08>] watchdog_timer_fn+0x98/0x2c0
[2022-03-13 14:06:36] [   24.267671] [<ffffff8008138f10>] __hrtimer_run_queues+0xd8/0x360
[2022-03-13 14:06:36] [   24.273772] [<ffffff8008139860>] hrtimer_interrupt+0xa8/0x1e0
[2022-03-13 14:06:36] [   24.279616] [<ffffff8008bfb804>] tegra186_timer_isr+0x34/0x48
[2022-03-13 14:06:36] [   24.285479] [<ffffff8008121940>] __handle_irq_event_percpu+0x68/0x288
[2022-03-13 14:06:36] [   24.292014] [<ffffff8008121b88>] handle_irq_event_percpu+0x28/0x60
[2022-03-13 14:06:36] [   24.298287] [<ffffff8008121c10>] handle_irq_event+0x50/0x80
[2022-03-13 14:06:36] [   24.303950] [<ffffff8008125aa4>] handle_fasteoi_irq+0xd4/0x1c0
[2022-03-13 14:06:36] [   24.309874] [<ffffff80081208f4>] generic_handle_irq+0x34/0x50
[2022-03-13 14:06:36] [   24.315708] [<ffffff8008120fe0>] __handle_domain_irq+0x68/0xc0
[2022-03-13 14:06:36] [   24.321633] [<ffffff8008080d44>] gic_handle_irq+0x5c/0xb0
[2022-03-13 14:06:36] [   24.327121] [<ffffff8008082c28>] el1_irq+0xe8/0x194
[2022-03-13 14:06:36] [   24.332090] [<ffffff800814f918>] smp_call_function_single+0x178/0x1b0
[2022-03-13 14:06:36] [   24.338632] [<ffffff8008b9cf08>] tegra186_get_speed+0x38/0x98
[2022-03-13 14:06:36] [   24.344475] [<ffffff8008b91078>] cpufreq_update_current_freq+0x30/0xc0
[2022-03-13 14:06:36] [   24.351104] [<ffffff8008b92de4>] cpufreq_start_governor.part.7+0xa4/0xb0
[2022-03-13 14:06:36] [   24.357918] [<ffffff8008b935a8>] cpufreq_offline+0x1c8/0x258
[2022-03-13 14:06:36] [   24.363670] [<ffffff8008b93658>] cpuhp_cpufreq_offline+0x20/0x30
[2022-03-13 14:06:36] [   24.369774] [<ffffff80080b25e8>] cpuhp_invoke_callback+0x98/0x5a0
[2022-03-13 14:06:36] [   24.375964] [<ffffff80080b3960>] cpuhp_down_callbacks+0x60/0xb0
[2022-03-13 14:06:36] [   24.381985] [<ffffff80080b3bdc>] cpuhp_thread_fun+0xb4/0x120
[2022-03-13 14:06:37] [   24.387751] [<ffffff80080dfa38>] smpboot_thread_fn+0x160/0x248
[2022-03-13 14:06:37] [   24.393684] [<ffffff80080db09c>] kthread+0xec/0xf0
[2022-03-13 14:06:37] [   24.398562] [<ffffff80080838a0>] ret_from_fork+0x10/0x30
[2022-03-13 14:06:37] [   24.403969] SMP: stopping secondary CPUs
[2022-03-13 14:06:39] [   26.588184] SMP: failed to stop secondary CPUs 1-2
[2022-03-13 14:06:39] [   26.593054] Kernel Offset: disabled
[2022-03-13 14:06:39] [   26.596611] Memory Limit: none
[2022-03-13 14:06:39] [   26.599730] trusty-log panic notifier - trusty version Built: 12:20:14 Jul 26 2021 [   26.668208] Rebooting in 5 seconds..
[2022-03-13 14:06:44] [   31.676919] SMP: stopping secondary CPUs
[2022-03-13 14:06:46] [   33.861137] SMP: failed to stop secondary CPUs 1-2
[2022-03-13 14:06:46] [0000.167] I> Welcome to MB2(TBoot-BPMP)(version: 01.00.160913-t186-M-00.00-mobile-c368a720)
[2022-03-13 14:06:46] [0000.175] I> Boot-device: eMMC
[2022-03-13 14:06:46] [0000.183] I> sdmmc bdev is already initialized
[2022-03-13 14:06:46] [0000.187] I> pmic: reset reason (nverc)	: 0x0
[2022-03-13 14:06:46] [0000.220] I> Found 19 partitions in SDMMC_BOOT (instance 3)
[2022-03-13 14:06:46] [0000.240] I> Found 33 partitions in SDMMC_USER (instance 3)
[2022-03-13 14:06:46] [0000.246] W> No valid slot number is found in scratch register
[2022-03-13 14:06:46] [0000.252] W> Return default slot: _a
[2022-03-13 14:06:46] [0000.255] I> A/B: bin_type (16) slot 0
[2022-03-13 14:06:46] [0000.259] I> Loading partition bpmp-fw at 0xd7800000
[2022-03-13 14:06:46] [0000.264] I> Reading two headers - addr:0xd7800000 blocks:1
[2022-03-13 14:06:46] [0000.269] I> Addr: 0xd7800000, start-block: 58777608, num_blocks: 1
[2022-03-13 14:06:46] [0000.294] I> Binary(16) of size 534416 is loaded @ 0xd7800000
[2022-03-13 14:06:46] [0000.300] W> No valid slot number is found in scratch register
[2022-03-13 14:06:46] [0000.305] W> Return default slot: _a
[2022-03-13 14:06:46] [0000.309] I> A/B: bin_type (17) slot 0
[2022-03-13 14:06:46] [0000.312] I> Loading partition bpmp-fw-dtb at 0xd79f0000
[2022-03-13 14:06:46] [0000.318] I> Reading two headers - addr:0xd79f0000 blocks:1
[2022-03-13 14:06:46] [0000.323] I> Addr: 0xd79f0000, start-block: 58780024, num_blocks: 1
[2022-03-13 14:06:46] [0000.349] I> Binary(17) of size 604720 is loaded @ 0xd796c400
[2022-03-13 14:06:47] [0000.577] I> Loading SCE-FW ...
[2022-03-13 14:06:47] [0000.580] W> No valid slot number is found in scratch register
[2022-03-13 14:06:47] [0000.586] W> Return default slot: _a
[2022-03-13 14:06:47] [0000.589] I> A/B: bin_type (12) slot 0
[2022-03-13 14:06:47] [0000.593] I> Loading partition sce-fw at 0xd7300000
[2022-03-13 14:06:47] [0000.598] I> Reading two headers - addr:0xd7300000 blocks:1
[2022-03-13 14:06:47] [0000.603] I> Addr: 0xd7300000, start-block: 58784120, num_blocks: 1
[2022-03-13 14:06:47] [0000.622] I> Binary(12) of size 125632 is loaded @ 0xd7300000
[2022-03-13 14:06:47] [0000.628] I> Init SCE
[2022-03-13 14:06:47] [0000.630] I> Loading APE-FW ...
[2022-03-13 14:06:47] [0000.633] W> No valid slot number is found in scratch register
[2022-03-13 14:06:47] [0000.639] W> Return default slot: _a
[2022-03-13 14:06:47] [0000.643] I> A/B: bin_type (11) slot 0
[2022-03-13 14:06:47] [0000.646] I> Loading partition adsp-fw at 0xd7400000
[2022-03-13 14:06:47] [0000.651] I> Reading two headers - addr:0xd7400000 blocks:1
[2022-03-13 14:06:47] [0000.656] I> Addr: 0xd7400000, start-block: 58761224, num_blocks: 1
[2022-03-13 14:06:47] [0000.675] I> Binary(11) of size 77216 is loaded @ 0xd7400000
[2022-03-13 14:06:47] [0000.681] I> Copy BTCM section
[2022-03-13 14:06:47] [0000.684] W> No valid slot number is found in scratch register
[2022-03-13 14:06:47] [0000.690] W> Return default slot: _a
[2022-03-13 14:06:47] [0000.693] I> A/B: bin_type (13) slot 0
[2022-03-13 14:06:47] [0000.697] I> Loading partition cpu-bootloader at 0x96000000
[2022-03-13 14:06:47] [0000.702] I> Reading two headers - addr:0x96000000 blocks:1
[2022-03-13 14:06:47] [0000.708] I> Addr: 0x96000000, start-block: 58740744, num_blocks: 1
[2022-03-13 14:06:47] [0000.729] I> Binary(13) of size 308800 is loaded @ 0x96000000
[2022-03-13 14:06:47] [0000.735] W> No valid slot number is found in scratch register
[2022-03-13 14:06:47] [0000.740] W> Return default slot: _a
[2022-03-13 14:06:47] [0000.744] I> A/B: bin_type (20) slot 0
[2022-03-13 14:06:47] [0000.747] I> Loading partition bootloader-dtb at 0x85205400
[2022-03-13 14:06:47] [0000.753] I> Reading two headers - addr:0x85205400 blocks:1
[2022-03-13 14:06:47] [0000.758] I> Addr: 0x85205400, start-block: 58742792, num_blocks: 1
[2022-03-13 14:06:47] [0000.780] I> Binary(20) of size 375568 is loaded @ 0x85205400
[2022-03-13 14:06:47] [0000.786] W> No valid slot number is found in scratch register
[2022-03-13 14:06:47] [0000.792] W> Return default slot: _a
[2022-03-13 14:06:47] [0000.795] I> A/B: bin_type (14) slot 0
[2022-03-13 14:06:47] [0000.799] I> Loading partition secure-os at 0x85305600
[2022-03-13 14:06:47] [0000.804] I> Reading two headers - addr:0x85305600 blocks:1
[2022-03-13 14:06:47] [0000.809] I> Addr: 0x85305600, start-block: 58744840, num_blocks: 1
[2022-03-13 14:06:47] [0000.831] I> Binary(14) of size 402864 is loaded @ 0x85305600
[2022-03-13 14:06:47] [0000.839] I> TOS boot-params @ 0x85000000
[2022-03-13 14:06:47] [0000.843] I> TOS params prepared
[2022-03-13 14:06:47] [0000.846] I> Loading EKS ...
[2022-03-13 14:06:47] [0000.849] I> A/B: bin_type (15) slot 0
[2022-03-13 14:06:47] [0000.852] I> Loading partition eks at 0x85905800
[2022-03-13 14:06:47] [0000.857] I> Reading two headers - addr:0x85905800 blocks:1
[2022-03-13 14:06:47] [0000.862] I> Addr: 0x85905800, start-block: 58757128, num_blocks: 1
[2022-03-13 14:06:47] [0000.881] I> Binary(15) of size 1040 is loaded @ 0x85905800
[2022-03-13 14:06:47] [0000.886] I> EKB detected (length: 0x400) @ 0x85905800
[2022-03-13 14:06:47] [0000.892] I> Copied encrypted keys
[2022-03-13 14:06:47] [0000.895] I> boot profiler @ 0x275844000
[2022-03-13 14:06:47] [0000.899] I> boot profiler for TOS @ 0x275844000
[2022-03-13 14:06:47] [0000.904] I> Unhalting SCE
[2022-03-13 14:06:47] [0000.907] I> Primary Memory Start:80000000 Size:70000000
[2022-03-13 14:06:47] [0000.912] I> Extended Memory Start:f0110000 Size:1856f0000
[2022-03-13 14:06:47] [0000.919] I> MB2(TBoot-BPMP) done
[2022-03-13 14:06:47] 
[2022-03-13 14:06:47] NOTICE:  BL31: v1.3(release):b5eeb33f7
[2022-03-13 14:06:47] NOTICE:  BL31: Built : 12:15:17, Jul 26 2021
[2022-03-13 14:06:47] ipc-unittest-main: 1519: Welcome to IPC unittest!!!
[2022-03-13 14:06:47] ipc-unittest-main: 1531: waiting forever
[2022-03-13 14:06:47] ipc-unittest-srv: 329: Init unittest services!!!
[2022-03-13 14:06:47] hwkey-agent: 41: hwkey-agent is running!!
[2022-03-13 14:06:47] hwkey-agent: 315: key_mgnt_processing .......
[2022-03-13 14:06:47] hwkey-agent: 223: Setting EKB key 0 to slot 14
[2022-03-13 14:06:47] hwkey-agent: 178: Init hweky-agent services!!
[2022-03-13 14:06:47] luks-srv: 40: luks-srv is running!!
[2022-03-13 14:06:47] luks-srv: 157: Init luks-srv IPC services!!
[2022-03-13 14:06:47] platform_bootstrap_epilog: trusty bootstrap complete
[2022-03-13 14:06:47] [0001.290] I> Welcome to Cboot
[2022-03-13 14:06:47] [0001.293] I> Cboot Version: t186-00029e71
[2022-03-13 14:06:47] [0001.297] I> CPU-BL Params @ 0x275800000
[2022-03-13 14:06:47] [0001.301] I>  0) Base:0x00000000 Size:0x00000000
[2022-03-13 14:06:47] [0001.305] I>  1) Base:0x277f00000 Size:0x00100000
[2022-03-13 14:06:47] [0001.310] I>  2) Base:0x277e00000 Size:0x00100000
[2022-03-13 14:06:47] [0001.314] I>  3) Base:0x277d00000 Size:0x00100000
[2022-03-13 14:06:47] [0001.319] I>  4) Base:0x277c00000 Size:0x00100000
[2022-03-13 14:06:47] [0001.323] I>  5) Base:0x277b00000 Size:0x00100000
[2022-03-13 14:06:47] [0001.328] I>  6) Base:0x277800000 Size:0x00200000
[2022-03-13 14:06:47] [0001.332] I>  7) Base:0x277400000 Size:0x00400000
[2022-03-13 14:06:47] [0001.337] I>  8) Base:0x277a00000 Size:0x00100000
[2022-03-13 14:06:47] [0001.341] I>  9) Base:0x277300000 Size:0x00100000
[2022-03-13 14:06:47] [0001.346] I> 10) Base:0x276800000 Size:0x00800000
[2022-03-13 14:06:47] [0001.350] I> 11) Base:0x30000000 Size:0x00040000
[2022-03-13 14:06:47] [0001.355] I> 12) Base:0xf0000000 Size:0x00100000
[2022-03-13 14:06:47] [0001.359] I> 13) Base:0x30040000 Size:0x00001000
[2022-03-13 14:06:47] [0001.364] I> 14) Base:0x30048000 Size:0x00001000
[2022-03-13 14:06:47] [0001.368] I> 15) Base:0x30049000 Size:0x00001000
[2022-03-13 14:06:47] [0001.373] I> 16) Base:0x3004a000 Size:0x00001000
[2022-03-13 14:06:47] [0001.377] I> 17) Base:0x3004b000 Size:0x00001000
[2022-03-13 14:06:47] [0001.381] I> 18) Base:0x3004c000 Size:0x00001000
[2022-03-13 14:06:47] [0001.386] I> 19) Base:0x3004d000 Size:0x00001000
[2022-03-13 14:06:47] [0001.390] I> 20) Base:0x3004e000 Size:0x00001000
[2022-03-13 14:06:47] [0001.395] I> 21) Base:0x3004f000 Size:0x00001000
[2022-03-13 14:06:47] [0001.399] I> 22) Base:0x00000000 Size:0x00000000
[2022-03-13 14:06:47] [0001.404] I> 23) Base:0xf0100000 Size:0x00010000
[2022-03-13 14:06:47] [0001.408] I> 24) Base:0x00000000 Size:0x00000000
[2022-03-13 14:06:47] [0001.412] I> 25) Base:0x00000000 Size:0x00000000
[2022-03-13 14:06:47] [0001.417] I> 26) Base:0x00000000 Size:0x00000000
[2022-03-13 14:06:47] [0001.421] I> 27) Base:0x00000000 Size:0x00000000
[2022-03-13 14:06:47] [0001.426] I> 28) Base:0x84400000 Size:0x00400000
[2022-03-13 14:06:47] [0001.430] I> 29) Base:0x30000000 Size:0x00010000
[2022-03-13 14:06:47] [0001.435] I> 30) Base:0x278000000 Size:0x08000000
[2022-03-13 14:06:47] [0001.439] I> 31) Base:0x00000000 Size:0x00000000
[2022-03-13 14:06:47] [0001.444] I> 32) Base:0x276000000 Size:0x00600000
[2022-03-13 14:06:47] [0001.448] I> 33) Base:0x80000000 Size:0x70000000
[2022-03-13 14:06:47] [0001.452] I> 34) Base:0xf0110000 Size:0x1856f0000
[2022-03-13 14:06:47] [0001.457] I> 35) Base:0x00000000 Size:0x00000000
[2022-03-13 14:06:47] [0001.461] I> 36) Base:0x00000000 Size:0x00000000
[2022-03-13 14:06:47] [0001.466] I> 37) Base:0x2772e0000 Size:0x00020000
[2022-03-13 14:06:47] [0001.470] I> 38) Base:0x84000000 Size:0x00400000
[2022-03-13 14:06:47] [0001.475] I> 39) Base:0x96000000 Size:0x02000000
[2022-03-13 14:06:47] [0001.479] I> 40) Base:0x85000000 Size:0x01200000
[2022-03-13 14:06:47] [0001.484] I> 41) Base:0x275800000 Size:0x00500000
[2022-03-13 14:06:47] [0001.488] I> 42) Base:0x00000000 Size:0x00000000
[2022-03-13 14:06:47] [0001.493] I> 43) Base:0x00000000 Size:0x00000000
[2022-03-13 14:06:47] [0001.497] GIC-SPI Target CPU: 4
[2022-03-13 14:06:47] [0001.500] Interrupts Init done
[2022-03-13 14:06:47] [0001.504] calling constructors
[2022-03-13 14:06:47] [0001.507] initializing heap
[2022-03-13 14:06:47] [0001.509] initializing threads
[2022-03-13 14:06:47] [0001.513] initializing timers
[2022-03-13 14:06:48] [0001.516] creating bootstrap completion thread
[2022-03-13 14:06:48] [0001.520] top of bootstrap2()
[2022-03-13 14:06:48] [0001.524] CPU: ARM Cortex A57
[2022-03-13 14:06:48] [0001.527] CPU: MIDR: 0x411FD073, MPIDR: 0x80000100
[2022-03-13 14:06:48] [0001.532] initializing platform
[2022-03-13 14:06:48] [0001.535] I> Bl_dtb @0x85205400
[2022-03-13 14:06:48] [0001.538] I> gpio framework initialized
[2022-03-13 14:06:48] [0001.544] I> tegrabl_gpio_driver_register: register 'nvidia,tegra186-gpio' driver
[2022-03-13 14:06:48] [0001.555] I> tegrabl_gpio_driver_register: register 'nvidia,tegra186-gpio-aon' driver
[2022-03-13 14:06:48] [0001.562] I> GPIO framework and drivers are initialized.
[2022-03-13 14:06:48] [0001.567] I> Boot-device: eMMC
[2022-03-13 14:06:48] [0001.575] I> sdmmc bdev is already initialized
[2022-03-13 14:06:48] [0001.605] I> Found 19 partitions in SDMMC_BOOT (instance 3)
[2022-03-13 14:06:48] [0001.623] I> Found 33 partitions in SDMMC_USER (instance 3)
[2022-03-13 14:06:48] [0001.628] W> opt-in fuse is not set, skip fuse_burning
[2022-03-13 14:06:48] [0001.633] I> Reserved memory at 0xfbe00000 for U-Boot relocation
[2022-03-13 14:06:48] [0001.639] W> No valid slot number is found in scratch register
[2022-03-13 14:06:48] [0001.645] W> Return default slot: _a
[2022-03-13 14:06:48] [0001.654] I> A/B: bin_type (21) slot 0
[2022-03-13 14:06:48] [0001.658] I> Loading kernel-dtb from partition
[2022-03-13 14:06:48] [0001.662] I> Loading partition kernel-dtb at 0x80000000 from device(0x1)
[2022-03-13 14:06:48] [0001.680] I> Kernel_dtb @0x80000000
[2022-03-13 14:06:48] [0001.683] I> tegrabl_tca9539_init: i2c bus: 0, slave addr: 0xee
[2022-03-13 14:06:48] [0001.693] I> tegrabl_gpio_driver_register: register 'tca9539_gpio_driver' driver
[2022-03-13 14:06:48] [0001.700] I> tegrabl_tca9539_init: i2c bus: 0, slave addr: 0xe8
[2022-03-13 14:06:48] [0001.709] I> tegrabl_gpio_driver_register: register 'tca9539_gpio_driver' driver
[2022-03-13 14:06:48] [0001.720] I> fixed regulator driver initialized
[2022-03-13 14:06:48] [0001.753] I> register 'maxim' power off handle
[2022-03-13 14:06:48] [0001.759] I> virtual i2c enabled
[2022-03-13 14:06:48] [0001.762] I> registered 'maxim,max77620' pmic
[2022-03-13 14:06:48] [0001.767] I> tegrabl_gpio_driver_register: register 'max77620-gpio' driver
[2022-03-13 14:06:48] [0001.781] E> failed to read label property for node 324936: 13
[2022-03-13 14:06:48] [0001.789] E> failed to read reg property for node 325032: 13
[2022-03-13 14:06:48] [0001.797] E> failed to read reg property for node 325084: 13
[2022-03-13 14:06:48] [0001.806] E> failed to read label property for node 325168: 13
[2022-03-13 14:06:48] [0001.814] E> failed to read label property for node 325236: 13
[2022-03-13 14:06:48] [0001.822] E> failed to read reg property for node 325304: 13
[2022-03-13 14:06:48] [0001.831] E> failed to read reg property for node 325376: 13
[2022-03-13 14:06:48] [0001.841] I> Find /i2c@c250000's alias i2c7
[2022-03-13 14:06:48] [0001.845] I> Reading eeprom i2c=7 address=0x50
[2022-03-13 14:06:48] [0001.874] I> Device at /i2c@c250000:0x50
[2022-03-13 14:06:48] [0001.878] I> Reading eeprom i2c=7 address=0x57
[2022-03-13 14:06:48] [0001.907] I> Device at /i2c@c250000:0x57
[2022-03-13 14:06:48] [0001.911] I> Find /i2c@c240000's alias i2c1
[2022-03-13 14:06:48] [0001.915] I> Reading eeprom i2c=1 address=0x51
[2022-03-13 14:06:48] [0001.920] E> I2C: slave not found in slaves.
[2022-03-13 14:06:48] [0001.924] E> I2C: Could not write 0 bytes to slave: 0x00a2 with repeat start true.
[2022-03-13 14:06:48] [0001.932] E> I2C_DEV: Failed to send register address 0x00000000.
[2022-03-13 14:06:48] [0001.938] E> I2C_DEV: Could not read 256 registers of size 1 from slave 0xa2 at 0x00000000 via instance 1.
[2022-03-13 14:06:48] [0001.947] E> eeprom: Retry to read I2C slave device.
[2022-03-13 14:06:48] [0001.952] E> I2C: slave not found in slaves.
[2022-03-13 14:06:48] [0001.956] E> I2C: Could not write 0 bytes to slave: 0x00a2 with repeat start true.
[2022-03-13 14:06:48] [0001.964] E> I2C_DEV: Failed to send register address 0x00000000.
[2022-03-13 14:06:48] [0001.970] E> I2C_DEV: Could not read 256 registers of size 1 from slave 0xa2 at 0x00000000 via instance 1.
[2022-03-13 14:06:48] [0001.979] E> eeprom: Failed to read I2C slave device
[2022-03-13 14:06:48] [0001.984] I> Eeprom read failed 0x3526070d
[2022-03-13 14:06:48] [0001.989] I> Find /i2c@3160000's alias i2c0
[2022-03-13 14:06:48] [0001.993] I> Reading eeprom i2c=0 address=0x50
[2022-03-13 14:06:48] [0001.997] E> I2C: slave not found in slaves.
[2022-03-13 14:06:48] [0002.001] E> I2C: Could not write 0 bytes to slave: 0x00a0 with repeat start true.
[2022-03-13 14:06:48] [0002.009] E> I2C_DEV: Failed to send register address 0x00000000.
[2022-03-13 14:06:48] [0002.015] E> I2C_DEV: Could not read 256 registers of size 1 from slave 0xa0 at 0x00000000 via instance 0.
[2022-03-13 14:06:48] [0002.024] E> eeprom: Failed to read I2C slave device
[2022-03-13 14:06:48] [0002.029] I> Eeprom read failed 0x3526070d
[2022-03-13 14:06:48] [0002.034] I> Find /i2c@3180000's alias i2c2
[2022-03-13 14:06:48] [0002.038] I> Reading eeprom i2c=2 address=0x54
[2022-03-13 14:06:48] [0002.042] I> Enabling gpio chip_id = 2, gpio pin = 9
[2022-03-13 14:06:48] [0002.073] I> Disabling gpio chip_id = 2, gpio pin = 9
[2022-03-13 14:06:48] [0002.078] I> Device at /i2c@3180000:0x54
[2022-03-13 14:06:48] [0002.082] I> Reading eeprom i2c=2 address=0x57
[2022-03-13 14:06:48] [0002.086] I> Enabling gpio chip_id = 2, gpio pin = 9
[2022-03-13 14:06:48] [0002.092] E> I2C: slave not found in slaves.
[2022-03-13 14:06:48] [0002.096] E> I2C: Could not write 0 bytes to slave: 0x00ae with repeat start true.
[2022-03-13 14:06:48] [0002.103] E> I2C_DEV: Failed to send register address 0x00000000.
[2022-03-13 14:06:48] [0002.109] E> I2C_DEV: Could not read 256 registers of size 1 from slave 0xae at 0x00000000 via instance 2.
[2022-03-13 14:06:48] [0002.119] E> eeprom: Failed to read I2C slave device
[2022-03-13 14:06:48] [0002.123] I> Disabling gpio chip_id = 2, gpio pin = 9
[2022-03-13 14:06:48] [0002.129] I> Eeprom read failed 0x00000000
[2022-03-13 14:06:48] [0002.133] I> create_pm_ids: id: 3310-1000-D00-L, len: 15
[2022-03-13 14:06:48] [0002.138] I> config: mem-type:00,power-config:00,misc-config:00,modem-config:00,touch-config:00,display-config:00,, len: 93
[2022-03-13 14:06:48] [0002.149] I> create_pm_ids: id: 2597-0000-900-E, len: 15
[2022-03-13 14:06:48] [0002.154] I> config: mem-type:00,power-config:00,misc-config:00,modem-config:00,touch-config:00,display-config:00,, len: 93
[2022-03-13 14:06:48] [0002.165] I> create_pm_ids: id: 3326-1000-000-M, len: 15
[2022-03-13 14:06:48] [0002.170] I> config: mem-type:ff,power-config:ff,misc-config:ff,modem-config:ff,touch-config:ff,display-config:ff,, len: 93
[2022-03-13 14:06:48] [0002.205] I> enabling 'vdd-hdmi' regulator
[2022-03-13 14:06:48] [0002.220] I> regulator 'vdd-hdmi' already enabled
[2022-03-13 14:06:48] [0002.225] E> tegrabl_display_init_regulator: hdmi cable is not connected
[2022-03-13 14:06:48] [0002.232] E> tegrabl_display_get_pdata, failed to parse dtb settings
[2022-03-13 14:06:48] [0002.240] E> cannot find any other nvdisp nodes
[2022-03-13 14:06:48] [0002.245] E> no valid display unit config found in dtb
[2022-03-13 14:06:48] [0002.251] W> display init failed
[2022-03-13 14:06:48] [0002.254] initializing target
[2022-03-13 14:06:48] [0002.257] calling apps_init()
[2022-03-13 14:06:48] [0002.260] starting app kernel_boot_app
[2022-03-13 14:06:48] [0002.282] I> found decompressor handler: lz4-legacy
[2022-03-13 14:06:48] [0002.287] I> decompressing BMP blob ...
[2022-03-13 14:06:48] [0002.299] I> Kernel type = Normal
[2022-03-13 14:06:48] [0002.302] I> ########## Fixed storage boot ##########
[2022-03-13 14:06:48] [0002.307] I> Loading kernel-bootctrl from partition
[2022-03-13 14:06:48] [0002.312] I> Loading partition kernel-bootctrl at 0xa8000000 from device(0x1)
[2022-03-13 14:06:48] [0002.326] W> tegrabl_get_kernel_bootctrl: magic number(0x00000000) is invalid
[2022-03-13 14:06:48] [0002.333] W> tegrabl_get_kernel_bootctrl: use default dummy boot control data
[2022-03-13 14:06:48] [0002.340] W> No valid slot number is found in scratch register
[2022-03-13 14:06:48] [0002.345] W> Return default slot: _a
[2022-03-13 14:06:48] [0002.349] I> A/B: bin_type (24) slot 0
[2022-03-13 14:06:48] [0002.364] I> Boot image size read from image header: 9913d
[2022-03-13 14:06:48] [0002.369] I> Boot image load address: 0x80400000
[2022-03-13 14:06:48] [0002.374] I> Loading kernel from partition
[2022-03-13 14:06:48] [0002.378] I> Loading partition kernel at 0x80400000 from device(0x1)
[2022-03-13 14:06:49] [0003.320] I> Validate kernel ...
[2022-03-13 14:06:49] [0003.323] I> T18x: Authenticate kernel (bin_type 24), max size 0x4000000
[2022-03-13 14:06:49] [0003.331] I> Decrypt the buffer ... [0003.334] W> tegrabl_decrypt_block: fuse (0x0) is not burnt to do encryption (0x4); skip decryption.
[2022-03-13 14:06:49] [0003.343] I> done
[2022-03-13 14:06:49] [0003.345] I> Checking boot.img header magic ... [0003.349] I> [OK]
[2022-03-13 14:06:49] [0003.351] I> kernel-dtb is already loaded
[2022-03-13 14:06:49] [0003.355] I> Validate kernel-dtb ...
[2022-03-13 14:06:49] [0003.358] I> T18x: Authenticate kernel-dtb (bin_type 21), max size 0x100000
[2022-03-13 14:06:49] [0003.366] I> Decrypt the buffer ... [0003.369] W> tegrabl_decrypt_block: fuse (0x0) is not burnt to do encryption (0x4); skip decryption.
[2022-03-13 14:06:49] [0003.378] I> done
[2022-03-13 14:06:49] [0003.380] I> Kernel hdr @0x80400000
[2022-03-13 14:06:49] [0003.383] I> Kernel dtb @0x80000000
[2022-03-13 14:06:49] [0003.386] I> decompressor handler not found
[2022-03-13 14:06:49] [0003.390] I> Copying kernel image (627005 bytes) from 0x80400800 to 0x80600000 ... [0003.398] I> Done
[2022-03-13 14:06:49] [0003.400] I> Move ramdisk (len: 0) from 0x8049a000 to 0x947d0000
[2022-03-13 14:06:49] [0003.407] I> Updated bpmp info to DTB
[2022-03-13 14:06:49] [0003.413] I> Ramdisk: Base: 0x947d0000; Size: 0x0
[2022-03-13 14:06:49] [0003.418] I> Updated initrd info to DTB
[2022-03-13 14:06:49] [0003.421] W> WARN: Fail to override "console=none" in commandline
[2022-03-13 14:06:49] [0003.427] I> Active rootfs suffix: 
[2022-03-13 14:06:49] [0003.431] E> tegrabl_linuxboot_add_disp_param, du 0 failed to get display params
[2022-03-13 14:06:49] [0003.438] E> tegrabl_linuxboot_add_disp_param, du 0 failed to get display params
[2022-03-13 14:06:49] [0003.445] E> tegrabl_linuxboot_add_disp_param, du 0 failed to get display params
[2022-03-13 14:06:49] [0003.452] I> disabled_core_mask: 0xffffff0c
[2022-03-13 14:06:49] [0003.456] W> No valid slot number is found in scratch register
[2022-03-13 14:06:49] [0003.462] W> Return default slot: _a
[2022-03-13 14:06:49] [0003.465] I> Active slot suffix: 
[2022-03-13 14:06:49] [0003.469] I> add_boot_slot_suffix: slot_suffix = 
[2022-03-13 14:06:49] [0003.473] I> Linux Cmdline: console=ttyS0,115200 androidboot.presilicon=true firmware_class.path=/etc/firmware root=/dev/mmcblk0p1 rw rootwait rootfstype=ext4 console=ttyS0,115200n8 console=tty0 fbcon=map:0 net.ifnames=0 isolcpus=1-2  video=tegrafb earlycon=uart8250,mmio32,0x3100000 nvdumper_reserved=0x2772e0000 gpt rootfs.slot_suffix= usbcore.old_scheme_first=1 tegraid=18.1.2.0.0 maxcpus=6 no_console_suspend boot.slot_suffix= boot.ratchetvalues=0.2031647.1 vpr_resize bl_prof_dataptr=0x10000@0x275840000 sdhci_tegra.en_boot_part_access=1 
[2022-03-13 14:06:50] [0003.521] I> Updated bootarg info to DTB
[2022-03-13 14:06:50] [0003.524] I> eeprom_get_mac_addr: MAC (type: 0): 48:b0:2d:0f:11:c5
[2022-03-13 14:06:50] [0003.531] I> eeprom_get_mac_addr: MAC (type: 1): 48:b0:2d:0f:11:c6
[2022-03-13 14:06:50] [0003.537] I> eeprom_get_mac_addr: MAC (type: 2): 48:b0:2d:0f:11:c7
[2022-03-13 14:06:50] [0003.543] E> Found no plugin manager ids in source DT
[2022-03-13 14:06:50] [0003.548] W> Add plugin manager ids from board info
[2022-03-13 14:06:50] [0003.553] W> "plugin-manager" doesn't exist, creating
[2022-03-13 14:06:50] [0003.557] W> "ids" doesn't exist, creating
[2022-03-13 14:06:50] [0003.562] W> "connection" doesn't exist, creating
[2022-03-13 14:06:50] [0003.566] W> "configs" doesn't exist, creating
[2022-03-13 14:06:50] [0003.570] I> create_pm_ids: id: 3310-1000-D00-L, len: 15
[2022-03-13 14:06:50] [0003.576] I> config: mem-type:00,power-config:00,misc-config:00,modem-config:00,touch-config:00,display-config:00,, len: 93
[2022-03-13 14:06:50] [0003.587] I> create_pm_ids: id: 2597-0000-900-E, len: 15
[2022-03-13 14:06:50] [0003.592] I> config: mem-type:00,power-config:00,misc-config:00,modem-config:00,touch-config:00,display-config:00,, len: 93
[2022-03-13 14:06:50] [0003.603] I> create_pm_ids: id: 3326-1000-000-M, len: 15
[2022-03-13 14:06:50] [0003.608] I> config: mem-type:ff,power-config:ff,misc-config:ff,modem-config:ff,touch-config:ff,display-config:ff,, len: 93
[2022-03-13 14:06:50] [0003.619] I> Adding plugin-manager/ids/3310-1000-D00=/i2c@c250000:module@0x50
[2022-03-13 14:06:50] [0003.626] W> "i2c@c250000" doesn't exist, creating
[2022-03-13 14:06:50] [0003.631] W> "module@0x50" doesn't exist, creating
[2022-03-13 14:06:50] [0003.636] I> Adding plugin-manager/ids/2597-0000-900=/i2c@c250000:module@0x57
[2022-03-13 14:06:50] [0003.643] W> "module@0x57" doesn't exist, creating
[2022-03-13 14:06:50] [0003.648] I> Adding plugin-manager/ids/3326-1000-000=/i2c@3180000:module@0x54
[2022-03-13 14:06:50] [0003.655] W> "i2c@3180000" doesn't exist, creating
[2022-03-13 14:06:50] [0003.660] W> "module@0x54" doesn't exist, creating
[2022-03-13 14:06:50] [0003.667] I> Adding plugin-manager/ids/3310-1000-D00-L
[2022-03-13 14:06:50] [0003.674] I> Adding plugin-manager/configs/3310-mem-type 00
[2022-03-13 14:06:50] [0003.679] I> Adding plugin-manager/configs/3310-power-config 00
[2022-03-13 14:06:50] [0003.685] I> Adding plugin-manager/configs/3310-misc-config 00
[2022-03-13 14:06:50] [0003.691] I> Adding plugin-manager/configs/3310-modem-config 00
[2022-03-13 14:06:50] [0003.697] I> Adding plugin-manager/configs/3310-touch-config 00
[2022-03-13 14:06:50] [0003.703] I> Adding plugin-manager/configs/3310-display-config 00
[2022-03-13 14:06:50] [0003.709] I> Adding plugin-manager/cvm
[2022-03-13 14:06:50] [0003.713] W> "chip-id" doesn't exist, creating
[2022-03-13 14:06:50] [0003.717] I> Adding plugin-manager/chip-id/A02P
[2022-03-13 14:06:50] [0003.722] W> "odm-data" doesn't exist, creating
[2022-03-13 14:06:50] [0003.726] I> Adding /chosen/plugin-manager/odm-data
[2022-03-13 14:06:50] [0003.736] I> added [base:0x80000000, size:0x70000000] to /memory
[2022-03-13 14:06:50] [0003.742] I> added [base:0xf0200000, size:0x185600000] to /memory
[2022-03-13 14:06:50] [0003.748] I> added [base:0x275e00000, size:0x200000] to /memory
[2022-03-13 14:06:50] [0003.754] I> added [base:0x276600000, size:0x200000] to /memory
[2022-03-13 14:06:50] [0003.760] I> added [base:0x277000000, size:0x200000] to /memory
[2022-03-13 14:06:50] [0003.765] I> Updated memory info to DTB
[2022-03-13 14:06:50] [0003.770] E> add_disp_param: failed to get display params for du=0
[2022-03-13 14:06:50] [0003.778] W> "reset" doesn't exist, creating
[2022-03-13 14:06:50] [0003.782] W> "pmc-reset-reason" doesn't exist, creating
[2022-03-13 14:06:50] [0003.787] W> "pmic-reset-reason" doesn't exist, creating
[2022-03-13 14:06:50] [0003.794] I> Adding ecid(00000001646db7851000000013038200) to DT
[2022-03-13 14:06:50] [0003.800] I> disabled_core_mask: 0xffffff0c
[2022-03-13 14:06:50] [0003.812] I> Add serial number:1422420022173 as DT property
[2022-03-13 14:06:50] [0003.821] I> Plugin-manager override starting
[2022-03-13 14:06:50] [0003.827] I> node /plugin-manager/fragement@0 matches
[2022-03-13 14:06:50] [0003.837] I> node /plugin-manager/fragement@4 matches
[2022-03-13 14:06:50] [0003.850] I> node /plugin-manager/fragment-sdwake-p3310-1000-300 matches
[2022-03-13 14:06:50] [0003.870] I> node /plugin-manager/fragement-pmon-p3310-1000-300 matches
[2022-03-13 14:06:50] [0003.880] I> node /plugin-manager/fragement-pmon-p3310-1000-800 matches
[2022-03-13 14:06:50] [0003.889] I> node /plugin-manager/fragment-devslp@0 matches
[2022-03-13 14:06:50] [0003.901] I> node /plugin-manager/fragment-500-pcie-config matches
[2022-03-13 14:06:50] [0003.916] I> node /plugin-manager/fragment-500-xusb-config matches
[2022-03-13 14:06:50] [0003.939] I> node /plugin-manager/fragment-p3310-c00-comm matches
[2022-03-13 14:06:50] [0003.953] I> node /plugin-manager/fragment-p3310-c00-pmic matches
