[0000.275] I> Welcome to MB2(TBoot-BPMP)(version: 01.00.160913-t186-M-00.00-mobile-c368a720)
[2022-03-12 14:43:24] [0000.283] I> Boot-device: eMMC
[2022-03-12 14:43:24] [0000.291] I> sdmmc bdev is already initialized
[2022-03-12 14:43:24] [0000.295] I> pmic: reset reason (nverc)	: 0x80
[2022-03-12 14:43:24] [0000.328] I> Found 19 partitions in SDMMC_BOOT (instance 3)
[2022-03-12 14:43:24] [0000.348] I> Found 33 partitions in SDMMC_USER (instance 3)
[2022-03-12 14:43:24] [0000.354] W> No valid slot number is found in scratch register
[2022-03-12 14:43:24] [0000.360] W> Return default slot: _a
[2022-03-12 14:43:24] [0000.363] I> A/B: bin_type (16) slot 0
[2022-03-12 14:43:24] [0000.367] I> Loading partition bpmp-fw at 0xd7800000
[2022-03-12 14:43:24] [0000.372] I> Reading two headers - addr:0xd7800000 blocks:1
[2022-03-12 14:43:24] [0000.377] I> Addr: 0xd7800000, start-block: 58777608, num_blocks: 1
[2022-03-12 14:43:24] [0000.402] I> Binary(16) of size 534416 is loaded @ 0xd7800000
[2022-03-12 14:43:24] [0000.408] W> No valid slot number is found in scratch register
[2022-03-12 14:43:24] [0000.413] W> Return default slot: _a
[2022-03-12 14:43:24] [0000.417] I> A/B: bin_type (17) slot 0
[2022-03-12 14:43:24] [0000.420] I> Loading partition bpmp-fw-dtb at 0xd79f0000
[2022-03-12 14:43:24] [0000.426] I> Reading two headers - addr:0xd79f0000 blocks:1
[2022-03-12 14:43:24] [0000.431] I> Addr: 0xd79f0000, start-block: 58780024, num_blocks: 1
[2022-03-12 14:43:24] [0000.457] I> Binary(17) of size 604720 is loaded @ 0xd796c400
[2022-03-12 14:43:24] [0000.687] I> Loading SCE-FW ...
[2022-03-12 14:43:24] [0000.690] W> No valid slot number is found in scratch register
[2022-03-12 14:43:24] [0000.695] W> Return default slot: _a
[2022-03-12 14:43:24] [0000.699] I> A/B: bin_type (12) slot 0
[2022-03-12 14:43:24] [0000.702] I> Loading partition sce-fw at 0xd7300000
[2022-03-12 14:43:24] [0000.707] I> Reading two headers - addr:0xd7300000 blocks:1
[2022-03-12 14:43:24] [0000.713] I> Addr: 0xd7300000, start-block: 58784120, num_blocks: 1
[2022-03-12 14:43:24] [0000.732] I> Binary(12) of size 125632 is loaded @ 0xd7300000
[2022-03-12 14:43:24] [0000.737] I> Init SCE
[2022-03-12 14:43:24] [0000.740] I> Loading APE-FW ...
[2022-03-12 14:43:24] [0000.743] W> No valid slot number is found in scratch register
[2022-03-12 14:43:24] [0000.749] W> Return default slot: _a
[2022-03-12 14:43:24] [0000.752] I> A/B: bin_type (11) slot 0
[2022-03-12 14:43:24] [0000.756] I> Loading partition adsp-fw at 0xd7400000
[2022-03-12 14:43:24] [0000.760] I> Reading two headers - addr:0xd7400000 blocks:1
[2022-03-12 14:43:24] [0000.766] I> Addr: 0xd7400000, start-block: 58761224, num_blocks: 1
[2022-03-12 14:43:24] [0000.785] I> Binary(11) of size 77216 is loaded @ 0xd7400000
[2022-03-12 14:43:24] [0000.791] I> Copy BTCM section
[2022-03-12 14:43:24] [0000.794] W> No valid slot number is found in scratch register
[2022-03-12 14:43:24] [0000.799] W> Return default slot: _a
[2022-03-12 14:43:24] [0000.803] I> A/B: bin_type (13) slot 0
[2022-03-12 14:43:24] [0000.806] I> Loading partition cpu-bootloader at 0x96000000
[2022-03-12 14:43:24] [0000.812] I> Reading two headers - addr:0x96000000 blocks:1
[2022-03-12 14:43:24] [0000.817] I> Addr: 0x96000000, start-block: 58740744, num_blocks: 1
[2022-03-12 14:43:24] [0000.838] I> Binary(13) of size 308800 is loaded @ 0x96000000
[2022-03-12 14:43:24] [0000.844] W> No valid slot number is found in scratch register
[2022-03-12 14:43:24] [0000.850] W> Return default slot: _a
[2022-03-12 14:43:24] [0000.853] I> A/B: bin_type (20) slot 0
[2022-03-12 14:43:24] [0000.857] I> Loading partition bootloader-dtb at 0x85205400
[2022-03-12 14:43:24] [0000.862] I> Reading two headers - addr:0x85205400 blocks:1
[2022-03-12 14:43:24] [0000.867] I> Addr: 0x85205400, start-block: 58742792, num_blocks: 1
[2022-03-12 14:43:24] [0000.889] I> Binary(20) of size 375568 is loaded @ 0x85205400
[2022-03-12 14:43:24] [0000.895] W> No valid slot number is found in scratch register
[2022-03-12 14:43:24] [0000.901] W> Return default slot: _a
[2022-03-12 14:43:24] [0000.904] I> A/B: bin_type (14) slot 0
[2022-03-12 14:43:24] [0000.908] I> Loading partition secure-os at 0x85305600
[2022-03-12 14:43:24] [0000.913] I> Reading two headers - addr:0x85305600 blocks:1
[2022-03-12 14:43:24] [0000.918] I> Addr: 0x85305600, start-block: 58744840, num_blocks: 1
[2022-03-12 14:43:24] [0000.940] I> Binary(14) of size 402864 is loaded @ 0x85305600
[2022-03-12 14:43:24] [0000.948] I> TOS boot-params @ 0x85000000
[2022-03-12 14:43:24] [0000.952] I> TOS params prepared
[2022-03-12 14:43:24] [0000.955] I> Loading EKS ...
[2022-03-12 14:43:24] [0000.958] I> A/B: bin_type (15) slot 0
[2022-03-12 14:43:24] [0000.961] I> Loading partition eks at 0x85905800
[2022-03-12 14:43:24] [0000.966] I> Reading two headers - addr:0x85905800 blocks:1
[2022-03-12 14:43:24] [0000.971] I> Addr: 0x85905800, start-block: 58757128, num_blocks: 1
[2022-03-12 14:43:24] [0000.990] I> Binary(15) of size 1040 is loaded @ 0x85905800
[2022-03-12 14:43:24] [0000.996] I> EKB detected (length: 0x400) @ 0x85905800
[2022-03-12 14:43:24] [0001.001] I> Copied encrypted keys
[2022-03-12 14:43:24] [0001.004] I> boot profiler @ 0x275844000
[2022-03-12 14:43:24] [0001.008] I> boot profiler for TOS @ 0x275844000
[2022-03-12 14:43:24] [0001.013] I> Unhalting SCE
[2022-03-12 14:43:24] [0001.016] I> Primary Memory Start:80000000 Size:70000000
[2022-03-12 14:43:24] [0001.021] I> Extended Memory Start:f0110000 Size:1856f0000
[2022-03-12 14:43:24] [0001.028] I> MB2(TBoot-BPMP) done
[2022-03-12 14:43:24] 
[2022-03-12 14:43:24] NOTICE:  BL31: v1.3(release):b5eeb33f7
[2022-03-12 14:43:24] NOTICE:  BL31: Built : 12:15:17, Jul 26 2021
[2022-03-12 14:43:24] ipc-unittest-main: 1519: Welcome to IPC unittest!!!
[2022-03-12 14:43:24] ipc-unittest-main: 1531: waiting forever
[2022-03-12 14:43:24] ipc-unittest-srv: 329: Init unittest services!!!
[2022-03-12 14:43:24] hwkey-agent: 41: hwkey-agent is running!!
[2022-03-12 14:43:25] hwkey-agent: 315: key_mgnt_processing .......
[2022-03-12 14:43:25] hwkey-agent: 223: Setting EKB key 0 to slot 14
[2022-03-12 14:43:25] hwkey-agent: 178: Init hweky-agent services!!
[2022-03-12 14:43:25] luks-srv: 40: luks-srv is running!!
[2022-03-12 14:43:25] luks-srv: 157: Init luks-srv IPC services!!
[2022-03-12 14:43:25] platform_bootstrap_epilog: trusty bootstrap complete
[2022-03-12 14:43:25] [0001.400] I> Welcome to Cboot
[2022-03-12 14:43:25] [0001.403] I> Cboot Version: t186-00029e71
[2022-03-12 14:43:25] [0001.406] I> CPU-BL Params @ 0x275800000
[2022-03-12 14:43:25] [0001.410] I>  0) Base:0x00000000 Size:0x00000000
[2022-03-12 14:43:25] [0001.415] I>  1) Base:0x277f00000 Size:0x00100000
[2022-03-12 14:43:25] [0001.419] I>  2) Base:0x277e00000 Size:0x00100000
[2022-03-12 14:43:25] [0001.424] I>  3) Base:0x277d00000 Size:0x00100000
[2022-03-12 14:43:25] [0001.428] I>  4) Base:0x277c00000 Size:0x00100000
[2022-03-12 14:43:25] [0001.433] I>  5) Base:0x277b00000 Size:0x00100000
[2022-03-12 14:43:25] [0001.437] I>  6) Base:0x277800000 Size:0x00200000
[2022-03-12 14:43:25] [0001.442] I>  7) Base:0x277400000 Size:0x00400000
[2022-03-12 14:43:25] [0001.446] I>  8) Base:0x277a00000 Size:0x00100000
[2022-03-12 14:43:25] [0001.451] I>  9) Base:0x277300000 Size:0x00100000
[2022-03-12 14:43:25] [0001.455] I> 10) Base:0x276800000 Size:0x00800000
[2022-03-12 14:43:25] [0001.460] I> 11) Base:0x30000000 Size:0x00040000
[2022-03-12 14:43:25] [0001.464] I> 12) Base:0xf0000000 Size:0x00100000
[2022-03-12 14:43:25] [0001.469] I> 13) Base:0x30040000 Size:0x00001000
[2022-03-12 14:43:25] [0001.473] I> 14) Base:0x30048000 Size:0x00001000
[2022-03-12 14:43:25] [0001.478] I> 15) Base:0x30049000 Size:0x00001000
[2022-03-12 14:43:25] [0001.482] I> 16) Base:0x3004a000 Size:0x00001000
[2022-03-12 14:43:25] [0001.486] I> 17) Base:0x3004b000 Size:0x00001000
[2022-03-12 14:43:25] [0001.491] I> 18) Base:0x3004c000 Size:0x00001000
[2022-03-12 14:43:25] [0001.495] I> 19) Base:0x3004d000 Size:0x00001000
[2022-03-12 14:43:25] [0001.500] I> 20) Base:0x3004e000 Size:0x00001000
[2022-03-12 14:43:25] [0001.504] I> 21) Base:0x3004f000 Size:0x00001000
[2022-03-12 14:43:25] [0001.509] I> 22) Base:0x00000000 Size:0x00000000
[2022-03-12 14:43:25] [0001.513] I> 23) Base:0xf0100000 Size:0x00010000
[2022-03-12 14:43:25] [0001.517] I> 24) Base:0x00000000 Size:0x00000000
[2022-03-12 14:43:25] [0001.522] I> 25) Base:0x00000000 Size:0x00000000
[2022-03-12 14:43:25] [0001.526] I> 26) Base:0x00000000 Size:0x00000000
[2022-03-12 14:43:25] [0001.531] I> 27) Base:0x00000000 Size:0x00000000
[2022-03-12 14:43:25] [0001.535] I> 28) Base:0x84400000 Size:0x00400000
[2022-03-12 14:43:25] [0001.540] I> 29) Base:0x30000000 Size:0x00010000
[2022-03-12 14:43:25] [0001.544] I> 30) Base:0x278000000 Size:0x08000000
[2022-03-12 14:43:25] [0001.549] I> 31) Base:0x00000000 Size:0x00000000
[2022-03-12 14:43:25] [0001.553] I> 32) Base:0x276000000 Size:0x00600000
[2022-03-12 14:43:25] [0001.558] I> 33) Base:0x80000000 Size:0x70000000
[2022-03-12 14:43:25] [0001.562] I> 34) Base:0xf0110000 Size:0x1856f0000
[2022-03-12 14:43:25] [0001.566] I> 35) Base:0x00000000 Size:0x00000000
[2022-03-12 14:43:25] [0001.571] I> 36) Base:0x00000000 Size:0x00000000
[2022-03-12 14:43:25] [0001.575] I> 37) Base:0x2772e0000 Size:0x00020000
[2022-03-12 14:43:25] [0001.580] I> 38) Base:0x84000000 Size:0x00400000
[2022-03-12 14:43:25] [0001.584] I> 39) Base:0x96000000 Size:0x02000000
[2022-03-12 14:43:25] [0001.589] I> 40) Base:0x85000000 Size:0x01200000
[2022-03-12 14:43:25] [0001.593] I> 41) Base:0x275800000 Size:0x00500000
[2022-03-12 14:43:25] [0001.598] I> 42) Base:0x00000000 Size:0x00000000
[2022-03-12 14:43:25] [0001.602] I> 43) Base:0x00000000 Size:0x00000000
[2022-03-12 14:43:25] [0001.607] GIC-SPI Target CPU: 4
[2022-03-12 14:43:25] [0001.610] Interrupts Init done
[2022-03-12 14:43:25] [0001.613] calling constructors
[2022-03-12 14:43:25] [0001.616] initializing heap
[2022-03-12 14:43:25] [0001.619] initializing threads
[2022-03-12 14:43:25] [0001.622] initializing timers
[2022-03-12 14:43:25] [0001.625] creating bootstrap completion thread
[2022-03-12 14:43:25] [0001.630] top of bootstrap2()
[2022-03-12 14:43:25] [0001.633] CPU: ARM Cortex A57
[2022-03-12 14:43:25] [0001.636] CPU: MIDR: 0x411FD073, MPIDR: 0x80000100
[2022-03-12 14:43:25] [0001.641] initializing platform
[2022-03-12 14:43:25] [0001.645] I> Bl_dtb @0x85205400
[2022-03-12 14:43:25] [0001.647] I> gpio framework initialized
[2022-03-12 14:43:25] [0001.654] I> tegrabl_gpio_driver_register: register 'nvidia,tegra186-gpio' driver
[2022-03-12 14:43:25] [0001.664] I> tegrabl_gpio_driver_register: register 'nvidia,tegra186-gpio-aon' driver
[2022-03-12 14:43:25] [0001.672] I> GPIO framework and drivers are initialized.
[2022-03-12 14:43:25] [0001.677] I> Boot-device: eMMC
[2022-03-12 14:43:25] [0001.684] I> sdmmc bdev is already initialized
[2022-03-12 14:43:25] [0001.715] I> Found 19 partitions in SDMMC_BOOT (instance 3)
[2022-03-12 14:43:25] [0001.732] I> Found 33 partitions in SDMMC_USER (instance 3)
[2022-03-12 14:43:25] [0001.738] W> opt-in fuse is not set, skip fuse_burning
[2022-03-12 14:43:25] [0001.743] I> Reserved memory at 0xfbe00000 for U-Boot relocation
[2022-03-12 14:43:25] [0001.749] W> No valid slot number is found in scratch register
[2022-03-12 14:43:25] [0001.754] W> Return default slot: _a
[2022-03-12 14:43:25] [0001.764] I> A/B: bin_type (21) slot 0
[2022-03-12 14:43:25] [0001.767] I> Loading kernel-dtb from partition
[2022-03-12 14:43:25] [0001.772] I> Loading partition kernel-dtb at 0x80000000 from device(0x1)
[2022-03-12 14:43:25] [0001.789] I> Kernel_dtb @0x80000000
[2022-03-12 14:43:25] [0001.792] I> tegrabl_tca9539_init: i2c bus: 0, slave addr: 0xee
[2022-03-12 14:43:25] [0001.803] I> tegrabl_gpio_driver_register: register 'tca9539_gpio_driver' driver
[2022-03-12 14:43:25] [0001.810] I> tegrabl_tca9539_init: i2c bus: 0, slave addr: 0xe8
[2022-03-12 14:43:25] [0001.819] I> tegrabl_gpio_driver_register: register 'tca9539_gpio_driver' driver
[2022-03-12 14:43:25] [0001.829] I> fixed regulator driver initialized
[2022-03-12 14:43:25] [0001.862] I> register 'maxim' power off handle
[2022-03-12 14:43:25] [0001.868] I> virtual i2c enabled
[2022-03-12 14:43:25] [0001.872] I> registered 'maxim,max77620' pmic
[2022-03-12 14:43:25] [0001.876] I> tegrabl_gpio_driver_register: register 'max77620-gpio' driver
[2022-03-12 14:43:25] [0001.890] E> failed to read label property for node 324936: 13
[2022-03-12 14:43:25] [0001.898] E> failed to read reg property for node 325032: 13
[2022-03-12 14:43:25] [0001.907] E> failed to read reg property for node 325084: 13
[2022-03-12 14:43:25] [0001.915] E> failed to read label property for node 325168: 13
[2022-03-12 14:43:25] [0001.923] E> failed to read label property for node 325236: 13
[2022-03-12 14:43:25] [0001.932] E> failed to read reg property for node 325304: 13
[2022-03-12 14:43:25] [0001.940] E> failed to read reg property for node 325376: 13
[2022-03-12 14:43:25] [0001.950] I> Find /i2c@c250000's alias i2c7
[2022-03-12 14:43:25] [0001.954] I> Reading eeprom i2c=7 address=0x50
[2022-03-12 14:43:25] [0001.983] I> Device at /i2c@c250000:0x50
[2022-03-12 14:43:25] [0001.987] I> Reading eeprom i2c=7 address=0x57
[2022-03-12 14:43:25] [0002.016] I> Device at /i2c@c250000:0x57
[2022-03-12 14:43:25] [0002.020] I> Find /i2c@c240000's alias i2c1
[2022-03-12 14:43:25] [0002.024] I> Reading eeprom i2c=1 address=0x51
[2022-03-12 14:43:25] [0002.029] E> I2C: slave not found in slaves.
[2022-03-12 14:43:25] [0002.034] E> I2C: Could not write 0 bytes to slave: 0x00a2 with repeat start true.
[2022-03-12 14:43:25] [0002.041] E> I2C_DEV: Failed to send register address 0x00000000.
[2022-03-12 14:43:25] [0002.047] E> I2C_DEV: Could not read 256 registers of size 1 from slave 0xa2 at 0x00000000 via instance 1.
[2022-03-12 14:43:25] [0002.057] E> eeprom: Retry to read I2C slave device.
[2022-03-12 14:43:25] [0002.062] E> I2C: slave not found in slaves.
[2022-03-12 14:43:26] [0002.066] E> I2C: Could not write 0 bytes to slave: 0x00a2 with repeat start true.
[2022-03-12 14:43:26] [0002.073] E> I2C_DEV: Failed to send register address 0x00000000.
[2022-03-12 14:43:26] [0002.079] E> I2C_DEV: Could not read 256 registers of size 1 from slave 0xa2 at 0x00000000 via instance 1.
[2022-03-12 14:43:26] [0002.089] E> eeprom: Failed to read I2C slave device
[2022-03-12 14:43:26] [0002.093] I> Eeprom read failed 0x3526070d
[2022-03-12 14:43:26] [0002.098] I> Find /i2c@3160000's alias i2c0
[2022-03-12 14:43:26] [0002.102] I> Reading eeprom i2c=0 address=0x50
[2022-03-12 14:43:26] [0002.106] E> I2C: slave not found in slaves.
[2022-03-12 14:43:26] [0002.110] E> I2C: Could not write 0 bytes to slave: 0x00a0 with repeat start true.
[2022-03-12 14:43:26] [0002.118] E> I2C_DEV: Failed to send register address 0x00000000.
[2022-03-12 14:43:26] [0002.124] E> I2C_DEV: Could not read 256 registers of size 1 from slave 0xa0 at 0x00000000 via instance 0.
[2022-03-12 14:43:26] [0002.134] E> eeprom: Failed to read I2C slave device
[2022-03-12 14:43:26] [0002.138] I> Eeprom read failed 0x3526070d
[2022-03-12 14:43:26] [0002.143] I> Find /i2c@3180000's alias i2c2
[2022-03-12 14:43:26] [0002.147] I> Reading eeprom i2c=2 address=0x54
[2022-03-12 14:43:26] [0002.151] I> Enabling gpio chip_id = 2, gpio pin = 9
[2022-03-12 14:43:26] [0002.182] I> Disabling gpio chip_id = 2, gpio pin = 9
[2022-03-12 14:43:26] [0002.187] I> Device at /i2c@3180000:0x54
[2022-03-12 14:43:26] [0002.191] I> Reading eeprom i2c=2 address=0x57
[2022-03-12 14:43:26] [0002.195] I> Enabling gpio chip_id = 2, gpio pin = 9
[2022-03-12 14:43:26] [0002.201] E> I2C: slave not found in slaves.
[2022-03-12 14:43:26] [0002.205] E> I2C: Could not write 0 bytes to slave: 0x00ae with repeat start true.
[2022-03-12 14:43:26] [0002.213] E> I2C_DEV: Failed to send register address 0x00000000.
[2022-03-12 14:43:26] [0002.219] E> I2C_DEV: Could not read 256 registers of size 1 from slave 0xae at 0x00000000 via instance 2.
[2022-03-12 14:43:26] [0002.228] E> eeprom: Failed to read I2C slave device
[2022-03-12 14:43:26] [0002.233] I> Disabling gpio chip_id = 2, gpio pin = 9
[2022-03-12 14:43:26] [0002.238] I> Eeprom read failed 0x00000000
[2022-03-12 14:43:26] [0002.242] I> create_pm_ids: id: 3310-1000-D00-L, len: 15
[2022-03-12 14:43:26] [0002.247] I> config: mem-type:00,power-config:00,misc-config:00,modem-config:00,touch-config:00,display-config:00,, len: 93
[2022-03-12 14:43:26] [0002.258] I> create_pm_ids: id: 2597-0000-900-E, len: 15
[2022-03-12 14:43:26] [0002.263] I> config: mem-type:00,power-config:00,misc-config:00,modem-config:00,touch-config:00,display-config:00,, len: 93
[2022-03-12 14:43:26] [0002.274] I> create_pm_ids: id: 3326-1000-000-M, len: 15
[2022-03-12 14:43:26] [0002.279] I> config: mem-type:ff,power-config:ff,misc-config:ff,modem-config:ff,touch-config:ff,display-config:ff,, len: 93
[2022-03-12 14:43:26] [0002.314] I> enabling 'vdd-hdmi' regulator
[2022-03-12 14:43:26] [0002.330] I> regulator 'vdd-hdmi' already enabled
[2022-03-12 14:43:26] [0002.334] E> tegrabl_display_init_regulator: hdmi cable is not connected
[2022-03-12 14:43:26] [0002.341] E> tegrabl_display_get_pdata, failed to parse dtb settings
[2022-03-12 14:43:26] [0002.350] E> cannot find any other nvdisp nodes
[2022-03-12 14:43:26] [0002.354] E> no valid display unit config found in dtb
[2022-03-12 14:43:26] [0002.360] W> display init failed
[2022-03-12 14:43:26] [0002.363] initializing target
[2022-03-12 14:43:26] [0002.366] calling apps_init()
[2022-03-12 14:43:26] [0002.369] starting app kernel_boot_app
[2022-03-12 14:43:26] [0002.391] I> found decompressor handler: lz4-legacy
[2022-03-12 14:43:26] [0002.396] I> decompressing BMP blob ...
[2022-03-12 14:43:26] [0002.408] I> Kernel type = Normal
[2022-03-12 14:43:26] [0002.411] I> ########## Fixed storage boot ##########
[2022-03-12 14:43:26] [0002.416] I> Loading kernel-bootctrl from partition
[2022-03-12 14:43:26] [0002.421] I> Loading partition kernel-bootctrl at 0xa8000000 from device(0x1)
[2022-03-12 14:43:26] [0002.435] W> tegrabl_get_kernel_bootctrl: magic number(0x00000000) is invalid
[2022-03-12 14:43:26] [0002.442] W> tegrabl_get_kernel_bootctrl: use default dummy boot control data
[2022-03-12 14:43:26] [0002.449] W> No valid slot number is found in scratch register
[2022-03-12 14:43:26] [0002.455] W> Return default slot: _a
[2022-03-12 14:43:26] [0002.458] I> A/B: bin_type (24) slot 0
[2022-03-12 14:43:26] [0002.474] I> Boot image size read from image header: 9913d
[2022-03-12 14:43:26] [0002.479] I> Boot image load address: 0x80400000
[2022-03-12 14:43:26] [0002.484] I> Loading kernel from partition
[2022-03-12 14:43:26] [0002.488] I> Loading partition kernel at 0x80400000 from device(0x1)
[2022-03-12 14:43:27] [0003.430] I> Validate kernel ...
[2022-03-12 14:43:27] [0003.433] I> T18x: Authenticate kernel (bin_type 24), max size 0x4000000
[2022-03-12 14:43:27] [0003.441] I> Decrypt the buffer ... [0003.444] W> tegrabl_decrypt_block: fuse (0x0) is not burnt to do encryption (0x4); skip decryption.
[2022-03-12 14:43:27] [0003.453] I> done
[2022-03-12 14:43:27] [0003.455] I> Checking boot.img header magic ... [0003.459] I> [OK]
[2022-03-12 14:43:27] [0003.461] I> kernel-dtb is already loaded
[2022-03-12 14:43:27] [0003.465] I> Validate kernel-dtb ...
[2022-03-12 14:43:27] [0003.468] I> T18x: Authenticate kernel-dtb (bin_type 21), max size 0x100000
[2022-03-12 14:43:27] [0003.476] I> Decrypt the buffer ... [0003.479] W> tegrabl_decrypt_block: fuse (0x0) is not burnt to do encryption (0x4); skip decryption.
[2022-03-12 14:43:27] [0003.488] I> done
[2022-03-12 14:43:27] [0003.490] I> Kernel hdr @0x80400000
[2022-03-12 14:43:27] [0003.493] I> Kernel dtb @0x80000000
[2022-03-12 14:43:27] [0003.496] I> decompressor handler not found
[2022-03-12 14:43:27] [0003.500] I> Copying kernel image (627005 bytes) from 0x80400800 to 0x80600000 ... [0003.508] I> Done
[2022-03-12 14:43:27] [0003.509] I> Move ramdisk (len: 0) from 0x8049a000 to 0x947d0000
[2022-03-12 14:43:27] [0003.517] I> Updated bpmp info to DTB
[2022-03-12 14:43:27] [0003.523] I> Ramdisk: Base: 0x947d0000; Size: 0x0
[2022-03-12 14:43:27] [0003.528] I> Updated initrd info to DTB
[2022-03-12 14:43:27] [0003.531] W> WARN: Fail to override "console=none" in commandline
[2022-03-12 14:43:27] [0003.537] I> Active rootfs suffix: 
[2022-03-12 14:43:27] [0003.540] E> tegrabl_linuxboot_add_disp_param, du 0 failed to get display params
[2022-03-12 14:43:27] [0003.548] E> tegrabl_linuxboot_add_disp_param, du 0 failed to get display params
[2022-03-12 14:43:27] [0003.555] E> tegrabl_linuxboot_add_disp_param, du 0 failed to get display params
[2022-03-12 14:43:27] [0003.562] I> disabled_core_mask: 0xffffff0c
[2022-03-12 14:43:27] [0003.566] W> No valid slot number is found in scratch register
[2022-03-12 14:43:27] [0003.572] W> Return default slot: _a
[2022-03-12 14:43:27] [0003.575] I> Active slot suffix: 
[2022-03-12 14:43:27] [0003.578] I> add_boot_slot_suffix: slot_suffix = 
[2022-03-12 14:43:27] [0003.583] I> Linux Cmdline: console=ttyS0,115200 androidboot.presilicon=true firmware_class.path=/etc/firmware root=/dev/mmcblk0p1 rw rootwait rootfstype=ext4 console=ttyS0,115200n8 console=tty0 fbcon=map:0 net.ifnames=0 isolcpus=1-2  video=tegrafb earlycon=uart8250,mmio32,0x3100000 nvdumper_reserved=0x2772e0000 gpt rootfs.slot_suffix= usbcore.old_scheme_first=1 tegraid=18.1.2.0.0 maxcpus=6 no_console_suspend boot.slot_suffix= boot.ratchetvalues=0.2031647.1 vpr_resize bl_prof_dataptr=0x10000@0x275840000 sdhci_tegra.en_boot_part_access=1 
[2022-03-12 14:43:27] [0003.630] I> Updated bootarg info to DTB
[2022-03-12 14:43:27] [0003.634] I> eeprom_get_mac_addr: MAC (type: 0): 48:b0:2d:0f:11:c5
[2022-03-12 14:43:27] [0003.640] I> eeprom_get_mac_addr: MAC (type: 1): 48:b0:2d:0f:11:c6
[2022-03-12 14:43:27] [0003.646] I> eeprom_get_mac_addr: MAC (type: 2): 48:b0:2d:0f:11:c7
[2022-03-12 14:43:27] [0003.653] E> Found no plugin manager ids in source DT
[2022-03-12 14:43:27] [0003.658] W> Add plugin manager ids from board info
[2022-03-12 14:43:27] [0003.662] W> "plugin-manager" doesn't exist, creating
[2022-03-12 14:43:27] [0003.667] W> "ids" doesn't exist, creating
[2022-03-12 14:43:27] [0003.671] W> "connection" doesn't exist, creating
[2022-03-12 14:43:27] [0003.676] W> "configs" doesn't exist, creating
[2022-03-12 14:43:27] [0003.680] I> create_pm_ids: id: 3310-1000-D00-L, len: 15
[2022-03-12 14:43:27] [0003.685] I> config: mem-type:00,power-config:00,misc-config:00,modem-config:00,touch-config:00,display-config:00,, len: 93
[2022-03-12 14:43:27] [0003.696] I> create_pm_ids: id: 2597-0000-900-E, len: 15
[2022-03-12 14:43:27] [0003.701] I> config: mem-type:00,power-config:00,misc-config:00,modem-config:00,touch-config:00,display-config:00,, len: 93
[2022-03-12 14:43:27] [0003.712] I> create_pm_ids: id: 3326-1000-000-M, len: 15
[2022-03-12 14:43:27] [0003.717] I> config: mem-type:ff,power-config:ff,misc-config:ff,modem-config:ff,touch-config:ff,display-config:ff,, len: 93
[2022-03-12 14:43:27] [0003.728] I> Adding plugin-manager/ids/3310-1000-D00=/i2c@c250000:module@0x50
[2022-03-12 14:43:27] [0003.736] W> "i2c@c250000" doesn't exist, creating
[2022-03-12 14:43:27] [0003.740] W> "module@0x50" doesn't exist, creating
[2022-03-12 14:43:27] [0003.745] I> Adding plugin-manager/ids/2597-0000-900=/i2c@c250000:module@0x57
[2022-03-12 14:43:27] [0003.752] W> "module@0x57" doesn't exist, creating
[2022-03-12 14:43:27] [0003.757] I> Adding plugin-manager/ids/3326-1000-000=/i2c@3180000:module@0x54
[2022-03-12 14:43:27] [0003.765] W> "i2c@3180000" doesn't exist, creating
[2022-03-12 14:43:27] [0003.769] W> "module@0x54" doesn't exist, creating
[2022-03-12 14:43:27] [0003.776] I> Adding plugin-manager/ids/3310-1000-D00-L
[2022-03-12 14:43:27] [0003.783] I> Adding plugin-manager/configs/3310-mem-type 00
[2022-03-12 14:43:27] [0003.789] I> Adding plugin-manager/configs/3310-power-config 00
[2022-03-12 14:43:27] [0003.795] I> Adding plugin-manager/configs/3310-misc-config 00
[2022-03-12 14:43:27] [0003.801] I> Adding plugin-manager/configs/3310-modem-config 00
[2022-03-12 14:43:27] [0003.807] I> Adding plugin-manager/configs/3310-touch-config 00
[2022-03-12 14:43:27] [0003.813] I> Adding plugin-manager/configs/3310-display-config 00
[2022-03-12 14:43:27] [0003.819] I> Adding plugin-manager/cvm
[2022-03-12 14:43:27] [0003.823] W> "chip-id" doesn't exist, creating
[2022-03-12 14:43:27] [0003.827] I> Adding plugin-manager/chip-id/A02P
[2022-03-12 14:43:27] [0003.832] W> "odm-data" doesn't exist, creating
[2022-03-12 14:43:27] [0003.836] I> Adding /chosen/plugin-manager/odm-data
[2022-03-12 14:43:27] [0003.846] I> added [base:0x80000000, size:0x70000000] to /memory
[2022-03-12 14:43:27] [0003.852] I> added [base:0xf0200000, size:0x185600000] to /memory
[2022-03-12 14:43:27] [0003.858] I> added [base:0x275e00000, size:0x200000] to /memory
[2022-03-12 14:43:27] [0003.864] I> added [base:0x276600000, size:0x200000] to /memory
[2022-03-12 14:43:27] [0003.869] I> added [base:0x277000000, size:0x200000] to /memory
[2022-03-12 14:43:27] [0003.875] I> Updated memory info to DTB
[2022-03-12 14:43:27] [0003.880] E> add_disp_param: failed to get display params for du=0
[2022-03-12 14:43:27] [0003.887] W> "reset" doesn't exist, creating
[2022-03-12 14:43:27] [0003.892] W> "pmc-reset-reason" doesn't exist, creating
[2022-03-12 14:43:27] [0003.897] W> "pmic-reset-reason" doesn't exist, creating
[2022-03-12 14:43:27] [0003.904] I> Adding ecid(00000001646db7851000000013038200) to DT
[2022-03-12 14:43:27] [0003.909] I> disabled_core_mask: 0xffffff0c
[2022-03-12 14:43:27] [0003.922] I> Add serial number:1422420022173 as DT property
[2022-03-12 14:43:27] [0003.931] I> Plugin-manager override starting
[2022-03-12 14:43:27] [0003.937] I> node /plugin-manager/fragement@0 matches
[2022-03-12 14:43:27] [0003.947] I> node /plugin-manager/fragement@4 matches
[2022-03-12 14:43:27] [0003.960] I> node /plugin-manager/fragment-sdwake-p3310-1000-300 matches
[2022-03-12 14:43:27] [0003.980] I> node /plugin-manager/fragement-pmon-p3310-1000-300 matches
[2022-03-12 14:43:27] [0003.990] I> node /plugin-manager/fragement-pmon-p3310-1000-800 matches
[2022-03-12 14:43:27] [0003.998] I> node /plugin-manager/fragment-devslp@0 matches
[2022-03-12 14:43:27] [0004.011] I> node /plugin-manager/fragment-500-pcie-config matches
[2022-03-12 14:43:27] [0004.026] I> node /plugin-manager/fragment-500-xusb-config matches
[2022-03-12 14:43:27] [0004.049] I> node /plugin-manager/fragment-p3310-c00-comm matches
[2022-03-12 14:43:27] [0004.062] I> node /plugin-manager/fragment-p3310-c00-pmic matches
[2022-03-12 14:43:28] [0004.073] I> node /plugin-manager/fragment-p3310-c01 matches
[2022-03-12 14:43:28] [0004.086] I> node /plugin-manager/fragment-p3310-c03 matches
[2022-03-12 14:43:28] [0004.129] I> node /plugin-manager/fragment-e3326@0 matches
[2022-03-12 14:43:28] [0004.211] I> node /plugin-manager/fragment-p3310-c00-camera matches
[2022-03-12 14:43:28] [0004.238] I> Disable plugin-manager status in FDT
[2022-03-12 14:43:28] [0004.243] I> Plugin-manager override finished successfully
[2022-03-12 14:43:28] [0004.248] I> tegrabl_load_kernel_and_dtb: Done
[2022-03-12 14:43:28] [0004.252] E> tegrabl_display_clear: display is not initialized
[2022-03-12 14:43:28] [0004.258] W> Boot logo display failed...
[2022-03-12 14:43:28] [0004.262] I> Kernel EP: 0x80600000, DTB: 0x80000000
[2022-03-12 14:43:28] 
[2022-03-12 14:43:28] 
[2022-03-12 14:43:28] U-Boot 2020.04-g46e4604c78 (Jul 26 2021 - 12:10:58 -0700)
[2022-03-12 14:43:28] 
[2022-03-12 14:43:28] SoC: tegra186
[2022-03-12 14:43:28] Model: NVIDIA P2771-0000-500
[2022-03-12 14:43:28] Board: NVIDIA P2771-0000
[2022-03-12 14:43:28] DRAM:  7.8 GiB
[2022-03-12 14:43:28] MMC:   sdhci@3400000: 1, sdhci@3460000: 0
[2022-03-12 14:43:28] Loading Environment from MMC... *** Warning - bad CRC, using default environment
[2022-03-12 14:43:28] 
[2022-03-12 14:43:28] In:    serial
[2022-03-12 14:43:28] Out:   serial
[2022-03-12 14:43:28] Err:   serial
[2022-03-12 14:43:28] Net:   
[2022-03-12 14:43:28] Warning: ethernet@2490000 using MAC address from ROM
[2022-03-12 14:43:28] eth0: ethernet@2490000
[2022-03-12 14:43:28] Hit any key to stop autoboot:  2  1  0 
[2022-03-12 14:43:30] MMC: no card present
[2022-03-12 14:43:30] switch to partitions #0, OK
[2022-03-12 14:43:30] mmc0(part 0) is current device
[2022-03-12 14:43:30] Scanning mmc 0:1...
[2022-03-12 14:43:30] Found /boot/extlinux/extlinux.conf
[2022-03-12 14:43:30] Retrieving file: /boot/extlinux/extlinux.conf
[2022-03-12 14:43:30] 858 bytes read in 22 ms (38.1 KiB/s)
[2022-03-12 14:43:30] 1:	primary kernel
[2022-03-12 14:43:30] Retrieving file: /boot/initrd
[2022-03-12 14:43:31] 7238344 bytes read in 201 ms (34.3 MiB/s)
[2022-03-12 14:43:31] Retrieving file: /boot/Image
[2022-03-12 14:43:32] 34484232 bytes read in 829 ms (39.7 MiB/s)
[2022-03-12 14:43:32] append: console=ttyS0,115200 androidboot.presilicon=true firmware_class.path=/etc/firmware root=/dev/mmcblk0p1 rw rootwait rootfstype=ext4 console=ttyS0,115200n8 console=tty0 fbcon=map:0 net.ifnames=0 isolcpus=1-2  video=tegrafb earlycon=uart8250,mmio32,0x3100000 nvdumper_reserved=0x2772e0000 gpt rootfs.slot_suffix= usbcore.old_scheme_first=1 tegraid=18.1.2.0.0 maxcpus=6 no_console_suspend boot.slot_suffix= boot.ratchetvalues=0.2031647.1 vpr_resize bl_prof_dataptr=0x10000@0x275840000 sdhci_tegra.en_boot_part_access=1 quiet root=/dev/mmcblk0p1 rw rootwait rootfstype=ext4 console=ttyS0,115200n8 console=tty0 fbcon=map:0 net.ifnames=0 isolcpus=1-2 
[2022-03-12 14:43:32] ## Flattened Device Tree blob at 80000000
[2022-03-12 14:43:32]    Booting using the fdt blob at 0x80000000
[2022-03-12 14:43:32] ERROR: reserving fdt memory region failed (addr=0 size=0)
[2022-03-12 14:43:32] ERROR: reserving fdt memory region failed (addr=0 size=0)
[2022-03-12 14:43:32] ERROR: reserving fdt memory region failed (addr=0 size=0)
[2022-03-12 14:43:32]    Using Device Tree in place at 0000000080000000, end 0000000080060aa3
[2022-03-12 14:43:32] copying carveout for /host1x@13e00000/display-hub@15200000/display@15200000...
[2022-03-12 14:43:32] copying carveout for /host1x@13e00000/display-hub@15200000/display@15210000...
[2022-03-12 14:43:32] copying carveout for /host1x@13e00000/display-hub@15200000/display@15220000...
[2022-03-12 14:43:32] 
[2022-03-12 14:43:32] Starting kernel ...
[2022-03-12 14:43:32] 
[2022-03-12 14:43:32] [    0.000000] Booting Linux on physical CPU 0x100
[2022-03-12 14:43:32] [    0.000000] Linux version 4.9.253-tegra (buildbrain@mobile-u64-5497-d3000) (gcc version 7.3.1 20180425 [linaro-7.3-2018.05 revision d29120a424ecfbc167ef90065c0eeb7f91977701] (Linaro GCC 7.3-2018.05) ) #1 SMP PREEMPT Mon Jul 26 12:19:28 PDT 2021
[2022-03-12 14:43:32] [    0.000000] Boot CPU: AArch64 Processor [411fd073]
[2022-03-12 14:43:32] [    0.000000] OF: fdt:memory scan node memory@80000000, reg size 80,
[2022-03-12 14:43:32] [    0.000000] OF: fdt: - 80000000 ,  70000000
[2022-03-12 14:43:32] [    0.000000] OF: fdt: - f0200000 ,  185600000
[2022-03-12 14:43:32] [    0.000000] OF: fdt: - 275e00000 ,  200000
[2022-03-12 14:43:32] [    0.000000] OF: fdt: - 276600000 ,  200000
[2022-03-12 14:43:32] [    0.000000] OF: fdt: - 277000000 ,  200000
[2022-03-12 14:43:32] [    0.000000] earlycon: uart8250 at MMIO32 0x0000000003100000 (options '')
[2022-03-12 14:43:32] [    0.000000] bootconsole [uart8250] enabled
[2022-03-12 14:43:34] [    1.851093] cgroup: cgroup2: unknown option "nsdelegate"
[2022-03-12 14:43:35] [    2.958658] using random self ethernet address
[2022-03-12 14:43:35] [    2.963403] using random host ethernet address
[2022-03-12 14:43:35] [    3.261028] random: crng init done
[2022-03-12 14:43:35] [    3.264435] random: 7 urandom warning(s) missed due to ratelimiting
[2022-03-12 14:43:36] [    3.448755] using random self ethernet address
[2022-03-12 14:43:36] [    3.461152] using random host ethernet address
[2022-03-12 14:43:36] [    3.867912] CPU1: shutdown
[2022-03-12 14:43:36] [    3.917966] CPU2: shutdown
[2022-03-12 14:43:37] [    4.757573] Bridge firewalling registered
[2022-03-12 14:43:40] 
[2022-03-12 14:43:40] Ubuntu 18.04.5 LTS JTX2-A ttyS0
[2022-03-12 14:43:40] 
[2022-03-12 14:43:40] JTX2-A login: [   27.557709] nvgpu: 17000000.gp10b                     gp10b_ltc_isr:298  [ERR]  mc_ltc_intr: 00000001
[2022-03-12 14:44:00] [   27.566951] nvgpu: 17000000.gp10b                 gp10b_ltc_lts_isr:252  [ERR]  Single bit error detected in GPU L2!
[2022-03-12 14:44:00] [   27.577526] nvgpu: 17000000.gp10b                 gp10b_ltc_lts_isr:286  [ERR]  ltc0, slice 0: bb4f0110
[2022-03-12 14:44:34] [   61.744950] CPU4: SError detected, daif=1c0, spsr=0x800000c5, mpidr=80000102, esr=bf40c000
[2022-03-12 14:44:34] [   61.744953] CPU3: SError detected, daif=1c0, spsr=0x800000c5, mpidr=80000101, esr=bf40c000
[2022-03-12 14:44:34] [   61.744955] CPU5: SError detected, daif=1c0, spsr=0x80000000, mpidr=80000103, esr=bf40c000
[2022-03-12 14:44:34] [   61.744958] CPU0: SError detected, daif=1c0, spsr=0x80000000, mpidr=80000100, esr=bf40c000
[2022-03-12 14:44:34] [   61.744959] **************************************
[2022-03-12 14:44:34] [   61.744963] A57 CPU Memory Error on CPU 3 (A57 Core 1)
[2022-03-12 14:44:34] [   61.744964] 	ESR:               0xbf40c000
[2022-03-12 14:44:34] [   61.744967] 	L2MERRSR: 0x40091316c58
[2022-03-12 14:44:34] [   61.744969] 	L2 Data RAM: 0x11
[2022-03-12 14:44:34] [   61.744970] 	CPU ID of Error:    6
[2022-03-12 14:44:34] [   61.744971] 	WAY of Error:       0
[2022-03-12 14:44:34] [   61.744972] 	Index of Error:     93272
[2022-03-12 14:44:34] [   61.744973] 	Repeat Error Count: 0
[2022-03-12 14:44:34] [   61.744974] 	Other Error Count:  4
[2022-03-12 14:44:34] [   61.744975] **************************************
[2022-03-12 14:44:36] ERROR:   ARI request timed out: req 91 on CPU 5
[2022-03-12 14:44:36] ASSERT: plat/nvidia/tegra/soc/t186/drivers/mce/ari.c <127> : retries != 0U
[2022-03-12 14:45:30] [0000.297] I> Welcome to MB2(TBoot-BPMP)(version: 01.00.160913-t186-M-00.00-mobile-c368a720)
[2022-03-12 14:45:30] [0000.306] I> Boot-device: eMMC
[2022-03-12 14:45:30] [0000.313] I> sdmmc bdev is already initialized
[2022-03-12 14:45:30] [0000.318] I> pmic: reset reason (nverc)	: 0x80
[2022-03-12 14:45:30] [0000.351] I> Found 19 partitions in SDMMC_BOOT (instance 3)
[2022-03-12 14:45:30] [0000.370] I> Found 33 partitions in SDMMC_USER (instance 3)
[2022-03-12 14:45:30] [0000.376] W> No valid slot number is found in scratch register
[2022-03-12 14:45:30] [0000.382] W> Return default slot: _a
[2022-03-12 14:45:30] [0000.385] I> A/B: bin_type (16) slot 0
[2022-03-12 14:45:30] [0000.389] I> Loading partition bpmp-fw at 0xd7800000
[2022-03-12 14:45:30] [0000.394] I> Reading two headers - addr:0xd7800000 blocks:1
[2022-03-12 14:45:30] [0000.399] I> Addr: 0xd7800000, start-block: 58777608, num_blocks: 1
[2022-03-12 14:45:30] [0000.424] I> Binary(16) of size 534416 is loaded @ 0xd7800000
[2022-03-12 14:45:30] [0000.430] W> No valid slot number is found in scratch register
[2022-03-12 14:45:30] [0000.436] W> Return default slot: _a
[2022-03-12 14:45:30] [0000.439] I> A/B: bin_type (17) slot 0
[2022-03-12 14:45:30] [0000.443] I> Loading partition bpmp-fw-dtb at 0xd79f0000
[2022-03-12 14:45:30] [0000.448] I> Reading two headers - addr:0xd79f0000 blocks:1
[2022-03-12 14:45:30] [0000.453] I> Addr: 0xd79f0000, start-block: 58780024, num_blocks: 1
[2022-03-12 14:45:30] [0000.479] I> Binary(17) of size 604720 is loaded @ 0xd796c400
[2022-03-12 14:45:31] [0000.709] I> Loading SCE-FW ...
[2022-03-12 14:45:31] [0000.712] W> No valid slot number is found in scratch register
[2022-03-12 14:45:31] [0000.718] W> Return default slot: _a
[2022-03-12 14:45:31] [0000.721] I> A/B: bin_type (12) slot 0
[2022-03-12 14:45:31] [0000.725] I> Loading partition sce-fw at 0xd7300000
[2022-03-12 14:45:31] [0000.730] I> Reading two headers - addr:0xd7300000 blocks:1
[2022-03-12 14:45:31] [0000.735] I> Addr: 0xd7300000, start-block: 58784120, num_blocks: 1
[2022-03-12 14:45:31] [0000.754] I> Binary(12) of size 125632 is loaded @ 0xd7300000
[2022-03-12 14:45:31] [0000.760] I> Init SCE
[2022-03-12 14:45:31] [0000.762] I> Loading APE-FW ...
[2022-03-12 14:45:31] [0000.765] W> No valid slot number is found in scratch register
[2022-03-12 14:45:31] [0000.771] W> Return default slot: _a
[2022-03-12 14:45:31] [0000.774] I> A/B: bin_type (11) slot 0
[2022-03-12 14:45:31] [0000.778] I> Loading partition adsp-fw at 0xd7400000
[2022-03-12 14:45:31] [0000.783] I> Reading two headers - addr:0xd7400000 blocks:1
[2022-03-12 14:45:31] [0000.788] I> Addr: 0xd7400000, start-block: 58761224, num_blocks: 1
[2022-03-12 14:45:31] [0000.807] I> Binary(11) of size 77216 is loaded @ 0xd7400000
[2022-03-12 14:45:31] [0000.813] I> Copy BTCM section
[2022-03-12 14:45:31] [0000.816] W> No valid slot number is found in scratch register
[2022-03-12 14:45:31] [0000.822] W> Return default slot: _a
[2022-03-12 14:45:31] [0000.825] I> A/B: bin_type (13) slot 0
[2022-03-12 14:45:31] [0000.829] I> Loading partition cpu-bootloader at 0x96000000
[2022-03-12 14:45:31] [0000.834] I> Reading two headers - addr:0x96000000 blocks:1
[2022-03-12 14:45:31] [0000.840] I> Addr: 0x96000000, start-block: 58740744, num_blocks: 1
[2022-03-12 14:45:31] [0000.861] I> Binary(13) of size 308800 is loaded @ 0x96000000
[2022-03-12 14:45:31] [0000.866] W> No valid slot number is found in scratch register
[2022-03-12 14:45:31] [0000.872] W> Return default slot: _a
[2022-03-12 14:45:31] [0000.876] I> A/B: bin_type (20) slot 0
[2022-03-12 14:45:31] [0000.879] I> Loading partition bootloader-dtb at 0x85205400
[2022-03-12 14:45:31] [0000.885] I> Reading two headers - addr:0x85205400 blocks:1
[2022-03-12 14:45:31] [0000.890] I> Addr: 0x85205400, start-block: 58742792, num_blocks: 1
[2022-03-12 14:45:31] [0000.912] I> Binary(20) of size 375568 is loaded @ 0x85205400
[2022-03-12 14:45:31] [0000.918] W> No valid slot number is found in scratch register
[2022-03-12 14:45:31] [0000.924] W> Return default slot: _a
[2022-03-12 14:45:31] [0000.927] I> A/B: bin_type (14) slot 0
[2022-03-12 14:45:31] [0000.931] I> Loading partition secure-os at 0x85305600
[2022-03-12 14:45:31] [0000.936] I> Reading two headers - addr:0x85305600 blocks:1
[2022-03-12 14:45:31] [0000.941] I> Addr: 0x85305600, start-block: 58744840, num_blocks: 1
[2022-03-12 14:45:31] [0000.964] I> Binary(14) of size 402864 is loaded @ 0x85305600
[2022-03-12 14:45:31] [0000.971] I> TOS boot-params @ 0x85000000
[2022-03-12 14:45:31] [0000.975] I> TOS params prepared
[2022-03-12 14:45:31] [0000.978] I> Loading EKS ...
[2022-03-12 14:45:31] [0000.981] I> A/B: bin_type (15) slot 0
[2022-03-12 14:45:31] [0000.984] I> Loading partition eks at 0x85905800
[2022-03-12 14:45:31] [0000.989] I> Reading two headers - addr:0x85905800 blocks:1
[2022-03-12 14:45:31] [0000.994] I> Addr: 0x85905800, start-block: 58757128, num_blocks: 1
[2022-03-12 14:45:31] [0001.013] I> Binary(15) of size 1040 is loaded @ 0x85905800
[2022-03-12 14:45:31] [0001.019] I> EKB detected (length: 0x400) @ 0x85905800
[2022-03-12 14:45:31] [0001.024] I> Copied encrypted keys
[2022-03-12 14:45:31] [0001.027] I> boot profiler @ 0x275844000
[2022-03-12 14:45:31] [0001.031] I> boot profiler for TOS @ 0x275844000
[2022-03-12 14:45:31] [0001.036] I> Unhalting SCE
[2022-03-12 14:45:31] [0001.039] I> Primary Memory Start:80000000 Size:70000000
[2022-03-12 14:45:31] [0001.044] I> Extended Memory Start:f0110000 Size:1856f0000
[2022-03-12 14:45:31] [0001.051] I> MB2(TBoot-BPMP) done
[2022-03-12 14:45:31] 
[2022-03-12 14:45:31] NOTICE:  BL31: v1.3(release):b5eeb33f7
[2022-03-12 14:45:31] NOTICE:  BL31: Built : 12:15:17, Jul 26 2021
[2022-03-12 14:45:31] ipc-unittest-main: 1519: Welcome to IPC unittest!!!
[2022-03-12 14:45:31] ipc-unittest-main: 1531: waiting forever
[2022-03-12 14:45:31] ipc-unittest-srv: 329: Init unittest services!!!
[2022-03-12 14:45:31] hwkey-agent: 41: hwkey-agent is running!!
[2022-03-12 14:45:31] hwkey-agent: 315: key_mgnt_processing .......
[2022-03-12 14:45:31] hwkey-agent: 223: Setting EKB key 0 to slot 14
[2022-03-12 14:45:31] hwkey-agent: 178: Init hweky-agent services!!
[2022-03-12 14:45:31] luks-srv: 40: luks-srv is running!!
[2022-03-12 14:45:31] luks-srv: 157: Init luks-srv IPC services!!
[2022-03-12 14:45:31] platform_bootstrap_epilog: trusty bootstrap complete
[2022-03-12 14:45:31] [0001.423] I> Welcome to Cboot
[2022-03-12 14:45:31] [0001.426] I> Cboot Version: t186-00029e71
[2022-03-12 14:45:31] [0001.430] I> CPU-BL Params @ 0x275800000
[2022-03-12 14:45:31] [0001.434] I>  0) Base:0x00000000 Size:0x00000000
[2022-03-12 14:45:31] [0001.438] I>  1) Base:0x277f00000 Size:0x00100000
[2022-03-12 14:45:31] [0001.443] I>  2) Base:0x277e00000 Size:0x00100000
[2022-03-12 14:45:31] [0001.447] I>  3) Base:0x277d00000 Size:0x00100000
[2022-03-12 14:45:31] [0001.452] I>  4) Base:0x277c00000 Size:0x00100000
[2022-03-12 14:45:31] [0001.456] I>  5) Base:0x277b00000 Size:0x00100000
[2022-03-12 14:45:31] [0001.461] I>  6) Base:0x277800000 Size:0x00200000
[2022-03-12 14:45:31] [0001.465] I>  7) Base:0x277400000 Size:0x00400000
[2022-03-12 14:45:31] [0001.470] I>  8) Base:0x277a00000 Size:0x00100000
[2022-03-12 14:45:31] [0001.474] I>  9) Base:0x277300000 Size:0x00100000
[2022-03-12 14:45:31] [0001.479] I> 10) Base:0x276800000 Size:0x00800000
[2022-03-12 14:45:31] [0001.483] I> 11) Base:0x30000000 Size:0x00040000
[2022-03-12 14:45:31] [0001.488] I> 12) Base:0xf0000000 Size:0x00100000
[2022-03-12 14:45:31] [0001.492] I> 13) Base:0x30040000 Size:0x00001000
[2022-03-12 14:45:31] [0001.497] I> 14) Base:0x30048000 Size:0x00001000
[2022-03-12 14:45:31] [0001.501] I> 15) Base:0x30049000 Size:0x00001000
[2022-03-12 14:45:31] [0001.505] I> 16) Base:0x3004a000 Size:0x00001000
[2022-03-12 14:45:31] [0001.510] I> 17) Base:0x3004b000 Size:0x00001000
[2022-03-12 14:45:31] [0001.514] I> 18) Base:0x3004c000 Size:0x00001000
[2022-03-12 14:45:31] [0001.519] I> 19) Base:0x3004d000 Size:0x00001000
[2022-03-12 14:45:31] [0001.523] I> 20) Base:0x3004e000 Size:0x00001000
[2022-03-12 14:45:31] [0001.528] I> 21) Base:0x3004f000 Size:0x00001000
[2022-03-12 14:45:31] [0001.532] I> 22) Base:0x00000000 Size:0x00000000
[2022-03-12 14:45:31] [0001.536] I> 23) Base:0xf0100000 Size:0x00010000
[2022-03-12 14:45:31] [0001.541] I> 24) Base:0x00000000 Size:0x00000000
[2022-03-12 14:45:31] [0001.545] I> 25) Base:0x00000000 Size:0x00000000
[2022-03-12 14:45:31] [0001.550] I> 26) Base:0x00000000 Size:0x00000000
[2022-03-12 14:45:31] [0001.554] I> 27) Base:0x00000000 Size:0x00000000
[2022-03-12 14:45:31] [0001.559] I> 28) Base:0x84400000 Size:0x00400000
[2022-03-12 14:45:31] [0001.563] I> 29) Base:0x30000000 Size:0x00010000
[2022-03-12 14:45:31] [0001.567] I> 30) Base:0x278000000 Size:0x08000000
[2022-03-12 14:45:31] [0001.572] I> 31) Base:0x00000000 Size:0x00000000
[2022-03-12 14:45:31] [0001.576] I> 32) Base:0x276000000 Size:0x00600000
[2022-03-12 14:45:31] [0001.581] I> 33) Base:0x80000000 Size:0x70000000
[2022-03-12 14:45:31] [0001.585] I> 34) Base:0xf0110000 Size:0x1856f0000
[2022-03-12 14:45:31] [0001.590] I> 35) Base:0x00000000 Size:0x00000000
[2022-03-12 14:45:31] [0001.594] I> 36) Base:0x00000000 Size:0x00000000
[2022-03-12 14:45:31] [0001.599] I> 37) Base:0x2772e0000 Size:0x00020000
[2022-03-12 14:45:31] [0001.603] I> 38) Base:0x84000000 Size:0x00400000
[2022-03-12 14:45:31] [0001.608] I> 39) Base:0x96000000 Size:0x02000000
[2022-03-12 14:45:31] [0001.612] I> 40) Base:0x85000000 Size:0x01200000
[2022-03-12 14:45:31] [0001.617] I> 41) Base:0x275800000 Size:0x00500000
[2022-03-12 14:45:31] [0001.621] I> 42) Base:0x00000000 Size:0x00000000
[2022-03-12 14:45:31] [0001.625] I> 43) Base:0x00000000 Size:0x00000000
[2022-03-12 14:45:31] [0001.630] GIC-SPI Target CPU: 4
[2022-03-12 14:45:31] [0001.633] Interrupts Init done
[2022-03-12 14:45:31] [0001.636] calling constructors
[2022-03-12 14:45:31] [0001.640] initializing heap
[2022-03-12 14:45:31] [0001.642] initializing threads
[2022-03-12 14:45:31] [0001.645] initializing timers
[2022-03-12 14:45:31] [0001.649] creating bootstrap completion thread
[2022-03-12 14:45:31] [0001.653] top of bootstrap2()
[2022-03-12 14:45:31] [0001.656] CPU: ARM Cortex A57
[2022-03-12 14:45:31] [0001.659] CPU: MIDR: 0x411FD073, MPIDR: 0x80000100
[2022-03-12 14:45:31] [0001.665] initializing platform
[2022-03-12 14:45:31] [0001.668] I> Bl_dtb @0x85205400
[2022-03-12 14:45:31] [0001.671] I> gpio framework initialized
[2022-03-12 14:45:31] [0001.677] I> tegrabl_gpio_driver_register: register 'nvidia,tegra186-gpio' driver
[2022-03-12 14:45:32] [0001.687] I> tegrabl_gpio_driver_register: register 'nvidia,tegra186-gpio-aon' driver
[2022-03-12 14:45:32] [0001.695] I> GPIO framework and drivers are initialized.
[2022-03-12 14:45:32] [0001.700] I> Boot-device: eMMC
[2022-03-12 14:45:32] [0001.707] I> sdmmc bdev is already initialized
[2022-03-12 14:45:32] [0001.738] I> Found 19 partitions in SDMMC_BOOT (instance 3)
[2022-03-12 14:45:32] [0001.756] I> Found 33 partitions in SDMMC_USER (instance 3)
[2022-03-12 14:45:32] [0001.761] W> opt-in fuse is not set, skip fuse_burning
[2022-03-12 14:45:32] [0001.766] I> Reserved memory at 0xfbe00000 for U-Boot relocation
[2022-03-12 14:45:32] [0001.772] W> No valid slot number is found in scratch register
[2022-03-12 14:45:32] [0001.778] W> Return default slot: _a
[2022-03-12 14:45:32] [0001.787] I> A/B: bin_type (21) slot 0
[2022-03-12 14:45:32] [0001.791] I> Loading kernel-dtb from partition
[2022-03-12 14:45:32] [0001.795] I> Loading partition kernel-dtb at 0x80000000 from device(0x1)
[2022-03-12 14:45:32] [0001.812] I> Kernel_dtb @0x80000000
[2022-03-12 14:45:32] [0001.815] I> tegrabl_tca9539_init: i2c bus: 0, slave addr: 0xee
[2022-03-12 14:45:32] [0001.826] I> tegrabl_gpio_driver_register: register 'tca9539_gpio_driver' driver
[2022-03-12 14:45:32] [0001.833] I> tegrabl_tca9539_init: i2c bus: 0, slave addr: 0xe8
[2022-03-12 14:45:32] [0001.842] I> tegrabl_gpio_driver_register: register 'tca9539_gpio_driver' driver
[2022-03-12 14:45:32] [0001.852] I> fixed regulator driver initialized
[2022-03-12 14:45:32] [0001.886] I> register 'maxim' power off handle
[2022-03-12 14:45:32] [0001.892] I> virtual i2c enabled
[2022-03-12 14:45:32] [0001.895] I> registered 'maxim,max77620' pmic
[2022-03-12 14:45:32] [0001.899] I> tegrabl_gpio_driver_register: register 'max77620-gpio' driver
[2022-03-12 14:45:32] [0001.913] E> failed to read label property for node 324936: 13
[2022-03-12 14:45:32] [0001.922] E> failed to read reg property for node 325032: 13
[2022-03-12 14:45:32] [0001.930] E> failed to read reg property for node 325084: 13
[2022-03-12 14:45:32] [0001.938] E> failed to read label property for node 325168: 13
[2022-03-12 14:45:32] [0001.947] E> failed to read label property for node 325236: 13
[2022-03-12 14:45:32] [0001.955] E> failed to read reg property for node 325304: 13
[2022-03-12 14:45:32] [0001.963] E> failed to read reg property for node 325376: 13
[2022-03-12 14:45:32] [0001.973] I> Find /i2c@c250000's alias i2c7
[2022-03-12 14:45:32] [0001.977] I> Reading eeprom i2c=7 address=0x50
[2022-03-12 14:45:32] [0002.007] I> Device at /i2c@c250000:0x50
[2022-03-12 14:45:32] [0002.011] I> Reading eeprom i2c=7 address=0x57
[2022-03-12 14:45:32] [0002.039] I> Device at /i2c@c250000:0x57
[2022-03-12 14:45:32] [0002.044] I> Find /i2c@c240000's alias i2c1
[2022-03-12 14:45:32] [0002.048] I> Reading eeprom i2c=1 address=0x51
[2022-03-12 14:45:32] [0002.053] E> I2C: slave not found in slaves.
[2022-03-12 14:45:32] [0002.057] E> I2C: Could not write 0 bytes to slave: 0x00a2 with repeat start true.
[2022-03-12 14:45:32] [0002.065] E> I2C_DEV: Failed to send register address 0x00000000.
[2022-03-12 14:45:32] [0002.070] E> I2C_DEV: Could not read 256 registers of size 1 from slave 0xa2 at 0x00000000 via instance 1.
[2022-03-12 14:45:32] [0002.080] E> eeprom: Retry to read I2C slave device.
[2022-03-12 14:45:32] [0002.085] E> I2C: slave not found in slaves.
[2022-03-12 14:45:32] [0002.089] E> I2C: Could not write 0 bytes to slave: 0x00a2 with repeat start true.
[2022-03-12 14:45:32] [0002.097] E> I2C_DEV: Failed to send register address 0x00000000.
[2022-03-12 14:45:32] [0002.103] E> I2C_DEV: Could not read 256 registers of size 1 from slave 0xa2 at 0x00000000 via instance 1.
[2022-03-12 14:45:32] [0002.112] E> eeprom: Failed to read I2C slave device
[2022-03-12 14:45:32] [0002.117] I> Eeprom read failed 0x3526070d
[2022-03-12 14:45:32] [0002.121] I> Find /i2c@3160000's alias i2c0
[2022-03-12 14:45:32] [0002.125] I> Reading eeprom i2c=0 address=0x50
[2022-03-12 14:45:32] [0002.130] E> I2C: slave not found in slaves.
[2022-03-12 14:45:32] [0002.134] E> I2C: Could not write 0 bytes to slave: 0x00a0 with repeat start true.
[2022-03-12 14:45:32] [0002.141] E> I2C_DEV: Failed to send register address 0x00000000.
[2022-03-12 14:45:32] [0002.147] E> I2C_DEV: Could not read 256 registers of size 1 from slave 0xa0 at 0x00000000 via instance 0.
[2022-03-12 14:45:32] [0002.157] E> eeprom: Failed to read I2C slave device
[2022-03-12 14:45:32] [0002.162] I> Eeprom read failed 0x3526070d
[2022-03-12 14:45:32] [0002.166] I> Find /i2c@3180000's alias i2c2
[2022-03-12 14:45:32] [0002.170] I> Reading eeprom i2c=2 address=0x54
[2022-03-12 14:45:32] [0002.175] I> Enabling gpio chip_id = 2, gpio pin = 9
[2022-03-12 14:45:32] [0002.205] I> Disabling gpio chip_id = 2, gpio pin = 9
[2022-03-12 14:45:32] [0002.210] I> Device at /i2c@3180000:0x54
[2022-03-12 14:45:32] [0002.214] I> Reading eeprom i2c=2 address=0x57
[2022-03-12 14:45:32] [0002.218] I> Enabling gpio chip_id = 2, gpio pin = 9
[2022-03-12 14:45:32] [0002.224] E> I2C: slave not found in slaves.
[2022-03-12 14:45:32] [0002.228] E> I2C: Could not write 0 bytes to slave: 0x00ae with repeat start true.
[2022-03-12 14:45:32] [0002.236] E> I2C_DEV: Failed to send register address 0x00000000.
[2022-03-12 14:45:32] [0002.242] E> I2C_DEV: Could not read 256 registers of size 1 from slave 0xae at 0x00000000 via instance 2.
[2022-03-12 14:45:32] [0002.251] E> eeprom: Failed to read I2C slave device
[2022-03-12 14:45:32] [0002.256] I> Disabling gpio chip_id = 2, gpio pin = 9
[2022-03-12 14:45:32] [0002.261] I> Eeprom read failed 0x00000000
[2022-03-12 14:45:32] [0002.265] I> create_pm_ids: id: 3310-1000-D00-L, len: 15
[2022-03-12 14:45:32] [0002.270] I> config: mem-type:00,power-config:00,misc-config:00,modem-config:00,touch-config:00,display-config:00,, len: 93
[2022-03-12 14:45:32] [0002.281] I> create_pm_ids: id: 2597-0000-900-E, len: 15
[2022-03-12 14:45:32] [0002.286] I> config: mem-type:00,power-config:00,misc-config:00,modem-config:00,touch-config:00,display-config:00,, len: 93
[2022-03-12 14:45:32] [0002.297] I> create_pm_ids: id: 3326-1000-000-M, len: 15
[2022-03-12 14:45:32] [0002.302] I> config: mem-type:ff,power-config:ff,misc-config:ff,modem-config:ff,touch-config:ff,display-config:ff,, len: 93
[2022-03-12 14:45:32] [0002.337] I> enabling 'vdd-hdmi' regulator
[2022-03-12 14:45:32] [0002.353] I> regulator 'vdd-hdmi' already enabled
[2022-03-12 14:45:32] [0002.358] E> tegrabl_display_init_regulator: hdmi cable is not connected
[2022-03-12 14:45:32] [0002.364] E> tegrabl_display_get_pdata, failed to parse dtb settings
[2022-03-12 14:45:32] [0002.373] E> cannot find any other nvdisp nodes
[2022-03-12 14:45:32] [0002.377] E> no valid display unit config found in dtb
[2022-03-12 14:45:32] [0002.383] W> display init failed
[2022-03-12 14:45:32] [0002.386] initializing target
[2022-03-12 14:45:32] [0002.389] calling apps_init()
[2022-03-12 14:45:32] [0002.392] starting app kernel_boot_app
[2022-03-12 14:45:32] [0002.415] I> found decompressor handler: lz4-legacy
[2022-03-12 14:45:32] [0002.419] I> decompressing BMP blob ...
[2022-03-12 14:45:32] [0002.431] I> Kernel type = Normal
[2022-03-12 14:45:32] [0002.435] I> ########## Fixed storage boot ##########
[2022-03-12 14:45:32] [0002.439] I> Loading kernel-bootctrl from partition
[2022-03-12 14:45:32] [0002.444] I> Loading partition kernel-bootctrl at 0xa8000000 from device(0x1)
[2022-03-12 14:45:32] [0002.458] W> tegrabl_get_kernel_bootctrl: magic number(0x00000000) is invalid
[2022-03-12 14:45:32] [0002.465] W> tegrabl_get_kernel_bootctrl: use default dummy boot control data
[2022-03-12 14:45:32] [0002.472] W> No valid slot number is found in scratch register
[2022-03-12 14:45:32] [0002.478] W> Return default slot: _a
[2022-03-12 14:45:32] [0002.481] I> A/B: bin_type (24) slot 0
[2022-03-12 14:45:32] [0002.497] I> Boot image size read from image header: 9913d
[2022-03-12 14:45:32] [0002.502] I> Boot image load address: 0x80400000
[2022-03-12 14:45:32] [0002.507] I> Loading kernel from partition
[2022-03-12 14:45:32] [0002.511] I> Loading partition kernel at 0x80400000 from device(0x1)
[2022-03-12 14:45:33] [0003.453] I> Validate kernel ...
[2022-03-12 14:45:33] [0003.456] I> T18x: Authenticate kernel (bin_type 24), max size 0x4000000
[2022-03-12 14:45:33] [0003.464] I> Decrypt the buffer ... [0003.467] W> tegrabl_decrypt_block: fuse (0x0) is not burnt to do encryption (0x4); skip decryption.
[2022-03-12 14:45:33] [0003.476] I> done
[2022-03-12 14:45:33] [0003.478] I> Checking boot.img header magic ... [0003.482] I> [OK]
[2022-03-12 14:45:33] [0003.484] I> kernel-dtb is already loaded
[2022-03-12 14:45:33] [0003.488] I> Validate kernel-dtb ...
[2022-03-12 14:45:33] [0003.491] I> T18x: Authenticate kernel-dtb (bin_type 21), max size 0x100000
[2022-03-12 14:45:33] [0003.499] I> Decrypt the buffer ... [0003.502] W> tegrabl_decrypt_block: fuse (0x0) is not burnt to do encryption (0x4); skip decryption.
[2022-03-12 14:45:33] [0003.511] I> done
[2022-03-12 14:45:33] [0003.513] I> Kernel hdr @0x80400000
[2022-03-12 14:45:33] [0003.516] I> Kernel dtb @0x80000000
[2022-03-12 14:45:33] [0003.519] I> decompressor handler not found
[2022-03-12 14:45:33] [0003.523] I> Copying kernel image (627005 bytes) from 0x80400800 to 0x80600000 ... [0003.531] I> Done
[2022-03-12 14:45:33] [0003.533] I> Move ramdisk (len: 0) from 0x8049a000 to 0x947d0000
[2022-03-12 14:45:33] [0003.540] I> Updated bpmp info to DTB
[2022-03-12 14:45:33] [0003.546] I> Ramdisk: Base: 0x947d0000; Size: 0x0
[2022-03-12 14:45:33] [0003.551] I> Updated initrd info to DTB
[2022-03-12 14:45:33] [0003.554] W> WARN: Fail to override "console=none" in commandline
[2022-03-12 14:45:33] [0003.560] I> Active rootfs suffix: 
[2022-03-12 14:45:33] [0003.564] E> tegrabl_linuxboot_add_disp_param, du 0 failed to get display params
[2022-03-12 14:45:33] [0003.571] E> tegrabl_linuxboot_add_disp_param, du 0 failed to get display params
[2022-03-12 14:45:33] [0003.578] E> tegrabl_linuxboot_add_disp_param, du 0 failed to get display params
[2022-03-12 14:45:33] [0003.585] I> disabled_core_mask: 0xffffff0c
[2022-03-12 14:45:33] [0003.589] W> No valid slot number is found in scratch register
[2022-03-12 14:45:33] [0003.595] W> Return default slot: _a
[2022-03-12 14:45:33] [0003.598] I> Active slot suffix: 
[2022-03-12 14:45:33] [0003.601] I> add_boot_slot_suffix: slot_suffix = 
[2022-03-12 14:45:33] [0003.606] I> Linux Cmdline: console=ttyS0,115200 androidboot.presilicon=true firmware_class.path=/etc/firmware root=/dev/mmcblk0p1 rw rootwait rootfstype=ext4 console=ttyS0,115200n8 console=tty0 fbcon=map:0 net.ifnames=0 isolcpus=1-2  video=tegrafb earlycon=uart8250,mmio32,0x3100000 nvdumper_reserved=0x2772e0000 gpt rootfs.slot_suffix= usbcore.old_scheme_first=1 tegraid=18.1.2.0.0 maxcpus=6 no_console_suspend boot.slot_suffix= boot.ratchetvalues=0.2031647.1 vpr_resize bl_prof_dataptr=0x10000@0x275840000 sdhci_tegra.en_boot_part_access=1 
[2022-03-12 14:45:33] [0003.653] I> Updated bootarg info to DTB
[2022-03-12 14:45:33] [0003.657] I> eeprom_get_mac_addr: MAC (type: 0): 48:b0:2d:0f:11:c5
[2022-03-12 14:45:33] [0003.663] I> eeprom_get_mac_addr: MAC (type: 1): 48:b0:2d:0f:11:c6
[2022-03-12 14:45:33] [0003.670] I> eeprom_get_mac_addr: MAC (type: 2): 48:b0:2d:0f:11:c7
[2022-03-12 14:45:33] [0003.676] E> Found no plugin manager ids in source DT
[2022-03-12 14:45:33] [0003.681] W> Add plugin manager ids from board info
[2022-03-12 14:45:33] [0003.685] W> "plugin-manager" doesn't exist, creating
[2022-03-12 14:45:34] [0003.690] W> "ids" doesn't exist, creating
[2022-03-12 14:45:34] [0003.694] W> "connection" doesn't exist, creating
[2022-03-12 14:45:34] [0003.699] W> "configs" doesn't exist, creating
[2022-03-12 14:45:34] [0003.703] I> create_pm_ids: id: 3310-1000-D00-L, len: 15
[2022-03-12 14:45:34] [0003.708] I> config: mem-type:00,power-config:00,misc-config:00,modem-config:00,touch-config:00,display-config:00,, len: 93
[2022-03-12 14:45:34] [0003.719] I> create_pm_ids: id: 2597-0000-900-E, len: 15
[2022-03-12 14:45:34] [0003.724] I> config: mem-type:00,power-config:00,misc-config:00,modem-config:00,touch-config:00,display-config:00,, len: 93
[2022-03-12 14:45:34] [0003.735] I> create_pm_ids: id: 3326-1000-000-M, len: 15
[2022-03-12 14:45:34] [0003.741] I> config: mem-type:ff,power-config:ff,misc-config:ff,modem-config:ff,touch-config:ff,display-config:ff,, len: 93
[2022-03-12 14:45:34] [0003.751] I> Adding plugin-manager/ids/3310-1000-D00=/i2c@c250000:module@0x50
[2022-03-12 14:45:34] [0003.759] W> "i2c@c250000" doesn't exist, creating
[2022-03-12 14:45:34] [0003.763] W> "module@0x50" doesn't exist, creating
[2022-03-12 14:45:34] [0003.768] I> Adding plugin-manager/ids/2597-0000-900=/i2c@c250000:module@0x57
[2022-03-12 14:45:34] [0003.776] W> "module@0x57" doesn't exist, creating
[2022-03-12 14:45:34] [0003.781] I> Adding plugin-manager/ids/3326-1000-000=/i2c@3180000:module@0x54
[2022-03-12 14:45:34] [0003.788] W> "i2c@3180000" doesn't exist, creating
[2022-03-12 14:45:34] [0003.792] W> "module@0x54" doesn't exist, creating
[2022-03-12 14:45:34] [0003.799] I> Adding plugin-manager/ids/3310-1000-D00-L
[2022-03-12 14:45:34] [0003.806] I> Adding plugin-manager/configs/3310-mem-type 00
[2022-03-12 14:45:34] [0003.812] I> Adding plugin-manager/configs/3310-power-config 00
[2022-03-12 14:45:34] [0003.818] I> Adding plugin-manager/configs/3310-misc-config 00
[2022-03-12 14:45:34] [0003.824] I> Adding plugin-manager/configs/3310-modem-config 00
[2022-03-12 14:45:34] [0003.830] I> Adding plugin-manager/configs/3310-touch-config 00
[2022-03-12 14:45:34] [0003.836] I> Adding plugin-manager/configs/3310-display-config 00
[2022-03-12 14:45:34] [0003.842] I> Adding plugin-manager/cvm
[2022-03-12 14:45:34] [0003.846] W> "chip-id" doesn't exist, creating
[2022-03-12 14:45:34] [0003.850] I> Adding plugin-manager/chip-id/A02P
[2022-03-12 14:45:34] [0003.855] W> "odm-data" doesn't exist, creating
[2022-03-12 14:45:34] [0003.859] I> Adding /chosen/plugin-manager/odm-data
[2022-03-12 14:45:34] [0003.869] I> added [base:0x80000000, size:0x70000000] to /memory
[2022-03-12 14:45:34] [0003.875] I> added [base:0xf0200000, size:0x185600000] to /memory
[2022-03-12 14:45:34] [0003.881] I> added [base:0x275e00000, size:0x200000] to /memory
[2022-03-12 14:45:34] [0003.887] I> added [base:0x276600000, size:0x200000] to /memory
[2022-03-12 14:45:34] [0003.892] I> added [base:0x277000000, size:0x200000] to /memory
[2022-03-12 14:45:34] [0003.898] I> Updated memory info to DTB
[2022-03-12 14:45:34] [0003.903] E> add_disp_param: failed to get display params for du=0
[2022-03-12 14:45:34] [0003.910] W> "reset" doesn't exist, creating
[2022-03-12 14:45:34] [0003.915] W> "pmc-reset-reason" doesn't exist, creating
[2022-03-12 14:45:34] [0003.920] W> "pmic-reset-reason" doesn't exist, creating
[2022-03-12 14:45:34] [0003.927] I> Adding ecid(00000001646db7851000000013038200) to DT
[2022-03-12 14:45:34] [0003.932] I> disabled_core_mask: 0xffffff0c
[2022-03-12 14:45:34] [0003.945] I> Add serial number:1422420022173 as DT property
[2022-03-12 14:45:34] [0003.954] I> Plugin-manager override starting
[2022-03-12 14:45:34] [0003.960] I> node /plugin-manager/fragement@0 matches
[2022-03-12 14:45:34] [0003.970] I> node /plugin-manager/fragement@4 matches
[2022-03-12 14:45:34] [0003.983] I> node /plugin-manager/fragment-sdwake-p3310-1000-300 matches
[2022-03-12 14:45:34] [0004.003] I> node /plugin-manager/fragement-pmon-p3310-1000-300 matches
[2022-03-12 14:45:34] [0004.013] I> node /plugin-manager/fragement-pmon-p3310-1000-800 matches
[2022-03-12 14:45:34] [0004.021] I> node /plugin-manager/fragment-devslp@0 matches
[2022-03-12 14:45:34] [0004.034] I> node /plugin-manager/fragment-500-pcie-config matches
[2022-03-12 14:45:34] [0004.049] I> node /plugin-manager/fragment-500-xusb-config matches
[2022-03-12 14:45:34] [0004.072] I> node /plugin-manager/fragment-p3310-c00-comm matches
[2022-03-12 14:45:34] [0004.085] I> node /plugin-manager/fragment-p3310-c00-pmic matches
[2022-03-12 14:45:34] [0004.096] I> node /plugin-manager/fragment-p3310-c01 matches
[2022-03-12 14:45:34] [0004.109] I> node /plugin-manager/fragment-p3310-c03 matches
[2022-03-12 14:45:34] [0004.152] I> node /plugin-manager/fragment-e3326@0 matches
[2022-03-12 14:45:34] [0004.234] I> node /plugin-manager/fragment-p3310-c00-camera matches
[2022-03-12 14:45:34] [0004.262] I> Disable plugin-manager status in FDT
[2022-03-12 14:45:34] [0004.266] I> Plugin-manager override finished successfully
[2022-03-12 14:45:34] [0004.272] I> tegrabl_load_kernel_and_dtb: Done
[2022-03-12 14:45:34] [0004.276] E> tegrabl_display_clear: display is not initialized
[2022-03-12 14:45:34] [0004.281] W> Boot logo display failed...
[2022-03-12 14:45:34] [0004.285] I> Kernel EP: 0x80600000, DTB: 0x80000000
[2022-03-12 14:45:34] 
[2022-03-12 14:45:34] 
[2022-03-12 14:45:34] U-Boot 2020.04-g46e4604c78 (Jul 26 2021 - 12:10:58 -0700)
[2022-03-12 14:45:34] 
[2022-03-12 14:45:34] SoC: tegra186
[2022-03-12 14:45:34] Model: NVIDIA P2771-0000-500
[2022-03-12 14:45:34] Board: NVIDIA P2771-0000
[2022-03-12 14:45:34] DRAM:  7.8 GiB
[2022-03-12 14:45:34] MMC:   sdhci@3400000: 1, sdhci@3460000: 0
[2022-03-12 14:45:34] Loading Environment from MMC... *** Warning - bad CRC, using default environment
[2022-03-12 14:45:34] 
[2022-03-12 14:45:34] In:    serial
[2022-03-12 14:45:34] Out:   serial
[2022-03-12 14:45:34] Err:   serial
[2022-03-12 14:45:34] Net:   
[2022-03-12 14:45:34] Warning: ethernet@2490000 using MAC address from ROM
[2022-03-12 14:45:34] eth0: ethernet@2490000
[2022-03-12 14:45:34] Hit any key to stop autoboot:  2  1  0 
[2022-03-12 14:45:36] MMC: no card present
[2022-03-12 14:45:36] switch to partitions #0, OK
[2022-03-12 14:45:36] mmc0(part 0) is current device
[2022-03-12 14:45:37] Scanning mmc 0:1...
[2022-03-12 14:45:37] Found /boot/extlinux/extlinux.conf
[2022-03-12 14:45:37] Retrieving file: /boot/extlinux/extlinux.conf
[2022-03-12 14:45:37] 858 bytes read in 22 ms (38.1 KiB/s)
[2022-03-12 14:45:37] 1:	primary kernel
[2022-03-12 14:45:37] Retrieving file: /boot/initrd
[2022-03-12 14:45:37] 7238344 bytes read in 201 ms (34.3 MiB/s)
[2022-03-12 14:45:37] Retrieving file: /boot/Image
[2022-03-12 14:45:38] 34484232 bytes read in 829 ms (39.7 MiB/s)
[2022-03-12 14:45:38] append: console=ttyS0,115200 androidboot.presilicon=true firmware_class.path=/etc/firmware root=/dev/mmcblk0p1 rw rootwait rootfstype=ext4 console=ttyS0,115200n8 console=tty0 fbcon=map:0 net.ifnames=0 isolcpus=1-2  video=tegrafb earlycon=uart8250,mmio32,0x3100000 nvdumper_reserved=0x2772e0000 gpt rootfs.slot_suffix= usbcore.old_scheme_first=1 tegraid=18.1.2.0.0 maxcpus=6 no_console_suspend boot.slot_suffix= boot.ratchetvalues=0.2031647.1 vpr_resize bl_prof_dataptr=0x10000@0x275840000 sdhci_tegra.en_boot_part_access=1 quiet root=/dev/mmcblk0p1 rw rootwait rootfstype=ext4 console=ttyS0,115200n8 console=tty0 fbcon=map:0 net.ifnames=0 isolcpus=1-2 
[2022-03-12 14:45:38] ## Flattened Device Tree blob at 80000000
[2022-03-12 14:45:38]    Booting using the fdt blob at 0x80000000
[2022-03-12 14:45:38] ERROR: reserving fdt memory region failed (addr=0 size=0)
[2022-03-12 14:45:38] ERROR: reserving fdt memory region failed (addr=0 size=0)
[2022-03-12 14:45:38] ERROR: reserving fdt memory region failed (addr=0 size=0)
[2022-03-12 14:45:38]    Using Device Tree in place at 0000000080000000, end 0000000080060aa3
[2022-03-12 14:45:38] copying carveout for /host1x@13e00000/display-hub@15200000/display@15200000...
[2022-03-12 14:45:38] copying carveout for /host1x@13e00000/display-hub@15200000/display@15210000...
[2022-03-12 14:45:38] copying carveout for /host1x@13e00000/display-hub@15200000/display@15220000...
[2022-03-12 14:45:38] 
[2022-03-12 14:45:38] Starting kernel ...
[2022-03-12 14:45:38] 
[2022-03-12 14:45:38] [    0.000000] Booting Linux on physical CPU 0x100
[2022-03-12 14:45:38] [    0.000000] Linux version 4.9.253-tegra (buildbrain@mobile-u64-5497-d3000) (gcc version 7.3.1 20180425 [linaro-7.3-2018.05 revision d29120a424ecfbc167ef90065c0eeb7f91977701] (Linaro GCC 7.3-2018.05) ) #1 SMP PREEMPT Mon Jul 26 12:19:28 PDT 2021
[2022-03-12 14:45:38] [    0.000000] Boot CPU: AArch64 Processor [411fd073]
[2022-03-12 14:45:38] [    0.000000] OF: fdt:memory scan node memory@80000000, reg size 80,
[2022-03-12 14:45:38] [    0.000000] OF: fdt: - 80000000 ,  70000000
[2022-03-12 14:45:38] [    0.000000] OF: fdt: - f0200000 ,  185600000
[2022-03-12 14:45:38] [    0.000000] OF: fdt: - 275e00000 ,  200000
[2022-03-12 14:45:38] [    0.000000] OF: fdt: - 276600000 ,  200000
[2022-03-12 14:45:38] [    0.000000] OF: fdt: - 277000000 ,  200000
[2022-03-12 14:45:38] [    0.000000] earlycon: uart8250 at MMIO32 0x0000000003100000 (options '')
[2022-03-12 14:45:38] [    0.000000] bootconsole [uart8250] enabled
[2022-03-12 14:45:40] [    1.904653] cgroup: cgroup2: unknown option "nsdelegate"
[2022-03-12 14:45:42] [    3.056002] using random self ethernet address
[2022-03-12 14:45:42] [    3.064416] using random host ethernet address
[2022-03-12 14:45:42] [    3.399934] random: crng init done
[2022-03-12 14:45:42] [    3.403343] random: 7 urandom warning(s) missed due to ratelimiting
[2022-03-12 14:45:42] [    3.759942] using random self ethernet address
[2022-03-12 14:45:42] [    3.765687] using random host ethernet address
[2022-03-12 14:45:42] [    3.898616] CPU1: shutdown
[2022-03-12 14:45:42] [    3.959728] CPU2: shutdown
[2022-03-12 14:45:43] [    4.823298] Bridge firewalling registered
[2022-03-12 14:45:47] 
[2022-03-12 14:45:47] Ubuntu 18.04.5 LTS JTX2-A ttyS0
[2022-03-12 14:45:47] 
[2022-03-12 14:45:47] JTX2-A login: [  194.652838] CPU5: SError detected, daif=1c0, spsr=0x800000c5, mpidr=80000103, esr=bf40c000
[2022-03-12 14:48:53] [  194.652840] CPU0: SError detected, daif=1c0, spsr=0x800000c5, mpidr=80000100, esr=bf40c000
[2022-03-12 14:48:53] [  194.652843] CPU4: SError detected, daif=1c0, spsr=0x80000000, mpidr=80000102, esr=bf40c000
[2022-03-12 14:48:53] [  194.652846] CPU3: SError detected, daif=1c0, spsr=0x80000000, mpidr=80000101, esr=bf40c000
[2022-03-12 14:48:53] [  194.652847] **************************************
[2022-03-12 14:48:53] [  194.652851] A57 CPU Memory Error on CPU 0 (A57 Core 0)
[2022-03-12 14:48:53] [  194.652852] 	ESR:               0xbf40c000
[2022-03-12 14:48:53] [  194.652855] 	L2MERRSR: 0x40091344490
[2022-03-12 14:48:53] [  194.652857] 	L2 Data RAM: 0x11
[2022-03-12 14:48:53] [  194.652858] 	CPU ID of Error:    6
[2022-03-12 14:48:53] [  194.652859] 	WAY of Error:       1
[2022-03-12 14:48:53] [  194.652860] 	Index of Error:     17552
[2022-03-12 14:48:53] [  194.652861] 	Repeat Error Count: 0
[2022-03-12 14:48:53] [  194.652862] 	Other Error Count:  4
[2022-03-12 14:48:53] [  194.652862] **************************************
[2022-03-12 14:48:53] [  194.659437] ROC:CCE Machine Check Error:
[2022-03-12 14:48:53] [  194.659440] 	Address Type = Non-Secure DRAM
[2022-03-12 14:48:53] [  194.659466] 	Address = 0x24f9ac888 -- System RAM + 0x15f7ac888
[2022-03-12 14:48:53] [  194.662062] Bad mode in Error handler detected on CPU0, code 0xbf40c000 -- SError
[2022-03-12 14:48:53] [  194.662062] **************************************
[2022-03-12 14:48:53] [  194.662063] A57 CPU Memory Error on CPU 4 (A57 Core 2)
[2022-03-12 14:48:53] [  194.662064] Kernel panic - not syncing: bad mode
[2022-03-12 14:48:53] [  194.662065] 	ESR:               0xbf40c000
[2022-03-12 14:48:53] [  194.662066] 	CPUMERRSR: 0x89043ad0
[2022-03-12 14:48:53] [  194.662068] CPU: 0 PID: 0 Comm: swapper/0 Not tainted 4.9.253-tegra #1
[2022-03-12 14:48:53] [  194.662069] 	Data L1 Data RAM: 0x9
[2022-03-12 14:48:53] [  194.662070] Hardware name: quill (DT)
[2022-03-12 14:48:53] [  194.662071] 	Bank/Way of Error:  0x1
[2022-03-12 14:48:53] [  194.662072] Call trace:
[2022-03-12 14:48:53] [  194.662073] 	Index of Error:     0x3ad0
[2022-03-12 14:48:53] [  194.662080] [<ffffff800808ba40>] dump_backtrace+0x0/0x198
[2022-03-12 14:48:53] [  194.662081] 	Repeat Error Count: 0
[2022-03-12 14:48:53] [  194.662083] [<ffffff800808c004>] show_stack+0x24/0x30
[2022-03-12 14:48:53] [  194.662084] 	Other Error Count:  0
[2022-03-12 14:48:53] [  194.662088] [<ffffff8008f6121c>] dump_stack+0xa0/0xc4
[2022-03-12 14:48:53] [  194.662088] **************************************
[2022-03-12 14:48:53] [  194.662092] [<ffffff8008f5e2c0>] panic+0x12c/0x2a8
[2022-03-12 14:48:53] [  194.662094] [<ffffff800808c894>] bad_mode+0x7c/0x80
[2022-03-12 14:48:53] [  194.662096] [<ffffff800808ca5c>] handle_serr+0x124/0x128
[2022-03-12 14:48:53] [  194.662098] [<ffffff8008082d98>] el1_serr+0xb0/0x144
[2022-03-12 14:48:53] [  194.662102] [<ffffff8008ba09ac>] cpuidle_enter_state+0x84/0x380
[2022-03-12 14:48:53] [  194.662104] [<ffffff8008ba0d1c>] cpuidle_enter+0x34/0x48
[2022-03-12 14:48:53] [  194.662107] [<ffffff800811139c>] call_cpuidle+0x44/0x70
[2022-03-12 14:48:53] [  194.662109] [<ffffff8008111718>] cpu_startup_entry+0x1b0/0x200
[2022-03-12 14:48:53] [  194.662111] [<ffffff8008f63d9c>] rest_init+0x84/0x90
[2022-03-12 14:48:53] [  194.662115] [<ffffff8009610b68>] start_kernel+0x374/0x38c
[2022-03-12 14:48:53] [  194.662117] [<ffffff8009610204>] __primary_switched+0x80/0x94
[2022-03-12 14:48:53] [  194.662120] SMP: stopping secondary CPUs
[2022-03-12 14:48:53] [  194.668667] ROC:CCE Machine Check Error:
[2022-03-12 14:48:53] [  194.668669] 	Address Type = Secure DRAM
[2022-03-12 14:48:53] [  194.668675] 	Address = 0x27f62c882 (Unknown Device)
[2022-03-12 14:48:53] [  194.671296] Bad mode in Error handler detected on CPU4, code 0xbf40c000 -- SError
[2022-03-12 14:48:53] [  194.677965] ROC:CCE Machine Check Error:
[2022-03-12 14:48:53] [  194.677967] 	Address Type = Secure DRAM
[2022-03-12 14:48:53] [  194.677972] 	Address = 0x27f62c880 (Unknown Device)
[2022-03-12 14:48:53] [  194.916988] **************************************
[2022-03-12 14:48:53] [  194.921767] A57 CPU Memory Error on CPU 5 (A57 Core 3)
[2022-03-12 14:48:53] [  194.926893] 	ESR:               0xbf40c000
[2022-03-12 14:48:53] [  194.930979] 	CPUMERRSR: 0x81043f98
[2022-03-12 14:48:53] [  194.934371] 	Instruction L1 Data RAM: 0x1
[2022-03-12 14:48:53] [  194.938369] 	Bank/Way of Error:  0x1
[2022-03-12 14:48:53] [  194.941935] 	Index of Error:     0x3f98
[2022-03-12 14:48:53] [  194.945760] 	Repeat Error Count: 0
[2022-03-12 14:48:53] [  194.949152] 	Other Error Count:  0
[2022-03-12 14:48:53] [  194.952544] **************************************
[2022-03-12 14:48:53] [  194.963602] ROC:CCE Machine Check Error:
[2022-03-12 14:48:53] [  194.967515] 	Address Type = Secure DRAM
[2022-03-12 14:48:53] [  194.971344] 	Address = 0x27f62c882 (Unknown Device)
[2022-03-12 14:48:53] [  194.978381] Bad mode in Error handler detected on CPU5, code 0xbf40c000 -- SError
[2022-03-12 14:48:54] [  195.711394] SMP: failed to stop secondary CPUs 0,4-5
[2022-03-12 14:48:54] [  195.716350] Kernel Offset: disabled
[2022-03-12 14:48:54] [  195.719830] Memory Limit: none
[2022-03-12 14:48:54] [  195.722877] trusty-log panic notifier - trusty version Built: 12:20:14 Jul 26 2021 [  195.735395] Rebooting in 5 seconds..
[2022-03-12 14:48:59] [  200.739184] SMP: stopping secondary CPUs
[2022-03-12 14:49:00] [  201.791722] SMP: failed to stop secondary CPUs 0,4-5
[2022-03-12 14:49:00] [0000.164] I> Welcome to MB2(TBoot-BPMP)(version: 01.00.160913-t186-M-00.00-mobile-c368a720)
[2022-03-12 14:49:00] [0000.172] I> Boot-device: eMMC
[2022-03-12 14:49:00] [0000.180] I> sdmmc bdev is already initialized
[2022-03-12 14:49:01] [0000.184] I> pmic: reset reason (nverc)	: 0x0
[2022-03-12 14:49:01] [0000.217] I> Found 19 partitions in SDMMC_BOOT (instance 3)
[2022-03-12 14:49:01] [0000.237] I> Found 33 partitions in SDMMC_USER (instance 3)
[2022-03-12 14:49:01] [0000.243] W> No valid slot number is found in scratch register
[2022-03-12 14:49:01] [0000.249] W> Return default slot: _a
[2022-03-12 14:49:01] [0000.252] I> A/B: bin_type (16) slot 0
[2022-03-12 14:49:01] [0000.256] I> Loading partition bpmp-fw at 0xd7800000
[2022-03-12 14:49:01] [0000.261] I> Reading two headers - addr:0xd7800000 blocks:1
[2022-03-12 14:49:01] [0000.266] I> Addr: 0xd7800000, start-block: 58777608, num_blocks: 1
[2022-03-12 14:49:01] [0000.291] I> Binary(16) of size 534416 is loaded @ 0xd7800000
[2022-03-12 14:49:01] [0000.296] W> No valid slot number is found in scratch register
[2022-03-12 14:49:01] [0000.302] W> Return default slot: _a
[2022-03-12 14:49:01] [0000.306] I> A/B: bin_type (17) slot 0
[2022-03-12 14:49:01] [0000.309] I> Loading partition bpmp-fw-dtb at 0xd79f0000
[2022-03-12 14:49:01] [0000.314] I> Reading two headers - addr:0xd79f0000 blocks:1
[2022-03-12 14:49:01] [0000.320] I> Addr: 0xd79f0000, start-block: 58780024, num_blocks: 1
[2022-03-12 14:49:01] [0000.346] I> Binary(17) of size 604720 is loaded @ 0xd796c400
[2022-03-12 14:49:01] [0000.574] I> Loading SCE-FW ...
[2022-03-12 14:49:01] [0000.577] W> No valid slot number is found in scratch register
[2022-03-12 14:49:01] [0000.583] W> Return default slot: _a
[2022-03-12 14:49:01] [0000.586] I> A/B: bin_type (12) slot 0
[2022-03-12 14:49:01] [0000.590] I> Loading partition sce-fw at 0xd7300000
[2022-03-12 14:49:01] [0000.594] I> Reading two headers - addr:0xd7300000 blocks:1
[2022-03-12 14:49:01] [0000.600] I> Addr: 0xd7300000, start-block: 58784120, num_blocks: 1
[2022-03-12 14:49:01] [0000.619] I> Binary(12) of size 125632 is loaded @ 0xd7300000
[2022-03-12 14:49:01] [0000.625] I> Init SCE
[2022-03-12 14:49:01] [0000.627] I> Loading APE-FW ...
[2022-03-12 14:49:01] [0000.630] W> No valid slot number is found in scratch register
[2022-03-12 14:49:01] [0000.636] W> Return default slot: _a
[2022-03-12 14:49:01] [0000.639] I> A/B: bin_type (11) slot 0
[2022-03-12 14:49:01] [0000.643] I> Loading partition adsp-fw at 0xd7400000
[2022-03-12 14:49:01] [0000.648] I> Reading two headers - addr:0xd7400000 blocks:1
[2022-03-12 14:49:01] [0000.653] I> Addr: 0xd7400000, start-block: 58761224, num_blocks: 1
[2022-03-12 14:49:01] [0000.672] I> Binary(11) of size 77216 is loaded @ 0xd7400000
[2022-03-12 14:49:01] [0000.678] I> Copy BTCM section
[2022-03-12 14:49:01] [0000.681] W> No valid slot number is found in scratch register
[2022-03-12 14:49:01] [0000.686] W> Return default slot: _a
[2022-03-12 14:49:01] [0000.690] I> A/B: bin_type (13) slot 0
[2022-03-12 14:49:01] [0000.693] I> Loading partition cpu-bootloader at 0x96000000
[2022-03-12 14:49:01] [0000.699] I> Reading two headers - addr:0x96000000 blocks:1
[2022-03-12 14:49:01] [0000.704] I> Addr: 0x96000000, start-block: 58740744, num_blocks: 1
[2022-03-12 14:49:01] [0000.725] I> Binary(13) of size 308800 is loaded @ 0x96000000
[2022-03-12 14:49:01] [0000.731] W> No valid slot number is found in scratch register
[2022-03-12 14:49:01] [0000.737] W> Return default slot: _a
[2022-03-12 14:49:01] [0000.740] I> A/B: bin_type (20) slot 0
[2022-03-12 14:49:01] [0000.744] I> Loading partition bootloader-dtb at 0x85205400
[2022-03-12 14:49:01] [0000.749] I> Reading two headers - addr:0x85205400 blocks:1
[2022-03-12 14:49:01] [0000.755] I> Addr: 0x85205400, start-block: 58742792, num_blocks: 1
[2022-03-12 14:49:01] [0000.777] I> Binary(20) of size 375568 is loaded @ 0x85205400
[2022-03-12 14:49:01] [0000.782] W> No valid slot number is found in scratch register
[2022-03-12 14:49:01] [0000.788] W> Return default slot: _a
[2022-03-12 14:49:01] [0000.792] I> A/B: bin_type (14) slot 0
[2022-03-12 14:49:01] [0000.795] I> Loading partition secure-os at 0x85305600
[2022-03-12 14:49:01] [0000.800] I> Reading two headers - addr:0x85305600 blocks:1
[2022-03-12 14:49:01] [0000.806] I> Addr: 0x85305600, start-block: 58744840, num_blocks: 1
[2022-03-12 14:49:01] [0000.828] I> Binary(14) of size 402864 is loaded @ 0x85305600
[2022-03-12 14:49:01] [0000.835] I> TOS boot-params @ 0x85000000
[2022-03-12 14:49:01] [0000.839] I> TOS params prepared
[2022-03-12 14:49:01] [0000.842] I> Loading EKS ...
[2022-03-12 14:49:01] [0000.845] I> A/B: bin_type (15) slot 0
[2022-03-12 14:49:01] [0000.849] I> Loading partition eks at 0x85905800
[2022-03-12 14:49:01] [0000.853] I> Reading two headers - addr:0x85905800 blocks:1
[2022-03-12 14:49:01] [0000.859] I> Addr: 0x85905800, start-block: 58757128, num_blocks: 1
[2022-03-12 14:49:01] [0000.877] I> Binary(15) of size 1040 is loaded @ 0x85905800
[2022-03-12 14:49:01] [0000.883] I> EKB detected (length: 0x400) @ 0x85905800
[2022-03-12 14:49:01] [0000.888] I> Copied encrypted keys
[2022-03-12 14:49:01] [0000.892] I> boot profiler @ 0x275844000
[2022-03-12 14:49:01] [0000.896] I> boot profiler for TOS @ 0x275844000
[2022-03-12 14:49:01] [0000.900] I> Unhalting SCE
[2022-03-12 14:49:01] [0000.903] I> Primary Memory Start:80000000 Size:70000000
[2022-03-12 14:49:01] [0000.908] I> Extended Memory Start:f0110000 Size:1856f0000
[2022-03-12 14:49:01] [0000.915] I> MB2(TBoot-BPMP) done
[2022-03-12 14:49:01] 
[2022-03-12 14:49:01] NOTICE:  BL31: v1.3(release):b5eeb33f7
[2022-03-12 14:49:01] NOTICE:  BL31: Built : 12:15:17, Jul 26 2021
[2022-03-12 14:49:01] ipc-unittest-main: 1519: Welcome to IPC unittest!!!
[2022-03-12 14:49:01] ipc-unittest-main: 1531: waiting forever
[2022-03-12 14:49:01] ipc-unittest-srv: 329: Init unittest services!!!
[2022-03-12 14:49:01] hwkey-agent: 41: hwkey-agent is running!!
[2022-03-12 14:49:01] hwkey-agent: 315: key_mgnt_processing .......
[2022-03-12 14:49:01] hwkey-agent: 223: Setting EKB key 0 to slot 14
[2022-03-12 14:49:01] hwkey-agent: 178: Init hweky-agent services!!
[2022-03-12 14:49:01] luks-srv: 40: luks-srv is running!!
[2022-03-12 14:49:01] luks-srv: 157: Init luks-srv IPC services!!
[2022-03-12 14:49:01] platform_bootstrap_epilog: trusty bootstrap complete
[2022-03-12 14:49:02] [0001.288] I> Welcome to Cboot
[2022-03-12 14:49:02] [0001.290] I> Cboot Version: t186-00029e71
[2022-03-12 14:49:02] [0001.294] I> CPU-BL Params @ 0x275800000
[2022-03-12 14:49:02] [0001.298] I>  0) Base:0x00000000 Size:0x00000000
[2022-03-12 14:49:02] [0001.302] I>  1) Base:0x277f00000 Size:0x00100000
[2022-03-12 14:49:02] [0001.307] I>  2) Base:0x277e00000 Size:0x00100000
[2022-03-12 14:49:02] [0001.311] I>  3) Base:0x277d00000 Size:0x00100000
[2022-03-12 14:49:02] [0001.316] I>  4) Base:0x277c00000 Size:0x00100000
[2022-03-12 14:49:02] [0001.320] I>  5) Base:0x277b00000 Size:0x00100000
[2022-03-12 14:49:02] [0001.325] I>  6) Base:0x277800000 Size:0x00200000
[2022-03-12 14:49:02] [0001.329] I>  7) Base:0x277400000 Size:0x00400000
[2022-03-12 14:49:02] [0001.334] I>  8) Base:0x277a00000 Size:0x00100000
[2022-03-12 14:49:02] [0001.338] I>  9) Base:0x277300000 Size:0x00100000
[2022-03-12 14:49:02] [0001.343] I> 10) Base:0x276800000 Size:0x00800000
[2022-03-12 14:49:02] [0001.348] I> 11) Base:0x30000000 Size:0x00040000
[2022-03-12 14:49:02] [0001.352] I> 12) Base:0xf0000000 Size:0x00100000
[2022-03-12 14:49:02] [0001.356] I> 13) Base:0x30040000 Size:0x00001000
[2022-03-12 14:49:02] [0001.361] I> 14) Base:0x30048000 Size:0x00001000
[2022-03-12 14:49:02] [0001.365] I> 15) Base:0x30049000 Size:0x00001000
[2022-03-12 14:49:02] [0001.370] I> 16) Base:0x3004a000 Size:0x00001000
[2022-03-12 14:49:02] [0001.374] I> 17) Base:0x3004b000 Size:0x00001000
[2022-03-12 14:49:02] [0001.379] I> 18) Base:0x3004c000 Size:0x00001000
[2022-03-12 14:49:02] [0001.383] I> 19) Base:0x3004d000 Size:0x00001000
[2022-03-12 14:49:02] [0001.387] I> 20) Base:0x3004e000 Size:0x00001000
[2022-03-12 14:49:02] [0001.392] I> 21) Base:0x3004f000 Size:0x00001000
[2022-03-12 14:49:02] [0001.396] I> 22) Base:0x00000000 Size:0x00000000
[2022-03-12 14:49:02] [0001.401] I> 23) Base:0xf0100000 Size:0x00010000
[2022-03-12 14:49:02] [0001.405] I> 24) Base:0x00000000 Size:0x00000000
[2022-03-12 14:49:02] [0001.410] I> 25) Base:0x00000000 Size:0x00000000
[2022-03-12 14:49:02] [0001.414] I> 26) Base:0x00000000 Size:0x00000000
[2022-03-12 14:49:02] [0001.418] I> 27) Base:0x00000000 Size:0x00000000
[2022-03-12 14:49:02] [0001.423] I> 28) Base:0x84400000 Size:0x00400000
[2022-03-12 14:49:02] [0001.427] I> 29) Base:0x30000000 Size:0x00010000
[2022-03-12 14:49:02] [0001.432] I> 30) Base:0x278000000 Size:0x08000000
[2022-03-12 14:49:02] [0001.436] I> 31) Base:0x00000000 Size:0x00000000
[2022-03-12 14:49:02] [0001.441] I> 32) Base:0x276000000 Size:0x00600000
[2022-03-12 14:49:02] [0001.445] I> 33) Base:0x80000000 Size:0x70000000
[2022-03-12 14:49:02] [0001.450] I> 34) Base:0xf0110000 Size:0x1856f0000
[2022-03-12 14:49:02] [0001.454] I> 35) Base:0x00000000 Size:0x00000000
[2022-03-12 14:49:02] [0001.459] I> 36) Base:0x00000000 Size:0x00000000
[2022-03-12 14:49:02] [0001.463] I> 37) Base:0x2772e0000 Size:0x00020000
[2022-03-12 14:49:02] [0001.467] I> 38) Base:0x84000000 Size:0x00400000
[2022-03-12 14:49:02] [0001.472] I> 39) Base:0x96000000 Size:0x02000000
[2022-03-12 14:49:02] [0001.476] I> 40) Base:0x85000000 Size:0x01200000
[2022-03-12 14:49:02] [0001.481] I> 41) Base:0x275800000 Size:0x00500000
[2022-03-12 14:49:02] [0001.485] I> 42) Base:0x00000000 Size:0x00000000
[2022-03-12 14:49:02] [0001.490] I> 43) Base:0x00000000 Size:0x00000000
[2022-03-12 14:49:02] [0001.494] GIC-SPI Target CPU: 4
[2022-03-12 14:49:02] [0001.497] Interrupts Init done
[2022-03-12 14:49:02] [0001.501] calling constructors
[2022-03-12 14:49:02] [0001.504] initializing heap
[2022-03-12 14:49:02] [0001.507] initializing threads
[2022-03-12 14:49:02] [0001.510] initializing timers
[2022-03-12 14:49:02] [0001.513] creating bootstrap completion thread
[2022-03-12 14:49:02] [0001.518] top of bootstrap2()
[2022-03-12 14:49:02] [0001.521] CPU: ARM Cortex A57
[2022-03-12 14:49:02] [0001.524] CPU: MIDR: 0x411FD073, MPIDR: 0x80000100
[2022-03-12 14:49:02] [0001.529] initializing platform
[2022-03-12 14:49:02] [0001.532] I> Bl_dtb @0x85205400
[2022-03-12 14:49:02] [0001.535] I> gpio framework initialized
[2022-03-12 14:49:02] [0001.542] I> tegrabl_gpio_driver_register: register 'nvidia,tegra186-gpio' driver
[2022-03-12 14:49:02] [0001.552] I> tegrabl_gpio_driver_register: register 'nvidia,tegra186-gpio-aon' driver
[2022-03-12 14:49:02] [0001.559] I> GPIO framework and drivers are initialized.
[2022-03-12 14:49:02] [0001.565] I> Boot-device: eMMC
[2022-03-12 14:49:02] [0001.572] I> sdmmc bdev is already initialized
[2022-03-12 14:49:02] [0001.602] I> Found 19 partitions in SDMMC_BOOT (instance 3)
[2022-03-12 14:49:02] [0001.620] I> Found 33 partitions in SDMMC_USER (instance 3)
[2022-03-12 14:49:02] [0001.626] W> opt-in fuse is not set, skip fuse_burning
[2022-03-12 14:49:02] [0001.630] I> Reserved memory at 0xfbe00000 for U-Boot relocation
[2022-03-12 14:49:02] [0001.636] W> No valid slot number is found in scratch register
[2022-03-12 14:49:02] [0001.642] W> Return default slot: _a
[2022-03-12 14:49:02] [0001.651] I> A/B: bin_type (21) slot 0
[2022-03-12 14:49:02] [0001.655] I> Loading kernel-dtb from partition
[2022-03-12 14:49:02] [0001.659] I> Loading partition kernel-dtb at 0x80000000 from device(0x1)
[2022-03-12 14:49:02] [0001.677] I> Kernel_dtb @0x80000000
[2022-03-12 14:49:02] [0001.680] I> tegrabl_tca9539_init: i2c bus: 0, slave addr: 0xee
[2022-03-12 14:49:02] [0001.690] I> tegrabl_gpio_driver_register: register 'tca9539_gpio_driver' driver
[2022-03-12 14:49:02] [0001.698] I> tegrabl_tca9539_init: i2c bus: 0, slave addr: 0xe8
[2022-03-12 14:49:02] [0001.707] I> tegrabl_gpio_driver_register: register 'tca9539_gpio_driver' driver
[2022-03-12 14:49:02] [0001.717] I> fixed regulator driver initialized
[2022-03-12 14:49:02] [0001.750] I> register 'maxim' power off handle
[2022-03-12 14:49:02] [0001.756] I> virtual i2c enabled
[2022-03-12 14:49:02] [0001.759] I> registered 'maxim,max77620' pmic
[2022-03-12 14:49:02] [0001.764] I> tegrabl_gpio_driver_register: register 'max77620-gpio' driver
[2022-03-12 14:49:02] [0001.778] E> failed to read label property for node 324936: 13
[2022-03-12 14:49:02] [0001.786] E> failed to read reg property for node 325032: 13
[2022-03-12 14:49:02] [0001.794] E> failed to read reg property for node 325084: 13
[2022-03-12 14:49:02] [0001.803] E> failed to read label property for node 325168: 13
[2022-03-12 14:49:02] [0001.811] E> failed to read label property for node 325236: 13
[2022-03-12 14:49:02] [0001.820] E> failed to read reg property for node 325304: 13
[2022-03-12 14:49:02] [0001.828] E> failed to read reg property for node 325376: 13
[2022-03-12 14:49:02] [0001.838] I> Find /i2c@c250000's alias i2c7
[2022-03-12 14:49:02] [0001.842] I> Reading eeprom i2c=7 address=0x50
[2022-03-12 14:49:02] [0001.871] I> Device at /i2c@c250000:0x50
[2022-03-12 14:49:02] [0001.875] I> Reading eeprom i2c=7 address=0x57
[2022-03-12 14:49:02] [0001.904] I> Device at /i2c@c250000:0x57
[2022-03-12 14:49:02] [0001.908] I> Find /i2c@c240000's alias i2c1
[2022-03-12 14:49:02] [0001.912] I> Reading eeprom i2c=1 address=0x51
[2022-03-12 14:49:02] [0001.917] E> I2C: slave not found in slaves.
[2022-03-12 14:49:02] [0001.921] E> I2C: Could not write 0 bytes to slave: 0x00a2 with repeat start true.
[2022-03-12 14:49:02] [0001.929] E> I2C_DEV: Failed to send register address 0x00000000.
[2022-03-12 14:49:02] [0001.935] E> I2C_DEV: Could not read 256 registers of size 1 from slave 0xa2 at 0x00000000 via instance 1.
[2022-03-12 14:49:02] [0001.945] E> eeprom: Retry to read I2C slave device.
[2022-03-12 14:49:02] [0001.949] E> I2C: slave not found in slaves.
[2022-03-12 14:49:02] [0001.954] E> I2C: Could not write 0 bytes to slave: 0x00a2 with repeat start true.
[2022-03-12 14:49:02] [0001.961] E> I2C_DEV: Failed to send register address 0x00000000.
[2022-03-12 14:49:02] [0001.967] E> I2C_DEV: Could not read 256 registers of size 1 from slave 0xa2 at 0x00000000 via instance 1.
[2022-03-12 14:49:02] [0001.977] E> eeprom: Failed to read I2C slave device
[2022-03-12 14:49:02] [0001.981] I> Eeprom read failed 0x3526070d
[2022-03-12 14:49:02] [0001.986] I> Find /i2c@3160000's alias i2c0
[2022-03-12 14:49:02] [0001.990] I> Reading eeprom i2c=0 address=0x50
[2022-03-12 14:49:02] [0001.994] E> I2C: slave not found in slaves.
[2022-03-12 14:49:02] [0001.998] E> I2C: Could not write 0 bytes to slave: 0x00a0 with repeat start true.
[2022-03-12 14:49:02] [0002.006] E> I2C_DEV: Failed to send register address 0x00000000.
[2022-03-12 14:49:02] [0002.012] E> I2C_DEV: Could not read 256 registers of size 1 from slave 0xa0 at 0x00000000 via instance 0.
[2022-03-12 14:49:02] [0002.021] E> eeprom: Failed to read I2C slave device
[2022-03-12 14:49:02] [0002.026] I> Eeprom read failed 0x3526070d
[2022-03-12 14:49:02] [0002.031] I> Find /i2c@3180000's alias i2c2
[2022-03-12 14:49:02] [0002.035] I> Reading eeprom i2c=2 address=0x54
[2022-03-12 14:49:02] [0002.039] I> Enabling gpio chip_id = 2, gpio pin = 9
[2022-03-12 14:49:02] [0002.070] I> Disabling gpio chip_id = 2, gpio pin = 9
[2022-03-12 14:49:02] [0002.075] I> Device at /i2c@3180000:0x54
[2022-03-12 14:49:02] [0002.079] I> Reading eeprom i2c=2 address=0x57
[2022-03-12 14:49:02] [0002.083] I> Enabling gpio chip_id = 2, gpio pin = 9
[2022-03-12 14:49:02] [0002.089] E> I2C: slave not found in slaves.
[2022-03-12 14:49:02] [0002.093] E> I2C: Could not write 0 bytes to slave: 0x00ae with repeat start true.
[2022-03-12 14:49:02] [0002.101] E> I2C_DEV: Failed to send register address 0x00000000.
[2022-03-12 14:49:02] [0002.106] E> I2C_DEV: Could not read 256 registers of size 1 from slave 0xae at 0x00000000 via instance 2.
[2022-03-12 14:49:02] [0002.116] E> eeprom: Failed to read I2C slave device
[2022-03-12 14:49:02] [0002.121] I> Disabling gpio chip_id = 2, gpio pin = 9
[2022-03-12 14:49:02] [0002.126] I> Eeprom read failed 0x00000000
[2022-03-12 14:49:02] [0002.130] I> create_pm_ids: id: 3310-1000-D00-L, len: 15
[2022-03-12 14:49:02] [0002.135] I> config: mem-type:00,power-config:00,misc-config:00,modem-config:00,touch-config:00,display-config:00,, len: 93
[2022-03-12 14:49:02] [0002.146] I> create_pm_ids: id: 2597-0000-900-E, len: 15
[2022-03-12 14:49:02] [0002.151] I> config: mem-type:00,power-config:00,misc-config:00,modem-config:00,touch-config:00,display-config:00,, len: 93
[2022-03-12 14:49:02] [0002.162] I> create_pm_ids: id: 3326-1000-000-M, len: 15
[2022-03-12 14:49:02] [0002.167] I> config: mem-type:ff,power-config:ff,misc-config:ff,modem-config:ff,touch-config:ff,display-config:ff,, len: 93
[2022-03-12 14:49:03] [0002.202] I> enabling 'vdd-hdmi' regulator
[2022-03-12 14:49:03] [0002.218] I> regulator 'vdd-hdmi' already enabled
[2022-03-12 14:49:03] [0002.222] E> tegrabl_display_init_regulator: hdmi cable is not connected
[2022-03-12 14:49:03] [0002.229] E> tegrabl_display_get_pdata, failed to parse dtb settings
[2022-03-12 14:49:03] [0002.238] E> cannot find any other nvdisp nodes
[2022-03-12 14:49:03] [0002.242] E> no valid display unit config found in dtb
[2022-03-12 14:49:03] [0002.248] W> display init failed
[2022-03-12 14:49:03] [0002.251] initializing target
[2022-03-12 14:49:03] [0002.254] calling apps_init()
[2022-03-12 14:49:03] [0002.257] starting app kernel_boot_app
[2022-03-12 14:49:03] [0002.279] I> found decompressor handler: lz4-legacy
[2022-03-12 14:49:03] [0002.284] I> decompressing BMP blob ...
[2022-03-12 14:49:03] [0002.296] I> Kernel type = Normal
[2022-03-12 14:49:03] [0002.299] I> ########## Fixed storage boot ##########
[2022-03-12 14:49:03] [0002.304] I> Loading kernel-bootctrl from partition
[2022-03-12 14:49:03] [0002.309] I> Loading partition kernel-bootctrl at 0xa8000000 from device(0x1)
[2022-03-12 14:49:03] [0002.323] W> tegrabl_get_kernel_bootctrl: magic number(0x00000000) is invalid
[2022-03-12 14:49:03] [0002.330] W> tegrabl_get_kernel_bootctrl: use default dummy boot control data
[2022-03-12 14:49:03] [0002.337] W> No valid slot number is found in scratch register
[2022-03-12 14:49:03] [0002.342] W> Return default slot: _a
[2022-03-12 14:49:03] [0002.346] I> A/B: bin_type (24) slot 0
[2022-03-12 14:49:03] [0002.361] I> Boot image size read from image header: 9913d
[2022-03-12 14:49:03] [0002.367] I> Boot image load address: 0x80400000
[2022-03-12 14:49:03] [0002.371] I> Loading kernel from partition
[2022-03-12 14:49:03] [0002.375] I> Loading partition kernel at 0x80400000 from device(0x1)
[2022-03-12 14:49:04] [0003.318] I> Validate kernel ...
[2022-03-12 14:49:04] [0003.321] I> T18x: Authenticate kernel (bin_type 24), max size 0x4000000
[2022-03-12 14:49:04] [0003.329] I> Decrypt the buffer ... [0003.332] W> tegrabl_decrypt_block: fuse (0x0) is not burnt to do encryption (0x4); skip decryption.
[2022-03-12 14:49:04] [0003.341] I> done
[2022-03-12 14:49:04] [0003.343] I> Checking boot.img header magic ... [0003.347] I> [OK]
[2022-03-12 14:49:04] [0003.349] I> kernel-dtb is already loaded
[2022-03-12 14:49:04] [0003.352] I> Validate kernel-dtb ...
[2022-03-12 14:49:04] [0003.356] I> T18x: Authenticate kernel-dtb (bin_type 21), max size 0x100000
[2022-03-12 14:49:04] [0003.363] I> Decrypt the buffer ... [0003.367] W> tegrabl_decrypt_block: fuse (0x0) is not burnt to do encryption (0x4); skip decryption.
[2022-03-12 14:49:04] [0003.376] I> done
[2022-03-12 14:49:04] [0003.377] I> Kernel hdr @0x80400000
[2022-03-12 14:49:04] [0003.381] I> Kernel dtb @0x80000000
[2022-03-12 14:49:04] [0003.384] I> decompressor handler not found
[2022-03-12 14:49:04] [0003.388] I> Copying kernel image (627005 bytes) from 0x80400800 to 0x80600000 ... [0003.396] I> Done
[2022-03-12 14:49:04] [0003.397] I> Move ramdisk (len: 0) from 0x8049a000 to 0x947d0000
[2022-03-12 14:49:04] [0003.405] I> Updated bpmp info to DTB
[2022-03-12 14:49:04] [0003.411] I> Ramdisk: Base: 0x947d0000; Size: 0x0
[2022-03-12 14:49:04] [0003.415] I> Updated initrd info to DTB
[2022-03-12 14:49:04] [0003.419] W> WARN: Fail to override "console=none" in commandline
[2022-03-12 14:49:04] [0003.425] I> Active rootfs suffix: 
[2022-03-12 14:49:04] [0003.428] E> tegrabl_linuxboot_add_disp_param, du 0 failed to get display params
[2022-03-12 14:49:04] [0003.436] E> tegrabl_linuxboot_add_disp_param, du 0 failed to get display params
[2022-03-12 14:49:04] [0003.443] E> tegrabl_linuxboot_add_disp_param, du 0 failed to get display params
[2022-03-12 14:49:04] [0003.450] I> disabled_core_mask: 0xffffff0c
[2022-03-12 14:49:04] [0003.454] W> No valid slot number is found in scratch register
[2022-03-12 14:49:04] [0003.460] W> Return default slot: _a
[2022-03-12 14:49:04] [0003.463] I> Active slot suffix: 
[2022-03-12 14:49:04] [0003.466] I> add_boot_slot_suffix: slot_suffix = 
[2022-03-12 14:49:04] [0003.471] I> Linux Cmdline: console=ttyS0,115200 androidboot.presilicon=true firmware_class.path=/etc/firmware root=/dev/mmcblk0p1 rw rootwait rootfstype=ext4 console=ttyS0,115200n8 console=tty0 fbcon=map:0 net.ifnames=0 isolcpus=1-2  video=tegrafb earlycon=uart8250,mmio32,0x3100000 nvdumper_reserved=0x2772e0000 gpt rootfs.slot_suffix= usbcore.old_scheme_first=1 tegraid=18.1.2.0.0 maxcpus=6 no_console_suspend boot.slot_suffix= boot.ratchetvalues=0.2031647.1 vpr_resize bl_prof_dataptr=0x10000@0x275840000 sdhci_tegra.en_boot_part_access=1 
[2022-03-12 14:49:04] [0003.518] I> Updated bootarg info to DTB
[2022-03-12 14:49:04] [0003.522] I> eeprom_get_mac_addr: MAC (type: 0): 48:b0:2d:0f:11:c5
[2022-03-12 14:49:04] [0003.528] I> eeprom_get_mac_addr: MAC (type: 1): 48:b0:2d:0f:11:c6
[2022-03-12 14:49:04] [0003.534] I> eeprom_get_mac_addr: MAC (type: 2): 48:b0:2d:0f:11:c7
[2022-03-12 14:49:04] [0003.541] E> Found no plugin manager ids in source DT
[2022-03-12 14:49:04] [0003.546] W> Add plugin manager ids from board info
[2022-03-12 14:49:04] [0003.550] W> "plugin-manager" doesn't exist, creating
[2022-03-12 14:49:04] [0003.555] W> "ids" doesn't exist, creating
[2022-03-12 14:49:04] [0003.559] W> "connection" doesn't exist, creating
[2022-03-12 14:49:04] [0003.564] W> "configs" doesn't exist, creating
[2022-03-12 14:49:04] [0003.568] I> create_pm_ids: id: 3310-1000-D00-L, len: 15
[2022-03-12 14:49:04] [0003.573] I> config: mem-type:00,power-config:00,misc-config:00,modem-config:00,touch-config:00,display-config:00,, len: 93
[2022-03-12 14:49:04] [0003.584] I> create_pm_ids: id: 2597-0000-900-E, len: 15
[2022-03-12 14:49:04] [0003.589] I> config: mem-type:00,power-config:00,misc-config:00,modem-config:00,touch-config:00,display-config:00,, len: 93
[2022-03-12 14:49:04] [0003.600] I> create_pm_ids: id: 3326-1000-000-M, len: 15
[2022-03-12 14:49:04] [0003.605] I> config: mem-type:ff,power-config:ff,misc-config:ff,modem-config:ff,touch-config:ff,display-config:ff,, len: 93
[2022-03-12 14:49:04] [0003.616] I> Adding plugin-manager/ids/3310-1000-D00=/i2c@c250000:module@0x50
[2022-03-12 14:49:04] [0003.623] W> "i2c@c250000" doesn't exist, creating
[2022-03-12 14:49:04] [0003.628] W> "module@0x50" doesn't exist, creating
[2022-03-12 14:49:04] [0003.633] I> Adding plugin-manager/ids/2597-0000-900=/i2c@c250000:module@0x57
[2022-03-12 14:49:04] [0003.640] W> "module@0x57" doesn't exist, creating
[2022-03-12 14:49:04] [0003.645] I> Adding plugin-manager/ids/3326-1000-000=/i2c@3180000:module@0x54
[2022-03-12 14:49:04] [0003.653] W> "i2c@3180000" doesn't exist, creating
[2022-03-12 14:49:04] [0003.657] W> "module@0x54" doesn't exist, creating
[2022-03-12 14:49:04] [0003.664] I> Adding plugin-manager/ids/3310-1000-D00-L
[2022-03-12 14:49:04] [0003.671] I> Adding plugin-manager/configs/3310-mem-type 00
[2022-03-12 14:49:04] [0003.677] I> Adding plugin-manager/configs/3310-power-config 00
[2022-03-12 14:49:04] [0003.683] I> Adding plugin-manager/configs/3310-misc-config 00
[2022-03-12 14:49:04] [0003.689] I> Adding plugin-manager/configs/3310-modem-config 00
[2022-03-12 14:49:04] [0003.695] I> Adding plugin-manager/configs/3310-touch-config 00
[2022-03-12 14:49:04] [0003.701] I> Adding plugin-manager/configs/3310-display-config 00
[2022-03-12 14:49:04] [0003.707] I> Adding plugin-manager/cvm
[2022-03-12 14:49:04] [0003.711] W> "chip-id" doesn't exist, creating
[2022-03-12 14:49:04] [0003.715] I> Adding plugin-manager/chip-id/A02P
[2022-03-12 14:49:04] [0003.720] W> "odm-data" doesn't exist, creating
[2022-03-12 14:49:04] [0003.724] I> Adding /chosen/plugin-manager/odm-data
[2022-03-12 14:49:04] [0003.734] I> added [base:0x80000000, size:0x70000000] to /memory
[2022-03-12 14:49:04] [0003.740] I> added [base:0xf0200000, size:0x185600000] to /memory
[2022-03-12 14:49:04] [0003.746] I> added [base:0x275e00000, size:0x200000] to /memory
[2022-03-12 14:49:04] [0003.751] I> added [base:0x276600000, size:0x200000] to /memory
[2022-03-12 14:49:04] [0003.757] I> added [base:0x277000000, size:0x200000] to /memory
[2022-03-12 14:49:04] [0003.763] I> Updated memory info to DTB
[2022-03-12 14:49:04] [0003.767] E> add_disp_param: failed to get display params for du=0
[2022-03-12 14:49:04] [0003.775] W> "reset" doesn't exist, creating
[2022-03-12 14:49:04] [0003.779] W> "pmc-reset-reason" doesn't exist, creating
[2022-03-12 14:49:04] [0003.785] W> "pmic-reset-reason" doesn't exist, creating
[2022-03-12 14:49:04] [0003.791] I> Adding ecid(00000001646db7851000000013038200) to DT
[2022-03-12 14:49:04] [0003.797] I> disabled_core_mask: 0xffffff0c
[2022-03-12 14:49:04] [0003.810] I> Add serial number:1422420022173 as DT property
[2022-03-12 14:49:04] [0003.819] I> Plugin-manager override starting
[2022-03-12 14:49:04] [0003.825] I> node /plugin-manager/fragement@0 matches
[2022-03-12 14:49:04] [0003.835] I> node /plugin-manager/fragement@4 matches
[2022-03-12 14:49:04] [0003.848] I> node /plugin-manager/fragment-sdwake-p3310-1000-300 matches
[2022-03-12 14:49:04] [0003.868] I> node /plugin-manager/fragement-pmon-p3310-1000-300 matches
[2022-03-12 14:49:04] [0003.877] I> node /plugin-manager/fragement-pmon-p3310-1000-800 matches
[2022-03-12 14:49:04] [0003.886] I> node /plugin-manager/fragment-devslp@0 matches
[2022-03-12 14:49:04] [0003.899] I> node /plugin-manager/fragment-500-pcie-config matches
[2022-03-12 14:49:04] [0003.914] I> node /plugin-manager/fragment-500-xusb-config matches
[2022-03-12 14:49:04] [0003.937] I> node /plugin-manager/fragment-p3310-c00-comm matches
[2022-03-12 14:49:04] [0003.950] I> node /plugin-manager/fragment-p3310-c00-pmic matches
[2022-03-12 14:49:04] [0003.961] I> node /plugin-manager/fragment-p3310-c01 matches
[2022-03-12 14:49:04] [0003.974] I> node /plugin-manager/fragment-p3310-c03 matches
[2022-03-12 14:49:04] [0004.017] I> node /plugin-manager/fragment-e3326@0 matches
[2022-03-12 14:49:04] [0004.099] I> node /plugin-manager/fragment-p3310-c00-camera matches
[2022-03-12 14:49:04] [0004.126] I> Disable plugin-manager status in FDT
[2022-03-12 14:49:04] [0004.130] I> Plugin-manager override finished successfully
[2022-03-12 14:49:04] [0004.136] I> tegrabl_load_kernel_and_dtb: Done
[2022-03-12 14:49:04] [0004.140] E> tegrabl_display_clear: display is not initialized
[2022-03-12 14:49:04] [0004.145] W> Boot logo display failed...
[2022-03-12 14:49:04] [0004.149] I> Kernel EP: 0x80600000, DTB: 0x80000000
[2022-03-12 14:49:05] 
[2022-03-12 14:49:05] 
[2022-03-12 14:49:05] U-Boot 2020.04-g46e4604c78 (Jul 26 2021 - 12:10:58 -0700)
[2022-03-12 14:49:05] 
