[0000.289] I> Welcome to MB2(TBoot-BPMP)(version: 01.00.160913-t186-M-00.00-mobile-c368a720)
[2022-03-13 14:20:13] [0000.297] I> Boot-device: eMMC
[2022-03-13 14:20:13] [0000.305] I> sdmmc bdev is already initialized
[2022-03-13 14:20:13] [0000.309] I> pmic: reset reason (nverc)	: 0x80
[2022-03-13 14:20:13] [0000.342] I> Found 19 partitions in SDMMC_BOOT (instance 3)
[2022-03-13 14:20:13] [0000.362] I> Found 33 partitions in SDMMC_USER (instance 3)
[2022-03-13 14:20:13] [0000.368] W> No valid slot number is found in scratch register
[2022-03-13 14:20:13] [0000.374] W> Return default slot: _a
[2022-03-13 14:20:13] [0000.377] I> A/B: bin_type (16) slot 0
[2022-03-13 14:20:13] [0000.381] I> Loading partition bpmp-fw at 0xd7800000
[2022-03-13 14:20:13] [0000.386] I> Reading two headers - addr:0xd7800000 blocks:1
[2022-03-13 14:20:13] [0000.391] I> Addr: 0xd7800000, start-block: 58777608, num_blocks: 1
[2022-03-13 14:20:13] [0000.416] I> Binary(16) of size 534416 is loaded @ 0xd7800000
[2022-03-13 14:20:13] [0000.422] W> No valid slot number is found in scratch register
[2022-03-13 14:20:13] [0000.428] W> Return default slot: _a
[2022-03-13 14:20:13] [0000.431] I> A/B: bin_type (17) slot 0
[2022-03-13 14:20:13] [0000.435] I> Loading partition bpmp-fw-dtb at 0xd79f0000
[2022-03-13 14:20:13] [0000.440] I> Reading two headers - addr:0xd79f0000 blocks:1
[2022-03-13 14:20:13] [0000.445] I> Addr: 0xd79f0000, start-block: 58780024, num_blocks: 1
[2022-03-13 14:20:13] [0000.471] I> Binary(17) of size 604720 is loaded @ 0xd796c400
[2022-03-13 14:20:14] [0000.701] I> Loading SCE-FW ...
[2022-03-13 14:20:14] [0000.704] W> No valid slot number is found in scratch register
[2022-03-13 14:20:14] [0000.710] W> Return default slot: _a
[2022-03-13 14:20:14] [0000.713] I> A/B: bin_type (12) slot 0
[2022-03-13 14:20:14] [0000.717] I> Loading partition sce-fw at 0xd7300000
[2022-03-13 14:20:14] [0000.721] I> Reading two headers - addr:0xd7300000 blocks:1
[2022-03-13 14:20:14] [0000.727] I> Addr: 0xd7300000, start-block: 58784120, num_blocks: 1
[2022-03-13 14:20:14] [0000.746] I> Binary(12) of size 125632 is loaded @ 0xd7300000
[2022-03-13 14:20:14] [0000.752] I> Init SCE
[2022-03-13 14:20:14] [0000.754] I> Loading APE-FW ...
[2022-03-13 14:20:14] [0000.757] W> No valid slot number is found in scratch register
[2022-03-13 14:20:14] [0000.763] W> Return default slot: _a
[2022-03-13 14:20:14] [0000.766] I> A/B: bin_type (11) slot 0
[2022-03-13 14:20:14] [0000.770] I> Loading partition adsp-fw at 0xd7400000
[2022-03-13 14:20:14] [0000.775] I> Reading two headers - addr:0xd7400000 blocks:1
[2022-03-13 14:20:14] [0000.780] I> Addr: 0xd7400000, start-block: 58761224, num_blocks: 1
[2022-03-13 14:20:14] [0000.799] I> Binary(11) of size 77216 is loaded @ 0xd7400000
[2022-03-13 14:20:14] [0000.805] I> Copy BTCM section
[2022-03-13 14:20:14] [0000.808] W> No valid slot number is found in scratch register
[2022-03-13 14:20:14] [0000.813] W> Return default slot: _a
[2022-03-13 14:20:14] [0000.817] I> A/B: bin_type (13) slot 0
[2022-03-13 14:20:14] [0000.820] I> Loading partition cpu-bootloader at 0x96000000
[2022-03-13 14:20:14] [0000.826] I> Reading two headers - addr:0x96000000 blocks:1
[2022-03-13 14:20:14] [0000.831] I> Addr: 0x96000000, start-block: 58740744, num_blocks: 1
[2022-03-13 14:20:14] [0000.852] I> Binary(13) of size 308800 is loaded @ 0x96000000
[2022-03-13 14:20:14] [0000.858] W> No valid slot number is found in scratch register
[2022-03-13 14:20:14] [0000.864] W> Return default slot: _a
[2022-03-13 14:20:14] [0000.867] I> A/B: bin_type (20) slot 0
[2022-03-13 14:20:14] [0000.871] I> Loading partition bootloader-dtb at 0x85205400
[2022-03-13 14:20:14] [0000.876] I> Reading two headers - addr:0x85205400 blocks:1
[2022-03-13 14:20:14] [0000.882] I> Addr: 0x85205400, start-block: 58742792, num_blocks: 1
[2022-03-13 14:20:14] [0000.903] I> Binary(20) of size 375568 is loaded @ 0x85205400
[2022-03-13 14:20:14] [0000.909] W> No valid slot number is found in scratch register
[2022-03-13 14:20:14] [0000.915] W> Return default slot: _a
[2022-03-13 14:20:14] [0000.918] I> A/B: bin_type (14) slot 0
[2022-03-13 14:20:14] [0000.922] I> Loading partition secure-os at 0x85305600
[2022-03-13 14:20:14] [0000.927] I> Reading two headers - addr:0x85305600 blocks:1
[2022-03-13 14:20:14] [0000.932] I> Addr: 0x85305600, start-block: 58744840, num_blocks: 1
[2022-03-13 14:20:14] [0000.955] I> Binary(14) of size 402864 is loaded @ 0x85305600
[2022-03-13 14:20:14] [0000.962] I> TOS boot-params @ 0x85000000
[2022-03-13 14:20:14] [0000.966] I> TOS params prepared
[2022-03-13 14:20:14] [0000.969] I> Loading EKS ...
[2022-03-13 14:20:14] [0000.972] I> A/B: bin_type (15) slot 0
[2022-03-13 14:20:14] [0000.975] I> Loading partition eks at 0x85905800
[2022-03-13 14:20:14] [0000.980] I> Reading two headers - addr:0x85905800 blocks:1
[2022-03-13 14:20:14] [0000.985] I> Addr: 0x85905800, start-block: 58757128, num_blocks: 1
[2022-03-13 14:20:14] [0001.004] I> Binary(15) of size 1040 is loaded @ 0x85905800
[2022-03-13 14:20:14] [0001.010] I> EKB detected (length: 0x400) @ 0x85905800
[2022-03-13 14:20:14] [0001.015] I> Copied encrypted keys
[2022-03-13 14:20:14] [0001.018] I> boot profiler @ 0x275844000
[2022-03-13 14:20:14] [0001.022] I> boot profiler for TOS @ 0x275844000
[2022-03-13 14:20:14] [0001.027] I> Unhalting SCE
[2022-03-13 14:20:14] [0001.030] I> Primary Memory Start:80000000 Size:70000000
[2022-03-13 14:20:14] [0001.035] I> Extended Memory Start:f0110000 Size:1856f0000
[2022-03-13 14:20:14] [0001.042] I> MB2(TBoot-BPMP) done
[2022-03-13 14:20:14] 
[2022-03-13 14:20:14] NOTICE:  BL31: v1.3(release):b5eeb33f7
[2022-03-13 14:20:14] NOTICE:  BL31: Built : 12:15:17, Jul 26 2021
[2022-03-13 14:20:14] ipc-unittest-main: 1519: Welcome to IPC unittest!!!
[2022-03-13 14:20:14] ipc-unittest-main: 1531: waiting forever
[2022-03-13 14:20:14] ipc-unittest-srv: 329: Init unittest services!!!
[2022-03-13 14:20:14] hwkey-agent: 41: hwkey-agent is running!!
[2022-03-13 14:20:14] hwkey-agent: 315: key_mgnt_processing .......
[2022-03-13 14:20:14] hwkey-agent: 223: Setting EKB key 0 to slot 14
[2022-03-13 14:20:14] hwkey-agent: 178: Init hweky-agent services!!
[2022-03-13 14:20:14] luks-srv: 40: luks-srv is running!!
[2022-03-13 14:20:14] luks-srv: 157: Init luks-srv IPC services!!
[2022-03-13 14:20:14] platform_bootstrap_epilog: trusty bootstrap complete
[2022-03-13 14:20:14] [0001.414] I> Welcome to Cboot
[2022-03-13 14:20:14] [0001.417] I> Cboot Version: t186-00029e71
[2022-03-13 14:20:14] [0001.421] I> CPU-BL Params @ 0x275800000
[2022-03-13 14:20:14] [0001.425] I>  0) Base:0x00000000 Size:0x00000000
[2022-03-13 14:20:14] [0001.429] I>  1) Base:0x277f00000 Size:0x00100000
[2022-03-13 14:20:14] [0001.434] I>  2) Base:0x277e00000 Size:0x00100000
[2022-03-13 14:20:14] [0001.438] I>  3) Base:0x277d00000 Size:0x00100000
[2022-03-13 14:20:14] [0001.443] I>  4) Base:0x277c00000 Size:0x00100000
[2022-03-13 14:20:14] [0001.447] I>  5) Base:0x277b00000 Size:0x00100000
[2022-03-13 14:20:14] [0001.452] I>  6) Base:0x277800000 Size:0x00200000
[2022-03-13 14:20:14] [0001.456] I>  7) Base:0x277400000 Size:0x00400000
[2022-03-13 14:20:14] [0001.461] I>  8) Base:0x277a00000 Size:0x00100000
[2022-03-13 14:20:14] [0001.465] I>  9) Base:0x277300000 Size:0x00100000
[2022-03-13 14:20:14] [0001.470] I> 10) Base:0x276800000 Size:0x00800000
[2022-03-13 14:20:14] [0001.474] I> 11) Base:0x30000000 Size:0x00040000
[2022-03-13 14:20:14] [0001.479] I> 12) Base:0xf0000000 Size:0x00100000
[2022-03-13 14:20:14] [0001.483] I> 13) Base:0x30040000 Size:0x00001000
[2022-03-13 14:20:14] [0001.488] I> 14) Base:0x30048000 Size:0x00001000
[2022-03-13 14:20:14] [0001.492] I> 15) Base:0x30049000 Size:0x00001000
[2022-03-13 14:20:14] [0001.497] I> 16) Base:0x3004a000 Size:0x00001000
[2022-03-13 14:20:14] [0001.501] I> 17) Base:0x3004b000 Size:0x00001000
[2022-03-13 14:20:14] [0001.505] I> 18) Base:0x3004c000 Size:0x00001000
[2022-03-13 14:20:14] [0001.510] I> 19) Base:0x3004d000 Size:0x00001000
[2022-03-13 14:20:14] [0001.514] I> 20) Base:0x3004e000 Size:0x00001000
[2022-03-13 14:20:14] [0001.519] I> 21) Base:0x3004f000 Size:0x00001000
[2022-03-13 14:20:14] [0001.523] I> 22) Base:0x00000000 Size:0x00000000
[2022-03-13 14:20:14] [0001.528] I> 23) Base:0xf0100000 Size:0x00010000
[2022-03-13 14:20:14] [0001.532] I> 24) Base:0x00000000 Size:0x00000000
[2022-03-13 14:20:14] [0001.536] I> 25) Base:0x00000000 Size:0x00000000
[2022-03-13 14:20:14] [0001.541] I> 26) Base:0x00000000 Size:0x00000000
[2022-03-13 14:20:14] [0001.545] I> 27) Base:0x00000000 Size:0x00000000
[2022-03-13 14:20:14] [0001.550] I> 28) Base:0x84400000 Size:0x00400000
[2022-03-13 14:20:14] [0001.554] I> 29) Base:0x30000000 Size:0x00010000
[2022-03-13 14:20:14] [0001.559] I> 30) Base:0x278000000 Size:0x08000000
[2022-03-13 14:20:14] [0001.563] I> 31) Base:0x00000000 Size:0x00000000
[2022-03-13 14:20:14] [0001.568] I> 32) Base:0x276000000 Size:0x00600000
[2022-03-13 14:20:14] [0001.572] I> 33) Base:0x80000000 Size:0x70000000
[2022-03-13 14:20:14] [0001.577] I> 34) Base:0xf0110000 Size:0x1856f0000
[2022-03-13 14:20:14] [0001.581] I> 35) Base:0x00000000 Size:0x00000000
[2022-03-13 14:20:14] [0001.585] I> 36) Base:0x00000000 Size:0x00000000
[2022-03-13 14:20:14] [0001.590] I> 37) Base:0x2772e0000 Size:0x00020000
[2022-03-13 14:20:14] [0001.594] I> 38) Base:0x84000000 Size:0x00400000
[2022-03-13 14:20:14] [0001.599] I> 39) Base:0x96000000 Size:0x02000000
[2022-03-13 14:20:14] [0001.603] I> 40) Base:0x85000000 Size:0x01200000
[2022-03-13 14:20:14] [0001.608] I> 41) Base:0x275800000 Size:0x00500000
[2022-03-13 14:20:15] [0001.612] I> 42) Base:0x00000000 Size:0x00000000
[2022-03-13 14:20:15] [0001.617] I> 43) Base:0x00000000 Size:0x00000000
[2022-03-13 14:20:15] [0001.621] GIC-SPI Target CPU: 4
[2022-03-13 14:20:15] [0001.624] Interrupts Init done
[2022-03-13 14:20:15] [0001.628] calling constructors
[2022-03-13 14:20:15] [0001.631] initializing heap
[2022-03-13 14:20:15] [0001.633] initializing threads
[2022-03-13 14:20:15] [0001.637] initializing timers
[2022-03-13 14:20:15] [0001.640] creating bootstrap completion thread
[2022-03-13 14:20:15] [0001.644] top of bootstrap2()
[2022-03-13 14:20:15] [0001.648] CPU: ARM Cortex A57
[2022-03-13 14:20:15] [0001.651] CPU: MIDR: 0x411FD073, MPIDR: 0x80000100
[2022-03-13 14:20:15] [0001.656] initializing platform
[2022-03-13 14:20:15] [0001.659] I> Bl_dtb @0x85205400
[2022-03-13 14:20:15] [0001.662] I> gpio framework initialized
[2022-03-13 14:20:15] [0001.669] I> tegrabl_gpio_driver_register: register 'nvidia,tegra186-gpio' driver
[2022-03-13 14:20:15] [0001.679] I> tegrabl_gpio_driver_register: register 'nvidia,tegra186-gpio-aon' driver
[2022-03-13 14:20:15] [0001.686] I> GPIO framework and drivers are initialized.
[2022-03-13 14:20:15] [0001.691] I> Boot-device: eMMC
[2022-03-13 14:20:15] [0001.699] I> sdmmc bdev is already initialized
[2022-03-13 14:20:15] [0001.729] I> Found 19 partitions in SDMMC_BOOT (instance 3)
[2022-03-13 14:20:15] [0001.747] I> Found 33 partitions in SDMMC_USER (instance 3)
[2022-03-13 14:20:15] [0001.752] W> opt-in fuse is not set, skip fuse_burning
[2022-03-13 14:20:15] [0001.757] I> Reserved memory at 0xfbe00000 for U-Boot relocation
[2022-03-13 14:20:15] [0001.763] W> No valid slot number is found in scratch register
[2022-03-13 14:20:15] [0001.769] W> Return default slot: _a
[2022-03-13 14:20:15] [0001.778] I> A/B: bin_type (21) slot 0
[2022-03-13 14:20:15] [0001.782] I> Loading kernel-dtb from partition
[2022-03-13 14:20:15] [0001.786] I> Loading partition kernel-dtb at 0x80000000 from device(0x1)
[2022-03-13 14:20:15] [0001.803] I> Kernel_dtb @0x80000000
[2022-03-13 14:20:15] [0001.807] I> tegrabl_tca9539_init: i2c bus: 0, slave addr: 0xee
[2022-03-13 14:20:15] [0001.817] I> tegrabl_gpio_driver_register: register 'tca9539_gpio_driver' driver
[2022-03-13 14:20:15] [0001.824] I> tegrabl_tca9539_init: i2c bus: 0, slave addr: 0xe8
[2022-03-13 14:20:15] [0001.833] I> tegrabl_gpio_driver_register: register 'tca9539_gpio_driver' driver
[2022-03-13 14:20:15] [0001.844] I> fixed regulator driver initialized
[2022-03-13 14:20:15] [0001.877] I> register 'maxim' power off handle
[2022-03-13 14:20:15] [0001.883] I> virtual i2c enabled
[2022-03-13 14:20:15] [0001.886] I> registered 'maxim,max77620' pmic
[2022-03-13 14:20:15] [0001.890] I> tegrabl_gpio_driver_register: register 'max77620-gpio' driver
[2022-03-13 14:20:15] [0001.904] E> failed to read label property for node 324936: 13
[2022-03-13 14:20:15] [0001.913] E> failed to read reg property for node 325032: 13
[2022-03-13 14:20:15] [0001.921] E> failed to read reg property for node 325084: 13
[2022-03-13 14:20:15] [0001.929] E> failed to read label property for node 325168: 13
[2022-03-13 14:20:15] [0001.938] E> failed to read label property for node 325236: 13
[2022-03-13 14:20:15] [0001.946] E> failed to read reg property for node 325304: 13
[2022-03-13 14:20:15] [0001.954] E> failed to read reg property for node 325376: 13
[2022-03-13 14:20:15] [0001.965] I> Find /i2c@c250000's alias i2c7
[2022-03-13 14:20:15] [0001.969] I> Reading eeprom i2c=7 address=0x50
[2022-03-13 14:20:15] [0001.998] I> Device at /i2c@c250000:0x50
[2022-03-13 14:20:15] [0002.002] I> Reading eeprom i2c=7 address=0x57
[2022-03-13 14:20:15] [0002.030] I> Device at /i2c@c250000:0x57
[2022-03-13 14:20:15] [0002.035] I> Find /i2c@c240000's alias i2c1
[2022-03-13 14:20:15] [0002.039] I> Reading eeprom i2c=1 address=0x51
[2022-03-13 14:20:15] [0002.044] E> I2C: slave not found in slaves.
[2022-03-13 14:20:15] [0002.048] E> I2C: Could not write 0 bytes to slave: 0x00a2 with repeat start true.
[2022-03-13 14:20:15] [0002.056] E> I2C_DEV: Failed to send register address 0x00000000.
[2022-03-13 14:20:15] [0002.062] E> I2C_DEV: Could not read 256 registers of size 1 from slave 0xa2 at 0x00000000 via instance 1.
[2022-03-13 14:20:15] [0002.071] E> eeprom: Retry to read I2C slave device.
[2022-03-13 14:20:15] [0002.076] E> I2C: slave not found in slaves.
[2022-03-13 14:20:15] [0002.080] E> I2C: Could not write 0 bytes to slave: 0x00a2 with repeat start true.
[2022-03-13 14:20:15] [0002.088] E> I2C_DEV: Failed to send register address 0x00000000.
[2022-03-13 14:20:15] [0002.094] E> I2C_DEV: Could not read 256 registers of size 1 from slave 0xa2 at 0x00000000 via instance 1.
[2022-03-13 14:20:15] [0002.103] E> eeprom: Failed to read I2C slave device
[2022-03-13 14:20:15] [0002.108] I> Eeprom read failed 0x3526070d
[2022-03-13 14:20:15] [0002.112] I> Find /i2c@3160000's alias i2c0
[2022-03-13 14:20:15] [0002.116] I> Reading eeprom i2c=0 address=0x50
[2022-03-13 14:20:15] [0002.121] E> I2C: slave not found in slaves.
[2022-03-13 14:20:15] [0002.125] E> I2C: Could not write 0 bytes to slave: 0x00a0 with repeat start true.
[2022-03-13 14:20:15] [0002.133] E> I2C_DEV: Failed to send register address 0x00000000.
[2022-03-13 14:20:15] [0002.139] E> I2C_DEV: Could not read 256 registers of size 1 from slave 0xa0 at 0x00000000 via instance 0.
[2022-03-13 14:20:15] [0002.148] E> eeprom: Failed to read I2C slave device
[2022-03-13 14:20:15] [0002.153] I> Eeprom read failed 0x3526070d
[2022-03-13 14:20:15] [0002.158] I> Find /i2c@3180000's alias i2c2
[2022-03-13 14:20:15] [0002.162] I> Reading eeprom i2c=2 address=0x54
[2022-03-13 14:20:15] [0002.166] I> Enabling gpio chip_id = 2, gpio pin = 9
[2022-03-13 14:20:15] [0002.196] I> Disabling gpio chip_id = 2, gpio pin = 9
[2022-03-13 14:20:15] [0002.202] I> Device at /i2c@3180000:0x54
[2022-03-13 14:20:15] [0002.205] I> Reading eeprom i2c=2 address=0x57
[2022-03-13 14:20:15] [0002.210] I> Enabling gpio chip_id = 2, gpio pin = 9
[2022-03-13 14:20:15] [0002.215] E> I2C: slave not found in slaves.
[2022-03-13 14:20:15] [0002.219] E> I2C: Could not write 0 bytes to slave: 0x00ae with repeat start true.
[2022-03-13 14:20:15] [0002.227] E> I2C_DEV: Failed to send register address 0x00000000.
[2022-03-13 14:20:15] [0002.233] E> I2C_DEV: Could not read 256 registers of size 1 from slave 0xae at 0x00000000 via instance 2.
[2022-03-13 14:20:15] [0002.242] E> eeprom: Failed to read I2C slave device
[2022-03-13 14:20:15] [0002.247] I> Disabling gpio chip_id = 2, gpio pin = 9
[2022-03-13 14:20:15] [0002.252] I> Eeprom read failed 0x00000000
[2022-03-13 14:20:15] [0002.256] I> create_pm_ids: id: 3310-1000-D00-L, len: 15
[2022-03-13 14:20:15] [0002.261] I> config: mem-type:00,power-config:00,misc-config:00,modem-config:00,touch-config:00,display-config:00,, len: 93
[2022-03-13 14:20:15] [0002.272] I> create_pm_ids: id: 2597-0000-900-E, len: 15
[2022-03-13 14:20:15] [0002.278] I> config: mem-type:00,power-config:00,misc-config:00,modem-config:00,touch-config:00,display-config:00,, len: 93
[2022-03-13 14:20:15] [0002.288] I> create_pm_ids: id: 3326-1000-000-M, len: 15
[2022-03-13 14:20:15] [0002.294] I> config: mem-type:ff,power-config:ff,misc-config:ff,modem-config:ff,touch-config:ff,display-config:ff,, len: 93
[2022-03-13 14:20:15] [0002.329] I> enabling 'vdd-hdmi' regulator
[2022-03-13 14:20:15] [0002.344] I> regulator 'vdd-hdmi' already enabled
[2022-03-13 14:20:15] [0002.349] E> tegrabl_display_init_regulator: hdmi cable is not connected
[2022-03-13 14:20:15] [0002.355] E> tegrabl_display_get_pdata, failed to parse dtb settings
[2022-03-13 14:20:15] [0002.364] E> cannot find any other nvdisp nodes
[2022-03-13 14:20:15] [0002.369] E> no valid display unit config found in dtb
[2022-03-13 14:20:15] [0002.374] W> display init failed
[2022-03-13 14:20:15] [0002.377] initializing target
[2022-03-13 14:20:15] [0002.381] calling apps_init()
[2022-03-13 14:20:15] [0002.384] starting app kernel_boot_app
[2022-03-13 14:20:15] [0002.406] I> found decompressor handler: lz4-legacy
[2022-03-13 14:20:15] [0002.411] I> decompressing BMP blob ...
[2022-03-13 14:20:15] [0002.423] I> Kernel type = Normal
[2022-03-13 14:20:15] [0002.426] I> ########## Fixed storage boot ##########
[2022-03-13 14:20:15] [0002.431] I> Loading kernel-bootctrl from partition
[2022-03-13 14:20:15] [0002.435] I> Loading partition kernel-bootctrl at 0xa8000000 from device(0x1)
[2022-03-13 14:20:15] [0002.450] W> tegrabl_get_kernel_bootctrl: magic number(0x00000000) is invalid
[2022-03-13 14:20:15] [0002.457] W> tegrabl_get_kernel_bootctrl: use default dummy boot control data
[2022-03-13 14:20:15] [0002.464] W> No valid slot number is found in scratch register
[2022-03-13 14:20:15] [0002.469] W> Return default slot: _a
[2022-03-13 14:20:15] [0002.473] I> A/B: bin_type (24) slot 0
[2022-03-13 14:20:15] [0002.488] I> Boot image size read from image header: 9913d
[2022-03-13 14:20:15] [0002.494] I> Boot image load address: 0x80400000
[2022-03-13 14:20:15] [0002.498] I> Loading kernel from partition
[2022-03-13 14:20:15] [0002.502] I> Loading partition kernel at 0x80400000 from device(0x1)
[2022-03-13 14:20:16] [0003.446] I> Validate kernel ...
[2022-03-13 14:20:16] [0003.449] I> T18x: Authenticate kernel (bin_type 24), max size 0x4000000
[2022-03-13 14:20:16] [0003.457] I> Decrypt the buffer ... [0003.460] W> tegrabl_decrypt_block: fuse (0x0) is not burnt to do encryption (0x4); skip decryption.
[2022-03-13 14:20:16] [0003.469] I> done
[2022-03-13 14:20:16] [0003.470] I> Checking boot.img header magic ... [0003.475] I> [OK]
[2022-03-13 14:20:16] [0003.476] I> kernel-dtb is already loaded
[2022-03-13 14:20:16] [0003.480] I> Validate kernel-dtb ...
[2022-03-13 14:20:16] [0003.484] I> T18x: Authenticate kernel-dtb (bin_type 21), max size 0x100000
[2022-03-13 14:20:16] [0003.491] I> Decrypt the buffer ... [0003.494] W> tegrabl_decrypt_block: fuse (0x0) is not burnt to do encryption (0x4); skip decryption.
[2022-03-13 14:20:16] [0003.503] I> done
[2022-03-13 14:20:16] [0003.505] I> Kernel hdr @0x80400000
[2022-03-13 14:20:16] [0003.508] I> Kernel dtb @0x80000000
[2022-03-13 14:20:16] [0003.512] I> decompressor handler not found
[2022-03-13 14:20:16] [0003.516] I> Copying kernel image (627005 bytes) from 0x80400800 to 0x80600000 ... [0003.523] I> Done
[2022-03-13 14:20:16] [0003.525] I> Move ramdisk (len: 0) from 0x8049a000 to 0x947d0000
[2022-03-13 14:20:16] [0003.533] I> Updated bpmp info to DTB
[2022-03-13 14:20:16] [0003.539] I> Ramdisk: Base: 0x947d0000; Size: 0x0
[2022-03-13 14:20:16] [0003.543] I> Updated initrd info to DTB
[2022-03-13 14:20:16] [0003.547] W> WARN: Fail to override "console=none" in commandline
[2022-03-13 14:20:16] [0003.553] I> Active rootfs suffix: 
[2022-03-13 14:20:16] [0003.556] E> tegrabl_linuxboot_add_disp_param, du 0 failed to get display params
[2022-03-13 14:20:16] [0003.563] E> tegrabl_linuxboot_add_disp_param, du 0 failed to get display params
[2022-03-13 14:20:16] [0003.570] E> tegrabl_linuxboot_add_disp_param, du 0 failed to get display params
[2022-03-13 14:20:16] [0003.578] I> disabled_core_mask: 0xffffff0c
[2022-03-13 14:20:16] [0003.582] W> No valid slot number is found in scratch register
[2022-03-13 14:20:16] [0003.587] W> Return default slot: _a
[2022-03-13 14:20:16] [0003.591] I> Active slot suffix: 
[2022-03-13 14:20:16] [0003.594] I> add_boot_slot_suffix: slot_suffix = 
[2022-03-13 14:20:16] [0003.598] I> Linux Cmdline: console=ttyS0,115200 androidboot.presilicon=true firmware_class.path=/etc/firmware root=/dev/mmcblk0p1 rw rootwait rootfstype=ext4 console=ttyS0,115200n8 console=tty0 fbcon=map:0 net.ifnames=0 isolcpus=1-2  video=tegrafb earlycon=uart8250,mmio32,0x3100000 nvdumper_reserved=0x2772e0000 gpt rootfs.slot_suffix= usbcore.old_scheme_first=1 tegraid=18.1.2.0.0 maxcpus=6 no_console_suspend boot.slot_suffix= boot.ratchetvalues=0.2031647.1 vpr_resize bl_prof_dataptr=0x10000@0x275840000 sdhci_tegra.en_boot_part_access=1 
[2022-03-13 14:20:17] [0003.646] I> Updated bootarg info to DTB
[2022-03-13 14:20:17] [0003.650] I> eeprom_get_mac_addr: MAC (type: 0): 48:b0:2d:0f:11:c5
[2022-03-13 14:20:17] [0003.656] I> eeprom_get_mac_addr: MAC (type: 1): 48:b0:2d:0f:11:c6
[2022-03-13 14:20:17] [0003.662] I> eeprom_get_mac_addr: MAC (type: 2): 48:b0:2d:0f:11:c7
[2022-03-13 14:20:17] [0003.668] E> Found no plugin manager ids in source DT
[2022-03-13 14:20:17] [0003.673] W> Add plugin manager ids from board info
[2022-03-13 14:20:17] [0003.678] W> "plugin-manager" doesn't exist, creating
[2022-03-13 14:20:17] [0003.683] W> "ids" doesn't exist, creating
[2022-03-13 14:20:17] [0003.687] W> "connection" doesn't exist, creating
[2022-03-13 14:20:17] [0003.692] W> "configs" doesn't exist, creating
[2022-03-13 14:20:17] [0003.696] I> create_pm_ids: id: 3310-1000-D00-L, len: 15
[2022-03-13 14:20:17] [0003.701] I> config: mem-type:00,power-config:00,misc-config:00,modem-config:00,touch-config:00,display-config:00,, len: 93
[2022-03-13 14:20:17] [0003.712] I> create_pm_ids: id: 2597-0000-900-E, len: 15
[2022-03-13 14:20:17] [0003.717] I> config: mem-type:00,power-config:00,misc-config:00,modem-config:00,touch-config:00,display-config:00,, len: 93
[2022-03-13 14:20:17] [0003.728] I> create_pm_ids: id: 3326-1000-000-M, len: 15
[2022-03-13 14:20:17] [0003.733] I> config: mem-type:ff,power-config:ff,misc-config:ff,modem-config:ff,touch-config:ff,display-config:ff,, len: 93
[2022-03-13 14:20:17] [0003.744] I> Adding plugin-manager/ids/3310-1000-D00=/i2c@c250000:module@0x50
[2022-03-13 14:20:17] [0003.751] W> "i2c@c250000" doesn't exist, creating
[2022-03-13 14:20:17] [0003.756] W> "module@0x50" doesn't exist, creating
[2022-03-13 14:20:17] [0003.761] I> Adding plugin-manager/ids/2597-0000-900=/i2c@c250000:module@0x57
[2022-03-13 14:20:17] [0003.768] W> "module@0x57" doesn't exist, creating
[2022-03-13 14:20:17] [0003.773] I> Adding plugin-manager/ids/3326-1000-000=/i2c@3180000:module@0x54
[2022-03-13 14:20:17] [0003.780] W> "i2c@3180000" doesn't exist, creating
[2022-03-13 14:20:17] [0003.785] W> "module@0x54" doesn't exist, creating
[2022-03-13 14:20:17] [0003.792] I> Adding plugin-manager/ids/3310-1000-D00-L
[2022-03-13 14:20:17] [0003.799] I> Adding plugin-manager/configs/3310-mem-type 00
[2022-03-13 14:20:17] [0003.804] I> Adding plugin-manager/configs/3310-power-config 00
[2022-03-13 14:20:17] [0003.810] I> Adding plugin-manager/configs/3310-misc-config 00
[2022-03-13 14:20:17] [0003.816] I> Adding plugin-manager/configs/3310-modem-config 00
[2022-03-13 14:20:17] [0003.822] I> Adding plugin-manager/configs/3310-touch-config 00
[2022-03-13 14:20:17] [0003.828] I> Adding plugin-manager/configs/3310-display-config 00
[2022-03-13 14:20:17] [0003.834] I> Adding plugin-manager/cvm
[2022-03-13 14:20:17] [0003.838] W> "chip-id" doesn't exist, creating
[2022-03-13 14:20:17] [0003.843] I> Adding plugin-manager/chip-id/A02P
[2022-03-13 14:20:17] [0003.847] W> "odm-data" doesn't exist, creating
[2022-03-13 14:20:17] [0003.852] I> Adding /chosen/plugin-manager/odm-data
[2022-03-13 14:20:17] [0003.862] I> added [base:0x80000000, size:0x70000000] to /memory
[2022-03-13 14:20:17] [0003.867] I> added [base:0xf0200000, size:0x185600000] to /memory
[2022-03-13 14:20:17] [0003.873] I> added [base:0x275e00000, size:0x200000] to /memory
[2022-03-13 14:20:17] [0003.879] I> added [base:0x276600000, size:0x200000] to /memory
[2022-03-13 14:20:17] [0003.885] I> added [base:0x277000000, size:0x200000] to /memory
[2022-03-13 14:20:17] [0003.891] I> Updated memory info to DTB
[2022-03-13 14:20:17] [0003.895] E> add_disp_param: failed to get display params for du=0
[2022-03-13 14:20:17] [0003.903] W> "reset" doesn't exist, creating
[2022-03-13 14:20:17] [0003.907] W> "pmc-reset-reason" doesn't exist, creating
[2022-03-13 14:20:17] [0003.913] W> "pmic-reset-reason" doesn't exist, creating
[2022-03-13 14:20:17] [0003.919] I> Adding ecid(00000001646db7851000000013038200) to DT
[2022-03-13 14:20:17] [0003.925] I> disabled_core_mask: 0xffffff0c
[2022-03-13 14:20:17] [0003.938] I> Add serial number:1422420022173 as DT property
[2022-03-13 14:20:17] [0003.947] I> Plugin-manager override starting
[2022-03-13 14:20:17] [0003.952] I> node /plugin-manager/fragement@0 matches
[2022-03-13 14:20:17] [0003.963] I> node /plugin-manager/fragement@4 matches
[2022-03-13 14:20:17] [0003.976] I> node /plugin-manager/fragment-sdwake-p3310-1000-300 matches
[2022-03-13 14:20:17] [0003.996] I> node /plugin-manager/fragement-pmon-p3310-1000-300 matches
[2022-03-13 14:20:17] [0004.005] I> node /plugin-manager/fragement-pmon-p3310-1000-800 matches
[2022-03-13 14:20:17] [0004.014] I> node /plugin-manager/fragment-devslp@0 matches
[2022-03-13 14:20:17] [0004.026] I> node /plugin-manager/fragment-500-pcie-config matches
[2022-03-13 14:20:17] [0004.041] I> node /plugin-manager/fragment-500-xusb-config matches
[2022-03-13 14:20:17] [0004.064] I> node /plugin-manager/fragment-p3310-c00-comm matches
[2022-03-13 14:20:17] [0004.078] I> node /plugin-manager/fragment-p3310-c00-pmic matches
[2022-03-13 14:20:17] [0004.089] I> node /plugin-manager/fragment-p3310-c01 matches
[2022-03-13 14:20:17] [0004.101] I> node /plugin-manager/fragment-p3310-c03 matches
[2022-03-13 14:20:17] [0004.144] I> node /plugin-manager/fragment-e3326@0 matches
[2022-03-13 14:20:17] [0004.226] I> node /plugin-manager/fragment-p3310-c00-camera matches
[2022-03-13 14:20:17] [0004.253] I> Disable plugin-manager status in FDT
[2022-03-13 14:20:17] [0004.258] I> Plugin-manager override finished successfully
[2022-03-13 14:20:17] [0004.263] I> tegrabl_load_kernel_and_dtb: Done
[2022-03-13 14:20:17] [0004.267] E> tegrabl_display_clear: display is not initialized
[2022-03-13 14:20:17] [0004.273] W> Boot logo display failed...
[2022-03-13 14:20:17] [0004.277] I> Kernel EP: 0x80600000, DTB: 0x80000000
[2022-03-13 14:20:17] 
[2022-03-13 14:20:17] 
[2022-03-13 14:20:17] U-Boot 2020.04-g46e4604c78 (Jul 26 2021 - 12:10:58 -0700)
[2022-03-13 14:20:17] 
[2022-03-13 14:20:17] SoC: tegra186
[2022-03-13 14:20:17] Model: NVIDIA P2771-0000-500
[2022-03-13 14:20:17] Board: NVIDIA P2771-0000
[2022-03-13 14:20:17] DRAM:  7.8 GiB
[2022-03-13 14:20:17] MMC:   sdhci@3400000: 1, sdhci@3460000: 0
[2022-03-13 14:20:17] Loading Environment from MMC... *** Warning - bad CRC, using default environment
[2022-03-13 14:20:17] 
[2022-03-13 14:20:17] In:    serial
[2022-03-13 14:20:17] Out:   serial
[2022-03-13 14:20:17] Err:   serial
[2022-03-13 14:20:17] Net:   
[2022-03-13 14:20:17] Warning: ethernet@2490000 using MAC address from ROM
[2022-03-13 14:20:17] eth0: ethernet@2490000
[2022-03-13 14:20:17] Hit any key to stop autoboot:  2  1  0 
[2022-03-13 14:20:19] MMC: no card present
[2022-03-13 14:20:20] switch to partitions #0, OK
[2022-03-13 14:20:20] mmc0(part 0) is current device
[2022-03-13 14:20:20] Scanning mmc 0:1...
[2022-03-13 14:20:20] Found /boot/extlinux/extlinux.conf
[2022-03-13 14:20:20] Retrieving file: /boot/extlinux/extlinux.conf
[2022-03-13 14:20:20] 858 bytes read in 22 ms (38.1 KiB/s)
[2022-03-13 14:20:20] 1:	primary kernel
[2022-03-13 14:20:20] Retrieving file: /boot/initrd
[2022-03-13 14:20:20] 7238344 bytes read in 201 ms (34.3 MiB/s)
[2022-03-13 14:20:20] Retrieving file: /boot/Image
[2022-03-13 14:20:21] 34484232 bytes read in 829 ms (39.7 MiB/s)
[2022-03-13 14:20:21] append: console=ttyS0,115200 androidboot.presilicon=true firmware_class.path=/etc/firmware root=/dev/mmcblk0p1 rw rootwait rootfstype=ext4 console=ttyS0,115200n8 console=tty0 fbcon=map:0 net.ifnames=0 isolcpus=1-2  video=tegrafb earlycon=uart8250,mmio32,0x3100000 nvdumper_reserved=0x2772e0000 gpt rootfs.slot_suffix= usbcore.old_scheme_first=1 tegraid=18.1.2.0.0 maxcpus=6 no_console_suspend boot.slot_suffix= boot.ratchetvalues=0.2031647.1 vpr_resize bl_prof_dataptr=0x10000@0x275840000 sdhci_tegra.en_boot_part_access=1 quiet root=/dev/mmcblk0p1 rw rootwait rootfstype=ext4 console=ttyS0,115200n8 console=tty0 fbcon=map:0 net.ifnames=0 isolcpus=1-2 
[2022-03-13 14:20:21] ## Flattened Device Tree blob at 80000000
[2022-03-13 14:20:21]    Booting using the fdt blob at 0x80000000
[2022-03-13 14:20:21] ERROR: reserving fdt memory region failed (addr=0 size=0)
[2022-03-13 14:20:21] ERROR: reserving fdt memory region failed (addr=0 size=0)
[2022-03-13 14:20:21] ERROR: reserving fdt memory region failed (addr=0 size=0)
[2022-03-13 14:20:21]    Using Device Tree in place at 0000000080000000, end 0000000080060aa3
[2022-03-13 14:20:21] copying carveout for /host1x@13e00000/display-hub@15200000/display@15200000...
[2022-03-13 14:20:21] copying carveout for /host1x@13e00000/display-hub@15200000/display@15210000...
[2022-03-13 14:20:21] copying carveout for /host1x@13e00000/display-hub@15200000/display@15220000...
[2022-03-13 14:20:21] 
[2022-03-13 14:20:21] Starting kernel ...
[2022-03-13 14:20:21] 
[2022-03-13 14:20:21] [    0.000000] Booting Linux on physical CPU 0x100
[2022-03-13 14:20:21] [    0.000000] Linux version 4.9.253-tegra (buildbrain@mobile-u64-5497-d3000) (gcc version 7.3.1 20180425 [linaro-7.3-2018.05 revision d29120a424ecfbc167ef90065c0eeb7f91977701] (Linaro GCC 7.3-2018.05) ) #1 SMP PREEMPT Mon Jul 26 12:19:28 PDT 2021
[2022-03-13 14:20:21] [    0.000000] Boot CPU: AArch64 Processor [411fd073]
[2022-03-13 14:20:21] [    0.000000] OF: fdt:memory scan node memory@80000000, reg size 80,
[2022-03-13 14:20:21] [    0.000000] OF: fdt: - 80000000 ,  70000000
[2022-03-13 14:20:21] [    0.000000] OF: fdt: - f0200000 ,  185600000
[2022-03-13 14:20:21] [    0.000000] OF: fdt: - 275e00000 ,  200000
[2022-03-13 14:20:21] [    0.000000] OF: fdt: - 276600000 ,  200000
[2022-03-13 14:20:21] [    0.000000] OF: fdt: - 277000000 ,  200000
[2022-03-13 14:20:21] [    0.000000] earlycon: uart8250 at MMIO32 0x0000000003100000 (options '')
[2022-03-13 14:20:21] [    0.000000] bootconsole [uart8250] enabled
[2022-03-13 14:20:23] [    1.831075] cgroup: cgroup2: unknown option "nsdelegate"
[2022-03-13 14:20:25] [    3.071888] using random self ethernet address
[2022-03-13 14:20:25] [    3.076676] using random host ethernet address
[2022-03-13 14:20:25] [    3.208793] FAT-fs (loop0): Volume was not properly unmounted. Some data may be corrupt. Please run fsck.
[2022-03-13 14:20:25] [    3.316496] random: crng init done
[2022-03-13 14:20:25] [    3.319904] random: 7 urandom warning(s) missed due to ratelimiting
[2022-03-13 14:20:25] [    3.533198] using random self ethernet address
[2022-03-13 14:20:25] [    3.537776] using random host ethernet address
[2022-03-13 14:20:25] [    3.793290] CPU1: shutdown
[2022-03-13 14:20:25] [    3.861726] CPU2: shutdown
[2022-03-13 14:20:26] [    4.856699] Bridge firewalling registered
[2022-03-13 14:20:30] 
[2022-03-13 14:20:30] Ubuntu 18.04.5 LTS JTX2-A ttyS0
[2022-03-13 14:20:30] 
[2022-03-13 14:20:30] JTX2-A login: [   44.696500] CPU4: SError detected, daif=1c0, spsr=0x800000c5, mpidr=80000102, esr=bf40c000
[2022-03-13 14:21:06] [   44.696503] CPU3: SError detected, daif=1c0, spsr=0x800000c5, mpidr=80000101, esr=bf40c000
[2022-03-13 14:21:06] [   44.696506] CPU5: SError detected, daif=1c0, spsr=0x800000c5, mpidr=80000103, esr=bf40c000
[2022-03-13 14:21:06] [   44.696508] CPU0: SError detected, daif=1c0, spsr=0x80000000, mpidr=80000100, esr=bf40c000
[2022-03-13 14:21:06] [   44.696509] **************************************
[2022-03-13 14:21:06] [   44.696513] A57 CPU Memory Error on CPU 3 (A57 Core 1)
[2022-03-13 14:21:06] [   44.696515] 	ESR:               0xbf40c000
[2022-03-13 14:21:06] [   44.696518] 	L2MERRSR: 0x200911c3398
[2022-03-13 14:21:06] [   44.696520] 	L2 Data RAM: 0x11
[2022-03-13 14:21:06] [   44.696521] 	CPU ID of Error:    3
[2022-03-13 14:21:06] [   44.696522] 	WAY of Error:       1
[2022-03-13 14:21:06] [   44.696523] 	Index of Error:     13208
[2022-03-13 14:21:06] [   44.696524] 	Repeat Error Count: 0
[2022-03-13 14:21:06] [   44.696524] 	Other Error Count:  2
[2022-03-13 14:21:06] [   44.696525] **************************************
[2022-03-13 14:21:06] [   44.697937] ROC:CCE Machine Check Error:
[2022-03-13 14:21:06] [   44.697940] 	Address Type = Non-Secure DRAM
[2022-03-13 14:21:06] [   44.697966] 	Address = 0x22f2f1440 -- System RAM + 0x13f0f1440
[2022-03-13 14:21:06] [   44.698164] Bad mode in Error handler detected on CPU3, code 0xbf40c000 -- SError
[2022-03-13 14:21:06] [   44.698166] Kernel panic - not syncing: bad mode
[2022-03-13 14:21:06] [   44.698169] CPU: 3 PID: 0 Comm: swapper/3 Not tainted 4.9.253-tegra #1
[2022-03-13 14:21:06] [   44.698170] Hardware name: quill (DT)
[2022-03-13 14:21:06] [   44.698172] Call trace:
[2022-03-13 14:21:06] [   44.698180] [<ffffff800808ba40>] dump_backtrace+0x0/0x198
[2022-03-13 14:21:06] [   44.698184] [<ffffff800808c004>] show_stack+0x24/0x30
[2022-03-13 14:21:06] [   44.698189] [<ffffff8008f6121c>] dump_stack+0xa0/0xc4
[2022-03-13 14:21:06] [   44.698192] [<ffffff8008f5e2c0>] panic+0x12c/0x2a8
[2022-03-13 14:21:06] [   44.698195] [<ffffff800808c894>] bad_mode+0x7c/0x80
[2022-03-13 14:21:06] [   44.698197] [<ffffff800808ca5c>] handle_serr+0x124/0x128
[2022-03-13 14:21:06] [   44.698199] [<ffffff8008082d98>] el1_serr+0xb0/0x144
[2022-03-13 14:21:06] [   44.698203] [<ffffff8008ba09ac>] cpuidle_enter_state+0x84/0x380
[2022-03-13 14:21:06] [   44.698205] [<ffffff8008ba0d1c>] cpuidle_enter+0x34/0x48
[2022-03-13 14:21:06] [   44.698208] [<ffffff800811139c>] call_cpuidle+0x44/0x70
[2022-03-13 14:21:06] [   44.698210] [<ffffff8008111718>] cpu_startup_entry+0x1b0/0x200
[2022-03-13 14:21:06] [   44.698213] [<ffffff8008091cf8>] secondary_start_kernel+0x190/0x1f8
[2022-03-13 14:21:06] [   44.698214] [<000000008116e1a8>] 0x8116e1a8
[2022-03-13 14:21:06] [   44.698218] SMP: stopping secondary CPUs
[2022-03-13 14:21:06] [   44.882855] Kernel Offset: disabled
[2022-03-13 14:21:06] [   44.886336] Memory Limit: none
[2022-03-13 14:21:06] [   44.889382] trusty-log panic notifier - trusty version Built: 12:20:14 Jul 26 2021 [   44.901704] Rebooting in 5 seconds..
[2022-03-13 14:21:12] [0000.163] I> Welcome to MB2(TBoot-BPMP)(version: 01.00.160913-t186-M-00.00-mobile-c368a720)
[2022-03-13 14:21:12] [0000.172] I> Boot-device: eMMC
[2022-03-13 14:21:12] [0000.179] I> sdmmc bdev is already initialized
[2022-03-13 14:21:12] [0000.184] I> pmic: reset reason (nverc)	: 0x0
[2022-03-13 14:21:12] [0000.217] I> Found 19 partitions in SDMMC_BOOT (instance 3)
[2022-03-13 14:21:12] [0000.236] I> Found 33 partitions in SDMMC_USER (instance 3)
[2022-03-13 14:21:12] [0000.242] W> No valid slot number is found in scratch register
[2022-03-13 14:21:12] [0000.248] W> Return default slot: _a
[2022-03-13 14:21:12] [0000.251] I> A/B: bin_type (16) slot 0
[2022-03-13 14:21:12] [0000.255] I> Loading partition bpmp-fw at 0xd7800000
[2022-03-13 14:21:12] [0000.260] I> Reading two headers - addr:0xd7800000 blocks:1
[2022-03-13 14:21:12] [0000.265] I> Addr: 0xd7800000, start-block: 58777608, num_blocks: 1
[2022-03-13 14:21:12] [0000.290] I> Binary(16) of size 534416 is loaded @ 0xd7800000
[2022-03-13 14:21:12] [0000.296] W> No valid slot number is found in scratch register
[2022-03-13 14:21:12] [0000.301] W> Return default slot: _a
[2022-03-13 14:21:12] [0000.305] I> A/B: bin_type (17) slot 0
[2022-03-13 14:21:12] [0000.308] I> Loading partition bpmp-fw-dtb at 0xd79f0000
[2022-03-13 14:21:12] [0000.314] I> Reading two headers - addr:0xd79f0000 blocks:1
[2022-03-13 14:21:12] [0000.319] I> Addr: 0xd79f0000, start-block: 58780024, num_blocks: 1
[2022-03-13 14:21:12] [0000.345] I> Binary(17) of size 604720 is loaded @ 0xd796c400
[2022-03-13 14:21:12] [0000.573] I> Loading SCE-FW ...
[2022-03-13 14:21:12] [0000.576] W> No valid slot number is found in scratch register
[2022-03-13 14:21:12] [0000.582] W> Return default slot: _a
[2022-03-13 14:21:12] [0000.585] I> A/B: bin_type (12) slot 0
[2022-03-13 14:21:12] [0000.589] I> Loading partition sce-fw at 0xd7300000
[2022-03-13 14:21:12] [0000.594] I> Reading two headers - addr:0xd7300000 blocks:1
[2022-03-13 14:21:12] [0000.599] I> Addr: 0xd7300000, start-block: 58784120, num_blocks: 1
[2022-03-13 14:21:12] [0000.618] I> Binary(12) of size 125632 is loaded @ 0xd7300000
[2022-03-13 14:21:12] [0000.624] I> Init SCE
[2022-03-13 14:21:12] [0000.626] I> Loading APE-FW ...
[2022-03-13 14:21:12] [0000.629] W> No valid slot number is found in scratch register
[2022-03-13 14:21:12] [0000.635] W> Return default slot: _a
[2022-03-13 14:21:12] [0000.638] I> A/B: bin_type (11) slot 0
[2022-03-13 14:21:12] [0000.642] I> Loading partition adsp-fw at 0xd7400000
[2022-03-13 14:21:12] [0000.647] I> Reading two headers - addr:0xd7400000 blocks:1
[2022-03-13 14:21:12] [0000.652] I> Addr: 0xd7400000, start-block: 58761224, num_blocks: 1
[2022-03-13 14:21:12] [0000.671] I> Binary(11) of size 77216 is loaded @ 0xd7400000
[2022-03-13 14:21:12] [0000.677] I> Copy BTCM section
[2022-03-13 14:21:12] [0000.680] W> No valid slot number is found in scratch register
[2022-03-13 14:21:12] [0000.686] W> Return default slot: _a
[2022-03-13 14:21:12] [0000.689] I> A/B: bin_type (13) slot 0
[2022-03-13 14:21:12] [0000.693] I> Loading partition cpu-bootloader at 0x96000000
[2022-03-13 14:21:12] [0000.698] I> Reading two headers - addr:0x96000000 blocks:1
[2022-03-13 14:21:12] [0000.704] I> Addr: 0x96000000, start-block: 58740744, num_blocks: 1
[2022-03-13 14:21:12] [0000.725] I> Binary(13) of size 308800 is loaded @ 0x96000000
[2022-03-13 14:21:12] [0000.731] W> No valid slot number is found in scratch register
[2022-03-13 14:21:12] [0000.736] W> Return default slot: _a
[2022-03-13 14:21:12] [0000.740] I> A/B: bin_type (20) slot 0
[2022-03-13 14:21:12] [0000.743] I> Loading partition bootloader-dtb at 0x85205400
[2022-03-13 14:21:12] [0000.749] I> Reading two headers - addr:0x85205400 blocks:1
[2022-03-13 14:21:12] [0000.754] I> Addr: 0x85205400, start-block: 58742792, num_blocks: 1
[2022-03-13 14:21:12] [0000.776] I> Binary(20) of size 375568 is loaded @ 0x85205400
[2022-03-13 14:21:12] [0000.782] W> No valid slot number is found in scratch register
[2022-03-13 14:21:12] [0000.787] W> Return default slot: _a
[2022-03-13 14:21:12] [0000.791] I> A/B: bin_type (14) slot 0
[2022-03-13 14:21:12] [0000.795] I> Loading partition secure-os at 0x85305600
[2022-03-13 14:21:12] [0000.800] I> Reading two headers - addr:0x85305600 blocks:1
[2022-03-13 14:21:12] [0000.805] I> Addr: 0x85305600, start-block: 58744840, num_blocks: 1
[2022-03-13 14:21:12] [0000.827] I> Binary(14) of size 402864 is loaded @ 0x85305600
[2022-03-13 14:21:12] [0000.835] I> TOS boot-params @ 0x85000000
[2022-03-13 14:21:12] [0000.839] I> TOS params prepared
[2022-03-13 14:21:12] [0000.842] I> Loading EKS ...
[2022-03-13 14:21:12] [0000.844] I> A/B: bin_type (15) slot 0
[2022-03-13 14:21:12] [0000.848] I> Loading partition eks at 0x85905800
[2022-03-13 14:21:12] [0000.853] I> Reading two headers - addr:0x85905800 blocks:1
[2022-03-13 14:21:12] [0000.858] I> Addr: 0x85905800, start-block: 58757128, num_blocks: 1
[2022-03-13 14:21:12] [0000.877] I> Binary(15) of size 1040 is loaded @ 0x85905800
[2022-03-13 14:21:12] [0000.882] I> EKB detected (length: 0x400) @ 0x85905800
[2022-03-13 14:21:12] [0000.887] I> Copied encrypted keys
[2022-03-13 14:21:12] [0000.891] I> boot profiler @ 0x275844000
[2022-03-13 14:21:12] [0000.895] I> boot profiler for TOS @ 0x275844000
[2022-03-13 14:21:12] [0000.900] I> Unhalting SCE
[2022-03-13 14:21:12] [0000.902] I> Primary Memory Start:80000000 Size:70000000
[2022-03-13 14:21:12] [0000.908] I> Extended Memory Start:f0110000 Size:1856f0000
[2022-03-13 14:21:12] [0000.914] I> MB2(TBoot-BPMP) done
[2022-03-13 14:21:12] 
[2022-03-13 14:21:12] NOTICE:  BL31: v1.3(release):b5eeb33f7
[2022-03-13 14:21:12] NOTICE:  BL31: Built : 12:15:17, Jul 26 2021
[2022-03-13 14:21:12] ipc-unittest-main: 1519: Welcome to IPC unittest!!!
[2022-03-13 14:21:12] ipc-unittest-main: 1531: waiting forever
[2022-03-13 14:21:12] ipc-unittest-srv: 329: Init unittest services!!!
[2022-03-13 14:21:12] hwkey-agent: 41: hwkey-agent is running!!
[2022-03-13 14:21:12] hwkey-agent: 315: key_mgnt_processing .......
[2022-03-13 14:21:12] hwkey-agent: 223: Setting EKB key 0 to slot 14
[2022-03-13 14:21:12] hwkey-agent: 178: Init hweky-agent services!!
[2022-03-13 14:21:12] luks-srv: 40: luks-srv is running!!
[2022-03-13 14:21:12] luks-srv: 157: Init luks-srv IPC services!!
[2022-03-13 14:21:12] platform_bootstrap_epilog: trusty bootstrap complete
[2022-03-13 14:21:13] [0001.286] I> Welcome to Cboot
[2022-03-13 14:21:13] [0001.289] I> Cboot Version: t186-00029e71
[2022-03-13 14:21:13] [0001.293] I> CPU-BL Params @ 0x275800000
[2022-03-13 14:21:13] [0001.297] I>  0) Base:0x00000000 Size:0x00000000
[2022-03-13 14:21:13] [0001.301] I>  1) Base:0x277f00000 Size:0x00100000
[2022-03-13 14:21:13] [0001.306] I>  2) Base:0x277e00000 Size:0x00100000
[2022-03-13 14:21:13] [0001.310] I>  3) Base:0x277d00000 Size:0x00100000
[2022-03-13 14:21:13] [0001.315] I>  4) Base:0x277c00000 Size:0x00100000
[2022-03-13 14:21:13] [0001.319] I>  5) Base:0x277b00000 Size:0x00100000
[2022-03-13 14:21:13] [0001.324] I>  6) Base:0x277800000 Size:0x00200000
[2022-03-13 14:21:13] [0001.328] I>  7) Base:0x277400000 Size:0x00400000
[2022-03-13 14:21:13] [0001.333] I>  8) Base:0x277a00000 Size:0x00100000
[2022-03-13 14:21:13] [0001.337] I>  9) Base:0x277300000 Size:0x00100000
[2022-03-13 14:21:13] [0001.342] I> 10) Base:0x276800000 Size:0x00800000
[2022-03-13 14:21:13] [0001.346] I> 11) Base:0x30000000 Size:0x00040000
[2022-03-13 14:21:13] [0001.351] I> 12) Base:0xf0000000 Size:0x00100000
[2022-03-13 14:21:13] [0001.355] I> 13) Base:0x30040000 Size:0x00001000
[2022-03-13 14:21:13] [0001.360] I> 14) Base:0x30048000 Size:0x00001000
[2022-03-13 14:21:13] [0001.364] I> 15) Base:0x30049000 Size:0x00001000
[2022-03-13 14:21:13] [0001.369] I> 16) Base:0x3004a000 Size:0x00001000
[2022-03-13 14:21:13] [0001.373] I> 17) Base:0x3004b000 Size:0x00001000
[2022-03-13 14:21:13] [0001.377] I> 18) Base:0x3004c000 Size:0x00001000
[2022-03-13 14:21:13] [0001.382] I> 19) Base:0x3004d000 Size:0x00001000
[2022-03-13 14:21:13] [0001.386] I> 20) Base:0x3004e000 Size:0x00001000
[2022-03-13 14:21:13] [0001.391] I> 21) Base:0x3004f000 Size:0x00001000
[2022-03-13 14:21:13] [0001.395] I> 22) Base:0x00000000 Size:0x00000000
[2022-03-13 14:21:13] [0001.400] I> 23) Base:0xf0100000 Size:0x00010000
[2022-03-13 14:21:13] [0001.404] I> 24) Base:0x00000000 Size:0x00000000
[2022-03-13 14:21:13] [0001.408] I> 25) Base:0x00000000 Size:0x00000000
[2022-03-13 14:21:13] [0001.413] I> 26) Base:0x00000000 Size:0x00000000
[2022-03-13 14:21:13] [0001.417] I> 27) Base:0x00000000 Size:0x00000000
[2022-03-13 14:21:13] [0001.422] I> 28) Base:0x84400000 Size:0x00400000
[2022-03-13 14:21:13] [0001.426] I> 29) Base:0x30000000 Size:0x00010000
[2022-03-13 14:21:13] [0001.431] I> 30) Base:0x278000000 Size:0x08000000
[2022-03-13 14:21:13] [0001.435] I> 31) Base:0x00000000 Size:0x00000000
[2022-03-13 14:21:13] [0001.440] I> 32) Base:0x276000000 Size:0x00600000
[2022-03-13 14:21:13] [0001.444] I> 33) Base:0x80000000 Size:0x70000000
[2022-03-13 14:21:13] [0001.449] I> 34) Base:0xf0110000 Size:0x1856f0000
[2022-03-13 14:21:13] [0001.453] I> 35) Base:0x00000000 Size:0x00000000
[2022-03-13 14:21:13] [0001.457] I> 36) Base:0x00000000 Size:0x00000000
[2022-03-13 14:21:13] [0001.462] I> 37) Base:0x2772e0000 Size:0x00020000
[2022-03-13 14:21:13] [0001.466] I> 38) Base:0x84000000 Size:0x00400000
[2022-03-13 14:21:13] [0001.471] I> 39) Base:0x96000000 Size:0x02000000
[2022-03-13 14:21:13] [0001.475] I> 40) Base:0x85000000 Size:0x01200000
[2022-03-13 14:21:13] [0001.480] I> 41) Base:0x275800000 Size:0x00500000
[2022-03-13 14:21:13] [0001.484] I> 42) Base:0x00000000 Size:0x00000000
[2022-03-13 14:21:13] [0001.489] I> 43) Base:0x00000000 Size:0x00000000
[2022-03-13 14:21:13] [0001.493] GIC-SPI Target CPU: 4
[2022-03-13 14:21:13] [0001.496] Interrupts Init done
[2022-03-13 14:21:13] [0001.500] calling constructors
[2022-03-13 14:21:13] [0001.503] initializing heap
[2022-03-13 14:21:13] [0001.505] initializing threads
[2022-03-13 14:21:13] [0001.509] initializing timers
[2022-03-13 14:21:13] [0001.512] creating bootstrap completion thread
[2022-03-13 14:21:13] [0001.516] top of bootstrap2()
[2022-03-13 14:21:13] [0001.520] CPU: ARM Cortex A57
[2022-03-13 14:21:13] [0001.523] CPU: MIDR: 0x411FD073, MPIDR: 0x80000100
[2022-03-13 14:21:13] [0001.528] initializing platform
[2022-03-13 14:21:13] [0001.531] I> Bl_dtb @0x85205400
[2022-03-13 14:21:13] [0001.534] I> gpio framework initialized
[2022-03-13 14:21:13] [0001.541] I> tegrabl_gpio_driver_register: register 'nvidia,tegra186-gpio' driver
[2022-03-13 14:21:13] [0001.551] I> tegrabl_gpio_driver_register: register 'nvidia,tegra186-gpio-aon' driver
[2022-03-13 14:21:13] [0001.558] I> GPIO framework and drivers are initialized.
[2022-03-13 14:21:13] [0001.563] I> Boot-device: eMMC
[2022-03-13 14:21:13] [0001.571] I> sdmmc bdev is already initialized
[2022-03-13 14:21:13] [0001.601] I> Found 19 partitions in SDMMC_BOOT (instance 3)
[2022-03-13 14:21:13] [0001.619] I> Found 33 partitions in SDMMC_USER (instance 3)
[2022-03-13 14:21:13] [0001.624] W> opt-in fuse is not set, skip fuse_burning
[2022-03-13 14:21:13] [0001.629] I> Reserved memory at 0xfbe00000 for U-Boot relocation
[2022-03-13 14:21:13] [0001.635] W> No valid slot number is found in scratch register
[2022-03-13 14:21:13] [0001.641] W> Return default slot: _a
[2022-03-13 14:21:13] [0001.650] I> A/B: bin_type (21) slot 0
[2022-03-13 14:21:13] [0001.654] I> Loading kernel-dtb from partition
[2022-03-13 14:21:13] [0001.658] I> Loading partition kernel-dtb at 0x80000000 from device(0x1)
[2022-03-13 14:21:13] [0001.676] I> Kernel_dtb @0x80000000
[2022-03-13 14:21:13] [0001.679] I> tegrabl_tca9539_init: i2c bus: 0, slave addr: 0xee
[2022-03-13 14:21:13] [0001.689] I> tegrabl_gpio_driver_register: register 'tca9539_gpio_driver' driver
[2022-03-13 14:21:13] [0001.697] I> tegrabl_tca9539_init: i2c bus: 0, slave addr: 0xe8
[2022-03-13 14:21:13] [0001.706] I> tegrabl_gpio_driver_register: register 'tca9539_gpio_driver' driver
[2022-03-13 14:21:13] [0001.716] I> fixed regulator driver initialized
[2022-03-13 14:21:13] [0001.749] I> register 'maxim' power off handle
[2022-03-13 14:21:13] [0001.755] I> virtual i2c enabled
[2022-03-13 14:21:13] [0001.758] I> registered 'maxim,max77620' pmic
[2022-03-13 14:21:13] [0001.763] I> tegrabl_gpio_driver_register: register 'max77620-gpio' driver
[2022-03-13 14:21:13] [0001.777] E> failed to read label property for node 324936: 13
[2022-03-13 14:21:13] [0001.785] E> failed to read reg property for node 325032: 13
[2022-03-13 14:21:13] [0001.793] E> failed to read reg property for node 325084: 13
[2022-03-13 14:21:13] [0001.802] E> failed to read label property for node 325168: 13
[2022-03-13 14:21:13] [0001.810] E> failed to read label property for node 325236: 13
[2022-03-13 14:21:13] [0001.819] E> failed to read reg property for node 325304: 13
[2022-03-13 14:21:13] [0001.827] E> failed to read reg property for node 325376: 13
[2022-03-13 14:21:13] [0001.837] I> Find /i2c@c250000's alias i2c7
[2022-03-13 14:21:13] [0001.841] I> Reading eeprom i2c=7 address=0x50
[2022-03-13 14:21:13] [0001.870] I> Device at /i2c@c250000:0x50
[2022-03-13 14:21:13] [0001.874] I> Reading eeprom i2c=7 address=0x57
[2022-03-13 14:21:13] [0001.903] I> Device at /i2c@c250000:0x57
[2022-03-13 14:21:13] [0001.907] I> Find /i2c@c240000's alias i2c1
[2022-03-13 14:21:13] [0001.911] I> Reading eeprom i2c=1 address=0x51
[2022-03-13 14:21:13] [0001.916] E> I2C: slave not found in slaves.
[2022-03-13 14:21:13] [0001.920] E> I2C: Could not write 0 bytes to slave: 0x00a2 with repeat start true.
[2022-03-13 14:21:13] [0001.928] E> I2C_DEV: Failed to send register address 0x00000000.
[2022-03-13 14:21:13] [0001.934] E> I2C_DEV: Could not read 256 registers of size 1 from slave 0xa2 at 0x00000000 via instance 1.
[2022-03-13 14:21:13] [0001.944] E> eeprom: Retry to read I2C slave device.
[2022-03-13 14:21:13] [0001.948] E> I2C: slave not found in slaves.
[2022-03-13 14:21:13] [0001.953] E> I2C: Could not write 0 bytes to slave: 0x00a2 with repeat start true.
[2022-03-13 14:21:13] [0001.960] E> I2C_DEV: Failed to send register address 0x00000000.
[2022-03-13 14:21:13] [0001.966] E> I2C_DEV: Could not read 256 registers of size 1 from slave 0xa2 at 0x00000000 via instance 1.
[2022-03-13 14:21:13] [0001.976] E> eeprom: Failed to read I2C slave device
[2022-03-13 14:21:13] [0001.980] I> Eeprom read failed 0x3526070d
[2022-03-13 14:21:13] [0001.985] I> Find /i2c@3160000's alias i2c0
[2022-03-13 14:21:13] [0001.989] I> Reading eeprom i2c=0 address=0x50
[2022-03-13 14:21:13] [0001.993] E> I2C: slave not found in slaves.
[2022-03-13 14:21:13] [0001.997] E> I2C: Could not write 0 bytes to slave: 0x00a0 with repeat start true.
[2022-03-13 14:21:14] [0002.005] E> I2C_DEV: Failed to send register address 0x00000000.
[2022-03-13 14:21:14] [0002.011] E> I2C_DEV: Could not read 256 registers of size 1 from slave 0xa0 at 0x00000000 via instance 0.
[2022-03-13 14:21:14] [0002.020] E> eeprom: Failed to read I2C slave device
[2022-03-13 14:21:14] [0002.025] I> Eeprom read failed 0x3526070d
[2022-03-13 14:21:14] [0002.030] I> Find /i2c@3180000's alias i2c2
[2022-03-13 14:21:14] [0002.034] I> Reading eeprom i2c=2 address=0x54
[2022-03-13 14:21:14] [0002.038] I> Enabling gpio chip_id = 2, gpio pin = 9
[2022-03-13 14:21:14] [0002.069] I> Disabling gpio chip_id = 2, gpio pin = 9
[2022-03-13 14:21:14] [0002.074] I> Device at /i2c@3180000:0x54
[2022-03-13 14:21:14] [0002.078] I> Reading eeprom i2c=2 address=0x57
[2022-03-13 14:21:14] [0002.082] I> Enabling gpio chip_id = 2, gpio pin = 9
[2022-03-13 14:21:14] [0002.088] E> I2C: slave not found in slaves.
[2022-03-13 14:21:14] [0002.092] E> I2C: Could not write 0 bytes to slave: 0x00ae with repeat start true.
[2022-03-13 14:21:14] [0002.100] E> I2C_DEV: Failed to send register address 0x00000000.
[2022-03-13 14:21:14] [0002.105] E> I2C_DEV: Could not read 256 registers of size 1 from slave 0xae at 0x00000000 via instance 2.
[2022-03-13 14:21:14] [0002.115] E> eeprom: Failed to read I2C slave device
[2022-03-13 14:21:14] [0002.120] I> Disabling gpio chip_id = 2, gpio pin = 9
[2022-03-13 14:21:14] [0002.125] I> Eeprom read failed 0x00000000
[2022-03-13 14:21:14] [0002.129] I> create_pm_ids: id: 3310-1000-D00-L, len: 15
[2022-03-13 14:21:14] [0002.134] I> config: mem-type:00,power-config:00,misc-config:00,modem-config:00,touch-config:00,display-config:00,, len: 93
[2022-03-13 14:21:14] [0002.145] I> create_pm_ids: id: 2597-0000-900-E, len: 15
[2022-03-13 14:21:14] [0002.150] I> config: mem-type:00,power-config:00,misc-config:00,modem-config:00,touch-config:00,display-config:00,, len: 93
[2022-03-13 14:21:14] [0002.161] I> create_pm_ids: id: 3326-1000-000-M, len: 15
[2022-03-13 14:21:14] [0002.166] I> config: mem-type:ff,power-config:ff,misc-config:ff,modem-config:ff,touch-config:ff,display-config:ff,, len: 93
[2022-03-13 14:21:14] [0002.201] I> enabling 'vdd-hdmi' regulator
[2022-03-13 14:21:14] [0002.217] I> regulator 'vdd-hdmi' already enabled
[2022-03-13 14:21:14] [0002.221] E> tegrabl_display_init_regulator: hdmi cable is not connected
[2022-03-13 14:21:14] [0002.228] E> tegrabl_display_get_pdata, failed to parse dtb settings
[2022-03-13 14:21:14] [0002.237] E> cannot find any other nvdisp nodes
[2022-03-13 14:21:14] [0002.241] E> no valid display unit config found in dtb
[2022-03-13 14:21:14] [0002.247] W> display init failed
[2022-03-13 14:21:14] [0002.250] initializing target
[2022-03-13 14:21:14] [0002.253] calling apps_init()
[2022-03-13 14:21:14] [0002.256] starting app kernel_boot_app
[2022-03-13 14:21:14] [0002.278] I> found decompressor handler: lz4-legacy
[2022-03-13 14:21:14] [0002.283] I> decompressing BMP blob ...
[2022-03-13 14:21:14] [0002.295] I> Kernel type = Normal
[2022-03-13 14:21:14] [0002.298] I> ########## Fixed storage boot ##########
[2022-03-13 14:21:14] [0002.303] I> Loading kernel-bootctrl from partition
[2022-03-13 14:21:14] [0002.308] I> Loading partition kernel-bootctrl at 0xa8000000 from device(0x1)
[2022-03-13 14:21:14] [0002.322] W> tegrabl_get_kernel_bootctrl: magic number(0x00000000) is invalid
[2022-03-13 14:21:14] [0002.329] W> tegrabl_get_kernel_bootctrl: use default dummy boot control data
[2022-03-13 14:21:14] [0002.336] W> No valid slot number is found in scratch register
[2022-03-13 14:21:14] [0002.341] W> Return default slot: _a
[2022-03-13 14:21:14] [0002.345] I> A/B: bin_type (24) slot 0
[2022-03-13 14:21:14] [0002.360] I> Boot image size read from image header: 9913d
[2022-03-13 14:21:14] [0002.366] I> Boot image load address: 0x80400000
[2022-03-13 14:21:14] [0002.370] I> Loading kernel from partition
[2022-03-13 14:21:14] [0002.374] I> Loading partition kernel at 0x80400000 from device(0x1)
[2022-03-13 14:21:15] [0003.316] I> Validate kernel ...
[2022-03-13 14:21:15] [0003.319] I> T18x: Authenticate kernel (bin_type 24), max size 0x4000000
[2022-03-13 14:21:15] [0003.327] I> Decrypt the buffer ... [0003.330] W> tegrabl_decrypt_block: fuse (0x0) is not burnt to do encryption (0x4); skip decryption.
[2022-03-13 14:21:15] [0003.339] I> done
[2022-03-13 14:21:15] [0003.341] I> Checking boot.img header magic ... [0003.345] I> [OK]
[2022-03-13 14:21:15] [0003.347] I> kernel-dtb is already loaded
[2022-03-13 14:21:15] [0003.351] I> Validate kernel-dtb ...
[2022-03-13 14:21:15] [0003.354] I> T18x: Authenticate kernel-dtb (bin_type 21), max size 0x100000
[2022-03-13 14:21:15] [0003.362] I> Decrypt the buffer ... [0003.365] W> tegrabl_decrypt_block: fuse (0x0) is not burnt to do encryption (0x4); skip decryption.
[2022-03-13 14:21:15] [0003.374] I> done
[2022-03-13 14:21:15] [0003.376] I> Kernel hdr @0x80400000
[2022-03-13 14:21:15] [0003.379] I> Kernel dtb @0x80000000
[2022-03-13 14:21:15] [0003.382] I> decompressor handler not found
[2022-03-13 14:21:15] [0003.386] I> Copying kernel image (627005 bytes) from 0x80400800 to 0x80600000 ... [0003.394] I> Done
[2022-03-13 14:21:15] [0003.396] I> Move ramdisk (len: 0) from 0x8049a000 to 0x947d0000
[2022-03-13 14:21:15] [0003.403] I> Updated bpmp info to DTB
[2022-03-13 14:21:15] [0003.409] I> Ramdisk: Base: 0x947d0000; Size: 0x0
[2022-03-13 14:21:15] [0003.414] I> Updated initrd info to DTB
[2022-03-13 14:21:15] [0003.418] W> WARN: Fail to override "console=none" in commandline
[2022-03-13 14:21:15] [0003.423] I> Active rootfs suffix: 
[2022-03-13 14:21:15] [0003.427] E> tegrabl_linuxboot_add_disp_param, du 0 failed to get display params
[2022-03-13 14:21:15] [0003.434] E> tegrabl_linuxboot_add_disp_param, du 0 failed to get display params
[2022-03-13 14:21:15] [0003.441] E> tegrabl_linuxboot_add_disp_param, du 0 failed to get display params
[2022-03-13 14:21:15] [0003.448] I> disabled_core_mask: 0xffffff0c
[2022-03-13 14:21:15] [0003.452] W> No valid slot number is found in scratch register
[2022-03-13 14:21:15] [0003.458] W> Return default slot: _a
[2022-03-13 14:21:15] [0003.461] I> Active slot suffix: 
[2022-03-13 14:21:15] [0003.465] I> add_boot_slot_suffix: slot_suffix = 
[2022-03-13 14:21:15] [0003.469] I> Linux Cmdline: console=ttyS0,115200 androidboot.presilicon=true firmware_class.path=/etc/firmware root=/dev/mmcblk0p1 rw rootwait rootfstype=ext4 console=ttyS0,115200n8 console=tty0 fbcon=map:0 net.ifnames=0 isolcpus=1-2  video=tegrafb earlycon=uart8250,mmio32,0x3100000 nvdumper_reserved=0x2772e0000 gpt rootfs.slot_suffix= usbcore.old_scheme_first=1 tegraid=18.1.2.0.0 maxcpus=6 no_console_suspend boot.slot_suffix= boot.ratchetvalues=0.2031647.1 vpr_resize bl_prof_dataptr=0x10000@0x275840000 sdhci_tegra.en_boot_part_access=1 
[2022-03-13 14:21:15] [0003.517] I> Updated bootarg info to DTB
[2022-03-13 14:21:15] [0003.520] I> eeprom_get_mac_addr: MAC (type: 0): 48:b0:2d:0f:11:c5
[2022-03-13 14:21:15] [0003.527] I> eeprom_get_mac_addr: MAC (type: 1): 48:b0:2d:0f:11:c6
[2022-03-13 14:21:15] [0003.533] I> eeprom_get_mac_addr: MAC (type: 2): 48:b0:2d:0f:11:c7
[2022-03-13 14:21:15] [0003.539] E> Found no plugin manager ids in source DT
[2022-03-13 14:21:15] [0003.544] W> Add plugin manager ids from board info
[2022-03-13 14:21:15] [0003.549] W> "plugin-manager" doesn't exist, creating
[2022-03-13 14:21:15] [0003.553] W> "ids" doesn't exist, creating
[2022-03-13 14:21:15] [0003.558] W> "connection" doesn't exist, creating
[2022-03-13 14:21:15] [0003.562] W> "configs" doesn't exist, creating
[2022-03-13 14:21:15] [0003.566] I> create_pm_ids: id: 3310-1000-D00-L, len: 15
[2022-03-13 14:21:15] [0003.572] I> config: mem-type:00,power-config:00,misc-config:00,modem-config:00,touch-config:00,display-config:00,, len: 93
[2022-03-13 14:21:15] [0003.583] I> create_pm_ids: id: 2597-0000-900-E, len: 15
[2022-03-13 14:21:15] [0003.588] I> config: mem-type:00,power-config:00,misc-config:00,modem-config:00,touch-config:00,display-config:00,, len: 93
[2022-03-13 14:21:15] [0003.599] I> create_pm_ids: id: 3326-1000-000-M, len: 15
[2022-03-13 14:21:15] [0003.604] I> config: mem-type:ff,power-config:ff,misc-config:ff,modem-config:ff,touch-config:ff,display-config:ff,, len: 93
[2022-03-13 14:21:15] [0003.615] I> Adding plugin-manager/ids/3310-1000-D00=/i2c@c250000:module@0x50
[2022-03-13 14:21:15] [0003.622] W> "i2c@c250000" doesn't exist, creating
[2022-03-13 14:21:15] [0003.627] W> "module@0x50" doesn't exist, creating
[2022-03-13 14:21:15] [0003.632] I> Adding plugin-manager/ids/2597-0000-900=/i2c@c250000:module@0x57
[2022-03-13 14:21:15] [0003.639] W> "module@0x57" doesn't exist, creating
[2022-03-13 14:21:15] [0003.644] I> Adding plugin-manager/ids/3326-1000-000=/i2c@3180000:module@0x54
[2022-03-13 14:21:15] [0003.651] W> "i2c@3180000" doesn't exist, creating
[2022-03-13 14:21:15] [0003.656] W> "module@0x54" doesn't exist, creating
[2022-03-13 14:21:15] [0003.663] I> Adding plugin-manager/ids/3310-1000-D00-L
[2022-03-13 14:21:15] [0003.670] I> Adding plugin-manager/configs/3310-mem-type 00
[2022-03-13 14:21:15] [0003.675] I> Adding plugin-manager/configs/3310-power-config 00
[2022-03-13 14:21:15] [0003.681] I> Adding plugin-manager/configs/3310-misc-config 00
[2022-03-13 14:21:15] [0003.687] I> Adding plugin-manager/configs/3310-modem-config 00
[2022-03-13 14:21:15] [0003.693] I> Adding plugin-manager/configs/3310-touch-config 00
[2022-03-13 14:21:15] [0003.699] I> Adding plugin-manager/configs/3310-display-config 00
[2022-03-13 14:21:15] [0003.705] I> Adding plugin-manager/cvm
[2022-03-13 14:21:15] [0003.709] W> "chip-id" doesn't exist, creating
[2022-03-13 14:21:15] [0003.713] I> Adding plugin-manager/chip-id/A02P
[2022-03-13 14:21:15] [0003.718] W> "odm-data" doesn't exist, creating
[2022-03-13 14:21:15] [0003.722] I> Adding /chosen/plugin-manager/odm-data
[2022-03-13 14:21:15] [0003.732] I> added [base:0x80000000, size:0x70000000] to /memory
[2022-03-13 14:21:15] [0003.738] I> added [base:0xf0200000, size:0x185600000] to /memory
[2022-03-13 14:21:15] [0003.744] I> added [base:0x275e00000, size:0x200000] to /memory
[2022-03-13 14:21:15] [0003.750] I> added [base:0x276600000, size:0x200000] to /memory
[2022-03-13 14:21:15] [0003.756] I> added [base:0x277000000, size:0x200000] to /memory
[2022-03-13 14:21:15] [0003.761] I> Updated memory info to DTB
[2022-03-13 14:21:15] [0003.766] E> add_disp_param: failed to get display params for du=0
[2022-03-13 14:21:15] [0003.774] W> "reset" doesn't exist, creating
[2022-03-13 14:21:15] [0003.778] W> "pmc-reset-reason" doesn't exist, creating
[2022-03-13 14:21:15] [0003.784] W> "pmic-reset-reason" doesn't exist, creating
[2022-03-13 14:21:15] [0003.790] I> Adding ecid(00000001646db7851000000013038200) to DT
[2022-03-13 14:21:15] [0003.796] I> disabled_core_mask: 0xffffff0c
[2022-03-13 14:21:15] [0003.809] I> Add serial number:1422420022173 as DT property
[2022-03-13 14:21:15] [0003.818] I> Plugin-manager override starting
[2022-03-13 14:21:15] [0003.823] I> node /plugin-manager/fragement@0 matches
[2022-03-13 14:21:15] [0003.833] I> node /plugin-manager/fragement@4 matches
[2022-03-13 14:21:15] [0003.846] I> node /plugin-manager/fragment-sdwake-p3310-1000-300 matches
[2022-03-13 14:21:15] [0003.866] I> node /plugin-manager/fragement-pmon-p3310-1000-300 matches
[2022-03-13 14:21:15] [0003.876] I> node /plugin-manager/fragement-pmon-p3310-1000-800 matches
[2022-03-13 14:21:15] [0003.885] I> node /plugin-manager/fragment-devslp@0 matches
[2022-03-13 14:21:15] [0003.897] I> node /plugin-manager/fragment-500-pcie-config matches
[2022-03-13 14:21:15] [0003.912] I> node /plugin-manager/fragment-500-xusb-config matches
[2022-03-13 14:21:15] [0003.935] I> node /plugin-manager/fragment-p3310-c00-comm matches
[2022-03-13 14:21:15] [0003.949] I> node /plugin-manager/fragment-p3310-c00-pmic matches
[2022-03-13 14:21:15] [0003.959] I> node /plugin-manager/fragment-p3310-c01 matches
[2022-03-13 14:21:15] [0003.972] I> node /plugin-manager/fragment-p3310-c03 matches
[2022-03-13 14:21:16] [0004.015] I> node /plugin-manager/fragment-e3326@0 matches
[2022-03-13 14:21:16] [0004.097] I> node /plugin-manager/fragment-p3310-c00-camera matches
[2022-03-13 14:21:16] [0004.124] I> Disable plugin-manager status in FDT
[2022-03-13 14:21:16] [0004.129] I> Plugin-manager override finished successfully
[2022-03-13 14:21:16] [0004.134] I> tegrabl_load_kernel_and_dtb: Done
[2022-03-13 14:21:16] [0004.138] E> tegrabl_display_clear: display is not initialized
[2022-03-13 14:21:16] [0004.144] W> Boot logo display failed...
[2022-03-13 14:21:16] [0004.147] I> Kernel EP: 0x80600000, DTB: 0x80000000
[2022-03-13 14:21:16] 
[2022-03-13 14:21:16] 
[2022-03-13 14:21:16] U-Boot 2020.04-g46e4604c78 (Jul 26 2021 - 12:10:58 -0700)
[2022-03-13 14:21:16] 
[2022-03-13 14:21:16] SoC: tegra186
[2022-03-13 14:21:16] Model: NVIDIA P2771-0000-500
[2022-03-13 14:21:16] Board: NVIDIA P2771-0000
[2022-03-13 14:21:16] DRAM:  7.8 GiB
[2022-03-13 14:21:16] MMC:   sdhci@3400000: 1, sdhci@3460000: 0
[2022-03-13 14:21:16] Loading Environment from MMC... *** Warning - bad CRC, using default environment
[2022-03-13 14:21:16] 
[2022-03-13 14:21:16] In:    serial
[2022-03-13 14:21:16] Out:   serial
[2022-03-13 14:21:16] Err:   serial
[2022-03-13 14:21:16] Net:   
[2022-03-13 14:21:16] Warning: ethernet@2490000 using MAC address from ROM
[2022-03-13 14:21:16] eth0: ethernet@2490000
[2022-03-13 14:21:16] Hit any key to stop autoboot:  2  1  0 
[2022-03-13 14:21:18] MMC: no card present
[2022-03-13 14:21:18] switch to partitions #0, OK
[2022-03-13 14:21:18] mmc0(part 0) is current device
[2022-03-13 14:21:18] Scanning mmc 0:1...
[2022-03-13 14:21:18] Found /boot/extlinux/extlinux.conf
[2022-03-13 14:21:18] Retrieving file: /boot/extlinux/extlinux.conf
[2022-03-13 14:21:18] 858 bytes read in 21 ms (39.1 KiB/s)
[2022-03-13 14:21:18] 1:	primary kernel
[2022-03-13 14:21:18] Retrieving file: /boot/initrd
[2022-03-13 14:21:19] 7238344 bytes read in 201 ms (34.3 MiB/s)
[2022-03-13 14:21:19] Retrieving file: /boot/Image
[2022-03-13 14:21:20] 34484232 bytes read in 829 ms (39.7 MiB/s)
[2022-03-13 14:21:20] append: console=ttyS0,115200 androidboot.presilicon=true firmware_class.path=/etc/firmware root=/dev/mmcblk0p1 rw rootwait rootfstype=ext4 console=ttyS0,115200n8 console=tty0 fbcon=map:0 net.ifnames=0 isolcpus=1-2  video=tegrafb earlycon=uart8250,mmio32,0x3100000 nvdumper_reserved=0x2772e0000 gpt rootfs.slot_suffix= usbcore.old_scheme_first=1 tegraid=18.1.2.0.0 maxcpus=6 no_console_suspend boot.slot_suffix= boot.ratchetvalues=0.2031647.1 vpr_resize bl_prof_dataptr=0x10000@0x275840000 sdhci_tegra.en_boot_part_access=1 quiet root=/dev/mmcblk0p1 rw rootwait rootfstype=ext4 console=ttyS0,115200n8 console=tty0 fbcon=map:0 net.ifnames=0 isolcpus=1-2 
[2022-03-13 14:21:20] ## Flattened Device Tree blob at 80000000
[2022-03-13 14:21:20]    Booting using the fdt blob at 0x80000000
[2022-03-13 14:21:20] ERROR: reserving fdt memory region failed (addr=0 size=0)
[2022-03-13 14:21:20] ERROR: reserving fdt memory region failed (addr=0 size=0)
[2022-03-13 14:21:20] ERROR: reserving fdt memory region failed (addr=0 size=0)
[2022-03-13 14:21:20]    Using Device Tree in place at 0000000080000000, end 0000000080060aa3
[2022-03-13 14:21:20] copying carveout for /host1x@13e00000/display-hub@15200000/display@15200000...
[2022-03-13 14:21:20] copying carveout for /host1x@13e00000/display-hub@15200000/display@15210000...
[2022-03-13 14:21:20] copying carveout for /host1x@13e00000/display-hub@15200000/display@15220000...
[2022-03-13 14:21:20] 
[2022-03-13 14:21:20] Starting kernel ...
[2022-03-13 14:21:20] 
[2022-03-13 14:21:20] [    0.000000] Booting Linux on physical CPU 0x100
[2022-03-13 14:21:20] [    0.000000] Linux version 4.9.253-tegra (buildbrain@mobile-u64-5497-d3000) (gcc version 7.3.1 20180425 [linaro-7.3-2018.05 revision d29120a424ecfbc167ef90065c0eeb7f91977701] (Linaro GCC 7.3-2018.05) ) #1 SMP PREEMPT Mon Jul 26 12:19:28 PDT 2021
[2022-03-13 14:21:20] [    0.000000] Boot CPU: AArch64 Processor [411fd073]
[2022-03-13 14:21:20] [    0.000000] OF: fdt:memory scan node memory@80000000, reg size 80,
[2022-03-13 14:21:20] [    0.000000] OF: fdt: - 80000000 ,  70000000
[2022-03-13 14:21:20] [    0.000000] OF: fdt: - f0200000 ,  185600000
[2022-03-13 14:21:20] [    0.000000] OF: fdt: - 275e00000 ,  200000
[2022-03-13 14:21:20] [    0.000000] OF: fdt: - 276600000 ,  200000
[2022-03-13 14:21:20] [    0.000000] OF: fdt: - 277000000 ,  200000
[2022-03-13 14:21:20] [    0.000000] earlycon: uart8250 at MMIO32 0x0000000003100000 (options '')
[2022-03-13 14:21:20] [    0.000000] bootconsole [uart8250] enabled
[2022-03-13 14:21:22] [    1.920513] cgroup: cgroup2: unknown option "nsdelegate"
[2022-03-13 14:21:23] [    2.894621] using random self ethernet address
[2022-03-13 14:21:23] [    2.904856] using random host ethernet address
[2022-03-13 14:21:23] [    3.008303] FAT-fs (loop0): Volume was not properly unmounted. Some data may be corrupt. Please run fsck.
[2022-03-13 14:21:23] [    3.317751] random: crng init done
[2022-03-13 14:21:23] [    3.321160] random: 7 urandom warning(s) missed due to ratelimiting
[2022-03-13 14:21:24] [    3.568723] using random self ethernet address
[2022-03-13 14:21:24] [    3.578465] using random host ethernet address
[2022-03-13 14:21:24] [    3.816054] CPU1: shutdown
[2022-03-13 14:21:24] [    3.922075] CPU2: shutdown
[2022-03-13 14:21:28] [0000.358] I> Welcome to MB2(TBoot-BPMP)(version: 01.00.160913-t186-M-00.00-mobile-c368a720)
[2022-03-13 14:21:28] [0000.367] I> Boot-device: eMMC
[2022-03-13 14:21:28] [0000.374] I> sdmmc bdev is already initialized
[2022-03-13 14:21:28] [0000.379] I> pmic: reset reason (nverc)	: 0x80
[2022-03-13 14:21:28] [0000.412] I> Found 19 partitions in SDMMC_BOOT (instance 3)
[2022-03-13 14:21:28] [0000.432] I> Found 33 partitions in SDMMC_USER (instance 3)
[2022-03-13 14:21:28] [0000.437] W> No valid slot number is found in scratch register
[2022-03-13 14:21:28] [0000.443] W> Return default slot: _a
[2022-03-13 14:21:28] [0000.447] I> A/B: bin_type (16) slot 0
[2022-03-13 14:21:28] [0000.450] I> Loading partition bpmp-fw at 0xd7800000
[2022-03-13 14:21:28] [0000.455] I> Reading two headers - addr:0xd7800000 blocks:1
[2022-03-13 14:21:28] [0000.461] I> Addr: 0xd7800000, start-block: 58777608, num_blocks: 1
[2022-03-13 14:21:28] [0000.485] I> Binary(16) of size 534416 is loaded @ 0xd7800000
[2022-03-13 14:21:28] [0000.491] W> No valid slot number is found in scratch register
[2022-03-13 14:21:28] [0000.497] W> Return default slot: _a
[2022-03-13 14:21:28] [0000.500] I> A/B: bin_type (17) slot 0
[2022-03-13 14:21:28] [0000.504] I> Loading partition bpmp-fw-dtb at 0xd79f0000
[2022-03-13 14:21:28] [0000.509] I> Reading two headers - addr:0xd79f0000 blocks:1
[2022-03-13 14:21:28] [0000.514] I> Addr: 0xd79f0000, start-block: 58780024, num_blocks: 1
[2022-03-13 14:21:28] [0000.540] I> Binary(17) of size 604720 is loaded @ 0xd796c400
[2022-03-13 14:21:28] [0000.770] I> Loading SCE-FW ...
[2022-03-13 14:21:28] [0000.773] W> No valid slot number is found in scratch register
[2022-03-13 14:21:28] [0000.779] W> Return default slot: _a
[2022-03-13 14:21:28] [0000.782] I> A/B: bin_type (12) slot 0
[2022-03-13 14:21:28] [0000.786] I> Loading partition sce-fw at 0xd7300000
[2022-03-13 14:21:28] [0000.790] I> Reading two headers - addr:0xd7300000 blocks:1
[2022-03-13 14:21:28] [0000.796] I> Addr: 0xd7300000, start-block: 58784120, num_blocks: 1
[2022-03-13 14:21:28] [0000.815] I> Binary(12) of size 125632 is loaded @ 0xd7300000
[2022-03-13 14:21:28] [0000.821] I> Init SCE
[2022-03-13 14:21:28] [0000.823] I> Loading APE-FW ...
[2022-03-13 14:21:28] [0000.826] W> No valid slot number is found in scratch register
[2022-03-13 14:21:28] [0000.832] W> Return default slot: _a
[2022-03-13 14:21:28] [0000.835] I> A/B: bin_type (11) slot 0
[2022-03-13 14:21:28] [0000.839] I> Loading partition adsp-fw at 0xd7400000
[2022-03-13 14:21:28] [0000.844] I> Reading two headers - addr:0xd7400000 blocks:1
[2022-03-13 14:21:28] [0000.849] I> Addr: 0xd7400000, start-block: 58761224, num_blocks: 1
[2022-03-13 14:21:28] [0000.868] I> Binary(11) of size 77216 is loaded @ 0xd7400000
[2022-03-13 14:21:28] [0000.874] I> Copy BTCM section
[2022-03-13 14:21:28] [0000.877] W> No valid slot number is found in scratch register
[2022-03-13 14:21:28] [0000.882] W> Return default slot: _a
[2022-03-13 14:21:28] [0000.886] I> A/B: bin_type (13) slot 0
[2022-03-13 14:21:28] [0000.889] I> Loading partition cpu-bootloader at 0x96000000
[2022-03-13 14:21:28] [0000.895] I> Reading two headers - addr:0x96000000 blocks:1
[2022-03-13 14:21:28] [0000.900] I> Addr: 0x96000000, start-block: 58740744, num_blocks: 1
[2022-03-13 14:21:28] [0000.921] I> Binary(13) of size 308800 is loaded @ 0x96000000
[2022-03-13 14:21:28] [0000.927] W> No valid slot number is found in scratch register
[2022-03-13 14:21:28] [0000.933] W> Return default slot: _a
[2022-03-13 14:21:28] [0000.936] I> A/B: bin_type (20) slot 0
[2022-03-13 14:21:28] [0000.940] I> Loading partition bootloader-dtb at 0x85205400
[2022-03-13 14:21:28] [0000.945] I> Reading two headers - addr:0x85205400 blocks:1
[2022-03-13 14:21:28] [0000.951] I> Addr: 0x85205400, start-block: 58742792, num_blocks: 1
[2022-03-13 14:21:28] [0000.973] I> Binary(20) of size 375568 is loaded @ 0x85205400
[2022-03-13 14:21:28] [0000.979] W> No valid slot number is found in scratch register
[2022-03-13 14:21:28] [0000.984] W> Return default slot: _a
[2022-03-13 14:21:28] [0000.988] I> A/B: bin_type (14) slot 0
[2022-03-13 14:21:28] [0000.991] I> Loading partition secure-os at 0x85305600
[2022-03-13 14:21:28] [0000.996] I> Reading two headers - addr:0x85305600 blocks:1
[2022-03-13 14:21:28] [0001.002] I> Addr: 0x85305600, start-block: 58744840, num_blocks: 1
[2022-03-13 14:21:28] [0001.024] I> Binary(14) of size 402864 is loaded @ 0x85305600
[2022-03-13 14:21:28] [0001.031] I> TOS boot-params @ 0x85000000
[2022-03-13 14:21:28] [0001.035] I> TOS params prepared
[2022-03-13 14:21:28] [0001.039] I> Loading EKS ...
[2022-03-13 14:21:28] [0001.041] I> A/B: bin_type (15) slot 0
[2022-03-13 14:21:28] [0001.045] I> Loading partition eks at 0x85905800
[2022-03-13 14:21:28] [0001.049] I> Reading two headers - addr:0x85905800 blocks:1
[2022-03-13 14:21:28] [0001.055] I> Addr: 0x85905800, start-block: 58757128, num_blocks: 1
[2022-03-13 14:21:28] [0001.074] I> Binary(15) of size 1040 is loaded @ 0x85905800
[2022-03-13 14:21:28] [0001.079] I> EKB detected (length: 0x400) @ 0x85905800
[2022-03-13 14:21:28] [0001.084] I> Copied encrypted keys
[2022-03-13 14:21:28] [0001.088] I> boot profiler @ 0x275844000
[2022-03-13 14:21:28] [0001.092] I> boot profiler for TOS @ 0x275844000
[2022-03-13 14:21:28] [0001.097] I> Unhalting SCE
[2022-03-13 14:21:28] [0001.099] I> Primary Memory Start:80000000 Size:70000000
[2022-03-13 14:21:28] [0001.104] I> Extended Memory Start:f0110000 Size:1856f0000
[2022-03-13 14:21:28] [0001.111] I> MB2(TBoot-BPMP) done
[2022-03-13 14:21:28] 
[2022-03-13 14:21:28] NOTICE:  BL31: v1.3(release):b5eeb33f7
[2022-03-13 14:21:28] NOTICE:  BL31: Built : 12:15:17, Jul 26 2021
[2022-03-13 14:21:28] ipc-unittest-main: 1519: Welcome to IPC unittest!!!
[2022-03-13 14:21:28] ipc-unittest-main: 1531: waiting forever
[2022-03-13 14:21:28] ipc-unittest-srv: 329: Init unittest services!!!
[2022-03-13 14:21:28] hwkey-agent: 41: hwkey-agent is running!!
[2022-03-13 14:21:28] hwkey-agent: 315: key_mgnt_processing .......
[2022-03-13 14:21:28] hwkey-agent: 223: Setting EKB key 0 to slot 14
[2022-03-13 14:21:28] hwkey-agent: 178: Init hweky-agent services!!
[2022-03-13 14:21:28] luks-srv: 40: luks-srv is running!!
[2022-03-13 14:21:28] luks-srv: 157: Init luks-srv IPC services!!
[2022-03-13 14:21:28] platform_bootstrap_epilog: trusty bootstrap complete
[2022-03-13 14:21:29] [0001.484] I> Welcome to Cboot
[2022-03-13 14:21:29] [0001.486] I> Cboot Version: t186-00029e71
[2022-03-13 14:21:29] [0001.490] I> CPU-BL Params @ 0x275800000
[2022-03-13 14:21:29] [0001.494] I>  0) Base:0x00000000 Size:0x00000000
[2022-03-13 14:21:29] [0001.498] I>  1) Base:0x277f00000 Size:0x00100000
[2022-03-13 14:21:29] [0001.503] I>  2) Base:0x277e00000 Size:0x00100000
[2022-03-13 14:21:29] [0001.507] I>  3) Base:0x277d00000 Size:0x00100000
[2022-03-13 14:21:29] [0001.512] I>  4) Base:0x277c00000 Size:0x00100000
[2022-03-13 14:21:29] [0001.516] I>  5) Base:0x277b00000 Size:0x00100000
[2022-03-13 14:21:29] [0001.521] I>  6) Base:0x277800000 Size:0x00200000
[2022-03-13 14:21:29] [0001.526] I>  7) Base:0x277400000 Size:0x00400000
[2022-03-13 14:21:29] [0001.530] I>  8) Base:0x277a00000 Size:0x00100000
[2022-03-13 14:21:29] [0001.535] I>  9) Base:0x277300000 Size:0x00100000
[2022-03-13 14:21:29] [0001.539] I> 10) Base:0x276800000 Size:0x00800000
[2022-03-13 14:21:29] [0001.544] I> 11) Base:0x30000000 Size:0x00040000
[2022-03-13 14:21:29] [0001.548] I> 12) Base:0xf0000000 Size:0x00100000
[2022-03-13 14:21:29] [0001.552] I> 13) Base:0x30040000 Size:0x00001000
[2022-03-13 14:21:29] [0001.557] I> 14) Base:0x30048000 Size:0x00001000
[2022-03-13 14:21:29] [0001.561] I> 15) Base:0x30049000 Size:0x00001000
[2022-03-13 14:21:29] [0001.566] I> 16) Base:0x3004a000 Size:0x00001000
[2022-03-13 14:21:29] [0001.570] I> 17) Base:0x3004b000 Size:0x00001000
[2022-03-13 14:21:29] [0001.575] I> 18) Base:0x3004c000 Size:0x00001000
[2022-03-13 14:21:29] [0001.579] I> 19) Base:0x3004d000 Size:0x00001000
[2022-03-13 14:21:29] [0001.583] I> 20) Base:0x3004e000 Size:0x00001000
[2022-03-13 14:21:29] [0001.588] I> 21) Base:0x3004f000 Size:0x00001000
[2022-03-13 14:21:29] [0001.592] I> 22) Base:0x00000000 Size:0x00000000
[2022-03-13 14:21:29] [0001.597] I> 23) Base:0xf0100000 Size:0x00010000
[2022-03-13 14:21:29] [0001.601] I> 24) Base:0x00000000 Size:0x00000000
[2022-03-13 14:21:29] [0001.606] I> 25) Base:0x00000000 Size:0x00000000
[2022-03-13 14:21:29] [0001.610] I> 26) Base:0x00000000 Size:0x00000000
[2022-03-13 14:21:29] [0001.614] I> 27) Base:0x00000000 Size:0x00000000
[2022-03-13 14:21:29] [0001.619] I> 28) Base:0x84400000 Size:0x00400000
[2022-03-13 14:21:29] [0001.623] I> 29) Base:0x30000000 Size:0x00010000
[2022-03-13 14:21:29] [0001.628] I> 30) Base:0x278000000 Size:0x08000000
[2022-03-13 14:21:29] [0001.632] I> 31) Base:0x00000000 Size:0x00000000
[2022-03-13 14:21:29] [0001.637] I> 32) Base:0x276000000 Size:0x00600000
[2022-03-13 14:21:29] [0001.641] I> 33) Base:0x80000000 Size:0x70000000
[2022-03-13 14:21:29] [0001.646] I> 34) Base:0xf0110000 Size:0x1856f0000
[2022-03-13 14:21:29] [0001.650] I> 35) Base:0x00000000 Size:0x00000000
[2022-03-13 14:21:29] [0001.655] I> 36) Base:0x00000000 Size:0x00000000
[2022-03-13 14:21:29] [0001.659] I> 37) Base:0x2772e0000 Size:0x00020000
[2022-03-13 14:21:29] [0001.664] I> 38) Base:0x84000000 Size:0x00400000
[2022-03-13 14:21:29] [0001.668] I> 39) Base:0x96000000 Size:0x02000000
[2022-03-13 14:21:29] [0001.672] I> 40) Base:0x85000000 Size:0x01200000
[2022-03-13 14:21:29] [0001.677] I> 41) Base:0x275800000 Size:0x00500000
[2022-03-13 14:21:29] [0001.681] I> 42) Base:0x00000000 Size:0x00000000
[2022-03-13 14:21:29] [0001.686] I> 43) Base:0x00000000 Size:0x00000000
[2022-03-13 14:21:29] [0001.690] GIC-SPI Target CPU: 4
[2022-03-13 14:21:29] [0001.694] Interrupts Init done
[2022-03-13 14:21:29] [0001.697] calling constructors
[2022-03-13 14:21:29] [0001.700] initializing heap
[2022-03-13 14:21:29] [0001.703] initializing threads
[2022-03-13 14:21:29] [0001.706] initializing timers
[2022-03-13 14:21:29] [0001.709] creating bootstrap completion thread
[2022-03-13 14:21:29] [0001.714] top of bootstrap2()
[2022-03-13 14:21:29] [0001.717] CPU: ARM Cortex A57
[2022-03-13 14:21:29] [0001.720] CPU: MIDR: 0x411FD073, MPIDR: 0x80000100
[2022-03-13 14:21:29] [0001.725] initializing platform
[2022-03-13 14:21:29] [0001.728] I> Bl_dtb @0x85205400
[2022-03-13 14:21:29] [0001.731] I> gpio framework initialized
[2022-03-13 14:21:29] [0001.738] I> tegrabl_gpio_driver_register: register 'nvidia,tegra186-gpio' driver
[2022-03-13 14:21:29] [0001.748] I> tegrabl_gpio_driver_register: register 'nvidia,tegra186-gpio-aon' driver
[2022-03-13 14:21:29] [0001.755] I> GPIO framework and drivers are initialized.
[2022-03-13 14:21:29] [0001.761] I> Boot-device: eMMC
[2022-03-13 14:21:29] [0001.768] I> sdmmc bdev is already initialized
[2022-03-13 14:21:29] [0001.799] I> Found 19 partitions in SDMMC_BOOT (instance 3)
[2022-03-13 14:21:29] [0001.817] I> Found 33 partitions in SDMMC_USER (instance 3)
[2022-03-13 14:21:29] [0001.822] W> opt-in fuse is not set, skip fuse_burning
[2022-03-13 14:21:29] [0001.827] I> Reserved memory at 0xfbe00000 for U-Boot relocation
[2022-03-13 14:21:29] [0001.833] W> No valid slot number is found in scratch register
[2022-03-13 14:21:29] [0001.838] W> Return default slot: _a
[2022-03-13 14:21:29] [0001.848] I> A/B: bin_type (21) slot 0
[2022-03-13 14:21:29] [0001.851] I> Loading kernel-dtb from partition
[2022-03-13 14:21:29] [0001.856] I> Loading partition kernel-dtb at 0x80000000 from device(0x1)
[2022-03-13 14:21:29] [0001.874] I> Kernel_dtb @0x80000000
[2022-03-13 14:21:29] [0001.877] I> tegrabl_tca9539_init: i2c bus: 0, slave addr: 0xee
[2022-03-13 14:21:29] [0001.887] I> tegrabl_gpio_driver_register: register 'tca9539_gpio_driver' driver
[2022-03-13 14:21:29] [0001.894] I> tegrabl_tca9539_init: i2c bus: 0, slave addr: 0xe8
[2022-03-13 14:21:29] [0001.903] I> tegrabl_gpio_driver_register: register 'tca9539_gpio_driver' driver
[2022-03-13 14:21:29] [0001.914] I> fixed regulator driver initialized
[2022-03-13 14:21:29] [0001.947] I> register 'maxim' power off handle
[2022-03-13 14:21:29] [0001.953] I> virtual i2c enabled
[2022-03-13 14:21:29] [0001.956] I> registered 'maxim,max77620' pmic
[2022-03-13 14:21:29] [0001.961] I> tegrabl_gpio_driver_register: register 'max77620-gpio' driver
[2022-03-13 14:21:29] [0001.975] E> failed to read label property for node 324936: 13
[2022-03-13 14:21:29] [0001.983] E> failed to read reg property for node 325032: 13
[2022-03-13 14:21:29] [0001.991] E> failed to read reg property for node 325084: 13
[2022-03-13 14:21:29] [0002.000] E> failed to read label property for node 325168: 13
[2022-03-13 14:21:29] [0002.008] E> failed to read label property for node 325236: 13
[2022-03-13 14:21:29] [0002.016] E> failed to read reg property for node 325304: 13
[2022-03-13 14:21:29] [0002.025] E> failed to read reg property for node 325376: 13
[2022-03-13 14:21:29] [0002.035] I> Find /i2c@c250000's alias i2c7
[2022-03-13 14:21:29] [0002.039] I> Reading eeprom i2c=7 address=0x50
[2022-03-13 14:21:29] [0002.068] I> Device at /i2c@c250000:0x50
[2022-03-13 14:21:29] [0002.072] I> Reading eeprom i2c=7 address=0x57
[2022-03-13 14:21:29] [0002.101] I> Device at /i2c@c250000:0x57
[2022-03-13 14:21:29] [0002.105] I> Find /i2c@c240000's alias i2c1
[2022-03-13 14:21:29] [0002.109] I> Reading eeprom i2c=1 address=0x51
[2022-03-13 14:21:29] [0002.114] E> I2C: slave not found in slaves.
[2022-03-13 14:21:29] [0002.118] E> I2C: Could not write 0 bytes to slave: 0x00a2 with repeat start true.
[2022-03-13 14:21:29] [0002.126] E> I2C_DEV: Failed to send register address 0x00000000.
[2022-03-13 14:21:29] [0002.132] E> I2C_DEV: Could not read 256 registers of size 1 from slave 0xa2 at 0x00000000 via instance 1.
[2022-03-13 14:21:29] [0002.141] E> eeprom: Retry to read I2C slave device.
[2022-03-13 14:21:29] [0002.146] E> I2C: slave not found in slaves.
[2022-03-13 14:21:29] [0002.150] E> I2C: Could not write 0 bytes to slave: 0x00a2 with repeat start true.
[2022-03-13 14:21:29] [0002.158] E> I2C_DEV: Failed to send register address 0x00000000.
[2022-03-13 14:21:29] [0002.164] E> I2C_DEV: Could not read 256 registers of size 1 from slave 0xa2 at 0x00000000 via instance 1.
[2022-03-13 14:21:29] [0002.173] E> eeprom: Failed to read I2C slave device
[2022-03-13 14:21:29] [0002.178] I> Eeprom read failed 0x3526070d
[2022-03-13 14:21:29] [0002.183] I> Find /i2c@3160000's alias i2c0
[2022-03-13 14:21:29] [0002.187] I> Reading eeprom i2c=0 address=0x50
[2022-03-13 14:21:29] [0002.191] E> I2C: slave not found in slaves.
[2022-03-13 14:21:29] [0002.195] E> I2C: Could not write 0 bytes to slave: 0x00a0 with repeat start true.
[2022-03-13 14:21:29] [0002.203] E> I2C_DEV: Failed to send register address 0x00000000.
[2022-03-13 14:21:29] [0002.209] E> I2C_DEV: Could not read 256 registers of size 1 from slave 0xa0 at 0x00000000 via instance 0.
[2022-03-13 14:21:29] [0002.218] E> eeprom: Failed to read I2C slave device
[2022-03-13 14:21:29] [0002.223] I> Eeprom read failed 0x3526070d
[2022-03-13 14:21:29] [0002.228] I> Find /i2c@3180000's alias i2c2
[2022-03-13 14:21:29] [0002.232] I> Reading eeprom i2c=2 address=0x54
[2022-03-13 14:21:29] [0002.236] I> Enabling gpio chip_id = 2, gpio pin = 9
[2022-03-13 14:21:29] [0002.267] I> Disabling gpio chip_id = 2, gpio pin = 9
[2022-03-13 14:21:29] [0002.272] I> Device at /i2c@3180000:0x54
[2022-03-13 14:21:29] [0002.276] I> Reading eeprom i2c=2 address=0x57
[2022-03-13 14:21:29] [0002.280] I> Enabling gpio chip_id = 2, gpio pin = 9
[2022-03-13 14:21:29] [0002.286] E> I2C: slave not found in slaves.
[2022-03-13 14:21:29] [0002.290] E> I2C: Could not write 0 bytes to slave: 0x00ae with repeat start true.
[2022-03-13 14:21:29] [0002.297] E> I2C_DEV: Failed to send register address 0x00000000.
[2022-03-13 14:21:29] [0002.303] E> I2C_DEV: Could not read 256 registers of size 1 from slave 0xae at 0x00000000 via instance 2.
[2022-03-13 14:21:29] [0002.313] E> eeprom: Failed to read I2C slave device
[2022-03-13 14:21:29] [0002.317] I> Disabling gpio chip_id = 2, gpio pin = 9
[2022-03-13 14:21:30] [0002.323] I> Eeprom read failed 0x00000000
[2022-03-13 14:21:30] [0002.327] I> create_pm_ids: id: 3310-1000-D00-L, len: 15
[2022-03-13 14:21:30] [0002.332] I> config: mem-type:00,power-config:00,misc-config:00,modem-config:00,touch-config:00,display-config:00,, len: 93
[2022-03-13 14:21:30] [0002.343] I> create_pm_ids: id: 2597-0000-900-E, len: 15
[2022-03-13 14:21:30] [0002.348] I> config: mem-type:00,power-config:00,misc-config:00,modem-config:00,touch-config:00,display-config:00,, len: 93
[2022-03-13 14:21:30] [0002.359] I> create_pm_ids: id: 3326-1000-000-M, len: 15
[2022-03-13 14:21:30] [0002.364] I> config: mem-type:ff,power-config:ff,misc-config:ff,modem-config:ff,touch-config:ff,display-config:ff,, len: 93
[2022-03-13 14:21:30] [0002.399] I> enabling 'vdd-hdmi' regulator
[2022-03-13 14:21:30] [0002.415] I> regulator 'vdd-hdmi' already enabled
[2022-03-13 14:21:30] [0002.419] E> tegrabl_display_init_regulator: hdmi cable is not connected
[2022-03-13 14:21:30] [0002.426] E> tegrabl_display_get_pdata, failed to parse dtb settings
[2022-03-13 14:21:30] [0002.435] E> cannot find any other nvdisp nodes
[2022-03-13 14:21:30] [0002.439] E> no valid display unit config found in dtb
[2022-03-13 14:21:30] [0002.445] W> display init failed
[2022-03-13 14:21:30] [0002.448] initializing target
[2022-03-13 14:21:30] [0002.451] calling apps_init()
[2022-03-13 14:21:30] [0002.454] starting app kernel_boot_app
[2022-03-13 14:21:30] [0002.476] I> found decompressor handler: lz4-legacy
[2022-03-13 14:21:30] [0002.481] I> decompressing BMP blob ...
[2022-03-13 14:21:30] [0002.493] I> Kernel type = Normal
[2022-03-13 14:21:30] [0002.496] I> ########## Fixed storage boot ##########
[2022-03-13 14:21:30] [0002.501] I> Loading kernel-bootctrl from partition
[2022-03-13 14:21:30] [0002.506] I> Loading partition kernel-bootctrl at 0xa8000000 from device(0x1)
[2022-03-13 14:21:30] [0002.520] W> tegrabl_get_kernel_bootctrl: magic number(0x00000000) is invalid
[2022-03-13 14:21:30] [0002.527] W> tegrabl_get_kernel_bootctrl: use default dummy boot control data
[2022-03-13 14:21:30] [0002.534] W> No valid slot number is found in scratch register
[2022-03-13 14:21:30] [0002.540] W> Return default slot: _a
[2022-03-13 14:21:30] [0002.543] I> A/B: bin_type (24) slot 0
[2022-03-13 14:21:30] [0002.559] I> Boot image size read from image header: 9913d
[2022-03-13 14:21:30] [0002.564] I> Boot image load address: 0x80400000
[2022-03-13 14:21:30] [0002.568] I> Loading kernel from partition
[2022-03-13 14:21:30] [0002.572] I> Loading partition kernel at 0x80400000 from device(0x1)
[2022-03-13 14:21:31] [0003.516] I> Validate kernel ...
[2022-03-13 14:21:31] [0003.519] I> T18x: Authenticate kernel (bin_type 24), max size 0x4000000
[2022-03-13 14:21:31] [0003.527] I> Decrypt the buffer ... [0003.530] W> tegrabl_decrypt_block: fuse (0x0) is not burnt to do encryption (0x4); skip decryption.
[2022-03-13 14:21:31] [0003.539] I> done
[2022-03-13 14:21:31] [0003.540] I> Checking boot.img header magic ... [0003.545] I> [OK]
[2022-03-13 14:21:31] [0003.546] I> kernel-dtb is already loaded
[2022-03-13 14:21:31] [0003.550] I> Validate kernel-dtb ...
[2022-03-13 14:21:31] [0003.554] I> T18x: Authenticate kernel-dtb (bin_type 21), max size 0x100000
[2022-03-13 14:21:31] [0003.561] I> Decrypt the buffer ... [0003.564] W> tegrabl_decrypt_block: fuse (0x0) is not burnt to do encryption (0x4); skip decryption.
[2022-03-13 14:21:31] [0003.573] I> done
[2022-03-13 14:21:31] [0003.575] I> Kernel hdr @0x80400000
[2022-03-13 14:21:31] [0003.578] I> Kernel dtb @0x80000000
[2022-03-13 14:21:31] [0003.582] I> decompressor handler not found
[2022-03-13 14:21:31] [0003.586] I> Copying kernel image (627005 bytes) from 0x80400800 to 0x80600000 ... [0003.593] I> Done
[2022-03-13 14:21:31] [0003.595] I> Move ramdisk (len: 0) from 0x8049a000 to 0x947d0000
[2022-03-13 14:21:31] [0003.603] I> Updated bpmp info to DTB
[2022-03-13 14:21:31] [0003.609] I> Ramdisk: Base: 0x947d0000; Size: 0x0
[2022-03-13 14:21:31] [0003.613] I> Updated initrd info to DTB
[2022-03-13 14:21:31] [0003.617] W> WARN: Fail to override "console=none" in commandline
[2022-03-13 14:21:31] [0003.623] I> Active rootfs suffix: 
[2022-03-13 14:21:31] [0003.626] E> tegrabl_linuxboot_add_disp_param, du 0 failed to get display params
[2022-03-13 14:21:31] [0003.633] E> tegrabl_linuxboot_add_disp_param, du 0 failed to get display params
[2022-03-13 14:21:31] [0003.641] E> tegrabl_linuxboot_add_disp_param, du 0 failed to get display params
[2022-03-13 14:21:31] [0003.648] I> disabled_core_mask: 0xffffff0c
[2022-03-13 14:21:31] [0003.652] W> No valid slot number is found in scratch register
[2022-03-13 14:21:31] [0003.657] W> Return default slot: _a
[2022-03-13 14:21:31] [0003.661] I> Active slot suffix: 
[2022-03-13 14:21:31] [0003.664] I> add_boot_slot_suffix: slot_suffix = 
[2022-03-13 14:21:31] [0003.668] I> Linux Cmdline: console=ttyS0,115200 androidboot.presilicon=true firmware_class.path=/etc/firmware root=/dev/mmcblk0p1 rw rootwait rootfstype=ext4 console=ttyS0,115200n8 console=tty0 fbcon=map:0 net.ifnames=0 isolcpus=1-2  video=tegrafb earlycon=uart8250,mmio32,0x3100000 nvdumper_reserved=0x2772e0000 gpt rootfs.slot_suffix= usbcore.old_scheme_first=1 tegraid=18.1.2.0.0 maxcpus=6 no_console_suspend boot.slot_suffix= boot.ratchetvalues=0.2031647.1 vpr_resize bl_prof_dataptr=0x10000@0x275840000 sdhci_tegra.en_boot_part_access=1 
[2022-03-13 14:21:31] [0003.716] I> Updated bootarg info to DTB
[2022-03-13 14:21:31] [0003.720] I> eeprom_get_mac_addr: MAC (type: 0): 48:b0:2d:0f:11:c5
[2022-03-13 14:21:31] [0003.726] I> eeprom_get_mac_addr: MAC (type: 1): 48:b0:2d:0f:11:c6
[2022-03-13 14:21:31] [0003.732] I> eeprom_get_mac_addr: MAC (type: 2): 48:b0:2d:0f:11:c7
[2022-03-13 14:21:31] [0003.738] E> Found no plugin manager ids in source DT
[2022-03-13 14:21:31] [0003.743] W> Add plugin manager ids from board info
[2022-03-13 14:21:31] [0003.748] W> "plugin-manager" doesn't exist, creating
[2022-03-13 14:21:31] [0003.753] W> "ids" doesn't exist, creating
[2022-03-13 14:21:31] [0003.757] W> "connection" doesn't exist, creating
[2022-03-13 14:21:31] [0003.762] W> "configs" doesn't exist, creating
[2022-03-13 14:21:31] [0003.766] I> create_pm_ids: id: 3310-1000-D00-L, len: 15
[2022-03-13 14:21:31] [0003.771] I> config: mem-type:00,power-config:00,misc-config:00,modem-config:00,touch-config:00,display-config:00,, len: 93
[2022-03-13 14:21:31] [0003.782] I> create_pm_ids: id: 2597-0000-900-E, len: 15
[2022-03-13 14:21:31] [0003.787] I> config: mem-type:00,power-config:00,misc-config:00,modem-config:00,touch-config:00,display-config:00,, len: 93
[2022-03-13 14:21:31] [0003.798] I> create_pm_ids: id: 3326-1000-000-M, len: 15
[2022-03-13 14:21:31] [0003.803] I> config: mem-type:ff,power-config:ff,misc-config:ff,modem-config:ff,touch-config:ff,display-config:ff,, len: 93
[2022-03-13 14:21:31] [0003.814] I> Adding plugin-manager/ids/3310-1000-D00=/i2c@c250000:module@0x50
[2022-03-13 14:21:31] [0003.821] W> "i2c@c250000" doesn't exist, creating
[2022-03-13 14:21:31] [0003.826] W> "module@0x50" doesn't exist, creating
[2022-03-13 14:21:31] [0003.831] I> Adding plugin-manager/ids/2597-0000-900=/i2c@c250000:module@0x57
[2022-03-13 14:21:31] [0003.838] W> "module@0x57" doesn't exist, creating
[2022-03-13 14:21:31] [0003.843] I> Adding plugin-manager/ids/3326-1000-000=/i2c@3180000:module@0x54
[2022-03-13 14:21:31] [0003.850] W> "i2c@3180000" doesn't exist, creating
[2022-03-13 14:21:31] [0003.855] W> "module@0x54" doesn't exist, creating
[2022-03-13 14:21:31] [0003.862] I> Adding plugin-manager/ids/3310-1000-D00-L
[2022-03-13 14:21:31] [0003.869] I> Adding plugin-manager/configs/3310-mem-type 00
[2022-03-13 14:21:31] [0003.875] I> Adding plugin-manager/configs/3310-power-config 00
[2022-03-13 14:21:31] [0003.881] I> Adding plugin-manager/configs/3310-misc-config 00
[2022-03-13 14:21:31] [0003.886] I> Adding plugin-manager/configs/3310-modem-config 00
[2022-03-13 14:21:31] [0003.892] I> Adding plugin-manager/configs/3310-touch-config 00
[2022-03-13 14:21:31] [0003.898] I> Adding plugin-manager/configs/3310-display-config 00
[2022-03-13 14:21:31] [0003.905] I> Adding plugin-manager/cvm
[2022-03-13 14:21:31] [0003.908] W> "chip-id" doesn't exist, creating
[2022-03-13 14:21:31] [0003.913] I> Adding plugin-manager/chip-id/A02P
[2022-03-13 14:21:31] [0003.917] W> "odm-data" doesn't exist, creating
[2022-03-13 14:21:31] [0003.922] I> Adding /chosen/plugin-manager/odm-data
[2022-03-13 14:21:31] [0003.932] I> added [base:0x80000000, size:0x70000000] to /memory
[2022-03-13 14:21:31] [0003.938] I> added [base:0xf0200000, size:0x185600000] to /memory
[2022-03-13 14:21:31] [0003.943] I> added [base:0x275e00000, size:0x200000] to /memory
[2022-03-13 14:21:31] [0003.949] I> added [base:0x276600000, size:0x200000] to /memory
[2022-03-13 14:21:31] [0003.955] I> added [base:0x277000000, size:0x200000] to /memory
[2022-03-13 14:21:31] [0003.961] I> Updated memory info to DTB
[2022-03-13 14:21:31] [0003.965] E> add_disp_param: failed to get display params for du=0
[2022-03-13 14:21:31] [0003.973] W> "reset" doesn't exist, creating
[2022-03-13 14:21:31] [0003.977] W> "pmc-reset-reason" doesn't exist, creating
[2022-03-13 14:21:31] [0003.983] W> "pmic-reset-reason" doesn't exist, creating
[2022-03-13 14:21:31] [0003.989] I> Adding ecid(00000001646db7851000000013038200) to DT
[2022-03-13 14:21:31] [0003.995] I> disabled_core_mask: 0xffffff0c
[2022-03-13 14:21:31] [0004.008] I> Add serial number:1422420022173 as DT property
[2022-03-13 14:21:31] [0004.017] I> Plugin-manager override starting
[2022-03-13 14:21:31] [0004.022] I> node /plugin-manager/fragement@0 matches
[2022-03-13 14:21:31] [0004.033] I> node /plugin-manager/fragement@4 matches
[2022-03-13 14:21:31] [0004.046] I> node /plugin-manager/fragment-sdwake-p3310-1000-300 matches
[2022-03-13 14:21:31] [0004.066] I> node /plugin-manager/fragement-pmon-p3310-1000-300 matches
[2022-03-13 14:21:31] [0004.075] I> node /plugin-manager/fragement-pmon-p3310-1000-800 matches
[2022-03-13 14:21:31] [0004.084] I> node /plugin-manager/fragment-devslp@0 matches
[2022-03-13 14:21:31] [0004.097] I> node /plugin-manager/fragment-500-pcie-config matches
[2022-03-13 14:21:31] [0004.111] I> node /plugin-manager/fragment-500-xusb-config matches
[2022-03-13 14:21:31] [0004.134] I> node /plugin-manager/fragment-p3310-c00-comm matches
[2022-03-13 14:21:31] [0004.148] I> node /plugin-manager/fragment-p3310-c00-pmic matches
[2022-03-13 14:21:31] [0004.159] I> node /plugin-manager/fragment-p3310-c01 matches
[2022-03-13 14:21:31] [0004.172] I> node /plugin-manager/fragment-p3310-c03 matches
[2022-03-13 14:21:31] [0004.214] I> node /plugin-manager/fragment-e3326@0 matches
[2022-03-13 14:21:31] [0004.296] I> node /plugin-manager/fragment-p3310-c00-camera matches
[2022-03-13 14:21:32] [0004.323] I> Disable plugin-manager status in FDT
[2022-03-13 14:21:32] [0004.328] I> Plugin-manager override finished successfully
[2022-03-13 14:21:32] [0004.333] I> tegrabl_load_kernel_and_dtb: Done
[2022-03-13 14:21:32] [0004.337] E> tegrabl_display_clear: display is not initialized
[2022-03-13 14:21:32] [0004.343] W> Boot logo display failed...
[2022-03-13 14:21:32] [0004.347] I> Kernel EP: 0x80600000, DTB: 0x80000000
[2022-03-13 14:21:32] 
[2022-03-13 14:21:32] 
[2022-03-13 14:21:32] U-Boot 2020.04-g46e4604c78 (Jul 26 2021 - 12:10:58 -0700)
[2022-03-13 14:21:32] 
[2022-03-13 14:21:32] SoC: tegra186
[2022-03-13 14:21:32] Model: NVIDIA P2771-0000-500
[2022-03-13 14:21:32] Board: NVIDIA P2771-0000
[2022-03-13 14:21:32] DRAM:  7.8 GiB
[2022-03-13 14:21:32] MMC:   sdhci@3400000: 1, sdhci@3460000: 0
[2022-03-13 14:21:32] Loading Environment from MMC... *** Warning - bad CRC, using default environment
[2022-03-13 14:21:32] 
[2022-03-13 14:21:32] In:    serial
[2022-03-13 14:21:32] Out:   serial
[2022-03-13 14:21:32] Err:   serial
[2022-03-13 14:21:32] Net:   
[2022-03-13 14:21:32] Warning: ethernet@2490000 using MAC address from ROM
[2022-03-13 14:21:32] eth0: ethernet@2490000
[2022-03-13 14:21:32] Hit any key to stop autoboot:  2  1  0 
[2022-03-13 14:21:34] MMC: no card present
[2022-03-13 14:21:34] switch to partitions #0, OK
[2022-03-13 14:21:34] mmc0(part 0) is current device
[2022-03-13 14:21:34] Scanning mmc 0:1...
[2022-03-13 14:21:34] Found /boot/extlinux/extlinux.conf
[2022-03-13 14:21:34] Retrieving file: /boot/extlinux/extlinux.conf
[2022-03-13 14:21:34] 858 bytes read in 22 ms (38.1 KiB/s)
[2022-03-13 14:21:34] 1:	primary kernel
[2022-03-13 14:21:34] Retrieving file: /boot/initrd
[2022-03-13 14:21:35] 7238344 bytes read in 201 ms (34.3 MiB/s)
[2022-03-13 14:21:35] Retrieving file: /boot/Image
[2022-03-13 14:21:35] 34484232 bytes read in 830 ms (39.6 MiB/s)
[2022-03-13 14:21:35] append: console=ttyS0,115200 androidboot.presilicon=true firmware_class.path=/etc/firmware root=/dev/mmcblk0p1 rw rootwait rootfstype=ext4 console=ttyS0,115200n8 console=tty0 fbcon=map:0 net.ifnames=0 isolcpus=1-2  video=tegrafb earlycon=uart8250,mmio32,0x3100000 nvdumper_reserved=0x2772e0000 gpt rootfs.slot_suffix= usbcore.old_scheme_first=1 tegraid=18.1.2.0.0 maxcpus=6 no_console_suspend boot.slot_suffix= boot.ratchetvalues=0.2031647.1 vpr_resize bl_prof_dataptr=0x10000@0x275840000 sdhci_tegra.en_boot_part_access=1 quiet root=/dev/mmcblk0p1 rw rootwait rootfstype=ext4 console=ttyS0,115200n8 console=tty0 fbcon=map:0 net.ifnames=0 isolcpus=1-2 
[2022-03-13 14:21:35] ## Flattened Device Tree blob at 80000000
[2022-03-13 14:21:35]    Booting using the fdt blob at 0x80000000
[2022-03-13 14:21:35] ERROR: reserving fdt memory region failed (addr=0 size=0)
[2022-03-13 14:21:35] ERROR: reserving fdt memory region failed (addr=0 size=0)
[2022-03-13 14:21:35] ERROR: reserving fdt memory region failed (addr=0 size=0)
[2022-03-13 14:21:35]    Using Device Tree in place at 0000000080000000, end 0000000080060aa3
[2022-03-13 14:21:35] copying carveout for /host1x@13e00000/display-hub@15200000/display@15200000...
[2022-03-13 14:21:36] copying carveout for /host1x@13e00000/display-hub@15200000/display@15210000...
[2022-03-13 14:21:36] copying carveout for /host1x@13e00000/display-hub@15200000/display@15220000...
[2022-03-13 14:21:36] 
[2022-03-13 14:21:36] Starting kernel ...
[2022-03-13 14:21:36] 
[2022-03-13 14:21:36] [    0.000000] Booting Linux on physical CPU 0x100
[2022-03-13 14:21:36] [    0.000000] Linux version 4.9.253-tegra (buildbrain@mobile-u64-5497-d3000) (gcc version 7.3.1 20180425 [linaro-7.3-2018.05 revision d29120a424ecfbc167ef90065c0eeb7f91977701] (Linaro GCC 7.3-2018.05) ) #1 SMP PREEMPT Mon Jul 26 12:19:28 PDT 2021
[2022-03-13 14:21:36] [    0.000000] Boot CPU: AArch64 Processor [411fd073]
[2022-03-13 14:21:36] [    0.000000] OF: fdt:memory scan node memory@80000000, reg size 80,
[2022-03-13 14:21:36] [    0.000000] OF: fdt: - 80000000 ,  70000000
[2022-03-13 14:21:36] [    0.000000] OF: fdt: - f0200000 ,  185600000
[2022-03-13 14:21:36] [    0.000000] OF: fdt: - 275e00000 ,  200000
[2022-03-13 14:21:36] [    0.000000] OF: fdt: - 276600000 ,  200000
[2022-03-13 14:21:36] [    0.000000] OF: fdt: - 277000000 ,  200000
[2022-03-13 14:21:36] [    0.000000] earlycon: uart8250 at MMIO32 0x0000000003100000 (options '')
[2022-03-13 14:21:36] [    0.000000] bootconsole [uart8250] enabled
[2022-03-13 14:21:38] [    1.772356] cgroup: cgroup2: unknown option "nsdelegate"
[2022-03-13 14:21:39] [    3.061765] using random self ethernet address
[2022-03-13 14:21:39] [    3.068006] using random host ethernet address
[2022-03-13 14:21:39] [    3.166775] random: crng init done
