[0000.261] I> Welcome to MB2(TBoot-BPMP)(version: 01.00.160913-t186-M-00.00-mobile-c368a720)
[2022-03-13 11:13:00] [0000.270] I> Boot-device: eMMC
[2022-03-13 11:13:00] [0000.277] I> sdmmc bdev is already initialized
[2022-03-13 11:13:00] [0000.282] I> pmic: reset reason (nverc)	: 0x80
[2022-03-13 11:13:00] [0000.315] I> Found 19 partitions in SDMMC_BOOT (instance 3)
[2022-03-13 11:13:00] [0000.335] I> Found 33 partitions in SDMMC_USER (instance 3)
[2022-03-13 11:13:00] [0000.341] W> No valid slot number is found in scratch register
[2022-03-13 11:13:00] [0000.347] W> Return default slot: _a
[2022-03-13 11:13:00] [0000.350] I> A/B: bin_type (16) slot 0
[2022-03-13 11:13:00] [0000.354] I> Loading partition bpmp-fw at 0xd7800000
[2022-03-13 11:13:00] [0000.358] I> Reading two headers - addr:0xd7800000 blocks:1
[2022-03-13 11:13:00] [0000.364] I> Addr: 0xd7800000, start-block: 58777608, num_blocks: 1
[2022-03-13 11:13:00] [0000.389] I> Binary(16) of size 534416 is loaded @ 0xd7800000
[2022-03-13 11:13:00] [0000.395] W> No valid slot number is found in scratch register
[2022-03-13 11:13:00] [0000.400] W> Return default slot: _a
[2022-03-13 11:13:00] [0000.404] I> A/B: bin_type (17) slot 0
[2022-03-13 11:13:00] [0000.407] I> Loading partition bpmp-fw-dtb at 0xd79f0000
[2022-03-13 11:13:00] [0000.412] I> Reading two headers - addr:0xd79f0000 blocks:1
[2022-03-13 11:13:00] [0000.418] I> Addr: 0xd79f0000, start-block: 58780024, num_blocks: 1
[2022-03-13 11:13:00] [0000.444] I> Binary(17) of size 604720 is loaded @ 0xd796c400
[2022-03-13 11:13:00] [0000.674] I> Loading SCE-FW ...
[2022-03-13 11:13:00] [0000.677] W> No valid slot number is found in scratch register
[2022-03-13 11:13:00] [0000.682] W> Return default slot: _a
[2022-03-13 11:13:00] [0000.686] I> A/B: bin_type (12) slot 0
[2022-03-13 11:13:00] [0000.689] I> Loading partition sce-fw at 0xd7300000
[2022-03-13 11:13:00] [0000.694] I> Reading two headers - addr:0xd7300000 blocks:1
[2022-03-13 11:13:00] [0000.699] I> Addr: 0xd7300000, start-block: 58784120, num_blocks: 1
[2022-03-13 11:13:00] [0000.719] I> Binary(12) of size 125632 is loaded @ 0xd7300000
[2022-03-13 11:13:00] [0000.724] I> Init SCE
[2022-03-13 11:13:00] [0000.727] I> Loading APE-FW ...
[2022-03-13 11:13:00] [0000.730] W> No valid slot number is found in scratch register
[2022-03-13 11:13:00] [0000.735] W> Return default slot: _a
[2022-03-13 11:13:00] [0000.739] I> A/B: bin_type (11) slot 0
[2022-03-13 11:13:00] [0000.742] I> Loading partition adsp-fw at 0xd7400000
[2022-03-13 11:13:00] [0000.747] I> Reading two headers - addr:0xd7400000 blocks:1
[2022-03-13 11:13:00] [0000.753] I> Addr: 0xd7400000, start-block: 58761224, num_blocks: 1
[2022-03-13 11:13:01] [0000.772] I> Binary(11) of size 77216 is loaded @ 0xd7400000
[2022-03-13 11:13:01] [0000.777] I> Copy BTCM section
[2022-03-13 11:13:01] [0000.780] W> No valid slot number is found in scratch register
[2022-03-13 11:13:01] [0000.786] W> Return default slot: _a
[2022-03-13 11:13:01] [0000.789] I> A/B: bin_type (13) slot 0
[2022-03-13 11:13:01] [0000.793] I> Loading partition cpu-bootloader at 0x96000000
[2022-03-13 11:13:01] [0000.799] I> Reading two headers - addr:0x96000000 blocks:1
[2022-03-13 11:13:01] [0000.804] I> Addr: 0x96000000, start-block: 58740744, num_blocks: 1
[2022-03-13 11:13:01] [0000.825] I> Binary(13) of size 308800 is loaded @ 0x96000000
[2022-03-13 11:13:01] [0000.831] W> No valid slot number is found in scratch register
[2022-03-13 11:13:01] [0000.837] W> Return default slot: _a
[2022-03-13 11:13:01] [0000.840] I> A/B: bin_type (20) slot 0
[2022-03-13 11:13:01] [0000.844] I> Loading partition bootloader-dtb at 0x85205400
[2022-03-13 11:13:01] [0000.849] I> Reading two headers - addr:0x85205400 blocks:1
[2022-03-13 11:13:01] [0000.855] I> Addr: 0x85205400, start-block: 58742792, num_blocks: 1
[2022-03-13 11:13:01] [0000.877] I> Binary(20) of size 375568 is loaded @ 0x85205400
[2022-03-13 11:13:01] [0000.882] W> No valid slot number is found in scratch register
[2022-03-13 11:13:01] [0000.888] W> Return default slot: _a
[2022-03-13 11:13:01] [0000.891] I> A/B: bin_type (14) slot 0
[2022-03-13 11:13:01] [0000.895] I> Loading partition secure-os at 0x85305600
[2022-03-13 11:13:01] [0000.900] I> Reading two headers - addr:0x85305600 blocks:1
[2022-03-13 11:13:01] [0000.906] I> Addr: 0x85305600, start-block: 58744840, num_blocks: 1
[2022-03-13 11:13:01] [0000.928] I> Binary(14) of size 402864 is loaded @ 0x85305600
[2022-03-13 11:13:01] [0000.935] I> TOS boot-params @ 0x85000000
[2022-03-13 11:13:01] [0000.939] I> TOS params prepared
[2022-03-13 11:13:01] [0000.942] I> Loading EKS ...
[2022-03-13 11:13:01] [0000.945] I> A/B: bin_type (15) slot 0
[2022-03-13 11:13:01] [0000.949] I> Loading partition eks at 0x85905800
[2022-03-13 11:13:01] [0000.953] I> Reading two headers - addr:0x85905800 blocks:1
[2022-03-13 11:13:01] [0000.959] I> Addr: 0x85905800, start-block: 58757128, num_blocks: 1
[2022-03-13 11:13:01] [0000.977] I> Binary(15) of size 1040 is loaded @ 0x85905800
[2022-03-13 11:13:01] [0000.983] I> EKB detected (length: 0x400) @ 0x85905800
[2022-03-13 11:13:01] [0000.988] I> Copied encrypted keys
[2022-03-13 11:13:01] [0000.992] I> boot profiler @ 0x275844000
[2022-03-13 11:13:01] [0000.995] I> boot profiler for TOS @ 0x275844000
[2022-03-13 11:13:01] [0001.000] I> Unhalting SCE
[2022-03-13 11:13:01] [0001.003] I> Primary Memory Start:80000000 Size:70000000
[2022-03-13 11:13:01] [0001.008] I> Extended Memory Start:f0110000 Size:1856f0000
[2022-03-13 11:13:01] [0001.015] I> MB2(TBoot-BPMP) done
[2022-03-13 11:13:01] 
[2022-03-13 11:13:01] NOTICE:  BL31: v1.3(release):b5eeb33f7
[2022-03-13 11:13:01] NOTICE:  BL31: Built : 12:15:17, Jul 26 2021
[2022-03-13 11:13:01] ipc-unittest-main: 1519: Welcome to IPC unittest!!!
[2022-03-13 11:13:01] ipc-unittest-main: 1531: waiting forever
[2022-03-13 11:13:01] ipc-unittest-srv: 329: Init unittest services!!!
[2022-03-13 11:13:01] hwkey-agent: 41: hwkey-agent is running!!
[2022-03-13 11:13:01] hwkey-agent: 315: key_mgnt_processing .......
[2022-03-13 11:13:01] hwkey-agent: 223: Setting EKB key 0 to slot 14
[2022-03-13 11:13:01] hwkey-agent: 178: Init hweky-agent services!!
[2022-03-13 11:13:01] luks-srv: 40: luks-srv is running!!
[2022-03-13 11:13:01] luks-srv: 157: Init luks-srv IPC services!!
[2022-03-13 11:13:01] platform_bootstrap_epilog: trusty bootstrap complete
[2022-03-13 11:13:01] [0001.387] I> Welcome to Cboot
[2022-03-13 11:13:01] [0001.390] I> Cboot Version: t186-00029e71
[2022-03-13 11:13:01] [0001.394] I> CPU-BL Params @ 0x275800000
[2022-03-13 11:13:01] [0001.398] I>  0) Base:0x00000000 Size:0x00000000
[2022-03-13 11:13:01] [0001.402] I>  1) Base:0x277f00000 Size:0x00100000
[2022-03-13 11:13:01] [0001.407] I>  2) Base:0x277e00000 Size:0x00100000
[2022-03-13 11:13:01] [0001.411] I>  3) Base:0x277d00000 Size:0x00100000
[2022-03-13 11:13:01] [0001.416] I>  4) Base:0x277c00000 Size:0x00100000
[2022-03-13 11:13:01] [0001.420] I>  5) Base:0x277b00000 Size:0x00100000
[2022-03-13 11:13:01] [0001.425] I>  6) Base:0x277800000 Size:0x00200000
[2022-03-13 11:13:01] [0001.429] I>  7) Base:0x277400000 Size:0x00400000
[2022-03-13 11:13:01] [0001.434] I>  8) Base:0x277a00000 Size:0x00100000
[2022-03-13 11:13:01] [0001.438] I>  9) Base:0x277300000 Size:0x00100000
[2022-03-13 11:13:01] [0001.443] I> 10) Base:0x276800000 Size:0x00800000
[2022-03-13 11:13:01] [0001.447] I> 11) Base:0x30000000 Size:0x00040000
[2022-03-13 11:13:01] [0001.452] I> 12) Base:0xf0000000 Size:0x00100000
[2022-03-13 11:13:01] [0001.456] I> 13) Base:0x30040000 Size:0x00001000
[2022-03-13 11:13:01] [0001.461] I> 14) Base:0x30048000 Size:0x00001000
[2022-03-13 11:13:01] [0001.465] I> 15) Base:0x30049000 Size:0x00001000
[2022-03-13 11:13:01] [0001.469] I> 16) Base:0x3004a000 Size:0x00001000
[2022-03-13 11:13:01] [0001.474] I> 17) Base:0x3004b000 Size:0x00001000
[2022-03-13 11:13:01] [0001.478] I> 18) Base:0x3004c000 Size:0x00001000
[2022-03-13 11:13:01] [0001.483] I> 19) Base:0x3004d000 Size:0x00001000
[2022-03-13 11:13:01] [0001.487] I> 20) Base:0x3004e000 Size:0x00001000
[2022-03-13 11:13:01] [0001.492] I> 21) Base:0x3004f000 Size:0x00001000
[2022-03-13 11:13:01] [0001.496] I> 22) Base:0x00000000 Size:0x00000000
[2022-03-13 11:13:01] [0001.500] I> 23) Base:0xf0100000 Size:0x00010000
[2022-03-13 11:13:01] [0001.505] I> 24) Base:0x00000000 Size:0x00000000
[2022-03-13 11:13:01] [0001.509] I> 25) Base:0x00000000 Size:0x00000000
[2022-03-13 11:13:01] [0001.514] I> 26) Base:0x00000000 Size:0x00000000
[2022-03-13 11:13:01] [0001.518] I> 27) Base:0x00000000 Size:0x00000000
[2022-03-13 11:13:01] [0001.523] I> 28) Base:0x84400000 Size:0x00400000
[2022-03-13 11:13:01] [0001.527] I> 29) Base:0x30000000 Size:0x00010000
[2022-03-13 11:13:01] [0001.532] I> 30) Base:0x278000000 Size:0x08000000
[2022-03-13 11:13:01] [0001.536] I> 31) Base:0x00000000 Size:0x00000000
[2022-03-13 11:13:01] [0001.540] I> 32) Base:0x276000000 Size:0x00600000
[2022-03-13 11:13:01] [0001.545] I> 33) Base:0x80000000 Size:0x70000000
[2022-03-13 11:13:01] [0001.549] I> 34) Base:0xf0110000 Size:0x1856f0000
[2022-03-13 11:13:01] [0001.554] I> 35) Base:0x00000000 Size:0x00000000
[2022-03-13 11:13:01] [0001.558] I> 36) Base:0x00000000 Size:0x00000000
[2022-03-13 11:13:01] [0001.563] I> 37) Base:0x2772e0000 Size:0x00020000
[2022-03-13 11:13:01] [0001.567] I> 38) Base:0x84000000 Size:0x00400000
[2022-03-13 11:13:01] [0001.572] I> 39) Base:0x96000000 Size:0x02000000
[2022-03-13 11:13:01] [0001.576] I> 40) Base:0x85000000 Size:0x01200000
[2022-03-13 11:13:01] [0001.581] I> 41) Base:0x275800000 Size:0x00500000
[2022-03-13 11:13:01] [0001.585] I> 42) Base:0x00000000 Size:0x00000000
[2022-03-13 11:13:01] [0001.590] I> 43) Base:0x00000000 Size:0x00000000
[2022-03-13 11:13:01] [0001.594] GIC-SPI Target CPU: 4
[2022-03-13 11:13:01] [0001.597] Interrupts Init done
[2022-03-13 11:13:01] [0001.601] calling constructors
[2022-03-13 11:13:01] [0001.604] initializing heap
[2022-03-13 11:13:01] [0001.606] initializing threads
[2022-03-13 11:13:01] [0001.610] initializing timers
[2022-03-13 11:13:01] [0001.613] creating bootstrap completion thread
[2022-03-13 11:13:01] [0001.617] top of bootstrap2()
[2022-03-13 11:13:01] [0001.620] CPU: ARM Cortex A57
[2022-03-13 11:13:01] [0001.624] CPU: MIDR: 0x411FD073, MPIDR: 0x80000100
[2022-03-13 11:13:01] [0001.629] initializing platform
[2022-03-13 11:13:01] [0001.632] I> Bl_dtb @0x85205400
[2022-03-13 11:13:01] [0001.635] I> gpio framework initialized
[2022-03-13 11:13:01] [0001.641] I> tegrabl_gpio_driver_register: register 'nvidia,tegra186-gpio' driver
[2022-03-13 11:13:01] [0001.652] I> tegrabl_gpio_driver_register: register 'nvidia,tegra186-gpio-aon' driver
[2022-03-13 11:13:01] [0001.659] I> GPIO framework and drivers are initialized.
[2022-03-13 11:13:01] [0001.664] I> Boot-device: eMMC
[2022-03-13 11:13:01] [0001.672] I> sdmmc bdev is already initialized
[2022-03-13 11:13:01] [0001.702] I> Found 19 partitions in SDMMC_BOOT (instance 3)
[2022-03-13 11:13:01] [0001.720] I> Found 33 partitions in SDMMC_USER (instance 3)
[2022-03-13 11:13:01] [0001.725] W> opt-in fuse is not set, skip fuse_burning
[2022-03-13 11:13:01] [0001.730] I> Reserved memory at 0xfbe00000 for U-Boot relocation
[2022-03-13 11:13:01] [0001.736] W> No valid slot number is found in scratch register
[2022-03-13 11:13:01] [0001.742] W> Return default slot: _a
[2022-03-13 11:13:01] [0001.751] I> A/B: bin_type (21) slot 0
[2022-03-13 11:13:01] [0001.755] I> Loading kernel-dtb from partition
[2022-03-13 11:13:01] [0001.759] I> Loading partition kernel-dtb at 0x80000000 from device(0x1)
[2022-03-13 11:13:02] [0001.777] I> Kernel_dtb @0x80000000
[2022-03-13 11:13:02] [0001.780] I> tegrabl_tca9539_init: i2c bus: 0, slave addr: 0xee
[2022-03-13 11:13:02] [0001.790] I> tegrabl_gpio_driver_register: register 'tca9539_gpio_driver' driver
[2022-03-13 11:13:02] [0001.798] I> tegrabl_tca9539_init: i2c bus: 0, slave addr: 0xe8
[2022-03-13 11:13:02] [0001.807] I> tegrabl_gpio_driver_register: register 'tca9539_gpio_driver' driver
[2022-03-13 11:13:02] [0001.817] I> fixed regulator driver initialized
[2022-03-13 11:13:02] [0001.850] I> register 'maxim' power off handle
[2022-03-13 11:13:02] [0001.856] I> virtual i2c enabled
[2022-03-13 11:13:02] [0001.859] I> registered 'maxim,max77620' pmic
[2022-03-13 11:13:02] [0001.864] I> tegrabl_gpio_driver_register: register 'max77620-gpio' driver
[2022-03-13 11:13:02] [0001.878] E> failed to read label property for node 324936: 13
[2022-03-13 11:13:02] [0001.886] E> failed to read reg property for node 325032: 13
[2022-03-13 11:13:02] [0001.895] E> failed to read reg property for node 325084: 13
[2022-03-13 11:13:02] [0001.903] E> failed to read label property for node 325168: 13
[2022-03-13 11:13:02] [0001.911] E> failed to read label property for node 325236: 13
[2022-03-13 11:13:02] [0001.920] E> failed to read reg property for node 325304: 13
[2022-03-13 11:13:02] [0001.928] E> failed to read reg property for node 325376: 13
[2022-03-13 11:13:02] [0001.938] I> Find /i2c@c250000's alias i2c7
[2022-03-13 11:13:02] [0001.942] I> Reading eeprom i2c=7 address=0x50
[2022-03-13 11:13:02] [0001.971] I> Device at /i2c@c250000:0x50
[2022-03-13 11:13:02] [0001.975] I> Reading eeprom i2c=7 address=0x57
[2022-03-13 11:13:02] [0002.004] I> Device at /i2c@c250000:0x57
[2022-03-13 11:13:02] [0002.008] I> Find /i2c@c240000's alias i2c1
[2022-03-13 11:13:02] [0002.012] I> Reading eeprom i2c=1 address=0x51
[2022-03-13 11:13:02] [0002.017] E> I2C: slave not found in slaves.
[2022-03-13 11:13:02] [0002.021] E> I2C: Could not write 0 bytes to slave: 0x00a2 with repeat start true.
[2022-03-13 11:13:02] [0002.029] E> I2C_DEV: Failed to send register address 0x00000000.
[2022-03-13 11:13:02] [0002.035] E> I2C_DEV: Could not read 256 registers of size 1 from slave 0xa2 at 0x00000000 via instance 1.
[2022-03-13 11:13:02] [0002.045] E> eeprom: Retry to read I2C slave device.
[2022-03-13 11:13:02] [0002.049] E> I2C: slave not found in slaves.
[2022-03-13 11:13:02] [0002.054] E> I2C: Could not write 0 bytes to slave: 0x00a2 with repeat start true.
[2022-03-13 11:13:02] [0002.061] E> I2C_DEV: Failed to send register address 0x00000000.
[2022-03-13 11:13:02] [0002.067] E> I2C_DEV: Could not read 256 registers of size 1 from slave 0xa2 at 0x00000000 via instance 1.
[2022-03-13 11:13:02] [0002.077] E> eeprom: Failed to read I2C slave device
[2022-03-13 11:13:02] [0002.081] I> Eeprom read failed 0x3526070d
[2022-03-13 11:13:02] [0002.086] I> Find /i2c@3160000's alias i2c0
[2022-03-13 11:13:02] [0002.090] I> Reading eeprom i2c=0 address=0x50
[2022-03-13 11:13:02] [0002.094] E> I2C: slave not found in slaves.
[2022-03-13 11:13:02] [0002.098] E> I2C: Could not write 0 bytes to slave: 0x00a0 with repeat start true.
[2022-03-13 11:13:02] [0002.106] E> I2C_DEV: Failed to send register address 0x00000000.
[2022-03-13 11:13:02] [0002.112] E> I2C_DEV: Could not read 256 registers of size 1 from slave 0xa0 at 0x00000000 via instance 0.
[2022-03-13 11:13:02] [0002.122] E> eeprom: Failed to read I2C slave device
[2022-03-13 11:13:02] [0002.126] I> Eeprom read failed 0x3526070d
[2022-03-13 11:13:02] [0002.131] I> Find /i2c@3180000's alias i2c2
[2022-03-13 11:13:02] [0002.135] I> Reading eeprom i2c=2 address=0x54
[2022-03-13 11:13:02] [0002.139] I> Enabling gpio chip_id = 2, gpio pin = 9
[2022-03-13 11:13:02] [0002.170] I> Disabling gpio chip_id = 2, gpio pin = 9
[2022-03-13 11:13:02] [0002.175] I> Device at /i2c@3180000:0x54
[2022-03-13 11:13:02] [0002.179] I> Reading eeprom i2c=2 address=0x57
[2022-03-13 11:13:02] [0002.183] I> Enabling gpio chip_id = 2, gpio pin = 9
[2022-03-13 11:13:02] [0002.189] E> I2C: slave not found in slaves.
[2022-03-13 11:13:02] [0002.193] E> I2C: Could not write 0 bytes to slave: 0x00ae with repeat start true.
[2022-03-13 11:13:02] [0002.201] E> I2C_DEV: Failed to send register address 0x00000000.
[2022-03-13 11:13:02] [0002.206] E> I2C_DEV: Could not read 256 registers of size 1 from slave 0xae at 0x00000000 via instance 2.
[2022-03-13 11:13:02] [0002.216] E> eeprom: Failed to read I2C slave device
[2022-03-13 11:13:02] [0002.221] I> Disabling gpio chip_id = 2, gpio pin = 9
[2022-03-13 11:13:02] [0002.226] I> Eeprom read failed 0x00000000
[2022-03-13 11:13:02] [0002.230] I> create_pm_ids: id: 3310-1000-D00-L, len: 15
[2022-03-13 11:13:02] [0002.235] I> config: mem-type:00,power-config:00,misc-config:00,modem-config:00,touch-config:00,display-config:00,, len: 93
[2022-03-13 11:13:02] [0002.246] I> create_pm_ids: id: 2597-0000-900-E, len: 15
[2022-03-13 11:13:02] [0002.251] I> config: mem-type:00,power-config:00,misc-config:00,modem-config:00,touch-config:00,display-config:00,, len: 93
[2022-03-13 11:13:02] [0002.262] I> create_pm_ids: id: 3326-1000-000-M, len: 15
[2022-03-13 11:13:02] [0002.267] I> config: mem-type:ff,power-config:ff,misc-config:ff,modem-config:ff,touch-config:ff,display-config:ff,, len: 93
[2022-03-13 11:13:02] [0002.302] I> enabling 'vdd-hdmi' regulator
[2022-03-13 11:13:02] [0002.318] I> regulator 'vdd-hdmi' already enabled
[2022-03-13 11:13:02] [0002.322] E> tegrabl_display_init_regulator: hdmi cable is not connected
[2022-03-13 11:13:02] [0002.329] E> tegrabl_display_get_pdata, failed to parse dtb settings
[2022-03-13 11:13:02] [0002.338] E> cannot find any other nvdisp nodes
[2022-03-13 11:13:02] [0002.342] E> no valid display unit config found in dtb
[2022-03-13 11:13:02] [0002.348] W> display init failed
[2022-03-13 11:13:02] [0002.351] initializing target
[2022-03-13 11:13:02] [0002.354] calling apps_init()
[2022-03-13 11:13:02] [0002.357] starting app kernel_boot_app
[2022-03-13 11:13:02] [0002.380] I> found decompressor handler: lz4-legacy
[2022-03-13 11:13:02] [0002.384] I> decompressing BMP blob ...
[2022-03-13 11:13:02] [0002.397] I> Kernel type = Normal
[2022-03-13 11:13:02] [0002.400] I> ########## Fixed storage boot ##########
[2022-03-13 11:13:02] [0002.405] I> Loading kernel-bootctrl from partition
[2022-03-13 11:13:02] [0002.409] I> Loading partition kernel-bootctrl at 0xa8000000 from device(0x1)
[2022-03-13 11:13:02] [0002.424] W> tegrabl_get_kernel_bootctrl: magic number(0x00000000) is invalid
[2022-03-13 11:13:02] [0002.431] W> tegrabl_get_kernel_bootctrl: use default dummy boot control data
[2022-03-13 11:13:02] [0002.438] W> No valid slot number is found in scratch register
[2022-03-13 11:13:02] [0002.443] W> Return default slot: _a
[2022-03-13 11:13:02] [0002.447] I> A/B: bin_type (24) slot 0
[2022-03-13 11:13:02] [0002.462] I> Boot image size read from image header: 9913d
[2022-03-13 11:13:02] [0002.468] I> Boot image load address: 0x80400000
[2022-03-13 11:13:02] [0002.472] I> Loading kernel from partition
[2022-03-13 11:13:02] [0002.476] I> Loading partition kernel at 0x80400000 from device(0x1)
[2022-03-13 11:13:03] [0003.418] I> Validate kernel ...
[2022-03-13 11:13:03] [0003.421] I> T18x: Authenticate kernel (bin_type 24), max size 0x4000000
[2022-03-13 11:13:03] [0003.429] I> Decrypt the buffer ... [0003.432] W> tegrabl_decrypt_block: fuse (0x0) is not burnt to do encryption (0x4); skip decryption.
[2022-03-13 11:13:03] [0003.441] I> done
[2022-03-13 11:13:03] [0003.443] I> Checking boot.img header magic ... [0003.447] I> [OK]
[2022-03-13 11:13:03] [0003.449] I> kernel-dtb is already loaded
[2022-03-13 11:13:03] [0003.453] I> Validate kernel-dtb ...
[2022-03-13 11:13:03] [0003.456] I> T18x: Authenticate kernel-dtb (bin_type 21), max size 0x100000
[2022-03-13 11:13:03] [0003.464] I> Decrypt the buffer ... [0003.467] W> tegrabl_decrypt_block: fuse (0x0) is not burnt to do encryption (0x4); skip decryption.
[2022-03-13 11:13:03] [0003.476] I> done
[2022-03-13 11:13:03] [0003.478] I> Kernel hdr @0x80400000
[2022-03-13 11:13:03] [0003.481] I> Kernel dtb @0x80000000
[2022-03-13 11:13:03] [0003.485] I> decompressor handler not found
[2022-03-13 11:13:03] [0003.489] I> Copying kernel image (627005 bytes) from 0x80400800 to 0x80600000 ... [0003.496] I> Done
[2022-03-13 11:13:03] [0003.498] I> Move ramdisk (len: 0) from 0x8049a000 to 0x947d0000
[2022-03-13 11:13:03] [0003.505] I> Updated bpmp info to DTB
[2022-03-13 11:13:03] [0003.511] I> Ramdisk: Base: 0x947d0000; Size: 0x0
[2022-03-13 11:13:03] [0003.516] I> Updated initrd info to DTB
[2022-03-13 11:13:03] [0003.520] W> WARN: Fail to override "console=none" in commandline
[2022-03-13 11:13:03] [0003.525] I> Active rootfs suffix: 
[2022-03-13 11:13:03] [0003.529] E> tegrabl_linuxboot_add_disp_param, du 0 failed to get display params
[2022-03-13 11:13:03] [0003.536] E> tegrabl_linuxboot_add_disp_param, du 0 failed to get display params
[2022-03-13 11:13:03] [0003.543] E> tegrabl_linuxboot_add_disp_param, du 0 failed to get display params
[2022-03-13 11:13:03] [0003.550] I> disabled_core_mask: 0xffffff0c
[2022-03-13 11:13:03] [0003.554] W> No valid slot number is found in scratch register
[2022-03-13 11:13:03] [0003.560] W> Return default slot: _a
[2022-03-13 11:13:03] [0003.563] I> Active slot suffix: 
[2022-03-13 11:13:03] [0003.567] I> add_boot_slot_suffix: slot_suffix = 
[2022-03-13 11:13:03] [0003.571] I> Linux Cmdline: console=ttyS0,115200 androidboot.presilicon=true firmware_class.path=/etc/firmware root=/dev/mmcblk0p1 rw rootwait rootfstype=ext4 console=ttyS0,115200n8 console=tty0 fbcon=map:0 net.ifnames=0 isolcpus=1-2  video=tegrafb earlycon=uart8250,mmio32,0x3100000 nvdumper_reserved=0x2772e0000 gpt rootfs.slot_suffix= usbcore.old_scheme_first=1 tegraid=18.1.2.0.0 maxcpus=6 no_console_suspend boot.slot_suffix= boot.ratchetvalues=0.2031647.1 vpr_resize bl_prof_dataptr=0x10000@0x275840000 sdhci_tegra.en_boot_part_access=1 
[2022-03-13 11:13:03] [0003.619] I> Updated bootarg info to DTB
[2022-03-13 11:13:03] [0003.622] I> eeprom_get_mac_addr: MAC (type: 0): 48:b0:2d:0f:11:c5
[2022-03-13 11:13:03] [0003.629] I> eeprom_get_mac_addr: MAC (type: 1): 48:b0:2d:0f:11:c6
[2022-03-13 11:13:03] [0003.635] I> eeprom_get_mac_addr: MAC (type: 2): 48:b0:2d:0f:11:c7
[2022-03-13 11:13:03] [0003.641] E> Found no plugin manager ids in source DT
[2022-03-13 11:13:03] [0003.646] W> Add plugin manager ids from board info
[2022-03-13 11:13:03] [0003.651] W> "plugin-manager" doesn't exist, creating
[2022-03-13 11:13:03] [0003.656] W> "ids" doesn't exist, creating
[2022-03-13 11:13:03] [0003.660] W> "connection" doesn't exist, creating
[2022-03-13 11:13:03] [0003.664] W> "configs" doesn't exist, creating
[2022-03-13 11:13:03] [0003.669] I> create_pm_ids: id: 3310-1000-D00-L, len: 15
[2022-03-13 11:13:03] [0003.674] I> config: mem-type:00,power-config:00,misc-config:00,modem-config:00,touch-config:00,display-config:00,, len: 93
[2022-03-13 11:13:03] [0003.685] I> create_pm_ids: id: 2597-0000-900-E, len: 15
[2022-03-13 11:13:03] [0003.690] I> config: mem-type:00,power-config:00,misc-config:00,modem-config:00,touch-config:00,display-config:00,, len: 93
[2022-03-13 11:13:03] [0003.701] I> create_pm_ids: id: 3326-1000-000-M, len: 15
[2022-03-13 11:13:03] [0003.706] I> config: mem-type:ff,power-config:ff,misc-config:ff,modem-config:ff,touch-config:ff,display-config:ff,, len: 93
[2022-03-13 11:13:03] [0003.717] I> Adding plugin-manager/ids/3310-1000-D00=/i2c@c250000:module@0x50
[2022-03-13 11:13:03] [0003.724] W> "i2c@c250000" doesn't exist, creating
[2022-03-13 11:13:03] [0003.729] W> "module@0x50" doesn't exist, creating
[2022-03-13 11:13:03] [0003.734] I> Adding plugin-manager/ids/2597-0000-900=/i2c@c250000:module@0x57
[2022-03-13 11:13:03] [0003.741] W> "module@0x57" doesn't exist, creating
[2022-03-13 11:13:03] [0003.746] I> Adding plugin-manager/ids/3326-1000-000=/i2c@3180000:module@0x54
[2022-03-13 11:13:03] [0003.753] W> "i2c@3180000" doesn't exist, creating
[2022-03-13 11:13:03] [0003.758] W> "module@0x54" doesn't exist, creating
[2022-03-13 11:13:03] [0003.765] I> Adding plugin-manager/ids/3310-1000-D00-L
[2022-03-13 11:13:04] [0003.772] I> Adding plugin-manager/configs/3310-mem-type 00
[2022-03-13 11:13:04] [0003.777] I> Adding plugin-manager/configs/3310-power-config 00
[2022-03-13 11:13:04] [0003.783] I> Adding plugin-manager/configs/3310-misc-config 00
[2022-03-13 11:13:04] [0003.789] I> Adding plugin-manager/configs/3310-modem-config 00
[2022-03-13 11:13:04] [0003.795] I> Adding plugin-manager/configs/3310-touch-config 00
[2022-03-13 11:13:04] [0003.801] I> Adding plugin-manager/configs/3310-display-config 00
[2022-03-13 11:13:04] [0003.807] I> Adding plugin-manager/cvm
[2022-03-13 11:13:04] [0003.811] W> "chip-id" doesn't exist, creating
[2022-03-13 11:13:04] [0003.815] I> Adding plugin-manager/chip-id/A02P
[2022-03-13 11:13:04] [0003.820] W> "odm-data" doesn't exist, creating
[2022-03-13 11:13:04] [0003.825] I> Adding /chosen/plugin-manager/odm-data
[2022-03-13 11:13:04] [0003.834] I> added [base:0x80000000, size:0x70000000] to /memory
[2022-03-13 11:13:04] [0003.840] I> added [base:0xf0200000, size:0x185600000] to /memory
[2022-03-13 11:13:04] [0003.846] I> added [base:0x275e00000, size:0x200000] to /memory
[2022-03-13 11:13:04] [0003.852] I> added [base:0x276600000, size:0x200000] to /memory
[2022-03-13 11:13:04] [0003.858] I> added [base:0x277000000, size:0x200000] to /memory
[2022-03-13 11:13:04] [0003.863] I> Updated memory info to DTB
[2022-03-13 11:13:04] [0003.868] E> add_disp_param: failed to get display params for du=0
[2022-03-13 11:13:04] [0003.876] W> "reset" doesn't exist, creating
[2022-03-13 11:13:04] [0003.880] W> "pmc-reset-reason" doesn't exist, creating
[2022-03-13 11:13:04] [0003.886] W> "pmic-reset-reason" doesn't exist, creating
[2022-03-13 11:13:04] [0003.892] I> Adding ecid(00000001646db7851000000013038200) to DT
[2022-03-13 11:13:04] [0003.898] I> disabled_core_mask: 0xffffff0c
[2022-03-13 11:13:04] [0003.911] I> Add serial number:1422420022173 as DT property
[2022-03-13 11:13:04] [0003.920] I> Plugin-manager override starting
[2022-03-13 11:13:04] [0003.925] I> node /plugin-manager/fragement@0 matches
[2022-03-13 11:13:04] [0003.935] I> node /plugin-manager/fragement@4 matches
[2022-03-13 11:13:04] [0003.948] I> node /plugin-manager/fragment-sdwake-p3310-1000-300 matches
[2022-03-13 11:13:04] [0003.968] I> node /plugin-manager/fragement-pmon-p3310-1000-300 matches
[2022-03-13 11:13:04] [0003.978] I> node /plugin-manager/fragement-pmon-p3310-1000-800 matches
[2022-03-13 11:13:04] [0003.987] I> node /plugin-manager/fragment-devslp@0 matches
[2022-03-13 11:13:04] [0003.999] I> node /plugin-manager/fragment-500-pcie-config matches
[2022-03-13 11:13:04] [0004.014] I> node /plugin-manager/fragment-500-xusb-config matches
[2022-03-13 11:13:04] [0004.037] I> node /plugin-manager/fragment-p3310-c00-comm matches
[2022-03-13 11:13:04] [0004.051] I> node /plugin-manager/fragment-p3310-c00-pmic matches
[2022-03-13 11:13:04] [0004.061] I> node /plugin-manager/fragment-p3310-c01 matches
[2022-03-13 11:13:04] [0004.074] I> node /plugin-manager/fragment-p3310-c03 matches
[2022-03-13 11:13:04] [0004.117] I> node /plugin-manager/fragment-e3326@0 matches
[2022-03-13 11:13:04] [0004.199] I> node /plugin-manager/fragment-p3310-c00-camera matches
[2022-03-13 11:13:04] [0004.226] I> Disable plugin-manager status in FDT
[2022-03-13 11:13:04] [0004.231] I> Plugin-manager override finished successfully
[2022-03-13 11:13:04] [0004.236] I> tegrabl_load_kernel_and_dtb: Done
[2022-03-13 11:13:04] [0004.240] E> tegrabl_display_clear: display is not initialized
[2022-03-13 11:13:04] [0004.246] W> Boot logo display failed...
[2022-03-13 11:13:04] [0004.250] I> Kernel EP: 0x80600000, DTB: 0x80000000
[2022-03-13 11:13:04] 
[2022-03-13 11:13:04] 
[2022-03-13 11:13:04] U-Boot 2020.04-g46e4604c78 (Jul 26 2021 - 12:10:58 -0700)
[2022-03-13 11:13:04] 
[2022-03-13 11:13:04] SoC: tegra186
[2022-03-13 11:13:04] Model: NVIDIA P2771-0000-500
[2022-03-13 11:13:04] Board: NVIDIA P2771-0000
[2022-03-13 11:13:04] DRAM:  7.8 GiB
[2022-03-13 11:13:04] MMC:   sdhci@3400000: 1, sdhci@3460000: 0
[2022-03-13 11:13:04] Loading Environment from MMC... *** Warning - bad CRC, using default environment
[2022-03-13 11:13:04] 
[2022-03-13 11:13:04] In:    serial
[2022-03-13 11:13:04] Out:   serial
[2022-03-13 11:13:04] Err:   serial
[2022-03-13 11:13:04] Net:   
[2022-03-13 11:13:04] Warning: ethernet@2490000 using MAC address from ROM
[2022-03-13 11:13:04] eth0: ethernet@2490000
[2022-03-13 11:13:04] Hit any key to stop autoboot:  2  1  0 
[2022-03-13 11:13:06] MMC: no card present
[2022-03-13 11:13:06] switch to partitions #0, OK
[2022-03-13 11:13:06] mmc0(part 0) is current device
[2022-03-13 11:13:07] Scanning mmc 0:1...
[2022-03-13 11:13:07] Found /boot/extlinux/extlinux.conf
[2022-03-13 11:13:07] Retrieving file: /boot/extlinux/extlinux.conf
[2022-03-13 11:13:07] 858 bytes read in 22 ms (38.1 KiB/s)
[2022-03-13 11:13:07] 1:	primary kernel
[2022-03-13 11:13:07] Retrieving file: /boot/initrd
[2022-03-13 11:13:07] 7238344 bytes read in 201 ms (34.3 MiB/s)
[2022-03-13 11:13:07] Retrieving file: /boot/Image
[2022-03-13 11:13:08] 34484232 bytes read in 830 ms (39.6 MiB/s)
[2022-03-13 11:13:08] append: console=ttyS0,115200 androidboot.presilicon=true firmware_class.path=/etc/firmware root=/dev/mmcblk0p1 rw rootwait rootfstype=ext4 console=ttyS0,115200n8 console=tty0 fbcon=map:0 net.ifnames=0 isolcpus=1-2  video=tegrafb earlycon=uart8250,mmio32,0x3100000 nvdumper_reserved=0x2772e0000 gpt rootfs.slot_suffix= usbcore.old_scheme_first=1 tegraid=18.1.2.0.0 maxcpus=6 no_console_suspend boot.slot_suffix= boot.ratchetvalues=0.2031647.1 vpr_resize bl_prof_dataptr=0x10000@0x275840000 sdhci_tegra.en_boot_part_access=1 quiet root=/dev/mmcblk0p1 rw rootwait rootfstype=ext4 console=ttyS0,115200n8 console=tty0 fbcon=map:0 net.ifnames=0 isolcpus=1-2 
[2022-03-13 11:13:08] ## Flattened Device Tree blob at 80000000
[2022-03-13 11:13:08]    Booting using the fdt blob at 0x80000000
[2022-03-13 11:13:08] ERROR: reserving fdt memory region failed (addr=0 size=0)
[2022-03-13 11:13:08] ERROR: reserving fdt memory region failed (addr=0 size=0)
[2022-03-13 11:13:08] ERROR: reserving fdt memory region failed (addr=0 size=0)
[2022-03-13 11:13:08]    Using Device Tree in place at 0000000080000000, end 0000000080060aa3
[2022-03-13 11:13:08] copying carveout for /host1x@13e00000/display-hub@15200000/display@15200000...
[2022-03-13 11:13:08] copying carveout for /host1x@13e00000/display-hub@15200000/display@15210000...
[2022-03-13 11:13:08] copying carveout for /host1x@13e00000/display-hub@15200000/display@15220000...
[2022-03-13 11:13:08] 
[2022-03-13 11:13:08] Starting kernel ...
[2022-03-13 11:13:08] 
[2022-03-13 11:13:08] [    0.000000] Booting Linux on physical CPU 0x100
[2022-03-13 11:13:08] [    0.000000] Linux version 4.9.253-tegra (buildbrain@mobile-u64-5497-d3000) (gcc version 7.3.1 20180425 [linaro-7.3-2018.05 revision d29120a424ecfbc167ef90065c0eeb7f91977701] (Linaro GCC 7.3-2018.05) ) #1 SMP PREEMPT Mon Jul 26 12:19:28 PDT 2021
[2022-03-13 11:13:08] [    0.000000] Boot CPU: AArch64 Processor [411fd073]
[2022-03-13 11:13:08] [    0.000000] OF: fdt:memory scan node memory@80000000, reg size 80,
[2022-03-13 11:13:08] [    0.000000] OF: fdt: - 80000000 ,  70000000
[2022-03-13 11:13:08] [    0.000000] OF: fdt: - f0200000 ,  185600000
[2022-03-13 11:13:08] [    0.000000] OF: fdt: - 275e00000 ,  200000
[2022-03-13 11:13:08] [    0.000000] OF: fdt: - 276600000 ,  200000
[2022-03-13 11:13:08] [    0.000000] OF: fdt: - 277000000 ,  200000
[2022-03-13 11:13:08] [    0.000000] earlycon: uart8250 at MMIO32 0x0000000003100000 (options '')
[2022-03-13 11:13:08] [    0.000000] bootconsole [uart8250] enabled
[2022-03-13 11:13:10] [    1.825374] cgroup: cgroup2: unknown option "nsdelegate"
[2022-03-13 11:13:11] [    2.961363] using random self ethernet address
[2022-03-13 11:13:11] [    2.968031] using random host ethernet address
[2022-03-13 11:13:12] [    3.276167] random: crng init done
[2022-03-13 11:13:12] [    3.279574] random: 7 urandom warning(s) missed due to ratelimiting
[2022-03-13 11:13:12] [    3.488581] using random self ethernet address
[2022-03-13 11:13:12] [    3.545081] using random host ethernet address
[2022-03-13 11:13:12] [    3.743115] CPU1: shutdown
[2022-03-13 11:13:12] [    3.846758] CPU2: shutdown
[2022-03-13 11:13:13] [    4.882362] Bridge firewalling registered
[2022-03-13 11:13:16] 
[2022-03-13 11:13:16] Ubuntu 18.04.5 LTS JTX2-A ttyS0
[2022-03-13 11:13:16] 
[2022-03-13 11:13:17] JTX2-A login: 