[0000.272] I> Welcome to MB2(TBoot-BPMP)(version: 01.00.160913-t186-M-00.00-mobile-c368a720)
[2022-03-12 11:11:49] [0000.281] I> Boot-device: eMMC
[2022-03-12 11:11:49] [0000.288] I> sdmmc bdev is already initialized
[2022-03-12 11:11:49] [0000.293] I> pmic: reset reason (nverc)	: 0x80
[2022-03-12 11:11:49] [0000.326] I> Found 19 partitions in SDMMC_BOOT (instance 3)
[2022-03-12 11:11:49] [0000.346] I> Found 33 partitions in SDMMC_USER (instance 3)
[2022-03-12 11:11:49] [0000.352] W> No valid slot number is found in scratch register
[2022-03-12 11:11:49] [0000.357] W> Return default slot: _a
[2022-03-12 11:11:49] [0000.361] I> A/B: bin_type (16) slot 0
[2022-03-12 11:11:49] [0000.364] I> Loading partition bpmp-fw at 0xd7800000
[2022-03-12 11:11:49] [0000.369] I> Reading two headers - addr:0xd7800000 blocks:1
[2022-03-12 11:11:49] [0000.375] I> Addr: 0xd7800000, start-block: 58777608, num_blocks: 1
[2022-03-12 11:11:49] [0000.400] I> Binary(16) of size 534416 is loaded @ 0xd7800000
[2022-03-12 11:11:49] [0000.405] W> No valid slot number is found in scratch register
[2022-03-12 11:11:49] [0000.411] W> Return default slot: _a
[2022-03-12 11:11:49] [0000.414] I> A/B: bin_type (17) slot 0
[2022-03-12 11:11:49] [0000.418] I> Loading partition bpmp-fw-dtb at 0xd79f0000
[2022-03-12 11:11:49] [0000.423] I> Reading two headers - addr:0xd79f0000 blocks:1
[2022-03-12 11:11:49] [0000.429] I> Addr: 0xd79f0000, start-block: 58780024, num_blocks: 1
[2022-03-12 11:11:49] [0000.454] I> Binary(17) of size 604720 is loaded @ 0xd796c400
[2022-03-12 11:11:50] [0000.684] I> Loading SCE-FW ...
[2022-03-12 11:11:50] [0000.687] W> No valid slot number is found in scratch register
[2022-03-12 11:11:50] [0000.693] W> Return default slot: _a
[2022-03-12 11:11:50] [0000.696] I> A/B: bin_type (12) slot 0
[2022-03-12 11:11:50] [0000.700] I> Loading partition sce-fw at 0xd7300000
[2022-03-12 11:11:50] [0000.705] I> Reading two headers - addr:0xd7300000 blocks:1
[2022-03-12 11:11:50] [0000.710] I> Addr: 0xd7300000, start-block: 58784120, num_blocks: 1
[2022-03-12 11:11:50] [0000.729] I> Binary(12) of size 125632 is loaded @ 0xd7300000
[2022-03-12 11:11:50] [0000.735] I> Init SCE
[2022-03-12 11:11:50] [0000.737] I> Loading APE-FW ...
[2022-03-12 11:11:50] [0000.740] W> No valid slot number is found in scratch register
[2022-03-12 11:11:50] [0000.746] W> Return default slot: _a
[2022-03-12 11:11:50] [0000.749] I> A/B: bin_type (11) slot 0
[2022-03-12 11:11:50] [0000.753] I> Loading partition adsp-fw at 0xd7400000
[2022-03-12 11:11:50] [0000.758] I> Reading two headers - addr:0xd7400000 blocks:1
[2022-03-12 11:11:50] [0000.763] I> Addr: 0xd7400000, start-block: 58761224, num_blocks: 1
[2022-03-12 11:11:50] [0000.782] I> Binary(11) of size 77216 is loaded @ 0xd7400000
[2022-03-12 11:11:50] [0000.788] I> Copy BTCM section
[2022-03-12 11:11:50] [0000.791] W> No valid slot number is found in scratch register
[2022-03-12 11:11:50] [0000.797] W> Return default slot: _a
[2022-03-12 11:11:50] [0000.800] I> A/B: bin_type (13) slot 0
[2022-03-12 11:11:50] [0000.804] I> Loading partition cpu-bootloader at 0x96000000
[2022-03-12 11:11:50] [0000.809] I> Reading two headers - addr:0x96000000 blocks:1
[2022-03-12 11:11:50] [0000.815] I> Addr: 0x96000000, start-block: 58740744, num_blocks: 1
[2022-03-12 11:11:50] [0000.836] I> Binary(13) of size 308800 is loaded @ 0x96000000
[2022-03-12 11:11:50] [0000.842] W> No valid slot number is found in scratch register
[2022-03-12 11:11:50] [0000.847] W> Return default slot: _a
[2022-03-12 11:11:50] [0000.851] I> A/B: bin_type (20) slot 0
[2022-03-12 11:11:50] [0000.854] I> Loading partition bootloader-dtb at 0x85205400
[2022-03-12 11:11:50] [0000.860] I> Reading two headers - addr:0x85205400 blocks:1
[2022-03-12 11:11:50] [0000.865] I> Addr: 0x85205400, start-block: 58742792, num_blocks: 1
[2022-03-12 11:11:50] [0000.887] I> Binary(20) of size 375568 is loaded @ 0x85205400
[2022-03-12 11:11:50] [0000.893] W> No valid slot number is found in scratch register
[2022-03-12 11:11:50] [0000.899] W> Return default slot: _a
[2022-03-12 11:11:50] [0000.902] I> A/B: bin_type (14) slot 0
[2022-03-12 11:11:50] [0000.906] I> Loading partition secure-os at 0x85305600
[2022-03-12 11:11:50] [0000.911] I> Reading two headers - addr:0x85305600 blocks:1
[2022-03-12 11:11:50] [0000.916] I> Addr: 0x85305600, start-block: 58744840, num_blocks: 1
[2022-03-12 11:11:50] [0000.938] I> Binary(14) of size 402864 is loaded @ 0x85305600
[2022-03-12 11:11:50] [0000.946] I> TOS boot-params @ 0x85000000
[2022-03-12 11:11:50] [0000.950] I> TOS params prepared
[2022-03-12 11:11:50] [0000.953] I> Loading EKS ...
[2022-03-12 11:11:50] [0000.956] I> A/B: bin_type (15) slot 0
[2022-03-12 11:11:50] [0000.959] I> Loading partition eks at 0x85905800
[2022-03-12 11:11:50] [0000.964] I> Reading two headers - addr:0x85905800 blocks:1
[2022-03-12 11:11:50] [0000.969] I> Addr: 0x85905800, start-block: 58757128, num_blocks: 1
[2022-03-12 11:11:50] [0000.988] I> Binary(15) of size 1040 is loaded @ 0x85905800
[2022-03-12 11:11:50] [0000.994] I> EKB detected (length: 0x400) @ 0x85905800
[2022-03-12 11:11:50] [0000.999] I> Copied encrypted keys
[2022-03-12 11:11:50] [0001.002] I> boot profiler @ 0x275844000
[2022-03-12 11:11:50] [0001.006] I> boot profiler for TOS @ 0x275844000
[2022-03-12 11:11:50] [0001.011] I> Unhalting SCE
[2022-03-12 11:11:50] [0001.014] I> Primary Memory Start:80000000 Size:70000000
[2022-03-12 11:11:50] [0001.019] I> Extended Memory Start:f0110000 Size:1856f0000
[2022-03-12 11:11:50] [0001.026] I> MB2(TBoot-BPMP) done
[2022-03-12 11:11:50] 
[2022-03-12 11:11:50] NOTICE:  BL31: v1.3(release):b5eeb33f7
[2022-03-12 11:11:50] NOTICE:  BL31: Built : 12:15:17, Jul 26 2021
[2022-03-12 11:11:50] ipc-unittest-main: 1519: Welcome to IPC unittest!!!
[2022-03-12 11:11:50] ipc-unittest-main: 1531: waiting forever
[2022-03-12 11:11:50] ipc-unittest-srv: 329: Init unittest services!!!
[2022-03-12 11:11:50] hwkey-agent: 41: hwkey-agent is running!!
[2022-03-12 11:11:50] hwkey-agent: 315: key_mgnt_processing .......
[2022-03-12 11:11:50] hwkey-agent: 223: Setting EKB key 0 to slot 14
[2022-03-12 11:11:50] hwkey-agent: 178: Init hweky-agent services!!
[2022-03-12 11:11:50] luks-srv: 40: luks-srv is running!!
[2022-03-12 11:11:50] luks-srv: 157: Init luks-srv IPC services!!
[2022-03-12 11:11:50] platform_bootstrap_epilog: trusty bootstrap complete
[2022-03-12 11:11:50] [0001.398] I> Welcome to Cboot
[2022-03-12 11:11:50] [0001.401] I> Cboot Version: t186-00029e71
[2022-03-12 11:11:50] [0001.405] I> CPU-BL Params @ 0x275800000
[2022-03-12 11:11:50] [0001.409] I>  0) Base:0x00000000 Size:0x00000000
[2022-03-12 11:11:50] [0001.413] I>  1) Base:0x277f00000 Size:0x00100000
[2022-03-12 11:11:50] [0001.418] I>  2) Base:0x277e00000 Size:0x00100000
[2022-03-12 11:11:50] [0001.422] I>  3) Base:0x277d00000 Size:0x00100000
[2022-03-12 11:11:50] [0001.427] I>  4) Base:0x277c00000 Size:0x00100000
[2022-03-12 11:11:50] [0001.431] I>  5) Base:0x277b00000 Size:0x00100000
[2022-03-12 11:11:50] [0001.436] I>  6) Base:0x277800000 Size:0x00200000
[2022-03-12 11:11:50] [0001.440] I>  7) Base:0x277400000 Size:0x00400000
[2022-03-12 11:11:50] [0001.445] I>  8) Base:0x277a00000 Size:0x00100000
[2022-03-12 11:11:50] [0001.449] I>  9) Base:0x277300000 Size:0x00100000
[2022-03-12 11:11:50] [0001.454] I> 10) Base:0x276800000 Size:0x00800000
[2022-03-12 11:11:50] [0001.458] I> 11) Base:0x30000000 Size:0x00040000
[2022-03-12 11:11:50] [0001.463] I> 12) Base:0xf0000000 Size:0x00100000
[2022-03-12 11:11:50] [0001.467] I> 13) Base:0x30040000 Size:0x00001000
[2022-03-12 11:11:50] [0001.472] I> 14) Base:0x30048000 Size:0x00001000
[2022-03-12 11:11:51] [0001.476] I> 15) Base:0x30049000 Size:0x00001000
[2022-03-12 11:11:51] [0001.481] I> 16) Base:0x3004a000 Size:0x00001000
[2022-03-12 11:11:51] [0001.485] I> 17) Base:0x3004b000 Size:0x00001000
[2022-03-12 11:11:51] [0001.489] I> 18) Base:0x3004c000 Size:0x00001000
[2022-03-12 11:11:51] [0001.494] I> 19) Base:0x3004d000 Size:0x00001000
[2022-03-12 11:11:51] [0001.498] I> 20) Base:0x3004e000 Size:0x00001000
[2022-03-12 11:11:51] [0001.503] I> 21) Base:0x3004f000 Size:0x00001000
[2022-03-12 11:11:51] [0001.507] I> 22) Base:0x00000000 Size:0x00000000
[2022-03-12 11:11:51] [0001.512] I> 23) Base:0xf0100000 Size:0x00010000
[2022-03-12 11:11:51] [0001.516] I> 24) Base:0x00000000 Size:0x00000000
[2022-03-12 11:11:51] [0001.520] I> 25) Base:0x00000000 Size:0x00000000
[2022-03-12 11:11:51] [0001.525] I> 26) Base:0x00000000 Size:0x00000000
[2022-03-12 11:11:51] [0001.529] I> 27) Base:0x00000000 Size:0x00000000
[2022-03-12 11:11:51] [0001.534] I> 28) Base:0x84400000 Size:0x00400000
[2022-03-12 11:11:51] [0001.538] I> 29) Base:0x30000000 Size:0x00010000
[2022-03-12 11:11:51] [0001.543] I> 30) Base:0x278000000 Size:0x08000000
[2022-03-12 11:11:51] [0001.547] I> 31) Base:0x00000000 Size:0x00000000
[2022-03-12 11:11:51] [0001.552] I> 32) Base:0x276000000 Size:0x00600000
[2022-03-12 11:11:51] [0001.556] I> 33) Base:0x80000000 Size:0x70000000
[2022-03-12 11:11:51] [0001.560] I> 34) Base:0xf0110000 Size:0x1856f0000
[2022-03-12 11:11:51] [0001.565] I> 35) Base:0x00000000 Size:0x00000000
[2022-03-12 11:11:51] [0001.569] I> 36) Base:0x00000000 Size:0x00000000
[2022-03-12 11:11:51] [0001.574] I> 37) Base:0x2772e0000 Size:0x00020000
[2022-03-12 11:11:51] [0001.578] I> 38) Base:0x84000000 Size:0x00400000
[2022-03-12 11:11:51] [0001.583] I> 39) Base:0x96000000 Size:0x02000000
[2022-03-12 11:11:51] [0001.587] I> 40) Base:0x85000000 Size:0x01200000
[2022-03-12 11:11:51] [0001.592] I> 41) Base:0x275800000 Size:0x00500000
[2022-03-12 11:11:51] [0001.596] I> 42) Base:0x00000000 Size:0x00000000
[2022-03-12 11:11:51] [0001.601] I> 43) Base:0x00000000 Size:0x00000000
[2022-03-12 11:11:51] [0001.605] GIC-SPI Target CPU: 4
[2022-03-12 11:11:51] [0001.608] Interrupts Init done
[2022-03-12 11:11:51] [0001.612] calling constructors
[2022-03-12 11:11:51] [0001.615] initializing heap
[2022-03-12 11:11:51] [0001.617] initializing threads
[2022-03-12 11:11:51] [0001.621] initializing timers
[2022-03-12 11:11:51] [0001.624] creating bootstrap completion thread
[2022-03-12 11:11:51] [0001.628] top of bootstrap2()
[2022-03-12 11:11:51] [0001.632] CPU: ARM Cortex A57
[2022-03-12 11:11:51] [0001.635] CPU: MIDR: 0x411FD073, MPIDR: 0x80000100
[2022-03-12 11:11:51] [0001.640] initializing platform
[2022-03-12 11:11:51] [0001.643] I> Bl_dtb @0x85205400
[2022-03-12 11:11:51] [0001.646] I> gpio framework initialized
[2022-03-12 11:11:51] [0001.652] I> tegrabl_gpio_driver_register: register 'nvidia,tegra186-gpio' driver
[2022-03-12 11:11:51] [0001.663] I> tegrabl_gpio_driver_register: register 'nvidia,tegra186-gpio-aon' driver
[2022-03-12 11:11:51] [0001.670] I> GPIO framework and drivers are initialized.
[2022-03-12 11:11:51] [0001.675] I> Boot-device: eMMC
[2022-03-12 11:11:51] [0001.683] I> sdmmc bdev is already initialized
[2022-03-12 11:11:51] [0001.714] I> Found 19 partitions in SDMMC_BOOT (instance 3)
[2022-03-12 11:11:51] [0001.731] I> Found 33 partitions in SDMMC_USER (instance 3)
[2022-03-12 11:11:51] [0001.737] W> opt-in fuse is not set, skip fuse_burning
[2022-03-12 11:11:51] [0001.742] I> Reserved memory at 0xfbe00000 for U-Boot relocation
[2022-03-12 11:11:51] [0001.747] W> No valid slot number is found in scratch register
[2022-03-12 11:11:51] [0001.753] W> Return default slot: _a
[2022-03-12 11:11:51] [0001.762] I> A/B: bin_type (21) slot 0
[2022-03-12 11:11:51] [0001.766] I> Loading kernel-dtb from partition
[2022-03-12 11:11:51] [0001.770] I> Loading partition kernel-dtb at 0x80000000 from device(0x1)
[2022-03-12 11:11:51] [0001.788] I> Kernel_dtb @0x80000000
[2022-03-12 11:11:51] [0001.791] I> tegrabl_tca9539_init: i2c bus: 0, slave addr: 0xee
[2022-03-12 11:11:51] [0001.801] I> tegrabl_gpio_driver_register: register 'tca9539_gpio_driver' driver
[2022-03-12 11:11:51] [0001.809] I> tegrabl_tca9539_init: i2c bus: 0, slave addr: 0xe8
[2022-03-12 11:11:51] [0001.818] I> tegrabl_gpio_driver_register: register 'tca9539_gpio_driver' driver
[2022-03-12 11:11:51] [0001.828] I> fixed regulator driver initialized
[2022-03-12 11:11:51] [0001.861] I> register 'maxim' power off handle
[2022-03-12 11:11:51] [0001.867] I> virtual i2c enabled
[2022-03-12 11:11:51] [0001.870] I> registered 'maxim,max77620' pmic
[2022-03-12 11:11:51] [0001.875] I> tegrabl_gpio_driver_register: register 'max77620-gpio' driver
[2022-03-12 11:11:51] [0001.889] E> failed to read label property for node 324936: 13
[2022-03-12 11:11:51] [0001.897] E> failed to read reg property for node 325032: 13
[2022-03-12 11:11:51] [0001.905] E> failed to read reg property for node 325084: 13
[2022-03-12 11:11:51] [0001.914] E> failed to read label property for node 325168: 13
[2022-03-12 11:11:51] [0001.922] E> failed to read label property for node 325236: 13
[2022-03-12 11:11:51] [0001.931] E> failed to read reg property for node 325304: 13
[2022-03-12 11:11:51] [0001.939] E> failed to read reg property for node 325376: 13
[2022-03-12 11:11:51] [0001.949] I> Find /i2c@c250000's alias i2c7
[2022-03-12 11:11:51] [0001.953] I> Reading eeprom i2c=7 address=0x50
[2022-03-12 11:11:51] [0001.982] I> Device at /i2c@c250000:0x50
[2022-03-12 11:11:51] [0001.986] I> Reading eeprom i2c=7 address=0x57
[2022-03-12 11:11:51] [0002.015] I> Device at /i2c@c250000:0x57
[2022-03-12 11:11:51] [0002.019] I> Find /i2c@c240000's alias i2c1
[2022-03-12 11:11:51] [0002.023] I> Reading eeprom i2c=1 address=0x51
[2022-03-12 11:11:51] [0002.028] E> I2C: slave not found in slaves.
[2022-03-12 11:11:51] [0002.032] E> I2C: Could not write 0 bytes to slave: 0x00a2 with repeat start true.
[2022-03-12 11:11:51] [0002.040] E> I2C_DEV: Failed to send register address 0x00000000.
[2022-03-12 11:11:51] [0002.046] E> I2C_DEV: Could not read 256 registers of size 1 from slave 0xa2 at 0x00000000 via instance 1.
[2022-03-12 11:11:51] [0002.056] E> eeprom: Retry to read I2C slave device.
[2022-03-12 11:11:51] [0002.060] E> I2C: slave not found in slaves.
[2022-03-12 11:11:51] [0002.065] E> I2C: Could not write 0 bytes to slave: 0x00a2 with repeat start true.
[2022-03-12 11:11:51] [0002.072] E> I2C_DEV: Failed to send register address 0x00000000.
[2022-03-12 11:11:51] [0002.078] E> I2C_DEV: Could not read 256 registers of size 1 from slave 0xa2 at 0x00000000 via instance 1.
[2022-03-12 11:11:51] [0002.088] E> eeprom: Failed to read I2C slave device
[2022-03-12 11:11:51] [0002.092] I> Eeprom read failed 0x3526070d
[2022-03-12 11:11:51] [0002.097] I> Find /i2c@3160000's alias i2c0
[2022-03-12 11:11:51] [0002.101] I> Reading eeprom i2c=0 address=0x50
[2022-03-12 11:11:51] [0002.105] E> I2C: slave not found in slaves.
[2022-03-12 11:11:51] [0002.109] E> I2C: Could not write 0 bytes to slave: 0x00a0 with repeat start true.
[2022-03-12 11:11:51] [0002.117] E> I2C_DEV: Failed to send register address 0x00000000.
[2022-03-12 11:11:51] [0002.123] E> I2C_DEV: Could not read 256 registers of size 1 from slave 0xa0 at 0x00000000 via instance 0.
[2022-03-12 11:11:51] [0002.133] E> eeprom: Failed to read I2C slave device
[2022-03-12 11:11:51] [0002.137] I> Eeprom read failed 0x3526070d
[2022-03-12 11:11:51] [0002.142] I> Find /i2c@3180000's alias i2c2
[2022-03-12 11:11:51] [0002.146] I> Reading eeprom i2c=2 address=0x54
[2022-03-12 11:11:51] [0002.150] I> Enabling gpio chip_id = 2, gpio pin = 9
[2022-03-12 11:11:51] [0002.181] I> Disabling gpio chip_id = 2, gpio pin = 9
[2022-03-12 11:11:51] [0002.186] I> Device at /i2c@3180000:0x54
[2022-03-12 11:11:51] [0002.190] I> Reading eeprom i2c=2 address=0x57
[2022-03-12 11:11:51] [0002.194] I> Enabling gpio chip_id = 2, gpio pin = 9
[2022-03-12 11:11:51] [0002.200] E> I2C: slave not found in slaves.
[2022-03-12 11:11:51] [0002.204] E> I2C: Could not write 0 bytes to slave: 0x00ae with repeat start true.
[2022-03-12 11:11:51] [0002.212] E> I2C_DEV: Failed to send register address 0x00000000.
[2022-03-12 11:11:51] [0002.217] E> I2C_DEV: Could not read 256 registers of size 1 from slave 0xae at 0x00000000 via instance 2.
[2022-03-12 11:11:51] [0002.227] E> eeprom: Failed to read I2C slave device
[2022-03-12 11:11:51] [0002.232] I> Disabling gpio chip_id = 2, gpio pin = 9
[2022-03-12 11:11:51] [0002.237] I> Eeprom read failed 0x00000000
[2022-03-12 11:11:51] [0002.241] I> create_pm_ids: id: 3310-1000-D00-L, len: 15
[2022-03-12 11:11:51] [0002.246] I> config: mem-type:00,power-config:00,misc-config:00,modem-config:00,touch-config:00,display-config:00,, len: 93
[2022-03-12 11:11:51] [0002.257] I> create_pm_ids: id: 2597-0000-900-E, len: 15
[2022-03-12 11:11:51] [0002.262] I> config: mem-type:00,power-config:00,misc-config:00,modem-config:00,touch-config:00,display-config:00,, len: 93
[2022-03-12 11:11:51] [0002.273] I> create_pm_ids: id: 3326-1000-000-M, len: 15
[2022-03-12 11:11:51] [0002.278] I> config: mem-type:ff,power-config:ff,misc-config:ff,modem-config:ff,touch-config:ff,display-config:ff,, len: 93
[2022-03-12 11:11:51] [0002.313] I> enabling 'vdd-hdmi' regulator
[2022-03-12 11:11:51] [0002.329] I> regulator 'vdd-hdmi' already enabled
[2022-03-12 11:11:51] [0002.333] E> tegrabl_display_init_regulator: hdmi cable is not connected
[2022-03-12 11:11:51] [0002.340] E> tegrabl_display_get_pdata, failed to parse dtb settings
[2022-03-12 11:11:51] [0002.349] E> cannot find any other nvdisp nodes
[2022-03-12 11:11:51] [0002.353] E> no valid display unit config found in dtb
[2022-03-12 11:11:51] [0002.359] W> display init failed
[2022-03-12 11:11:51] [0002.362] initializing target
[2022-03-12 11:11:51] [0002.365] calling apps_init()
[2022-03-12 11:11:51] [0002.368] starting app kernel_boot_app
[2022-03-12 11:11:51] [0002.390] I> found decompressor handler: lz4-legacy
[2022-03-12 11:11:51] [0002.395] I> decompressing BMP blob ...
[2022-03-12 11:11:51] [0002.407] I> Kernel type = Normal
[2022-03-12 11:11:51] [0002.410] I> ########## Fixed storage boot ##########
[2022-03-12 11:11:51] [0002.415] I> Loading kernel-bootctrl from partition
[2022-03-12 11:11:51] [0002.420] I> Loading partition kernel-bootctrl at 0xa8000000 from device(0x1)
[2022-03-12 11:11:51] [0002.434] W> tegrabl_get_kernel_bootctrl: magic number(0x00000000) is invalid
[2022-03-12 11:11:51] [0002.441] W> tegrabl_get_kernel_bootctrl: use default dummy boot control data
[2022-03-12 11:11:51] [0002.448] W> No valid slot number is found in scratch register
[2022-03-12 11:11:51] [0002.454] W> Return default slot: _a
[2022-03-12 11:11:51] [0002.457] I> A/B: bin_type (24) slot 0
[2022-03-12 11:11:51] [0002.473] I> Boot image size read from image header: 9913d
[2022-03-12 11:11:52] [0002.478] I> Boot image load address: 0x80400000
[2022-03-12 11:11:52] [0002.483] I> Loading kernel from partition
[2022-03-12 11:11:52] [0002.487] I> Loading partition kernel at 0x80400000 from device(0x1)
[2022-03-12 11:11:52] [0003.430] I> Validate kernel ...
[2022-03-12 11:11:52] [0003.433] I> T18x: Authenticate kernel (bin_type 24), max size 0x4000000
[2022-03-12 11:11:52] [0003.441] I> Decrypt the buffer ... [0003.444] W> tegrabl_decrypt_block: fuse (0x0) is not burnt to do encryption (0x4); skip decryption.
[2022-03-12 11:11:52] [0003.453] I> done
[2022-03-12 11:11:52] [0003.455] I> Checking boot.img header magic ... [0003.459] I> [OK]
[2022-03-12 11:11:52] [0003.461] I> kernel-dtb is already loaded
[2022-03-12 11:11:52] [0003.465] I> Validate kernel-dtb ...
[2022-03-12 11:11:52] [0003.468] I> T18x: Authenticate kernel-dtb (bin_type 21), max size 0x100000
[2022-03-12 11:11:53] [0003.476] I> Decrypt the buffer ... [0003.479] W> tegrabl_decrypt_block: fuse (0x0) is not burnt to do encryption (0x4); skip decryption.
[2022-03-12 11:11:53] [0003.488] I> done
[2022-03-12 11:11:53] [0003.490] I> Kernel hdr @0x80400000
[2022-03-12 11:11:53] [0003.493] I> Kernel dtb @0x80000000
[2022-03-12 11:11:53] [0003.496] I> decompressor handler not found
[2022-03-12 11:11:53] [0003.500] I> Copying kernel image (627005 bytes) from 0x80400800 to 0x80600000 ... [0003.508] I> Done
[2022-03-12 11:11:53] [0003.510] I> Move ramdisk (len: 0) from 0x8049a000 to 0x947d0000
[2022-03-12 11:11:53] [0003.517] I> Updated bpmp info to DTB
[2022-03-12 11:11:53] [0003.523] I> Ramdisk: Base: 0x947d0000; Size: 0x0
[2022-03-12 11:11:53] [0003.528] I> Updated initrd info to DTB
[2022-03-12 11:11:53] [0003.532] W> WARN: Fail to override "console=none" in commandline
[2022-03-12 11:11:53] [0003.537] I> Active rootfs suffix: 
[2022-03-12 11:11:53] [0003.541] E> tegrabl_linuxboot_add_disp_param, du 0 failed to get display params
[2022-03-12 11:11:53] [0003.548] E> tegrabl_linuxboot_add_disp_param, du 0 failed to get display params
[2022-03-12 11:11:53] [0003.555] E> tegrabl_linuxboot_add_disp_param, du 0 failed to get display params
[2022-03-12 11:11:53] [0003.562] I> disabled_core_mask: 0xffffff0c
[2022-03-12 11:11:53] [0003.566] W> No valid slot number is found in scratch register
[2022-03-12 11:11:53] [0003.572] W> Return default slot: _a
[2022-03-12 11:11:53] [0003.575] I> Active slot suffix: 
[2022-03-12 11:11:53] [0003.579] I> add_boot_slot_suffix: slot_suffix = 
[2022-03-12 11:11:53] [0003.583] I> Linux Cmdline: console=ttyS0,115200 androidboot.presilicon=true firmware_class.path=/etc/firmware root=/dev/mmcblk0p1 rw rootwait rootfstype=ext4 console=ttyS0,115200n8 console=tty0 fbcon=map:0 net.ifnames=0 isolcpus=1-2  video=tegrafb earlycon=uart8250,mmio32,0x3100000 nvdumper_reserved=0x2772e0000 gpt rootfs.slot_suffix= usbcore.old_scheme_first=1 tegraid=18.1.2.0.0 maxcpus=6 no_console_suspend boot.slot_suffix= boot.ratchetvalues=0.2031647.1 vpr_resize bl_prof_dataptr=0x10000@0x275840000 sdhci_tegra.en_boot_part_access=1 
[2022-03-12 11:11:53] [0003.631] I> Updated bootarg info to DTB
[2022-03-12 11:11:53] [0003.634] I> eeprom_get_mac_addr: MAC (type: 0): 48:b0:2d:0f:11:c5
[2022-03-12 11:11:53] [0003.641] I> eeprom_get_mac_addr: MAC (type: 1): 48:b0:2d:0f:11:c6
[2022-03-12 11:11:53] [0003.647] I> eeprom_get_mac_addr: MAC (type: 2): 48:b0:2d:0f:11:c7
[2022-03-12 11:11:53] [0003.653] E> Found no plugin manager ids in source DT
[2022-03-12 11:11:53] [0003.658] W> Add plugin manager ids from board info
[2022-03-12 11:11:53] [0003.663] W> "plugin-manager" doesn't exist, creating
[2022-03-12 11:11:53] [0003.668] W> "ids" doesn't exist, creating
[2022-03-12 11:11:53] [0003.672] W> "connection" doesn't exist, creating
[2022-03-12 11:11:53] [0003.676] W> "configs" doesn't exist, creating
[2022-03-12 11:11:53] [0003.681] I> create_pm_ids: id: 3310-1000-D00-L, len: 15
[2022-03-12 11:11:53] [0003.686] I> config: mem-type:00,power-config:00,misc-config:00,modem-config:00,touch-config:00,display-config:00,, len: 93
[2022-03-12 11:11:53] [0003.697] I> create_pm_ids: id: 2597-0000-900-E, len: 15
[2022-03-12 11:11:53] [0003.702] I> config: mem-type:00,power-config:00,misc-config:00,modem-config:00,touch-config:00,display-config:00,, len: 93
[2022-03-12 11:11:53] [0003.713] I> create_pm_ids: id: 3326-1000-000-M, len: 15
[2022-03-12 11:11:53] [0003.718] I> config: mem-type:ff,power-config:ff,misc-config:ff,modem-config:ff,touch-config:ff,display-config:ff,, len: 93
[2022-03-12 11:11:53] [0003.729] I> Adding plugin-manager/ids/3310-1000-D00=/i2c@c250000:module@0x50
[2022-03-12 11:11:53] [0003.736] W> "i2c@c250000" doesn't exist, creating
[2022-03-12 11:11:53] [0003.741] W> "module@0x50" doesn't exist, creating
[2022-03-12 11:11:53] [0003.746] I> Adding plugin-manager/ids/2597-0000-900=/i2c@c250000:module@0x57
[2022-03-12 11:11:53] [0003.753] W> "module@0x57" doesn't exist, creating
[2022-03-12 11:11:53] [0003.758] I> Adding plugin-manager/ids/3326-1000-000=/i2c@3180000:module@0x54
[2022-03-12 11:11:53] [0003.765] W> "i2c@3180000" doesn't exist, creating
[2022-03-12 11:11:53] [0003.770] W> "module@0x54" doesn't exist, creating
[2022-03-12 11:11:53] [0003.777] I> Adding plugin-manager/ids/3310-1000-D00-L
[2022-03-12 11:11:53] [0003.784] I> Adding plugin-manager/configs/3310-mem-type 00
[2022-03-12 11:11:53] [0003.789] I> Adding plugin-manager/configs/3310-power-config 00
[2022-03-12 11:11:53] [0003.795] I> Adding plugin-manager/configs/3310-misc-config 00
[2022-03-12 11:11:53] [0003.801] I> Adding plugin-manager/configs/3310-modem-config 00
[2022-03-12 11:11:53] [0003.807] I> Adding plugin-manager/configs/3310-touch-config 00
[2022-03-12 11:11:53] [0003.813] I> Adding plugin-manager/configs/3310-display-config 00
[2022-03-12 11:11:53] [0003.819] I> Adding plugin-manager/cvm
[2022-03-12 11:11:53] [0003.823] W> "chip-id" doesn't exist, creating
[2022-03-12 11:11:53] [0003.827] I> Adding plugin-manager/chip-id/A02P
[2022-03-12 11:11:53] [0003.832] W> "odm-data" doesn't exist, creating
[2022-03-12 11:11:53] [0003.836] I> Adding /chosen/plugin-manager/odm-data
[2022-03-12 11:11:53] [0003.846] I> added [base:0x80000000, size:0x70000000] to /memory
[2022-03-12 11:11:53] [0003.852] I> added [base:0xf0200000, size:0x185600000] to /memory
[2022-03-12 11:11:53] [0003.858] I> added [base:0x275e00000, size:0x200000] to /memory
[2022-03-12 11:11:53] [0003.864] I> added [base:0x276600000, size:0x200000] to /memory
[2022-03-12 11:11:53] [0003.870] I> added [base:0x277000000, size:0x200000] to /memory
[2022-03-12 11:11:53] [0003.875] I> Updated memory info to DTB
[2022-03-12 11:11:53] [0003.880] E> add_disp_param: failed to get display params for du=0
[2022-03-12 11:11:53] [0003.888] W> "reset" doesn't exist, creating
[2022-03-12 11:11:53] [0003.892] W> "pmc-reset-reason" doesn't exist, creating
[2022-03-12 11:11:53] [0003.897] W> "pmic-reset-reason" doesn't exist, creating
[2022-03-12 11:11:53] [0003.904] I> Adding ecid(00000001646db7851000000013038200) to DT
[2022-03-12 11:11:53] [0003.910] I> disabled_core_mask: 0xffffff0c
[2022-03-12 11:11:53] [0003.922] I> Add serial number:1422420022173 as DT property
[2022-03-12 11:11:53] [0003.931] I> Plugin-manager override starting
[2022-03-12 11:11:53] [0003.937] I> node /plugin-manager/fragement@0 matches
[2022-03-12 11:11:53] [0003.947] I> node /plugin-manager/fragement@4 matches
[2022-03-12 11:11:53] [0003.960] I> node /plugin-manager/fragment-sdwake-p3310-1000-300 matches
[2022-03-12 11:11:53] [0003.980] I> node /plugin-manager/fragement-pmon-p3310-1000-300 matches
[2022-03-12 11:11:53] [0003.990] I> node /plugin-manager/fragement-pmon-p3310-1000-800 matches
[2022-03-12 11:11:53] [0003.999] I> node /plugin-manager/fragment-devslp@0 matches
[2022-03-12 11:11:53] [0004.011] I> node /plugin-manager/fragment-500-pcie-config matches
[2022-03-12 11:11:53] [0004.026] I> node /plugin-manager/fragment-500-xusb-config matches
[2022-03-12 11:11:53] [0004.049] I> node /plugin-manager/fragment-p3310-c00-comm matches
[2022-03-12 11:11:53] [0004.062] I> node /plugin-manager/fragment-p3310-c00-pmic matches
[2022-03-12 11:11:53] [0004.073] I> node /plugin-manager/fragment-p3310-c01 matches
[2022-03-12 11:11:53] [0004.086] I> node /plugin-manager/fragment-p3310-c03 matches
[2022-03-12 11:11:53] [0004.129] I> node /plugin-manager/fragment-e3326@0 matches
[2022-03-12 11:11:53] [0004.210] I> node /plugin-manager/fragment-p3310-c00-camera matches
[2022-03-12 11:11:53] [0004.238] I> Disable plugin-manager status in FDT
[2022-03-12 11:11:53] [0004.242] I> Plugin-manager override finished successfully
[2022-03-12 11:11:53] [0004.247] I> tegrabl_load_kernel_and_dtb: Done
[2022-03-12 11:11:53] [0004.252] E> tegrabl_display_clear: display is not initialized
[2022-03-12 11:11:53] [0004.257] W> Boot logo display failed...
[2022-03-12 11:11:53] [0004.261] I> Kernel EP: 0x80600000, DTB: 0x80000000
[2022-03-12 11:11:53] 
[2022-03-12 11:11:53] 
[2022-03-12 11:11:53] U-Boot 2020.04-g46e4604c78 (Jul 26 2021 - 12:10:58 -0700)
[2022-03-12 11:11:53] 
[2022-03-12 11:11:53] SoC: tegra186
[2022-03-12 11:11:53] Model: NVIDIA P2771-0000-500
[2022-03-12 11:11:53] Board: NVIDIA P2771-0000
[2022-03-12 11:11:53] DRAM:  7.8 GiB
[2022-03-12 11:11:53] MMC:   sdhci@3400000: 1, sdhci@3460000: 0
[2022-03-12 11:11:53] Loading Environment from MMC... *** Warning - bad CRC, using default environment
[2022-03-12 11:11:54] 
[2022-03-12 11:11:54] In:    serial
[2022-03-12 11:11:54] Out:   serial
[2022-03-12 11:11:54] Err:   serial
[2022-03-12 11:11:54] Net:   
[2022-03-12 11:11:54] Warning: ethernet@2490000 using MAC address from ROM
[2022-03-12 11:11:54] eth0: ethernet@2490000
[2022-03-12 11:11:54] Hit any key to stop autoboot:  2  1  0 
[2022-03-12 11:11:56] MMC: no card present
[2022-03-12 11:11:56] switch to partitions #0, OK
[2022-03-12 11:11:56] mmc0(part 0) is current device
[2022-03-12 11:11:56] Scanning mmc 0:1...
[2022-03-12 11:11:56] Found /boot/extlinux/extlinux.conf
[2022-03-12 11:11:56] Retrieving file: /boot/extlinux/extlinux.conf
[2022-03-12 11:11:56] 858 bytes read in 22 ms (38.1 KiB/s)
[2022-03-12 11:11:56] 1:	primary kernel
[2022-03-12 11:11:56] Retrieving file: /boot/initrd
[2022-03-12 11:11:56] 7238344 bytes read in 201 ms (34.3 MiB/s)
[2022-03-12 11:11:56] Retrieving file: /boot/Image
[2022-03-12 11:11:57] 34484232 bytes read in 832 ms (39.5 MiB/s)
[2022-03-12 11:11:57] append: console=ttyS0,115200 androidboot.presilicon=true firmware_class.path=/etc/firmware root=/dev/mmcblk0p1 rw rootwait rootfstype=ext4 console=ttyS0,115200n8 console=tty0 fbcon=map:0 net.ifnames=0 isolcpus=1-2  video=tegrafb earlycon=uart8250,mmio32,0x3100000 nvdumper_reserved=0x2772e0000 gpt rootfs.slot_suffix= usbcore.old_scheme_first=1 tegraid=18.1.2.0.0 maxcpus=6 no_console_suspend boot.slot_suffix= boot.ratchetvalues=0.2031647.1 vpr_resize bl_prof_dataptr=0x10000@0x275840000 sdhci_tegra.en_boot_part_access=1 quiet root=/dev/mmcblk0p1 rw rootwait rootfstype=ext4 console=ttyS0,115200n8 console=tty0 fbcon=map:0 net.ifnames=0 isolcpus=1-2 
[2022-03-12 11:11:57] ## Flattened Device Tree blob at 80000000
[2022-03-12 11:11:57]    Booting using the fdt blob at 0x80000000
[2022-03-12 11:11:57] ERROR: reserving fdt memory region failed (addr=0 size=0)
[2022-03-12 11:11:57] ERROR: reserving fdt memory region failed (addr=0 size=0)
[2022-03-12 11:11:57] ERROR: reserving fdt memory region failed (addr=0 size=0)
[2022-03-12 11:11:57]    Using Device Tree in place at 0000000080000000, end 0000000080060aa3
[2022-03-12 11:11:57] copying carveout for /host1x@13e00000/display-hub@15200000/display@15200000...
[2022-03-12 11:11:57] copying carveout for /host1x@13e00000/display-hub@15200000/display@15210000...
[2022-03-12 11:11:57] copying carveout for /host1x@13e00000/display-hub@15200000/display@15220000...
[2022-03-12 11:11:57] 
[2022-03-12 11:11:57] Starting kernel ...
[2022-03-12 11:11:57] 
[2022-03-12 11:11:57] [    0.000000] Booting Linux on physical CPU 0x100
[2022-03-12 11:11:57] [    0.000000] Linux version 4.9.253-tegra (buildbrain@mobile-u64-5497-d3000) (gcc version 7.3.1 20180425 [linaro-7.3-2018.05 revision d29120a424ecfbc167ef90065c0eeb7f91977701] (Linaro GCC 7.3-2018.05) ) #1 SMP PREEMPT Mon Jul 26 12:19:28 PDT 2021
[2022-03-12 11:11:57] [    0.000000] Boot CPU: AArch64 Processor [411fd073]
[2022-03-12 11:11:57] [    0.000000] OF: fdt:memory scan node memory@80000000, reg size 80,
[2022-03-12 11:11:57] [    0.000000] OF: fdt: - 80000000 ,  70000000
[2022-03-12 11:11:57] [    0.000000] OF: fdt: - f0200000 ,  185600000
[2022-03-12 11:11:57] [    0.000000] OF: fdt: - 275e00000 ,  200000
[2022-03-12 11:11:57] [    0.000000] OF: fdt: - 276600000 ,  200000
[2022-03-12 11:11:57] [    0.000000] OF: fdt: - 277000000 ,  200000
[2022-03-12 11:11:57] [    0.000000] earlycon: uart8250 at MMIO32 0x0000000003100000 (options '')
[2022-03-12 11:11:57] [    0.000000] bootconsole [uart8250] enabled
[2022-03-12 11:12:00] [    1.944539] cgroup: cgroup2: unknown option "nsdelegate"
[2022-03-12 11:12:01] [    3.089324] using random self ethernet address
[2022-03-12 11:12:01] [    3.094216] using random host ethernet address
[2022-03-12 11:12:01] [    3.500008] random: crng init done
[2022-03-12 11:12:01] [    3.503417] random: 7 urandom warning(s) missed due to ratelimiting
[2022-03-12 11:12:01] [    3.779291] using random self ethernet address
[2022-03-12 11:12:01] [    3.785736] using random host ethernet address
[2022-03-12 11:12:02] [    3.897619] CPU1: shutdown
[2022-03-12 11:12:02] [    3.938433] CPU2: shutdown
[2022-03-12 11:12:03] [    4.879205] Bridge firewalling registered
[2022-03-12 11:12:06] 
[2022-03-12 11:12:06] Ubuntu 18.04.5 LTS JTX2-A ttyS0
[2022-03-12 11:12:06] 
[2022-03-12 11:12:06] JTX2-A login: [   43.394513] CPU0: SError detected, daif=1c0, spsr=0x800000c5, mpidr=80000100, esr=bf40c000
[2022-03-12 11:12:41] [   43.394515] CPU4: SError detected, daif=1c0, spsr=0x800000c5, mpidr=80000102, esr=bf40c000
[2022-03-12 11:12:41] [   43.394518] CPU3: SError detected, daif=1c0, spsr=0x800000c5, mpidr=80000101, esr=bf40c000
[2022-03-12 11:12:41] [   43.394521] CPU5: SError detected, daif=1c0, spsr=0x80000000, mpidr=80000103, esr=bf40c000
[2022-03-12 11:12:41] [   43.394522] **************************************
[2022-03-12 11:12:41] [   43.394526] A57 CPU Memory Error on CPU 4 (A57 Core 2)
[2022-03-12 11:12:41] [   43.394528] 	ESR:               0xbf40c000
[2022-03-12 11:12:41] [   43.394531] 	L2MERRSR: 0x600910045a0
[2022-03-12 11:12:41] [   43.394533] 	L2 Data RAM: 0x11
[2022-03-12 11:12:41] [   43.394534] 	CPU ID of Error:    0
[2022-03-12 11:12:41] [   43.394535] 	WAY of Error:       0
[2022-03-12 11:12:41] [   43.394536] 	Index of Error:     17824
[2022-03-12 11:12:41] [   43.394537] 	Repeat Error Count: 0
[2022-03-12 11:12:41] [   43.394538] 	Other Error Count:  6
[2022-03-12 11:12:41] [   43.394539] **************************************
[2022-03-12 11:12:43] ERROR:   ARI request timed out: req 91 on CPU 6
[2022-03-12 11:12:43] ASSERT: plat/nvidia/tegra/soc/t186/drivers/mce/ari.c <127> : retries != 0U
[2022-03-12 11:13:46] [0000.295] I> Welcome to MB2(TBoot-BPMP)(version: 01.00.160913-t186-M-00.00-mobile-c368a720)
[2022-03-12 11:13:46] [0000.304] I> Boot-device: eMMC
[2022-03-12 11:13:46] [0000.311] I> sdmmc bdev is already initialized
[2022-03-12 11:13:46] [0000.315] I> pmic: reset reason (nverc)	: 0x80
[2022-03-12 11:13:46] [0000.349] I> Found 19 partitions in SDMMC_BOOT (instance 3)
[2022-03-12 11:13:46] [0000.368] I> Found 33 partitions in SDMMC_USER (instance 3)
[2022-03-12 11:13:46] [0000.374] W> No valid slot number is found in scratch register
[2022-03-12 11:13:46] [0000.380] W> Return default slot: _a
[2022-03-12 11:13:46] [0000.383] I> A/B: bin_type (16) slot 0
[2022-03-12 11:13:46] [0000.387] I> Loading partition bpmp-fw at 0xd7800000
[2022-03-12 11:13:46] [0000.392] I> Reading two headers - addr:0xd7800000 blocks:1
[2022-03-12 11:13:46] [0000.397] I> Addr: 0xd7800000, start-block: 58777608, num_blocks: 1
[2022-03-12 11:13:46] [0000.422] I> Binary(16) of size 534416 is loaded @ 0xd7800000
[2022-03-12 11:13:46] [0000.428] W> No valid slot number is found in scratch register
[2022-03-12 11:13:46] [0000.433] W> Return default slot: _a
[2022-03-12 11:13:46] [0000.437] I> A/B: bin_type (17) slot 0
[2022-03-12 11:13:46] [0000.440] I> Loading partition bpmp-fw-dtb at 0xd79f0000
[2022-03-12 11:13:46] [0000.446] I> Reading two headers - addr:0xd79f0000 blocks:1
[2022-03-12 11:13:46] [0000.451] I> Addr: 0xd79f0000, start-block: 58780024, num_blocks: 1
[2022-03-12 11:13:46] [0000.477] I> Binary(17) of size 604720 is loaded @ 0xd796c400
[2022-03-12 11:13:46] [0000.707] I> Loading SCE-FW ...
[2022-03-12 11:13:46] [0000.710] W> No valid slot number is found in scratch register
[2022-03-12 11:13:46] [0000.715] W> Return default slot: _a
[2022-03-12 11:13:46] [0000.719] I> A/B: bin_type (12) slot 0
[2022-03-12 11:13:46] [0000.722] I> Loading partition sce-fw at 0xd7300000
[2022-03-12 11:13:46] [0000.727] I> Reading two headers - addr:0xd7300000 blocks:1
[2022-03-12 11:13:46] [0000.733] I> Addr: 0xd7300000, start-block: 58784120, num_blocks: 1
[2022-03-12 11:13:46] [0000.752] I> Binary(12) of size 125632 is loaded @ 0xd7300000
[2022-03-12 11:13:46] [0000.757] I> Init SCE
[2022-03-12 11:13:46] [0000.760] I> Loading APE-FW ...
[2022-03-12 11:13:46] [0000.763] W> No valid slot number is found in scratch register
[2022-03-12 11:13:46] [0000.769] W> Return default slot: _a
[2022-03-12 11:13:46] [0000.772] I> A/B: bin_type (11) slot 0
[2022-03-12 11:13:46] [0000.776] I> Loading partition adsp-fw at 0xd7400000
[2022-03-12 11:13:46] [0000.780] I> Reading two headers - addr:0xd7400000 blocks:1
[2022-03-12 11:13:46] [0000.786] I> Addr: 0xd7400000, start-block: 58761224, num_blocks: 1
[2022-03-12 11:13:46] [0000.805] I> Binary(11) of size 77216 is loaded @ 0xd7400000
[2022-03-12 11:13:46] [0000.811] I> Copy BTCM section
[2022-03-12 11:13:46] [0000.814] W> No valid slot number is found in scratch register
[2022-03-12 11:13:46] [0000.819] W> Return default slot: _a
[2022-03-12 11:13:46] [0000.823] I> A/B: bin_type (13) slot 0
[2022-03-12 11:13:46] [0000.826] I> Loading partition cpu-bootloader at 0x96000000
[2022-03-12 11:13:46] [0000.832] I> Reading two headers - addr:0x96000000 blocks:1
[2022-03-12 11:13:46] [0000.837] I> Addr: 0x96000000, start-block: 58740744, num_blocks: 1
[2022-03-12 11:13:46] [0000.858] I> Binary(13) of size 308800 is loaded @ 0x96000000
[2022-03-12 11:13:46] [0000.864] W> No valid slot number is found in scratch register
[2022-03-12 11:13:46] [0000.870] W> Return default slot: _a
[2022-03-12 11:13:46] [0000.873] I> A/B: bin_type (20) slot 0
[2022-03-12 11:13:46] [0000.877] I> Loading partition bootloader-dtb at 0x85205400
[2022-03-12 11:13:46] [0000.882] I> Reading two headers - addr:0x85205400 blocks:1
[2022-03-12 11:13:46] [0000.887] I> Addr: 0x85205400, start-block: 58742792, num_blocks: 1
[2022-03-12 11:13:46] [0000.909] I> Binary(20) of size 375568 is loaded @ 0x85205400
[2022-03-12 11:13:46] [0000.915] W> No valid slot number is found in scratch register
[2022-03-12 11:13:46] [0000.921] W> Return default slot: _a
[2022-03-12 11:13:46] [0000.924] I> A/B: bin_type (14) slot 0
[2022-03-12 11:13:46] [0000.928] I> Loading partition secure-os at 0x85305600
[2022-03-12 11:13:46] [0000.933] I> Reading two headers - addr:0x85305600 blocks:1
[2022-03-12 11:13:46] [0000.938] I> Addr: 0x85305600, start-block: 58744840, num_blocks: 1
[2022-03-12 11:13:46] [0000.960] I> Binary(14) of size 402864 is loaded @ 0x85305600
[2022-03-12 11:13:46] [0000.968] I> TOS boot-params @ 0x85000000
[2022-03-12 11:13:46] [0000.972] I> TOS params prepared
[2022-03-12 11:13:46] [0000.975] I> Loading EKS ...
[2022-03-12 11:13:46] [0000.978] I> A/B: bin_type (15) slot 0
[2022-03-12 11:13:46] [0000.981] I> Loading partition eks at 0x85905800
[2022-03-12 11:13:46] [0000.986] I> Reading two headers - addr:0x85905800 blocks:1
[2022-03-12 11:13:46] [0000.991] I> Addr: 0x85905800, start-block: 58757128, num_blocks: 1
[2022-03-12 11:13:46] [0001.010] I> Binary(15) of size 1040 is loaded @ 0x85905800
[2022-03-12 11:13:46] [0001.016] I> EKB detected (length: 0x400) @ 0x85905800
[2022-03-12 11:13:46] [0001.021] I> Copied encrypted keys
[2022-03-12 11:13:46] [0001.024] I> boot profiler @ 0x275844000
[2022-03-12 11:13:46] [0001.028] I> boot profiler for TOS @ 0x275844000
[2022-03-12 11:13:46] [0001.033] I> Unhalting SCE
[2022-03-12 11:13:46] [0001.036] I> Primary Memory Start:80000000 Size:70000000
[2022-03-12 11:13:46] [0001.041] I> Extended Memory Start:f0110000 Size:1856f0000
[2022-03-12 11:13:46] [0001.048] I> MB2(TBoot-BPMP) done
[2022-03-12 11:13:46] 
[2022-03-12 11:13:46] NOTICE:  BL31: v1.3(release):b5eeb33f7
[2022-03-12 11:13:47] NOTICE:  BL31: Built : 12:15:17, Jul 26 2021
[2022-03-12 11:13:47] ipc-unittest-main: 1519: Welcome to IPC unittest!!!
[2022-03-12 11:13:47] ipc-unittest-main: 1531: waiting forever
[2022-03-12 11:13:47] ipc-unittest-srv: 329: Init unittest services!!!
[2022-03-12 11:13:47] hwkey-agent: 41: hwkey-agent is running!!
[2022-03-12 11:13:47] hwkey-agent: 315: key_mgnt_processing .......
[2022-03-12 11:13:47] hwkey-agent: 223: Setting EKB key 0 to slot 14
[2022-03-12 11:13:47] hwkey-agent: 178: Init hweky-agent services!!
[2022-03-12 11:13:47] luks-srv: 40: luks-srv is running!!
[2022-03-12 11:13:47] luks-srv: 157: Init luks-srv IPC services!!
[2022-03-12 11:13:47] platform_bootstrap_epilog: trusty bootstrap complete
[2022-03-12 11:13:47] [0001.420] I> Welcome to Cboot
[2022-03-12 11:13:47] [0001.423] I> Cboot Version: t186-00029e71
[2022-03-12 11:13:47] [0001.427] I> CPU-BL Params @ 0x275800000
[2022-03-12 11:13:47] [0001.431] I>  0) Base:0x00000000 Size:0x00000000
[2022-03-12 11:13:47] [0001.435] I>  1) Base:0x277f00000 Size:0x00100000
[2022-03-12 11:13:47] [0001.440] I>  2) Base:0x277e00000 Size:0x00100000
[2022-03-12 11:13:47] [0001.444] I>  3) Base:0x277d00000 Size:0x00100000
[2022-03-12 11:13:47] [0001.449] I>  4) Base:0x277c00000 Size:0x00100000
[2022-03-12 11:13:47] [0001.453] I>  5) Base:0x277b00000 Size:0x00100000
[2022-03-12 11:13:47] [0001.458] I>  6) Base:0x277800000 Size:0x00200000
[2022-03-12 11:13:47] [0001.462] I>  7) Base:0x277400000 Size:0x00400000
[2022-03-12 11:13:47] [0001.467] I>  8) Base:0x277a00000 Size:0x00100000
[2022-03-12 11:13:47] [0001.471] I>  9) Base:0x277300000 Size:0x00100000
[2022-03-12 11:13:47] [0001.476] I> 10) Base:0x276800000 Size:0x00800000
[2022-03-12 11:13:47] [0001.480] I> 11) Base:0x30000000 Size:0x00040000
[2022-03-12 11:13:47] [0001.485] I> 12) Base:0xf0000000 Size:0x00100000
[2022-03-12 11:13:47] [0001.489] I> 13) Base:0x30040000 Size:0x00001000
[2022-03-12 11:13:47] [0001.494] I> 14) Base:0x30048000 Size:0x00001000
[2022-03-12 11:13:47] [0001.498] I> 15) Base:0x30049000 Size:0x00001000
[2022-03-12 11:13:47] [0001.503] I> 16) Base:0x3004a000 Size:0x00001000
[2022-03-12 11:13:47] [0001.507] I> 17) Base:0x3004b000 Size:0x00001000
[2022-03-12 11:13:47] [0001.511] I> 18) Base:0x3004c000 Size:0x00001000
[2022-03-12 11:13:47] [0001.516] I> 19) Base:0x3004d000 Size:0x00001000
[2022-03-12 11:13:47] [0001.520] I> 20) Base:0x3004e000 Size:0x00001000
[2022-03-12 11:13:47] [0001.525] I> 21) Base:0x3004f000 Size:0x00001000
[2022-03-12 11:13:47] [0001.529] I> 22) Base:0x00000000 Size:0x00000000
[2022-03-12 11:13:47] [0001.534] I> 23) Base:0xf0100000 Size:0x00010000
[2022-03-12 11:13:47] [0001.538] I> 24) Base:0x00000000 Size:0x00000000
[2022-03-12 11:13:47] [0001.542] I> 25) Base:0x00000000 Size:0x00000000
[2022-03-12 11:13:47] [0001.547] I> 26) Base:0x00000000 Size:0x00000000
[2022-03-12 11:13:47] [0001.551] I> 27) Base:0x00000000 Size:0x00000000
[2022-03-12 11:13:47] [0001.556] I> 28) Base:0x84400000 Size:0x00400000
[2022-03-12 11:13:47] [0001.560] I> 29) Base:0x30000000 Size:0x00010000
[2022-03-12 11:13:47] [0001.565] I> 30) Base:0x278000000 Size:0x08000000
[2022-03-12 11:13:47] [0001.569] I> 31) Base:0x00000000 Size:0x00000000
[2022-03-12 11:13:47] [0001.574] I> 32) Base:0x276000000 Size:0x00600000
[2022-03-12 11:13:47] [0001.578] I> 33) Base:0x80000000 Size:0x70000000
[2022-03-12 11:13:47] [0001.582] I> 34) Base:0xf0110000 Size:0x1856f0000
[2022-03-12 11:13:47] [0001.587] I> 35) Base:0x00000000 Size:0x00000000
[2022-03-12 11:13:47] [0001.591] I> 36) Base:0x00000000 Size:0x00000000
[2022-03-12 11:13:47] [0001.596] I> 37) Base:0x2772e0000 Size:0x00020000
[2022-03-12 11:13:47] [0001.600] I> 38) Base:0x84000000 Size:0x00400000
[2022-03-12 11:13:47] [0001.605] I> 39) Base:0x96000000 Size:0x02000000
[2022-03-12 11:13:47] [0001.609] I> 40) Base:0x85000000 Size:0x01200000
[2022-03-12 11:13:47] [0001.614] I> 41) Base:0x275800000 Size:0x00500000
[2022-03-12 11:13:47] [0001.618] I> 42) Base:0x00000000 Size:0x00000000
[2022-03-12 11:13:47] [0001.623] I> 43) Base:0x00000000 Size:0x00000000
[2022-03-12 11:13:47] [0001.627] GIC-SPI Target CPU: 4
[2022-03-12 11:13:47] [0001.630] Interrupts Init done
[2022-03-12 11:13:47] [0001.634] calling constructors
[2022-03-12 11:13:47] [0001.637] initializing heap
[2022-03-12 11:13:47] [0001.639] initializing threads
[2022-03-12 11:13:47] [0001.643] initializing timers
[2022-03-12 11:13:47] [0001.646] creating bootstrap completion thread
[2022-03-12 11:13:47] [0001.650] top of bootstrap2()
[2022-03-12 11:13:47] [0001.654] CPU: ARM Cortex A57
[2022-03-12 11:13:47] [0001.657] CPU: MIDR: 0x411FD073, MPIDR: 0x80000100
[2022-03-12 11:13:47] [0001.662] initializing platform
[2022-03-12 11:13:47] [0001.665] I> Bl_dtb @0x85205400
[2022-03-12 11:13:47] [0001.668] I> gpio framework initialized
[2022-03-12 11:13:47] [0001.674] I> tegrabl_gpio_driver_register: register 'nvidia,tegra186-gpio' driver
[2022-03-12 11:13:47] [0001.685] I> tegrabl_gpio_driver_register: register 'nvidia,tegra186-gpio-aon' driver
[2022-03-12 11:13:47] [0001.692] I> GPIO framework and drivers are initialized.
[2022-03-12 11:13:47] [0001.697] I> Boot-device: eMMC
[2022-03-12 11:13:47] [0001.705] I> sdmmc bdev is already initialized
[2022-03-12 11:13:47] [0001.736] I> Found 19 partitions in SDMMC_BOOT (instance 3)
[2022-03-12 11:13:47] [0001.753] I> Found 33 partitions in SDMMC_USER (instance 3)
[2022-03-12 11:13:47] [0001.759] W> opt-in fuse is not set, skip fuse_burning
[2022-03-12 11:13:47] [0001.764] I> Reserved memory at 0xfbe00000 for U-Boot relocation
[2022-03-12 11:13:47] [0001.770] W> No valid slot number is found in scratch register
[2022-03-12 11:13:47] [0001.775] W> Return default slot: _a
[2022-03-12 11:13:47] [0001.785] I> A/B: bin_type (21) slot 0
[2022-03-12 11:13:47] [0001.788] I> Loading kernel-dtb from partition
[2022-03-12 11:13:47] [0001.793] I> Loading partition kernel-dtb at 0x80000000 from device(0x1)
[2022-03-12 11:13:47] [0001.810] I> Kernel_dtb @0x80000000
[2022-03-12 11:13:47] [0001.814] I> tegrabl_tca9539_init: i2c bus: 0, slave addr: 0xee
[2022-03-12 11:13:47] [0001.824] I> tegrabl_gpio_driver_register: register 'tca9539_gpio_driver' driver
[2022-03-12 11:13:47] [0001.831] I> tegrabl_tca9539_init: i2c bus: 0, slave addr: 0xe8
[2022-03-12 11:13:47] [0001.840] I> tegrabl_gpio_driver_register: register 'tca9539_gpio_driver' driver
[2022-03-12 11:13:47] [0001.851] I> fixed regulator driver initialized
[2022-03-12 11:13:47] [0001.884] I> register 'maxim' power off handle
[2022-03-12 11:13:47] [0001.890] I> virtual i2c enabled
[2022-03-12 11:13:47] [0001.893] I> registered 'maxim,max77620' pmic
[2022-03-12 11:13:47] [0001.897] I> tegrabl_gpio_driver_register: register 'max77620-gpio' driver
[2022-03-12 11:13:47] [0001.911] E> failed to read label property for node 324936: 13
[2022-03-12 11:13:47] [0001.920] E> failed to read reg property for node 325032: 13
[2022-03-12 11:13:47] [0001.928] E> failed to read reg property for node 325084: 13
[2022-03-12 11:13:47] [0001.936] E> failed to read label property for node 325168: 13
[2022-03-12 11:13:47] [0001.945] E> failed to read label property for node 325236: 13
[2022-03-12 11:13:47] [0001.953] E> failed to read reg property for node 325304: 13
[2022-03-12 11:13:47] [0001.961] E> failed to read reg property for node 325376: 13
[2022-03-12 11:13:47] [0001.972] I> Find /i2c@c250000's alias i2c7
[2022-03-12 11:13:47] [0001.976] I> Reading eeprom i2c=7 address=0x50
[2022-03-12 11:13:47] [0002.005] I> Device at /i2c@c250000:0x50
[2022-03-12 11:13:47] [0002.009] I> Reading eeprom i2c=7 address=0x57
[2022-03-12 11:13:47] [0002.037] I> Device at /i2c@c250000:0x57
[2022-03-12 11:13:47] [0002.042] I> Find /i2c@c240000's alias i2c1
[2022-03-12 11:13:47] [0002.046] I> Reading eeprom i2c=1 address=0x51
[2022-03-12 11:13:47] [0002.051] E> I2C: slave not found in slaves.
[2022-03-12 11:13:47] [0002.055] E> I2C: Could not write 0 bytes to slave: 0x00a2 with repeat start true.
[2022-03-12 11:13:48] [0002.063] E> I2C_DEV: Failed to send register address 0x00000000.
[2022-03-12 11:13:48] [0002.069] E> I2C_DEV: Could not read 256 registers of size 1 from slave 0xa2 at 0x00000000 via instance 1.
[2022-03-12 11:13:48] [0002.078] E> eeprom: Retry to read I2C slave device.
[2022-03-12 11:13:48] [0002.083] E> I2C: slave not found in slaves.
[2022-03-12 11:13:48] [0002.087] E> I2C: Could not write 0 bytes to slave: 0x00a2 with repeat start true.
[2022-03-12 11:13:48] [0002.095] E> I2C_DEV: Failed to send register address 0x00000000.
[2022-03-12 11:13:48] [0002.101] E> I2C_DEV: Could not read 256 registers of size 1 from slave 0xa2 at 0x00000000 via instance 1.
[2022-03-12 11:13:48] [0002.110] E> eeprom: Failed to read I2C slave device
[2022-03-12 11:13:48] [0002.115] I> Eeprom read failed 0x3526070d
[2022-03-12 11:13:48] [0002.119] I> Find /i2c@3160000's alias i2c0
[2022-03-12 11:13:48] [0002.123] I> Reading eeprom i2c=0 address=0x50
[2022-03-12 11:13:48] [0002.128] E> I2C: slave not found in slaves.
[2022-03-12 11:13:48] [0002.132] E> I2C: Could not write 0 bytes to slave: 0x00a0 with repeat start true.
[2022-03-12 11:13:48] [0002.140] E> I2C_DEV: Failed to send register address 0x00000000.
[2022-03-12 11:13:48] [0002.146] E> I2C_DEV: Could not read 256 registers of size 1 from slave 0xa0 at 0x00000000 via instance 0.
[2022-03-12 11:13:48] [0002.155] E> eeprom: Failed to read I2C slave device
[2022-03-12 11:13:48] [0002.160] I> Eeprom read failed 0x3526070d
[2022-03-12 11:13:48] [0002.165] I> Find /i2c@3180000's alias i2c2
[2022-03-12 11:13:48] [0002.169] I> Reading eeprom i2c=2 address=0x54
[2022-03-12 11:13:48] [0002.173] I> Enabling gpio chip_id = 2, gpio pin = 9
[2022-03-12 11:13:48] [0002.203] I> Disabling gpio chip_id = 2, gpio pin = 9
[2022-03-12 11:13:48] [0002.209] I> Device at /i2c@3180000:0x54
[2022-03-12 11:13:48] [0002.212] I> Reading eeprom i2c=2 address=0x57
[2022-03-12 11:13:48] [0002.217] I> Enabling gpio chip_id = 2, gpio pin = 9
[2022-03-12 11:13:48] [0002.222] E> I2C: slave not found in slaves.
[2022-03-12 11:13:48] [0002.226] E> I2C: Could not write 0 bytes to slave: 0x00ae with repeat start true.
[2022-03-12 11:13:48] [0002.234] E> I2C_DEV: Failed to send register address 0x00000000.
[2022-03-12 11:13:48] [0002.240] E> I2C_DEV: Could not read 256 registers of size 1 from slave 0xae at 0x00000000 via instance 2.
[2022-03-12 11:13:48] [0002.249] E> eeprom: Failed to read I2C slave device
[2022-03-12 11:13:48] [0002.254] I> Disabling gpio chip_id = 2, gpio pin = 9
[2022-03-12 11:13:48] [0002.259] I> Eeprom read failed 0x00000000
[2022-03-12 11:13:48] [0002.263] I> create_pm_ids: id: 3310-1000-D00-L, len: 15
[2022-03-12 11:13:48] [0002.268] I> config: mem-type:00,power-config:00,misc-config:00,modem-config:00,touch-config:00,display-config:00,, len: 93
[2022-03-12 11:13:48] [0002.279] I> create_pm_ids: id: 2597-0000-900-E, len: 15
[2022-03-12 11:13:48] [0002.285] I> config: mem-type:00,power-config:00,misc-config:00,modem-config:00,touch-config:00,display-config:00,, len: 93
[2022-03-12 11:13:48] [0002.295] I> create_pm_ids: id: 3326-1000-000-M, len: 15
[2022-03-12 11:13:48] [0002.301] I> config: mem-type:ff,power-config:ff,misc-config:ff,modem-config:ff,touch-config:ff,display-config:ff,, len: 93
[2022-03-12 11:13:48] [0002.336] I> enabling 'vdd-hdmi' regulator
[2022-03-12 11:13:48] [0002.351] I> regulator 'vdd-hdmi' already enabled
[2022-03-12 11:13:48] [0002.356] E> tegrabl_display_init_regulator: hdmi cable is not connected
[2022-03-12 11:13:48] [0002.362] E> tegrabl_display_get_pdata, failed to parse dtb settings
[2022-03-12 11:13:48] [0002.371] E> cannot find any other nvdisp nodes
[2022-03-12 11:13:48] [0002.376] E> no valid display unit config found in dtb
[2022-03-12 11:13:48] [0002.381] W> display init failed
[2022-03-12 11:13:48] [0002.384] initializing target
[2022-03-12 11:13:48] [0002.388] calling apps_init()
[2022-03-12 11:13:48] [0002.391] starting app kernel_boot_app
[2022-03-12 11:13:48] [0002.413] I> found decompressor handler: lz4-legacy
[2022-03-12 11:13:48] [0002.417] I> decompressing BMP blob ...
[2022-03-12 11:13:48] [0002.430] I> Kernel type = Normal
[2022-03-12 11:13:48] [0002.433] I> ########## Fixed storage boot ##########
[2022-03-12 11:13:48] [0002.438] I> Loading kernel-bootctrl from partition
[2022-03-12 11:13:48] [0002.442] I> Loading partition kernel-bootctrl at 0xa8000000 from device(0x1)
[2022-03-12 11:13:48] [0002.457] W> tegrabl_get_kernel_bootctrl: magic number(0x00000000) is invalid
[2022-03-12 11:13:48] [0002.464] W> tegrabl_get_kernel_bootctrl: use default dummy boot control data
[2022-03-12 11:13:48] [0002.471] W> No valid slot number is found in scratch register
[2022-03-12 11:13:48] [0002.476] W> Return default slot: _a
[2022-03-12 11:13:48] [0002.480] I> A/B: bin_type (24) slot 0
[2022-03-12 11:13:48] [0002.495] I> Boot image size read from image header: 9913d
[2022-03-12 11:13:48] [0002.501] I> Boot image load address: 0x80400000
[2022-03-12 11:13:48] [0002.505] I> Loading kernel from partition
[2022-03-12 11:13:48] [0002.509] I> Loading partition kernel at 0x80400000 from device(0x1)
[2022-03-12 11:13:49] [0003.452] I> Validate kernel ...
[2022-03-12 11:13:49] [0003.455] I> T18x: Authenticate kernel (bin_type 24), max size 0x4000000
[2022-03-12 11:13:49] [0003.463] I> Decrypt the buffer ... [0003.466] W> tegrabl_decrypt_block: fuse (0x0) is not burnt to do encryption (0x4); skip decryption.
[2022-03-12 11:13:49] [0003.475] I> done
[2022-03-12 11:13:49] [0003.477] I> Checking boot.img header magic ... [0003.481] I> [OK]
[2022-03-12 11:13:49] [0003.483] I> kernel-dtb is already loaded
[2022-03-12 11:13:49] [0003.487] I> Validate kernel-dtb ...
[2022-03-12 11:13:49] [0003.490] I> T18x: Authenticate kernel-dtb (bin_type 21), max size 0x100000
[2022-03-12 11:13:49] [0003.498] I> Decrypt the buffer ... [0003.501] W> tegrabl_decrypt_block: fuse (0x0) is not burnt to do encryption (0x4); skip decryption.
[2022-03-12 11:13:49] [0003.510] I> done
[2022-03-12 11:13:49] [0003.512] I> Kernel hdr @0x80400000
[2022-03-12 11:13:49] [0003.515] I> Kernel dtb @0x80000000
[2022-03-12 11:13:49] [0003.518] I> decompressor handler not found
[2022-03-12 11:13:49] [0003.522] I> Copying kernel image (627005 bytes) from 0x80400800 to 0x80600000 ... [0003.530] I> Done
[2022-03-12 11:13:49] [0003.532] I> Move ramdisk (len: 0) from 0x8049a000 to 0x947d0000
[2022-03-12 11:13:49] [0003.539] I> Updated bpmp info to DTB
[2022-03-12 11:13:49] [0003.545] I> Ramdisk: Base: 0x947d0000; Size: 0x0
[2022-03-12 11:13:49] [0003.550] I> Updated initrd info to DTB
[2022-03-12 11:13:49] [0003.554] W> WARN: Fail to override "console=none" in commandline
[2022-03-12 11:13:49] [0003.559] I> Active rootfs suffix: 
[2022-03-12 11:13:49] [0003.563] E> tegrabl_linuxboot_add_disp_param, du 0 failed to get display params
[2022-03-12 11:13:49] [0003.570] E> tegrabl_linuxboot_add_disp_param, du 0 failed to get display params
[2022-03-12 11:13:49] [0003.577] E> tegrabl_linuxboot_add_disp_param, du 0 failed to get display params
[2022-03-12 11:13:49] [0003.584] I> disabled_core_mask: 0xffffff0c
[2022-03-12 11:13:49] [0003.588] W> No valid slot number is found in scratch register
[2022-03-12 11:13:49] [0003.594] W> Return default slot: _a
[2022-03-12 11:13:49] [0003.597] I> Active slot suffix: 
[2022-03-12 11:13:49] [0003.601] I> add_boot_slot_suffix: slot_suffix = 
[2022-03-12 11:13:49] [0003.605] I> Linux Cmdline: console=ttyS0,115200 androidboot.presilicon=true firmware_class.path=/etc/firmware root=/dev/mmcblk0p1 rw rootwait rootfstype=ext4 console=ttyS0,115200n8 console=tty0 fbcon=map:0 net.ifnames=0 isolcpus=1-2  video=tegrafb earlycon=uart8250,mmio32,0x3100000 nvdumper_reserved=0x2772e0000 gpt rootfs.slot_suffix= usbcore.old_scheme_first=1 tegraid=18.1.2.0.0 maxcpus=6 no_console_suspend boot.slot_suffix= boot.ratchetvalues=0.2031647.1 vpr_resize bl_prof_dataptr=0x10000@0x275840000 sdhci_tegra.en_boot_part_access=1 
[2022-03-12 11:13:49] [0003.653] I> Updated bootarg info to DTB
[2022-03-12 11:13:49] [0003.656] I> eeprom_get_mac_addr: MAC (type: 0): 48:b0:2d:0f:11:c5
[2022-03-12 11:13:49] [0003.663] I> eeprom_get_mac_addr: MAC (type: 1): 48:b0:2d:0f:11:c6
[2022-03-12 11:13:49] [0003.669] I> eeprom_get_mac_addr: MAC (type: 2): 48:b0:2d:0f:11:c7
[2022-03-12 11:13:49] [0003.675] E> Found no plugin manager ids in source DT
[2022-03-12 11:13:49] [0003.680] W> Add plugin manager ids from board info
[2022-03-12 11:13:49] [0003.685] W> "plugin-manager" doesn't exist, creating
[2022-03-12 11:13:49] [0003.690] W> "ids" doesn't exist, creating
[2022-03-12 11:13:49] [0003.694] W> "connection" doesn't exist, creating
[2022-03-12 11:13:49] [0003.698] W> "configs" doesn't exist, creating
[2022-03-12 11:13:49] [0003.703] I> create_pm_ids: id: 3310-1000-D00-L, len: 15
[2022-03-12 11:13:49] [0003.708] I> config: mem-type:00,power-config:00,misc-config:00,modem-config:00,touch-config:00,display-config:00,, len: 93
[2022-03-12 11:13:49] [0003.719] I> create_pm_ids: id: 2597-0000-900-E, len: 15
[2022-03-12 11:13:49] [0003.724] I> config: mem-type:00,power-config:00,misc-config:00,modem-config:00,touch-config:00,display-config:00,, len: 93
[2022-03-12 11:13:49] [0003.735] I> create_pm_ids: id: 3326-1000-000-M, len: 15
[2022-03-12 11:13:49] [0003.740] I> config: mem-type:ff,power-config:ff,misc-config:ff,modem-config:ff,touch-config:ff,display-config:ff,, len: 93
[2022-03-12 11:13:49] [0003.751] I> Adding plugin-manager/ids/3310-1000-D00=/i2c@c250000:module@0x50
[2022-03-12 11:13:49] [0003.758] W> "i2c@c250000" doesn't exist, creating
[2022-03-12 11:13:49] [0003.763] W> "module@0x50" doesn't exist, creating
[2022-03-12 11:13:49] [0003.768] I> Adding plugin-manager/ids/2597-0000-900=/i2c@c250000:module@0x57
[2022-03-12 11:13:49] [0003.775] W> "module@0x57" doesn't exist, creating
[2022-03-12 11:13:49] [0003.780] I> Adding plugin-manager/ids/3326-1000-000=/i2c@3180000:module@0x54
[2022-03-12 11:13:49] [0003.787] W> "i2c@3180000" doesn't exist, creating
[2022-03-12 11:13:49] [0003.792] W> "module@0x54" doesn't exist, creating
[2022-03-12 11:13:49] [0003.799] I> Adding plugin-manager/ids/3310-1000-D00-L
[2022-03-12 11:13:49] [0003.806] I> Adding plugin-manager/configs/3310-mem-type 00
[2022-03-12 11:13:49] [0003.811] I> Adding plugin-manager/configs/3310-power-config 00
[2022-03-12 11:13:49] [0003.817] I> Adding plugin-manager/configs/3310-misc-config 00
[2022-03-12 11:13:49] [0003.823] I> Adding plugin-manager/configs/3310-modem-config 00
[2022-03-12 11:13:49] [0003.829] I> Adding plugin-manager/configs/3310-touch-config 00
[2022-03-12 11:13:49] [0003.835] I> Adding plugin-manager/configs/3310-display-config 00
[2022-03-12 11:13:49] [0003.841] I> Adding plugin-manager/cvm
[2022-03-12 11:13:49] [0003.845] W> "chip-id" doesn't exist, creating
[2022-03-12 11:13:49] [0003.849] I> Adding plugin-manager/chip-id/A02P
[2022-03-12 11:13:49] [0003.854] W> "odm-data" doesn't exist, creating
[2022-03-12 11:13:49] [0003.858] I> Adding /chosen/plugin-manager/odm-data
[2022-03-12 11:13:49] [0003.868] I> added [base:0x80000000, size:0x70000000] to /memory
[2022-03-12 11:13:49] [0003.874] I> added [base:0xf0200000, size:0x185600000] to /memory
[2022-03-12 11:13:49] [0003.880] I> added [base:0x275e00000, size:0x200000] to /memory
[2022-03-12 11:13:49] [0003.886] I> added [base:0x276600000, size:0x200000] to /memory
[2022-03-12 11:13:49] [0003.892] I> added [base:0x277000000, size:0x200000] to /memory
[2022-03-12 11:13:49] [0003.897] I> Updated memory info to DTB
[2022-03-12 11:13:49] [0003.902] E> add_disp_param: failed to get display params for du=0
[2022-03-12 11:13:49] [0003.910] W> "reset" doesn't exist, creating
[2022-03-12 11:13:49] [0003.914] W> "pmc-reset-reason" doesn't exist, creating
[2022-03-12 11:13:49] [0003.919] W> "pmic-reset-reason" doesn't exist, creating
[2022-03-12 11:13:49] [0003.926] I> Adding ecid(00000001646db7851000000013038200) to DT
[2022-03-12 11:13:49] [0003.932] I> disabled_core_mask: 0xffffff0c
[2022-03-12 11:13:49] [0003.944] I> Add serial number:1422420022173 as DT property
[2022-03-12 11:13:49] [0003.953] I> Plugin-manager override starting
[2022-03-12 11:13:49] [0003.959] I> node /plugin-manager/fragement@0 matches
[2022-03-12 11:13:49] [0003.969] I> node /plugin-manager/fragement@4 matches
[2022-03-12 11:13:49] [0003.982] I> node /plugin-manager/fragment-sdwake-p3310-1000-300 matches
[2022-03-12 11:13:49] [0004.002] I> node /plugin-manager/fragement-pmon-p3310-1000-300 matches
[2022-03-12 11:13:49] [0004.012] I> node /plugin-manager/fragement-pmon-p3310-1000-800 matches
[2022-03-12 11:13:49] [0004.021] I> node /plugin-manager/fragment-devslp@0 matches
[2022-03-12 11:13:49] [0004.033] I> node /plugin-manager/fragment-500-pcie-config matches
[2022-03-12 11:13:49] [0004.048] I> node /plugin-manager/fragment-500-xusb-config matches
[2022-03-12 11:13:50] [0004.071] I> node /plugin-manager/fragment-p3310-c00-comm matches
[2022-03-12 11:13:50] [0004.085] I> node /plugin-manager/fragment-p3310-c00-pmic matches
[2022-03-12 11:13:50] [0004.095] I> node /plugin-manager/fragment-p3310-c01 matches
[2022-03-12 11:13:50] [0004.108] I> node /plugin-manager/fragment-p3310-c03 matches
[2022-03-12 11:13:50] [0004.151] I> node /plugin-manager/fragment-e3326@0 matches
[2022-03-12 11:13:50] [0004.233] I> node /plugin-manager/fragment-p3310-c00-camera matches
[2022-03-12 11:13:50] [0004.260] I> Disable plugin-manager status in FDT
[2022-03-12 11:13:50] [0004.265] I> Plugin-manager override finished successfully
[2022-03-12 11:13:50] [0004.270] I> tegrabl_load_kernel_and_dtb: Done
[2022-03-12 11:13:50] [0004.274] E> tegrabl_display_clear: display is not initialized
[2022-03-12 11:13:50] [0004.280] W> Boot logo display failed...
[2022-03-12 11:13:50] [0004.283] I> Kernel EP: 0x80600000, DTB: 0x80000000
[2022-03-12 11:13:50] 
[2022-03-12 11:13:50] 
[2022-03-12 11:13:50] U-Boot 2020.04-g46e4604c78 (Jul 26 2021 - 12:10:58 -0700)
[2022-03-12 11:13:50] 
[2022-03-12 11:13:50] SoC: tegra186
[2022-03-12 11:13:50] Model: NVIDIA P2771-0000-500
[2022-03-12 11:13:50] Board: NVIDIA P2771-0000
[2022-03-12 11:13:50] DRAM:  7.8 GiB
[2022-03-12 11:13:50] MMC:   sdhci@3400000: 1, sdhci@3460000: 0
[2022-03-12 11:13:50] Loading Environment from MMC... *** Warning - bad CRC, using default environment
[2022-03-12 11:13:50] 
[2022-03-12 11:13:50] In:    serial
[2022-03-12 11:13:50] Out:   serial
[2022-03-12 11:13:50] Err:   serial
[2022-03-12 11:13:50] Net:   
[2022-03-12 11:13:50] Warning: ethernet@2490000 using MAC address from ROM
[2022-03-12 11:13:50] eth0: ethernet@2490000
[2022-03-12 11:13:50] Hit any key to stop autoboot:  2  1  0 
[2022-03-12 11:13:52] MMC: no card present
[2022-03-12 11:13:52] switch to partitions #0, OK
[2022-03-12 11:13:52] mmc0(part 0) is current device
[2022-03-12 11:13:52] Scanning mmc 0:1...
[2022-03-12 11:13:52] Found /boot/extlinux/extlinux.conf
[2022-03-12 11:13:52] Retrieving file: /boot/extlinux/extlinux.conf
[2022-03-12 11:13:52] 858 bytes read in 21 ms (39.1 KiB/s)
[2022-03-12 11:13:52] 1:	primary kernel
[2022-03-12 11:13:52] Retrieving file: /boot/initrd
[2022-03-12 11:13:53] 7238344 bytes read in 201 ms (34.3 MiB/s)
[2022-03-12 11:13:53] Retrieving file: /boot/Image
[2022-03-12 11:13:54] 34484232 bytes read in 830 ms (39.6 MiB/s)
[2022-03-12 11:13:54] append: console=ttyS0,115200 androidboot.presilicon=true firmware_class.path=/etc/firmware root=/dev/mmcblk0p1 rw rootwait rootfstype=ext4 console=ttyS0,115200n8 console=tty0 fbcon=map:0 net.ifnames=0 isolcpus=1-2  video=tegrafb earlycon=uart8250,mmio32,0x3100000 nvdumper_reserved=0x2772e0000 gpt rootfs.slot_suffix= usbcore.old_scheme_first=1 tegraid=18.1.2.0.0 maxcpus=6 no_console_suspend boot.slot_suffix= boot.ratchetvalues=0.2031647.1 vpr_resize bl_prof_dataptr=0x10000@0x275840000 sdhci_tegra.en_boot_part_access=1 quiet root=/dev/mmcblk0p1 rw rootwait rootfstype=ext4 console=ttyS0,115200n8 console=tty0 fbcon=map:0 net.ifnames=0 isolcpus=1-2 
[2022-03-12 11:13:54] ## Flattened Device Tree blob at 80000000
[2022-03-12 11:13:54]    Booting using the fdt blob at 0x80000000
[2022-03-12 11:13:54] ERROR: reserving fdt memory region failed (addr=0 size=0)
[2022-03-12 11:13:54] ERROR: reserving fdt memory region failed (addr=0 size=0)
[2022-03-12 11:13:54] ERROR: reserving fdt memory region failed (addr=0 size=0)
[2022-03-12 11:13:54]    Using Device Tree in place at 0000000080000000, end 0000000080060aa3
[2022-03-12 11:13:54] copying carveout for /host1x@13e00000/display-hub@15200000/display@15200000...
[2022-03-12 11:13:54] copying carveout for /host1x@13e00000/display-hub@15200000/display@15210000...
[2022-03-12 11:13:54] copying carveout for /host1x@13e00000/display-hub@15200000/display@15220000...
[2022-03-12 11:13:54] 
[2022-03-12 11:13:54] Starting kernel ...
[2022-03-12 11:13:54] 
[2022-03-12 11:13:54] [    0.000000] Booting Linux on physical CPU 0x100
[2022-03-12 11:13:54] [    0.000000] Linux version 4.9.253-tegra (buildbrain@mobile-u64-5497-d3000) (gcc version 7.3.1 20180425 [linaro-7.3-2018.05 revision d29120a424ecfbc167ef90065c0eeb7f91977701] (Linaro GCC 7.3-2018.05) ) #1 SMP PREEMPT Mon Jul 26 12:19:28 PDT 2021
[2022-03-12 11:13:54] [    0.000000] Boot CPU: AArch64 Processor [411fd073]
[2022-03-12 11:13:54] [    0.000000] OF: fdt:memory scan node memory@80000000, reg size 80,
[2022-03-12 11:13:54] [    0.000000] OF: fdt: - 80000000 ,  70000000
[2022-03-12 11:13:54] [    0.000000] OF: fdt: - f0200000 ,  185600000
[2022-03-12 11:13:54] [    0.000000] OF: fdt: - 275e00000 ,  200000
[2022-03-12 11:13:54] [    0.000000] OF: fdt: - 276600000 ,  200000
[2022-03-12 11:13:54] [    0.000000] OF: fdt: - 277000000 ,  200000
[2022-03-12 11:13:54] [    0.000000] earlycon: uart8250 at MMIO32 0x0000000003100000 (options '')
[2022-03-12 11:13:54] [    0.000000] bootconsole [uart8250] enabled
[2022-03-12 11:13:56] [    1.814173] cgroup: cgroup2: unknown option "nsdelegate"
[2022-03-12 11:13:57] [    2.851251] using random self ethernet address
[2022-03-12 11:13:57] [    2.855781] using random host ethernet address
[2022-03-12 11:13:57] [    3.327759] random: crng init done
[2022-03-12 11:13:57] [    3.331167] random: 7 urandom warning(s) missed due to ratelimiting
[2022-03-12 11:13:58] [    3.448755] using random self ethernet address
[2022-03-12 11:13:58] [    3.461286] using random host ethernet address
[2022-03-12 11:13:58] [    3.850044] CPU1: shutdown
[2022-03-12 11:13:58] [    3.934128] CPU2: shutdown
[2022-03-12 11:13:59] [    4.975685] Bridge firewalling registered
[2022-03-12 11:14:02] 
[2022-03-12 11:14:02] Ubuntu 18.04.5 LTS JTX2-A ttyS0
[2022-03-12 11:14:02] 
[2022-03-12 11:14:02] JTX2-A login: [   10.677738] CPU3: SError detected, daif=1c0, spsr=0x60000045, mpidr=80000101, esr=bf40c000
[2022-03-12 11:14:05] [   10.677741] CPU4: SError detected, daif=1c0, spsr=0x80000000, mpidr=80000102, esr=bf40c000
[2022-03-12 11:14:05] [   10.677743] CPU0: SError detected, daif=1c0, spsr=0x45, mpidr=80000100, esr=bf40c000
[2022-03-12 11:14:05] [   10.677746] CPU5: SError detected, daif=1c0, spsr=0x40000045, mpidr=80000103, esr=bf40c000
[2022-03-12 11:14:05] [   10.677747] **************************************
[2022-03-12 11:14:05] [   10.677751] A57 CPU Memory Error on CPU 4 (A57 Core 2)
[2022-03-12 11:14:05] [   10.677752] 	ESR:               0xbf40c000
[2022-03-12 11:14:05] [   10.677755] 	L2MERRSR: 0x2009129ae50
[2022-03-12 11:14:05] [   10.677756] 	L2 Data RAM: 0x11
[2022-03-12 11:14:05] [   10.677757] 	CPU ID of Error:    5
[2022-03-12 11:14:05] [   10.677758] 	WAY of Error:       0
[2022-03-12 11:14:05] [   10.677759] 	Index of Error:     110160
[2022-03-12 11:14:05] [   10.677761] 	Repeat Error Count: 0
[2022-03-12 11:14:05] [   10.677761] 	Other Error Count:  2
[2022-03-12 11:14:05] [   10.677762] **************************************
[2022-03-12 11:14:05] [   10.680595] ROC:CCE Machine Check Error:
[2022-03-12 11:14:05] [   10.680599] 	Address Type = Non-Secure DRAM
[2022-03-12 11:14:05] [   10.680625] 	Address = 0x245ad1948 -- System RAM + 0x1558d1948
[2022-03-12 11:14:05] [   10.680823] Bad mode in Error handler detected on CPU4, code 0xbf40c000 -- SError
[2022-03-12 11:14:05] [   10.680825] Kernel panic - not syncing: bad mode
[2022-03-12 11:14:05] [   10.680828] CPU: 4 PID: 5967 Comm: Xorg Not tainted 4.9.253-tegra #1
[2022-03-12 11:14:05] [   10.680830] Hardware name: quill (DT)
[2022-03-12 11:14:05] [   10.680831] Call trace:
[2022-03-12 11:14:05] [   10.680839] [<ffffff800808ba40>] dump_backtrace+0x0/0x198
[2022-03-12 11:14:05] [   10.680842] [<ffffff800808c004>] show_stack+0x24/0x30
[2022-03-12 11:14:05] [   10.680846] [<ffffff8008f6121c>] dump_stack+0xa0/0xc4
[2022-03-12 11:14:05] [   10.680849] [<ffffff8008f5e2c0>] panic+0x12c/0x2a8
[2022-03-12 11:14:05] [   10.680852] [<ffffff800808c894>] bad_mode+0x7c/0x80
[2022-03-12 11:14:05] [   10.680854] [<ffffff800808ca5c>] handle_serr+0x124/0x128
[2022-03-12 11:14:05] [   10.680856] [<ffffff8008082f20>] el0_serr+0xf4/0xfc
[2022-03-12 11:14:05] [   10.680860] SMP: stopping secondary CPUs
[2022-03-12 11:14:05] [   10.830745] Kernel Offset: disabled
[2022-03-12 11:14:05] [   10.834226] Memory Limit: none
[2022-03-12 11:14:05] [   10.837273] trusty-log panic notifier - trusty version Built: 12:20:14 Jul 26 2021 [   10.849613] Rebooting in 5 seconds..
[2022-03-12 11:14:10] [0000.163] I> Welcome to MB2(TBoot-BPMP)(version: 01.00.160913-t186-M-00.00-mobile-c368a720)
[2022-03-12 11:14:10] [0000.172] I> Boot-device: eMMC
[2022-03-12 11:14:10] [0000.179] I> sdmmc bdev is already initialized
[2022-03-12 11:14:10] [0000.184] I> pmic: reset reason (nverc)	: 0x0
[2022-03-12 11:14:10] [0000.217] I> Found 19 partitions in SDMMC_BOOT (instance 3)
[2022-03-12 11:14:10] [0000.237] I> Found 33 partitions in SDMMC_USER (instance 3)
[2022-03-12 11:14:10] [0000.243] W> No valid slot number is found in scratch register
[2022-03-12 11:14:10] [0000.248] W> Return default slot: _a
[2022-03-12 11:14:10] [0000.252] I> A/B: bin_type (16) slot 0
[2022-03-12 11:14:10] [0000.255] I> Loading partition bpmp-fw at 0xd7800000
[2022-03-12 11:14:10] [0000.260] I> Reading two headers - addr:0xd7800000 blocks:1
[2022-03-12 11:14:10] [0000.266] I> Addr: 0xd7800000, start-block: 58777608, num_blocks: 1
[2022-03-12 11:14:10] [0000.290] I> Binary(16) of size 534416 is loaded @ 0xd7800000
[2022-03-12 11:14:10] [0000.296] W> No valid slot number is found in scratch register
[2022-03-12 11:14:10] [0000.302] W> Return default slot: _a
[2022-03-12 11:14:10] [0000.305] I> A/B: bin_type (17) slot 0
[2022-03-12 11:14:10] [0000.309] I> Loading partition bpmp-fw-dtb at 0xd79f0000
[2022-03-12 11:14:10] [0000.314] I> Reading two headers - addr:0xd79f0000 blocks:1
[2022-03-12 11:14:10] [0000.319] I> Addr: 0xd79f0000, start-block: 58780024, num_blocks: 1
[2022-03-12 11:14:10] [0000.345] I> Binary(17) of size 604720 is loaded @ 0xd796c400
[2022-03-12 11:14:11] [0000.574] I> Loading SCE-FW ...
[2022-03-12 11:14:11] [0000.577] W> No valid slot number is found in scratch register
[2022-03-12 11:14:11] [0000.582] W> Return default slot: _a
[2022-03-12 11:14:11] [0000.586] I> A/B: bin_type (12) slot 0
[2022-03-12 11:14:11] [0000.589] I> Loading partition sce-fw at 0xd7300000
[2022-03-12 11:14:11] [0000.594] I> Reading two headers - addr:0xd7300000 blocks:1
[2022-03-12 11:14:11] [0000.599] I> Addr: 0xd7300000, start-block: 58784120, num_blocks: 1
[2022-03-12 11:14:11] [0000.619] I> Binary(12) of size 125632 is loaded @ 0xd7300000
[2022-03-12 11:14:11] [0000.624] I> Init SCE
[2022-03-12 11:14:11] [0000.627] I> Loading APE-FW ...
[2022-03-12 11:14:11] [0000.630] W> No valid slot number is found in scratch register
[2022-03-12 11:14:11] [0000.635] W> Return default slot: _a
[2022-03-12 11:14:11] [0000.639] I> A/B: bin_type (11) slot 0
[2022-03-12 11:14:11] [0000.642] I> Loading partition adsp-fw at 0xd7400000
[2022-03-12 11:14:11] [0000.647] I> Reading two headers - addr:0xd7400000 blocks:1
[2022-03-12 11:14:11] [0000.653] I> Addr: 0xd7400000, start-block: 58761224, num_blocks: 1
[2022-03-12 11:14:11] [0000.672] I> Binary(11) of size 77216 is loaded @ 0xd7400000
[2022-03-12 11:14:11] [0000.677] I> Copy BTCM section
[2022-03-12 11:14:11] [0000.680] W> No valid slot number is found in scratch register
[2022-03-12 11:14:11] [0000.686] W> Return default slot: _a
[2022-03-12 11:14:11] [0000.689] I> A/B: bin_type (13) slot 0
[2022-03-12 11:14:11] [0000.693] I> Loading partition cpu-bootloader at 0x96000000
[2022-03-12 11:14:11] [0000.699] I> Reading two headers - addr:0x96000000 blocks:1
[2022-03-12 11:14:11] [0000.704] I> Addr: 0x96000000, start-block: 58740744, num_blocks: 1
[2022-03-12 11:14:11] [0000.725] I> Binary(13) of size 308800 is loaded @ 0x96000000
[2022-03-12 11:14:11] [0000.731] W> No valid slot number is found in scratch register
[2022-03-12 11:14:11] [0000.737] W> Return default slot: _a
[2022-03-12 11:14:11] [0000.740] I> A/B: bin_type (20) slot 0
[2022-03-12 11:14:11] [0000.744] I> Loading partition bootloader-dtb at 0x85205400
[2022-03-12 11:14:11] [0000.749] I> Reading two headers - addr:0x85205400 blocks:1
[2022-03-12 11:14:11] [0000.754] I> Addr: 0x85205400, start-block: 58742792, num_blocks: 1
[2022-03-12 11:14:11] [0000.776] I> Binary(20) of size 375568 is loaded @ 0x85205400
[2022-03-12 11:14:11] [0000.782] W> No valid slot number is found in scratch register
[2022-03-12 11:14:11] [0000.788] W> Return default slot: _a
[2022-03-12 11:14:11] [0000.791] I> A/B: bin_type (14) slot 0
[2022-03-12 11:14:11] [0000.795] I> Loading partition secure-os at 0x85305600
[2022-03-12 11:14:11] [0000.800] I> Reading two headers - addr:0x85305600 blocks:1
[2022-03-12 11:14:11] [0000.805] I> Addr: 0x85305600, start-block: 58744840, num_blocks: 1
[2022-03-12 11:14:11] [0000.828] I> Binary(14) of size 402864 is loaded @ 0x85305600
[2022-03-12 11:14:11] [0000.835] I> TOS boot-params @ 0x85000000
[2022-03-12 11:14:11] [0000.839] I> TOS params prepared
[2022-03-12 11:14:11] [0000.842] I> Loading EKS ...
[2022-03-12 11:14:11] [0000.845] I> A/B: bin_type (15) slot 0
[2022-03-12 11:14:11] [0000.849] I> Loading partition eks at 0x85905800
[2022-03-12 11:14:11] [0000.853] I> Reading two headers - addr:0x85905800 blocks:1
[2022-03-12 11:14:11] [0000.859] I> Addr: 0x85905800, start-block: 58757128, num_blocks: 1
[2022-03-12 11:14:11] [0000.877] I> Binary(15) of size 1040 is loaded @ 0x85905800
[2022-03-12 11:14:11] [0000.883] I> EKB detected (length: 0x400) @ 0x85905800
[2022-03-12 11:14:11] [0000.888] I> Copied encrypted keys
[2022-03-12 11:14:11] [0000.892] I> boot profiler @ 0x275844000
[2022-03-12 11:14:11] [0000.895] I> boot profiler for TOS @ 0x275844000
[2022-03-12 11:14:11] [0000.900] I> Unhalting SCE
[2022-03-12 11:14:11] [0000.903] I> Primary Memory Start:80000000 Size:70000000
[2022-03-12 11:14:11] [0000.908] I> Extended Memory Start:f0110000 Size:1856f0000
[2022-03-12 11:14:11] [0000.915] I> MB2(TBoot-BPMP) done
[2022-03-12 11:14:11] 
[2022-03-12 11:14:11] NOTICE:  BL31: v1.3(release):b5eeb33f7
[2022-03-12 11:14:11] NOTICE:  BL31: Built : 12:15:17, Jul 26 2021
[2022-03-12 11:14:11] ipc-unittest-main: 1519: Welcome to IPC unittest!!!
[2022-03-12 11:14:11] ipc-unittest-main: 1531: waiting forever
[2022-03-12 11:14:11] ipc-unittest-srv: 329: Init unittest services!!!
[2022-03-12 11:14:11] hwkey-agent: 41: hwkey-agent is running!!
[2022-03-12 11:14:11] hwkey-agent: 315: key_mgnt_processing .......
[2022-03-12 11:14:11] hwkey-agent: 223: Setting EKB key 0 to slot 14
[2022-03-12 11:14:11] hwkey-agent: 178: Init hweky-agent services!!
[2022-03-12 11:14:11] luks-srv: 40: luks-srv is running!!
[2022-03-12 11:14:11] luks-srv: 157: Init luks-srv IPC services!!
[2022-03-12 11:14:11] platform_bootstrap_epilog: trusty bootstrap complete
[2022-03-12 11:14:11] [0001.287] I> Welcome to Cboot
[2022-03-12 11:14:11] [0001.290] I> Cboot Version: t186-00029e71
[2022-03-12 11:14:11] [0001.294] I> CPU-BL Params @ 0x275800000
[2022-03-12 11:14:11] [0001.297] I>  0) Base:0x00000000 Size:0x00000000
[2022-03-12 11:14:11] [0001.302] I>  1) Base:0x277f00000 Size:0x00100000
[2022-03-12 11:14:11] [0001.306] I>  2) Base:0x277e00000 Size:0x00100000
[2022-03-12 11:14:11] [0001.311] I>  3) Base:0x277d00000 Size:0x00100000
[2022-03-12 11:14:11] [0001.315] I>  4) Base:0x277c00000 Size:0x00100000
[2022-03-12 11:14:11] [0001.320] I>  5) Base:0x277b00000 Size:0x00100000
[2022-03-12 11:14:11] [0001.324] I>  6) Base:0x277800000 Size:0x00200000
[2022-03-12 11:14:11] [0001.329] I>  7) Base:0x277400000 Size:0x00400000
[2022-03-12 11:14:11] [0001.333] I>  8) Base:0x277a00000 Size:0x00100000
[2022-03-12 11:14:11] [0001.338] I>  9) Base:0x277300000 Size:0x00100000
[2022-03-12 11:14:11] [0001.342] I> 10) Base:0x276800000 Size:0x00800000
[2022-03-12 11:14:11] [0001.347] I> 11) Base:0x30000000 Size:0x00040000
[2022-03-12 11:14:11] [0001.351] I> 12) Base:0xf0000000 Size:0x00100000
[2022-03-12 11:14:11] [0001.356] I> 13) Base:0x30040000 Size:0x00001000
[2022-03-12 11:14:11] [0001.360] I> 14) Base:0x30048000 Size:0x00001000
[2022-03-12 11:14:11] [0001.365] I> 15) Base:0x30049000 Size:0x00001000
[2022-03-12 11:14:11] [0001.369] I> 16) Base:0x3004a000 Size:0x00001000
[2022-03-12 11:14:11] [0001.374] I> 17) Base:0x3004b000 Size:0x00001000
[2022-03-12 11:14:11] [0001.378] I> 18) Base:0x3004c000 Size:0x00001000
[2022-03-12 11:14:11] [0001.382] I> 19) Base:0x3004d000 Size:0x00001000
[2022-03-12 11:14:11] [0001.387] I> 20) Base:0x3004e000 Size:0x00001000
[2022-03-12 11:14:11] [0001.391] I> 21) Base:0x3004f000 Size:0x00001000
[2022-03-12 11:14:11] [0001.396] I> 22) Base:0x00000000 Size:0x00000000
[2022-03-12 11:14:11] [0001.400] I> 23) Base:0xf0100000 Size:0x00010000
[2022-03-12 11:14:11] [0001.405] I> 24) Base:0x00000000 Size:0x00000000
[2022-03-12 11:14:11] [0001.409] I> 25) Base:0x00000000 Size:0x00000000
[2022-03-12 11:14:11] [0001.413] I> 26) Base:0x00000000 Size:0x00000000
[2022-03-12 11:14:11] [0001.418] I> 27) Base:0x00000000 Size:0x00000000
[2022-03-12 11:14:11] [0001.422] I> 28) Base:0x84400000 Size:0x00400000
[2022-03-12 11:14:11] [0001.427] I> 29) Base:0x30000000 Size:0x00010000
[2022-03-12 11:14:11] [0001.431] I> 30) Base:0x278000000 Size:0x08000000
[2022-03-12 11:14:11] [0001.436] I> 31) Base:0x00000000 Size:0x00000000
[2022-03-12 11:14:11] [0001.440] I> 32) Base:0x276000000 Size:0x00600000
[2022-03-12 11:14:11] [0001.445] I> 33) Base:0x80000000 Size:0x70000000
[2022-03-12 11:14:11] [0001.449] I> 34) Base:0xf0110000 Size:0x1856f0000
[2022-03-12 11:14:11] [0001.454] I> 35) Base:0x00000000 Size:0x00000000
[2022-03-12 11:14:11] [0001.458] I> 36) Base:0x00000000 Size:0x00000000
[2022-03-12 11:14:11] [0001.462] I> 37) Base:0x2772e0000 Size:0x00020000
[2022-03-12 11:14:11] [0001.467] I> 38) Base:0x84000000 Size:0x00400000
[2022-03-12 11:14:11] [0001.471] I> 39) Base:0x96000000 Size:0x02000000
[2022-03-12 11:14:11] [0001.476] I> 40) Base:0x85000000 Size:0x01200000
[2022-03-12 11:14:11] [0001.480] I> 41) Base:0x275800000 Size:0x00500000
[2022-03-12 11:14:11] [0001.485] I> 42) Base:0x00000000 Size:0x00000000
[2022-03-12 11:14:11] [0001.489] I> 43) Base:0x00000000 Size:0x00000000
[2022-03-12 11:14:11] [0001.494] GIC-SPI Target CPU: 4
[2022-03-12 11:14:11] [0001.497] Interrupts Init done
[2022-03-12 11:14:11] [0001.500] calling constructors
[2022-03-12 11:14:12] [0001.503] initializing heap
[2022-03-12 11:14:12] [0001.506] initializing threads
[2022-03-12 11:14:12] [0001.509] initializing timers
[2022-03-12 11:14:12] [0001.512] creating bootstrap completion thread
[2022-03-12 11:14:12] [0001.517] top of bootstrap2()
[2022-03-12 11:14:12] [0001.520] CPU: ARM Cortex A57
[2022-03-12 11:14:12] [0001.523] CPU: MIDR: 0x411FD073, MPIDR: 0x80000100
[2022-03-12 11:14:12] [0001.528] initializing platform
[2022-03-12 11:14:12] [0001.532] I> Bl_dtb @0x85205400
[2022-03-12 11:14:12] [0001.535] I> gpio framework initialized
[2022-03-12 11:14:12] [0001.541] I> tegrabl_gpio_driver_register: register 'nvidia,tegra186-gpio' driver
[2022-03-12 11:14:12] [0001.551] I> tegrabl_gpio_driver_register: register 'nvidia,tegra186-gpio-aon' driver
[2022-03-12 11:14:12] [0001.559] I> GPIO framework and drivers are initialized.
[2022-03-12 11:14:12] [0001.564] I> Boot-device: eMMC
[2022-03-12 11:14:12] [0001.571] I> sdmmc bdev is already initialized
[2022-03-12 11:14:12] [0001.602] I> Found 19 partitions in SDMMC_BOOT (instance 3)
[2022-03-12 11:14:12] [0001.620] I> Found 33 partitions in SDMMC_USER (instance 3)
[2022-03-12 11:14:12] [0001.625] W> opt-in fuse is not set, skip fuse_burning
[2022-03-12 11:14:12] [0001.630] I> Reserved memory at 0xfbe00000 for U-Boot relocation
[2022-03-12 11:14:12] [0001.636] W> No valid slot number is found in scratch register
[2022-03-12 11:14:12] [0001.641] W> Return default slot: _a
[2022-03-12 11:14:12] [0001.651] I> A/B: bin_type (21) slot 0
[2022-03-12 11:14:12] [0001.654] I> Loading kernel-dtb from partition
[2022-03-12 11:14:12] [0001.659] I> Loading partition kernel-dtb at 0x80000000 from device(0x1)
[2022-03-12 11:14:12] [0001.676] I> Kernel_dtb @0x80000000
[2022-03-12 11:14:12] [0001.679] I> tegrabl_tca9539_init: i2c bus: 0, slave addr: 0xee
[2022-03-12 11:14:12] [0001.689] I> tegrabl_gpio_driver_register: register 'tca9539_gpio_driver' driver
[2022-03-12 11:14:12] [0001.697] I> tegrabl_tca9539_init: i2c bus: 0, slave addr: 0xe8
[2022-03-12 11:14:12] [0001.706] I> tegrabl_gpio_driver_register: register 'tca9539_gpio_driver' driver
[2022-03-12 11:14:12] [0001.716] I> fixed regulator driver initialized
[2022-03-12 11:14:12] [0001.749] I> register 'maxim' power off handle
[2022-03-12 11:14:12] [0001.755] I> virtual i2c enabled
[2022-03-12 11:14:12] [0001.758] I> registered 'maxim,max77620' pmic
[2022-03-12 11:14:12] [0001.763] I> tegrabl_gpio_driver_register: register 'max77620-gpio' driver
[2022-03-12 11:14:12] [0001.777] E> failed to read label property for node 324936: 13
[2022-03-12 11:14:12] [0001.785] E> failed to read reg property for node 325032: 13
[2022-03-12 11:14:12] [0001.793] E> failed to read reg property for node 325084: 13
[2022-03-12 11:14:12] [0001.802] E> failed to read label property for node 325168: 13
[2022-03-12 11:14:12] [0001.810] E> failed to read label property for node 325236: 13
[2022-03-12 11:14:12] [0001.818] E> failed to read reg property for node 325304: 13
[2022-03-12 11:14:12] [0001.827] E> failed to read reg property for node 325376: 13
[2022-03-12 11:14:12] [0001.837] I> Find /i2c@c250000's alias i2c7
[2022-03-12 11:14:12] [0001.841] I> Reading eeprom i2c=7 address=0x50
[2022-03-12 11:14:12] [0001.870] I> Device at /i2c@c250000:0x50
[2022-03-12 11:14:12] [0001.874] I> Reading eeprom i2c=7 address=0x57
[2022-03-12 11:14:12] [0001.903] I> Device at /i2c@c250000:0x57
[2022-03-12 11:14:12] [0001.907] I> Find /i2c@c240000's alias i2c1
[2022-03-12 11:14:12] [0001.911] I> Reading eeprom i2c=1 address=0x51
[2022-03-12 11:14:12] [0001.916] E> I2C: slave not found in slaves.
[2022-03-12 11:14:12] [0001.920] E> I2C: Could not write 0 bytes to slave: 0x00a2 with repeat start true.
[2022-03-12 11:14:12] [0001.928] E> I2C_DEV: Failed to send register address 0x00000000.
[2022-03-12 11:14:12] [0001.934] E> I2C_DEV: Could not read 256 registers of size 1 from slave 0xa2 at 0x00000000 via instance 1.
[2022-03-12 11:14:12] [0001.944] E> eeprom: Retry to read I2C slave device.
[2022-03-12 11:14:12] [0001.948] E> I2C: slave not found in slaves.
[2022-03-12 11:14:12] [0001.953] E> I2C: Could not write 0 bytes to slave: 0x00a2 with repeat start true.
[2022-03-12 11:14:12] [0001.960] E> I2C_DEV: Failed to send register address 0x00000000.
[2022-03-12 11:14:12] [0001.966] E> I2C_DEV: Could not read 256 registers of size 1 from slave 0xa2 at 0x00000000 via instance 1.
[2022-03-12 11:14:12] [0001.976] E> eeprom: Failed to read I2C slave device
[2022-03-12 11:14:12] [0001.980] I> Eeprom read failed 0x3526070d
[2022-03-12 11:14:12] [0001.985] I> Find /i2c@3160000's alias i2c0
[2022-03-12 11:14:12] [0001.989] I> Reading eeprom i2c=0 address=0x50
[2022-03-12 11:14:12] [0001.993] E> I2C: slave not found in slaves.
[2022-03-12 11:14:12] [0001.997] E> I2C: Could not write 0 bytes to slave: 0x00a0 with repeat start true.
[2022-03-12 11:14:12] [0002.005] E> I2C_DEV: Failed to send register address 0x00000000.
[2022-03-12 11:14:12] [0002.011] E> I2C_DEV: Could not read 256 registers of size 1 from slave 0xa0 at 0x00000000 via instance 0.
[2022-03-12 11:14:12] [0002.020] E> eeprom: Failed to read I2C slave device
[2022-03-12 11:14:12] [0002.025] I> Eeprom read failed 0x3526070d
[2022-03-12 11:14:12] [0002.030] I> Find /i2c@3180000's alias i2c2
[2022-03-12 11:14:12] [0002.034] I> Reading eeprom i2c=2 address=0x54
[2022-03-12 11:14:12] [0002.038] I> Enabling gpio chip_id = 2, gpio pin = 9
[2022-03-12 11:14:12] [0002.069] I> Disabling gpio chip_id = 2, gpio pin = 9
[2022-03-12 11:14:12] [0002.074] I> Device at /i2c@3180000:0x54
[2022-03-12 11:14:12] [0002.078] I> Reading eeprom i2c=2 address=0x57
[2022-03-12 11:14:12] [0002.082] I> Enabling gpio chip_id = 2, gpio pin = 9
[2022-03-12 11:14:12] [0002.088] E> I2C: slave not found in slaves.
[2022-03-12 11:14:12] [0002.092] E> I2C: Could not write 0 bytes to slave: 0x00ae with repeat start true.
[2022-03-12 11:14:12] [0002.100] E> I2C_DEV: Failed to send register address 0x00000000.
[2022-03-12 11:14:12] [0002.105] E> I2C_DEV: Could not read 256 registers of size 1 from slave 0xae at 0x00000000 via instance 2.
[2022-03-12 11:14:12] [0002.115] E> eeprom: Failed to read I2C slave device
[2022-03-12 11:14:12] [0002.120] I> Disabling gpio chip_id = 2, gpio pin = 9
[2022-03-12 11:14:12] [0002.125] I> Eeprom read failed 0x00000000
[2022-03-12 11:14:12] [0002.129] I> create_pm_ids: id: 3310-1000-D00-L, len: 15
[2022-03-12 11:14:12] [0002.134] I> config: mem-type:00,power-config:00,misc-config:00,modem-config:00,touch-config:00,display-config:00,, len: 93
[2022-03-12 11:14:12] [0002.145] I> create_pm_ids: id: 2597-0000-900-E, len: 15
[2022-03-12 11:14:12] [0002.150] I> config: mem-type:00,power-config:00,misc-config:00,modem-config:00,touch-config:00,display-config:00,, len: 93
[2022-03-12 11:14:12] [0002.161] I> create_pm_ids: id: 3326-1000-000-M, len: 15
[2022-03-12 11:14:12] [0002.166] I> config: mem-type:ff,power-config:ff,misc-config:ff,modem-config:ff,touch-config:ff,display-config:ff,, len: 93
[2022-03-12 11:14:12] [0002.201] I> enabling 'vdd-hdmi' regulator
[2022-03-12 11:14:12] [0002.217] I> regulator 'vdd-hdmi' already enabled
[2022-03-12 11:14:12] [0002.221] E> tegrabl_display_init_regulator: hdmi cable is not connected
[2022-03-12 11:14:12] [0002.228] E> tegrabl_display_get_pdata, failed to parse dtb settings
[2022-03-12 11:14:12] [0002.237] E> cannot find any other nvdisp nodes
[2022-03-12 11:14:12] [0002.241] E> no valid display unit config found in dtb
[2022-03-12 11:14:12] [0002.247] W> display init failed
[2022-03-12 11:14:12] [0002.250] initializing target
[2022-03-12 11:14:12] [0002.253] calling apps_init()
[2022-03-12 11:14:12] [0002.256] starting app kernel_boot_app
[2022-03-12 11:14:12] [0002.278] I> found decompressor handler: lz4-legacy
[2022-03-12 11:14:12] [0002.283] I> decompressing BMP blob ...
[2022-03-12 11:14:12] [0002.295] I> Kernel type = Normal
[2022-03-12 11:14:12] [0002.298] I> ########## Fixed storage boot ##########
[2022-03-12 11:14:12] [0002.303] I> Loading kernel-bootctrl from partition
[2022-03-12 11:14:12] [0002.308] I> Loading partition kernel-bootctrl at 0xa8000000 from device(0x1)
[2022-03-12 11:14:12] [0002.322] W> tegrabl_get_kernel_bootctrl: magic number(0x00000000) is invalid
[2022-03-12 11:14:12] [0002.329] W> tegrabl_get_kernel_bootctrl: use default dummy boot control data
[2022-03-12 11:14:12] [0002.336] W> No valid slot number is found in scratch register
[2022-03-12 11:14:12] [0002.341] W> Return default slot: _a
[2022-03-12 11:14:12] [0002.345] I> A/B: bin_type (24) slot 0
[2022-03-12 11:14:12] [0002.360] I> Boot image size read from image header: 9913d
[2022-03-12 11:14:12] [0002.366] I> Boot image load address: 0x80400000
[2022-03-12 11:14:12] [0002.370] I> Loading kernel from partition
[2022-03-12 11:14:12] [0002.374] I> Loading partition kernel at 0x80400000 from device(0x1)
[2022-03-12 11:14:13] [0003.316] I> Validate kernel ...
[2022-03-12 11:14:13] [0003.319] I> T18x: Authenticate kernel (bin_type 24), max size 0x4000000
[2022-03-12 11:14:13] [0003.327] I> Decrypt the buffer ... [0003.330] W> tegrabl_decrypt_block: fuse (0x0) is not burnt to do encryption (0x4); skip decryption.
[2022-03-12 11:14:13] [0003.339] I> done
[2022-03-12 11:14:13] [0003.341] I> Checking boot.img header magic ... [0003.345] I> [OK]
[2022-03-12 11:14:13] [0003.347] I> kernel-dtb is already loaded
[2022-03-12 11:14:13] [0003.351] I> Validate kernel-dtb ...
[2022-03-12 11:14:13] [0003.354] I> T18x: Authenticate kernel-dtb (bin_type 21), max size 0x100000
[2022-03-12 11:14:13] [0003.362] I> Decrypt the buffer ... [0003.365] W> tegrabl_decrypt_block: fuse (0x0) is not burnt to do encryption (0x4); skip decryption.
[2022-03-12 11:14:13] [0003.374] I> done
[2022-03-12 11:14:13] [0003.376] I> Kernel hdr @0x80400000
[2022-03-12 11:14:13] [0003.379] I> Kernel dtb @0x80000000
[2022-03-12 11:14:13] [0003.382] I> decompressor handler not found
[2022-03-12 11:14:13] [0003.386] I> Copying kernel image (627005 bytes) from 0x80400800 to 0x80600000 ... [0003.394] I> Done
[2022-03-12 11:14:13] [0003.396] I> Move ramdisk (len: 0) from 0x8049a000 to 0x947d0000
[2022-03-12 11:14:13] [0003.403] I> Updated bpmp info to DTB
[2022-03-12 11:14:13] [0003.409] I> Ramdisk: Base: 0x947d0000; Size: 0x0
[2022-03-12 11:14:13] [0003.414] I> Updated initrd info to DTB
[2022-03-12 11:14:13] [0003.417] W> WARN: Fail to override "console=none" in commandline
[2022-03-12 11:14:13] [0003.423] I> Active rootfs suffix: 
[2022-03-12 11:14:13] [0003.427] E> tegrabl_linuxboot_add_disp_param, du 0 failed to get display params
[2022-03-12 11:14:13] [0003.434] E> tegrabl_linuxboot_add_disp_param, du 0 failed to get display params
[2022-03-12 11:14:13] [0003.441] E> tegrabl_linuxboot_add_disp_param, du 0 failed to get display params
[2022-03-12 11:14:13] [0003.448] I> disabled_core_mask: 0xffffff0c
[2022-03-12 11:14:13] [0003.452] W> No valid slot number is found in scratch register
[2022-03-12 11:14:13] [0003.458] W> Return default slot: _a
[2022-03-12 11:14:13] [0003.461] I> Active slot suffix: 
[2022-03-12 11:14:13] [0003.464] I> add_boot_slot_suffix: slot_suffix = 
[2022-03-12 11:14:13] [0003.469] I> Linux Cmdline: console=ttyS0,115200 androidboot.presilicon=true firmware_class.path=/etc/firmware root=/dev/mmcblk0p1 rw rootwait rootfstype=ext4 console=ttyS0,115200n8 console=tty0 fbcon=map:0 net.ifnames=0 isolcpus=1-2  video=tegrafb earlycon=uart8250,mmio32,0x3100000 nvdumper_reserved=0x2772e0000 gpt rootfs.slot_suffix= usbcore.old_scheme_first=1 tegraid=18.1.2.0.0 maxcpus=6 no_console_suspend boot.slot_suffix= boot.ratchetvalues=0.2031647.1 vpr_resize bl_prof_dataptr=0x10000@0x275840000 sdhci_tegra.en_boot_part_access=1 
[2022-03-12 11:14:14] [0003.516] I> Updated bootarg info to DTB
[2022-03-12 11:14:14] [0003.520] I> eeprom_get_mac_addr: MAC (type: 0): 48:b0:2d:0f:11:c5
[2022-03-12 11:14:14] [0003.526] I> eeprom_get_mac_addr: MAC (type: 1): 48:b0:2d:0f:11:c6
[2022-03-12 11:14:14] [0003.533] I> eeprom_get_mac_addr: MAC (type: 2): 48:b0:2d:0f:11:c7
[2022-03-12 11:14:14] [0003.539] E> Found no plugin manager ids in source DT
[2022-03-12 11:14:14] [0003.544] W> Add plugin manager ids from board info
[2022-03-12 11:14:14] [0003.548] W> "plugin-manager" doesn't exist, creating
[2022-03-12 11:14:14] [0003.553] W> "ids" doesn't exist, creating
[2022-03-12 11:14:14] [0003.557] W> "connection" doesn't exist, creating
[2022-03-12 11:14:14] [0003.562] W> "configs" doesn't exist, creating
[2022-03-12 11:14:14] [0003.566] I> create_pm_ids: id: 3310-1000-D00-L, len: 15
[2022-03-12 11:14:14] [0003.571] I> config: mem-type:00,power-config:00,misc-config:00,modem-config:00,touch-config:00,display-config:00,, len: 93
[2022-03-12 11:14:14] [0003.582] I> create_pm_ids: id: 2597-0000-900-E, len: 15
[2022-03-12 11:14:14] [0003.588] I> config: mem-type:00,power-config:00,misc-config:00,modem-config:00,touch-config:00,display-config:00,, len: 93
[2022-03-12 11:14:14] [0003.598] I> create_pm_ids: id: 3326-1000-000-M, len: 15
[2022-03-12 11:14:14] [0003.604] I> config: mem-type:ff,power-config:ff,misc-config:ff,modem-config:ff,touch-config:ff,display-config:ff,, len: 93
[2022-03-12 11:14:14] [0003.615] I> Adding plugin-manager/ids/3310-1000-D00=/i2c@c250000:module@0x50
[2022-03-12 11:14:14] [0003.622] W> "i2c@c250000" doesn't exist, creating
[2022-03-12 11:14:14] [0003.626] W> "module@0x50" doesn't exist, creating
[2022-03-12 11:14:14] [0003.631] I> Adding plugin-manager/ids/2597-0000-900=/i2c@c250000:module@0x57
[2022-03-12 11:14:14] [0003.639] W> "module@0x57" doesn't exist, creating
[2022-03-12 11:14:14] [0003.644] I> Adding plugin-manager/ids/3326-1000-000=/i2c@3180000:module@0x54
[2022-03-12 11:14:14] [0003.651] W> "i2c@3180000" doesn't exist, creating
[2022-03-12 11:14:14] [0003.656] W> "module@0x54" doesn't exist, creating
[2022-03-12 11:14:14] [0003.662] I> Adding plugin-manager/ids/3310-1000-D00-L
[2022-03-12 11:14:14] [0003.669] I> Adding plugin-manager/configs/3310-mem-type 00
[2022-03-12 11:14:14] [0003.675] I> Adding plugin-manager/configs/3310-power-config 00
[2022-03-12 11:14:14] [0003.681] I> Adding plugin-manager/configs/3310-misc-config 00
[2022-03-12 11:14:14] [0003.687] I> Adding plugin-manager/configs/3310-modem-config 00
[2022-03-12 11:14:14] [0003.693] I> Adding plugin-manager/configs/3310-touch-config 00
[2022-03-12 11:14:14] [0003.699] I> Adding plugin-manager/configs/3310-display-config 00
[2022-03-12 11:14:14] [0003.705] I> Adding plugin-manager/cvm
[2022-03-12 11:14:14] [0003.709] W> "chip-id" doesn't exist, creating
[2022-03-12 11:14:14] [0003.713] I> Adding plugin-manager/chip-id/A02P
[2022-03-12 11:14:14] [0003.718] W> "odm-data" doesn't exist, creating
[2022-03-12 11:14:14] [0003.722] I> Adding /chosen/plugin-manager/odm-data
[2022-03-12 11:14:14] [0003.732] I> added [base:0x80000000, size:0x70000000] to /memory
[2022-03-12 11:14:14] [0003.738] I> added [base:0xf0200000, size:0x185600000] to /memory
[2022-03-12 11:14:14] [0003.744] I> added [base:0x275e00000, size:0x200000] to /memory
[2022-03-12 11:14:14] [0003.750] I> added [base:0x276600000, size:0x200000] to /memory
[2022-03-12 11:14:14] [0003.755] I> added [base:0x277000000, size:0x200000] to /memory
[2022-03-12 11:14:14] [0003.761] I> Updated memory info to DTB
[2022-03-12 11:14:14] [0003.766] E> add_disp_param: failed to get display params for du=0
[2022-03-12 11:14:14] [0003.774] W> "reset" doesn't exist, creating
[2022-03-12 11:14:14] [0003.778] W> "pmc-reset-reason" doesn't exist, creating
[2022-03-12 11:14:14] [0003.783] W> "pmic-reset-reason" doesn't exist, creating
[2022-03-12 11:14:14] [0003.790] I> Adding ecid(00000001646db7851000000013038200) to DT
[2022-03-12 11:14:14] [0003.795] I> disabled_core_mask: 0xffffff0c
[2022-03-12 11:14:14] [0003.808] I> Add serial number:1422420022173 as DT property
[2022-03-12 11:14:14] [0003.817] I> Plugin-manager override starting
[2022-03-12 11:14:14] [0003.823] I> node /plugin-manager/fragement@0 matches
[2022-03-12 11:14:14] [0003.833] I> node /plugin-manager/fragement@4 matches
[2022-03-12 11:14:14] [0003.846] I> node /plugin-manager/fragment-sdwake-p3310-1000-300 matches
[2022-03-12 11:14:14] [0003.866] I> node /plugin-manager/fragement-pmon-p3310-1000-300 matches
[2022-03-12 11:14:14] [0003.876] I> node /plugin-manager/fragement-pmon-p3310-1000-800 matches
[2022-03-12 11:14:14] [0003.885] I> node /plugin-manager/fragment-devslp@0 matches
[2022-03-12 11:14:14] [0003.897] I> node /plugin-manager/fragment-500-pcie-config matches
[2022-03-12 11:14:14] [0003.912] I> node /plugin-manager/fragment-500-xusb-config matches
[2022-03-12 11:14:14] [0003.935] I> node /plugin-manager/fragment-p3310-c00-comm matches
[2022-03-12 11:14:14] [0003.949] I> node /plugin-manager/fragment-p3310-c00-pmic matches
[2022-03-12 11:14:14] [0003.959] I> node /plugin-manager/fragment-p3310-c01 matches
[2022-03-12 11:14:14] [0003.972] I> node /plugin-manager/fragment-p3310-c03 matches
[2022-03-12 11:14:14] [0004.015] I> node /plugin-manager/fragment-e3326@0 matches
[2022-03-12 11:14:14] [0004.097] I> node /plugin-manager/fragment-p3310-c00-camera matches
[2022-03-12 11:14:14] [0004.124] I> Disable plugin-manager status in FDT
[2022-03-12 11:14:14] [0004.128] I> Plugin-manager override finished successfully
[2022-03-12 11:14:14] [0004.134] I> tegrabl_load_kernel_and_dtb: Done
[2022-03-12 11:14:14] [0004.138] E> tegrabl_display_clear: display is not initialized
[2022-03-12 11:14:14] [0004.144] W> Boot logo display failed...
[2022-03-12 11:14:14] [0004.147] I> Kernel EP: 0x80600000, DTB: 0x80000000
[2022-03-12 11:14:14] 
[2022-03-12 11:14:14] 
[2022-03-12 11:14:14] U-Boot 2020.04-g46e4604c78 (Jul 26 2021 - 12:10:58 -0700)
[2022-03-12 11:14:14] 
[2022-03-12 11:14:14] SoC: tegra186
[2022-03-12 11:14:14] Model: NVIDIA P2771-0000-500
[2022-03-12 11:14:14] Board: NVIDIA P2771-0000
[2022-03-12 11:14:14] DRAM:  7.8 GiB
[2022-03-12 11:14:14] MMC:   sdhci@3400000: 1, sdhci@3460000: 0
[2022-03-12 11:14:14] Loading Environment from MMC... *** Warning - bad CRC, using default environment
[2022-03-12 11:14:14] 
[2022-03-12 11:14:14] In:    serial
[2022-03-12 11:14:14] Out:   serial
[2022-03-12 11:14:14] Err:   serial
[2022-03-12 11:14:14] Net:   
[2022-03-12 11:14:14] Warning: ethernet@2490000 using MAC address from ROM
[2022-03-12 11:14:14] eth0: ethernet@2490000
[2022-03-12 11:14:14] Hit any key to stop autoboot:  2  1  0 
[2022-03-12 11:14:16] MMC: no card present
[2022-03-12 11:14:16] switch to partitions #0, OK
[2022-03-12 11:14:16] mmc0(part 0) is current device
[2022-03-12 11:14:17] Scanning mmc 0:1...
[2022-03-12 11:14:17] Found /boot/extlinux/extlinux.conf
[2022-03-12 11:14:17] Retrieving file: /boot/extlinux/extlinux.conf
[2022-03-12 11:14:17] 858 bytes read in 22 ms (38.1 KiB/s)
[2022-03-12 11:14:17] 1:	primary kernel
[2022-03-12 11:14:17] Retrieving file: /boot/initrd
[2022-03-12 11:14:17] 7238344 bytes read in 201 ms (34.3 MiB/s)
[2022-03-12 11:14:17] Retrieving file: /boot/Image
[2022-03-12 11:14:18] 34484232 bytes read in 829 ms (39.7 MiB/s)
[2022-03-12 11:14:18] append: console=ttyS0,115200 androidboot.presilicon=true firmware_class.path=/etc/firmware root=/dev/mmcblk0p1 rw rootwait rootfstype=ext4 console=ttyS0,115200n8 console=tty0 fbcon=map:0 net.ifnames=0 isolcpus=1-2  video=tegrafb earlycon=uart8250,mmio32,0x3100000 nvdumper_reserved=0x2772e0000 gpt rootfs.slot_suffix= usbcore.old_scheme_first=1 tegraid=18.1.2.0.0 maxcpus=6 no_console_suspend boot.slot_suffix= boot.ratchetvalues=0.2031647.1 vpr_resize bl_prof_dataptr=0x10000@0x275840000 sdhci_tegra.en_boot_part_access=1 quiet root=/dev/mmcblk0p1 rw rootwait rootfstype=ext4 console=ttyS0,115200n8 console=tty0 fbcon=map:0 net.ifnames=0 isolcpus=1-2 
[2022-03-12 11:14:18] ## Flattened Device Tree blob at 80000000
[2022-03-12 11:14:18]    Booting using the fdt blob at 0x80000000
[2022-03-12 11:14:18] ERROR: reserving fdt memory region failed (addr=0 size=0)
[2022-03-12 11:14:18] ERROR: reserving fdt memory region failed (addr=0 size=0)
[2022-03-12 11:14:18] ERROR: reserving fdt memory region failed (addr=0 size=0)
[2022-03-12 11:14:18]    Using Device Tree in place at 0000000080000000, end 0000000080060aa3
[2022-03-12 11:14:18] copying carveout for /host1x@13e00000/display-hub@15200000/display@15200000...
[2022-03-12 11:14:18] copying carveout for /host1x@13e00000/display-hub@15200000/display@15210000...
[2022-03-12 11:14:18] copying carveout for /host1x@13e00000/display-hub@15200000/display@15220000...
[2022-03-12 11:14:18] 
[2022-03-12 11:14:18] Starting kernel ...
[2022-03-12 11:14:18] 
[2022-03-12 11:14:18] [    0.000000] Booting Linux on physical CPU 0x100
[2022-03-12 11:14:18] [    0.000000] Linux version 4.9.253-tegra (buildbrain@mobile-u64-5497-d3000) (gcc version 7.3.1 20180425 [linaro-7.3-2018.05 revision d29120a424ecfbc167ef90065c0eeb7f91977701] (Linaro GCC 7.3-2018.05) ) #1 SMP PREEMPT Mon Jul 26 12:19:28 PDT 2021
[2022-03-12 11:14:18] [    0.000000] Boot CPU: AArch64 Processor [411fd073]
[2022-03-12 11:14:18] [    0.000000] OF: fdt:memory scan node memory@80000000, reg size 80,
