[0000.323] I> Welcome to MB2(TBoot-BPMP)(version: 01.00.160913-t186-M-00.00-mobile-c368a720)
[2022-03-12 11:33:18] [0000.332] I> Boot-device: eMMC
[2022-03-12 11:33:18] [0000.339] I> sdmmc bdev is already initialized
[2022-03-12 11:33:18] [0000.344] I> pmic: reset reason (nverc)	: 0x80
[2022-03-12 11:33:18] [0000.377] I> Found 19 partitions in SDMMC_BOOT (instance 3)
[2022-03-12 11:33:18] [0000.396] I> Found 33 partitions in SDMMC_USER (instance 3)
[2022-03-12 11:33:18] [0000.402] W> No valid slot number is found in scratch register
[2022-03-12 11:33:18] [0000.408] W> Return default slot: _a
[2022-03-12 11:33:18] [0000.412] I> A/B: bin_type (16) slot 0
[2022-03-12 11:33:18] [0000.415] I> Loading partition bpmp-fw at 0xd7800000
[2022-03-12 11:33:18] [0000.420] I> Reading two headers - addr:0xd7800000 blocks:1
[2022-03-12 11:33:18] [0000.425] I> Addr: 0xd7800000, start-block: 58777608, num_blocks: 1
[2022-03-12 11:33:18] [0000.450] I> Binary(16) of size 534416 is loaded @ 0xd7800000
[2022-03-12 11:33:18] [0000.456] W> No valid slot number is found in scratch register
[2022-03-12 11:33:18] [0000.462] W> Return default slot: _a
[2022-03-12 11:33:18] [0000.465] I> A/B: bin_type (17) slot 0
[2022-03-12 11:33:18] [0000.469] I> Loading partition bpmp-fw-dtb at 0xd79f0000
[2022-03-12 11:33:18] [0000.474] I> Reading two headers - addr:0xd79f0000 blocks:1
[2022-03-12 11:33:18] [0000.479] I> Addr: 0xd79f0000, start-block: 58780024, num_blocks: 1
[2022-03-12 11:33:18] [0000.505] I> Binary(17) of size 604720 is loaded @ 0xd796c400
[2022-03-12 11:33:19] [0000.735] I> Loading SCE-FW ...
[2022-03-12 11:33:19] [0000.738] W> No valid slot number is found in scratch register
[2022-03-12 11:33:19] [0000.744] W> Return default slot: _a
[2022-03-12 11:33:19] [0000.747] I> A/B: bin_type (12) slot 0
[2022-03-12 11:33:19] [0000.751] I> Loading partition sce-fw at 0xd7300000
[2022-03-12 11:33:19] [0000.756] I> Reading two headers - addr:0xd7300000 blocks:1
[2022-03-12 11:33:19] [0000.761] I> Addr: 0xd7300000, start-block: 58784120, num_blocks: 1
[2022-03-12 11:33:19] [0000.780] I> Binary(12) of size 125632 is loaded @ 0xd7300000
[2022-03-12 11:33:19] [0000.786] I> Init SCE
[2022-03-12 11:33:19] [0000.788] I> Loading APE-FW ...
[2022-03-12 11:33:19] [0000.791] W> No valid slot number is found in scratch register
[2022-03-12 11:33:19] [0000.797] W> Return default slot: _a
[2022-03-12 11:33:19] [0000.800] I> A/B: bin_type (11) slot 0
[2022-03-12 11:33:19] [0000.804] I> Loading partition adsp-fw at 0xd7400000
[2022-03-12 11:33:19] [0000.809] I> Reading two headers - addr:0xd7400000 blocks:1
[2022-03-12 11:33:19] [0000.814] I> Addr: 0xd7400000, start-block: 58761224, num_blocks: 1
[2022-03-12 11:33:19] [0000.833] I> Binary(11) of size 77216 is loaded @ 0xd7400000
[2022-03-12 11:33:19] [0000.839] I> Copy BTCM section
[2022-03-12 11:33:19] [0000.842] W> No valid slot number is found in scratch register
[2022-03-12 11:33:19] [0000.848] W> Return default slot: _a
[2022-03-12 11:33:19] [0000.851] I> A/B: bin_type (13) slot 0
[2022-03-12 11:33:19] [0000.855] I> Loading partition cpu-bootloader at 0x96000000
[2022-03-12 11:33:19] [0000.860] I> Reading two headers - addr:0x96000000 blocks:1
[2022-03-12 11:33:19] [0000.866] I> Addr: 0x96000000, start-block: 58740744, num_blocks: 1
[2022-03-12 11:33:19] [0000.887] I> Binary(13) of size 308800 is loaded @ 0x96000000
[2022-03-12 11:33:19] [0000.892] W> No valid slot number is found in scratch register
[2022-03-12 11:33:19] [0000.898] W> Return default slot: _a
[2022-03-12 11:33:19] [0000.901] I> A/B: bin_type (20) slot 0
[2022-03-12 11:33:19] [0000.905] I> Loading partition bootloader-dtb at 0x85205400
[2022-03-12 11:33:19] [0000.910] I> Reading two headers - addr:0x85205400 blocks:1
[2022-03-12 11:33:19] [0000.916] I> Addr: 0x85205400, start-block: 58742792, num_blocks: 1
[2022-03-12 11:33:19] [0000.938] I> Binary(20) of size 375568 is loaded @ 0x85205400
[2022-03-12 11:33:19] [0000.943] W> No valid slot number is found in scratch register
[2022-03-12 11:33:19] [0000.949] W> Return default slot: _a
[2022-03-12 11:33:19] [0000.953] I> A/B: bin_type (14) slot 0
[2022-03-12 11:33:19] [0000.956] I> Loading partition secure-os at 0x85305600
[2022-03-12 11:33:19] [0000.961] I> Reading two headers - addr:0x85305600 blocks:1
[2022-03-12 11:33:19] [0000.967] I> Addr: 0x85305600, start-block: 58744840, num_blocks: 1
[2022-03-12 11:33:19] [0000.989] I> Binary(14) of size 402864 is loaded @ 0x85305600
[2022-03-12 11:33:19] [0000.997] I> TOS boot-params @ 0x85000000
[2022-03-12 11:33:19] [0001.001] I> TOS params prepared
[2022-03-12 11:33:19] [0001.004] I> Loading EKS ...
[2022-03-12 11:33:19] [0001.006] I> A/B: bin_type (15) slot 0
[2022-03-12 11:33:19] [0001.010] I> Loading partition eks at 0x85905800
[2022-03-12 11:33:19] [0001.015] I> Reading two headers - addr:0x85905800 blocks:1
[2022-03-12 11:33:19] [0001.020] I> Addr: 0x85905800, start-block: 58757128, num_blocks: 1
[2022-03-12 11:33:19] [0001.039] I> Binary(15) of size 1040 is loaded @ 0x85905800
[2022-03-12 11:33:19] [0001.044] I> EKB detected (length: 0x400) @ 0x85905800
[2022-03-12 11:33:19] [0001.049] I> Copied encrypted keys
[2022-03-12 11:33:19] [0001.053] I> boot profiler @ 0x275844000
[2022-03-12 11:33:19] [0001.057] I> boot profiler for TOS @ 0x275844000
[2022-03-12 11:33:19] [0001.062] I> Unhalting SCE
[2022-03-12 11:33:19] [0001.064] I> Primary Memory Start:80000000 Size:70000000
[2022-03-12 11:33:19] [0001.070] I> Extended Memory Start:f0110000 Size:1856f0000
[2022-03-12 11:33:19] [0001.076] I> MB2(TBoot-BPMP) done
[2022-03-12 11:33:19] 
[2022-03-12 11:33:19] NOTICE:  BL31: v1.3(release):b5eeb33f7
[2022-03-12 11:33:19] NOTICE:  BL31: Built : 12:15:17, Jul 26 2021
[2022-03-12 11:33:19] ipc-unittest-main: 1519: Welcome to IPC unittest!!!
[2022-03-12 11:33:19] ipc-unittest-main: 1531: waiting forever
[2022-03-12 11:33:19] ipc-unittest-srv: 329: Init unittest services!!!
[2022-03-12 11:33:19] hwkey-agent: 41: hwkey-agent is running!!
[2022-03-12 11:33:19] hwkey-agent: 315: key_mgnt_processing .......
[2022-03-12 11:33:19] hwkey-agent: 223: Setting EKB key 0 to slot 14
[2022-03-12 11:33:19] hwkey-agent: 178: Init hweky-agent services!!
[2022-03-12 11:33:19] luks-srv: 40: luks-srv is running!!
[2022-03-12 11:33:19] luks-srv: 157: Init luks-srv IPC services!!
[2022-03-12 11:33:19] platform_bootstrap_epilog: trusty bootstrap complete
[2022-03-12 11:33:19] [0001.449] I> Welcome to Cboot
[2022-03-12 11:33:19] [0001.452] I> Cboot Version: t186-00029e71
[2022-03-12 11:33:19] [0001.456] I> CPU-BL Params @ 0x275800000
[2022-03-12 11:33:19] [0001.459] I>  0) Base:0x00000000 Size:0x00000000
[2022-03-12 11:33:19] [0001.464] I>  1) Base:0x277f00000 Size:0x00100000
[2022-03-12 11:33:19] [0001.468] I>  2) Base:0x277e00000 Size:0x00100000
[2022-03-12 11:33:19] [0001.473] I>  3) Base:0x277d00000 Size:0x00100000
[2022-03-12 11:33:19] [0001.477] I>  4) Base:0x277c00000 Size:0x00100000
[2022-03-12 11:33:19] [0001.482] I>  5) Base:0x277b00000 Size:0x00100000
[2022-03-12 11:33:19] [0001.486] I>  6) Base:0x277800000 Size:0x00200000
[2022-03-12 11:33:19] [0001.491] I>  7) Base:0x277400000 Size:0x00400000
[2022-03-12 11:33:19] [0001.495] I>  8) Base:0x277a00000 Size:0x00100000
[2022-03-12 11:33:19] [0001.500] I>  9) Base:0x277300000 Size:0x00100000
[2022-03-12 11:33:19] [0001.504] I> 10) Base:0x276800000 Size:0x00800000
[2022-03-12 11:33:19] [0001.509] I> 11) Base:0x30000000 Size:0x00040000
[2022-03-12 11:33:19] [0001.513] I> 12) Base:0xf0000000 Size:0x00100000
[2022-03-12 11:33:19] [0001.518] I> 13) Base:0x30040000 Size:0x00001000
[2022-03-12 11:33:19] [0001.522] I> 14) Base:0x30048000 Size:0x00001000
[2022-03-12 11:33:19] [0001.527] I> 15) Base:0x30049000 Size:0x00001000
[2022-03-12 11:33:19] [0001.531] I> 16) Base:0x3004a000 Size:0x00001000
[2022-03-12 11:33:19] [0001.536] I> 17) Base:0x3004b000 Size:0x00001000
[2022-03-12 11:33:19] [0001.540] I> 18) Base:0x3004c000 Size:0x00001000
[2022-03-12 11:33:19] [0001.544] I> 19) Base:0x3004d000 Size:0x00001000
[2022-03-12 11:33:19] [0001.549] I> 20) Base:0x3004e000 Size:0x00001000
[2022-03-12 11:33:19] [0001.553] I> 21) Base:0x3004f000 Size:0x00001000
[2022-03-12 11:33:19] [0001.558] I> 22) Base:0x00000000 Size:0x00000000
[2022-03-12 11:33:19] [0001.562] I> 23) Base:0xf0100000 Size:0x00010000
[2022-03-12 11:33:19] [0001.567] I> 24) Base:0x00000000 Size:0x00000000
[2022-03-12 11:33:19] [0001.571] I> 25) Base:0x00000000 Size:0x00000000
[2022-03-12 11:33:19] [0001.575] I> 26) Base:0x00000000 Size:0x00000000
[2022-03-12 11:33:19] [0001.580] I> 27) Base:0x00000000 Size:0x00000000
[2022-03-12 11:33:19] [0001.584] I> 28) Base:0x84400000 Size:0x00400000
[2022-03-12 11:33:19] [0001.589] I> 29) Base:0x30000000 Size:0x00010000
[2022-03-12 11:33:19] [0001.593] I> 30) Base:0x278000000 Size:0x08000000
[2022-03-12 11:33:19] [0001.598] I> 31) Base:0x00000000 Size:0x00000000
[2022-03-12 11:33:19] [0001.602] I> 32) Base:0x276000000 Size:0x00600000
[2022-03-12 11:33:19] [0001.607] I> 33) Base:0x80000000 Size:0x70000000
[2022-03-12 11:33:19] [0001.611] I> 34) Base:0xf0110000 Size:0x1856f0000
[2022-03-12 11:33:19] [0001.616] I> 35) Base:0x00000000 Size:0x00000000
[2022-03-12 11:33:19] [0001.620] I> 36) Base:0x00000000 Size:0x00000000
[2022-03-12 11:33:19] [0001.624] I> 37) Base:0x2772e0000 Size:0x00020000
[2022-03-12 11:33:19] [0001.629] I> 38) Base:0x84000000 Size:0x00400000
[2022-03-12 11:33:19] [0001.633] I> 39) Base:0x96000000 Size:0x02000000
[2022-03-12 11:33:19] [0001.638] I> 40) Base:0x85000000 Size:0x01200000
[2022-03-12 11:33:19] [0001.642] I> 41) Base:0x275800000 Size:0x00500000
[2022-03-12 11:33:19] [0001.647] I> 42) Base:0x00000000 Size:0x00000000
[2022-03-12 11:33:19] [0001.651] I> 43) Base:0x00000000 Size:0x00000000
[2022-03-12 11:33:19] [0001.656] GIC-SPI Target CPU: 4
[2022-03-12 11:33:19] [0001.659] Interrupts Init done
[2022-03-12 11:33:19] [0001.662] calling constructors
[2022-03-12 11:33:19] [0001.665] initializing heap
[2022-03-12 11:33:19] [0001.668] initializing threads
[2022-03-12 11:33:19] [0001.671] initializing timers
[2022-03-12 11:33:19] [0001.674] creating bootstrap completion thread
[2022-03-12 11:33:19] [0001.679] top of bootstrap2()
[2022-03-12 11:33:19] [0001.682] CPU: ARM Cortex A57
[2022-03-12 11:33:19] [0001.685] CPU: MIDR: 0x411FD073, MPIDR: 0x80000100
[2022-03-12 11:33:19] [0001.690] initializing platform
[2022-03-12 11:33:19] [0001.694] I> Bl_dtb @0x85205400
[2022-03-12 11:33:19] [0001.697] I> gpio framework initialized
[2022-03-12 11:33:19] [0001.703] I> tegrabl_gpio_driver_register: register 'nvidia,tegra186-gpio' driver
[2022-03-12 11:33:20] [0001.713] I> tegrabl_gpio_driver_register: register 'nvidia,tegra186-gpio-aon' driver
[2022-03-12 11:33:20] [0001.721] I> GPIO framework and drivers are initialized.
[2022-03-12 11:33:20] [0001.726] I> Boot-device: eMMC
[2022-03-12 11:33:20] [0001.733] I> sdmmc bdev is already initialized
[2022-03-12 11:33:20] [0001.764] I> Found 19 partitions in SDMMC_BOOT (instance 3)
[2022-03-12 11:33:20] [0001.782] I> Found 33 partitions in SDMMC_USER (instance 3)
[2022-03-12 11:33:20] [0001.787] W> opt-in fuse is not set, skip fuse_burning
[2022-03-12 11:33:20] [0001.792] I> Reserved memory at 0xfbe00000 for U-Boot relocation
[2022-03-12 11:33:20] [0001.798] W> No valid slot number is found in scratch register
[2022-03-12 11:33:20] [0001.803] W> Return default slot: _a
[2022-03-12 11:33:20] [0001.813] I> A/B: bin_type (21) slot 0
[2022-03-12 11:33:20] [0001.816] I> Loading kernel-dtb from partition
[2022-03-12 11:33:20] [0001.821] I> Loading partition kernel-dtb at 0x80000000 from device(0x1)
[2022-03-12 11:33:20] [0001.838] I> Kernel_dtb @0x80000000
[2022-03-12 11:33:20] [0001.841] I> tegrabl_tca9539_init: i2c bus: 0, slave addr: 0xee
[2022-03-12 11:33:20] [0001.852] I> tegrabl_gpio_driver_register: register 'tca9539_gpio_driver' driver
[2022-03-12 11:33:20] [0001.859] I> tegrabl_tca9539_init: i2c bus: 0, slave addr: 0xe8
[2022-03-12 11:33:20] [0001.868] I> tegrabl_gpio_driver_register: register 'tca9539_gpio_driver' driver
[2022-03-12 11:33:20] [0001.878] I> fixed regulator driver initialized
[2022-03-12 11:33:20] [0001.911] I> register 'maxim' power off handle
[2022-03-12 11:33:20] [0001.917] I> virtual i2c enabled
[2022-03-12 11:33:20] [0001.921] I> registered 'maxim,max77620' pmic
[2022-03-12 11:33:20] [0001.925] I> tegrabl_gpio_driver_register: register 'max77620-gpio' driver
[2022-03-12 11:33:20] [0001.939] E> failed to read label property for node 324936: 13
[2022-03-12 11:33:20] [0001.947] E> failed to read reg property for node 325032: 13
[2022-03-12 11:33:20] [0001.956] E> failed to read reg property for node 325084: 13
[2022-03-12 11:33:20] [0001.964] E> failed to read label property for node 325168: 13
[2022-03-12 11:33:20] [0001.972] E> failed to read label property for node 325236: 13
[2022-03-12 11:33:20] [0001.981] E> failed to read reg property for node 325304: 13
[2022-03-12 11:33:20] [0001.989] E> failed to read reg property for node 325376: 13
[2022-03-12 11:33:20] [0001.999] I> Find /i2c@c250000's alias i2c7
[2022-03-12 11:33:20] [0002.003] I> Reading eeprom i2c=7 address=0x50
[2022-03-12 11:33:20] [0002.033] I> Device at /i2c@c250000:0x50
[2022-03-12 11:33:20] [0002.036] I> Reading eeprom i2c=7 address=0x57
[2022-03-12 11:33:20] [0002.065] I> Device at /i2c@c250000:0x57
[2022-03-12 11:33:20] [0002.069] I> Find /i2c@c240000's alias i2c1
[2022-03-12 11:33:20] [0002.073] I> Reading eeprom i2c=1 address=0x51
[2022-03-12 11:33:20] [0002.078] E> I2C: slave not found in slaves.
[2022-03-12 11:33:20] [0002.083] E> I2C: Could not write 0 bytes to slave: 0x00a2 with repeat start true.
[2022-03-12 11:33:20] [0002.090] E> I2C_DEV: Failed to send register address 0x00000000.
[2022-03-12 11:33:20] [0002.096] E> I2C_DEV: Could not read 256 registers of size 1 from slave 0xa2 at 0x00000000 via instance 1.
[2022-03-12 11:33:20] [0002.106] E> eeprom: Retry to read I2C slave device.
[2022-03-12 11:33:20] [0002.111] E> I2C: slave not found in slaves.
[2022-03-12 11:33:20] [0002.115] E> I2C: Could not write 0 bytes to slave: 0x00a2 with repeat start true.
[2022-03-12 11:33:20] [0002.122] E> I2C_DEV: Failed to send register address 0x00000000.
[2022-03-12 11:33:20] [0002.128] E> I2C_DEV: Could not read 256 registers of size 1 from slave 0xa2 at 0x00000000 via instance 1.
[2022-03-12 11:33:20] [0002.138] E> eeprom: Failed to read I2C slave device
[2022-03-12 11:33:20] [0002.143] I> Eeprom read failed 0x3526070d
[2022-03-12 11:33:20] [0002.147] I> Find /i2c@3160000's alias i2c0
[2022-03-12 11:33:20] [0002.151] I> Reading eeprom i2c=0 address=0x50
[2022-03-12 11:33:20] [0002.155] E> I2C: slave not found in slaves.
[2022-03-12 11:33:20] [0002.160] E> I2C: Could not write 0 bytes to slave: 0x00a0 with repeat start true.
[2022-03-12 11:33:20] [0002.167] E> I2C_DEV: Failed to send register address 0x00000000.
[2022-03-12 11:33:20] [0002.173] E> I2C_DEV: Could not read 256 registers of size 1 from slave 0xa0 at 0x00000000 via instance 0.
[2022-03-12 11:33:20] [0002.183] E> eeprom: Failed to read I2C slave device
[2022-03-12 11:33:20] [0002.187] I> Eeprom read failed 0x3526070d
[2022-03-12 11:33:20] [0002.192] I> Find /i2c@3180000's alias i2c2
[2022-03-12 11:33:20] [0002.196] I> Reading eeprom i2c=2 address=0x54
[2022-03-12 11:33:20] [0002.200] I> Enabling gpio chip_id = 2, gpio pin = 9
[2022-03-12 11:33:20] [0002.231] I> Disabling gpio chip_id = 2, gpio pin = 9
[2022-03-12 11:33:20] [0002.236] I> Device at /i2c@3180000:0x54
[2022-03-12 11:33:20] [0002.240] I> Reading eeprom i2c=2 address=0x57
[2022-03-12 11:33:20] [0002.244] I> Enabling gpio chip_id = 2, gpio pin = 9
[2022-03-12 11:33:20] [0002.250] E> I2C: slave not found in slaves.
[2022-03-12 11:33:20] [0002.254] E> I2C: Could not write 0 bytes to slave: 0x00ae with repeat start true.
[2022-03-12 11:33:20] [0002.262] E> I2C_DEV: Failed to send register address 0x00000000.
[2022-03-12 11:33:20] [0002.268] E> I2C_DEV: Could not read 256 registers of size 1 from slave 0xae at 0x00000000 via instance 2.
[2022-03-12 11:33:20] [0002.277] E> eeprom: Failed to read I2C slave device
[2022-03-12 11:33:20] [0002.282] I> Disabling gpio chip_id = 2, gpio pin = 9
[2022-03-12 11:33:20] [0002.287] I> Eeprom read failed 0x00000000
[2022-03-12 11:33:20] [0002.291] I> create_pm_ids: id: 3310-1000-D00-L, len: 15
[2022-03-12 11:33:20] [0002.296] I> config: mem-type:00,power-config:00,misc-config:00,modem-config:00,touch-config:00,display-config:00,, len: 93
[2022-03-12 11:33:20] [0002.307] I> create_pm_ids: id: 2597-0000-900-E, len: 15
[2022-03-12 11:33:20] [0002.312] I> config: mem-type:00,power-config:00,misc-config:00,modem-config:00,touch-config:00,display-config:00,, len: 93
[2022-03-12 11:33:20] [0002.323] I> create_pm_ids: id: 3326-1000-000-M, len: 15
[2022-03-12 11:33:20] [0002.328] I> config: mem-type:ff,power-config:ff,misc-config:ff,modem-config:ff,touch-config:ff,display-config:ff,, len: 93
[2022-03-12 11:33:20] [0002.363] I> enabling 'vdd-hdmi' regulator
[2022-03-12 11:33:20] [0002.379] I> regulator 'vdd-hdmi' already enabled
[2022-03-12 11:33:20] [0002.383] E> tegrabl_display_init_regulator: hdmi cable is not connected
[2022-03-12 11:33:20] [0002.390] E> tegrabl_display_get_pdata, failed to parse dtb settings
[2022-03-12 11:33:20] [0002.399] E> cannot find any other nvdisp nodes
[2022-03-12 11:33:20] [0002.403] E> no valid display unit config found in dtb
[2022-03-12 11:33:20] [0002.409] W> display init failed
[2022-03-12 11:33:20] [0002.412] initializing target
[2022-03-12 11:33:20] [0002.415] calling apps_init()
[2022-03-12 11:33:20] [0002.418] starting app kernel_boot_app
[2022-03-12 11:33:20] [0002.441] I> found decompressor handler: lz4-legacy
[2022-03-12 11:33:20] [0002.445] I> decompressing BMP blob ...
[2022-03-12 11:33:20] [0002.458] I> Kernel type = Normal
[2022-03-12 11:33:20] [0002.461] I> ########## Fixed storage boot ##########
[2022-03-12 11:33:20] [0002.466] I> Loading kernel-bootctrl from partition
[2022-03-12 11:33:20] [0002.470] I> Loading partition kernel-bootctrl at 0xa8000000 from device(0x1)
[2022-03-12 11:33:20] [0002.484] W> tegrabl_get_kernel_bootctrl: magic number(0x00000000) is invalid
[2022-03-12 11:33:20] [0002.491] W> tegrabl_get_kernel_bootctrl: use default dummy boot control data
[2022-03-12 11:33:20] [0002.498] W> No valid slot number is found in scratch register
[2022-03-12 11:33:20] [0002.504] W> Return default slot: _a
[2022-03-12 11:33:20] [0002.507] I> A/B: bin_type (24) slot 0
[2022-03-12 11:33:20] [0002.523] I> Boot image size read from image header: 9913d
[2022-03-12 11:33:20] [0002.528] I> Boot image load address: 0x80400000
[2022-03-12 11:33:20] [0002.533] I> Loading kernel from partition
[2022-03-12 11:33:20] [0002.537] I> Loading partition kernel at 0x80400000 from device(0x1)
[2022-03-12 11:33:21] [0003.479] I> Validate kernel ...
[2022-03-12 11:33:21] [0003.482] I> T18x: Authenticate kernel (bin_type 24), max size 0x4000000
[2022-03-12 11:33:21] [0003.490] I> Decrypt the buffer ... [0003.493] W> tegrabl_decrypt_block: fuse (0x0) is not burnt to do encryption (0x4); skip decryption.
[2022-03-12 11:33:21] [0003.502] I> done
[2022-03-12 11:33:21] [0003.504] I> Checking boot.img header magic ... [0003.508] I> [OK]
[2022-03-12 11:33:21] [0003.510] I> kernel-dtb is already loaded
[2022-03-12 11:33:21] [0003.514] I> Validate kernel-dtb ...
[2022-03-12 11:33:21] [0003.517] I> T18x: Authenticate kernel-dtb (bin_type 21), max size 0x100000
[2022-03-12 11:33:21] [0003.525] I> Decrypt the buffer ... [0003.528] W> tegrabl_decrypt_block: fuse (0x0) is not burnt to do encryption (0x4); skip decryption.
[2022-03-12 11:33:21] [0003.537] I> done
[2022-03-12 11:33:21] [0003.538] I> Kernel hdr @0x80400000
[2022-03-12 11:33:21] [0003.542] I> Kernel dtb @0x80000000
[2022-03-12 11:33:21] [0003.545] I> decompressor handler not found
[2022-03-12 11:33:21] [0003.549] I> Copying kernel image (627005 bytes) from 0x80400800 to 0x80600000 ... [0003.557] I> Done
[2022-03-12 11:33:21] [0003.558] I> Move ramdisk (len: 0) from 0x8049a000 to 0x947d0000
[2022-03-12 11:33:21] [0003.566] I> Updated bpmp info to DTB
[2022-03-12 11:33:21] [0003.572] I> Ramdisk: Base: 0x947d0000; Size: 0x0
[2022-03-12 11:33:21] [0003.577] I> Updated initrd info to DTB
[2022-03-12 11:33:21] [0003.580] W> WARN: Fail to override "console=none" in commandline
[2022-03-12 11:33:21] [0003.586] I> Active rootfs suffix: 
[2022-03-12 11:33:21] [0003.590] E> tegrabl_linuxboot_add_disp_param, du 0 failed to get display params
[2022-03-12 11:33:21] [0003.597] E> tegrabl_linuxboot_add_disp_param, du 0 failed to get display params
[2022-03-12 11:33:21] [0003.604] E> tegrabl_linuxboot_add_disp_param, du 0 failed to get display params
[2022-03-12 11:33:21] [0003.611] I> disabled_core_mask: 0xffffff0c
[2022-03-12 11:33:21] [0003.615] W> No valid slot number is found in scratch register
[2022-03-12 11:33:21] [0003.621] W> Return default slot: _a
[2022-03-12 11:33:21] [0003.624] I> Active slot suffix: 
[2022-03-12 11:33:21] [0003.627] I> add_boot_slot_suffix: slot_suffix = 
[2022-03-12 11:33:21] [0003.632] I> Linux Cmdline: console=ttyS0,115200 androidboot.presilicon=true firmware_class.path=/etc/firmware root=/dev/mmcblk0p1 rw rootwait rootfstype=ext4 console=ttyS0,115200n8 console=tty0 fbcon=map:0 net.ifnames=0 isolcpus=1-2  video=tegrafb earlycon=uart8250,mmio32,0x3100000 nvdumper_reserved=0x2772e0000 gpt rootfs.slot_suffix= usbcore.old_scheme_first=1 tegraid=18.1.2.0.0 maxcpus=6 no_console_suspend boot.slot_suffix= boot.ratchetvalues=0.2031647.1 vpr_resize bl_prof_dataptr=0x10000@0x275840000 sdhci_tegra.en_boot_part_access=1 
[2022-03-12 11:33:21] [0003.679] I> Updated bootarg info to DTB
[2022-03-12 11:33:21] [0003.683] I> eeprom_get_mac_addr: MAC (type: 0): 48:b0:2d:0f:11:c5
[2022-03-12 11:33:21] [0003.689] I> eeprom_get_mac_addr: MAC (type: 1): 48:b0:2d:0f:11:c6
[2022-03-12 11:33:21] [0003.696] I> eeprom_get_mac_addr: MAC (type: 2): 48:b0:2d:0f:11:c7
[2022-03-12 11:33:21] [0003.702] E> Found no plugin manager ids in source DT
[2022-03-12 11:33:21] [0003.707] W> Add plugin manager ids from board info
[2022-03-12 11:33:22] [0003.711] W> "plugin-manager" doesn't exist, creating
[2022-03-12 11:33:22] [0003.716] W> "ids" doesn't exist, creating
[2022-03-12 11:33:22] [0003.720] W> "connection" doesn't exist, creating
[2022-03-12 11:33:22] [0003.725] W> "configs" doesn't exist, creating
[2022-03-12 11:33:22] [0003.729] I> create_pm_ids: id: 3310-1000-D00-L, len: 15
[2022-03-12 11:33:22] [0003.734] I> config: mem-type:00,power-config:00,misc-config:00,modem-config:00,touch-config:00,display-config:00,, len: 93
[2022-03-12 11:33:22] [0003.745] I> create_pm_ids: id: 2597-0000-900-E, len: 15
[2022-03-12 11:33:22] [0003.750] I> config: mem-type:00,power-config:00,misc-config:00,modem-config:00,touch-config:00,display-config:00,, len: 93
[2022-03-12 11:33:22] [0003.761] I> create_pm_ids: id: 3326-1000-000-M, len: 15
[2022-03-12 11:33:22] [0003.767] I> config: mem-type:ff,power-config:ff,misc-config:ff,modem-config:ff,touch-config:ff,display-config:ff,, len: 93
[2022-03-12 11:33:22] [0003.777] I> Adding plugin-manager/ids/3310-1000-D00=/i2c@c250000:module@0x50
[2022-03-12 11:33:22] [0003.785] W> "i2c@c250000" doesn't exist, creating
[2022-03-12 11:33:22] [0003.789] W> "module@0x50" doesn't exist, creating
[2022-03-12 11:33:22] [0003.794] I> Adding plugin-manager/ids/2597-0000-900=/i2c@c250000:module@0x57
[2022-03-12 11:33:22] [0003.802] W> "module@0x57" doesn't exist, creating
[2022-03-12 11:33:22] [0003.807] I> Adding plugin-manager/ids/3326-1000-000=/i2c@3180000:module@0x54
[2022-03-12 11:33:22] [0003.814] W> "i2c@3180000" doesn't exist, creating
[2022-03-12 11:33:22] [0003.818] W> "module@0x54" doesn't exist, creating
[2022-03-12 11:33:22] [0003.825] I> Adding plugin-manager/ids/3310-1000-D00-L
[2022-03-12 11:33:22] [0003.832] I> Adding plugin-manager/configs/3310-mem-type 00
[2022-03-12 11:33:22] [0003.838] I> Adding plugin-manager/configs/3310-power-config 00
[2022-03-12 11:33:22] [0003.844] I> Adding plugin-manager/configs/3310-misc-config 00
[2022-03-12 11:33:22] [0003.850] I> Adding plugin-manager/configs/3310-modem-config 00
[2022-03-12 11:33:22] [0003.856] I> Adding plugin-manager/configs/3310-touch-config 00
[2022-03-12 11:33:22] [0003.862] I> Adding plugin-manager/configs/3310-display-config 00
[2022-03-12 11:33:22] [0003.868] I> Adding plugin-manager/cvm
[2022-03-12 11:33:22] [0003.872] W> "chip-id" doesn't exist, creating
[2022-03-12 11:33:22] [0003.876] I> Adding plugin-manager/chip-id/A02P
[2022-03-12 11:33:22] [0003.881] W> "odm-data" doesn't exist, creating
[2022-03-12 11:33:22] [0003.885] I> Adding /chosen/plugin-manager/odm-data
[2022-03-12 11:33:22] [0003.895] I> added [base:0x80000000, size:0x70000000] to /memory
[2022-03-12 11:33:22] [0003.901] I> added [base:0xf0200000, size:0x185600000] to /memory
[2022-03-12 11:33:22] [0003.907] I> added [base:0x275e00000, size:0x200000] to /memory
[2022-03-12 11:33:22] [0003.913] I> added [base:0x276600000, size:0x200000] to /memory
[2022-03-12 11:33:22] [0003.918] I> added [base:0x277000000, size:0x200000] to /memory
[2022-03-12 11:33:22] [0003.924] I> Updated memory info to DTB
[2022-03-12 11:33:22] [0003.929] E> add_disp_param: failed to get display params for du=0
[2022-03-12 11:33:22] [0003.936] W> "reset" doesn't exist, creating
[2022-03-12 11:33:22] [0003.941] W> "pmc-reset-reason" doesn't exist, creating
[2022-03-12 11:33:22] [0003.946] W> "pmic-reset-reason" doesn't exist, creating
[2022-03-12 11:33:22] [0003.953] I> Adding ecid(00000001646db7851000000013038200) to DT
[2022-03-12 11:33:22] [0003.958] I> disabled_core_mask: 0xffffff0c
[2022-03-12 11:33:22] [0003.971] I> Add serial number:1422420022173 as DT property
[2022-03-12 11:33:22] [0003.980] I> Plugin-manager override starting
[2022-03-12 11:33:22] [0003.986] I> node /plugin-manager/fragement@0 matches
[2022-03-12 11:33:22] [0003.996] I> node /plugin-manager/fragement@4 matches
[2022-03-12 11:33:22] [0004.009] I> node /plugin-manager/fragment-sdwake-p3310-1000-300 matches
[2022-03-12 11:33:22] [0004.029] I> node /plugin-manager/fragement-pmon-p3310-1000-300 matches
[2022-03-12 11:33:22] [0004.039] I> node /plugin-manager/fragement-pmon-p3310-1000-800 matches
[2022-03-12 11:33:22] [0004.048] I> node /plugin-manager/fragment-devslp@0 matches
[2022-03-12 11:33:22] [0004.060] I> node /plugin-manager/fragment-500-pcie-config matches
[2022-03-12 11:33:22] [0004.075] I> node /plugin-manager/fragment-500-xusb-config matches
[2022-03-12 11:33:22] [0004.098] I> node /plugin-manager/fragment-p3310-c00-comm matches
[2022-03-12 11:33:22] [0004.112] I> node /plugin-manager/fragment-p3310-c00-pmic matches
[2022-03-12 11:33:22] [0004.122] I> node /plugin-manager/fragment-p3310-c01 matches
[2022-03-12 11:33:22] [0004.135] I> node /plugin-manager/fragment-p3310-c03 matches
[2022-03-12 11:33:22] [0004.178] I> node /plugin-manager/fragment-e3326@0 matches
[2022-03-12 11:33:22] [0004.260] I> node /plugin-manager/fragment-p3310-c00-camera matches
[2022-03-12 11:33:22] [0004.287] I> Disable plugin-manager status in FDT
[2022-03-12 11:33:22] [0004.292] I> Plugin-manager override finished successfully
[2022-03-12 11:33:22] [0004.297] I> tegrabl_load_kernel_and_dtb: Done
[2022-03-12 11:33:22] [0004.301] E> tegrabl_display_clear: display is not initialized
[2022-03-12 11:33:22] [0004.307] W> Boot logo display failed...
[2022-03-12 11:33:22] [0004.311] I> Kernel EP: 0x80600000, DTB: 0x80000000
[2022-03-12 11:33:22] 
[2022-03-12 11:33:22] 
[2022-03-12 11:33:22] U-Boot 2020.04-g46e4604c78 (Jul 26 2021 - 12:10:58 -0700)
[2022-03-12 11:33:22] 
[2022-03-12 11:33:22] SoC: tegra186
[2022-03-12 11:33:22] Model: NVIDIA P2771-0000-500
[2022-03-12 11:33:22] Board: NVIDIA P2771-0000
[2022-03-12 11:33:22] DRAM:  7.8 GiB
[2022-03-12 11:33:22] MMC:   sdhci@3400000: 1, sdhci@3460000: 0
[2022-03-12 11:33:22] Loading Environment from MMC... *** Warning - bad CRC, using default environment
[2022-03-12 11:33:22] 
[2022-03-12 11:33:22] In:    serial
[2022-03-12 11:33:22] Out:   serial
[2022-03-12 11:33:22] Err:   serial
[2022-03-12 11:33:22] Net:   
[2022-03-12 11:33:22] Warning: ethernet@2490000 using MAC address from ROM
[2022-03-12 11:33:22] eth0: ethernet@2490000
[2022-03-12 11:33:22] Hit any key to stop autoboot:  2  1  0 
[2022-03-12 11:33:24] MMC: no card present
[2022-03-12 11:33:24] switch to partitions #0, OK
[2022-03-12 11:33:24] mmc0(part 0) is current device
[2022-03-12 11:33:25] Scanning mmc 0:1...
[2022-03-12 11:33:25] Found /boot/extlinux/extlinux.conf
[2022-03-12 11:33:25] Retrieving file: /boot/extlinux/extlinux.conf
[2022-03-12 11:33:25] 858 bytes read in 22 ms (38.1 KiB/s)
[2022-03-12 11:33:25] 1:	primary kernel
[2022-03-12 11:33:25] Retrieving file: /boot/initrd
[2022-03-12 11:33:25] 7238344 bytes read in 201 ms (34.3 MiB/s)
[2022-03-12 11:33:25] Retrieving file: /boot/Image
[2022-03-12 11:33:26] 34484232 bytes read in 829 ms (39.7 MiB/s)
[2022-03-12 11:33:26] append: console=ttyS0,115200 androidboot.presilicon=true firmware_class.path=/etc/firmware root=/dev/mmcblk0p1 rw rootwait rootfstype=ext4 console=ttyS0,115200n8 console=tty0 fbcon=map:0 net.ifnames=0 isolcpus=1-2  video=tegrafb earlycon=uart8250,mmio32,0x3100000 nvdumper_reserved=0x2772e0000 gpt rootfs.slot_suffix= usbcore.old_scheme_first=1 tegraid=18.1.2.0.0 maxcpus=6 no_console_suspend boot.slot_suffix= boot.ratchetvalues=0.2031647.1 vpr_resize bl_prof_dataptr=0x10000@0x275840000 sdhci_tegra.en_boot_part_access=1 quiet root=/dev/mmcblk0p1 rw rootwait rootfstype=ext4 console=ttyS0,115200n8 console=tty0 fbcon=map:0 net.ifnames=0 isolcpus=1-2 
[2022-03-12 11:33:26] ## Flattened Device Tree blob at 80000000
[2022-03-12 11:33:26]    Booting using the fdt blob at 0x80000000
[2022-03-12 11:33:26] ERROR: reserving fdt memory region failed (addr=0 size=0)
[2022-03-12 11:33:26] ERROR: reserving fdt memory region failed (addr=0 size=0)
[2022-03-12 11:33:26] ERROR: reserving fdt memory region failed (addr=0 size=0)
[2022-03-12 11:33:26]    Using Device Tree in place at 0000000080000000, end 0000000080060aa3
[2022-03-12 11:33:26] copying carveout for /host1x@13e00000/display-hub@15200000/display@15200000...
[2022-03-12 11:33:26] copying carveout for /host1x@13e00000/display-hub@15200000/display@15210000...
[2022-03-12 11:33:26] copying carveout for /host1x@13e00000/display-hub@15200000/display@15220000...
[2022-03-12 11:33:26] 
[2022-03-12 11:33:26] Starting kernel ...
[2022-03-12 11:33:26] 
[2022-03-12 11:33:26] [    0.000000] Booting Linux on physical CPU 0x100
[2022-03-12 11:33:26] [    0.000000] Linux version 4.9.253-tegra (buildbrain@mobile-u64-5497-d3000) (gcc version 7.3.1 20180425 [linaro-7.3-2018.05 revision d29120a424ecfbc167ef90065c0eeb7f91977701] (Linaro GCC 7.3-2018.05) ) #1 SMP PREEMPT Mon Jul 26 12:19:28 PDT 2021
[2022-03-12 11:33:26] [    0.000000] Boot CPU: AArch64 Processor [411fd073]
[2022-03-12 11:33:26] [    0.000000] OF: fdt:memory scan node memory@80000000, reg size 80,
[2022-03-12 11:33:26] [    0.000000] OF: fdt: - 80000000 ,  70000000
[2022-03-12 11:33:26] [    0.000000] OF: fdt: - f0200000 ,  185600000
[2022-03-12 11:33:26] [    0.000000] OF: fdt: - 275e00000 ,  200000
[2022-03-12 11:33:26] [    0.000000] OF: fdt: - 276600000 ,  200000
[2022-03-12 11:33:26] [    0.000000] OF: fdt: - 277000000 ,  200000
[2022-03-12 11:33:26] [    0.000000] earlycon: uart8250 at MMIO32 0x0000000003100000 (options '')
[2022-03-12 11:33:26] [    0.000000] bootconsole [uart8250] enabled
[2022-03-12 11:33:28] [    1.777172] cgroup: cgroup2: unknown option "nsdelegate"
[2022-03-12 11:33:29] [    2.945719] using random self ethernet address
[2022-03-12 11:33:29] [    2.960935] using random host ethernet address
[2022-03-12 11:33:30] [    3.386906] random: crng init done
[2022-03-12 11:33:30] [    3.390313] random: 7 urandom warning(s) missed due to ratelimiting
[2022-03-12 11:33:30] [    3.489463] using random self ethernet address
[2022-03-12 11:33:30] [    3.497655] using random host ethernet address
[2022-03-12 11:33:30] [    3.749194] CPU1: shutdown
[2022-03-12 11:33:30] [    3.797661] CPU2: shutdown
[2022-03-12 11:33:31] [    4.672325] Bridge firewalling registered
[2022-03-12 11:33:35] 
[2022-03-12 11:33:35] Ubuntu 18.04.5 LTS JTX2-A ttyS0
[2022-03-12 11:33:35] 
[2022-03-12 11:33:35] JTX2-A login: [    8.944338] arm-smmu 12000000.iommu: Unhandled context fault: iova=0xf7f91a580, fsynr=0x40011, cb=19, sid=16(0x10 - GPU), pgd=0, pud=0, pmd=0, pte=0
[2022-03-12 11:33:35] [    8.957697] mc-err: vpr base=0:c6000000, size=20, ctrl=3, override:(e01a8341, 1dc10c1, 2a800000, 2)
[2022-03-12 11:33:35] [    8.966819] mc-err: (255) csw_gpuswr: MC request violates VPR requirements
[2022-03-12 11:33:35] [    8.973721] mc-err:   status = 0x00377059; addr = 0x3ffffffc0
[2022-03-12 11:33:35] [    8.979502] mc-err:   secure: yes, access-type: write
[2022-03-12 11:33:36] [    8.984579] mc-err: unknown mcerr fault, int_status=0x00000000, ch_int_status=0x00000000, hubc_int_status=0x00000000
[2022-03-12 11:33:36] [    8.995106] mc-err: unknown mcerr fault, int_status=0x00000000, ch_int_status=0x00000000, hubc_int_status=0x00000000
[2022-03-12 11:33:36] [    9.005630] mc-err: unknown mcerr fault, int_status=0x00000000, ch_int_status=0x00000000, hubc_int_status=0x00000000
[2022-03-12 11:33:36] [    9.016157] mc-err: Too many MC errors; throttling prints
[2022-03-12 11:34:19] [   52.673585] CPU3: SError detected, daif=1c0, spsr=0x800000c5, mpidr=80000101, esr=bf40c000
[2022-03-12 11:34:19] [   52.673588] CPU4: SError detected, daif=1c0, spsr=0x800000c5, mpidr=80000102, esr=bf40c000
[2022-03-12 11:34:19] [   52.673590] CPU5: SError detected, daif=1c0, spsr=0x800000c5, mpidr=80000103, esr=bf40c000
[2022-03-12 11:34:19] [   52.673593] CPU0: SError detected, daif=1c0, spsr=0x800000c5, mpidr=80000100, esr=bf40c000
[2022-03-12 11:34:19] [   52.673594] **************************************
[2022-03-12 11:34:19] [   52.673598] A57 CPU Memory Error on CPU 4 (A57 Core 2)
[2022-03-12 11:34:19] [   52.673599] 	ESR:               0xbf40c000
[2022-03-12 11:34:19] [   52.673602] 	L2MERRSR: 0x50091189548
[2022-03-12 11:34:19] [   52.673603] 	L2 Data RAM: 0x11
[2022-03-12 11:34:19] [   52.673605] 	CPU ID of Error:    3
[2022-03-12 11:34:19] [   52.673605] 	WAY of Error:       0
[2022-03-12 11:34:19] [   52.673607] 	Index of Error:     38216
[2022-03-12 11:34:19] [   52.673608] 	Repeat Error Count: 0
[2022-03-12 11:34:19] [   52.673608] 	Other Error Count:  5
[2022-03-12 11:34:19] [   52.673609] **************************************
[2022-03-12 11:34:21] ERROR:   ARI request timed out: req 91 on CPU 6
[2022-03-12 11:34:21] ASSERT: plat/nvidia/tegra/soc/t186/drivers/mce/ari.c <127> : retries != 0U
[2022-03-12 11:35:11] [0000.299] I> Welcome to MB2(TBoot-BPMP)(version: 01.00.160913-t186-M-00.00-mobile-c368a720)
[2022-03-12 11:35:11] [0000.307] I> Boot-device: eMMC
[2022-03-12 11:35:11] [0000.314] I> sdmmc bdev is already initialized
[2022-03-12 11:35:11] [0000.319] I> pmic: reset reason (nverc)	: 0x80
[2022-03-12 11:35:12] [0000.352] I> Found 19 partitions in SDMMC_BOOT (instance 3)
[2022-03-12 11:35:12] [0000.372] I> Found 33 partitions in SDMMC_USER (instance 3)
[2022-03-12 11:35:12] [0000.378] W> No valid slot number is found in scratch register
[2022-03-12 11:35:12] [0000.384] W> Return default slot: _a
[2022-03-12 11:35:12] [0000.387] I> A/B: bin_type (16) slot 0
[2022-03-12 11:35:12] [0000.391] I> Loading partition bpmp-fw at 0xd7800000
[2022-03-12 11:35:12] [0000.396] I> Reading two headers - addr:0xd7800000 blocks:1
[2022-03-12 11:35:12] [0000.401] I> Addr: 0xd7800000, start-block: 58777608, num_blocks: 1
[2022-03-12 11:35:12] [0000.426] I> Binary(16) of size 534416 is loaded @ 0xd7800000
[2022-03-12 11:35:12] [0000.431] W> No valid slot number is found in scratch register
[2022-03-12 11:35:12] [0000.437] W> Return default slot: _a
[2022-03-12 11:35:12] [0000.440] I> A/B: bin_type (17) slot 0
[2022-03-12 11:35:12] [0000.444] I> Loading partition bpmp-fw-dtb at 0xd79f0000
[2022-03-12 11:35:12] [0000.449] I> Reading two headers - addr:0xd79f0000 blocks:1
[2022-03-12 11:35:12] [0000.455] I> Addr: 0xd79f0000, start-block: 58780024, num_blocks: 1
[2022-03-12 11:35:12] [0000.481] I> Binary(17) of size 604720 is loaded @ 0xd796c400
[2022-03-12 11:35:12] [0000.710] I> Loading SCE-FW ...
[2022-03-12 11:35:12] [0000.713] W> No valid slot number is found in scratch register
[2022-03-12 11:35:12] [0000.719] W> Return default slot: _a
[2022-03-12 11:35:12] [0000.722] I> A/B: bin_type (12) slot 0
[2022-03-12 11:35:12] [0000.726] I> Loading partition sce-fw at 0xd7300000
[2022-03-12 11:35:12] [0000.731] I> Reading two headers - addr:0xd7300000 blocks:1
[2022-03-12 11:35:12] [0000.736] I> Addr: 0xd7300000, start-block: 58784120, num_blocks: 1
[2022-03-12 11:35:12] [0000.755] I> Binary(12) of size 125632 is loaded @ 0xd7300000
[2022-03-12 11:35:12] [0000.761] I> Init SCE
[2022-03-12 11:35:12] [0000.764] I> Loading APE-FW ...
[2022-03-12 11:35:12] [0000.767] W> No valid slot number is found in scratch register
[2022-03-12 11:35:12] [0000.772] W> Return default slot: _a
[2022-03-12 11:35:12] [0000.776] I> A/B: bin_type (11) slot 0
[2022-03-12 11:35:12] [0000.779] I> Loading partition adsp-fw at 0xd7400000
[2022-03-12 11:35:12] [0000.784] I> Reading two headers - addr:0xd7400000 blocks:1
[2022-03-12 11:35:12] [0000.790] I> Addr: 0xd7400000, start-block: 58761224, num_blocks: 1
[2022-03-12 11:35:12] [0000.809] I> Binary(11) of size 77216 is loaded @ 0xd7400000
[2022-03-12 11:35:12] [0000.814] I> Copy BTCM section
[2022-03-12 11:35:12] [0000.817] W> No valid slot number is found in scratch register
[2022-03-12 11:35:12] [0000.823] W> Return default slot: _a
[2022-03-12 11:35:12] [0000.826] I> A/B: bin_type (13) slot 0
[2022-03-12 11:35:12] [0000.830] I> Loading partition cpu-bootloader at 0x96000000
[2022-03-12 11:35:12] [0000.835] I> Reading two headers - addr:0x96000000 blocks:1
[2022-03-12 11:35:12] [0000.841] I> Addr: 0x96000000, start-block: 58740744, num_blocks: 1
[2022-03-12 11:35:12] [0000.862] I> Binary(13) of size 308800 is loaded @ 0x96000000
[2022-03-12 11:35:12] [0000.868] W> No valid slot number is found in scratch register
[2022-03-12 11:35:12] [0000.873] W> Return default slot: _a
[2022-03-12 11:35:12] [0000.877] I> A/B: bin_type (20) slot 0
[2022-03-12 11:35:12] [0000.880] I> Loading partition bootloader-dtb at 0x85205400
[2022-03-12 11:35:12] [0000.886] I> Reading two headers - addr:0x85205400 blocks:1
[2022-03-12 11:35:12] [0000.891] I> Addr: 0x85205400, start-block: 58742792, num_blocks: 1
[2022-03-12 11:35:12] [0000.913] I> Binary(20) of size 375568 is loaded @ 0x85205400
[2022-03-12 11:35:12] [0000.919] W> No valid slot number is found in scratch register
[2022-03-12 11:35:12] [0000.924] W> Return default slot: _a
[2022-03-12 11:35:12] [0000.928] I> A/B: bin_type (14) slot 0
[2022-03-12 11:35:12] [0000.931] I> Loading partition secure-os at 0x85305600
[2022-03-12 11:35:12] [0000.937] I> Reading two headers - addr:0x85305600 blocks:1
[2022-03-12 11:35:12] [0000.942] I> Addr: 0x85305600, start-block: 58744840, num_blocks: 1
[2022-03-12 11:35:12] [0000.964] I> Binary(14) of size 402864 is loaded @ 0x85305600
[2022-03-12 11:35:12] [0000.972] I> TOS boot-params @ 0x85000000
[2022-03-12 11:35:12] [0000.976] I> TOS params prepared
[2022-03-12 11:35:12] [0000.979] I> Loading EKS ...
[2022-03-12 11:35:12] [0000.981] I> A/B: bin_type (15) slot 0
[2022-03-12 11:35:12] [0000.985] I> Loading partition eks at 0x85905800
[2022-03-12 11:35:12] [0000.990] I> Reading two headers - addr:0x85905800 blocks:1
[2022-03-12 11:35:12] [0000.995] I> Addr: 0x85905800, start-block: 58757128, num_blocks: 1
[2022-03-12 11:35:12] [0001.014] I> Binary(15) of size 1040 is loaded @ 0x85905800
[2022-03-12 11:35:12] [0001.019] I> EKB detected (length: 0x400) @ 0x85905800
[2022-03-12 11:35:12] [0001.024] I> Copied encrypted keys
[2022-03-12 11:35:12] [0001.028] I> boot profiler @ 0x275844000
[2022-03-12 11:35:12] [0001.032] I> boot profiler for TOS @ 0x275844000
[2022-03-12 11:35:12] [0001.037] I> Unhalting SCE
[2022-03-12 11:35:12] [0001.039] I> Primary Memory Start:80000000 Size:70000000
[2022-03-12 11:35:12] [0001.045] I> Extended Memory Start:f0110000 Size:1856f0000
[2022-03-12 11:35:12] [0001.051] I> MB2(TBoot-BPMP) done
[2022-03-12 11:35:12] 
[2022-03-12 11:35:12] NOTICE:  BL31: v1.3(release):b5eeb33f7
[2022-03-12 11:35:12] NOTICE:  BL31: Built : 12:15:17, Jul 26 2021
[2022-03-12 11:35:12] ipc-unittest-main: 1519: Welcome to IPC unittest!!!
[2022-03-12 11:35:12] ipc-unittest-main: 1531: waiting forever
[2022-03-12 11:35:12] ipc-unittest-srv: 329: Init unittest services!!!
[2022-03-12 11:35:12] hwkey-agent: 41: hwkey-agent is running!!
[2022-03-12 11:35:12] hwkey-agent: 315: key_mgnt_processing .......
[2022-03-12 11:35:12] hwkey-agent: 223: Setting EKB key 0 to slot 14
[2022-03-12 11:35:12] hwkey-agent: 178: Init hweky-agent services!!
[2022-03-12 11:35:12] luks-srv: 40: luks-srv is running!!
[2022-03-12 11:35:12] luks-srv: 157: Init luks-srv IPC services!!
[2022-03-12 11:35:12] platform_bootstrap_epilog: trusty bootstrap complete
[2022-03-12 11:35:13] [0001.424] I> Welcome to Cboot
[2022-03-12 11:35:13] [0001.427] I> Cboot Version: t186-00029e71
[2022-03-12 11:35:13] [0001.431] I> CPU-BL Params @ 0x275800000
[2022-03-12 11:35:13] [0001.434] I>  0) Base:0x00000000 Size:0x00000000
[2022-03-12 11:35:13] [0001.439] I>  1) Base:0x277f00000 Size:0x00100000
[2022-03-12 11:35:13] [0001.443] I>  2) Base:0x277e00000 Size:0x00100000
[2022-03-12 11:35:13] [0001.448] I>  3) Base:0x277d00000 Size:0x00100000
[2022-03-12 11:35:13] [0001.452] I>  4) Base:0x277c00000 Size:0x00100000
[2022-03-12 11:35:13] [0001.457] I>  5) Base:0x277b00000 Size:0x00100000
[2022-03-12 11:35:13] [0001.461] I>  6) Base:0x277800000 Size:0x00200000
[2022-03-12 11:35:13] [0001.466] I>  7) Base:0x277400000 Size:0x00400000
[2022-03-12 11:35:13] [0001.470] I>  8) Base:0x277a00000 Size:0x00100000
[2022-03-12 11:35:13] [0001.475] I>  9) Base:0x277300000 Size:0x00100000
[2022-03-12 11:35:13] [0001.479] I> 10) Base:0x276800000 Size:0x00800000
[2022-03-12 11:35:13] [0001.484] I> 11) Base:0x30000000 Size:0x00040000
[2022-03-12 11:35:13] [0001.488] I> 12) Base:0xf0000000 Size:0x00100000
[2022-03-12 11:35:13] [0001.493] I> 13) Base:0x30040000 Size:0x00001000
[2022-03-12 11:35:13] [0001.497] I> 14) Base:0x30048000 Size:0x00001000
[2022-03-12 11:35:13] [0001.502] I> 15) Base:0x30049000 Size:0x00001000
[2022-03-12 11:35:13] [0001.506] I> 16) Base:0x3004a000 Size:0x00001000
[2022-03-12 11:35:13] [0001.511] I> 17) Base:0x3004b000 Size:0x00001000
[2022-03-12 11:35:13] [0001.515] I> 18) Base:0x3004c000 Size:0x00001000
[2022-03-12 11:35:13] [0001.519] I> 19) Base:0x3004d000 Size:0x00001000
[2022-03-12 11:35:13] [0001.524] I> 20) Base:0x3004e000 Size:0x00001000
[2022-03-12 11:35:13] [0001.528] I> 21) Base:0x3004f000 Size:0x00001000
[2022-03-12 11:35:13] [0001.533] I> 22) Base:0x00000000 Size:0x00000000
[2022-03-12 11:35:13] [0001.537] I> 23) Base:0xf0100000 Size:0x00010000
[2022-03-12 11:35:13] [0001.542] I> 24) Base:0x00000000 Size:0x00000000
[2022-03-12 11:35:13] [0001.546] I> 25) Base:0x00000000 Size:0x00000000
[2022-03-12 11:35:13] [0001.550] I> 26) Base:0x00000000 Size:0x00000000
[2022-03-12 11:35:13] [0001.555] I> 27) Base:0x00000000 Size:0x00000000
[2022-03-12 11:35:13] [0001.559] I> 28) Base:0x84400000 Size:0x00400000
[2022-03-12 11:35:13] [0001.564] I> 29) Base:0x30000000 Size:0x00010000
[2022-03-12 11:35:13] [0001.568] I> 30) Base:0x278000000 Size:0x08000000
[2022-03-12 11:35:13] [0001.573] I> 31) Base:0x00000000 Size:0x00000000
[2022-03-12 11:35:13] [0001.577] I> 32) Base:0x276000000 Size:0x00600000
[2022-03-12 11:35:13] [0001.582] I> 33) Base:0x80000000 Size:0x70000000
[2022-03-12 11:35:13] [0001.586] I> 34) Base:0xf0110000 Size:0x1856f0000
[2022-03-12 11:35:13] [0001.591] I> 35) Base:0x00000000 Size:0x00000000
[2022-03-12 11:35:13] [0001.595] I> 36) Base:0x00000000 Size:0x00000000
[2022-03-12 11:35:13] [0001.599] I> 37) Base:0x2772e0000 Size:0x00020000
[2022-03-12 11:35:13] [0001.604] I> 38) Base:0x84000000 Size:0x00400000
[2022-03-12 11:35:13] [0001.608] I> 39) Base:0x96000000 Size:0x02000000
[2022-03-12 11:35:13] [0001.613] I> 40) Base:0x85000000 Size:0x01200000
[2022-03-12 11:35:13] [0001.617] I> 41) Base:0x275800000 Size:0x00500000
[2022-03-12 11:35:13] [0001.622] I> 42) Base:0x00000000 Size:0x00000000
[2022-03-12 11:35:13] [0001.626] I> 43) Base:0x00000000 Size:0x00000000
[2022-03-12 11:35:13] [0001.631] GIC-SPI Target CPU: 4
[2022-03-12 11:35:13] [0001.634] Interrupts Init done
[2022-03-12 11:35:13] [0001.637] calling constructors
[2022-03-12 11:35:13] [0001.640] initializing heap
[2022-03-12 11:35:13] [0001.643] initializing threads
[2022-03-12 11:35:13] [0001.646] initializing timers
[2022-03-12 11:35:13] [0001.649] creating bootstrap completion thread
[2022-03-12 11:35:13] [0001.654] top of bootstrap2()
[2022-03-12 11:35:13] [0001.657] CPU: ARM Cortex A57
[2022-03-12 11:35:13] [0001.660] CPU: MIDR: 0x411FD073, MPIDR: 0x80000100
[2022-03-12 11:35:13] [0001.665] initializing platform
[2022-03-12 11:35:13] [0001.669] I> Bl_dtb @0x85205400
[2022-03-12 11:35:13] [0001.672] I> gpio framework initialized
[2022-03-12 11:35:13] [0001.678] I> tegrabl_gpio_driver_register: register 'nvidia,tegra186-gpio' driver
[2022-03-12 11:35:13] [0001.688] I> tegrabl_gpio_driver_register: register 'nvidia,tegra186-gpio-aon' driver
[2022-03-12 11:35:13] [0001.696] I> GPIO framework and drivers are initialized.
[2022-03-12 11:35:13] [0001.701] I> Boot-device: eMMC
[2022-03-12 11:35:13] [0001.708] I> sdmmc bdev is already initialized
[2022-03-12 11:35:13] [0001.739] I> Found 19 partitions in SDMMC_BOOT (instance 3)
[2022-03-12 11:35:13] [0001.757] I> Found 33 partitions in SDMMC_USER (instance 3)
[2022-03-12 11:35:13] [0001.762] W> opt-in fuse is not set, skip fuse_burning
[2022-03-12 11:35:13] [0001.767] I> Reserved memory at 0xfbe00000 for U-Boot relocation
[2022-03-12 11:35:13] [0001.773] W> No valid slot number is found in scratch register
[2022-03-12 11:35:13] [0001.779] W> Return default slot: _a
[2022-03-12 11:35:13] [0001.788] I> A/B: bin_type (21) slot 0
[2022-03-12 11:35:13] [0001.792] I> Loading kernel-dtb from partition
[2022-03-12 11:35:13] [0001.796] I> Loading partition kernel-dtb at 0x80000000 from device(0x1)
[2022-03-12 11:35:13] [0001.813] I> Kernel_dtb @0x80000000
[2022-03-12 11:35:13] [0001.816] I> tegrabl_tca9539_init: i2c bus: 0, slave addr: 0xee
[2022-03-12 11:35:13] [0001.827] I> tegrabl_gpio_driver_register: register 'tca9539_gpio_driver' driver
[2022-03-12 11:35:13] [0001.834] I> tegrabl_tca9539_init: i2c bus: 0, slave addr: 0xe8
[2022-03-12 11:35:13] [0001.843] I> tegrabl_gpio_driver_register: register 'tca9539_gpio_driver' driver
[2022-03-12 11:35:13] [0001.853] I> fixed regulator driver initialized
[2022-03-12 11:35:13] [0001.887] I> register 'maxim' power off handle
[2022-03-12 11:35:13] [0001.893] I> virtual i2c enabled
[2022-03-12 11:35:13] [0001.896] I> registered 'maxim,max77620' pmic
[2022-03-12 11:35:13] [0001.900] I> tegrabl_gpio_driver_register: register 'max77620-gpio' driver
[2022-03-12 11:35:13] [0001.914] E> failed to read label property for node 324936: 13
[2022-03-12 11:35:13] [0001.923] E> failed to read reg property for node 325032: 13
[2022-03-12 11:35:13] [0001.931] E> failed to read reg property for node 325084: 13
[2022-03-12 11:35:13] [0001.939] E> failed to read label property for node 325168: 13
[2022-03-12 11:35:13] [0001.948] E> failed to read label property for node 325236: 13
[2022-03-12 11:35:13] [0001.956] E> failed to read reg property for node 325304: 13
[2022-03-12 11:35:13] [0001.964] E> failed to read reg property for node 325376: 13
[2022-03-12 11:35:13] [0001.974] I> Find /i2c@c250000's alias i2c7
[2022-03-12 11:35:13] [0001.978] I> Reading eeprom i2c=7 address=0x50
[2022-03-12 11:35:13] [0002.008] I> Device at /i2c@c250000:0x50
[2022-03-12 11:35:13] [0002.012] I> Reading eeprom i2c=7 address=0x57
[2022-03-12 11:35:13] [0002.040] I> Device at /i2c@c250000:0x57
[2022-03-12 11:35:13] [0002.045] I> Find /i2c@c240000's alias i2c1
[2022-03-12 11:35:13] [0002.049] I> Reading eeprom i2c=1 address=0x51
[2022-03-12 11:35:13] [0002.054] E> I2C: slave not found in slaves.
[2022-03-12 11:35:13] [0002.058] E> I2C: Could not write 0 bytes to slave: 0x00a2 with repeat start true.
[2022-03-12 11:35:13] [0002.066] E> I2C_DEV: Failed to send register address 0x00000000.
[2022-03-12 11:35:13] [0002.072] E> I2C_DEV: Could not read 256 registers of size 1 from slave 0xa2 at 0x00000000 via instance 1.
[2022-03-12 11:35:13] [0002.081] E> eeprom: Retry to read I2C slave device.
[2022-03-12 11:35:13] [0002.086] E> I2C: slave not found in slaves.
[2022-03-12 11:35:13] [0002.090] E> I2C: Could not write 0 bytes to slave: 0x00a2 with repeat start true.
[2022-03-12 11:35:13] [0002.098] E> I2C_DEV: Failed to send register address 0x00000000.
[2022-03-12 11:35:13] [0002.104] E> I2C_DEV: Could not read 256 registers of size 1 from slave 0xa2 at 0x00000000 via instance 1.
[2022-03-12 11:35:13] [0002.113] E> eeprom: Failed to read I2C slave device
[2022-03-12 11:35:13] [0002.118] I> Eeprom read failed 0x3526070d
[2022-03-12 11:35:13] [0002.122] I> Find /i2c@3160000's alias i2c0
[2022-03-12 11:35:13] [0002.126] I> Reading eeprom i2c=0 address=0x50
[2022-03-12 11:35:13] [0002.131] E> I2C: slave not found in slaves.
[2022-03-12 11:35:13] [0002.135] E> I2C: Could not write 0 bytes to slave: 0x00a0 with repeat start true.
[2022-03-12 11:35:13] [0002.143] E> I2C_DEV: Failed to send register address 0x00000000.
[2022-03-12 11:35:13] [0002.148] E> I2C_DEV: Could not read 256 registers of size 1 from slave 0xa0 at 0x00000000 via instance 0.
[2022-03-12 11:35:13] [0002.158] E> eeprom: Failed to read I2C slave device
[2022-03-12 11:35:13] [0002.163] I> Eeprom read failed 0x3526070d
[2022-03-12 11:35:13] [0002.167] I> Find /i2c@3180000's alias i2c2
[2022-03-12 11:35:13] [0002.171] I> Reading eeprom i2c=2 address=0x54
[2022-03-12 11:35:13] [0002.176] I> Enabling gpio chip_id = 2, gpio pin = 9
[2022-03-12 11:35:13] [0002.206] I> Disabling gpio chip_id = 2, gpio pin = 9
[2022-03-12 11:35:13] [0002.212] I> Device at /i2c@3180000:0x54
[2022-03-12 11:35:13] [0002.215] I> Reading eeprom i2c=2 address=0x57
[2022-03-12 11:35:13] [0002.219] I> Enabling gpio chip_id = 2, gpio pin = 9
[2022-03-12 11:35:13] [0002.225] E> I2C: slave not found in slaves.
[2022-03-12 11:35:13] [0002.229] E> I2C: Could not write 0 bytes to slave: 0x00ae with repeat start true.
[2022-03-12 11:35:13] [0002.237] E> I2C_DEV: Failed to send register address 0x00000000.
[2022-03-12 11:35:13] [0002.243] E> I2C_DEV: Could not read 256 registers of size 1 from slave 0xae at 0x00000000 via instance 2.
[2022-03-12 11:35:13] [0002.252] E> eeprom: Failed to read I2C slave device
[2022-03-12 11:35:13] [0002.257] I> Disabling gpio chip_id = 2, gpio pin = 9
[2022-03-12 11:35:13] [0002.262] I> Eeprom read failed 0x00000000
[2022-03-12 11:35:13] [0002.266] I> create_pm_ids: id: 3310-1000-D00-L, len: 15
[2022-03-12 11:35:13] [0002.271] I> config: mem-type:00,power-config:00,misc-config:00,modem-config:00,touch-config:00,display-config:00,, len: 93
[2022-03-12 11:35:13] [0002.282] I> create_pm_ids: id: 2597-0000-900-E, len: 15
[2022-03-12 11:35:13] [0002.287] I> config: mem-type:00,power-config:00,misc-config:00,modem-config:00,touch-config:00,display-config:00,, len: 93
[2022-03-12 11:35:13] [0002.298] I> create_pm_ids: id: 3326-1000-000-M, len: 15
[2022-03-12 11:35:13] [0002.303] I> config: mem-type:ff,power-config:ff,misc-config:ff,modem-config:ff,touch-config:ff,display-config:ff,, len: 93
[2022-03-12 11:35:14] [0002.338] I> enabling 'vdd-hdmi' regulator
[2022-03-12 11:35:14] [0002.354] I> regulator 'vdd-hdmi' already enabled
[2022-03-12 11:35:14] [0002.359] E> tegrabl_display_init_regulator: hdmi cable is not connected
[2022-03-12 11:35:14] [0002.365] E> tegrabl_display_get_pdata, failed to parse dtb settings
[2022-03-12 11:35:14] [0002.374] E> cannot find any other nvdisp nodes
[2022-03-12 11:35:14] [0002.378] E> no valid display unit config found in dtb
[2022-03-12 11:35:14] [0002.384] W> display init failed
[2022-03-12 11:35:14] [0002.387] initializing target
[2022-03-12 11:35:14] [0002.390] calling apps_init()
[2022-03-12 11:35:14] [0002.393] starting app kernel_boot_app
[2022-03-12 11:35:14] [0002.416] I> found decompressor handler: lz4-legacy
[2022-03-12 11:35:14] [0002.420] I> decompressing BMP blob ...
[2022-03-12 11:35:14] [0002.433] I> Kernel type = Normal
[2022-03-12 11:35:14] [0002.436] I> ########## Fixed storage boot ##########
[2022-03-12 11:35:14] [0002.441] I> Loading kernel-bootctrl from partition
[2022-03-12 11:35:14] [0002.445] I> Loading partition kernel-bootctrl at 0xa8000000 from device(0x1)
[2022-03-12 11:35:14] [0002.459] W> tegrabl_get_kernel_bootctrl: magic number(0x00000000) is invalid
[2022-03-12 11:35:14] [0002.466] W> tegrabl_get_kernel_bootctrl: use default dummy boot control data
[2022-03-12 11:35:14] [0002.473] W> No valid slot number is found in scratch register
[2022-03-12 11:35:14] [0002.479] W> Return default slot: _a
[2022-03-12 11:35:14] [0002.482] I> A/B: bin_type (24) slot 0
[2022-03-12 11:35:14] [0002.498] I> Boot image size read from image header: 9913d
[2022-03-12 11:35:14] [0002.503] I> Boot image load address: 0x80400000
[2022-03-12 11:35:14] [0002.508] I> Loading kernel from partition
[2022-03-12 11:35:14] [0002.512] I> Loading partition kernel at 0x80400000 from device(0x1)
[2022-03-12 11:35:15] [0003.455] I> Validate kernel ...
[2022-03-12 11:35:15] [0003.458] I> T18x: Authenticate kernel (bin_type 24), max size 0x4000000
[2022-03-12 11:35:15] [0003.466] I> Decrypt the buffer ... [0003.469] W> tegrabl_decrypt_block: fuse (0x0) is not burnt to do encryption (0x4); skip decryption.
[2022-03-12 11:35:15] [0003.478] I> done
[2022-03-12 11:35:15] [0003.480] I> Checking boot.img header magic ... [0003.484] I> [OK]
[2022-03-12 11:35:15] [0003.486] I> kernel-dtb is already loaded
[2022-03-12 11:35:15] [0003.490] I> Validate kernel-dtb ...
[2022-03-12 11:35:15] [0003.493] I> T18x: Authenticate kernel-dtb (bin_type 21), max size 0x100000
[2022-03-12 11:35:15] [0003.501] I> Decrypt the buffer ... [0003.504] W> tegrabl_decrypt_block: fuse (0x0) is not burnt to do encryption (0x4); skip decryption.
[2022-03-12 11:35:15] [0003.513] I> done
[2022-03-12 11:35:15] [0003.515] I> Kernel hdr @0x80400000
[2022-03-12 11:35:15] [0003.518] I> Kernel dtb @0x80000000
[2022-03-12 11:35:15] [0003.521] I> decompressor handler not found
[2022-03-12 11:35:15] [0003.525] I> Copying kernel image (627005 bytes) from 0x80400800 to 0x80600000 ... [0003.533] I> Done
[2022-03-12 11:35:15] [0003.535] I> Move ramdisk (len: 0) from 0x8049a000 to 0x947d0000
[2022-03-12 11:35:15] [0003.542] I> Updated bpmp info to DTB
[2022-03-12 11:35:15] [0003.548] I> Ramdisk: Base: 0x947d0000; Size: 0x0
[2022-03-12 11:35:15] [0003.553] I> Updated initrd info to DTB
[2022-03-12 11:35:15] [0003.556] W> WARN: Fail to override "console=none" in commandline
[2022-03-12 11:35:15] [0003.562] I> Active rootfs suffix: 
[2022-03-12 11:35:15] [0003.565] E> tegrabl_linuxboot_add_disp_param, du 0 failed to get display params
[2022-03-12 11:35:15] [0003.573] E> tegrabl_linuxboot_add_disp_param, du 0 failed to get display params
[2022-03-12 11:35:15] [0003.580] E> tegrabl_linuxboot_add_disp_param, du 0 failed to get display params
[2022-03-12 11:35:15] [0003.587] I> disabled_core_mask: 0xffffff0c
[2022-03-12 11:35:15] [0003.591] W> No valid slot number is found in scratch register
[2022-03-12 11:35:15] [0003.597] W> Return default slot: _a
[2022-03-12 11:35:15] [0003.600] I> Active slot suffix: 
[2022-03-12 11:35:15] [0003.603] I> add_boot_slot_suffix: slot_suffix = 
[2022-03-12 11:35:15] [0003.608] I> Linux Cmdline: console=ttyS0,115200 androidboot.presilicon=true firmware_class.path=/etc/firmware root=/dev/mmcblk0p1 rw rootwait rootfstype=ext4 console=ttyS0,115200n8 console=tty0 fbcon=map:0 net.ifnames=0 isolcpus=1-2  video=tegrafb earlycon=uart8250,mmio32,0x3100000 nvdumper_reserved=0x2772e0000 gpt rootfs.slot_suffix= usbcore.old_scheme_first=1 tegraid=18.1.2.0.0 maxcpus=6 no_console_suspend boot.slot_suffix= boot.ratchetvalues=0.2031647.1 vpr_resize bl_prof_dataptr=0x10000@0x275840000 sdhci_tegra.en_boot_part_access=1 
[2022-03-12 11:35:15] [0003.655] I> Updated bootarg info to DTB
[2022-03-12 11:35:15] [0003.659] I> eeprom_get_mac_addr: MAC (type: 0): 48:b0:2d:0f:11:c5
[2022-03-12 11:35:15] [0003.665] I> eeprom_get_mac_addr: MAC (type: 1): 48:b0:2d:0f:11:c6
[2022-03-12 11:35:15] [0003.672] I> eeprom_get_mac_addr: MAC (type: 2): 48:b0:2d:0f:11:c7
[2022-03-12 11:35:15] [0003.678] E> Found no plugin manager ids in source DT
[2022-03-12 11:35:15] [0003.683] W> Add plugin manager ids from board info
[2022-03-12 11:35:15] [0003.687] W> "plugin-manager" doesn't exist, creating
[2022-03-12 11:35:15] [0003.692] W> "ids" doesn't exist, creating
[2022-03-12 11:35:15] [0003.696] W> "connection" doesn't exist, creating
[2022-03-12 11:35:15] [0003.701] W> "configs" doesn't exist, creating
[2022-03-12 11:35:15] [0003.705] I> create_pm_ids: id: 3310-1000-D00-L, len: 15
[2022-03-12 11:35:15] [0003.710] I> config: mem-type:00,power-config:00,misc-config:00,modem-config:00,touch-config:00,display-config:00,, len: 93
[2022-03-12 11:35:15] [0003.721] I> create_pm_ids: id: 2597-0000-900-E, len: 15
[2022-03-12 11:35:15] [0003.726] I> config: mem-type:00,power-config:00,misc-config:00,modem-config:00,touch-config:00,display-config:00,, len: 93
[2022-03-12 11:35:15] [0003.737] I> create_pm_ids: id: 3326-1000-000-M, len: 15
[2022-03-12 11:35:15] [0003.743] I> config: mem-type:ff,power-config:ff,misc-config:ff,modem-config:ff,touch-config:ff,display-config:ff,, len: 93
[2022-03-12 11:35:15] [0003.753] I> Adding plugin-manager/ids/3310-1000-D00=/i2c@c250000:module@0x50
[2022-03-12 11:35:15] [0003.761] W> "i2c@c250000" doesn't exist, creating
[2022-03-12 11:35:15] [0003.765] W> "module@0x50" doesn't exist, creating
[2022-03-12 11:35:15] [0003.770] I> Adding plugin-manager/ids/2597-0000-900=/i2c@c250000:module@0x57
[2022-03-12 11:35:15] [0003.778] W> "module@0x57" doesn't exist, creating
[2022-03-12 11:35:15] [0003.783] I> Adding plugin-manager/ids/3326-1000-000=/i2c@3180000:module@0x54
[2022-03-12 11:35:15] [0003.790] W> "i2c@3180000" doesn't exist, creating
[2022-03-12 11:35:15] [0003.794] W> "module@0x54" doesn't exist, creating
[2022-03-12 11:35:15] [0003.801] I> Adding plugin-manager/ids/3310-1000-D00-L
[2022-03-12 11:35:15] [0003.808] I> Adding plugin-manager/configs/3310-mem-type 00
[2022-03-12 11:35:15] [0003.814] I> Adding plugin-manager/configs/3310-power-config 00
[2022-03-12 11:35:15] [0003.820] I> Adding plugin-manager/configs/3310-misc-config 00
[2022-03-12 11:35:15] [0003.826] I> Adding plugin-manager/configs/3310-modem-config 00
[2022-03-12 11:35:15] [0003.832] I> Adding plugin-manager/configs/3310-touch-config 00
[2022-03-12 11:35:15] [0003.838] I> Adding plugin-manager/configs/3310-display-config 00
[2022-03-12 11:35:15] [0003.844] I> Adding plugin-manager/cvm
[2022-03-12 11:35:15] [0003.848] W> "chip-id" doesn't exist, creating
[2022-03-12 11:35:15] [0003.852] I> Adding plugin-manager/chip-id/A02P
[2022-03-12 11:35:15] [0003.857] W> "odm-data" doesn't exist, creating
[2022-03-12 11:35:15] [0003.861] I> Adding /chosen/plugin-manager/odm-data
[2022-03-12 11:35:15] [0003.871] I> added [base:0x80000000, size:0x70000000] to /memory
[2022-03-12 11:35:15] [0003.877] I> added [base:0xf0200000, size:0x185600000] to /memory
[2022-03-12 11:35:15] [0003.883] I> added [base:0x275e00000, size:0x200000] to /memory
[2022-03-12 11:35:15] [0003.889] I> added [base:0x276600000, size:0x200000] to /memory
[2022-03-12 11:35:15] [0003.894] I> added [base:0x277000000, size:0x200000] to /memory
[2022-03-12 11:35:15] [0003.900] I> Updated memory info to DTB
[2022-03-12 11:35:15] [0003.905] E> add_disp_param: failed to get display params for du=0
[2022-03-12 11:35:15] [0003.912] W> "reset" doesn't exist, creating
[2022-03-12 11:35:15] [0003.917] W> "pmc-reset-reason" doesn't exist, creating
[2022-03-12 11:35:15] [0003.922] W> "pmic-reset-reason" doesn't exist, creating
[2022-03-12 11:35:15] [0003.929] I> Adding ecid(00000001646db7851000000013038200) to DT
[2022-03-12 11:35:15] [0003.934] I> disabled_core_mask: 0xffffff0c
[2022-03-12 11:35:15] [0003.947] I> Add serial number:1422420022173 as DT property
[2022-03-12 11:35:15] [0003.956] I> Plugin-manager override starting
[2022-03-12 11:35:15] [0003.962] I> node /plugin-manager/fragement@0 matches
[2022-03-12 11:35:15] [0003.972] I> node /plugin-manager/fragement@4 matches
[2022-03-12 11:35:15] [0003.985] I> node /plugin-manager/fragment-sdwake-p3310-1000-300 matches
[2022-03-12 11:35:15] [0004.005] I> node /plugin-manager/fragement-pmon-p3310-1000-300 matches
[2022-03-12 11:35:15] [0004.015] I> node /plugin-manager/fragement-pmon-p3310-1000-800 matches
[2022-03-12 11:35:15] [0004.023] I> node /plugin-manager/fragment-devslp@0 matches
[2022-03-12 11:35:15] [0004.036] I> node /plugin-manager/fragment-500-pcie-config matches
[2022-03-12 11:35:15] [0004.051] I> node /plugin-manager/fragment-500-xusb-config matches
[2022-03-12 11:35:15] [0004.074] I> node /plugin-manager/fragment-p3310-c00-comm matches
[2022-03-12 11:35:15] [0004.087] I> node /plugin-manager/fragment-p3310-c00-pmic matches
[2022-03-12 11:35:15] [0004.098] I> node /plugin-manager/fragment-p3310-c01 matches
[2022-03-12 11:35:15] [0004.111] I> node /plugin-manager/fragment-p3310-c03 matches
[2022-03-12 11:35:15] [0004.154] I> node /plugin-manager/fragment-e3326@0 matches
[2022-03-12 11:35:15] [0004.236] I> node /plugin-manager/fragment-p3310-c00-camera matches
[2022-03-12 11:35:15] [0004.263] I> Disable plugin-manager status in FDT
[2022-03-12 11:35:15] [0004.267] I> Plugin-manager override finished successfully
[2022-03-12 11:35:15] [0004.273] I> tegrabl_load_kernel_and_dtb: Done
[2022-03-12 11:35:15] [0004.277] E> tegrabl_display_clear: display is not initialized
[2022-03-12 11:35:15] [0004.283] W> Boot logo display failed...
[2022-03-12 11:35:15] [0004.286] I> Kernel EP: 0x80600000, DTB: 0x80000000
[2022-03-12 11:35:15] 
[2022-03-12 11:35:15] 
[2022-03-12 11:35:15] U-Boot 2020.04-g46e4604c78 (Jul 26 2021 - 12:10:58 -0700)
[2022-03-12 11:35:15] 
[2022-03-12 11:35:15] SoC: tegra186
[2022-03-12 11:35:16] Model: NVIDIA P2771-0000-500
[2022-03-12 11:35:16] Board: NVIDIA P2771-0000
[2022-03-12 11:35:16] DRAM:  7.8 GiB
[2022-03-12 11:35:16] MMC:   sdhci@3400000: 1, sdhci@3460000: 0
[2022-03-12 11:35:16] Loading Environment from MMC... *** Warning - bad CRC, using default environment
[2022-03-12 11:35:16] 
[2022-03-12 11:35:16] In:    serial
[2022-03-12 11:35:16] Out:   serial
[2022-03-12 11:35:16] Err:   serial
[2022-03-12 11:35:16] Net:   
[2022-03-12 11:35:16] Warning: ethernet@2490000 using MAC address from ROM
[2022-03-12 11:35:16] eth0: ethernet@2490000
[2022-03-12 11:35:16] Hit any key to stop autoboot:  2  1  0 
[2022-03-12 11:35:18] MMC: no card present
[2022-03-12 11:35:18] switch to partitions #0, OK
[2022-03-12 11:35:18] mmc0(part 0) is current device
[2022-03-12 11:35:18] Scanning mmc 0:1...
[2022-03-12 11:35:18] Found /boot/extlinux/extlinux.conf
[2022-03-12 11:35:18] Retrieving file: /boot/extlinux/extlinux.conf
[2022-03-12 11:35:18] 858 bytes read in 22 ms (38.1 KiB/s)
[2022-03-12 11:35:18] 1:	primary kernel
[2022-03-12 11:35:18] Retrieving file: /boot/initrd
[2022-03-12 11:35:18] 7238344 bytes read in 201 ms (34.3 MiB/s)
[2022-03-12 11:35:18] Retrieving file: /boot/Image
[2022-03-12 11:35:19] 34484232 bytes read in 830 ms (39.6 MiB/s)
[2022-03-12 11:35:19] append: console=ttyS0,115200 androidboot.presilicon=true firmware_class.path=/etc/firmware root=/dev/mmcblk0p1 rw rootwait rootfstype=ext4 console=ttyS0,115200n8 console=tty0 fbcon=map:0 net.ifnames=0 isolcpus=1-2  video=tegrafb earlycon=uart8250,mmio32,0x3100000 nvdumper_reserved=0x2772e0000 gpt rootfs.slot_suffix= usbcore.old_scheme_first=1 tegraid=18.1.2.0.0 maxcpus=6 no_console_suspend boot.slot_suffix= boot.ratchetvalues=0.2031647.1 vpr_resize bl_prof_dataptr=0x10000@0x275840000 sdhci_tegra.en_boot_part_access=1 quiet root=/dev/mmcblk0p1 rw rootwait rootfstype=ext4 console=ttyS0,115200n8 console=tty0 fbcon=map:0 net.ifnames=0 isolcpus=1-2 
[2022-03-12 11:35:19] ## Flattened Device Tree blob at 80000000
[2022-03-12 11:35:19]    Booting using the fdt blob at 0x80000000
[2022-03-12 11:35:19] ERROR: reserving fdt memory region failed (addr=0 size=0)
[2022-03-12 11:35:19] ERROR: reserving fdt memory region failed (addr=0 size=0)
[2022-03-12 11:35:19] ERROR: reserving fdt memory region failed (addr=0 size=0)
[2022-03-12 11:35:19]    Using Device Tree in place at 0000000080000000, end 0000000080060aa3
[2022-03-12 11:35:19] copying carveout for /host1x@13e00000/display-hub@15200000/display@15200000...
[2022-03-12 11:35:19] copying carveout for /host1x@13e00000/display-hub@15200000/display@15210000...
[2022-03-12 11:35:19] copying carveout for /host1x@13e00000/display-hub@15200000/display@15220000...
[2022-03-12 11:35:19] 
[2022-03-12 11:35:19] Starting kernel ...
[2022-03-12 11:35:19] 
[2022-03-12 11:35:19] [    0.000000] Booting Linux on physical CPU 0x100
[2022-03-12 11:35:19] [    0.000000] Linux version 4.9.253-tegra (buildbrain@mobile-u64-5497-d3000) (gcc version 7.3.1 20180425 [linaro-7.3-2018.05 revision d29120a424ecfbc167ef90065c0eeb7f91977701] (Linaro GCC 7.3-2018.05) ) #1 SMP PREEMPT Mon Jul 26 12:19:28 PDT 2021
[2022-03-12 11:35:20] [    0.000000] Boot CPU: AArch64 Processor [411fd073]
[2022-03-12 11:35:20] [    0.000000] OF: fdt:memory scan node memory@80000000, reg size 80,
[2022-03-12 11:35:20] [    0.000000] OF: fdt: - 80000000 ,  70000000
[2022-03-12 11:35:20] [    0.000000] OF: fdt: - f0200000 ,  185600000
[2022-03-12 11:35:20] [    0.000000] OF: fdt: - 275e00000 ,  200000
[2022-03-12 11:35:20] [    0.000000] OF: fdt: - 276600000 ,  200000
[2022-03-12 11:35:20] [    0.000000] OF: fdt: - 277000000 ,  200000
[2022-03-12 11:35:20] [    0.000000] earlycon: uart8250 at MMIO32 0x0000000003100000 (options '')
[2022-03-12 11:35:20] [    0.000000] bootconsole [uart8250] enabled
[2022-03-12 11:35:22] [    1.814334] cgroup: cgroup2: unknown option "nsdelegate"
[2022-03-12 11:35:23] [    2.771818] using random self ethernet address
[2022-03-12 11:35:23] [    2.776845] using random host ethernet address
[2022-03-12 11:35:23] [    3.163930] random: crng init done
[2022-03-12 11:35:23] [    3.167337] random: 7 urandom warning(s) missed due to ratelimiting
[2022-03-12 11:35:23] [    3.443160] using random self ethernet address
[2022-03-12 11:35:23] [    3.464592] using random host ethernet address
[2022-03-12 11:35:24] [    3.838534] CPU1: shutdown
[2022-03-12 11:35:24] [    3.892173] CPU2: shutdown
[2022-03-12 11:35:25] [    4.674712] Bridge firewalling registered
[2022-03-12 11:35:28] 
[2022-03-12 11:35:28] Ubuntu 18.04.5 LTS JTX2-A ttyS0
[2022-03-12 11:35:28] 
[2022-03-12 11:35:28] JTX2-A login: [    8.863185] nvgpu: 17000000.gp10b   nvgpu_set_error_notifier_locked:137  [ERR]  error notifier set to 37 for ch 505
[2022-03-12 11:35:29] [    8.873671] nvgpu: 17000000.gp10b        gk20a_gr_handle_fecs_error:5295 [ERR]  firmware method error 0x00000000 for offset 0x418800
[2022-03-12 11:35:29] [    8.886797] nvgpu: 17000000.gp10b gk20a_fifo_handle_mmu_fault_locked:1722 [ERR]  fake mmu fault on engine 0, engine subid 0 (gpc), client 33 (pe 9), addr 0x10d0c2009000, type 2 (pte), access_type 0x00000000,inst_ptr 0x82042000
[2022-03-12 11:35:40] [   19.662871] nvgpu: 17000000.gp10b                     gp10b_ltc_isr:298  [ERR]  mc_ltc_intr: 00000001
[2022-03-12 11:35:40] [   19.672227] nvgpu: 17000000.gp10b                 gp10b_ltc_lts_isr:252  [ERR]  Single bit error detected in GPU L2!
[2022-03-12 11:35:40] [   19.683574] nvgpu: 17000000.gp10b                 gp10b_ltc_lts_isr:286  [ERR]  ltc0, slice 0: bb4f0110
[2022-03-12 11:36:21] [   61.541476] CPU0: SError detected, daif=1c0, spsr=0x80000045, mpidr=80000100, esr=bf40c000
[2022-03-12 11:36:21] [   61.541479] CPU3: SError detected, daif=1c0, spsr=0x80000045, mpidr=80000101, esr=bf40c000
[2022-03-12 11:36:21] [   61.541481] CPU5: SError detected, daif=1c0, spsr=0x800000c5, mpidr=80000103, esr=bf40c000
[2022-03-12 11:36:21] [   61.541484] CPU4: SError detected, daif=1c0, spsr=0x800000c5, mpidr=80000102, esr=bf40c000
[2022-03-12 11:36:21] [   61.541485] **************************************
[2022-03-12 11:36:21] [   61.541489] A57 CPU Memory Error on CPU 3 (A57 Core 1)
[2022-03-12 11:36:21] [   61.541490] 	ESR:               0xbf40c000
[2022-03-12 11:36:21] [   61.541492] 	L2MERRSR: 0x500900182c0
[2022-03-12 11:36:21] [   61.541494] 	L2 Tag RAM: 0x10
[2022-03-12 11:36:21] [   61.541495] 	CPU ID of Error:    0
[2022-03-12 11:36:21] [   61.541496] 	WAY of Error:       0
[2022-03-12 11:36:21] [   61.541497] 	Index of Error:     99008
[2022-03-12 11:36:21] [   61.541498] 	Repeat Error Count: 0
[2022-03-12 11:36:21] [   61.541499] 	Other Error Count:  5
[2022-03-12 11:36:21] [   61.541500] **************************************
[2022-03-12 11:36:21] [   61.544331] ROC:CCE Machine Check Error:
[2022-03-12 11:36:21] [   61.544335] 	Address Type = Non-Secure DRAM
[2022-03-12 11:36:21] [   61.544360] 	Address = 0x2125c8748 -- System RAM + 0x1223c8748
[2022-03-12 11:36:21] [   61.544558] Bad mode in Error handler detected on CPU3, code 0xbf40c000 -- SError
[2022-03-12 11:36:22] [   61.544560] Kernel panic - not syncing: bad mode
[2022-03-12 11:36:22] [   61.544563] CPU: 3 PID: 865 Comm: nvmap-bz Not tainted 4.9.253-tegra #1
[2022-03-12 11:36:22] [   61.544565] Hardware name: quill (DT)
[2022-03-12 11:36:22] [   61.544566] Call trace:
[2022-03-12 11:36:22] [   61.544574] [<ffffff800808ba40>] dump_backtrace+0x0/0x198
[2022-03-12 11:36:22] [   61.544577] [<ffffff800808c004>] show_stack+0x24/0x30
[2022-03-12 11:36:22] [   61.544582] [<ffffff8008f6121c>] dump_stack+0xa0/0xc4
[2022-03-12 11:36:22] [   61.544585] [<ffffff8008f5e2c0>] panic+0x12c/0x2a8
[2022-03-12 11:36:22] [   61.544587] [<ffffff800808c894>] bad_mode+0x7c/0x80
[2022-03-12 11:36:22] [   61.544590] [<ffffff800808ca5c>] handle_serr+0x124/0x128
[2022-03-12 11:36:22] [   61.544592] [<ffffff8008082d98>] el1_serr+0xb0/0x144
[2022-03-12 11:36:22] [   61.544595] [<ffffff800857f180>] nvmap_clean_cache_page+0x20/0x30
[2022-03-12 11:36:22] [   61.544598] [<ffffff800858dc70>] nvmap_pp_zero_pages+0xa8/0x170
[2022-03-12 11:36:22] [   61.544601] [<ffffff800858e534>] nvmap_background_zero_thread+0x13c/0x508
[2022-03-12 11:36:22] [   61.544603] [<ffffff80080db09c>] kthread+0xec/0xf0
[2022-03-12 11:36:22] [   61.544605] [<ffffff80080838a0>] ret_from_fork+0x10/0x30
[2022-03-12 11:36:22] [   61.544609] SMP: stopping secondary CPUs
[2022-03-12 11:36:22] [   61.547396] ROC:CCE Machine Check Error:
[2022-03-12 11:36:22] [   61.547398] 	Address Type = Non-Secure DRAM
[2022-03-12 11:36:22] [   61.547404] 	Address = 0x814c8748 -- System RAM + 0x14c8748
[2022-03-12 11:36:22] [   61.737644] Kernel Offset: disabled
[2022-03-12 11:36:22] [   61.741126] Memory Limit: none
[2022-03-12 11:36:22] [   61.744174] trusty-log panic notifier - trusty version Built: 12:20:14 Jul 26 2021 [   61.757029] Rebooting in 5 seconds..
[2022-03-12 11:36:27] [0000.163] I> Welcome to MB2(TBoot-BPMP)(version: 01.00.160913-t186-M-00.00-mobile-c368a720)
[2022-03-12 11:36:27] [0000.171] I> Boot-device: eMMC
[2022-03-12 11:36:27] [0000.179] I> sdmmc bdev is already initialized
[2022-03-12 11:36:27] [0000.183] I> pmic: reset reason (nverc)	: 0x0
[2022-03-12 11:36:27] [0000.216] I> Found 19 partitions in SDMMC_BOOT (instance 3)
[2022-03-12 11:36:27] [0000.236] I> Found 33 partitions in SDMMC_USER (instance 3)
[2022-03-12 11:36:27] [0000.242] W> No valid slot number is found in scratch register
[2022-03-12 11:36:27] [0000.248] W> Return default slot: _a
[2022-03-12 11:36:27] [0000.251] I> A/B: bin_type (16) slot 0
[2022-03-12 11:36:27] [0000.255] I> Loading partition bpmp-fw at 0xd7800000
[2022-03-12 11:36:27] [0000.260] I> Reading two headers - addr:0xd7800000 blocks:1
[2022-03-12 11:36:27] [0000.265] I> Addr: 0xd7800000, start-block: 58777608, num_blocks: 1
[2022-03-12 11:36:27] [0000.290] I> Binary(16) of size 534416 is loaded @ 0xd7800000
[2022-03-12 11:36:27] [0000.296] W> No valid slot number is found in scratch register
[2022-03-12 11:36:27] [0000.301] W> Return default slot: _a
[2022-03-12 11:36:27] [0000.305] I> A/B: bin_type (17) slot 0
[2022-03-12 11:36:27] [0000.308] I> Loading partition bpmp-fw-dtb at 0xd79f0000
[2022-03-12 11:36:27] [0000.314] I> Reading two headers - addr:0xd79f0000 blocks:1
[2022-03-12 11:36:27] [0000.319] I> Addr: 0xd79f0000, start-block: 58780024, num_blocks: 1
[2022-03-12 11:36:27] [0000.345] I> Binary(17) of size 604720 is loaded @ 0xd796c400
[2022-03-12 11:36:27] [0000.573] I> Loading SCE-FW ...
[2022-03-12 11:36:27] [0000.576] W> No valid slot number is found in scratch register
[2022-03-12 11:36:27] [0000.582] W> Return default slot: _a
[2022-03-12 11:36:27] [0000.585] I> A/B: bin_type (12) slot 0
[2022-03-12 11:36:27] [0000.589] I> Loading partition sce-fw at 0xd7300000
[2022-03-12 11:36:27] [0000.594] I> Reading two headers - addr:0xd7300000 blocks:1
[2022-03-12 11:36:27] [0000.599] I> Addr: 0xd7300000, start-block: 58784120, num_blocks: 1
[2022-03-12 11:36:27] [0000.618] I> Binary(12) of size 125632 is loaded @ 0xd7300000
[2022-03-12 11:36:27] [0000.624] I> Init SCE
[2022-03-12 11:36:27] [0000.626] I> Loading APE-FW ...
[2022-03-12 11:36:27] [0000.629] W> No valid slot number is found in scratch register
[2022-03-12 11:36:27] [0000.635] W> Return default slot: _a
[2022-03-12 11:36:27] [0000.638] I> A/B: bin_type (11) slot 0
[2022-03-12 11:36:27] [0000.642] I> Loading partition adsp-fw at 0xd7400000
[2022-03-12 11:36:27] [0000.647] I> Reading two headers - addr:0xd7400000 blocks:1
[2022-03-12 11:36:27] [0000.652] I> Addr: 0xd7400000, start-block: 58761224, num_blocks: 1
[2022-03-12 11:36:27] [0000.671] I> Binary(11) of size 77216 is loaded @ 0xd7400000
[2022-03-12 11:36:27] [0000.677] I> Copy BTCM section
[2022-03-12 11:36:27] [0000.680] W> No valid slot number is found in scratch register
[2022-03-12 11:36:27] [0000.686] W> Return default slot: _a
[2022-03-12 11:36:27] [0000.689] I> A/B: bin_type (13) slot 0
[2022-03-12 11:36:27] [0000.693] I> Loading partition cpu-bootloader at 0x96000000
[2022-03-12 11:36:27] [0000.698] I> Reading two headers - addr:0x96000000 blocks:1
[2022-03-12 11:36:27] [0000.704] I> Addr: 0x96000000, start-block: 58740744, num_blocks: 1
[2022-03-12 11:36:27] [0000.725] I> Binary(13) of size 308800 is loaded @ 0x96000000
[2022-03-12 11:36:27] [0000.730] W> No valid slot number is found in scratch register
[2022-03-12 11:36:27] [0000.736] W> Return default slot: _a
[2022-03-12 11:36:27] [0000.739] I> A/B: bin_type (20) slot 0
[2022-03-12 11:36:27] [0000.743] I> Loading partition bootloader-dtb at 0x85205400
[2022-03-12 11:36:27] [0000.748] I> Reading two headers - addr:0x85205400 blocks:1
[2022-03-12 11:36:27] [0000.754] I> Addr: 0x85205400, start-block: 58742792, num_blocks: 1
[2022-03-12 11:36:27] [0000.776] I> Binary(20) of size 375568 is loaded @ 0x85205400
[2022-03-12 11:36:27] [0000.781] W> No valid slot number is found in scratch register
[2022-03-12 11:36:27] [0000.787] W> Return default slot: _a
[2022-03-12 11:36:27] [0000.790] I> A/B: bin_type (14) slot 0
[2022-03-12 11:36:27] [0000.794] I> Loading partition secure-os at 0x85305600
[2022-03-12 11:36:27] [0000.799] I> Reading two headers - addr:0x85305600 blocks:1
[2022-03-12 11:36:27] [0000.805] I> Addr: 0x85305600, start-block: 58744840, num_blocks: 1
[2022-03-12 11:36:27] [0000.827] I> Binary(14) of size 402864 is loaded @ 0x85305600
[2022-03-12 11:36:27] [0000.834] I> TOS boot-params @ 0x85000000
[2022-03-12 11:36:27] [0000.838] I> TOS params prepared
[2022-03-12 11:36:27] [0000.841] I> Loading EKS ...
[2022-03-12 11:36:27] [0000.844] I> A/B: bin_type (15) slot 0
[2022-03-12 11:36:27] [0000.848] I> Loading partition eks at 0x85905800
[2022-03-12 11:36:27] [0000.852] I> Reading two headers - addr:0x85905800 blocks:1
[2022-03-12 11:36:27] [0000.858] I> Addr: 0x85905800, start-block: 58757128, num_blocks: 1
[2022-03-12 11:36:28] [0000.876] I> Binary(15) of size 1040 is loaded @ 0x85905800
[2022-03-12 11:36:28] [0000.882] I> EKB detected (length: 0x400) @ 0x85905800
[2022-03-12 11:36:28] [0000.887] I> Copied encrypted keys
[2022-03-12 11:36:28] [0000.891] I> boot profiler @ 0x275844000
[2022-03-12 11:36:28] [0000.894] I> boot profiler for TOS @ 0x275844000
[2022-03-12 11:36:28] [0000.899] I> Unhalting SCE
[2022-03-12 11:36:28] [0000.902] I> Primary Memory Start:80000000 Size:70000000
[2022-03-12 11:36:28] [0000.907] I> Extended Memory Start:f0110000 Size:1856f0000
[2022-03-12 11:36:28] [0000.914] I> MB2(TBoot-BPMP) done
[2022-03-12 11:36:28] 
[2022-03-12 11:36:28] NOTICE:  BL31: v1.3(release):b5eeb33f7
[2022-03-12 11:36:28] NOTICE:  BL31: Built : 12:15:17, Jul 26 2021
[2022-03-12 11:36:28] ipc-unittest-main: 1519: Welcome to IPC unittest!!!
[2022-03-12 11:36:28] ipc-unittest-main: 1531: waiting forever
[2022-03-12 11:36:28] ipc-unittest-srv: 329: Init unittest services!!!
[2022-03-12 11:36:28] hwkey-agent: 41: hwkey-agent is running!!
[2022-03-12 11:36:28] hwkey-agent: 315: key_mgnt_processing .......
[2022-03-12 11:36:28] hwkey-agent: 223: Setting EKB key 0 to slot 14
[2022-03-12 11:36:28] hwkey-agent: 178: Init hweky-agent services!!
[2022-03-12 11:36:28] luks-srv: 40: luks-srv is running!!
[2022-03-12 11:36:28] luks-srv: 157: Init luks-srv IPC services!!
[2022-03-12 11:36:28] platform_bootstrap_epilog: trusty bootstrap complete
[2022-03-12 11:36:28] [0001.287] I> Welcome to Cboot
[2022-03-12 11:36:28] [0001.289] I> Cboot Version: t186-00029e71
[2022-03-12 11:36:28] [0001.293] I> CPU-BL Params @ 0x275800000
[2022-03-12 11:36:28] [0001.297] I>  0) Base:0x00000000 Size:0x00000000
[2022-03-12 11:36:28] [0001.301] I>  1) Base:0x277f00000 Size:0x00100000
[2022-03-12 11:36:28] [0001.306] I>  2) Base:0x277e00000 Size:0x00100000
[2022-03-12 11:36:28] [0001.310] I>  3) Base:0x277d00000 Size:0x00100000
[2022-03-12 11:36:28] [0001.315] I>  4) Base:0x277c00000 Size:0x00100000
[2022-03-12 11:36:28] [0001.319] I>  5) Base:0x277b00000 Size:0x00100000
[2022-03-12 11:36:28] [0001.324] I>  6) Base:0x277800000 Size:0x00200000
[2022-03-12 11:36:28] [0001.328] I>  7) Base:0x277400000 Size:0x00400000
[2022-03-12 11:36:28] [0001.333] I>  8) Base:0x277a00000 Size:0x00100000
[2022-03-12 11:36:28] [0001.337] I>  9) Base:0x277300000 Size:0x00100000
[2022-03-12 11:36:28] [0001.342] I> 10) Base:0x276800000 Size:0x00800000
[2022-03-12 11:36:28] [0001.347] I> 11) Base:0x30000000 Size:0x00040000
[2022-03-12 11:36:28] [0001.351] I> 12) Base:0xf0000000 Size:0x00100000
[2022-03-12 11:36:28] [0001.355] I> 13) Base:0x30040000 Size:0x00001000
[2022-03-12 11:36:28] [0001.360] I> 14) Base:0x30048000 Size:0x00001000
[2022-03-12 11:36:28] [0001.364] I> 15) Base:0x30049000 Size:0x00001000
[2022-03-12 11:36:28] [0001.369] I> 16) Base:0x3004a000 Size:0x00001000
[2022-03-12 11:36:28] [0001.373] I> 17) Base:0x3004b000 Size:0x00001000
[2022-03-12 11:36:28] [0001.378] I> 18) Base:0x3004c000 Size:0x00001000
[2022-03-12 11:36:28] [0001.382] I> 19) Base:0x3004d000 Size:0x00001000
[2022-03-12 11:36:28] [0001.386] I> 20) Base:0x3004e000 Size:0x00001000
[2022-03-12 11:36:28] [0001.391] I> 21) Base:0x3004f000 Size:0x00001000
[2022-03-12 11:36:28] [0001.395] I> 22) Base:0x00000000 Size:0x00000000
[2022-03-12 11:36:28] [0001.400] I> 23) Base:0xf0100000 Size:0x00010000
[2022-03-12 11:36:28] [0001.404] I> 24) Base:0x00000000 Size:0x00000000
[2022-03-12 11:36:28] [0001.409] I> 25) Base:0x00000000 Size:0x00000000
[2022-03-12 11:36:28] [0001.413] I> 26) Base:0x00000000 Size:0x00000000
[2022-03-12 11:36:28] [0001.417] I> 27) Base:0x00000000 Size:0x00000000
[2022-03-12 11:36:28] [0001.422] I> 28) Base:0x84400000 Size:0x00400000
[2022-03-12 11:36:28] [0001.426] I> 29) Base:0x30000000 Size:0x00010000
[2022-03-12 11:36:28] [0001.431] I> 30) Base:0x278000000 Size:0x08000000
[2022-03-12 11:36:28] [0001.435] I> 31) Base:0x00000000 Size:0x00000000
[2022-03-12 11:36:28] [0001.440] I> 32) Base:0x276000000 Size:0x00600000
[2022-03-12 11:36:28] [0001.444] I> 33) Base:0x80000000 Size:0x70000000
[2022-03-12 11:36:28] [0001.449] I> 34) Base:0xf0110000 Size:0x1856f0000
[2022-03-12 11:36:28] [0001.453] I> 35) Base:0x00000000 Size:0x00000000
[2022-03-12 11:36:28] [0001.458] I> 36) Base:0x00000000 Size:0x00000000
[2022-03-12 11:36:28] [0001.462] I> 37) Base:0x2772e0000 Size:0x00020000
[2022-03-12 11:36:28] [0001.467] I> 38) Base:0x84000000 Size:0x00400000
[2022-03-12 11:36:28] [0001.471] I> 39) Base:0x96000000 Size:0x02000000
[2022-03-12 11:36:28] [0001.475] I> 40) Base:0x85000000 Size:0x01200000
[2022-03-12 11:36:28] [0001.480] I> 41) Base:0x275800000 Size:0x00500000
[2022-03-12 11:36:28] [0001.484] I> 42) Base:0x00000000 Size:0x00000000
[2022-03-12 11:36:28] [0001.489] I> 43) Base:0x00000000 Size:0x00000000
[2022-03-12 11:36:28] [0001.493] GIC-SPI Target CPU: 4
[2022-03-12 11:36:28] [0001.497] Interrupts Init done
[2022-03-12 11:36:28] [0001.500] calling constructors
[2022-03-12 11:36:28] [0001.503] initializing heap
[2022-03-12 11:36:28] [0001.506] initializing threads
[2022-03-12 11:36:28] [0001.509] initializing timers
[2022-03-12 11:36:28] [0001.512] creating bootstrap completion thread
[2022-03-12 11:36:28] [0001.517] top of bootstrap2()
[2022-03-12 11:36:28] [0001.520] CPU: ARM Cortex A57
[2022-03-12 11:36:28] [0001.523] CPU: MIDR: 0x411FD073, MPIDR: 0x80000100
[2022-03-12 11:36:28] [0001.528] initializing platform
[2022-03-12 11:36:28] [0001.531] I> Bl_dtb @0x85205400
[2022-03-12 11:36:28] [0001.534] I> gpio framework initialized
[2022-03-12 11:36:28] [0001.541] I> tegrabl_gpio_driver_register: register 'nvidia,tegra186-gpio' driver
[2022-03-12 11:36:28] [0001.551] I> tegrabl_gpio_driver_register: register 'nvidia,tegra186-gpio-aon' driver
[2022-03-12 11:36:28] [0001.558] I> GPIO framework and drivers are initialized.
[2022-03-12 11:36:28] [0001.564] I> Boot-device: eMMC
[2022-03-12 11:36:28] [0001.571] I> sdmmc bdev is already initialized
[2022-03-12 11:36:28] [0001.601] I> Found 19 partitions in SDMMC_BOOT (instance 3)
[2022-03-12 11:36:28] [0001.619] I> Found 33 partitions in SDMMC_USER (instance 3)
[2022-03-12 11:36:28] [0001.625] W> opt-in fuse is not set, skip fuse_burning
[2022-03-12 11:36:28] [0001.630] I> Reserved memory at 0xfbe00000 for U-Boot relocation
[2022-03-12 11:36:28] [0001.635] W> No valid slot number is found in scratch register
[2022-03-12 11:36:28] [0001.641] W> Return default slot: _a
[2022-03-12 11:36:28] [0001.650] I> A/B: bin_type (21) slot 0
[2022-03-12 11:36:28] [0001.654] I> Loading kernel-dtb from partition
[2022-03-12 11:36:28] [0001.658] I> Loading partition kernel-dtb at 0x80000000 from device(0x1)
[2022-03-12 11:36:28] [0001.675] I> Kernel_dtb @0x80000000
[2022-03-12 11:36:28] [0001.679] I> tegrabl_tca9539_init: i2c bus: 0, slave addr: 0xee
[2022-03-12 11:36:28] [0001.689] I> tegrabl_gpio_driver_register: register 'tca9539_gpio_driver' driver
[2022-03-12 11:36:28] [0001.696] I> tegrabl_tca9539_init: i2c bus: 0, slave addr: 0xe8
[2022-03-12 11:36:28] [0001.705] I> tegrabl_gpio_driver_register: register 'tca9539_gpio_driver' driver
[2022-03-12 11:36:28] [0001.716] I> fixed regulator driver initialized
[2022-03-12 11:36:28] [0001.749] I> register 'maxim' power off handle
[2022-03-12 11:36:28] [0001.755] I> virtual i2c enabled
[2022-03-12 11:36:28] [0001.758] I> registered 'maxim,max77620' pmic
[2022-03-12 11:36:28] [0001.763] I> tegrabl_gpio_driver_register: register 'max77620-gpio' driver
[2022-03-12 11:36:28] [0001.777] E> failed to read label property for node 324936: 13
[2022-03-12 11:36:28] [0001.785] E> failed to read reg property for node 325032: 13
[2022-03-12 11:36:28] [0001.793] E> failed to read reg property for node 325084: 13
[2022-03-12 11:36:28] [0001.802] E> failed to read label property for node 325168: 13
[2022-03-12 11:36:28] [0001.810] E> failed to read label property for node 325236: 13
[2022-03-12 11:36:28] [0001.818] E> failed to read reg property for node 325304: 13
[2022-03-12 11:36:28] [0001.827] E> failed to read reg property for node 325376: 13
[2022-03-12 11:36:28] [0001.837] I> Find /i2c@c250000's alias i2c7
[2022-03-12 11:36:28] [0001.841] I> Reading eeprom i2c=7 address=0x50
[2022-03-12 11:36:29] [0001.870] I> Device at /i2c@c250000:0x50
[2022-03-12 11:36:29] [0001.874] I> Reading eeprom i2c=7 address=0x57
[2022-03-12 11:36:29] [0001.903] I> Device at /i2c@c250000:0x57
[2022-03-12 11:36:29] [0001.907] I> Find /i2c@c240000's alias i2c1
[2022-03-12 11:36:29] [0001.911] I> Reading eeprom i2c=1 address=0x51
[2022-03-12 11:36:29] [0001.916] E> I2C: slave not found in slaves.
[2022-03-12 11:36:29] [0001.920] E> I2C: Could not write 0 bytes to slave: 0x00a2 with repeat start true.
[2022-03-12 11:36:29] [0001.928] E> I2C_DEV: Failed to send register address 0x00000000.
[2022-03-12 11:36:29] [0001.934] E> I2C_DEV: Could not read 256 registers of size 1 from slave 0xa2 at 0x00000000 via instance 1.
[2022-03-12 11:36:29] [0001.943] E> eeprom: Retry to read I2C slave device.
[2022-03-12 11:36:29] [0001.948] E> I2C: slave not found in slaves.
[2022-03-12 11:36:29] [0001.952] E> I2C: Could not write 0 bytes to slave: 0x00a2 with repeat start true.
[2022-03-12 11:36:29] [0001.960] E> I2C_DEV: Failed to send register address 0x00000000.
[2022-03-12 11:36:29] [0001.966] E> I2C_DEV: Could not read 256 registers of size 1 from slave 0xa2 at 0x00000000 via instance 1.
[2022-03-12 11:36:29] [0001.976] E> eeprom: Failed to read I2C slave device
[2022-03-12 11:36:29] [0001.980] I> Eeprom read failed 0x3526070d
[2022-03-12 11:36:29] [0001.985] I> Find /i2c@3160000's alias i2c0
[2022-03-12 11:36:29] [0001.989] I> Reading eeprom i2c=0 address=0x50
[2022-03-12 11:36:29] [0001.993] E> I2C: slave not found in slaves.
[2022-03-12 11:36:29] [0001.997] E> I2C: Could not write 0 bytes to slave: 0x00a0 with repeat start true.
[2022-03-12 11:36:29] [0002.005] E> I2C_DEV: Failed to send register address 0x00000000.
[2022-03-12 11:36:29] [0002.011] E> I2C_DEV: Could not read 256 registers of size 1 from slave 0xa0 at 0x00000000 via instance 0.
[2022-03-12 11:36:29] [0002.020] E> eeprom: Failed to read I2C slave device
[2022-03-12 11:36:29] [0002.025] I> Eeprom read failed 0x3526070d
[2022-03-12 11:36:29] [0002.030] I> Find /i2c@3180000's alias i2c2
[2022-03-12 11:36:29] [0002.034] I> Reading eeprom i2c=2 address=0x54
[2022-03-12 11:36:29] [0002.038] I> Enabling gpio chip_id = 2, gpio pin = 9
[2022-03-12 11:36:29] [0002.069] I> Disabling gpio chip_id = 2, gpio pin = 9
[2022-03-12 11:36:29] [0002.074] I> Device at /i2c@3180000:0x54
[2022-03-12 11:36:29] [0002.078] I> Reading eeprom i2c=2 address=0x57
[2022-03-12 11:36:29] [0002.082] I> Enabling gpio chip_id = 2, gpio pin = 9
[2022-03-12 11:36:29] [0002.088] E> I2C: slave not found in slaves.
[2022-03-12 11:36:29] [0002.092] E> I2C: Could not write 0 bytes to slave: 0x00ae with repeat start true.
[2022-03-12 11:36:29] [0002.099] E> I2C_DEV: Failed to send register address 0x00000000.
[2022-03-12 11:36:29] [0002.105] E> I2C_DEV: Could not read 256 registers of size 1 from slave 0xae at 0x00000000 via instance 2.
[2022-03-12 11:36:29] [0002.115] E> eeprom: Failed to read I2C slave device
[2022-03-12 11:36:29] [0002.120] I> Disabling gpio chip_id = 2, gpio pin = 9
[2022-03-12 11:36:29] [0002.125] I> Eeprom read failed 0x00000000
[2022-03-12 11:36:29] [0002.129] I> create_pm_ids: id: 3310-1000-D00-L, len: 15
[2022-03-12 11:36:29] [0002.134] I> config: mem-type:00,power-config:00,misc-config:00,modem-config:00,touch-config:00,display-config:00,, len: 93
[2022-03-12 11:36:29] [0002.145] I> create_pm_ids: id: 2597-0000-900-E, len: 15
[2022-03-12 11:36:29] [0002.150] I> config: mem-type:00,power-config:00,misc-config:00,modem-config:00,touch-config:00,display-config:00,, len: 93
[2022-03-12 11:36:29] [0002.161] I> create_pm_ids: id: 3326-1000-000-M, len: 15
[2022-03-12 11:36:29] [0002.166] I> config: mem-type:ff,power-config:ff,misc-config:ff,modem-config:ff,touch-config:ff,display-config:ff,, len: 93
[2022-03-12 11:36:29] [0002.201] I> enabling 'vdd-hdmi' regulator
[2022-03-12 11:36:29] [0002.217] I> regulator 'vdd-hdmi' already enabled
[2022-03-12 11:36:29] [0002.221] E> tegrabl_display_init_regulator: hdmi cable is not connected
[2022-03-12 11:36:29] [0002.228] E> tegrabl_display_get_pdata, failed to parse dtb settings
[2022-03-12 11:36:29] [0002.237] E> cannot find any other nvdisp nodes
[2022-03-12 11:36:29] [0002.241] E> no valid display unit config found in dtb
[2022-03-12 11:36:29] [0002.247] W> display init failed
[2022-03-12 11:36:29] [0002.250] initializing target
[2022-03-12 11:36:29] [0002.253] calling apps_init()
[2022-03-12 11:36:29] [0002.256] starting app kernel_boot_app
[2022-03-12 11:36:29] [0002.278] I> found decompressor handler: lz4-legacy
[2022-03-12 11:36:29] [0002.283] I> decompressing BMP blob ...
[2022-03-12 11:36:29] [0002.295] I> Kernel type = Normal
[2022-03-12 11:36:29] [0002.298] I> ########## Fixed storage boot ##########
[2022-03-12 11:36:29] [0002.303] I> Loading kernel-bootctrl from partition
[2022-03-12 11:36:29] [0002.308] I> Loading partition kernel-bootctrl at 0xa8000000 from device(0x1)
[2022-03-12 11:36:29] [0002.322] W> tegrabl_get_kernel_bootctrl: magic number(0x00000000) is invalid
[2022-03-12 11:36:29] [0002.329] W> tegrabl_get_kernel_bootctrl: use default dummy boot control data
[2022-03-12 11:36:29] [0002.336] W> No valid slot number is found in scratch register
[2022-03-12 11:36:29] [0002.342] W> Return default slot: _a
[2022-03-12 11:36:29] [0002.345] I> A/B: bin_type (24) slot 0
[2022-03-12 11:36:29] [0002.361] I> Boot image size read from image header: 9913d
[2022-03-12 11:36:29] [0002.366] I> Boot image load address: 0x80400000
[2022-03-12 11:36:29] [0002.370] I> Loading kernel from partition
[2022-03-12 11:36:29] [0002.374] I> Loading partition kernel at 0x80400000 from device(0x1)
[2022-03-12 11:36:30] [0003.316] I> Validate kernel ...
[2022-03-12 11:36:30] [0003.319] I> T18x: Authenticate kernel (bin_type 24), max size 0x4000000
[2022-03-12 11:36:30] [0003.327] I> Decrypt the buffer ... [0003.331] W> tegrabl_decrypt_block: fuse (0x0) is not burnt to do encryption (0x4); skip decryption.
[2022-03-12 11:36:30] [0003.339] I> done
[2022-03-12 11:36:30] [0003.341] I> Checking boot.img header magic ... [0003.345] I> [OK]
[2022-03-12 11:36:30] [0003.347] I> kernel-dtb is already loaded
[2022-03-12 11:36:30] [0003.351] I> Validate kernel-dtb ...
[2022-03-12 11:36:30] [0003.354] I> T18x: Authenticate kernel-dtb (bin_type 21), max size 0x100000
[2022-03-12 11:36:30] [0003.362] I> Decrypt the buffer ... [0003.365] W> tegrabl_decrypt_block: fuse (0x0) is not burnt to do encryption (0x4); skip decryption.
[2022-03-12 11:36:30] [0003.374] I> done
[2022-03-12 11:36:30] [0003.376] I> Kernel hdr @0x80400000
[2022-03-12 11:36:30] [0003.379] I> Kernel dtb @0x80000000
[2022-03-12 11:36:30] [0003.383] I> decompressor handler not found
[2022-03-12 11:36:30] [0003.387] I> Copying kernel image (627005 bytes) from 0x80400800 to 0x80600000 ... [0003.394] I> Done
[2022-03-12 11:36:30] [0003.396] I> Move ramdisk (len: 0) from 0x8049a000 to 0x947d0000
[2022-03-12 11:36:30] [0003.403] I> Updated bpmp info to DTB
[2022-03-12 11:36:30] [0003.409] I> Ramdisk: Base: 0x947d0000; Size: 0x0
[2022-03-12 11:36:30] [0003.414] I> Updated initrd info to DTB
[2022-03-12 11:36:30] [0003.418] W> WARN: Fail to override "console=none" in commandline
[2022-03-12 11:36:30] [0003.424] I> Active rootfs suffix: 
[2022-03-12 11:36:30] [0003.427] E> tegrabl_linuxboot_add_disp_param, du 0 failed to get display params
[2022-03-12 11:36:30] [0003.434] E> tegrabl_linuxboot_add_disp_param, du 0 failed to get display params
[2022-03-12 11:36:30] [0003.441] E> tegrabl_linuxboot_add_disp_param, du 0 failed to get display params
[2022-03-12 11:36:30] [0003.448] I> disabled_core_mask: 0xffffff0c
[2022-03-12 11:36:30] [0003.452] W> No valid slot number is found in scratch register
[2022-03-12 11:36:30] [0003.458] W> Return default slot: _a
[2022-03-12 11:36:30] [0003.461] I> Active slot suffix: 
[2022-03-12 11:36:30] [0003.465] I> add_boot_slot_suffix: slot_suffix = 
[2022-03-12 11:36:30] [0003.469] I> Linux Cmdline: console=ttyS0,115200 androidboot.presilicon=true firmware_class.path=/etc/firmware root=/dev/mmcblk0p1 rw rootwait rootfstype=ext4 console=ttyS0,115200n8 console=tty0 fbcon=map:0 net.ifnames=0 isolcpus=1-2  video=tegrafb earlycon=uart8250,mmio32,0x3100000 nvdumper_reserved=0x2772e0000 gpt rootfs.slot_suffix= usbcore.old_scheme_first=1 tegraid=18.1.2.0.0 maxcpus=6 no_console_suspend boot.slot_suffix= boot.ratchetvalues=0.2031647.1 vpr_resize bl_prof_dataptr=0x10000@0x275840000 sdhci_tegra.en_boot_part_access=1 
[2022-03-12 11:36:30] [0003.517] I> Updated bootarg info to DTB
[2022-03-12 11:36:30] [0003.520] I> eeprom_get_mac_addr: MAC (type: 0): 48:b0:2d:0f:11:c5
[2022-03-12 11:36:30] [0003.527] I> eeprom_get_mac_addr: MAC (type: 1): 48:b0:2d:0f:11:c6
[2022-03-12 11:36:30] [0003.533] I> eeprom_get_mac_addr: MAC (type: 2): 48:b0:2d:0f:11:c7
[2022-03-12 11:36:30] [0003.539] E> Found no plugin manager ids in source DT
[2022-03-12 11:36:30] [0003.544] W> Add plugin manager ids from board info
[2022-03-12 11:36:30] [0003.549] W> "plugin-manager" doesn't exist, creating
[2022-03-12 11:36:30] [0003.554] W> "ids" doesn't exist, creating
[2022-03-12 11:36:30] [0003.558] W> "connection" doesn't exist, creating
[2022-03-12 11:36:30] [0003.562] W> "configs" doesn't exist, creating
[2022-03-12 11:36:30] [0003.567] I> create_pm_ids: id: 3310-1000-D00-L, len: 15
[2022-03-12 11:36:30] [0003.572] I> config: mem-type:00,power-config:00,misc-config:00,modem-config:00,touch-config:00,display-config:00,, len: 93
[2022-03-12 11:36:30] [0003.583] I> create_pm_ids: id: 2597-0000-900-E, len: 15
[2022-03-12 11:36:30] [0003.588] I> config: mem-type:00,power-config:00,misc-config:00,modem-config:00,touch-config:00,display-config:00,, len: 93
[2022-03-12 11:36:30] [0003.599] I> create_pm_ids: id: 3326-1000-000-M, len: 15
[2022-03-12 11:36:30] [0003.604] I> config: mem-type:ff,power-config:ff,misc-config:ff,modem-config:ff,touch-config:ff,display-config:ff,, len: 93
[2022-03-12 11:36:30] [0003.615] I> Adding plugin-manager/ids/3310-1000-D00=/i2c@c250000:module@0x50
[2022-03-12 11:36:30] [0003.622] W> "i2c@c250000" doesn't exist, creating
[2022-03-12 11:36:30] [0003.627] W> "module@0x50" doesn't exist, creating
[2022-03-12 11:36:30] [0003.632] I> Adding plugin-manager/ids/2597-0000-900=/i2c@c250000:module@0x57
[2022-03-12 11:36:30] [0003.639] W> "module@0x57" doesn't exist, creating
[2022-03-12 11:36:30] [0003.644] I> Adding plugin-manager/ids/3326-1000-000=/i2c@3180000:module@0x54
[2022-03-12 11:36:30] [0003.651] W> "i2c@3180000" doesn't exist, creating
[2022-03-12 11:36:30] [0003.656] W> "module@0x54" doesn't exist, creating
[2022-03-12 11:36:30] [0003.663] I> Adding plugin-manager/ids/3310-1000-D00-L
[2022-03-12 11:36:30] [0003.670] I> Adding plugin-manager/configs/3310-mem-type 00
[2022-03-12 11:36:30] [0003.675] I> Adding plugin-manager/configs/3310-power-config 00
[2022-03-12 11:36:30] [0003.681] I> Adding plugin-manager/configs/3310-misc-config 00
[2022-03-12 11:36:30] [0003.687] I> Adding plugin-manager/configs/3310-modem-config 00
[2022-03-12 11:36:30] [0003.693] I> Adding plugin-manager/configs/3310-touch-config 00
[2022-03-12 11:36:30] [0003.699] I> Adding plugin-manager/configs/3310-display-config 00
[2022-03-12 11:36:30] [0003.705] I> Adding plugin-manager/cvm
[2022-03-12 11:36:30] [0003.709] W> "chip-id" doesn't exist, creating
[2022-03-12 11:36:30] [0003.713] I> Adding plugin-manager/chip-id/A02P
[2022-03-12 11:36:30] [0003.718] W> "odm-data" doesn't exist, creating
[2022-03-12 11:36:30] [0003.722] I> Adding /chosen/plugin-manager/odm-data
[2022-03-12 11:36:30] [0003.732] I> added [base:0x80000000, size:0x70000000] to /memory
[2022-03-12 11:36:30] [0003.738] I> added [base:0xf0200000, size:0x185600000] to /memory
[2022-03-12 11:36:30] [0003.744] I> added [base:0x275e00000, size:0x200000] to /memory
[2022-03-12 11:36:30] [0003.750] I> added [base:0x276600000, size:0x200000] to /memory
[2022-03-12 11:36:30] [0003.756] I> added [base:0x277000000, size:0x200000] to /memory
[2022-03-12 11:36:30] [0003.761] I> Updated memory info to DTB
[2022-03-12 11:36:30] [0003.766] E> add_disp_param: failed to get display params for du=0
[2022-03-12 11:36:30] [0003.774] W> "reset" doesn't exist, creating
[2022-03-12 11:36:30] [0003.778] W> "pmc-reset-reason" doesn't exist, creating
[2022-03-12 11:36:30] [0003.783] W> "pmic-reset-reason" doesn't exist, creating
[2022-03-12 11:36:30] [0003.790] I> Adding ecid(00000001646db7851000000013038200) to DT
[2022-03-12 11:36:30] [0003.796] I> disabled_core_mask: 0xffffff0c
[2022-03-12 11:36:30] [0003.808] I> Add serial number:1422420022173 as DT property
[2022-03-12 11:36:30] [0003.817] I> Plugin-manager override starting
[2022-03-12 11:36:30] [0003.823] I> node /plugin-manager/fragement@0 matches
[2022-03-12 11:36:30] [0003.833] I> node /plugin-manager/fragement@4 matches
[2022-03-12 11:36:30] [0003.846] I> node /plugin-manager/fragment-sdwake-p3310-1000-300 matches
[2022-03-12 11:36:30] [0003.866] I> node /plugin-manager/fragement-pmon-p3310-1000-300 matches
[2022-03-12 11:36:31] [0003.876] I> node /plugin-manager/fragement-pmon-p3310-1000-800 matches
[2022-03-12 11:36:31] [0003.884] I> node /plugin-manager/fragment-devslp@0 matches
[2022-03-12 11:36:31] [0003.897] I> node /plugin-manager/fragment-500-pcie-config matches
[2022-03-12 11:36:31] [0003.912] I> node /plugin-manager/fragment-500-xusb-config matches
[2022-03-12 11:36:31] [0003.934] I> node /plugin-manager/fragment-p3310-c00-comm matches
[2022-03-12 11:36:31] [0003.948] I> node /plugin-manager/fragment-p3310-c00-pmic matches
[2022-03-12 11:36:31] [0003.959] I> node /plugin-manager/fragment-p3310-c01 matches
[2022-03-12 11:36:31] [0003.972] I> node /plugin-manager/fragment-p3310-c03 matches
[2022-03-12 11:36:31] [0004.014] I> node /plugin-manager/fragment-e3326@0 matches
[2022-03-12 11:36:31] [0004.095] I> node /plugin-manager/fragment-p3310-c00-camera matches
[2022-03-12 11:36:31] [0004.122] I> Disable plugin-manager status in FDT
[2022-03-12 11:36:31] [0004.127] I> Plugin-manager override finished successfully
[2022-03-12 11:36:31] [0004.132] I> tegrabl_load_kernel_and_dtb: Done
[2022-03-12 11:36:31] [0004.136] E> tegrabl_display_clear: display is not initialized
[2022-03-12 11:36:31] [0004.142] W> Boot logo display failed...
[2022-03-12 11:36:31] [0004.146] I> Kernel EP: 0x80600000, DTB: 0x80000000
[2022-03-12 11:36:31] 
[2022-03-12 11:36:31] 
[2022-03-12 11:36:31] U-Boot 2020.04-g46e4604c78 (Jul 26 2021 - 12:10:58 -0700)
[2022-03-12 11:36:31] 
[2022-03-12 11:36:31] SoC: tegra186
[2022-03-12 11:36:31] Model: NVIDIA P2771-0000-500
[2022-03-12 11:36:31] Board: NVIDIA P2771-0000
[2022-03-12 11:36:31] DRAM:  7.8 GiB
[2022-03-12 11:36:31] MMC:   sdhci@3400000: 1, sdhci@3460000: 0
[2022-03-12 11:36:31] Loading Environment from MMC... *** Warning - bad CRC, using default environment
[2022-03-12 11:36:31] 
[2022-03-12 11:36:31] In:    serial
[2022-03-12 11:36:31] Out:   serial
[2022-03-12 11:36:31] Err:   serial
[2022-03-12 11:36:31] Net:   
[2022-03-12 11:36:31] Warning: ethernet@2490000 using MAC address from ROM
[2022-03-12 11:36:31] eth0: ethernet@2490000
[2022-03-12 11:36:31] Hit any key to stop autoboot:  2  1  0 
[2022-03-12 11:36:33] MMC: no card present
