[0000.315] I> Welcome to MB2(TBoot-BPMP)(version: 01.00.160913-t186-M-00.00-mobile-c368a720)
[2022-03-12 10:20:28] [0000.324] I> Boot-device: eMMC
[2022-03-12 10:20:28] [0000.331] I> sdmmc bdev is already initialized
[2022-03-12 10:20:28] [0000.336] I> pmic: reset reason (nverc)	: 0x80
[2022-03-12 10:20:28] [0000.369] I> Found 19 partitions in SDMMC_BOOT (instance 3)
[2022-03-12 10:20:28] [0000.388] I> Found 33 partitions in SDMMC_USER (instance 3)
[2022-03-12 10:20:28] [0000.394] W> No valid slot number is found in scratch register
[2022-03-12 10:20:28] [0000.400] W> Return default slot: _a
[2022-03-12 10:20:28] [0000.404] I> A/B: bin_type (16) slot 0
[2022-03-12 10:20:28] [0000.407] I> Loading partition bpmp-fw at 0xd7800000
[2022-03-12 10:20:28] [0000.412] I> Reading two headers - addr:0xd7800000 blocks:1
[2022-03-12 10:20:28] [0000.417] I> Addr: 0xd7800000, start-block: 58777608, num_blocks: 1
[2022-03-12 10:20:28] [0000.442] I> Binary(16) of size 534416 is loaded @ 0xd7800000
[2022-03-12 10:20:28] [0000.448] W> No valid slot number is found in scratch register
[2022-03-12 10:20:28] [0000.454] W> Return default slot: _a
[2022-03-12 10:20:28] [0000.457] I> A/B: bin_type (17) slot 0
[2022-03-12 10:20:28] [0000.461] I> Loading partition bpmp-fw-dtb at 0xd79f0000
[2022-03-12 10:20:28] [0000.466] I> Reading two headers - addr:0xd79f0000 blocks:1
[2022-03-12 10:20:28] [0000.471] I> Addr: 0xd79f0000, start-block: 58780024, num_blocks: 1
[2022-03-12 10:20:28] [0000.497] I> Binary(17) of size 604720 is loaded @ 0xd796c400
[2022-03-12 10:20:28] [0000.727] I> Loading SCE-FW ...
[2022-03-12 10:20:28] [0000.730] W> No valid slot number is found in scratch register
[2022-03-12 10:20:28] [0000.736] W> Return default slot: _a
[2022-03-12 10:20:28] [0000.739] I> A/B: bin_type (12) slot 0
[2022-03-12 10:20:28] [0000.743] I> Loading partition sce-fw at 0xd7300000
[2022-03-12 10:20:28] [0000.747] I> Reading two headers - addr:0xd7300000 blocks:1
[2022-03-12 10:20:28] [0000.753] I> Addr: 0xd7300000, start-block: 58784120, num_blocks: 1
[2022-03-12 10:20:28] [0000.772] I> Binary(12) of size 125632 is loaded @ 0xd7300000
[2022-03-12 10:20:28] [0000.778] I> Init SCE
[2022-03-12 10:20:28] [0000.780] I> Loading APE-FW ...
[2022-03-12 10:20:28] [0000.783] W> No valid slot number is found in scratch register
[2022-03-12 10:20:28] [0000.789] W> Return default slot: _a
[2022-03-12 10:20:28] [0000.792] I> A/B: bin_type (11) slot 0
[2022-03-12 10:20:28] [0000.796] I> Loading partition adsp-fw at 0xd7400000
[2022-03-12 10:20:28] [0000.801] I> Reading two headers - addr:0xd7400000 blocks:1
[2022-03-12 10:20:28] [0000.806] I> Addr: 0xd7400000, start-block: 58761224, num_blocks: 1
[2022-03-12 10:20:28] [0000.825] I> Binary(11) of size 77216 is loaded @ 0xd7400000
[2022-03-12 10:20:28] [0000.831] I> Copy BTCM section
[2022-03-12 10:20:28] [0000.834] W> No valid slot number is found in scratch register
[2022-03-12 10:20:28] [0000.839] W> Return default slot: _a
[2022-03-12 10:20:28] [0000.843] I> A/B: bin_type (13) slot 0
[2022-03-12 10:20:28] [0000.846] I> Loading partition cpu-bootloader at 0x96000000
[2022-03-12 10:20:28] [0000.852] I> Reading two headers - addr:0x96000000 blocks:1
[2022-03-12 10:20:28] [0000.857] I> Addr: 0x96000000, start-block: 58740744, num_blocks: 1
[2022-03-12 10:20:28] [0000.878] I> Binary(13) of size 308800 is loaded @ 0x96000000
[2022-03-12 10:20:28] [0000.884] W> No valid slot number is found in scratch register
[2022-03-12 10:20:28] [0000.890] W> Return default slot: _a
[2022-03-12 10:20:28] [0000.893] I> A/B: bin_type (20) slot 0
[2022-03-12 10:20:28] [0000.897] I> Loading partition bootloader-dtb at 0x85205400
[2022-03-12 10:20:28] [0000.902] I> Reading two headers - addr:0x85205400 blocks:1
[2022-03-12 10:20:28] [0000.908] I> Addr: 0x85205400, start-block: 58742792, num_blocks: 1
[2022-03-12 10:20:28] [0000.929] I> Binary(20) of size 375568 is loaded @ 0x85205400
[2022-03-12 10:20:28] [0000.935] W> No valid slot number is found in scratch register
[2022-03-12 10:20:28] [0000.941] W> Return default slot: _a
[2022-03-12 10:20:28] [0000.944] I> A/B: bin_type (14) slot 0
[2022-03-12 10:20:28] [0000.948] I> Loading partition secure-os at 0x85305600
[2022-03-12 10:20:28] [0000.953] I> Reading two headers - addr:0x85305600 blocks:1
[2022-03-12 10:20:28] [0000.958] I> Addr: 0x85305600, start-block: 58744840, num_blocks: 1
[2022-03-12 10:20:29] [0000.981] I> Binary(14) of size 402864 is loaded @ 0x85305600
[2022-03-12 10:20:29] [0000.988] I> TOS boot-params @ 0x85000000
[2022-03-12 10:20:29] [0000.992] I> TOS params prepared
[2022-03-12 10:20:29] [0000.995] I> Loading EKS ...
[2022-03-12 10:20:29] [0000.998] I> A/B: bin_type (15) slot 0
[2022-03-12 10:20:29] [0001.002] I> Loading partition eks at 0x85905800
[2022-03-12 10:20:29] [0001.006] I> Reading two headers - addr:0x85905800 blocks:1
[2022-03-12 10:20:29] [0001.012] I> Addr: 0x85905800, start-block: 58757128, num_blocks: 1
[2022-03-12 10:20:29] [0001.030] I> Binary(15) of size 1040 is loaded @ 0x85905800
[2022-03-12 10:20:29] [0001.036] I> EKB detected (length: 0x400) @ 0x85905800
[2022-03-12 10:20:29] [0001.041] I> Copied encrypted keys
[2022-03-12 10:20:29] [0001.045] I> boot profiler @ 0x275844000
[2022-03-12 10:20:29] [0001.049] I> boot profiler for TOS @ 0x275844000
[2022-03-12 10:20:29] [0001.053] I> Unhalting SCE
[2022-03-12 10:20:29] [0001.056] I> Primary Memory Start:80000000 Size:70000000
[2022-03-12 10:20:29] [0001.061] I> Extended Memory Start:f0110000 Size:1856f0000
[2022-03-12 10:20:29] [0001.068] I> MB2(TBoot-BPMP) done
[2022-03-12 10:20:29] 
[2022-03-12 10:20:29] NOTICE:  BL31: v1.3(release):b5eeb33f7
[2022-03-12 10:20:29] NOTICE:  BL31: Built : 12:15:17, Jul 26 2021
[2022-03-12 10:20:29] ipc-unittest-main: 1519: Welcome to IPC unittest!!!
[2022-03-12 10:20:29] ipc-unittest-main: 1531: waiting forever
[2022-03-12 10:20:29] ipc-unittest-srv: 329: Init unittest services!!!
[2022-03-12 10:20:29] hwkey-agent: 41: hwkey-agent is running!!
[2022-03-12 10:20:29] hwkey-agent: 315: key_mgnt_processing .......
[2022-03-12 10:20:29] hwkey-agent: 223: Setting EKB key 0 to slot 14
[2022-03-12 10:20:29] hwkey-agent: 178: Init hweky-agent services!!
[2022-03-12 10:20:29] luks-srv: 40: luks-srv is running!!
[2022-03-12 10:20:29] luks-srv: 157: Init luks-srv IPC services!!
[2022-03-12 10:20:29] platform_bootstrap_epilog: trusty bootstrap complete
[2022-03-12 10:20:29] [0001.440] I> Welcome to Cboot
[2022-03-12 10:20:29] [0001.443] I> Cboot Version: t186-00029e71
[2022-03-12 10:20:29] [0001.447] I> CPU-BL Params @ 0x275800000
[2022-03-12 10:20:29] [0001.451] I>  0) Base:0x00000000 Size:0x00000000
[2022-03-12 10:20:29] [0001.455] I>  1) Base:0x277f00000 Size:0x00100000
[2022-03-12 10:20:29] [0001.460] I>  2) Base:0x277e00000 Size:0x00100000
[2022-03-12 10:20:29] [0001.464] I>  3) Base:0x277d00000 Size:0x00100000
[2022-03-12 10:20:29] [0001.469] I>  4) Base:0x277c00000 Size:0x00100000
[2022-03-12 10:20:29] [0001.473] I>  5) Base:0x277b00000 Size:0x00100000
[2022-03-12 10:20:29] [0001.478] I>  6) Base:0x277800000 Size:0x00200000
[2022-03-12 10:20:29] [0001.482] I>  7) Base:0x277400000 Size:0x00400000
[2022-03-12 10:20:29] [0001.487] I>  8) Base:0x277a00000 Size:0x00100000
[2022-03-12 10:20:29] [0001.491] I>  9) Base:0x277300000 Size:0x00100000
[2022-03-12 10:20:29] [0001.496] I> 10) Base:0x276800000 Size:0x00800000
[2022-03-12 10:20:29] [0001.500] I> 11) Base:0x30000000 Size:0x00040000
[2022-03-12 10:20:29] [0001.505] I> 12) Base:0xf0000000 Size:0x00100000
[2022-03-12 10:20:29] [0001.509] I> 13) Base:0x30040000 Size:0x00001000
[2022-03-12 10:20:29] [0001.514] I> 14) Base:0x30048000 Size:0x00001000
[2022-03-12 10:20:29] [0001.518] I> 15) Base:0x30049000 Size:0x00001000
[2022-03-12 10:20:29] [0001.523] I> 16) Base:0x3004a000 Size:0x00001000
[2022-03-12 10:20:29] [0001.527] I> 17) Base:0x3004b000 Size:0x00001000
[2022-03-12 10:20:29] [0001.531] I> 18) Base:0x3004c000 Size:0x00001000
[2022-03-12 10:20:29] [0001.536] I> 19) Base:0x3004d000 Size:0x00001000
[2022-03-12 10:20:29] [0001.540] I> 20) Base:0x3004e000 Size:0x00001000
[2022-03-12 10:20:29] [0001.545] I> 21) Base:0x3004f000 Size:0x00001000
[2022-03-12 10:20:29] [0001.549] I> 22) Base:0x00000000 Size:0x00000000
[2022-03-12 10:20:29] [0001.554] I> 23) Base:0xf0100000 Size:0x00010000
[2022-03-12 10:20:29] [0001.558] I> 24) Base:0x00000000 Size:0x00000000
[2022-03-12 10:20:29] [0001.562] I> 25) Base:0x00000000 Size:0x00000000
[2022-03-12 10:20:29] [0001.567] I> 26) Base:0x00000000 Size:0x00000000
[2022-03-12 10:20:29] [0001.571] I> 27) Base:0x00000000 Size:0x00000000
[2022-03-12 10:20:29] [0001.576] I> 28) Base:0x84400000 Size:0x00400000
[2022-03-12 10:20:29] [0001.580] I> 29) Base:0x30000000 Size:0x00010000
[2022-03-12 10:20:29] [0001.585] I> 30) Base:0x278000000 Size:0x08000000
[2022-03-12 10:20:29] [0001.589] I> 31) Base:0x00000000 Size:0x00000000
[2022-03-12 10:20:29] [0001.594] I> 32) Base:0x276000000 Size:0x00600000
[2022-03-12 10:20:29] [0001.598] I> 33) Base:0x80000000 Size:0x70000000
[2022-03-12 10:20:29] [0001.602] I> 34) Base:0xf0110000 Size:0x1856f0000
[2022-03-12 10:20:29] [0001.607] I> 35) Base:0x00000000 Size:0x00000000
[2022-03-12 10:20:29] [0001.611] I> 36) Base:0x00000000 Size:0x00000000
[2022-03-12 10:20:29] [0001.616] I> 37) Base:0x2772e0000 Size:0x00020000
[2022-03-12 10:20:29] [0001.620] I> 38) Base:0x84000000 Size:0x00400000
[2022-03-12 10:20:29] [0001.625] I> 39) Base:0x96000000 Size:0x02000000
[2022-03-12 10:20:29] [0001.629] I> 40) Base:0x85000000 Size:0x01200000
[2022-03-12 10:20:29] [0001.634] I> 41) Base:0x275800000 Size:0x00500000
[2022-03-12 10:20:29] [0001.638] I> 42) Base:0x00000000 Size:0x00000000
[2022-03-12 10:20:29] [0001.643] I> 43) Base:0x00000000 Size:0x00000000
[2022-03-12 10:20:29] [0001.647] GIC-SPI Target CPU: 4
[2022-03-12 10:20:29] [0001.650] Interrupts Init done
[2022-03-12 10:20:29] [0001.654] calling constructors
[2022-03-12 10:20:29] [0001.657] initializing heap
[2022-03-12 10:20:29] [0001.659] initializing threads
[2022-03-12 10:20:29] [0001.663] initializing timers
[2022-03-12 10:20:29] [0001.666] creating bootstrap completion thread
[2022-03-12 10:20:29] [0001.670] top of bootstrap2()
[2022-03-12 10:20:29] [0001.674] CPU: ARM Cortex A57
[2022-03-12 10:20:29] [0001.677] CPU: MIDR: 0x411FD073, MPIDR: 0x80000100
[2022-03-12 10:20:29] [0001.682] initializing platform
[2022-03-12 10:20:29] [0001.685] I> Bl_dtb @0x85205400
[2022-03-12 10:20:29] [0001.688] I> gpio framework initialized
[2022-03-12 10:20:29] [0001.694] I> tegrabl_gpio_driver_register: register 'nvidia,tegra186-gpio' driver
[2022-03-12 10:20:29] [0001.705] I> tegrabl_gpio_driver_register: register 'nvidia,tegra186-gpio-aon' driver
[2022-03-12 10:20:29] [0001.712] I> GPIO framework and drivers are initialized.
[2022-03-12 10:20:29] [0001.717] I> Boot-device: eMMC
[2022-03-12 10:20:29] [0001.725] I> sdmmc bdev is already initialized
[2022-03-12 10:20:29] [0001.755] I> Found 19 partitions in SDMMC_BOOT (instance 3)
[2022-03-12 10:20:29] [0001.773] I> Found 33 partitions in SDMMC_USER (instance 3)
[2022-03-12 10:20:29] [0001.778] W> opt-in fuse is not set, skip fuse_burning
[2022-03-12 10:20:29] [0001.783] I> Reserved memory at 0xfbe00000 for U-Boot relocation
[2022-03-12 10:20:29] [0001.789] W> No valid slot number is found in scratch register
[2022-03-12 10:20:29] [0001.795] W> Return default slot: _a
[2022-03-12 10:20:29] [0001.804] I> A/B: bin_type (21) slot 0
[2022-03-12 10:20:29] [0001.808] I> Loading kernel-dtb from partition
[2022-03-12 10:20:29] [0001.812] I> Loading partition kernel-dtb at 0x80000000 from device(0x1)
[2022-03-12 10:20:29] [0001.830] I> Kernel_dtb @0x80000000
[2022-03-12 10:20:29] [0001.833] I> tegrabl_tca9539_init: i2c bus: 0, slave addr: 0xee
[2022-03-12 10:20:29] [0001.844] I> tegrabl_gpio_driver_register: register 'tca9539_gpio_driver' driver
[2022-03-12 10:20:29] [0001.851] I> tegrabl_tca9539_init: i2c bus: 0, slave addr: 0xe8
[2022-03-12 10:20:29] [0001.860] I> tegrabl_gpio_driver_register: register 'tca9539_gpio_driver' driver
[2022-03-12 10:20:29] [0001.870] I> fixed regulator driver initialized
[2022-03-12 10:20:29] [0001.903] I> register 'maxim' power off handle
[2022-03-12 10:20:29] [0001.910] I> virtual i2c enabled
[2022-03-12 10:20:29] [0001.913] I> registered 'maxim,max77620' pmic
[2022-03-12 10:20:29] [0001.917] I> tegrabl_gpio_driver_register: register 'max77620-gpio' driver
[2022-03-12 10:20:29] [0001.931] E> failed to read label property for node 324936: 13
[2022-03-12 10:20:29] [0001.939] E> failed to read reg property for node 325032: 13
[2022-03-12 10:20:29] [0001.948] E> failed to read reg property for node 325084: 13
[2022-03-12 10:20:29] [0001.956] E> failed to read label property for node 325168: 13
[2022-03-12 10:20:29] [0001.964] E> failed to read label property for node 325236: 13
[2022-03-12 10:20:29] [0001.973] E> failed to read reg property for node 325304: 13
[2022-03-12 10:20:30] [0001.981] E> failed to read reg property for node 325376: 13
[2022-03-12 10:20:30] [0001.991] I> Find /i2c@c250000's alias i2c7
[2022-03-12 10:20:30] [0001.995] I> Reading eeprom i2c=7 address=0x50
[2022-03-12 10:20:30] [0002.025] I> Device at /i2c@c250000:0x50
[2022-03-12 10:20:30] [0002.028] I> Reading eeprom i2c=7 address=0x57
[2022-03-12 10:20:30] [0002.057] I> Device at /i2c@c250000:0x57
[2022-03-12 10:20:30] [0002.061] I> Find /i2c@c240000's alias i2c1
[2022-03-12 10:20:30] [0002.065] I> Reading eeprom i2c=1 address=0x51
[2022-03-12 10:20:30] [0002.070] E> I2C: slave not found in slaves.
[2022-03-12 10:20:30] [0002.075] E> I2C: Could not write 0 bytes to slave: 0x00a2 with repeat start true.
[2022-03-12 10:20:30] [0002.082] E> I2C_DEV: Failed to send register address 0x00000000.
[2022-03-12 10:20:30] [0002.088] E> I2C_DEV: Could not read 256 registers of size 1 from slave 0xa2 at 0x00000000 via instance 1.
[2022-03-12 10:20:30] [0002.098] E> eeprom: Retry to read I2C slave device.
[2022-03-12 10:20:30] [0002.103] E> I2C: slave not found in slaves.
[2022-03-12 10:20:30] [0002.107] E> I2C: Could not write 0 bytes to slave: 0x00a2 with repeat start true.
[2022-03-12 10:20:30] [0002.114] E> I2C_DEV: Failed to send register address 0x00000000.
[2022-03-12 10:20:30] [0002.120] E> I2C_DEV: Could not read 256 registers of size 1 from slave 0xa2 at 0x00000000 via instance 1.
[2022-03-12 10:20:30] [0002.130] E> eeprom: Failed to read I2C slave device
[2022-03-12 10:20:30] [0002.135] I> Eeprom read failed 0x3526070d
[2022-03-12 10:20:30] [0002.139] I> Find /i2c@3160000's alias i2c0
[2022-03-12 10:20:30] [0002.143] I> Reading eeprom i2c=0 address=0x50
[2022-03-12 10:20:30] [0002.147] E> I2C: slave not found in slaves.
[2022-03-12 10:20:30] [0002.152] E> I2C: Could not write 0 bytes to slave: 0x00a0 with repeat start true.
[2022-03-12 10:20:30] [0002.159] E> I2C_DEV: Failed to send register address 0x00000000.
[2022-03-12 10:20:30] [0002.165] E> I2C_DEV: Could not read 256 registers of size 1 from slave 0xa0 at 0x00000000 via instance 0.
[2022-03-12 10:20:30] [0002.175] E> eeprom: Failed to read I2C slave device
[2022-03-12 10:20:30] [0002.179] I> Eeprom read failed 0x3526070d
[2022-03-12 10:20:30] [0002.184] I> Find /i2c@3180000's alias i2c2
[2022-03-12 10:20:30] [0002.188] I> Reading eeprom i2c=2 address=0x54
[2022-03-12 10:20:30] [0002.192] I> Enabling gpio chip_id = 2, gpio pin = 9
[2022-03-12 10:20:30] [0002.223] I> Disabling gpio chip_id = 2, gpio pin = 9
[2022-03-12 10:20:30] [0002.228] I> Device at /i2c@3180000:0x54
[2022-03-12 10:20:30] [0002.232] I> Reading eeprom i2c=2 address=0x57
[2022-03-12 10:20:30] [0002.236] I> Enabling gpio chip_id = 2, gpio pin = 9
[2022-03-12 10:20:30] [0002.242] E> I2C: slave not found in slaves.
[2022-03-12 10:20:30] [0002.246] E> I2C: Could not write 0 bytes to slave: 0x00ae with repeat start true.
[2022-03-12 10:20:30] [0002.254] E> I2C_DEV: Failed to send register address 0x00000000.
[2022-03-12 10:20:30] [0002.260] E> I2C_DEV: Could not read 256 registers of size 1 from slave 0xae at 0x00000000 via instance 2.
[2022-03-12 10:20:30] [0002.269] E> eeprom: Failed to read I2C slave device
[2022-03-12 10:20:30] [0002.274] I> Disabling gpio chip_id = 2, gpio pin = 9
[2022-03-12 10:20:30] [0002.279] I> Eeprom read failed 0x00000000
[2022-03-12 10:20:30] [0002.283] I> create_pm_ids: id: 3310-1000-D00-L, len: 15
[2022-03-12 10:20:30] [0002.288] I> config: mem-type:00,power-config:00,misc-config:00,modem-config:00,touch-config:00,display-config:00,, len: 93
[2022-03-12 10:20:30] [0002.299] I> create_pm_ids: id: 2597-0000-900-E, len: 15
[2022-03-12 10:20:30] [0002.304] I> config: mem-type:00,power-config:00,misc-config:00,modem-config:00,touch-config:00,display-config:00,, len: 93
[2022-03-12 10:20:30] [0002.315] I> create_pm_ids: id: 3326-1000-000-M, len: 15
[2022-03-12 10:20:30] [0002.320] I> config: mem-type:ff,power-config:ff,misc-config:ff,modem-config:ff,touch-config:ff,display-config:ff,, len: 93
[2022-03-12 10:20:30] [0002.355] I> enabling 'vdd-hdmi' regulator
[2022-03-12 10:20:30] [0002.371] I> regulator 'vdd-hdmi' already enabled
[2022-03-12 10:20:30] [0002.375] E> tegrabl_display_init_regulator: hdmi cable is not connected
[2022-03-12 10:20:30] [0002.382] E> tegrabl_display_get_pdata, failed to parse dtb settings
[2022-03-12 10:20:30] [0002.391] E> cannot find any other nvdisp nodes
[2022-03-12 10:20:30] [0002.395] E> no valid display unit config found in dtb
[2022-03-12 10:20:30] [0002.401] W> display init failed
[2022-03-12 10:20:30] [0002.404] initializing target
[2022-03-12 10:20:30] [0002.407] calling apps_init()
[2022-03-12 10:20:30] [0002.410] starting app kernel_boot_app
[2022-03-12 10:20:30] [0002.432] I> found decompressor handler: lz4-legacy
[2022-03-12 10:20:30] [0002.437] I> decompressing BMP blob ...
[2022-03-12 10:20:30] [0002.449] I> Kernel type = Normal
[2022-03-12 10:20:30] [0002.452] I> ########## Fixed storage boot ##########
[2022-03-12 10:20:30] [0002.457] I> Loading kernel-bootctrl from partition
[2022-03-12 10:20:30] [0002.462] I> Loading partition kernel-bootctrl at 0xa8000000 from device(0x1)
[2022-03-12 10:20:30] [0002.476] W> tegrabl_get_kernel_bootctrl: magic number(0x00000000) is invalid
[2022-03-12 10:20:30] [0002.483] W> tegrabl_get_kernel_bootctrl: use default dummy boot control data
[2022-03-12 10:20:30] [0002.490] W> No valid slot number is found in scratch register
[2022-03-12 10:20:30] [0002.496] W> Return default slot: _a
[2022-03-12 10:20:30] [0002.499] I> A/B: bin_type (24) slot 0
[2022-03-12 10:20:30] [0002.515] I> Boot image size read from image header: 9913d
[2022-03-12 10:20:30] [0002.520] I> Boot image load address: 0x80400000
[2022-03-12 10:20:30] [0002.524] I> Loading kernel from partition
[2022-03-12 10:20:30] [0002.528] I> Loading partition kernel at 0x80400000 from device(0x1)
[2022-03-12 10:20:31] [0003.471] I> Validate kernel ...
[2022-03-12 10:20:31] [0003.474] I> T18x: Authenticate kernel (bin_type 24), max size 0x4000000
[2022-03-12 10:20:31] [0003.482] I> Decrypt the buffer ... [0003.485] W> tegrabl_decrypt_block: fuse (0x0) is not burnt to do encryption (0x4); skip decryption.
[2022-03-12 10:20:31] [0003.494] I> done
[2022-03-12 10:20:31] [0003.496] I> Checking boot.img header magic ... [0003.500] I> [OK]
[2022-03-12 10:20:31] [0003.502] I> kernel-dtb is already loaded
[2022-03-12 10:20:31] [0003.505] I> Validate kernel-dtb ...
[2022-03-12 10:20:31] [0003.509] I> T18x: Authenticate kernel-dtb (bin_type 21), max size 0x100000
[2022-03-12 10:20:31] [0003.516] I> Decrypt the buffer ... [0003.520] W> tegrabl_decrypt_block: fuse (0x0) is not burnt to do encryption (0x4); skip decryption.
[2022-03-12 10:20:31] [0003.529] I> done
[2022-03-12 10:20:31] [0003.530] I> Kernel hdr @0x80400000
[2022-03-12 10:20:31] [0003.534] I> Kernel dtb @0x80000000
[2022-03-12 10:20:31] [0003.537] I> decompressor handler not found
[2022-03-12 10:20:31] [0003.541] I> Copying kernel image (627005 bytes) from 0x80400800 to 0x80600000 ... [0003.549] I> Done
[2022-03-12 10:20:31] [0003.550] I> Move ramdisk (len: 0) from 0x8049a000 to 0x947d0000
[2022-03-12 10:20:31] [0003.558] I> Updated bpmp info to DTB
[2022-03-12 10:20:31] [0003.564] I> Ramdisk: Base: 0x947d0000; Size: 0x0
[2022-03-12 10:20:31] [0003.568] I> Updated initrd info to DTB
[2022-03-12 10:20:31] [0003.572] W> WARN: Fail to override "console=none" in commandline
[2022-03-12 10:20:31] [0003.578] I> Active rootfs suffix: 
[2022-03-12 10:20:31] [0003.581] E> tegrabl_linuxboot_add_disp_param, du 0 failed to get display params
[2022-03-12 10:20:31] [0003.589] E> tegrabl_linuxboot_add_disp_param, du 0 failed to get display params
[2022-03-12 10:20:31] [0003.596] E> tegrabl_linuxboot_add_disp_param, du 0 failed to get display params
[2022-03-12 10:20:31] [0003.603] I> disabled_core_mask: 0xffffff0c
[2022-03-12 10:20:31] [0003.607] W> No valid slot number is found in scratch register
[2022-03-12 10:20:31] [0003.613] W> Return default slot: _a
[2022-03-12 10:20:31] [0003.616] I> Active slot suffix: 
[2022-03-12 10:20:31] [0003.619] I> add_boot_slot_suffix: slot_suffix = 
[2022-03-12 10:20:31] [0003.624] I> Linux Cmdline: console=ttyS0,115200 androidboot.presilicon=true firmware_class.path=/etc/firmware root=/dev/mmcblk0p1 rw rootwait rootfstype=ext4 console=ttyS0,115200n8 console=tty0 fbcon=map:0 net.ifnames=0 isolcpus=1-2  video=tegrafb earlycon=uart8250,mmio32,0x3100000 nvdumper_reserved=0x2772e0000 gpt rootfs.slot_suffix= usbcore.old_scheme_first=1 tegraid=18.1.2.0.0 maxcpus=6 no_console_suspend boot.slot_suffix= boot.ratchetvalues=0.2031647.1 vpr_resize bl_prof_dataptr=0x10000@0x275840000 sdhci_tegra.en_boot_part_access=1 
[2022-03-12 10:20:31] [0003.671] I> Updated bootarg info to DTB
[2022-03-12 10:20:31] [0003.675] I> eeprom_get_mac_addr: MAC (type: 0): 48:b0:2d:0f:11:c5
[2022-03-12 10:20:31] [0003.681] I> eeprom_get_mac_addr: MAC (type: 1): 48:b0:2d:0f:11:c6
[2022-03-12 10:20:31] [0003.687] I> eeprom_get_mac_addr: MAC (type: 2): 48:b0:2d:0f:11:c7
[2022-03-12 10:20:31] [0003.694] E> Found no plugin manager ids in source DT
[2022-03-12 10:20:31] [0003.699] W> Add plugin manager ids from board info
[2022-03-12 10:20:31] [0003.703] W> "plugin-manager" doesn't exist, creating
[2022-03-12 10:20:31] [0003.708] W> "ids" doesn't exist, creating
[2022-03-12 10:20:31] [0003.712] W> "connection" doesn't exist, creating
[2022-03-12 10:20:31] [0003.717] W> "configs" doesn't exist, creating
[2022-03-12 10:20:31] [0003.721] I> create_pm_ids: id: 3310-1000-D00-L, len: 15
[2022-03-12 10:20:31] [0003.726] I> config: mem-type:00,power-config:00,misc-config:00,modem-config:00,touch-config:00,display-config:00,, len: 93
[2022-03-12 10:20:31] [0003.737] I> create_pm_ids: id: 2597-0000-900-E, len: 15
[2022-03-12 10:20:31] [0003.742] I> config: mem-type:00,power-config:00,misc-config:00,modem-config:00,touch-config:00,display-config:00,, len: 93
[2022-03-12 10:20:31] [0003.753] I> create_pm_ids: id: 3326-1000-000-M, len: 15
[2022-03-12 10:20:31] [0003.758] I> config: mem-type:ff,power-config:ff,misc-config:ff,modem-config:ff,touch-config:ff,display-config:ff,, len: 93
[2022-03-12 10:20:31] [0003.769] I> Adding plugin-manager/ids/3310-1000-D00=/i2c@c250000:module@0x50
[2022-03-12 10:20:31] [0003.776] W> "i2c@c250000" doesn't exist, creating
[2022-03-12 10:20:31] [0003.781] W> "module@0x50" doesn't exist, creating
[2022-03-12 10:20:31] [0003.786] I> Adding plugin-manager/ids/2597-0000-900=/i2c@c250000:module@0x57
[2022-03-12 10:20:31] [0003.793] W> "module@0x57" doesn't exist, creating
[2022-03-12 10:20:31] [0003.798] I> Adding plugin-manager/ids/3326-1000-000=/i2c@3180000:module@0x54
[2022-03-12 10:20:31] [0003.806] W> "i2c@3180000" doesn't exist, creating
[2022-03-12 10:20:31] [0003.810] W> "module@0x54" doesn't exist, creating
[2022-03-12 10:20:31] [0003.817] I> Adding plugin-manager/ids/3310-1000-D00-L
[2022-03-12 10:20:31] [0003.824] I> Adding plugin-manager/configs/3310-mem-type 00
[2022-03-12 10:20:31] [0003.830] I> Adding plugin-manager/configs/3310-power-config 00
[2022-03-12 10:20:31] [0003.836] I> Adding plugin-manager/configs/3310-misc-config 00
[2022-03-12 10:20:31] [0003.842] I> Adding plugin-manager/configs/3310-modem-config 00
[2022-03-12 10:20:31] [0003.848] I> Adding plugin-manager/configs/3310-touch-config 00
[2022-03-12 10:20:31] [0003.854] I> Adding plugin-manager/configs/3310-display-config 00
[2022-03-12 10:20:31] [0003.860] I> Adding plugin-manager/cvm
[2022-03-12 10:20:31] [0003.864] W> "chip-id" doesn't exist, creating
[2022-03-12 10:20:31] [0003.868] I> Adding plugin-manager/chip-id/A02P
[2022-03-12 10:20:31] [0003.873] W> "odm-data" doesn't exist, creating
[2022-03-12 10:20:31] [0003.877] I> Adding /chosen/plugin-manager/odm-data
[2022-03-12 10:20:31] [0003.887] I> added [base:0x80000000, size:0x70000000] to /memory
[2022-03-12 10:20:31] [0003.893] I> added [base:0xf0200000, size:0x185600000] to /memory
[2022-03-12 10:20:31] [0003.899] I> added [base:0x275e00000, size:0x200000] to /memory
[2022-03-12 10:20:31] [0003.904] I> added [base:0x276600000, size:0x200000] to /memory
[2022-03-12 10:20:31] [0003.910] I> added [base:0x277000000, size:0x200000] to /memory
[2022-03-12 10:20:31] [0003.916] I> Updated memory info to DTB
[2022-03-12 10:20:31] [0003.920] E> add_disp_param: failed to get display params for du=0
[2022-03-12 10:20:31] [0003.928] W> "reset" doesn't exist, creating
[2022-03-12 10:20:31] [0003.932] W> "pmc-reset-reason" doesn't exist, creating
[2022-03-12 10:20:31] [0003.938] W> "pmic-reset-reason" doesn't exist, creating
[2022-03-12 10:20:31] [0003.944] I> Adding ecid(00000001646db7851000000013038200) to DT
[2022-03-12 10:20:31] [0003.950] I> disabled_core_mask: 0xffffff0c
[2022-03-12 10:20:31] [0003.963] I> Add serial number:1422420022173 as DT property
[2022-03-12 10:20:31] [0003.972] I> Plugin-manager override starting
[2022-03-12 10:20:31] [0003.978] I> node /plugin-manager/fragement@0 matches
[2022-03-12 10:20:32] [0003.988] I> node /plugin-manager/fragement@4 matches
[2022-03-12 10:20:32] [0004.001] I> node /plugin-manager/fragment-sdwake-p3310-1000-300 matches
[2022-03-12 10:20:32] [0004.021] I> node /plugin-manager/fragement-pmon-p3310-1000-300 matches
[2022-03-12 10:20:32] [0004.030] I> node /plugin-manager/fragement-pmon-p3310-1000-800 matches
[2022-03-12 10:20:32] [0004.039] I> node /plugin-manager/fragment-devslp@0 matches
[2022-03-12 10:20:32] [0004.052] I> node /plugin-manager/fragment-500-pcie-config matches
[2022-03-12 10:20:32] [0004.067] I> node /plugin-manager/fragment-500-xusb-config matches
[2022-03-12 10:20:32] [0004.090] I> node /plugin-manager/fragment-p3310-c00-comm matches
[2022-03-12 10:20:32] [0004.103] I> node /plugin-manager/fragment-p3310-c00-pmic matches
[2022-03-12 10:20:32] [0004.114] I> node /plugin-manager/fragment-p3310-c01 matches
[2022-03-12 10:20:32] [0004.127] I> node /plugin-manager/fragment-p3310-c03 matches
[2022-03-12 10:20:32] [0004.170] I> node /plugin-manager/fragment-e3326@0 matches
[2022-03-12 10:20:32] [0004.252] I> node /plugin-manager/fragment-p3310-c00-camera matches
[2022-03-12 10:20:32] [0004.279] I> Disable plugin-manager status in FDT
[2022-03-12 10:20:32] [0004.283] I> Plugin-manager override finished successfully
[2022-03-12 10:20:32] [0004.289] I> tegrabl_load_kernel_and_dtb: Done
[2022-03-12 10:20:32] [0004.293] E> tegrabl_display_clear: display is not initialized
[2022-03-12 10:20:32] [0004.299] W> Boot logo display failed...
[2022-03-12 10:20:32] [0004.302] I> Kernel EP: 0x80600000, DTB: 0x80000000
[2022-03-12 10:20:32] 
[2022-03-12 10:20:32] 
[2022-03-12 10:20:32] U-Boot 2020.04-g46e4604c78 (Jul 26 2021 - 12:10:58 -0700)
[2022-03-12 10:20:32] 
[2022-03-12 10:20:32] SoC: tegra186
[2022-03-12 10:20:32] Model: NVIDIA P2771-0000-500
[2022-03-12 10:20:32] Board: NVIDIA P2771-0000
[2022-03-12 10:20:32] DRAM:  7.8 GiB
[2022-03-12 10:20:32] MMC:   sdhci@3400000: 1, sdhci@3460000: 0
[2022-03-12 10:20:32] Loading Environment from MMC... *** Warning - bad CRC, using default environment
[2022-03-12 10:20:32] 
[2022-03-12 10:20:32] In:    serial
[2022-03-12 10:20:32] Out:   serial
[2022-03-12 10:20:32] Err:   serial
[2022-03-12 10:20:32] Net:   
[2022-03-12 10:20:32] Warning: ethernet@2490000 using MAC address from ROM
[2022-03-12 10:20:32] eth0: ethernet@2490000
[2022-03-12 10:20:32] Hit any key to stop autoboot:  2  1  0 
[2022-03-12 10:20:34] MMC: no card present
[2022-03-12 10:20:34] switch to partitions #0, OK
[2022-03-12 10:20:34] mmc0(part 0) is current device
[2022-03-12 10:20:34] Scanning mmc 0:1...
[2022-03-12 10:20:35] Found /boot/extlinux/extlinux.conf
[2022-03-12 10:20:35] Retrieving file: /boot/extlinux/extlinux.conf
[2022-03-12 10:20:35] 858 bytes read in 22 ms (38.1 KiB/s)
[2022-03-12 10:20:35] 1:	primary kernel
[2022-03-12 10:20:35] Retrieving file: /boot/initrd
[2022-03-12 10:20:35] 7238344 bytes read in 201 ms (34.3 MiB/s)
[2022-03-12 10:20:35] Retrieving file: /boot/Image
[2022-03-12 10:20:36] 34484232 bytes read in 829 ms (39.7 MiB/s)
[2022-03-12 10:20:36] append: console=ttyS0,115200 androidboot.presilicon=true firmware_class.path=/etc/firmware root=/dev/mmcblk0p1 rw rootwait rootfstype=ext4 console=ttyS0,115200n8 console=tty0 fbcon=map:0 net.ifnames=0 isolcpus=1-2  video=tegrafb earlycon=uart8250,mmio32,0x3100000 nvdumper_reserved=0x2772e0000 gpt rootfs.slot_suffix= usbcore.old_scheme_first=1 tegraid=18.1.2.0.0 maxcpus=6 no_console_suspend boot.slot_suffix= boot.ratchetvalues=0.2031647.1 vpr_resize bl_prof_dataptr=0x10000@0x275840000 sdhci_tegra.en_boot_part_access=1 quiet root=/dev/mmcblk0p1 rw rootwait rootfstype=ext4 console=ttyS0,115200n8 console=tty0 fbcon=map:0 net.ifnames=0 isolcpus=1-2 
[2022-03-12 10:20:36] ## Flattened Device Tree blob at 80000000
[2022-03-12 10:20:36]    Booting using the fdt blob at 0x80000000
[2022-03-12 10:20:36] ERROR: reserving fdt memory region failed (addr=0 size=0)
[2022-03-12 10:20:36] ERROR: reserving fdt memory region failed (addr=0 size=0)
[2022-03-12 10:20:36] ERROR: reserving fdt memory region failed (addr=0 size=0)
[2022-03-12 10:20:36]    Using Device Tree in place at 0000000080000000, end 0000000080060aa3
[2022-03-12 10:20:36] copying carveout for /host1x@13e00000/display-hub@15200000/display@15200000...
[2022-03-12 10:20:36] copying carveout for /host1x@13e00000/display-hub@15200000/display@15210000...
[2022-03-12 10:20:36] copying carveout for /host1x@13e00000/display-hub@15200000/display@15220000...
[2022-03-12 10:20:36] 
[2022-03-12 10:20:36] Starting kernel ...
[2022-03-12 10:20:36] 
[2022-03-12 10:20:36] [    0.000000] Booting Linux on physical CPU 0x100
[2022-03-12 10:20:36] [    0.000000] Linux version 4.9.253-tegra (buildbrain@mobile-u64-5497-d3000) (gcc version 7.3.1 20180425 [linaro-7.3-2018.05 revision d29120a424ecfbc167ef90065c0eeb7f91977701] (Linaro GCC 7.3-2018.05) ) #1 SMP PREEMPT Mon Jul 26 12:19:28 PDT 2021
[2022-03-12 10:20:36] [    0.000000] Boot CPU: AArch64 Processor [411fd073]
[2022-03-12 10:20:36] [    0.000000] OF: fdt:memory scan node memory@80000000, reg size 80,
[2022-03-12 10:20:36] [    0.000000] OF: fdt: - 80000000 ,  70000000
[2022-03-12 10:20:36] [    0.000000] OF: fdt: - f0200000 ,  185600000
[2022-03-12 10:20:36] [    0.000000] OF: fdt: - 275e00000 ,  200000
[2022-03-12 10:20:36] [    0.000000] OF: fdt: - 276600000 ,  200000
[2022-03-12 10:20:36] [    0.000000] OF: fdt: - 277000000 ,  200000
[2022-03-12 10:20:36] [    0.000000] earlycon: uart8250 at MMIO32 0x0000000003100000 (options '')
[2022-03-12 10:20:36] [    0.000000] bootconsole [uart8250] enabled
[2022-03-12 10:20:38] [    1.881701] cgroup: cgroup2: unknown option "nsdelegate"
[2022-03-12 10:20:39] [    3.096311] using random self ethernet address
[2022-03-12 10:20:39] [    3.108926] using random host ethernet address
[2022-03-12 10:20:40] [    3.294677] random: crng init done
[2022-03-12 10:20:40] [    3.298085] random: 7 urandom warning(s) missed due to ratelimiting
[2022-03-12 10:20:40] [    3.705272] using random self ethernet address
[2022-03-12 10:20:40] [    3.729370] using random host ethernet address
[2022-03-12 10:20:40] [    3.911525] CPU1: shutdown
[2022-03-12 10:20:40] [    3.960203] CPU2: shutdown
[2022-03-12 10:20:41] [    4.831408] Bridge firewalling registered
[2022-03-12 10:20:44] 
[2022-03-12 10:20:44] Ubuntu 18.04.5 LTS JTX2-A ttyS0
[2022-03-12 10:20:44] 
[2022-03-12 10:20:44] JTX2-A login: [0000.311] I> Welcome to MB2(TBoot-BPMP)(version: 01.00.160913-t186-M-00.00-mobile-c368a720)
[2022-03-12 10:36:29] [0000.320] I> Boot-device: eMMC
[2022-03-12 10:36:29] [0000.327] I> sdmmc bdev is already initialized
[2022-03-12 10:36:29] [0000.332] I> pmic: reset reason (nverc)	: 0x80
[2022-03-12 10:36:29] [0000.365] I> Found 19 partitions in SDMMC_BOOT (instance 3)
[2022-03-12 10:36:29] [0000.385] I> Found 33 partitions in SDMMC_USER (instance 3)
[2022-03-12 10:36:29] [0000.391] W> No valid slot number is found in scratch register
[2022-03-12 10:36:29] [0000.396] W> Return default slot: _a
[2022-03-12 10:36:29] [0000.400] I> A/B: bin_type (16) slot 0
[2022-03-12 10:36:29] [0000.403] I> Loading partition bpmp-fw at 0xd7800000
[2022-03-12 10:36:29] [0000.408] I> Reading two headers - addr:0xd7800000 blocks:1
[2022-03-12 10:36:29] [0000.414] I> Addr: 0xd7800000, start-block: 58777608, num_blocks: 1
[2022-03-12 10:36:29] [0000.438] I> Binary(16) of size 534416 is loaded @ 0xd7800000
[2022-03-12 10:36:29] [0000.444] W> No valid slot number is found in scratch register
[2022-03-12 10:36:29] [0000.450] W> Return default slot: _a
[2022-03-12 10:36:29] [0000.453] I> A/B: bin_type (17) slot 0
[2022-03-12 10:36:29] [0000.457] I> Loading partition bpmp-fw-dtb at 0xd79f0000
[2022-03-12 10:36:29] [0000.462] I> Reading two headers - addr:0xd79f0000 blocks:1
[2022-03-12 10:36:30] [0000.467] I> Addr: 0xd79f0000, start-block: 58780024, num_blocks: 1
[2022-03-12 10:36:30] [0000.493] I> Binary(17) of size 604720 is loaded @ 0xd796c400
[2022-03-12 10:36:30] [0000.723] I> Loading SCE-FW ...
[2022-03-12 10:36:30] [0000.726] W> No valid slot number is found in scratch register
[2022-03-12 10:36:30] [0000.732] W> Return default slot: _a
[2022-03-12 10:36:30] [0000.735] I> A/B: bin_type (12) slot 0
[2022-03-12 10:36:30] [0000.739] I> Loading partition sce-fw at 0xd7300000
[2022-03-12 10:36:30] [0000.743] I> Reading two headers - addr:0xd7300000 blocks:1
[2022-03-12 10:36:30] [0000.749] I> Addr: 0xd7300000, start-block: 58784120, num_blocks: 1
[2022-03-12 10:36:30] [0000.768] I> Binary(12) of size 125632 is loaded @ 0xd7300000
[2022-03-12 10:36:30] [0000.774] I> Init SCE
[2022-03-12 10:36:30] [0000.776] I> Loading APE-FW ...
[2022-03-12 10:36:30] [0000.779] W> No valid slot number is found in scratch register
[2022-03-12 10:36:30] [0000.785] W> Return default slot: _a
[2022-03-12 10:36:30] [0000.788] I> A/B: bin_type (11) slot 0
[2022-03-12 10:36:30] [0000.792] I> Loading partition adsp-fw at 0xd7400000
[2022-03-12 10:36:30] [0000.797] I> Reading two headers - addr:0xd7400000 blocks:1
[2022-03-12 10:36:30] [0000.802] I> Addr: 0xd7400000, start-block: 58761224, num_blocks: 1
[2022-03-12 10:36:30] [0000.821] I> Binary(11) of size 77216 is loaded @ 0xd7400000
[2022-03-12 10:36:30] [0000.827] I> Copy BTCM section
[2022-03-12 10:36:30] [0000.830] W> No valid slot number is found in scratch register
[2022-03-12 10:36:30] [0000.836] W> Return default slot: _a
[2022-03-12 10:36:30] [0000.839] I> A/B: bin_type (13) slot 0
[2022-03-12 10:36:30] [0000.843] I> Loading partition cpu-bootloader at 0x96000000
[2022-03-12 10:36:30] [0000.848] I> Reading two headers - addr:0x96000000 blocks:1
[2022-03-12 10:36:30] [0000.854] I> Addr: 0x96000000, start-block: 58740744, num_blocks: 1
[2022-03-12 10:36:30] [0000.874] I> Binary(13) of size 308800 is loaded @ 0x96000000
[2022-03-12 10:36:30] [0000.880] W> No valid slot number is found in scratch register
[2022-03-12 10:36:30] [0000.886] W> Return default slot: _a
[2022-03-12 10:36:30] [0000.889] I> A/B: bin_type (20) slot 0
[2022-03-12 10:36:30] [0000.893] I> Loading partition bootloader-dtb at 0x85205400
[2022-03-12 10:36:30] [0000.898] I> Reading two headers - addr:0x85205400 blocks:1
[2022-03-12 10:36:30] [0000.904] I> Addr: 0x85205400, start-block: 58742792, num_blocks: 1
[2022-03-12 10:36:30] [0000.926] I> Binary(20) of size 375568 is loaded @ 0x85205400
[2022-03-12 10:36:30] [0000.931] W> No valid slot number is found in scratch register
[2022-03-12 10:36:30] [0000.937] W> Return default slot: _a
[2022-03-12 10:36:30] [0000.940] I> A/B: bin_type (14) slot 0
[2022-03-12 10:36:30] [0000.944] I> Loading partition secure-os at 0x85305600
[2022-03-12 10:36:30] [0000.949] I> Reading two headers - addr:0x85305600 blocks:1
[2022-03-12 10:36:30] [0000.955] I> Addr: 0x85305600, start-block: 58744840, num_blocks: 1
[2022-03-12 10:36:30] [0000.977] I> Binary(14) of size 402864 is loaded @ 0x85305600
[2022-03-12 10:36:30] [0000.984] I> TOS boot-params @ 0x85000000
[2022-03-12 10:36:30] [0000.988] I> TOS params prepared
[2022-03-12 10:36:30] [0000.991] I> Loading EKS ...
[2022-03-12 10:36:30] [0000.994] I> A/B: bin_type (15) slot 0
[2022-03-12 10:36:30] [0000.998] I> Loading partition eks at 0x85905800
[2022-03-12 10:36:30] [0001.002] I> Reading two headers - addr:0x85905800 blocks:1
[2022-03-12 10:36:30] [0001.008] I> Addr: 0x85905800, start-block: 58757128, num_blocks: 1
[2022-03-12 10:36:30] [0001.026] I> Binary(15) of size 1040 is loaded @ 0x85905800
[2022-03-12 10:36:30] [0001.032] I> EKB detected (length: 0x400) @ 0x85905800
[2022-03-12 10:36:30] [0001.037] I> Copied encrypted keys
[2022-03-12 10:36:30] [0001.041] I> boot profiler @ 0x275844000
[2022-03-12 10:36:30] [0001.044] I> boot profiler for TOS @ 0x275844000
[2022-03-12 10:36:30] [0001.049] I> Unhalting SCE
[2022-03-12 10:36:30] [0001.052] I> Primary Memory Start:80000000 Size:70000000
[2022-03-12 10:36:30] [0001.057] I> Extended Memory Start:f0110000 Size:1856f0000
[2022-03-12 10:36:30] [0001.064] I> MB2(TBoot-BPMP) done
[2022-03-12 10:36:30] 
[2022-03-12 10:36:30] NOTICE:  BL31: v1.3(release):b5eeb33f7
[2022-03-12 10:36:30] NOTICE:  BL31: Built : 12:15:17, Jul 26 2021
[2022-03-12 10:36:30] ipc-unittest-main: 1519: Welcome to IPC unittest!!!
[2022-03-12 10:36:30] ipc-unittest-main: 1531: waiting forever
[2022-03-12 10:36:30] ipc-unittest-srv: 329: Init unittest services!!!
[2022-03-12 10:36:30] hwkey-agent: 41: hwkey-agent is running!!
[2022-03-12 10:36:30] hwkey-agent: 315: key_mgnt_processing .......
[2022-03-12 10:36:30] hwkey-agent: 223: Setting EKB key 0 to slot 14
[2022-03-12 10:36:30] hwkey-agent: 178: Init hweky-agent services!!
[2022-03-12 10:36:30] luks-srv: 40: luks-srv is running!!
[2022-03-12 10:36:30] luks-srv: 157: Init luks-srv IPC services!!
[2022-03-12 10:36:30] platform_bootstrap_epilog: trusty bootstrap complete
[2022-03-12 10:36:30] [0001.436] I> Welcome to Cboot
[2022-03-12 10:36:30] [0001.439] I> Cboot Version: t186-00029e71
[2022-03-12 10:36:30] [0001.443] I> CPU-BL Params @ 0x275800000
[2022-03-12 10:36:30] [0001.447] I>  0) Base:0x00000000 Size:0x00000000
[2022-03-12 10:36:30] [0001.451] I>  1) Base:0x277f00000 Size:0x00100000
[2022-03-12 10:36:30] [0001.456] I>  2) Base:0x277e00000 Size:0x00100000
[2022-03-12 10:36:30] [0001.460] I>  3) Base:0x277d00000 Size:0x00100000
[2022-03-12 10:36:30] [0001.465] I>  4) Base:0x277c00000 Size:0x00100000
[2022-03-12 10:36:31] [0001.469] I>  5) Base:0x277b00000 Size:0x00100000
[2022-03-12 10:36:31] [0001.474] I>  6) Base:0x277800000 Size:0x00200000
[2022-03-12 10:36:31] [0001.478] I>  7) Base:0x277400000 Size:0x00400000
[2022-03-12 10:36:31] [0001.483] I>  8) Base:0x277a00000 Size:0x00100000
[2022-03-12 10:36:31] [0001.487] I>  9) Base:0x277300000 Size:0x00100000
[2022-03-12 10:36:31] [0001.492] I> 10) Base:0x276800000 Size:0x00800000
[2022-03-12 10:36:31] [0001.496] I> 11) Base:0x30000000 Size:0x00040000
[2022-03-12 10:36:31] [0001.501] I> 12) Base:0xf0000000 Size:0x00100000
[2022-03-12 10:36:31] [0001.505] I> 13) Base:0x30040000 Size:0x00001000
[2022-03-12 10:36:31] [0001.510] I> 14) Base:0x30048000 Size:0x00001000
[2022-03-12 10:36:31] [0001.514] I> 15) Base:0x30049000 Size:0x00001000
[2022-03-12 10:36:31] [0001.518] I> 16) Base:0x3004a000 Size:0x00001000
[2022-03-12 10:36:31] [0001.523] I> 17) Base:0x3004b000 Size:0x00001000
[2022-03-12 10:36:31] [0001.527] I> 18) Base:0x3004c000 Size:0x00001000
[2022-03-12 10:36:31] [0001.532] I> 19) Base:0x3004d000 Size:0x00001000
[2022-03-12 10:36:31] [0001.536] I> 20) Base:0x3004e000 Size:0x00001000
[2022-03-12 10:36:31] [0001.541] I> 21) Base:0x3004f000 Size:0x00001000
[2022-03-12 10:36:31] [0001.545] I> 22) Base:0x00000000 Size:0x00000000
[2022-03-12 10:36:31] [0001.549] I> 23) Base:0xf0100000 Size:0x00010000
[2022-03-12 10:36:31] [0001.554] I> 24) Base:0x00000000 Size:0x00000000
[2022-03-12 10:36:31] [0001.558] I> 25) Base:0x00000000 Size:0x00000000
[2022-03-12 10:36:31] [0001.563] I> 26) Base:0x00000000 Size:0x00000000
[2022-03-12 10:36:31] [0001.567] I> 27) Base:0x00000000 Size:0x00000000
[2022-03-12 10:36:31] [0001.572] I> 28) Base:0x84400000 Size:0x00400000
[2022-03-12 10:36:31] [0001.576] I> 29) Base:0x30000000 Size:0x00010000
[2022-03-12 10:36:31] [0001.581] I> 30) Base:0x278000000 Size:0x08000000
[2022-03-12 10:36:31] [0001.585] I> 31) Base:0x00000000 Size:0x00000000
[2022-03-12 10:36:31] [0001.589] I> 32) Base:0x276000000 Size:0x00600000
[2022-03-12 10:36:31] [0001.594] I> 33) Base:0x80000000 Size:0x70000000
[2022-03-12 10:36:31] [0001.598] I> 34) Base:0xf0110000 Size:0x1856f0000
[2022-03-12 10:36:31] [0001.603] I> 35) Base:0x00000000 Size:0x00000000
[2022-03-12 10:36:31] [0001.607] I> 36) Base:0x00000000 Size:0x00000000
[2022-03-12 10:36:31] [0001.612] I> 37) Base:0x2772e0000 Size:0x00020000
[2022-03-12 10:36:31] [0001.616] I> 38) Base:0x84000000 Size:0x00400000
[2022-03-12 10:36:31] [0001.621] I> 39) Base:0x96000000 Size:0x02000000
[2022-03-12 10:36:31] [0001.625] I> 40) Base:0x85000000 Size:0x01200000
[2022-03-12 10:36:31] [0001.630] I> 41) Base:0x275800000 Size:0x00500000
[2022-03-12 10:36:31] [0001.634] I> 42) Base:0x00000000 Size:0x00000000
[2022-03-12 10:36:31] [0001.639] I> 43) Base:0x00000000 Size:0x00000000
[2022-03-12 10:36:31] [0001.643] GIC-SPI Target CPU: 4
[2022-03-12 10:36:31] [0001.646] Interrupts Init done
[2022-03-12 10:36:31] [0001.649] calling constructors
[2022-03-12 10:36:31] [0001.653] initializing heap
[2022-03-12 10:36:31] [0001.655] initializing threads
[2022-03-12 10:36:31] [0001.659] initializing timers
[2022-03-12 10:36:31] [0001.662] creating bootstrap completion thread
[2022-03-12 10:36:31] [0001.666] top of bootstrap2()
[2022-03-12 10:36:31] [0001.669] CPU: ARM Cortex A57
[2022-03-12 10:36:31] [0001.673] CPU: MIDR: 0x411FD073, MPIDR: 0x80000100
[2022-03-12 10:36:31] [0001.678] initializing platform
[2022-03-12 10:36:31] [0001.681] I> Bl_dtb @0x85205400
[2022-03-12 10:36:31] [0001.684] I> gpio framework initialized
[2022-03-12 10:36:31] [0001.690] I> tegrabl_gpio_driver_register: register 'nvidia,tegra186-gpio' driver
[2022-03-12 10:36:31] [0001.701] I> tegrabl_gpio_driver_register: register 'nvidia,tegra186-gpio-aon' driver
[2022-03-12 10:36:31] [0001.708] I> GPIO framework and drivers are initialized.
[2022-03-12 10:36:31] [0001.713] I> Boot-device: eMMC
[2022-03-12 10:36:31] [0001.720] I> sdmmc bdev is already initialized
[2022-03-12 10:36:31] [0001.751] I> Found 19 partitions in SDMMC_BOOT (instance 3)
[2022-03-12 10:36:31] [0001.769] I> Found 33 partitions in SDMMC_USER (instance 3)
[2022-03-12 10:36:31] [0001.774] W> opt-in fuse is not set, skip fuse_burning
[2022-03-12 10:36:31] [0001.779] I> Reserved memory at 0xfbe00000 for U-Boot relocation
[2022-03-12 10:36:31] [0001.785] W> No valid slot number is found in scratch register
[2022-03-12 10:36:31] [0001.791] W> Return default slot: _a
[2022-03-12 10:36:31] [0001.800] I> A/B: bin_type (21) slot 0
[2022-03-12 10:36:31] [0001.804] I> Loading kernel-dtb from partition
[2022-03-12 10:36:31] [0001.808] I> Loading partition kernel-dtb at 0x80000000 from device(0x1)
[2022-03-12 10:36:31] [0001.825] I> Kernel_dtb @0x80000000
[2022-03-12 10:36:31] [0001.829] I> tegrabl_tca9539_init: i2c bus: 0, slave addr: 0xee
[2022-03-12 10:36:31] [0001.839] I> tegrabl_gpio_driver_register: register 'tca9539_gpio_driver' driver
[2022-03-12 10:36:31] [0001.846] I> tegrabl_tca9539_init: i2c bus: 0, slave addr: 0xe8
[2022-03-12 10:36:31] [0001.855] I> tegrabl_gpio_driver_register: register 'tca9539_gpio_driver' driver
[2022-03-12 10:36:31] [0001.865] I> fixed regulator driver initialized
[2022-03-12 10:36:31] [0001.899] I> register 'maxim' power off handle
[2022-03-12 10:36:31] [0001.905] I> virtual i2c enabled
[2022-03-12 10:36:31] [0001.908] I> registered 'maxim,max77620' pmic
[2022-03-12 10:36:31] [0001.912] I> tegrabl_gpio_driver_register: register 'max77620-gpio' driver
[2022-03-12 10:36:31] [0001.926] E> failed to read label property for node 324936: 13
[2022-03-12 10:36:31] [0001.935] E> failed to read reg property for node 325032: 13
[2022-03-12 10:36:31] [0001.943] E> failed to read reg property for node 325084: 13
[2022-03-12 10:36:31] [0001.951] E> failed to read label property for node 325168: 13
[2022-03-12 10:36:31] [0001.960] E> failed to read label property for node 325236: 13
[2022-03-12 10:36:31] [0001.968] E> failed to read reg property for node 325304: 13
[2022-03-12 10:36:31] [0001.976] E> failed to read reg property for node 325376: 13
[2022-03-12 10:36:31] [0001.987] I> Find /i2c@c250000's alias i2c7
[2022-03-12 10:36:31] [0001.991] I> Reading eeprom i2c=7 address=0x50
[2022-03-12 10:36:31] [0002.020] I> Device at /i2c@c250000:0x50
[2022-03-12 10:36:31] [0002.024] I> Reading eeprom i2c=7 address=0x57
[2022-03-12 10:36:31] [0002.052] I> Device at /i2c@c250000:0x57
[2022-03-12 10:36:31] [0002.057] I> Find /i2c@c240000's alias i2c1
[2022-03-12 10:36:31] [0002.061] I> Reading eeprom i2c=1 address=0x51
[2022-03-12 10:36:31] [0002.066] E> I2C: slave not found in slaves.
[2022-03-12 10:36:31] [0002.070] E> I2C: Could not write 0 bytes to slave: 0x00a2 with repeat start true.
[2022-03-12 10:36:31] [0002.078] E> I2C_DEV: Failed to send register address 0x00000000.
[2022-03-12 10:36:31] [0002.084] E> I2C_DEV: Could not read 256 registers of size 1 from slave 0xa2 at 0x00000000 via instance 1.
[2022-03-12 10:36:31] [0002.093] E> eeprom: Retry to read I2C slave device.
[2022-03-12 10:36:31] [0002.098] E> I2C: slave not found in slaves.
[2022-03-12 10:36:31] [0002.102] E> I2C: Could not write 0 bytes to slave: 0x00a2 with repeat start true.
[2022-03-12 10:36:31] [0002.110] E> I2C_DEV: Failed to send register address 0x00000000.
[2022-03-12 10:36:31] [0002.116] E> I2C_DEV: Could not read 256 registers of size 1 from slave 0xa2 at 0x00000000 via instance 1.
[2022-03-12 10:36:31] [0002.125] E> eeprom: Failed to read I2C slave device
[2022-03-12 10:36:31] [0002.130] I> Eeprom read failed 0x3526070d
[2022-03-12 10:36:31] [0002.135] I> Find /i2c@3160000's alias i2c0
[2022-03-12 10:36:31] [0002.139] I> Reading eeprom i2c=0 address=0x50
[2022-03-12 10:36:31] [0002.143] E> I2C: slave not found in slaves.
[2022-03-12 10:36:31] [0002.147] E> I2C: Could not write 0 bytes to slave: 0x00a0 with repeat start true.
[2022-03-12 10:36:31] [0002.155] E> I2C_DEV: Failed to send register address 0x00000000.
[2022-03-12 10:36:31] [0002.161] E> I2C_DEV: Could not read 256 registers of size 1 from slave 0xa0 at 0x00000000 via instance 0.
[2022-03-12 10:36:31] [0002.170] E> eeprom: Failed to read I2C slave device
[2022-03-12 10:36:31] [0002.175] I> Eeprom read failed 0x3526070d
[2022-03-12 10:36:31] [0002.180] I> Find /i2c@3180000's alias i2c2
[2022-03-12 10:36:31] [0002.184] I> Reading eeprom i2c=2 address=0x54
[2022-03-12 10:36:31] [0002.188] I> Enabling gpio chip_id = 2, gpio pin = 9
[2022-03-12 10:36:31] [0002.219] I> Disabling gpio chip_id = 2, gpio pin = 9
[2022-03-12 10:36:31] [0002.224] I> Device at /i2c@3180000:0x54
[2022-03-12 10:36:31] [0002.227] I> Reading eeprom i2c=2 address=0x57
[2022-03-12 10:36:31] [0002.232] I> Enabling gpio chip_id = 2, gpio pin = 9
[2022-03-12 10:36:31] [0002.237] E> I2C: slave not found in slaves.
[2022-03-12 10:36:31] [0002.241] E> I2C: Could not write 0 bytes to slave: 0x00ae with repeat start true.
[2022-03-12 10:36:31] [0002.249] E> I2C_DEV: Failed to send register address 0x00000000.
[2022-03-12 10:36:31] [0002.255] E> I2C_DEV: Could not read 256 registers of size 1 from slave 0xae at 0x00000000 via instance 2.
[2022-03-12 10:36:31] [0002.265] E> eeprom: Failed to read I2C slave device
[2022-03-12 10:36:31] [0002.269] I> Disabling gpio chip_id = 2, gpio pin = 9
[2022-03-12 10:36:31] [0002.274] I> Eeprom read failed 0x00000000
[2022-03-12 10:36:31] [0002.278] I> create_pm_ids: id: 3310-1000-D00-L, len: 15
[2022-03-12 10:36:31] [0002.284] I> config: mem-type:00,power-config:00,misc-config:00,modem-config:00,touch-config:00,display-config:00,, len: 93
[2022-03-12 10:36:31] [0002.294] I> create_pm_ids: id: 2597-0000-900-E, len: 15
[2022-03-12 10:36:31] [0002.300] I> config: mem-type:00,power-config:00,misc-config:00,modem-config:00,touch-config:00,display-config:00,, len: 93
[2022-03-12 10:36:31] [0002.311] I> create_pm_ids: id: 3326-1000-000-M, len: 15
[2022-03-12 10:36:31] [0002.316] I> config: mem-type:ff,power-config:ff,misc-config:ff,modem-config:ff,touch-config:ff,display-config:ff,, len: 93
[2022-03-12 10:36:31] [0002.351] I> enabling 'vdd-hdmi' regulator
[2022-03-12 10:36:31] [0002.366] I> regulator 'vdd-hdmi' already enabled
[2022-03-12 10:36:31] [0002.371] E> tegrabl_display_init_regulator: hdmi cable is not connected
[2022-03-12 10:36:31] [0002.377] E> tegrabl_display_get_pdata, failed to parse dtb settings
[2022-03-12 10:36:31] [0002.386] E> cannot find any other nvdisp nodes
[2022-03-12 10:36:31] [0002.391] E> no valid display unit config found in dtb
[2022-03-12 10:36:31] [0002.396] W> display init failed
[2022-03-12 10:36:31] [0002.399] initializing target
[2022-03-12 10:36:31] [0002.403] calling apps_init()
[2022-03-12 10:36:31] [0002.406] starting app kernel_boot_app
[2022-03-12 10:36:31] [0002.428] I> found decompressor handler: lz4-legacy
[2022-03-12 10:36:31] [0002.433] I> decompressing BMP blob ...
[2022-03-12 10:36:31] [0002.445] I> Kernel type = Normal
[2022-03-12 10:36:31] [0002.448] I> ########## Fixed storage boot ##########
[2022-03-12 10:36:31] [0002.453] I> Loading kernel-bootctrl from partition
[2022-03-12 10:36:31] [0002.457] I> Loading partition kernel-bootctrl at 0xa8000000 from device(0x1)
[2022-03-12 10:36:32] [0002.472] W> tegrabl_get_kernel_bootctrl: magic number(0x00000000) is invalid
[2022-03-12 10:36:32] [0002.479] W> tegrabl_get_kernel_bootctrl: use default dummy boot control data
[2022-03-12 10:36:32] [0002.485] W> No valid slot number is found in scratch register
[2022-03-12 10:36:32] [0002.491] W> Return default slot: _a
[2022-03-12 10:36:32] [0002.494] I> A/B: bin_type (24) slot 0
[2022-03-12 10:36:32] [0002.510] I> Boot image size read from image header: 9913d
[2022-03-12 10:36:32] [0002.515] I> Boot image load address: 0x80400000
[2022-03-12 10:36:32] [0002.520] I> Loading kernel from partition
[2022-03-12 10:36:32] [0002.524] I> Loading partition kernel at 0x80400000 from device(0x1)
[2022-03-12 10:36:33] [0003.466] I> Validate kernel ...
[2022-03-12 10:36:33] [0003.469] I> T18x: Authenticate kernel (bin_type 24), max size 0x4000000
[2022-03-12 10:36:33] [0003.477] I> Decrypt the buffer ... [0003.480] W> tegrabl_decrypt_block: fuse (0x0) is not burnt to do encryption (0x4); skip decryption.
[2022-03-12 10:36:33] [0003.489] I> done
[2022-03-12 10:36:33] [0003.491] I> Checking boot.img header magic ... [0003.495] I> [OK]
[2022-03-12 10:36:33] [0003.497] I> kernel-dtb is already loaded
[2022-03-12 10:36:33] [0003.501] I> Validate kernel-dtb ...
[2022-03-12 10:36:33] [0003.504] I> T18x: Authenticate kernel-dtb (bin_type 21), max size 0x100000
[2022-03-12 10:36:33] [0003.512] I> Decrypt the buffer ... [0003.515] W> tegrabl_decrypt_block: fuse (0x0) is not burnt to do encryption (0x4); skip decryption.
[2022-03-12 10:36:33] [0003.524] I> done
[2022-03-12 10:36:33] [0003.526] I> Kernel hdr @0x80400000
[2022-03-12 10:36:33] [0003.529] I> Kernel dtb @0x80000000
[2022-03-12 10:36:33] [0003.532] I> decompressor handler not found
[2022-03-12 10:36:33] [0003.536] I> Copying kernel image (627005 bytes) from 0x80400800 to 0x80600000 ... [0003.544] I> Done
[2022-03-12 10:36:33] [0003.546] I> Move ramdisk (len: 0) from 0x8049a000 to 0x947d0000
[2022-03-12 10:36:33] [0003.553] I> Updated bpmp info to DTB
[2022-03-12 10:36:33] [0003.559] I> Ramdisk: Base: 0x947d0000; Size: 0x0
[2022-03-12 10:36:33] [0003.564] I> Updated initrd info to DTB
[2022-03-12 10:36:33] [0003.567] W> WARN: Fail to override "console=none" in commandline
[2022-03-12 10:36:33] [0003.573] I> Active rootfs suffix: 
[2022-03-12 10:36:33] [0003.577] E> tegrabl_linuxboot_add_disp_param, du 0 failed to get display params
[2022-03-12 10:36:33] [0003.584] E> tegrabl_linuxboot_add_disp_param, du 0 failed to get display params
[2022-03-12 10:36:33] [0003.591] E> tegrabl_linuxboot_add_disp_param, du 0 failed to get display params
[2022-03-12 10:36:33] [0003.598] I> disabled_core_mask: 0xffffff0c
[2022-03-12 10:36:33] [0003.602] W> No valid slot number is found in scratch register
[2022-03-12 10:36:33] [0003.608] W> Return default slot: _a
[2022-03-12 10:36:33] [0003.611] I> Active slot suffix: 
[2022-03-12 10:36:33] [0003.614] I> add_boot_slot_suffix: slot_suffix = 
[2022-03-12 10:36:33] [0003.619] I> Linux Cmdline: console=ttyS0,115200 androidboot.presilicon=true firmware_class.path=/etc/firmware root=/dev/mmcblk0p1 rw rootwait rootfstype=ext4 console=ttyS0,115200n8 console=tty0 fbcon=map:0 net.ifnames=0 isolcpus=1-2  video=tegrafb earlycon=uart8250,mmio32,0x3100000 nvdumper_reserved=0x2772e0000 gpt rootfs.slot_suffix= usbcore.old_scheme_first=1 tegraid=18.1.2.0.0 maxcpus=6 no_console_suspend boot.slot_suffix= boot.ratchetvalues=0.2031647.1 vpr_resize bl_prof_dataptr=0x10000@0x275840000 sdhci_tegra.en_boot_part_access=1 
[2022-03-12 10:36:33] [0003.666] I> Updated bootarg info to DTB
[2022-03-12 10:36:33] [0003.670] I> eeprom_get_mac_addr: MAC (type: 0): 48:b0:2d:0f:11:c5
[2022-03-12 10:36:33] [0003.676] I> eeprom_get_mac_addr: MAC (type: 1): 48:b0:2d:0f:11:c6
[2022-03-12 10:36:33] [0003.683] I> eeprom_get_mac_addr: MAC (type: 2): 48:b0:2d:0f:11:c7
[2022-03-12 10:36:33] [0003.689] E> Found no plugin manager ids in source DT
[2022-03-12 10:36:33] [0003.694] W> Add plugin manager ids from board info
[2022-03-12 10:36:33] [0003.698] W> "plugin-manager" doesn't exist, creating
[2022-03-12 10:36:33] [0003.703] W> "ids" doesn't exist, creating
[2022-03-12 10:36:33] [0003.707] W> "connection" doesn't exist, creating
[2022-03-12 10:36:33] [0003.712] W> "configs" doesn't exist, creating
[2022-03-12 10:36:33] [0003.716] I> create_pm_ids: id: 3310-1000-D00-L, len: 15
[2022-03-12 10:36:33] [0003.722] I> config: mem-type:00,power-config:00,misc-config:00,modem-config:00,touch-config:00,display-config:00,, len: 93
[2022-03-12 10:36:33] [0003.732] I> create_pm_ids: id: 2597-0000-900-E, len: 15
[2022-03-12 10:36:33] [0003.738] I> config: mem-type:00,power-config:00,misc-config:00,modem-config:00,touch-config:00,display-config:00,, len: 93
[2022-03-12 10:36:33] [0003.749] I> create_pm_ids: id: 3326-1000-000-M, len: 15
[2022-03-12 10:36:33] [0003.754] I> config: mem-type:ff,power-config:ff,misc-config:ff,modem-config:ff,touch-config:ff,display-config:ff,, len: 93
[2022-03-12 10:36:33] [0003.765] I> Adding plugin-manager/ids/3310-1000-D00=/i2c@c250000:module@0x50
[2022-03-12 10:36:33] [0003.772] W> "i2c@c250000" doesn't exist, creating
[2022-03-12 10:36:33] [0003.777] W> "module@0x50" doesn't exist, creating
[2022-03-12 10:36:33] [0003.781] I> Adding plugin-manager/ids/2597-0000-900=/i2c@c250000:module@0x57
[2022-03-12 10:36:33] [0003.789] W> "module@0x57" doesn't exist, creating
[2022-03-12 10:36:33] [0003.794] I> Adding plugin-manager/ids/3326-1000-000=/i2c@3180000:module@0x54
[2022-03-12 10:36:33] [0003.801] W> "i2c@3180000" doesn't exist, creating
[2022-03-12 10:36:33] [0003.806] W> "module@0x54" doesn't exist, creating
[2022-03-12 10:36:33] [0003.812] I> Adding plugin-manager/ids/3310-1000-D00-L
[2022-03-12 10:36:33] [0003.820] I> Adding plugin-manager/configs/3310-mem-type 00
[2022-03-12 10:36:33] [0003.825] I> Adding plugin-manager/configs/3310-power-config 00
[2022-03-12 10:36:33] [0003.831] I> Adding plugin-manager/configs/3310-misc-config 00
[2022-03-12 10:36:33] [0003.837] I> Adding plugin-manager/configs/3310-modem-config 00
[2022-03-12 10:36:33] [0003.843] I> Adding plugin-manager/configs/3310-touch-config 00
[2022-03-12 10:36:33] [0003.849] I> Adding plugin-manager/configs/3310-display-config 00
[2022-03-12 10:36:33] [0003.855] I> Adding plugin-manager/cvm
[2022-03-12 10:36:33] [0003.859] W> "chip-id" doesn't exist, creating
[2022-03-12 10:36:33] [0003.863] I> Adding plugin-manager/chip-id/A02P
[2022-03-12 10:36:33] [0003.868] W> "odm-data" doesn't exist, creating
[2022-03-12 10:36:33] [0003.872] I> Adding /chosen/plugin-manager/odm-data
[2022-03-12 10:36:33] [0003.882] I> added [base:0x80000000, size:0x70000000] to /memory
[2022-03-12 10:36:33] [0003.888] I> added [base:0xf0200000, size:0x185600000] to /memory
[2022-03-12 10:36:33] [0003.894] I> added [base:0x275e00000, size:0x200000] to /memory
[2022-03-12 10:36:33] [0003.900] I> added [base:0x276600000, size:0x200000] to /memory
[2022-03-12 10:36:33] [0003.905] I> added [base:0x277000000, size:0x200000] to /memory
[2022-03-12 10:36:33] [0003.911] I> Updated memory info to DTB
[2022-03-12 10:36:33] [0003.916] E> add_disp_param: failed to get display params for du=0
[2022-03-12 10:36:33] [0003.924] W> "reset" doesn't exist, creating
[2022-03-12 10:36:33] [0003.928] W> "pmc-reset-reason" doesn't exist, creating
[2022-03-12 10:36:33] [0003.933] W> "pmic-reset-reason" doesn't exist, creating
[2022-03-12 10:36:33] [0003.940] I> Adding ecid(00000001646db7851000000013038200) to DT
[2022-03-12 10:36:33] [0003.946] I> disabled_core_mask: 0xffffff0c
[2022-03-12 10:36:33] [0003.958] I> Add serial number:1422420022173 as DT property
[2022-03-12 10:36:33] [0003.967] I> Plugin-manager override starting
[2022-03-12 10:36:33] [0003.973] I> node /plugin-manager/fragement@0 matches
[2022-03-12 10:36:33] [0003.983] I> node /plugin-manager/fragement@4 matches
[2022-03-12 10:36:33] [0003.996] I> node /plugin-manager/fragment-sdwake-p3310-1000-300 matches
[2022-03-12 10:36:33] [0004.016] I> node /plugin-manager/fragement-pmon-p3310-1000-300 matches
[2022-03-12 10:36:33] [0004.026] I> node /plugin-manager/fragement-pmon-p3310-1000-800 matches
[2022-03-12 10:36:33] [0004.035] I> node /plugin-manager/fragment-devslp@0 matches
[2022-03-12 10:36:33] [0004.047] I> node /plugin-manager/fragment-500-pcie-config matches
[2022-03-12 10:36:33] [0004.062] I> node /plugin-manager/fragment-500-xusb-config matches
[2022-03-12 10:36:33] [0004.085] I> node /plugin-manager/fragment-p3310-c00-comm matches
[2022-03-12 10:36:33] [0004.099] I> node /plugin-manager/fragment-p3310-c00-pmic matches
[2022-03-12 10:36:33] [0004.109] I> node /plugin-manager/fragment-p3310-c01 matches
[2022-03-12 10:36:33] [0004.122] I> node /plugin-manager/fragment-p3310-c03 matches
[2022-03-12 10:36:33] [0004.165] I> node /plugin-manager/fragment-e3326@0 matches
[2022-03-12 10:36:33] [0004.247] I> node /plugin-manager/fragment-p3310-c00-camera matches
[2022-03-12 10:36:33] [0004.274] I> Disable plugin-manager status in FDT
[2022-03-12 10:36:33] [0004.279] I> Plugin-manager override finished successfully
[2022-03-12 10:36:33] [0004.284] I> tegrabl_load_kernel_and_dtb: Done
[2022-03-12 10:36:33] [0004.288] E> tegrabl_display_clear: display is not initialized
[2022-03-12 10:36:33] [0004.294] W> Boot logo display failed...
[2022-03-12 10:36:33] [0004.297] I> Kernel EP: 0x80600000, DTB: 0x80000000
[2022-03-12 10:36:33] 
[2022-03-12 10:36:33] 
[2022-03-12 10:36:33] U-Boot 2020.04-g46e4604c78 (Jul 26 2021 - 12:10:58 -0700)
[2022-03-12 10:36:33] 
[2022-03-12 10:36:33] SoC: tegra186
[2022-03-12 10:36:33] Model: NVIDIA P2771-0000-500
[2022-03-12 10:36:33] Board: NVIDIA P2771-0000
[2022-03-12 10:36:33] DRAM:  7.8 GiB
[2022-03-12 10:36:34] MMC:   sdhci@3400000: 1, sdhci@3460000: 0
[2022-03-12 10:36:34] Loading Environment from MMC... *** Warning - bad CRC, using default environment
[2022-03-12 10:36:34] 
[2022-03-12 10:36:34] In:    serial
[2022-03-12 10:36:34] Out:   serial
[2022-03-12 10:36:34] Err:   serial
[2022-03-12 10:36:34] Net:   
[2022-03-12 10:36:34] Warning: ethernet@2490000 using MAC address from ROM
[2022-03-12 10:36:34] eth0: ethernet@2490000
[2022-03-12 10:36:34] Hit any key to stop autoboot:  2  1  0 
[2022-03-12 10:36:36] MMC: no card present
[2022-03-12 10:36:36] switch to partitions #0, OK
[2022-03-12 10:36:36] mmc0(part 0) is current device
[2022-03-12 10:36:36] Scanning mmc 0:1...
[2022-03-12 10:36:36] Found /boot/extlinux/extlinux.conf
[2022-03-12 10:36:36] Retrieving file: /boot/extlinux/extlinux.conf
[2022-03-12 10:36:36] 858 bytes read in 22 ms (38.1 KiB/s)
[2022-03-12 10:36:36] 1:	primary kernel
[2022-03-12 10:36:36] Retrieving file: /boot/initrd
[2022-03-12 10:36:36] 7238344 bytes read in 201 ms (34.3 MiB/s)
[2022-03-12 10:36:36] Retrieving file: /boot/Image
[2022-03-12 10:36:37] 34484232 bytes read in 831 ms (39.6 MiB/s)
[2022-03-12 10:36:37] append: console=ttyS0,115200 androidboot.presilicon=true firmware_class.path=/etc/firmware root=/dev/mmcblk0p1 rw rootwait rootfstype=ext4 console=ttyS0,115200n8 console=tty0 fbcon=map:0 net.ifnames=0 isolcpus=1-2  video=tegrafb earlycon=uart8250,mmio32,0x3100000 nvdumper_reserved=0x2772e0000 gpt rootfs.slot_suffix= usbcore.old_scheme_first=1 tegraid=18.1.2.0.0 maxcpus=6 no_console_suspend boot.slot_suffix= boot.ratchetvalues=0.2031647.1 vpr_resize bl_prof_dataptr=0x10000@0x275840000 sdhci_tegra.en_boot_part_access=1 quiet root=/dev/mmcblk0p1 rw rootwait rootfstype=ext4 console=ttyS0,115200n8 console=tty0 fbcon=map:0 net.ifnames=0 isolcpus=1-2 
[2022-03-12 10:36:37] ## Flattened Device Tree blob at 80000000
[2022-03-12 10:36:37]    Booting using the fdt blob at 0x80000000
[2022-03-12 10:36:37] ERROR: reserving fdt memory region failed (addr=0 size=0)
[2022-03-12 10:36:37] ERROR: reserving fdt memory region failed (addr=0 size=0)
[2022-03-12 10:36:37] ERROR: reserving fdt memory region failed (addr=0 size=0)
[2022-03-12 10:36:37]    Using Device Tree in place at 0000000080000000, end 0000000080060aa3
[2022-03-12 10:36:37] copying carveout for /host1x@13e00000/display-hub@15200000/display@15200000...
[2022-03-12 10:36:37] copying carveout for /host1x@13e00000/display-hub@15200000/display@15210000...
[2022-03-12 10:36:37] copying carveout for /host1x@13e00000/display-hub@15200000/display@15220000...
[2022-03-12 10:36:37] 
[2022-03-12 10:36:37] Starting kernel ...
[2022-03-12 10:36:37] 
[2022-03-12 10:36:37] [    0.000000] Booting Linux on physical CPU 0x100
[2022-03-12 10:36:37] [    0.000000] Linux version 4.9.253-tegra (buildbrain@mobile-u64-5497-d3000) (gcc version 7.3.1 20180425 [linaro-7.3-2018.05 revision d29120a424ecfbc167ef90065c0eeb7f91977701] (Linaro GCC 7.3-2018.05) ) #1 SMP PREEMPT Mon Jul 26 12:19:28 PDT 2021
[2022-03-12 10:36:37] [    0.000000] Boot CPU: AArch64 Processor [411fd073]
[2022-03-12 10:36:37] [    0.000000] OF: fdt:memory scan node memory@80000000, reg size 80,
[2022-03-12 10:36:37] [    0.000000] OF: fdt: - 80000000 ,  70000000
[2022-03-12 10:36:37] [    0.000000] OF: fdt: - f0200000 ,  185600000
[2022-03-12 10:36:37] [    0.000000] OF: fdt: - 275e00000 ,  200000
[2022-03-12 10:36:37] [    0.000000] OF: fdt: - 276600000 ,  200000
[2022-03-12 10:36:37] [    0.000000] OF: fdt: - 277000000 ,  200000
[2022-03-12 10:36:37] [    0.000000] earlycon: uart8250 at MMIO32 0x0000000003100000 (options '')
[2022-03-12 10:36:37] [    0.000000] bootconsole [uart8250] enabled
[2022-03-12 10:36:40] [    1.841354] cgroup: cgroup2: unknown option "nsdelegate"
[2022-03-12 10:36:41] [    2.793888] using random self ethernet address
[2022-03-12 10:36:41] [    2.799149] using random host ethernet address
[2022-03-12 10:36:41] [    3.386929] using random self ethernet address
[2022-03-12 10:36:41] [    3.397290] using random host ethernet address
[2022-03-12 10:36:41] [    3.736411] random: crng init done
[2022-03-12 10:36:41] [    3.739820] random: 7 urandom warning(s) missed due to ratelimiting
[2022-03-12 10:36:42] [    3.825214] CPU1: shutdown
[2022-03-12 10:36:42] [    3.893726] CPU2: shutdown
[2022-03-12 10:36:43] [    4.812626] Bridge firewalling registered
[2022-03-12 10:36:46] 
[2022-03-12 10:36:46] Ubuntu 18.04.5 LTS JTX2-A ttyS0
[2022-03-12 10:36:46] 
[2022-03-12 10:36:46] JTX2-A login: [0000.295] I> Welcome to MB2(TBoot-BPMP)(version: 01.00.160913-t186-M-00.00-mobile-c368a720)
[2022-03-12 10:37:26] [0000.304] I> Boot-device: eMMC
[2022-03-12 10:37:26] [0000.311] I> sdmmc bdev is already initialized
[2022-03-12 10:37:26] [0000.316] I> pmic: reset reason (nverc)	: 0x80
[2022-03-12 10:37:26] [0000.349] I> Found 19 partitions in SDMMC_BOOT (instance 3)
[2022-03-12 10:37:26] [0000.369] I> Found 33 partitions in SDMMC_USER (instance 3)
[2022-03-12 10:37:26] [0000.375] W> No valid slot number is found in scratch register
[2022-03-12 10:37:26] [0000.381] W> Return default slot: _a
[2022-03-12 10:37:26] [0000.384] I> A/B: bin_type (16) slot 0
[2022-03-12 10:37:26] [0000.388] I> Loading partition bpmp-fw at 0xd7800000
[2022-03-12 10:37:26] [0000.392] I> Reading two headers - addr:0xd7800000 blocks:1
[2022-03-12 10:37:26] [0000.398] I> Addr: 0xd7800000, start-block: 58777608, num_blocks: 1
[2022-03-12 10:37:26] [0000.423] I> Binary(16) of size 534416 is loaded @ 0xd7800000
[2022-03-12 10:37:26] [0000.428] W> No valid slot number is found in scratch register
[2022-03-12 10:37:26] [0000.434] W> Return default slot: _a
[2022-03-12 10:37:26] [0000.437] I> A/B: bin_type (17) slot 0
[2022-03-12 10:37:26] [0000.441] I> Loading partition bpmp-fw-dtb at 0xd79f0000
[2022-03-12 10:37:26] [0000.446] I> Reading two headers - addr:0xd79f0000 blocks:1
[2022-03-12 10:37:26] [0000.452] I> Addr: 0xd79f0000, start-block: 58780024, num_blocks: 1
[2022-03-12 10:37:26] [0000.477] I> Binary(17) of size 604720 is loaded @ 0xd796c400
[2022-03-12 10:37:26] [0000.707] I> Loading SCE-FW ...
[2022-03-12 10:37:26] [0000.710] W> No valid slot number is found in scratch register
[2022-03-12 10:37:26] [0000.716] W> Return default slot: _a
[2022-03-12 10:37:26] [0000.719] I> A/B: bin_type (12) slot 0
[2022-03-12 10:37:26] [0000.723] I> Loading partition sce-fw at 0xd7300000
[2022-03-12 10:37:26] [0000.728] I> Reading two headers - addr:0xd7300000 blocks:1
[2022-03-12 10:37:26] [0000.733] I> Addr: 0xd7300000, start-block: 58784120, num_blocks: 1
[2022-03-12 10:37:26] [0000.752] I> Binary(12) of size 125632 is loaded @ 0xd7300000
[2022-03-12 10:37:26] [0000.758] I> Init SCE
[2022-03-12 10:37:26] [0000.760] I> Loading APE-FW ...
[2022-03-12 10:37:26] [0000.763] W> No valid slot number is found in scratch register
[2022-03-12 10:37:26] [0000.769] W> Return default slot: _a
[2022-03-12 10:37:26] [0000.772] I> A/B: bin_type (11) slot 0
[2022-03-12 10:37:26] [0000.776] I> Loading partition adsp-fw at 0xd7400000
[2022-03-12 10:37:26] [0000.781] I> Reading two headers - addr:0xd7400000 blocks:1
[2022-03-12 10:37:26] [0000.786] I> Addr: 0xd7400000, start-block: 58761224, num_blocks: 1
[2022-03-12 10:37:26] [0000.805] I> Binary(11) of size 77216 is loaded @ 0xd7400000
[2022-03-12 10:37:26] [0000.811] I> Copy BTCM section
[2022-03-12 10:37:26] [0000.814] W> No valid slot number is found in scratch register
[2022-03-12 10:37:26] [0000.820] W> Return default slot: _a
[2022-03-12 10:37:26] [0000.823] I> A/B: bin_type (13) slot 0
[2022-03-12 10:37:26] [0000.827] I> Loading partition cpu-bootloader at 0x96000000
[2022-03-12 10:37:26] [0000.832] I> Reading two headers - addr:0x96000000 blocks:1
[2022-03-12 10:37:26] [0000.838] I> Addr: 0x96000000, start-block: 58740744, num_blocks: 1
[2022-03-12 10:37:26] [0000.859] I> Binary(13) of size 308800 is loaded @ 0x96000000
[2022-03-12 10:37:26] [0000.864] W> No valid slot number is found in scratch register
[2022-03-12 10:37:26] [0000.870] W> Return default slot: _a
[2022-03-12 10:37:26] [0000.873] I> A/B: bin_type (20) slot 0
[2022-03-12 10:37:26] [0000.877] I> Loading partition bootloader-dtb at 0x85205400
[2022-03-12 10:37:26] [0000.883] I> Reading two headers - addr:0x85205400 blocks:1
[2022-03-12 10:37:26] [0000.888] I> Addr: 0x85205400, start-block: 58742792, num_blocks: 1
[2022-03-12 10:37:26] [0000.910] I> Binary(20) of size 375568 is loaded @ 0x85205400
[2022-03-12 10:37:26] [0000.916] W> No valid slot number is found in scratch register
[2022-03-12 10:37:26] [0000.921] W> Return default slot: _a
[2022-03-12 10:37:26] [0000.925] I> A/B: bin_type (14) slot 0
[2022-03-12 10:37:26] [0000.928] I> Loading partition secure-os at 0x85305600
[2022-03-12 10:37:26] [0000.933] I> Reading two headers - addr:0x85305600 blocks:1
[2022-03-12 10:37:26] [0000.939] I> Addr: 0x85305600, start-block: 58744840, num_blocks: 1
[2022-03-12 10:37:26] [0000.961] I> Binary(14) of size 402864 is loaded @ 0x85305600
[2022-03-12 10:37:26] [0000.969] I> TOS boot-params @ 0x85000000
[2022-03-12 10:37:26] [0000.972] I> TOS params prepared
[2022-03-12 10:37:26] [0000.976] I> Loading EKS ...
[2022-03-12 10:37:26] [0000.978] I> A/B: bin_type (15) slot 0
[2022-03-12 10:37:26] [0000.982] I> Loading partition eks at 0x85905800
[2022-03-12 10:37:26] [0000.986] I> Reading two headers - addr:0x85905800 blocks:1
[2022-03-12 10:37:26] [0000.992] I> Addr: 0x85905800, start-block: 58757128, num_blocks: 1
[2022-03-12 10:37:26] [0001.011] I> Binary(15) of size 1040 is loaded @ 0x85905800
[2022-03-12 10:37:26] [0001.016] I> EKB detected (length: 0x400) @ 0x85905800
[2022-03-12 10:37:26] [0001.021] I> Copied encrypted keys
[2022-03-12 10:37:26] [0001.025] I> boot profiler @ 0x275844000
[2022-03-12 10:37:26] [0001.029] I> boot profiler for TOS @ 0x275844000
[2022-03-12 10:37:26] [0001.034] I> Unhalting SCE
[2022-03-12 10:37:26] [0001.036] I> Primary Memory Start:80000000 Size:70000000
[2022-03-12 10:37:27] [0001.041] I> Extended Memory Start:f0110000 Size:1856f0000
[2022-03-12 10:37:27] [0001.048] I> MB2(TBoot-BPMP) done
[2022-03-12 10:37:27] 
[2022-03-12 10:37:27] NOTICE:  BL31: v1.3(release):b5eeb33f7
[2022-03-12 10:37:27] NOTICE:  BL31: Built : 12:15:17, Jul 26 2021
[2022-03-12 10:37:27] ipc-unittest-main: 1519: Welcome to IPC unittest!!!
[2022-03-12 10:37:27] ipc-unittest-main: 1531: waiting forever
[2022-03-12 10:37:27] ipc-unittest-srv: 329: Init unittest services!!!
[2022-03-12 10:37:27] hwkey-agent: 41: hwkey-agent is running!!
[2022-03-12 10:37:27] hwkey-agent: 315: key_mgnt_processing .......
[2022-03-12 10:37:27] hwkey-agent: 223: Setting EKB key 0 to slot 14
[2022-03-12 10:37:27] hwkey-agent: 178: Init hweky-agent services!!
[2022-03-12 10:37:27] luks-srv: 40: luks-srv is running!!
[2022-03-12 10:37:27] luks-srv: 157: Init luks-srv IPC services!!
[2022-03-12 10:37:27] platform_bootstrap_epilog: trusty bootstrap complete
[2022-03-12 10:37:27] [0001.421] I> Welcome to Cboot
[2022-03-12 10:37:27] [0001.424] I> Cboot Version: t186-00029e71
[2022-03-12 10:37:27] [0001.427] I> CPU-BL Params @ 0x275800000
[2022-03-12 10:37:27] [0001.431] I>  0) Base:0x00000000 Size:0x00000000
[2022-03-12 10:37:27] [0001.436] I>  1) Base:0x277f00000 Size:0x00100000
[2022-03-12 10:37:27] [0001.440] I>  2) Base:0x277e00000 Size:0x00100000
[2022-03-12 10:37:27] [0001.445] I>  3) Base:0x277d00000 Size:0x00100000
[2022-03-12 10:37:27] [0001.449] I>  4) Base:0x277c00000 Size:0x00100000
[2022-03-12 10:37:27] [0001.454] I>  5) Base:0x277b00000 Size:0x00100000
[2022-03-12 10:37:27] [0001.458] I>  6) Base:0x277800000 Size:0x00200000
[2022-03-12 10:37:27] [0001.463] I>  7) Base:0x277400000 Size:0x00400000
[2022-03-12 10:37:27] [0001.467] I>  8) Base:0x277a00000 Size:0x00100000
[2022-03-12 10:37:27] [0001.472] I>  9) Base:0x277300000 Size:0x00100000
[2022-03-12 10:37:27] [0001.476] I> 10) Base:0x276800000 Size:0x00800000
[2022-03-12 10:37:27] [0001.481] I> 11) Base:0x30000000 Size:0x00040000
[2022-03-12 10:37:27] [0001.485] I> 12) Base:0xf0000000 Size:0x00100000
[2022-03-12 10:37:27] [0001.490] I> 13) Base:0x30040000 Size:0x00001000
[2022-03-12 10:37:27] [0001.494] I> 14) Base:0x30048000 Size:0x00001000
[2022-03-12 10:37:27] [0001.498] I> 15) Base:0x30049000 Size:0x00001000
[2022-03-12 10:37:27] [0001.503] I> 16) Base:0x3004a000 Size:0x00001000
[2022-03-12 10:37:27] [0001.507] I> 17) Base:0x3004b000 Size:0x00001000
[2022-03-12 10:37:27] [0001.512] I> 18) Base:0x3004c000 Size:0x00001000
[2022-03-12 10:37:27] [0001.516] I> 19) Base:0x3004d000 Size:0x00001000
[2022-03-12 10:37:27] [0001.521] I> 20) Base:0x3004e000 Size:0x00001000
[2022-03-12 10:37:27] [0001.525] I> 21) Base:0x3004f000 Size:0x00001000
[2022-03-12 10:37:27] [0001.529] I> 22) Base:0x00000000 Size:0x00000000
[2022-03-12 10:37:27] [0001.534] I> 23) Base:0xf0100000 Size:0x00010000
[2022-03-12 10:37:27] [0001.538] I> 24) Base:0x00000000 Size:0x00000000
[2022-03-12 10:37:27] [0001.543] I> 25) Base:0x00000000 Size:0x00000000
[2022-03-12 10:37:27] [0001.547] I> 26) Base:0x00000000 Size:0x00000000
[2022-03-12 10:37:27] [0001.552] I> 27) Base:0x00000000 Size:0x00000000
[2022-03-12 10:37:27] [0001.556] I> 28) Base:0x84400000 Size:0x00400000
[2022-03-12 10:37:27] [0001.560] I> 29) Base:0x30000000 Size:0x00010000
[2022-03-12 10:37:27] [0001.565] I> 30) Base:0x278000000 Size:0x08000000
[2022-03-12 10:37:27] [0001.569] I> 31) Base:0x00000000 Size:0x00000000
[2022-03-12 10:37:27] [0001.574] I> 32) Base:0x276000000 Size:0x00600000
[2022-03-12 10:37:27] [0001.578] I> 33) Base:0x80000000 Size:0x70000000
[2022-03-12 10:37:27] [0001.583] I> 34) Base:0xf0110000 Size:0x1856f0000
[2022-03-12 10:37:27] [0001.587] I> 35) Base:0x00000000 Size:0x00000000
[2022-03-12 10:37:27] [0001.592] I> 36) Base:0x00000000 Size:0x00000000
[2022-03-12 10:37:27] [0001.596] I> 37) Base:0x2772e0000 Size:0x00020000
[2022-03-12 10:37:27] [0001.601] I> 38) Base:0x84000000 Size:0x00400000
[2022-03-12 10:37:27] [0001.605] I> 39) Base:0x96000000 Size:0x02000000
[2022-03-12 10:37:27] [0001.610] I> 40) Base:0x85000000 Size:0x01200000
[2022-03-12 10:37:27] [0001.614] I> 41) Base:0x275800000 Size:0x00500000
[2022-03-12 10:37:27] [0001.618] I> 42) Base:0x00000000 Size:0x00000000
[2022-03-12 10:37:27] [0001.623] I> 43) Base:0x00000000 Size:0x00000000
[2022-03-12 10:37:27] [0001.627] GIC-SPI Target CPU: 4
[2022-03-12 10:37:27] [0001.631] Interrupts Init done
[2022-03-12 10:37:27] [0001.634] calling constructors
[2022-03-12 10:37:27] [0001.637] initializing heap
[2022-03-12 10:37:27] [0001.640] initializing threads
[2022-03-12 10:37:27] [0001.643] initializing timers
[2022-03-12 10:37:27] [0001.646] creating bootstrap completion thread
[2022-03-12 10:37:27] [0001.651] top of bootstrap2()
[2022-03-12 10:37:27] [0001.654] CPU: ARM Cortex A57
[2022-03-12 10:37:27] [0001.657] CPU: MIDR: 0x411FD073, MPIDR: 0x80000100
[2022-03-12 10:37:27] [0001.662] initializing platform
[2022-03-12 10:37:27] [0001.665] I> Bl_dtb @0x85205400
[2022-03-12 10:37:27] [0001.668] I> gpio framework initialized
[2022-03-12 10:37:27] [0001.675] I> tegrabl_gpio_driver_register: register 'nvidia,tegra186-gpio' driver
[2022-03-12 10:37:27] [0001.685] I> tegrabl_gpio_driver_register: register 'nvidia,tegra186-gpio-aon' driver
[2022-03-12 10:37:27] [0001.693] I> GPIO framework and drivers are initialized.
[2022-03-12 10:37:27] [0001.698] I> Boot-device: eMMC
[2022-03-12 10:37:27] [0001.705] I> sdmmc bdev is already initialized
[2022-03-12 10:37:27] [0001.736] I> Found 19 partitions in SDMMC_BOOT (instance 3)
[2022-03-12 10:37:27] [0001.753] I> Found 33 partitions in SDMMC_USER (instance 3)
[2022-03-12 10:37:27] [0001.759] W> opt-in fuse is not set, skip fuse_burning
[2022-03-12 10:37:27] [0001.764] I> Reserved memory at 0xfbe00000 for U-Boot relocation
[2022-03-12 10:37:27] [0001.769] W> No valid slot number is found in scratch register
[2022-03-12 10:37:27] [0001.775] W> Return default slot: _a
[2022-03-12 10:37:27] [0001.784] I> A/B: bin_type (21) slot 0
[2022-03-12 10:37:27] [0001.788] I> Loading kernel-dtb from partition
[2022-03-12 10:37:27] [0001.792] I> Loading partition kernel-dtb at 0x80000000 from device(0x1)
[2022-03-12 10:37:27] [0001.810] I> Kernel_dtb @0x80000000
[2022-03-12 10:37:27] [0001.813] I> tegrabl_tca9539_init: i2c bus: 0, slave addr: 0xee
[2022-03-12 10:37:27] [0001.824] I> tegrabl_gpio_driver_register: register 'tca9539_gpio_driver' driver
[2022-03-12 10:37:27] [0001.831] I> tegrabl_tca9539_init: i2c bus: 0, slave addr: 0xe8
[2022-03-12 10:37:27] [0001.840] I> tegrabl_gpio_driver_register: register 'tca9539_gpio_driver' driver
[2022-03-12 10:37:27] [0001.850] I> fixed regulator driver initialized
[2022-03-12 10:37:27] [0001.884] I> register 'maxim' power off handle
[2022-03-12 10:37:27] [0001.890] I> virtual i2c enabled
[2022-03-12 10:37:27] [0001.893] I> registered 'maxim,max77620' pmic
[2022-03-12 10:37:27] [0001.897] I> tegrabl_gpio_driver_register: register 'max77620-gpio' driver
[2022-03-12 10:37:27] [0001.911] E> failed to read label property for node 324936: 13
[2022-03-12 10:37:27] [0001.920] E> failed to read reg property for node 325032: 13
[2022-03-12 10:37:27] [0001.928] E> failed to read reg property for node 325084: 13
[2022-03-12 10:37:27] [0001.936] E> failed to read label property for node 325168: 13
[2022-03-12 10:37:27] [0001.944] E> failed to read label property for node 325236: 13
[2022-03-12 10:37:27] [0001.953] E> failed to read reg property for node 325304: 13
[2022-03-12 10:37:27] [0001.961] E> failed to read reg property for node 325376: 13
[2022-03-12 10:37:27] [0001.971] I> Find /i2c@c250000's alias i2c7
[2022-03-12 10:37:27] [0001.975] I> Reading eeprom i2c=7 address=0x50
[2022-03-12 10:37:27] [0002.005] I> Device at /i2c@c250000:0x50
[2022-03-12 10:37:27] [0002.008] I> Reading eeprom i2c=7 address=0x57
[2022-03-12 10:37:27] [0002.037] I> Device at /i2c@c250000:0x57
[2022-03-12 10:37:28] [0002.042] I> Find /i2c@c240000's alias i2c1
[2022-03-12 10:37:28] [0002.046] I> Reading eeprom i2c=1 address=0x51
[2022-03-12 10:37:28] [0002.051] E> I2C: slave not found in slaves.
[2022-03-12 10:37:28] [0002.055] E> I2C: Could not write 0 bytes to slave: 0x00a2 with repeat start true.
[2022-03-12 10:37:28] [0002.063] E> I2C_DEV: Failed to send register address 0x00000000.
[2022-03-12 10:37:28] [0002.068] E> I2C_DEV: Could not read 256 registers of size 1 from slave 0xa2 at 0x00000000 via instance 1.
[2022-03-12 10:37:28] [0002.078] E> eeprom: Retry to read I2C slave device.
[2022-03-12 10:37:28] [0002.083] E> I2C: slave not found in slaves.
[2022-03-12 10:37:28] [0002.087] E> I2C: Could not write 0 bytes to slave: 0x00a2 with repeat start true.
[2022-03-12 10:37:28] [0002.095] E> I2C_DEV: Failed to send register address 0x00000000.
[2022-03-12 10:37:28] [0002.101] E> I2C_DEV: Could not read 256 registers of size 1 from slave 0xa2 at 0x00000000 via instance 1.
[2022-03-12 10:37:28] [0002.110] E> eeprom: Failed to read I2C slave device
[2022-03-12 10:37:28] [0002.115] I> Eeprom read failed 0x3526070d
[2022-03-12 10:37:28] [0002.119] I> Find /i2c@3160000's alias i2c0
[2022-03-12 10:37:28] [0002.123] I> Reading eeprom i2c=0 address=0x50
[2022-03-12 10:37:28] [0002.128] E> I2C: slave not found in slaves.
[2022-03-12 10:37:28] [0002.132] E> I2C: Could not write 0 bytes to slave: 0x00a0 with repeat start true.
[2022-03-12 10:37:28] [0002.139] E> I2C_DEV: Failed to send register address 0x00000000.
[2022-03-12 10:37:28] [0002.145] E> I2C_DEV: Could not read 256 registers of size 1 from slave 0xa0 at 0x00000000 via instance 0.
[2022-03-12 10:37:28] [0002.155] E> eeprom: Failed to read I2C slave device
[2022-03-12 10:37:28] [0002.160] I> Eeprom read failed 0x3526070d
[2022-03-12 10:37:28] [0002.164] I> Find /i2c@3180000's alias i2c2
[2022-03-12 10:37:28] [0002.168] I> Reading eeprom i2c=2 address=0x54
[2022-03-12 10:37:28] [0002.173] I> Enabling gpio chip_id = 2, gpio pin = 9
[2022-03-12 10:37:28] [0002.203] I> Disabling gpio chip_id = 2, gpio pin = 9
[2022-03-12 10:37:28] [0002.208] I> Device at /i2c@3180000:0x54
[2022-03-12 10:37:28] [0002.212] I> Reading eeprom i2c=2 address=0x57
[2022-03-12 10:37:28] [0002.216] I> Enabling gpio chip_id = 2, gpio pin = 9
[2022-03-12 10:37:28] [0002.222] E> I2C: slave not found in slaves.
[2022-03-12 10:37:28] [0002.226] E> I2C: Could not write 0 bytes to slave: 0x00ae with repeat start true.
[2022-03-12 10:37:28] [0002.234] E> I2C_DEV: Failed to send register address 0x00000000.
[2022-03-12 10:37:28] [0002.240] E> I2C_DEV: Could not read 256 registers of size 1 from slave 0xae at 0x00000000 via instance 2.
[2022-03-12 10:37:28] [0002.249] E> eeprom: Failed to read I2C slave device
[2022-03-12 10:37:28] [0002.254] I> Disabling gpio chip_id = 2, gpio pin = 9
[2022-03-12 10:37:28] [0002.259] I> Eeprom read failed 0x00000000
[2022-03-12 10:37:28] [0002.263] I> create_pm_ids: id: 3310-1000-D00-L, len: 15
[2022-03-12 10:37:28] [0002.268] I> config: mem-type:00,power-config:00,misc-config:00,modem-config:00,touch-config:00,display-config:00,, len: 93
[2022-03-12 10:37:28] [0002.279] I> create_pm_ids: id: 2597-0000-900-E, len: 15
[2022-03-12 10:37:28] [0002.284] I> config: mem-type:00,power-config:00,misc-config:00,modem-config:00,touch-config:00,display-config:00,, len: 93
[2022-03-12 10:37:28] [0002.295] I> create_pm_ids: id: 3326-1000-000-M, len: 15
[2022-03-12 10:37:28] [0002.300] I> config: mem-type:ff,power-config:ff,misc-config:ff,modem-config:ff,touch-config:ff,display-config:ff,, len: 93
[2022-03-12 10:37:28] [0002.335] I> enabling 'vdd-hdmi' regulator
[2022-03-12 10:37:28] [0002.351] I> regulator 'vdd-hdmi' already enabled
[2022-03-12 10:37:28] [0002.356] E> tegrabl_display_init_regulator: hdmi cable is not connected
[2022-03-12 10:37:28] [0002.362] E> tegrabl_display_get_pdata, failed to parse dtb settings
[2022-03-12 10:37:28] [0002.371] E> cannot find any other nvdisp nodes
[2022-03-12 10:37:28] [0002.375] E> no valid display unit config found in dtb
[2022-03-12 10:37:28] [0002.381] W> display init failed
[2022-03-12 10:37:28] [0002.384] initializing target
[2022-03-12 10:37:28] [0002.387] calling apps_init()
[2022-03-12 10:37:28] [0002.390] starting app kernel_boot_app
[2022-03-12 10:37:28] [0002.413] I> found decompressor handler: lz4-legacy
[2022-03-12 10:37:28] [0002.418] I> decompressing BMP blob ...
[2022-03-12 10:37:28] [0002.430] I> Kernel type = Normal
[2022-03-12 10:37:28] [0002.433] I> ########## Fixed storage boot ##########
[2022-03-12 10:37:28] [0002.438] I> Loading kernel-bootctrl from partition
[2022-03-12 10:37:28] [0002.443] I> Loading partition kernel-bootctrl at 0xa8000000 from device(0x1)
[2022-03-12 10:37:28] [0002.457] W> tegrabl_get_kernel_bootctrl: magic number(0x00000000) is invalid
[2022-03-12 10:37:28] [0002.464] W> tegrabl_get_kernel_bootctrl: use default dummy boot control data
[2022-03-12 10:37:28] [0002.471] W> No valid slot number is found in scratch register
[2022-03-12 10:37:28] [0002.476] W> Return default slot: _a
[2022-03-12 10:37:28] [0002.480] I> A/B: bin_type (24) slot 0
[2022-03-12 10:37:28] [0002.495] I> Boot image size read from image header: 9913d
[2022-03-12 10:37:28] [0002.501] I> Boot image load address: 0x80400000
[2022-03-12 10:37:28] [0002.505] I> Loading kernel from partition
[2022-03-12 10:37:28] [0002.509] I> Loading partition kernel at 0x80400000 from device(0x1)
[2022-03-12 10:37:29] [0003.452] I> Validate kernel ...
[2022-03-12 10:37:29] [0003.455] I> T18x: Authenticate kernel (bin_type 24), max size 0x4000000
[2022-03-12 10:37:29] [0003.463] I> Decrypt the buffer ... [0003.467] W> tegrabl_decrypt_block: fuse (0x0) is not burnt to do encryption (0x4); skip decryption.
[2022-03-12 10:37:29] [0003.476] I> done
[2022-03-12 10:37:29] [0003.477] I> Checking boot.img header magic ... [0003.482] I> [OK]
[2022-03-12 10:37:29] [0003.483] I kernel-dtb is already loaded
[2022-03-12 10:37:29] [0003.487] I> Validate kernel-dtb ...
[2022-03-12 10:37:29] [0003.491] I> T18x: Authenticate kernel-dtb (bin_type 21), max size 0x100000
[2022-03-12 10:37:29] [0003.498] I> Decrypt the buffer ... [0003.501] W> tegrabl_decrypt_block: fuse (0x0) is not burnt to do encryption (0x4); skip decryption.
[2022-03-12 10:37:29] [0003.510] I> done
[2022-03-12 10:37:29] [0003.512] I> Kernel hdr @0x80400000
[2022-03-12 10:37:29] [0003.515] I> Kernel dtb @0x80000000
[2022-03-12 10:37:29] [0003.519] I> decompressor handler not found
[2022-03-12 10:37:29] [0003.523] I> Copying kernel image (627005 bytes) from 0x80400800 to 0x80600000 ... [0003.530] I> Done
[2022-03-12 10:37:29] [0003.532] I> Move ramdisk (len: 0) from 0x8049a000 to 0x947d0000
[2022-03-12 10:37:29] [0003.540] I> Updated bpmp info to DTB
[2022-03-12 10:37:29] [0003.546] I> Ramdisk: Base: 0x947d0000; Size: 0x0
[2022-03-12 10:37:29] [0003.550] I> Updated initrd info to DTB
[2022-03-12 10:37:29] [0003.554] W> WARN: Fail to override "console=none" in commandline
[2022-03-12 10:37:29] [0003.560] I> Active rootfs suffix: 
[2022-03-12 10:37:29] [0003.563] E> tegrabl_linuxboot_add_disp_param, du 0 failed to get display params
[2022-03-12 10:37:29] [0003.570] E> tegrabl_linuxboot_add_disp_param, du 0 failed to get display params
[2022-03-12 10:37:29] [0003.577] E> tegrabl_linuxboot_add_disp_param, du 0 failed to get display params
[2022-03-12 10:37:29] [0003.585] I> disabled_core_mask: 0xffffff0c
[2022-03-12 10:37:29] [0003.589] W> No valid slot number is found in scratch register
[2022-03-12 10:37:29] [0003.594] W> Return default slot: _a
[2022-03-12 10:37:29] [0003.598] I> Active slot suffix: 
[2022-03-12 10:37:29] [0003.601] I> add_boot_slot_suffix: slot_suffix = 
[2022-03-12 10:37:29] [0003.605] I> Linux Cmdline: console=ttyS0,115200 androidboot.presilicon=true firmware_class.path=/etc/firmware root=/dev/mmcblk0p1 rw rootwait rootfstype=ext4 console=ttyS0,115200n8 console=tty0 fbcon=map:0 net.ifnames=0 isolcpus=1-2  video=tegrafb earlycon=uart8250,mmio32,0x3100000 nvdumper_reserved=0x2772e0000 gpt rootfs.slot_suffix= usbcore.old_scheme_first=1 tegraid=18.1.2.0.0 maxcpus=6 no_console_suspend boot.slot_suffix= boot.ratchetvalues=0.2031647.1 vpr_resize bl_prof_dataptr=0x10000@0x275840000 sdhci_tegra.en_boot_part_access=1 
[2022-03-12 10:37:29] [0003.653] I> Updated bootarg info to DTB
[2022-03-12 10:37:29] [0003.657] I> eeprom_get_mac_addr: MAC (type: 0): 48:b0:2d:0f:11:c5
[2022-03-12 10:37:29] [0003.663] I> eeprom_get_mac_addr: MAC (type: 1): 48:b0:2d:0f:11:c6
[2022-03-12 10:37:29] [0003.669] I> eeprom_get_mac_addr: MAC (type: 2): 48:b0:2d:0f:11:c7
[2022-03-12 10:37:29] [0003.675] E> Found no plugin manager ids in source DT
[2022-03-12 10:37:29] [0003.680] W> Add plugin manager ids from board info
[2022-03-12 10:37:29] [0003.685] W> "plugin-manager" doesn't exist, creating
[2022-03-12 10:37:29] [0003.690] W> "ids" doesn't exist, creating
[2022-03-12 10:37:29] [0003.694] W> "connection" doesn't exist, creating
[2022-03-12 10:37:29] [0003.699] W> "configs" doesn't exist, creating
[2022-03-12 10:37:29] [0003.703] I> create_pm_ids: id: 3310-1000-D00-L, len: 15
[2022-03-12 10:37:29] [0003.708] I> config: mem-type:00,power-config:00,misc-config:00,modem-config:00,touch-config:00,display-config:00,, len: 93
[2022-03-12 10:37:29] [0003.719] I> create_pm_ids: id: 2597-0000-900-E, len: 15
[2022-03-12 10:37:29] [0003.724] I> config: mem-type:00,power-config:00,misc-config:00,modem-config:00,touch-config:00,display-config:00,, len: 93
[2022-03-12 10:37:29] [0003.735] I> create_pm_ids: id: 3326-1000-000-M, len: 15
[2022-03-12 10:37:29] [0003.740] I> config: mem-type:ff,power-config:ff,misc-config:ff,modem-config:ff,touch-config:ff,display-config:ff,, len: 93
[2022-03-12 10:37:29] [0003.751] I> Adding plugin-manager/ids/3310-1000-D00=/i2c@c250000:module@0x50
[2022-03-12 10:37:29] [0003.758] W> "i2c@c250000" doesn't exist, creating
[2022-03-12 10:37:29] [0003.763] W> "module@0x50" doesn't exist, creating
[2022-03-12 10:37:29] [0003.768] I> Adding plugin-manager/ids/2597-0000-900=/i2c@c250000:module@0x57
[2022-03-12 10:37:29] [0003.775] W> "module@0x57" doesn't exist, creating
[2022-03-12 10:37:29] [0003.780] I> Adding plugin-manager/ids/3326-1000-000=/i2c@3180000:module@0x54
[2022-03-12 10:37:29] [0003.787] W> "i2c@3180000" doesn't exist, creating
[2022-03-12 10:37:29] [0003.792] W> "module@0x54" doesn't exist, creating
[2022-03-12 10:37:29] [0003.799] I> Adding plugin-manager/ids/3310-1000-D00-L
[2022-03-12 10:37:29] [0003.806] I> Adding plugin-manager/configs/3310-mem-type 00
[2022-03-12 10:37:29] [0003.812] I> Adding plugin-manager/configs/3310-power-config 00
[2022-03-12 10:37:29] [0003.818] I> Adding plugin-manager/configs/3310-misc-config 00
[2022-03-12 10:37:29] [0003.823] I> Adding plugin-manager/configs/3310-modem-config 00
[2022-03-12 10:37:29] [0003.829] I> Adding plugin-manager/configs/3310-touch-config 00
[2022-03-12 10:37:29] [0003.835] I> Adding plugin-manager/configs/3310-display-config 00
[2022-03-12 10:37:29] [0003.842] I> Adding plugin-manager/cvm
[2022-03-12 10:37:29] [0003.845] W> "chip-id" doesn't exist, creating
[2022-03-12 10:37:29] [0003.850] I> Adding plugin-manager/chip-id/A02P
[2022-03-12 10:37:29] [0003.854] W> "odm-data" doesn't exist, creating
[2022-03-12 10:37:29] [0003.859] I> Adding /chosen/plugin-manager/odm-data
[2022-03-12 10:37:29] [0003.869] I> added [base:0x80000000, size:0x70000000] to /memory
[2022-03-12 10:37:29] [0003.875] I> added [base:0xf0200000, size:0x185600000] to /memory
[2022-03-12 10:37:29] [0003.880] I> added [base:0x275e00000, size:0x200000] to /memory
[2022-03-12 10:37:29] [0003.886] I> added [base:0x276600000, size:0x200000] to /memory
[2022-03-12 10:37:29] [0003.892] I> added [base:0x277000000, size:0x200000] to /memory
[2022-03-12 10:37:29] [0003.898] I> Updated memory info to DTB
[2022-03-12 10:37:29] [0003.902] E> add_disp_param: failed to get display params for du=0
[2022-03-12 10:37:29] [0003.910] W> "reset" doesn't exist, creating
[2022-03-12 10:37:29] [0003.914] W> "pmc-reset-reason" doesn't exist, creating
[2022-03-12 10:37:29] [0003.920] W> "pmic-reset-reason" doesn't exist, creating
[2022-03-12 10:37:29] [0003.926] I> Adding ecid(00000001646db7851000000013038200) to DT
[2022-03-12 10:37:29] [0003.932] I> disabled_core_mask: 0xffffff0c
[2022-03-12 10:37:29] [0003.945] I> Add serial number:1422420022173 as DT property
[2022-03-12 10:37:29] [0003.954] I> Plugin-manager override starting
[2022-03-12 10:37:29] [0003.959] I> node /plugin-manager/fragement@0 matches
[2022-03-12 10:37:29] [0003.970] I> node /plugin-manager/fragement@4 matches
[2022-03-12 10:37:29] [0003.983] I> node /plugin-manager/fragment-sdwake-p3310-1000-300 matches
[2022-03-12 10:37:29] [0004.003] I> node /plugin-manager/fragement-pmon-p3310-1000-300 matches
[2022-03-12 10:37:29] [0004.012] I> node /plugin-manager/fragement-pmon-p3310-1000-800 matches
[2022-03-12 10:37:29] [0004.021] I> node /plugin-manager/fragment-devslp@0 matches
[2022-03-12 10:37:29] [0004.034] I> node /plugin-manager/fragment-500-pcie-config matches
[2022-03-12 10:37:30] [0004.048] I> node /plugin-manager/fragment-500-xusb-config matches
[2022-03-12 10:37:30] [0004.071] I> node /plugin-manager/fragment-p3310-c00-comm matches
[2022-03-12 10:37:30] [0004.085] I> node /plugin-manager/fragment-p3310-c00-pmic matches
[2022-03-12 10:37:30] [0004.096] I> node /plugin-manager/fragment-p3310-c01 matches
[2022-03-12 10:37:30] [0004.109] I> node /plugin-manager/fragment-p3310-c03 matches
[2022-03-12 10:37:30] [0004.151] I> node /plugin-manager/fragment-e3326@0 matches
[2022-03-12 10:37:30] [0004.233] I> node /plugin-manager/fragment-p3310-c00-camera matches
[2022-03-12 10:37:30] [0004.260] I> Disable plugin-manager status in FDT
[2022-03-12 10:37:30] [0004.265] I> Plugin-manager override finished successfully
[2022-03-12 10:37:30] [0004.270] I> tegrabl_load_kernel_and_dtb: Done
[2022-03-12 10:37:30] [0004.274] E> tegrabl_display_clear: display is not initialized
[2022-03-12 10:37:30] [0004.280] W> Boot logo display failed...
[2022-03-12 10:37:30] [0004.284] I> Kernel EP: 0x80600000, DTB: 0x80000000
[2022-03-12 10:37:30] 
[2022-03-12 10:37:30] 
[2022-03-12 10:37:30] U-Boot 2020.04-g46e4604c78 (Jul 26 2021 - 12:10:58 -0700)
[2022-03-12 10:37:30] 
[2022-03-12 10:37:30] SoC: tegra186
[2022-03-12 10:37:30] Model: NVIDIA P2771-0000-500
[2022-03-12 10:37:30] Board: NVIDIA P2771-0000
[2022-03-12 10:37:30] DRAM:  7.8 GiB
[2022-03-12 10:37:30] MMC:   sdhci@3400000: 1, sdhci@3460000: 0
[2022-03-12 10:37:30] Loading Environment from MMC... *** Warning - bad CRC, using default environment
[2022-03-12 10:37:30] 
[2022-03-12 10:37:30] In:    serial
[2022-03-12 10:37:30] Out:   serial
[2022-03-12 10:37:30] Err:   serial
[2022-03-12 10:37:30] Net:   
[2022-03-12 10:37:30] Warning: ethernet@2490000 using MAC address from ROM
[2022-03-12 10:37:30] eth0: ethernet@2490000
[2022-03-12 10:37:30] Hit any key to stop autoboot:  2  1  0 
[2022-03-12 10:37:32] MMC: no card present
[2022-03-12 10:37:32] switch to partitions #0, OK
[2022-03-12 10:37:32] mmc0(part 0) is current device
[2022-03-12 10:37:32] Scanning mmc 0:1...
[2022-03-12 10:37:32] Found /boot/extlinux/extlinux.conf
[2022-03-12 10:37:32] Retrieving file: /boot/extlinux/extlinux.conf
[2022-03-12 10:37:33] 858 bytes read in 22 ms (38.1 KiB/s)
[2022-03-12 10:37:33] 1:	primary kernel
[2022-03-12 10:37:33] Retrieving file: /boot/initrd
[2022-03-12 10:37:33] 7238344 bytes read in 201 ms (34.3 MiB/s)
[2022-03-12 10:37:33] Retrieving file: /boot/Image
[2022-03-12 10:37:34] 34484232 bytes read in 830 ms (39.6 MiB/s)
[2022-03-12 10:37:34] append: console=ttyS0,115200 androidboot.presilicon=true firmware_class.path=/etc/firmware root=/dev/mmcblk0p1 rw rootwait rootfstype=ext4 console=ttyS0,115200n8 console=tty0 fbcon=map:0 net.ifnames=0 isolcpus=1-2  video=tegrafb earlycon=uart8250,mmio32,0x3100000 nvdumper_reserved=0x2772e0000 gpt rootfs.slot_suffix= usbcore.old_scheme_first=1 tegraid=18.1.2.0.0 maxcpus=6 no_console_suspend boot.slot_suffix= boot.ratchetvalues=0.2031647.1 vpr_resize bl_prof_dataptr=0x10000@0x275840000 sdhci_tegra.en_boot_part_access=1 quiet root=/dev/mmcblk0p1 rw rootwait rootfstype=ext4 console=ttyS0,115200n8 console=tty0 fbcon=map:0 net.ifnames=0 isolcpus=1-2 
[2022-03-12 10:37:34] ## Flattened Device Tree blob at 80000000
[2022-03-12 10:37:34]    Booting using the fdt blob at 0x80000000
[2022-03-12 10:37:34] ERROR: reserving fdt memory region failed (addr=0 size=0)
[2022-03-12 10:37:34] ERROR: reserving fdt memory region failed (addr=0 size=0)
[2022-03-12 10:37:34] ERROR: reserving fdt memory region failed (addr=0 size=0)
[2022-03-12 10:37:34]    Using Device Tree in place at 0000000080000000, end 0000000080060aa3
[2022-03-12 10:37:34] copying carveout for /host1x@13e00000/display-hub@15200000/display@15200000...
[2022-03-12 10:37:34] copying carveout for /host1x@13e00000/display-hub@15200000/display@15210000...
[2022-03-12 10:37:34] copying carveout for /host1x@13e00000/display-hub@15200000/display@15220000...
[2022-03-12 10:37:34] 
[2022-03-12 10:37:34] Starting kernel ...
[2022-03-12 10:37:34] 
[2022-03-12 10:37:34] [    0.000000] Booting Linux on physical CPU 0x100
[2022-03-12 10:37:34] [    0.000000] Linux version 4.9.253-tegra (buildbrain@mobile-u64-5497-d3000) (gcc version 7.3.1 20180425 [linaro-7.3-2018.05 revision d29120a424ecfbc167ef90065c0eeb7f91977701] (Linaro GCC 7.3-2018.05) ) #1 SMP PREEMPT Mon Jul 26 12:19:28 PDT 2021
[2022-03-12 10:37:34] [    0.000000] Boot CPU: AArch64 Processor [411fd073]
[2022-03-12 10:37:34] [    0.000000] OF: fdt:memory scan node memory@80000000, reg size 80,
[2022-03-12 10:37:34] [    0.000000] OF: fdt: - 80000000 ,  70000000
[2022-03-12 10:37:34] [    0.000000] OF: fdt: - f0200000 ,  185600000
[2022-03-12 10:37:34] [    0.000000] OF: fdt: - 275e00000 ,  200000
[2022-03-12 10:37:34] [    0.000000] OF: fdt: - 276600000 ,  200000
[2022-03-12 10:37:34] [    0.000000] OF: fdt: - 277000000 ,  200000
[2022-03-12 10:37:34] [    0.000000] earlycon: uart8250 at MMIO32 0x0000000003100000 (options '')
[2022-03-12 10:37:34] [    0.000000] bootconsole [uart8250] enabled
[2022-03-12 10:37:36] [    1.822853] cgroup: cgroup2: unknown option "nsdelegate"
[2022-03-12 10:37:37] [    2.844876] using random self ethernet address
[2022-03-12 10:37:37] [    2.863117] using random host ethernet address
[2022-03-12 10:37:37] [    3.273550] random: crng init done
[2022-03-12 10:37:37] [    3.276958] random: 7 urandom warning(s) missed due to ratelimiting
[2022-03-12 10:37:38] [    3.551551] using random self ethernet address
[2022-03-12 10:37:38] [    3.574212] using random host ethernet address
[2022-03-12 10:37:38] [    3.909518] CPU1: shutdown
[2022-03-12 10:37:38] [    3.978917] CPU2: shutdown
[2022-03-12 10:37:39] [    4.814625] Bridge firewalling registered
[2022-03-12 10:37:42] 
[2022-03-12 10:37:42] Ubuntu 18.04.5 LTS JTX2-A ttyS0
[2022-03-12 10:37:42] 
[2022-03-12 10:37:42] JTX2-A login: [0000.272] I> Welcome to MB2(TBoot-BPMP)(version: 01.00.160913-t186-M-00.00-mobile-c368a720)
[2022-03-12 10:38:22] [0000.281] I> Boot-device: eMMC
[2022-03-12 10:38:22] [0000.288] I> sdmmc bdev is already initialized
[2022-03-12 10:38:22] [0000.293] I> pmic: reset reason (nverc)	: 0x80
[2022-03-12 10:38:22] [0000.326] I> Found 19 partitions in SDMMC_BOOT (instance 3)
[2022-03-12 10:38:22] [0000.346] I> Found 33 partitions in SDMMC_USER (instance 3)
[2022-03-12 10:38:22] [0000.352] W> No valid slot number is found in scratch register
[2022-03-12 10:38:22] [0000.357] W> Return default slot: _a
[2022-03-12 10:38:22] [0000.361] I> A/B: bin_type (16) slot 0
[2022-03-12 10:38:22] [0000.364] I> Loading partition bpmp-fw at 0xd7800000
[2022-03-12 10:38:22] [0000.369] I> Reading two headers - addr:0xd7800000 blocks:1
[2022-03-12 10:38:22] [0000.375] I> Addr: 0xd7800000, start-block: 58777608, num_blocks: 1
[2022-03-12 10:38:22] [0000.399] I> Binary(16) of size 534416 is loaded @ 0xd7800000
[2022-03-12 10:38:22] [0000.405] W> No valid slot number is found in scratch register
[2022-03-12 10:38:22] [0000.411] W> Return default slot: _a
[2022-03-12 10:38:22] [0000.414] I> A/B: bin_type (17) slot 0
[2022-03-12 10:38:22] [0000.418] I> Loading partition bpmp-fw-dtb at 0xd79f0000
[2022-03-12 10:38:22] [0000.423] I> Reading two headers - addr:0xd79f0000 blocks:1
[2022-03-12 10:38:22] [0000.428] I> Addr: 0xd79f0000, start-block: 58780024, num_blocks: 1
[2022-03-12 10:38:22] [0000.454] I> Binary(17) of size 604720 is loaded @ 0xd796c400
[2022-03-12 10:38:23] [0000.684] I> Loading SCE-FW ...
[2022-03-12 10:38:23] [0000.687] W> No valid slot number is found in scratch register
[2022-03-12 10:38:23] [0000.693] W> Return default slot: _a
[2022-03-12 10:38:23] [0000.696] I> A/B: bin_type (12) slot 0
[2022-03-12 10:38:23] [0000.700] I> Loading partition sce-fw at 0xd7300000
[2022-03-12 10:38:23] [0000.704] I> Reading two headers - addr:0xd7300000 blocks:1
[2022-03-12 10:38:23] [0000.710] I> Addr: 0xd7300000, start-block: 58784120, num_blocks: 1
[2022-03-12 10:38:23] [0000.729] I> Binary(12) of size 125632 is loaded @ 0xd7300000
[2022-03-12 10:38:23] [0000.735] I> Init SCE
[2022-03-12 10:38:23] [0000.737] I> Loading APE-FW ...
[2022-03-12 10:38:23] [0000.740] W> No valid slot number is found in scratch register
[2022-03-12 10:38:23] [0000.746] W> Return default slot: _a
[2022-03-12 10:38:23] [0000.749] I> A/B: bin_type (11) slot 0
[2022-03-12 10:38:23] [0000.753] I> Loading partition adsp-fw at 0xd7400000
[2022-03-12 10:38:23] [0000.758] I> Reading two headers - addr:0xd7400000 blocks:1
[2022-03-12 10:38:23] [0000.763] I> Addr: 0xd7400000, start-block: 58761224, num_blocks: 1
