[0000.274] I> Welcome to MB2(TBoot-BPMP)(version: 01.00.160913-t186-M-00.00-mobile-c368a720)
[2022-03-14 10:28:53] [0000.282] I> Boot-device: eMMC
[2022-03-14 10:28:53] [0000.290] I> sdmmc bdev is already initialized
[2022-03-14 10:28:53] [0000.294] I> pmic: reset reason (nverc)	: 0x80
[2022-03-14 10:28:53] [0000.327] I> Found 19 partitions in SDMMC_BOOT (instance 3)
[2022-03-14 10:28:53] [0000.347] I> Found 33 partitions in SDMMC_USER (instance 3)
[2022-03-14 10:28:53] [0000.353] W> No valid slot number is found in scratch register
[2022-03-14 10:28:53] [0000.359] W> Return default slot: _a
[2022-03-14 10:28:53] [0000.362] I> A/B: bin_type (16) slot 0
[2022-03-14 10:28:53] [0000.366] I> Loading partition bpmp-fw at 0xd7800000
[2022-03-14 10:28:53] [0000.371] I> Reading two headers - addr:0xd7800000 blocks:1
[2022-03-14 10:28:53] [0000.376] I> Addr: 0xd7800000, start-block: 58777608, num_blocks: 1
[2022-03-14 10:28:53] [0000.401] I> Binary(16) of size 534416 is loaded @ 0xd7800000
[2022-03-14 10:28:53] [0000.407] W> No valid slot number is found in scratch register
[2022-03-14 10:28:53] [0000.413] W> Return default slot: _a
[2022-03-14 10:28:53] [0000.416] I> A/B: bin_type (17) slot 0
[2022-03-14 10:28:53] [0000.420] I> Loading partition bpmp-fw-dtb at 0xd79f0000
[2022-03-14 10:28:53] [0000.425] I> Reading two headers - addr:0xd79f0000 blocks:1
[2022-03-14 10:28:53] [0000.431] I> Addr: 0xd79f0000, start-block: 58780024, num_blocks: 1
[2022-03-14 10:28:53] [0000.456] I> Binary(17) of size 604720 is loaded @ 0xd796c400
[2022-03-14 10:28:53] [0000.686] I> Loading SCE-FW ...
[2022-03-14 10:28:53] [0000.689] W> No valid slot number is found in scratch register
[2022-03-14 10:28:53] [0000.695] W> Return default slot: _a
[2022-03-14 10:28:53] [0000.698] I> A/B: bin_type (12) slot 0
[2022-03-14 10:28:53] [0000.702] I> Loading partition sce-fw at 0xd7300000
[2022-03-14 10:28:53] [0000.707] I> Reading two headers - addr:0xd7300000 blocks:1
[2022-03-14 10:28:53] [0000.712] I> Addr: 0xd7300000, start-block: 58784120, num_blocks: 1
[2022-03-14 10:28:53] [0000.731] I> Binary(12) of size 125632 is loaded @ 0xd7300000
[2022-03-14 10:28:53] [0000.737] I> Init SCE
[2022-03-14 10:28:53] [0000.739] I> Loading APE-FW ...
[2022-03-14 10:28:53] [0000.742] W> No valid slot number is found in scratch register
[2022-03-14 10:28:53] [0000.748] W> Return default slot: _a
[2022-03-14 10:28:53] [0000.751] I> A/B: bin_type (11) slot 0
[2022-03-14 10:28:53] [0000.755] I> Loading partition adsp-fw at 0xd7400000
[2022-03-14 10:28:53] [0000.760] I> Reading two headers - addr:0xd7400000 blocks:1
[2022-03-14 10:28:53] [0000.765] I> Addr: 0xd7400000, start-block: 58761224, num_blocks: 1
[2022-03-14 10:28:53] [0000.784] I> Binary(11) of size 77216 is loaded @ 0xd7400000
[2022-03-14 10:28:53] [0000.790] I> Copy BTCM section
[2022-03-14 10:28:53] [0000.793] W> No valid slot number is found in scratch register
[2022-03-14 10:28:53] [0000.799] W> Return default slot: _a
[2022-03-14 10:28:53] [0000.802] I> A/B: bin_type (13) slot 0
[2022-03-14 10:28:53] [0000.806] I> Loading partition cpu-bootloader at 0x96000000
[2022-03-14 10:28:53] [0000.811] I> Reading two headers - addr:0x96000000 blocks:1
[2022-03-14 10:28:53] [0000.817] I> Addr: 0x96000000, start-block: 58740744, num_blocks: 1
[2022-03-14 10:28:53] [0000.838] I> Binary(13) of size 308800 is loaded @ 0x96000000
[2022-03-14 10:28:53] [0000.844] W> No valid slot number is found in scratch register
[2022-03-14 10:28:53] [0000.849] W> Return default slot: _a
[2022-03-14 10:28:53] [0000.853] I> A/B: bin_type (20) slot 0
[2022-03-14 10:28:53] [0000.856] I> Loading partition bootloader-dtb at 0x85205400
[2022-03-14 10:28:53] [0000.862] I> Reading two headers - addr:0x85205400 blocks:1
[2022-03-14 10:28:53] [0000.867] I> Addr: 0x85205400, start-block: 58742792, num_blocks: 1
[2022-03-14 10:28:53] [0000.889] I> Binary(20) of size 375568 is loaded @ 0x85205400
[2022-03-14 10:28:53] [0000.895] W> No valid slot number is found in scratch register
[2022-03-14 10:28:53] [0000.901] W> Return default slot: _a
[2022-03-14 10:28:53] [0000.904] I> A/B: bin_type (14) slot 0
[2022-03-14 10:28:53] [0000.908] I> Loading partition secure-os at 0x85305600
[2022-03-14 10:28:53] [0000.913] I> Reading two headers - addr:0x85305600 blocks:1
[2022-03-14 10:28:53] [0000.918] I> Addr: 0x85305600, start-block: 58744840, num_blocks: 1
[2022-03-14 10:28:53] [0000.940] I> Binary(14) of size 402864 is loaded @ 0x85305600
[2022-03-14 10:28:53] [0000.948] I> TOS boot-params @ 0x85000000
[2022-03-14 10:28:53] [0000.952] I> TOS params prepared
[2022-03-14 10:28:53] [0000.955] I> Loading EKS ...
[2022-03-14 10:28:53] [0000.957] I> A/B: bin_type (15) slot 0
[2022-03-14 10:28:53] [0000.961] I> Loading partition eks at 0x85905800
[2022-03-14 10:28:53] [0000.966] I> Reading two headers - addr:0x85905800 blocks:1
[2022-03-14 10:28:53] [0000.971] I> Addr: 0x85905800, start-block: 58757128, num_blocks: 1
[2022-03-14 10:28:53] [0000.990] I> Binary(15) of size 1040 is loaded @ 0x85905800
[2022-03-14 10:28:53] [0000.995] I> EKB detected (length: 0x400) @ 0x85905800
[2022-03-14 10:28:53] [0001.000] I> Copied encrypted keys
[2022-03-14 10:28:53] [0001.004] I> boot profiler @ 0x275844000
[2022-03-14 10:28:53] [0001.008] I> boot profiler for TOS @ 0x275844000
[2022-03-14 10:28:53] [0001.013] I> Unhalting SCE
[2022-03-14 10:28:53] [0001.015] I> Primary Memory Start:80000000 Size:70000000
[2022-03-14 10:28:53] [0001.021] I> Extended Memory Start:f0110000 Size:1856f0000
[2022-03-14 10:28:53] [0001.027] I> MB2(TBoot-BPMP) done
[2022-03-14 10:28:53] 
[2022-03-14 10:28:53] NOTICE:  BL31: v1.3(release):b5eeb33f7
[2022-03-14 10:28:53] NOTICE:  BL31: Built : 12:15:17, Jul 26 2021
[2022-03-14 10:28:53] ipc-unittest-main: 1519: Welcome to IPC unittest!!!
[2022-03-14 10:28:53] ipc-unittest-main: 1531: waiting forever
[2022-03-14 10:28:53] ipc-unittest-srv: 329: Init unittest services!!!
[2022-03-14 10:28:53] hwkey-agent: 41: hwkey-agent is running!!
[2022-03-14 10:28:53] hwkey-agent: 315: key_mgnt_processing .......
[2022-03-14 10:28:53] hwkey-agent: 223: Setting EKB key 0 to slot 14
[2022-03-14 10:28:53] hwkey-agent: 178: Init hweky-agent services!!
[2022-03-14 10:28:53] luks-srv: 40: luks-srv is running!!
[2022-03-14 10:28:53] luks-srv: 157: Init luks-srv IPC services!!
[2022-03-14 10:28:53] platform_bootstrap_epilog: trusty bootstrap complete
[2022-03-14 10:28:54] [0001.400] I> Welcome to Cboot
[2022-03-14 10:28:54] [0001.403] I> Cboot Version: t186-00029e71
[2022-03-14 10:28:54] [0001.407] I> CPU-BL Params @ 0x275800000
[2022-03-14 10:28:54] [0001.410] I>  0) Base:0x00000000 Size:0x00000000
[2022-03-14 10:28:54] [0001.415] I>  1) Base:0x277f00000 Size:0x00100000
[2022-03-14 10:28:54] [0001.419] I>  2) Base:0x277e00000 Size:0x00100000
[2022-03-14 10:28:54] [0001.424] I>  3) Base:0x277d00000 Size:0x00100000
[2022-03-14 10:28:54] [0001.428] I>  4) Base:0x277c00000 Size:0x00100000
[2022-03-14 10:28:54] [0001.433] I>  5) Base:0x277b00000 Size:0x00100000
[2022-03-14 10:28:54] [0001.438] I>  6) Base:0x277800000 Size:0x00200000
[2022-03-14 10:28:54] [0001.442] I>  7) Base:0x277400000 Size:0x00400000
[2022-03-14 10:28:54] [0001.447] I>  8) Base:0x277a00000 Size:0x00100000
[2022-03-14 10:28:54] [0001.451] I>  9) Base:0x277300000 Size:0x00100000
[2022-03-14 10:28:54] [0001.456] I> 10) Base:0x276800000 Size:0x00800000
[2022-03-14 10:28:54] [0001.460] I> 11) Base:0x30000000 Size:0x00040000
[2022-03-14 10:28:54] [0001.465] I> 12) Base:0xf0000000 Size:0x00100000
[2022-03-14 10:28:54] [0001.469] I> 13) Base:0x30040000 Size:0x00001000
[2022-03-14 10:28:54] [0001.473] I> 14) Base:0x30048000 Size:0x00001000
[2022-03-14 10:28:54] [0001.478] I> 15) Base:0x30049000 Size:0x00001000
[2022-03-14 10:28:54] [0001.482] I> 16) Base:0x3004a000 Size:0x00001000
[2022-03-14 10:28:54] [0001.487] I> 17) Base:0x3004b000 Size:0x00001000
[2022-03-14 10:28:54] [0001.491] I> 18) Base:0x3004c000 Size:0x00001000
[2022-03-14 10:28:54] [0001.496] I> 19) Base:0x3004d000 Size:0x00001000
[2022-03-14 10:28:54] [0001.500] I> 20) Base:0x3004e000 Size:0x00001000
[2022-03-14 10:28:54] [0001.504] I> 21) Base:0x3004f000 Size:0x00001000
[2022-03-14 10:28:54] [0001.509] I> 22) Base:0x00000000 Size:0x00000000
[2022-03-14 10:28:54] [0001.513] I> 23) Base:0xf0100000 Size:0x00010000
[2022-03-14 10:28:54] [0001.518] I> 24) Base:0x00000000 Size:0x00000000
[2022-03-14 10:28:54] [0001.522] I> 25) Base:0x00000000 Size:0x00000000
[2022-03-14 10:28:54] [0001.527] I> 26) Base:0x00000000 Size:0x00000000
[2022-03-14 10:28:54] [0001.531] I> 27) Base:0x00000000 Size:0x00000000
[2022-03-14 10:28:54] [0001.535] I> 28) Base:0x84400000 Size:0x00400000
[2022-03-14 10:28:54] [0001.540] I> 29) Base:0x30000000 Size:0x00010000
[2022-03-14 10:28:54] [0001.544] I> 30) Base:0x278000000 Size:0x08000000
[2022-03-14 10:28:54] [0001.549] I> 31) Base:0x00000000 Size:0x00000000
[2022-03-14 10:28:54] [0001.553] I> 32) Base:0x276000000 Size:0x00600000
[2022-03-14 10:28:54] [0001.558] I> 33) Base:0x80000000 Size:0x70000000
[2022-03-14 10:28:54] [0001.562] I> 34) Base:0xf0110000 Size:0x1856f0000
[2022-03-14 10:28:54] [0001.567] I> 35) Base:0x00000000 Size:0x00000000
[2022-03-14 10:28:54] [0001.571] I> 36) Base:0x00000000 Size:0x00000000
[2022-03-14 10:28:54] [0001.576] I> 37) Base:0x2772e0000 Size:0x00020000
[2022-03-14 10:28:54] [0001.580] I> 38) Base:0x84000000 Size:0x00400000
[2022-03-14 10:28:54] [0001.585] I> 39) Base:0x96000000 Size:0x02000000
[2022-03-14 10:28:54] [0001.589] I> 40) Base:0x85000000 Size:0x01200000
[2022-03-14 10:28:54] [0001.593] I> 41) Base:0x275800000 Size:0x00500000
[2022-03-14 10:28:54] [0001.598] I> 42) Base:0x00000000 Size:0x00000000
[2022-03-14 10:28:54] [0001.602] I> 43) Base:0x00000000 Size:0x00000000
[2022-03-14 10:28:54] [0001.607] GIC-SPI Target CPU: 4
[2022-03-14 10:28:54] [0001.610] Interrupts Init done
[2022-03-14 10:28:54] [0001.613] calling constructors
[2022-03-14 10:28:54] [0001.616] initializing heap
[2022-03-14 10:28:54] [0001.619] initializing threads
[2022-03-14 10:28:54] [0001.622] initializing timers
[2022-03-14 10:28:54] [0001.625] creating bootstrap completion thread
[2022-03-14 10:28:54] [0001.630] top of bootstrap2()
[2022-03-14 10:28:54] [0001.633] CPU: ARM Cortex A57
[2022-03-14 10:28:54] [0001.636] CPU: MIDR: 0x411FD073, MPIDR: 0x80000100
[2022-03-14 10:28:54] [0001.641] initializing platform
[2022-03-14 10:28:54] [0001.645] I> Bl_dtb @0x85205400
[2022-03-14 10:28:54] [0001.648] I> gpio framework initialized
[2022-03-14 10:28:54] [0001.654] I> tegrabl_gpio_driver_register: register 'nvidia,tegra186-gpio' driver
[2022-03-14 10:28:54] [0001.664] I> tegrabl_gpio_driver_register: register 'nvidia,tegra186-gpio-aon' driver
[2022-03-14 10:28:54] [0001.672] I> GPIO framework and drivers are initialized.
[2022-03-14 10:28:54] [0001.677] I> Boot-device: eMMC
[2022-03-14 10:28:54] [0001.684] I> sdmmc bdev is already initialized
[2022-03-14 10:28:54] [0001.715] I> Found 19 partitions in SDMMC_BOOT (instance 3)
[2022-03-14 10:28:54] [0001.733] I> Found 33 partitions in SDMMC_USER (instance 3)
[2022-03-14 10:28:54] [0001.738] W> opt-in fuse is not set, skip fuse_burning
[2022-03-14 10:28:54] [0001.743] I> Reserved memory at 0xfbe00000 for U-Boot relocation
[2022-03-14 10:28:54] [0001.749] W> No valid slot number is found in scratch register
[2022-03-14 10:28:54] [0001.755] W> Return default slot: _a
[2022-03-14 10:28:54] [0001.764] I> A/B: bin_type (21) slot 0
[2022-03-14 10:28:54] [0001.768] I> Loading kernel-dtb from partition
[2022-03-14 10:28:54] [0001.772] I> Loading partition kernel-dtb at 0x80000000 from device(0x1)
[2022-03-14 10:28:54] [0001.789] I> Kernel_dtb @0x80000000
[2022-03-14 10:28:54] [0001.793] I> tegrabl_tca9539_init: i2c bus: 0, slave addr: 0xee
[2022-03-14 10:28:54] [0001.803] I> tegrabl_gpio_driver_register: register 'tca9539_gpio_driver' driver
[2022-03-14 10:28:54] [0001.810] I> tegrabl_tca9539_init: i2c bus: 0, slave addr: 0xe8
[2022-03-14 10:28:54] [0001.819] I> tegrabl_gpio_driver_register: register 'tca9539_gpio_driver' driver
[2022-03-14 10:28:54] [0001.829] I> fixed regulator driver initialized
[2022-03-14 10:28:54] [0001.863] I> register 'maxim' power off handle
[2022-03-14 10:28:54] [0001.869] I> virtual i2c enabled
[2022-03-14 10:28:54] [0001.872] I> registered 'maxim,max77620' pmic
[2022-03-14 10:28:54] [0001.876] I> tegrabl_gpio_driver_register: register 'max77620-gpio' driver
[2022-03-14 10:28:54] [0001.890] E> failed to read label property for node 324936: 13
[2022-03-14 10:28:54] [0001.899] E> failed to read reg property for node 325032: 13
[2022-03-14 10:28:54] [0001.907] E> failed to read reg property for node 325084: 13
[2022-03-14 10:28:54] [0001.915] E> failed to read label property for node 325168: 13
[2022-03-14 10:28:54] [0001.924] E> failed to read label property for node 325236: 13
[2022-03-14 10:28:54] [0001.932] E> failed to read reg property for node 325304: 13
[2022-03-14 10:28:54] [0001.940] E> failed to read reg property for node 325376: 13
[2022-03-14 10:28:54] [0001.950] I> Find /i2c@c250000's alias i2c7
[2022-03-14 10:28:54] [0001.954] I> Reading eeprom i2c=7 address=0x50
[2022-03-14 10:28:54] [0001.984] I> Device at /i2c@c250000:0x50
[2022-03-14 10:28:54] [0001.988] I> Reading eeprom i2c=7 address=0x57
[2022-03-14 10:28:54] [0002.016] I> Device at /i2c@c250000:0x57
[2022-03-14 10:28:54] [0002.021] I> Find /i2c@c240000's alias i2c1
[2022-03-14 10:28:54] [0002.025] I> Reading eeprom i2c=1 address=0x51
[2022-03-14 10:28:54] [0002.030] E> I2C: slave not found in slaves.
[2022-03-14 10:28:54] [0002.034] E> I2C: Could not write 0 bytes to slave: 0x00a2 with repeat start true.
[2022-03-14 10:28:54] [0002.042] E> I2C_DEV: Failed to send register address 0x00000000.
[2022-03-14 10:28:54] [0002.047] E> I2C_DEV: Could not read 256 registers of size 1 from slave 0xa2 at 0x00000000 via instance 1.
[2022-03-14 10:28:54] [0002.057] E> eeprom: Retry to read I2C slave device.
[2022-03-14 10:28:54] [0002.062] E> I2C: slave not found in slaves.
[2022-03-14 10:28:54] [0002.066] E> I2C: Could not write 0 bytes to slave: 0x00a2 with repeat start true.
[2022-03-14 10:28:54] [0002.074] E> I2C_DEV: Failed to send register address 0x00000000.
[2022-03-14 10:28:54] [0002.080] E> I2C_DEV: Could not read 256 registers of size 1 from slave 0xa2 at 0x00000000 via instance 1.
[2022-03-14 10:28:54] [0002.089] E> eeprom: Failed to read I2C slave device
[2022-03-14 10:28:55] [0002.094] I> Eeprom read failed 0x3526070d
[2022-03-14 10:28:55] [0002.098] I> Find /i2c@3160000's alias i2c0
[2022-03-14 10:28:55] [0002.102] I> Reading eeprom i2c=0 address=0x50
[2022-03-14 10:28:55] [0002.107] E> I2C: slave not found in slaves.
[2022-03-14 10:28:55] [0002.111] E> I2C: Could not write 0 bytes to slave: 0x00a0 with repeat start true.
[2022-03-14 10:28:55] [0002.119] E> I2C_DEV: Failed to send register address 0x00000000.
[2022-03-14 10:28:55] [0002.124] E> I2C_DEV: Could not read 256 registers of size 1 from slave 0xa0 at 0x00000000 via instance 0.
[2022-03-14 10:28:55] [0002.134] E> eeprom: Failed to read I2C slave device
[2022-03-14 10:28:55] [0002.139] I> Eeprom read failed 0x3526070d
[2022-03-14 10:28:55] [0002.143] I> Find /i2c@3180000's alias i2c2
[2022-03-14 10:28:55] [0002.147] I> Reading eeprom i2c=2 address=0x54
[2022-03-14 10:28:55] [0002.152] I> Enabling gpio chip_id = 2, gpio pin = 9
[2022-03-14 10:28:55] [0002.182] I> Disabling gpio chip_id = 2, gpio pin = 9
[2022-03-14 10:28:55] [0002.187] I> Device at /i2c@3180000:0x54
[2022-03-14 10:28:55] [0002.191] I> Reading eeprom i2c=2 address=0x57
[2022-03-14 10:28:55] [0002.195] I> Enabling gpio chip_id = 2, gpio pin = 9
[2022-03-14 10:28:55] [0002.201] E> I2C: slave not found in slaves.
[2022-03-14 10:28:55] [0002.205] E> I2C: Could not write 0 bytes to slave: 0x00ae with repeat start true.
[2022-03-14 10:28:55] [0002.213] E> I2C_DEV: Failed to send register address 0x00000000.
[2022-03-14 10:28:55] [0002.219] E> I2C_DEV: Could not read 256 registers of size 1 from slave 0xae at 0x00000000 via instance 2.
[2022-03-14 10:28:55] [0002.228] E> eeprom: Failed to read I2C slave device
[2022-03-14 10:28:55] [0002.233] I> Disabling gpio chip_id = 2, gpio pin = 9
[2022-03-14 10:28:55] [0002.238] I> Eeprom read failed 0x00000000
[2022-03-14 10:28:55] [0002.242] I> create_pm_ids: id: 3310-1000-D00-L, len: 15
[2022-03-14 10:28:55] [0002.247] I> config: mem-type:00,power-config:00,misc-config:00,modem-config:00,touch-config:00,display-config:00,, len: 93
[2022-03-14 10:28:55] [0002.258] I> create_pm_ids: id: 2597-0000-900-E, len: 15
[2022-03-14 10:28:55] [0002.263] I> config: mem-type:00,power-config:00,misc-config:00,modem-config:00,touch-config:00,display-config:00,, len: 93
[2022-03-14 10:28:55] [0002.274] I> create_pm_ids: id: 3326-1000-000-M, len: 15
[2022-03-14 10:28:55] [0002.279] I> config: mem-type:ff,power-config:ff,misc-config:ff,modem-config:ff,touch-config:ff,display-config:ff,, len: 93
[2022-03-14 10:28:55] [0002.315] I> enabling 'vdd-hdmi' regulator
[2022-03-14 10:28:55] [0002.330] I> regulator 'vdd-hdmi' already enabled
[2022-03-14 10:28:55] [0002.335] E> tegrabl_display_init_regulator: hdmi cable is not connected
[2022-03-14 10:28:55] [0002.341] E> tegrabl_display_get_pdata, failed to parse dtb settings
[2022-03-14 10:28:55] [0002.350] E> cannot find any other nvdisp nodes
[2022-03-14 10:28:55] [0002.354] E> no valid display unit config found in dtb
[2022-03-14 10:28:55] [0002.360] W> display init failed
[2022-03-14 10:28:55] [0002.363] initializing target
[2022-03-14 10:28:55] [0002.366] calling apps_init()
[2022-03-14 10:28:55] [0002.369] starting app kernel_boot_app
[2022-03-14 10:28:55] [0002.392] I> found decompressor handler: lz4-legacy
[2022-03-14 10:28:55] [0002.396] I> decompressing BMP blob ...
[2022-03-14 10:28:55] [0002.409] I> Kernel type = Normal
[2022-03-14 10:28:55] [0002.412] I> ########## Fixed storage boot ##########
[2022-03-14 10:28:55] [0002.417] I> Loading kernel-bootctrl from partition
[2022-03-14 10:28:55] [0002.421] I> Loading partition kernel-bootctrl at 0xa8000000 from device(0x1)
[2022-03-14 10:28:55] [0002.436] W> tegrabl_get_kernel_bootctrl: magic number(0x00000000) is invalid
[2022-03-14 10:28:55] [0002.443] W> tegrabl_get_kernel_bootctrl: use default dummy boot control data
[2022-03-14 10:28:55] [0002.450] W> No valid slot number is found in scratch register
[2022-03-14 10:28:55] [0002.455] W> Return default slot: _a
[2022-03-14 10:28:55] [0002.459] I> A/B: bin_type (24) slot 0
[2022-03-14 10:28:55] [0002.474] I> Boot image size read from image header: 9913d
[2022-03-14 10:28:55] [0002.480] I> Boot image load address: 0x80400000
[2022-03-14 10:28:55] [0002.484] I> Loading kernel from partition
[2022-03-14 10:28:55] [0002.488] I> Loading partition kernel at 0x80400000 from device(0x1)
[2022-03-14 10:28:56] [0003.430] I> Validate kernel ...
[2022-03-14 10:28:56] [0003.433] I> T18x: Authenticate kernel (bin_type 24), max size 0x4000000
[2022-03-14 10:28:56] [0003.441] I> Decrypt the buffer ... [0003.444] W> tegrabl_decrypt_block: fuse (0x0) is not burnt to do encryption (0x4); skip decryption.
[2022-03-14 10:28:56] [0003.453] I> done
[2022-03-14 10:28:56] [0003.455] I> Checking boot.img header magic ... [0003.459] I> [OK]
[2022-03-14 10:28:56] [0003.461] I> kernel-dtb is already loaded
[2022-03-14 10:28:56] [0003.465] I> Validate kernel-dtb ...
[2022-03-14 10:28:56] [0003.468] I> T18x: Authenticate kernel-dtb (bin_type 21), max size 0x100000
[2022-03-14 10:28:56] [0003.476] I> Decrypt the buffer ... [0003.479] W> tegrabl_decrypt_block: fuse (0x0) is not burnt to do encryption (0x4); skip decryption.
[2022-03-14 10:28:56] [0003.488] I> done
[2022-03-14 10:28:56] [0003.490] I> Kernel hdr @0x80400000
[2022-03-14 10:28:56] [0003.493] I> Kernel dtb @0x80000000
[2022-03-14 10:28:56] [0003.496] I> decompressor handler not found
[2022-03-14 10:28:56] [0003.500] I> Copying kernel image (627005 bytes) from 0x80400800 to 0x80600000 ... [0003.508] I> Done
[2022-03-14 10:28:56] [0003.510] I> Move ramdisk (len: 0) from 0x8049a000 to 0x947d0000
[2022-03-14 10:28:56] [0003.517] I> Updated bpmp info to DTB
[2022-03-14 10:28:56] [0003.523] I> Ramdisk: Base: 0x947d0000; Size: 0x0
[2022-03-14 10:28:56] [0003.528] I> Updated initrd info to DTB
[2022-03-14 10:28:56] [0003.531] W> WARN: Fail to override "console=none" in commandline
[2022-03-14 10:28:56] [0003.537] I> Active rootfs suffix: 
[2022-03-14 10:28:56] [0003.541] E> tegrabl_linuxboot_add_disp_param, du 0 failed to get display params
[2022-03-14 10:28:56] [0003.548] E> tegrabl_linuxboot_add_disp_param, du 0 failed to get display params
[2022-03-14 10:28:56] [0003.555] E> tegrabl_linuxboot_add_disp_param, du 0 failed to get display params
[2022-03-14 10:28:56] [0003.562] I> disabled_core_mask: 0xffffff0c
[2022-03-14 10:28:56] [0003.566] W> No valid slot number is found in scratch register
[2022-03-14 10:28:56] [0003.572] W> Return default slot: _a
[2022-03-14 10:28:56] [0003.575] I> Active slot suffix: 
[2022-03-14 10:28:56] [0003.578] I> add_boot_slot_suffix: slot_suffix = 
[2022-03-14 10:28:56] [0003.583] I> Linux Cmdline: console=ttyS0,115200 androidboot.presilicon=true firmware_class.path=/etc/firmware root=/dev/mmcblk0p1 rw rootwait rootfstype=ext4 console=ttyS0,115200n8 console=tty0 fbcon=map:0 net.ifnames=0 isolcpus=1-2  video=tegrafb earlycon=uart8250,mmio32,0x3100000 nvdumper_reserved=0x2772e0000 gpt rootfs.slot_suffix= usbcore.old_scheme_first=1 tegraid=18.1.2.0.0 maxcpus=6 no_console_suspend boot.slot_suffix= boot.ratchetvalues=0.2031647.1 vpr_resize bl_prof_dataptr=0x10000@0x275840000 sdhci_tegra.en_boot_part_access=1 
[2022-03-14 10:28:56] [0003.630] I> Updated bootarg info to DTB
[2022-03-14 10:28:56] [0003.634] I> eeprom_get_mac_addr: MAC (type: 0): 48:b0:2d:0f:11:c5
[2022-03-14 10:28:56] [0003.640] I> eeprom_get_mac_addr: MAC (type: 1): 48:b0:2d:0f:11:c6
[2022-03-14 10:28:56] [0003.647] I> eeprom_get_mac_addr: MAC (type: 2): 48:b0:2d:0f:11:c7
[2022-03-14 10:28:56] [0003.653] E> Found no plugin manager ids in source DT
[2022-03-14 10:28:56] [0003.658] W> Add plugin manager ids from board info
[2022-03-14 10:28:56] [0003.662] W> "plugin-manager" doesn't exist, creating
[2022-03-14 10:28:56] [0003.667] W> "ids" doesn't exist, creating
[2022-03-14 10:28:56] [0003.671] W> "connection" doesn't exist, creating
[2022-03-14 10:28:56] [0003.676] W> "configs" doesn't exist, creating
[2022-03-14 10:28:56] [0003.680] I> create_pm_ids: id: 3310-1000-D00-L, len: 15
[2022-03-14 10:28:56] [0003.685] I> config: mem-type:00,power-config:00,misc-config:00,modem-config:00,touch-config:00,display-config:00,, len: 93
[2022-03-14 10:28:56] [0003.696] I> create_pm_ids: id: 2597-0000-900-E, len: 15
[2022-03-14 10:28:56] [0003.701] I> config: mem-type:00,power-config:00,misc-config:00,modem-config:00,touch-config:00,display-config:00,, len: 93
[2022-03-14 10:28:56] [0003.712] I> create_pm_ids: id: 3326-1000-000-M, len: 15
[2022-03-14 10:28:56] [0003.718] I> config: mem-type:ff,power-config:ff,misc-config:ff,modem-config:ff,touch-config:ff,display-config:ff,, len: 93
[2022-03-14 10:28:56] [0003.728] I> Adding plugin-manager/ids/3310-1000-D00=/i2c@c250000:module@0x50
[2022-03-14 10:28:56] [0003.736] W> "i2c@c250000" doesn't exist, creating
[2022-03-14 10:28:56] [0003.740] W> "module@0x50" doesn't exist, creating
[2022-03-14 10:28:56] [0003.745] I> Adding plugin-manager/ids/2597-0000-900=/i2c@c250000:module@0x57
[2022-03-14 10:28:56] [0003.753] W> "module@0x57" doesn't exist, creating
[2022-03-14 10:28:56] [0003.758] I> Adding plugin-manager/ids/3326-1000-000=/i2c@3180000:module@0x54
[2022-03-14 10:28:56] [0003.765] W> "i2c@3180000" doesn't exist, creating
[2022-03-14 10:28:56] [0003.769] W> "module@0x54" doesn't exist, creating
[2022-03-14 10:28:56] [0003.776] I> Adding plugin-manager/ids/3310-1000-D00-L
[2022-03-14 10:28:56] [0003.783] I> Adding plugin-manager/configs/3310-mem-type 00
[2022-03-14 10:28:56] [0003.789] I> Adding plugin-manager/configs/3310-power-config 00
[2022-03-14 10:28:56] [0003.795] I> Adding plugin-manager/configs/3310-misc-config 00
[2022-03-14 10:28:56] [0003.801] I> Adding plugin-manager/configs/3310-modem-config 00
[2022-03-14 10:28:56] [0003.807] I> Adding plugin-manager/configs/3310-touch-config 00
[2022-03-14 10:28:56] [0003.813] I> Adding plugin-manager/configs/3310-display-config 00
[2022-03-14 10:28:56] [0003.819] I> Adding plugin-manager/cvm
[2022-03-14 10:28:56] [0003.823] W> "chip-id" doesn't exist, creating
[2022-03-14 10:28:56] [0003.827] I> Adding plugin-manager/chip-id/A02P
[2022-03-14 10:28:56] [0003.832] W> "odm-data" doesn't exist, creating
[2022-03-14 10:28:56] [0003.836] I> Adding /chosen/plugin-manager/odm-data
[2022-03-14 10:28:56] [0003.846] I> added [base:0x80000000, size:0x70000000] to /memory
[2022-03-14 10:28:56] [0003.852] I> added [base:0xf0200000, size:0x185600000] to /memory
[2022-03-14 10:28:56] [0003.858] I> added [base:0x275e00000, size:0x200000] to /memory
[2022-03-14 10:28:56] [0003.864] I> added [base:0x276600000, size:0x200000] to /memory
[2022-03-14 10:28:56] [0003.869] I> added [base:0x277000000, size:0x200000] to /memory
[2022-03-14 10:28:56] [0003.875] I> Updated memory info to DTB
[2022-03-14 10:28:56] [0003.880] E> add_disp_param: failed to get display params for du=0
[2022-03-14 10:28:56] [0003.888] W> "reset" doesn't exist, creating
[2022-03-14 10:28:56] [0003.892] W> "pmc-reset-reason" doesn't exist, creating
[2022-03-14 10:28:56] [0003.897] W> "pmic-reset-reason" doesn't exist, creating
[2022-03-14 10:28:56] [0003.904] I> Adding ecid(00000001646db7851000000013038200) to DT
[2022-03-14 10:28:56] [0003.909] I> disabled_core_mask: 0xffffff0c
[2022-03-14 10:28:56] [0003.922] I> Add serial number:1422420022173 as DT property
[2022-03-14 10:28:56] [0003.931] I> Plugin-manager override starting
[2022-03-14 10:28:56] [0003.937] I> node /plugin-manager/fragement@0 matches
[2022-03-14 10:28:56] [0003.947] I> node /plugin-manager/fragement@4 matches
[2022-03-14 10:28:56] [0003.960] I> node /plugin-manager/fragment-sdwake-p3310-1000-300 matches
[2022-03-14 10:28:56] [0003.980] I> node /plugin-manager/fragement-pmon-p3310-1000-300 matches
[2022-03-14 10:28:56] [0003.990] I> node /plugin-manager/fragement-pmon-p3310-1000-800 matches
[2022-03-14 10:28:56] [0003.999] I> node /plugin-manager/fragment-devslp@0 matches
[2022-03-14 10:28:56] [0004.011] I> node /plugin-manager/fragment-500-pcie-config matches
[2022-03-14 10:28:56] [0004.026] I> node /plugin-manager/fragment-500-xusb-config matches
[2022-03-14 10:28:56] [0004.049] I> node /plugin-manager/fragment-p3310-c00-comm matches
[2022-03-14 10:28:56] [0004.063] I> node /plugin-manager/fragment-p3310-c00-pmic matches
[2022-03-14 10:28:56] [0004.073] I> node /plugin-manager/fragment-p3310-c01 matches
[2022-03-14 10:28:56] [0004.086] I> node /plugin-manager/fragment-p3310-c03 matches
[2022-03-14 10:28:57] [0004.129] I> node /plugin-manager/fragment-e3326@0 matches
[2022-03-14 10:28:57] [0004.211] I> node /plugin-manager/fragment-p3310-c00-camera matches
[2022-03-14 10:28:57] [0004.238] I> Disable plugin-manager status in FDT
[2022-03-14 10:28:57] [0004.243] I> Plugin-manager override finished successfully
[2022-03-14 10:28:57] [0004.248] I> tegrabl_load_kernel_and_dtb: Done
[2022-03-14 10:28:57] [0004.252] E> tegrabl_display_clear: display is not initialized
[2022-03-14 10:28:57] [0004.258] W> Boot logo display failed...
[2022-03-14 10:28:57] [0004.262] I> Kernel EP: 0x80600000, DTB: 0x80000000
[2022-03-14 10:28:57] 
[2022-03-14 10:28:57] 
[2022-03-14 10:28:57] U-Boot 2020.04-g46e4604c78 (Jul 26 2021 - 12:10:58 -0700)
[2022-03-14 10:28:57] 
[2022-03-14 10:28:57] SoC: tegra186
[2022-03-14 10:28:57] Model: NVIDIA P2771-0000-500
[2022-03-14 10:28:57] Board: NVIDIA P2771-0000
[2022-03-14 10:28:57] DRAM:  7.8 GiB
[2022-03-14 10:28:57] MMC:   sdhci@3400000: 1, sdhci@3460000: 0
[2022-03-14 10:28:57] Loading Environment from MMC... *** Warning - bad CRC, using default environment
[2022-03-14 10:28:57] 
[2022-03-14 10:28:57] In:    serial
[2022-03-14 10:28:57] Out:   serial
[2022-03-14 10:28:57] Err:   serial
[2022-03-14 10:28:57] Net:   
[2022-03-14 10:28:57] Warning: ethernet@2490000 using MAC address from ROM
[2022-03-14 10:28:57] eth0: ethernet@2490000
[2022-03-14 10:28:57] Hit any key to stop autoboot:  2  1  0 
[2022-03-14 10:28:59] MMC: no card present
[2022-03-14 10:28:59] switch to partitions #0, OK
[2022-03-14 10:28:59] mmc0(part 0) is current device
[2022-03-14 10:28:59] Scanning mmc 0:1...
[2022-03-14 10:28:59] Found /boot/extlinux/extlinux.conf
[2022-03-14 10:28:59] Retrieving file: /boot/extlinux/extlinux.conf
[2022-03-14 10:28:59] 858 bytes read in 22 ms (38.1 KiB/s)
[2022-03-14 10:28:59] 1:	primary kernel
[2022-03-14 10:28:59] Retrieving file: /boot/initrd
[2022-03-14 10:29:00] 7238344 bytes read in 201 ms (34.3 MiB/s)
[2022-03-14 10:29:00] Retrieving file: /boot/Image
[2022-03-14 10:29:01] 34484232 bytes read in 829 ms (39.7 MiB/s)
[2022-03-14 10:29:01] append: console=ttyS0,115200 androidboot.presilicon=true firmware_class.path=/etc/firmware root=/dev/mmcblk0p1 rw rootwait rootfstype=ext4 console=ttyS0,115200n8 console=tty0 fbcon=map:0 net.ifnames=0 isolcpus=1-2  video=tegrafb earlycon=uart8250,mmio32,0x3100000 nvdumper_reserved=0x2772e0000 gpt rootfs.slot_suffix= usbcore.old_scheme_first=1 tegraid=18.1.2.0.0 maxcpus=6 no_console_suspend boot.slot_suffix= boot.ratchetvalues=0.2031647.1 vpr_resize bl_prof_dataptr=0x10000@0x275840000 sdhci_tegra.en_boot_part_access=1 quiet root=/dev/mmcblk0p1 rw rootwait rootfstype=ext4 console=ttyS0,115200n8 console=tty0 fbcon=map:0 net.ifnames=0 isolcpus=1-2 
[2022-03-14 10:29:01] ## Flattened Device Tree blob at 80000000
[2022-03-14 10:29:01]    Booting using the fdt blob at 0x80000000
[2022-03-14 10:29:01] ERROR: reserving fdt memory region failed (addr=0 size=0)
[2022-03-14 10:29:01] ERROR: reserving fdt memory region failed (addr=0 size=0)
[2022-03-14 10:29:01] ERROR: reserving fdt memory region failed (addr=0 size=0)
[2022-03-14 10:29:01]    Using Device Tree in place at 0000000080000000, end 0000000080060aa3
[2022-03-14 10:29:01] copying carveout for /host1x@13e00000/display-hub@15200000/display@15200000...
[2022-03-14 10:29:01] copying carveout for /host1x@13e00000/display-hub@15200000/display@15210000...
[2022-03-14 10:29:01] copying carveout for /host1x@13e00000/display-hub@15200000/display@15220000...
[2022-03-14 10:29:01] 
[2022-03-14 10:29:01] Starting kernel ...
[2022-03-14 10:29:01] 
[2022-03-14 10:29:01] [    0.000000] Booting Linux on physical CPU 0x100
[2022-03-14 10:29:01] [    0.000000] Linux version 4.9.253-tegra (buildbrain@mobile-u64-5497-d3000) (gcc version 7.3.1 20180425 [linaro-7.3-2018.05 revision d29120a424ecfbc167ef90065c0eeb7f91977701] (Linaro GCC 7.3-2018.05) ) #1 SMP PREEMPT Mon Jul 26 12:19:28 PDT 2021
[2022-03-14 10:29:01] [    0.000000] Boot CPU: AArch64 Processor [411fd073]
[2022-03-14 10:29:01] [    0.000000] OF: fdt:memory scan node memory@80000000, reg size 80,
[2022-03-14 10:29:01] [    0.000000] OF: fdt: - 80000000 ,  70000000
[2022-03-14 10:29:01] [    0.000000] OF: fdt: - f0200000 ,  185600000
[2022-03-14 10:29:01] [    0.000000] OF: fdt: - 275e00000 ,  200000
[2022-03-14 10:29:01] [    0.000000] OF: fdt: - 276600000 ,  200000
[2022-03-14 10:29:01] [    0.000000] OF: fdt: - 277000000 ,  200000
[2022-03-14 10:29:01] [    0.000000] earlycon: uart8250 at MMIO32 0x0000000003100000 (options '')
[2022-03-14 10:29:01] [    0.000000] bootconsole [uart8250] enabled
[2022-03-14 10:29:03] [    1.781916] cgroup: cgroup2: unknown option "nsdelegate"
[2022-03-14 10:29:04] [    2.845344] using random self ethernet address
[2022-03-14 10:29:04] [    2.857704] using random host ethernet address
[2022-03-14 10:29:04] [    2.992461] FAT-fs (loop0): Volume was not properly unmounted. Some data may be corrupt. Please run fsck.
[2022-03-14 10:29:05] [    3.447231] random: crng init done
[2022-03-14 10:29:05] [    3.450639] random: 7 urandom warning(s) missed due to ratelimiting
[2022-03-14 10:29:05] [    3.526188] using random self ethernet address
[2022-03-14 10:29:05] [    3.531033] using random host ethernet address
[2022-03-14 10:29:05] [    3.821748] CPU1: shutdown
[2022-03-14 10:29:05] [    3.915714] CPU2: shutdown
[2022-03-14 10:29:06] [    4.778257] Bridge firewalling registered
[2022-03-14 10:29:09] 
[2022-03-14 10:29:09] Ubuntu 18.04.5 LTS JTX2-A ttyS0
[2022-03-14 10:29:09] 
[2022-03-14 10:29:09] JTX2-A login: [  217.714306] CPU3: SError detected, daif=1c0, spsr=0x800000c5, mpidr=80000101, esr=bf40c000
[2022-03-14 10:32:39] [  217.714309] CPU5: SError detected, daif=1c0, spsr=0x80000000, mpidr=80000103, esr=bf40c000
[2022-03-14 10:32:39] [  217.714312] CPU0: SError detected, daif=1c0, spsr=0x800000c5, mpidr=80000100, esr=bf40c000
[2022-03-14 10:32:39] [  217.714314] CPU4: SError detected, daif=1c0, spsr=0x80000000, mpidr=80000102, esr=bf40c000
[2022-03-14 10:32:39] [  217.714315] **************************************
[2022-03-14 10:32:39] [  217.714319] A57 CPU Memory Error on CPU 5 (A57 Core 3)
[2022-03-14 10:32:39] [  217.714320] 	ESR:               0xbf40c000
[2022-03-14 10:32:39] [  217.714323] 	L2MERRSR: 0x70091305a20
[2022-03-14 10:32:39] [  217.714325] 	L2 Data RAM: 0x11
[2022-03-14 10:32:39] [  217.714326] 	CPU ID of Error:    6
[2022-03-14 10:32:39] [  217.714327] 	WAY of Error:       0
[2022-03-14 10:32:39] [  217.714328] 	Index of Error:     23072
[2022-03-14 10:32:39] [  217.714329] 	Repeat Error Count: 0
[2022-03-14 10:32:39] [  217.714330] 	Other Error Count:  7
[2022-03-14 10:32:39] [  217.714331] **************************************
[2022-03-14 10:32:39] [  217.717111] ROC:CCE Machine Check Error:
[2022-03-14 10:32:39] [  217.717115] 	Address Type = Non-Secure DRAM
[2022-03-14 10:32:39] [  217.717140] 	Address = 0x22f365008 -- System RAM + 0x13f165008
[2022-03-14 10:32:39] [  217.717339] Bad mode in Error handler detected on CPU5, code 0xbf40c000 -- SError
[2022-03-14 10:32:39] [  217.717341] Kernel panic - not syncing: bad mode
[2022-03-14 10:32:39] [  217.717345] CPU: 5 PID: 8942 Comm: mmult_redundant Not tainted 4.9.253-tegra #1
[2022-03-14 10:32:39] [  217.717346] Hardware name: quill (DT)
[2022-03-14 10:32:39] [  217.717348] Call trace:
[2022-03-14 10:32:39] [  217.717355] [<ffffff800808ba40>] dump_backtrace+0x0/0x198
[2022-03-14 10:32:39] [  217.717359] [<ffffff800808c004>] show_stack+0x24/0x30
[2022-03-14 10:32:39] [  217.717363] [<ffffff8008f6121c>] dump_stack+0xa0/0xc4
[2022-03-14 10:32:39] [  217.717367] [<ffffff8008f5e2c0>] panic+0x12c/0x2a8
[2022-03-14 10:32:39] [  217.717369] [<ffffff800808c894>] bad_mode+0x7c/0x80
[2022-03-14 10:32:39] [  217.717371] [<ffffff800808ca5c>] handle_serr+0x124/0x128
[2022-03-14 10:32:39] [  217.717373] [<ffffff8008082f20>] el0_serr+0xf4/0xfc
[2022-03-14 10:32:39] [  217.717377] SMP: stopping secondary CPUs
[2022-03-14 10:32:39] [  217.868706] Kernel Offset: disabled
[2022-03-14 10:32:39] [  217.872186] Memory Limit: none
[2022-03-14 10:32:39] [  217.875233] trusty-log panic notifier - trusty version Built: 12:20:14 Jul 26 2021 [  217.887577] Rebooting in 5 seconds..
[2022-03-14 10:32:44] [0000.163] I> Welcome to MB2(TBoot-BPMP)(version: 01.00.160913-t186-M-00.00-mobile-c368a720)
[2022-03-14 10:32:44] [0000.171] I> Boot-device: eMMC
[2022-03-14 10:32:44] [0000.178] I> sdmmc bdev is already initialized
[2022-03-14 10:32:44] [0000.183] I> pmic: reset reason (nverc)	: 0x0
[2022-03-14 10:32:44] [0000.216] I> Found 19 partitions in SDMMC_BOOT (instance 3)
[2022-03-14 10:32:44] [0000.236] I> Found 33 partitions in SDMMC_USER (instance 3)
[2022-03-14 10:32:44] [0000.242] W> No valid slot number is found in scratch register
[2022-03-14 10:32:44] [0000.248] W> Return default slot: _a
[2022-03-14 10:32:44] [0000.251] I> A/B: bin_type (16) slot 0
[2022-03-14 10:32:44] [0000.255] I> Loading partition bpmp-fw at 0xd7800000
[2022-03-14 10:32:44] [0000.259] I> Reading two headers - addr:0xd7800000 blocks:1
[2022-03-14 10:32:44] [0000.265] I> Addr: 0xd7800000, start-block: 58777608, num_blocks: 1
[2022-03-14 10:32:44] [0000.290] I> Binary(16) of size 534416 is loaded @ 0xd7800000
[2022-03-14 10:32:44] [0000.295] W> No valid slot number is found in scratch register
[2022-03-14 10:32:44] [0000.301] W> Return default slot: _a
[2022-03-14 10:32:44] [0000.305] I> A/B: bin_type (17) slot 0
[2022-03-14 10:32:44] [0000.308] I> Loading partition bpmp-fw-dtb at 0xd79f0000
[2022-03-14 10:32:44] [0000.313] I> Reading two headers - addr:0xd79f0000 blocks:1
[2022-03-14 10:32:44] [0000.319] I> Addr: 0xd79f0000, start-block: 58780024, num_blocks: 1
[2022-03-14 10:32:44] [0000.345] I> Binary(17) of size 604720 is loaded @ 0xd796c400
[2022-03-14 10:32:45] [0000.573] I> Loading SCE-FW ...
[2022-03-14 10:32:45] [0000.576] W> No valid slot number is found in scratch register
[2022-03-14 10:32:45] [0000.582] W> Return default slot: _a
[2022-03-14 10:32:45] [0000.585] I> A/B: bin_type (12) slot 0
[2022-03-14 10:32:45] [0000.589] I> Loading partition sce-fw at 0xd7300000
[2022-03-14 10:32:45] [0000.593] I> Reading two headers - addr:0xd7300000 blocks:1
[2022-03-14 10:32:45] [0000.599] I> Addr: 0xd7300000, start-block: 58784120, num_blocks: 1
[2022-03-14 10:32:45] [0000.618] I> Binary(12) of size 125632 is loaded @ 0xd7300000
[2022-03-14 10:32:45] [0000.624] I> Init SCE
[2022-03-14 10:32:45] [0000.626] I> Loading APE-FW ...
[2022-03-14 10:32:45] [0000.629] W> No valid slot number is found in scratch register
[2022-03-14 10:32:45] [0000.635] W> Return default slot: _a
[2022-03-14 10:32:45] [0000.638] I> A/B: bin_type (11) slot 0
[2022-03-14 10:32:45] [0000.642] I> Loading partition adsp-fw at 0xd7400000
[2022-03-14 10:32:45] [0000.647] I> Reading two headers - addr:0xd7400000 blocks:1
[2022-03-14 10:32:45] [0000.652] I> Addr: 0xd7400000, start-block: 58761224, num_blocks: 1
[2022-03-14 10:32:45] [0000.671] I> Binary(11) of size 77216 is loaded @ 0xd7400000
[2022-03-14 10:32:45] [0000.677] I> Copy BTCM section
[2022-03-14 10:32:45] [0000.680] W> No valid slot number is found in scratch register
[2022-03-14 10:32:45] [0000.685] W> Return default slot: _a
[2022-03-14 10:32:45] [0000.689] I> A/B: bin_type (13) slot 0
[2022-03-14 10:32:45] [0000.692] I> Loading partition cpu-bootloader at 0x96000000
[2022-03-14 10:32:45] [0000.698] I> Reading two headers - addr:0x96000000 blocks:1
[2022-03-14 10:32:45] [0000.703] I> Addr: 0x96000000, start-block: 58740744, num_blocks: 1
[2022-03-14 10:32:45] [0000.725] I> Binary(13) of size 308800 is loaded @ 0x96000000
[2022-03-14 10:32:45] [0000.730] W> No valid slot number is found in scratch register
[2022-03-14 10:32:45] [0000.736] W> Return default slot: _a
[2022-03-14 10:32:45] [0000.739] I> A/B: bin_type (20) slot 0
[2022-03-14 10:32:45] [0000.743] I> Loading partition bootloader-dtb at 0x85205400
[2022-03-14 10:32:45] [0000.748] I> Reading two headers - addr:0x85205400 blocks:1
[2022-03-14 10:32:45] [0000.754] I> Addr: 0x85205400, start-block: 58742792, num_blocks: 1
[2022-03-14 10:32:45] [0000.776] I> Binary(20) of size 375568 is loaded @ 0x85205400
[2022-03-14 10:32:45] [0000.782] W> No valid slot number is found in scratch register
[2022-03-14 10:32:45] [0000.787] W> Return default slot: _a
[2022-03-14 10:32:45] [0000.791] I> A/B: bin_type (14) slot 0
[2022-03-14 10:32:45] [0000.794] I> Loading partition secure-os at 0x85305600
[2022-03-14 10:32:45] [0000.799] I> Reading two headers - addr:0x85305600 blocks:1
[2022-03-14 10:32:45] [0000.805] I> Addr: 0x85305600, start-block: 58744840, num_blocks: 1
[2022-03-14 10:32:45] [0000.827] I> Binary(14) of size 402864 is loaded @ 0x85305600
[2022-03-14 10:32:45] [0000.835] I> TOS boot-params @ 0x85000000
[2022-03-14 10:32:45] [0000.839] I> TOS params prepared
[2022-03-14 10:32:45] [0000.842] I> Loading EKS ...
[2022-03-14 10:32:45] [0000.844] I> A/B: bin_type (15) slot 0
[2022-03-14 10:32:45] [0000.848] I> Loading partition eks at 0x85905800
[2022-03-14 10:32:45] [0000.852] I> Reading two headers - addr:0x85905800 blocks:1
[2022-03-14 10:32:45] [0000.858] I> Addr: 0x85905800, start-block: 58757128, num_blocks: 1
[2022-03-14 10:32:45] [0000.877] I> Binary(15) of size 1040 is loaded @ 0x85905800
[2022-03-14 10:32:45] [0000.882] I> EKB detected (length: 0x400) @ 0x85905800
[2022-03-14 10:32:45] [0000.887] I> Copied encrypted keys
[2022-03-14 10:32:45] [0000.891] I> boot profiler @ 0x275844000
[2022-03-14 10:32:45] [0000.895] I> boot profiler for TOS @ 0x275844000
[2022-03-14 10:32:45] [0000.900] I> Unhalting SCE
[2022-03-14 10:32:45] [0000.902] I> Primary Memory Start:80000000 Size:70000000
[2022-03-14 10:32:45] [0000.908] I> Extended Memory Start:f0110000 Size:1856f0000
[2022-03-14 10:32:45] [0000.914] I> MB2(TBoot-BPMP) done
[2022-03-14 10:32:45] 
[2022-03-14 10:32:45] NOTICE:  BL31: v1.3(release):b5eeb33f7
[2022-03-14 10:32:45] NOTICE:  BL31: Built : 12:15:17, Jul 26 2021
[2022-03-14 10:32:45] ipc-unittest-main: 1519: Welcome to IPC unittest!!!
[2022-03-14 10:32:45] ipc-unittest-main: 1531: waiting forever
[2022-03-14 10:32:45] ipc-unittest-srv: 329: Init unittest services!!!
[2022-03-14 10:32:45] hwkey-agent: 41: hwkey-agent is running!!
[2022-03-14 10:32:45] hwkey-agent: 315: key_mgnt_processing .......
[2022-03-14 10:32:45] hwkey-agent: 223: Setting EKB key 0 to slot 14
[2022-03-14 10:32:45] hwkey-agent: 178: Init hweky-agent services!!
[2022-03-14 10:32:45] luks-srv: 40: luks-srv is running!!
[2022-03-14 10:32:45] luks-srv: 157: Init luks-srv IPC services!!
[2022-03-14 10:32:45] platform_bootstrap_epilog: trusty bootstrap complete
[2022-03-14 10:32:48] [0000.299] I> Welcome to MB2(TBoot-BPMP)(version: 01.00.160913-t186-M-00.00-mobile-c368a720)
[2022-03-14 10:32:48] [0000.308] I> Boot-device: eMMC
[2022-03-14 10:32:48] [0000.315] I> sdmmc bdev is already initialized
[2022-03-14 10:32:48] [0000.320] I> pmic: reset reason (nverc)	: 0x80
[2022-03-14 10:32:49] [0000.353] I> Found 19 partitions in SDMMC_BOOT (instance 3)
[2022-03-14 10:32:49] [0000.373] I> Found 33 partitions in SDMMC_USER (instance 3)
[2022-03-14 10:32:49] [0000.379] W> No valid slot number is found in scratch register
[2022-03-14 10:32:49] [0000.384] W> Return default slot: _a
[2022-03-14 10:32:49] [0000.388] I> A/B: bin_type (16) slot 0
[2022-03-14 10:32:49] [0000.391] I> Loading partition bpmp-fw at 0xd7800000
[2022-03-14 10:32:49] [0000.396] I> Reading two headers - addr:0xd7800000 blocks:1
[2022-03-14 10:32:49] [0000.402] I> Addr: 0xd7800000, start-block: 58777608, num_blocks: 1
[2022-03-14 10:32:49] [0000.427] I> Binary(16) of size 534416 is loaded @ 0xd7800000
[2022-03-14 10:32:49] [0000.432] W> No valid slot number is found in scratch register
[2022-03-14 10:32:49] [0000.438] W> Return default slot: _a
[2022-03-14 10:32:49] [0000.441] I> A/B: bin_type (17) slot 0
[2022-03-14 10:32:49] [0000.445] I> Loading partition bpmp-fw-dtb at 0xd79f0000
[2022-03-14 10:32:49] [0000.450] I> Reading two headers - addr:0xd79f0000 blocks:1
[2022-03-14 10:32:49] [0000.456] I> Addr: 0xd79f0000, start-block: 58780024, num_blocks: 1
[2022-03-14 10:32:49] [0000.481] I> Binary(17) of size 604720 is loaded @ 0xd796c400
[2022-03-14 10:32:49] [0000.711] I> Loading SCE-FW ...
[2022-03-14 10:32:49] [0000.714] W> No valid slot number is found in scratch register
[2022-03-14 10:32:49] [0000.720] W> Return default slot: _a
[2022-03-14 10:32:49] [0000.723] I> A/B: bin_type (12) slot 0
[2022-03-14 10:32:49] [0000.727] I> Loading partition sce-fw at 0xd7300000
[2022-03-14 10:32:49] [0000.732] I> Reading two headers - addr:0xd7300000 blocks:1
[2022-03-14 10:32:49] [0000.737] I> Addr: 0xd7300000, start-block: 58784120, num_blocks: 1
[2022-03-14 10:32:49] [0000.756] I> Binary(12) of size 125632 is loaded @ 0xd7300000
[2022-03-14 10:32:49] [0000.762] I> Init SCE
[2022-03-14 10:32:49] [0000.764] I> Loading APE-FW ...
[2022-03-14 10:32:49] [0000.767] W> No valid slot number is found in scratch register
[2022-03-14 10:32:49] [0000.773] W> Return default slot: _a
[2022-03-14 10:32:49] [0000.776] I> A/B: bin_type (11) slot 0
[2022-03-14 10:32:49] [0000.780] I> Loading partition adsp-fw at 0xd7400000
[2022-03-14 10:32:49] [0000.785] I> Reading two headers - addr:0xd7400000 blocks:1
[2022-03-14 10:32:49] [0000.790] I> Addr: 0xd7400000, start-block: 58761224, num_blocks: 1
[2022-03-14 10:32:49] [0000.809] I> Binary(11) of size 77216 is loaded @ 0xd7400000
[2022-03-14 10:32:49] [0000.815] I> Copy BTCM section
[2022-03-14 10:32:49] [0000.818] W> No valid slot number is found in scratch register
[2022-03-14 10:32:49] [0000.824] W> Return default slot: _a
[2022-03-14 10:32:49] [0000.827] I> A/B: bin_type (13) slot 0
[2022-03-14 10:32:49] [0000.831] I> Loading partition cpu-bootloader at 0x96000000
[2022-03-14 10:32:49] [0000.836] I> Reading two headers - addr:0x96000000 blocks:1
[2022-03-14 10:32:49] [0000.842] I> Addr: 0x96000000, start-block: 58740744, num_blocks: 1
[2022-03-14 10:32:49] [0000.863] I> Binary(13) of size 308800 is loaded @ 0x96000000
[2022-03-14 10:32:49] [0000.868] W> No valid slot number is found in scratch register
[2022-03-14 10:32:49] [0000.874] W> Return default slot: _a
[2022-03-14 10:32:49] [0000.877] I> A/B: bin_type (20) slot 0
[2022-03-14 10:32:49] [0000.881] I> Loading partition bootloader-dtb at 0x85205400
[2022-03-14 10:32:49] [0000.886] I> Reading two headers - addr:0x85205400 blocks:1
[2022-03-14 10:32:49] [0000.892] I> Addr: 0x85205400, start-block: 58742792, num_blocks: 1
[2022-03-14 10:32:49] [0000.914] I> Binary(20) of size 375568 is loaded @ 0x85205400
[2022-03-14 10:32:49] [0000.920] W> No valid slot number is found in scratch register
[2022-03-14 10:32:49] [0000.925] W> Return default slot: _a
[2022-03-14 10:32:49] [0000.929] I> A/B: bin_type (14) slot 0
[2022-03-14 10:32:49] [0000.932] I> Loading partition secure-os at 0x85305600
[2022-03-14 10:32:49] [0000.937] I> Reading two headers - addr:0x85305600 blocks:1
[2022-03-14 10:32:49] [0000.943] I> Addr: 0x85305600, start-block: 58744840, num_blocks: 1
[2022-03-14 10:32:49] [0000.965] I> Binary(14) of size 402864 is loaded @ 0x85305600
[2022-03-14 10:32:49] [0000.972] I> TOS boot-params @ 0x85000000
[2022-03-14 10:32:49] [0000.976] I> TOS params prepared
[2022-03-14 10:32:49] [0000.979] I> Loading EKS ...
[2022-03-14 10:32:49] [0000.982] I> A/B: bin_type (15) slot 0
[2022-03-14 10:32:49] [0000.986] I> Loading partition eks at 0x85905800
[2022-03-14 10:32:49] [0000.990] I> Reading two headers - addr:0x85905800 blocks:1
[2022-03-14 10:32:49] [0000.996] I> Addr: 0x85905800, start-block: 58757128, num_blocks: 1
[2022-03-14 10:32:49] [0001.015] I> Binary(15) of size 1040 is loaded @ 0x85905800
[2022-03-14 10:32:49] [0001.020] I> EKB detected (length: 0x400) @ 0x85905800
[2022-03-14 10:32:49] [0001.025] I> Copied encrypted keys
[2022-03-14 10:32:49] [0001.029] I> boot profiler @ 0x275844000
[2022-03-14 10:32:49] [0001.033] I> boot profiler for TOS @ 0x275844000
[2022-03-14 10:32:49] [0001.037] I> Unhalting SCE
[2022-03-14 10:32:49] [0001.040] I> Primary Memory Start:80000000 Size:70000000
[2022-03-14 10:32:49] [0001.045] I> Extended Memory Start:f0110000 Size:1856f0000
[2022-03-14 10:32:49] [0001.052] I> MB2(TBoot-BPMP) done
[2022-03-14 10:32:49] 
[2022-03-14 10:32:49] NOTICE:  BL31: v1.3(release):b5eeb33f7
[2022-03-14 10:32:49] NOTICE:  BL31: Built : 12:15:17, Jul 26 2021
[2022-03-14 10:32:49] ipc-unittest-main: 1519: Welcome to IPC unittest!!!
[2022-03-14 10:32:49] ipc-unittest-main: 1531: waiting forever
[2022-03-14 10:32:49] ipc-unittest-srv: 329: Init unittest services!!!
[2022-03-14 10:32:49] hwkey-agent: 41: hwkey-agent is running!!
[2022-03-14 10:32:49] hwkey-agent: 315: key_mgnt_processing .......
[2022-03-14 10:32:49] hwkey-agent: 223: Setting EKB key 0 to slot 14
[2022-03-14 10:32:49] hwkey-agent: 178: Init hweky-agent services!!
[2022-03-14 10:32:49] luks-srv: 40: luks-srv is running!!
[2022-03-14 10:32:49] luks-srv: 157: Init luks-srv IPC services!!
[2022-03-14 10:32:49] platform_bootstrap_epilog: trusty bootstrap complete
[2022-03-14 10:32:50] [0001.425] I> Welcome to Cboot
[2022-03-14 10:32:50] [0001.428] I> Cboot Version: t186-00029e71
[2022-03-14 10:32:50] [0001.431] I> CPU-BL Params @ 0x275800000
[2022-03-14 10:32:50] [0001.435] I>  0) Base:0x00000000 Size:0x00000000
[2022-03-14 10:32:50] [0001.440] I>  1) Base:0x277f00000 Size:0x00100000
[2022-03-14 10:32:50] [0001.444] I>  2) Base:0x277e00000 Size:0x00100000
[2022-03-14 10:32:50] [0001.449] I>  3) Base:0x277d00000 Size:0x00100000
[2022-03-14 10:32:50] [0001.453] I>  4) Base:0x277c00000 Size:0x00100000
[2022-03-14 10:32:50] [0001.458] I>  5) Base:0x277b00000 Size:0x00100000
[2022-03-14 10:32:50] [0001.462] I>  6) Base:0x277800000 Size:0x00200000
[2022-03-14 10:32:50] [0001.467] I>  7) Base:0x277400000 Size:0x00400000
[2022-03-14 10:32:50] [0001.471] I>  8) Base:0x277a00000 Size:0x00100000
[2022-03-14 10:32:50] [0001.476] I>  9) Base:0x277300000 Size:0x00100000
[2022-03-14 10:32:50] [0001.480] I> 10) Base:0x276800000 Size:0x00800000
[2022-03-14 10:32:50] [0001.485] I> 11) Base:0x30000000 Size:0x00040000
[2022-03-14 10:32:50] [0001.489] I> 12) Base:0xf0000000 Size:0x00100000
[2022-03-14 10:32:50] [0001.494] I> 13) Base:0x30040000 Size:0x00001000
[2022-03-14 10:32:50] [0001.498] I> 14) Base:0x30048000 Size:0x00001000
[2022-03-14 10:32:50] [0001.503] I> 15) Base:0x30049000 Size:0x00001000
[2022-03-14 10:32:50] [0001.507] I> 16) Base:0x3004a000 Size:0x00001000
[2022-03-14 10:32:50] [0001.511] I> 17) Base:0x3004b000 Size:0x00001000
[2022-03-14 10:32:50] [0001.516] I> 18) Base:0x3004c000 Size:0x00001000
[2022-03-14 10:32:50] [0001.520] I> 19) Base:0x3004d000 Size:0x00001000
[2022-03-14 10:32:50] [0001.525] I> 20) Base:0x3004e000 Size:0x00001000
[2022-03-14 10:32:50] [0001.529] I> 21) Base:0x3004f000 Size:0x00001000
[2022-03-14 10:32:50] [0001.534] I> 22) Base:0x00000000 Size:0x00000000
[2022-03-14 10:32:50] [0001.538] I> 23) Base:0xf0100000 Size:0x00010000
[2022-03-14 10:32:50] [0001.542] I> 24) Base:0x00000000 Size:0x00000000
[2022-03-14 10:32:50] [0001.547] I> 25) Base:0x00000000 Size:0x00000000
[2022-03-14 10:32:50] [0001.551] I> 26) Base:0x00000000 Size:0x00000000
[2022-03-14 10:32:50] [0001.556] I> 27) Base:0x00000000 Size:0x00000000
[2022-03-14 10:32:50] [0001.560] I> 28) Base:0x84400000 Size:0x00400000
[2022-03-14 10:32:50] [0001.565] I> 29) Base:0x30000000 Size:0x00010000
[2022-03-14 10:32:50] [0001.569] I> 30) Base:0x278000000 Size:0x08000000
[2022-03-14 10:32:50] [0001.574] I> 31) Base:0x00000000 Size:0x00000000
[2022-03-14 10:32:50] [0001.578] I> 32) Base:0x276000000 Size:0x00600000
[2022-03-14 10:32:50] [0001.582] I> 33) Base:0x80000000 Size:0x70000000
[2022-03-14 10:32:50] [0001.587] I> 34) Base:0xf0110000 Size:0x1856f0000
[2022-03-14 10:32:50] [0001.591] I> 35) Base:0x00000000 Size:0x00000000
[2022-03-14 10:32:50] [0001.596] I> 36) Base:0x00000000 Size:0x00000000
[2022-03-14 10:32:50] [0001.600] I> 37) Base:0x2772e0000 Size:0x00020000
[2022-03-14 10:32:50] [0001.605] I> 38) Base:0x84000000 Size:0x00400000
[2022-03-14 10:32:50] [0001.609] I> 39) Base:0x96000000 Size:0x02000000
[2022-03-14 10:32:50] [0001.614] I> 40) Base:0x85000000 Size:0x01200000
[2022-03-14 10:32:50] [0001.618] I> 41) Base:0x275800000 Size:0x00500000
[2022-03-14 10:32:50] [0001.623] I> 42) Base:0x00000000 Size:0x00000000
[2022-03-14 10:32:50] [0001.627] I> 43) Base:0x00000000 Size:0x00000000
[2022-03-14 10:32:50] [0001.632] GIC-SPI Target CPU: 4
[2022-03-14 10:32:50] [0001.635] Interrupts Init done
[2022-03-14 10:32:50] [0001.638] calling constructors
[2022-03-14 10:32:50] [0001.641] initializing heap
[2022-03-14 10:32:50] [0001.644] initializing threads
[2022-03-14 10:32:50] [0001.647] initializing timers
[2022-03-14 10:32:50] [0001.650] creating bootstrap completion thread
[2022-03-14 10:32:50] [0001.655] top of bootstrap2()
[2022-03-14 10:32:50] [0001.658] CPU: ARM Cortex A57
[2022-03-14 10:32:50] [0001.661] CPU: MIDR: 0x411FD073, MPIDR: 0x80000100
[2022-03-14 10:32:50] [0001.666] initializing platform
[2022-03-14 10:32:50] [0001.669] I> Bl_dtb @0x85205400
[2022-03-14 10:32:50] [0001.672] I> gpio framework initialized
[2022-03-14 10:32:50] [0001.679] I> tegrabl_gpio_driver_register: register 'nvidia,tegra186-gpio' driver
[2022-03-14 10:32:50] [0001.689] I> tegrabl_gpio_driver_register: register 'nvidia,tegra186-gpio-aon' driver
[2022-03-14 10:32:50] [0001.697] I> GPIO framework and drivers are initialized.
[2022-03-14 10:32:50] [0001.702] I> Boot-device: eMMC
[2022-03-14 10:32:50] [0001.709] I> sdmmc bdev is already initialized
[2022-03-14 10:32:50] [0001.740] I> Found 19 partitions in SDMMC_BOOT (instance 3)
[2022-03-14 10:32:50] [0001.757] I> Found 33 partitions in SDMMC_USER (instance 3)
[2022-03-14 10:32:50] [0001.763] W> opt-in fuse is not set, skip fuse_burning
[2022-03-14 10:32:50] [0001.768] I> Reserved memory at 0xfbe00000 for U-Boot relocation
[2022-03-14 10:32:50] [0001.774] W> No valid slot number is found in scratch register
[2022-03-14 10:32:50] [0001.779] W> Return default slot: _a
[2022-03-14 10:32:50] [0001.789] I> A/B: bin_type (21) slot 0
[2022-03-14 10:32:50] [0001.792] I> Loading kernel-dtb from partition
[2022-03-14 10:32:50] [0001.797] I> Loading partition kernel-dtb at 0x80000000 from device(0x1)
[2022-03-14 10:32:50] [0001.814] I> Kernel_dtb @0x80000000
[2022-03-14 10:32:50] [0001.817] I> tegrabl_tca9539_init: i2c bus: 0, slave addr: 0xee
[2022-03-14 10:32:50] [0001.827] I> tegrabl_gpio_driver_register: register 'tca9539_gpio_driver' driver
[2022-03-14 10:32:50] [0001.835] I> tegrabl_tca9539_init: i2c bus: 0, slave addr: 0xe8
[2022-03-14 10:32:50] [0001.844] I> tegrabl_gpio_driver_register: register 'tca9539_gpio_driver' driver
[2022-03-14 10:32:50] [0001.854] I> fixed regulator driver initialized
[2022-03-14 10:32:50] [0001.887] I> register 'maxim' power off handle
[2022-03-14 10:32:50] [0001.893] I> virtual i2c enabled
[2022-03-14 10:32:50] [0001.896] I> registered 'maxim,max77620' pmic
[2022-03-14 10:32:50] [0001.901] I> tegrabl_gpio_driver_register: register 'max77620-gpio' driver
[2022-03-14 10:32:50] [0001.915] E> failed to read label property for node 324936: 13
[2022-03-14 10:32:50] [0001.923] E> failed to read reg property for node 325032: 13
[2022-03-14 10:32:50] [0001.931] E> failed to read reg property for node 325084: 13
[2022-03-14 10:32:50] [0001.940] E> failed to read label property for node 325168: 13
[2022-03-14 10:32:50] [0001.948] E> failed to read label property for node 325236: 13
[2022-03-14 10:32:50] [0001.957] E> failed to read reg property for node 325304: 13
[2022-03-14 10:32:50] [0001.965] E> failed to read reg property for node 325376: 13
[2022-03-14 10:32:50] [0001.975] I> Find /i2c@c250000's alias i2c7
[2022-03-14 10:32:50] [0001.979] I> Reading eeprom i2c=7 address=0x50
[2022-03-14 10:32:50] [0002.008] I> Device at /i2c@c250000:0x50
[2022-03-14 10:32:50] [0002.012] I> Reading eeprom i2c=7 address=0x57
[2022-03-14 10:32:50] [0002.041] I> Device at /i2c@c250000:0x57
[2022-03-14 10:32:50] [0002.045] I> Find /i2c@c240000's alias i2c1
[2022-03-14 10:32:50] [0002.049] I> Reading eeprom i2c=1 address=0x51
[2022-03-14 10:32:50] [0002.054] E> I2C: slave not found in slaves.
[2022-03-14 10:32:50] [0002.058] E> I2C: Could not write 0 bytes to slave: 0x00a2 with repeat start true.
[2022-03-14 10:32:50] [0002.066] E> I2C_DEV: Failed to send register address 0x00000000.
[2022-03-14 10:32:50] [0002.072] E> I2C_DEV: Could not read 256 registers of size 1 from slave 0xa2 at 0x00000000 via instance 1.
[2022-03-14 10:32:50] [0002.082] E> eeprom: Retry to read I2C slave device.
[2022-03-14 10:32:50] [0002.086] E> I2C: slave not found in slaves.
[2022-03-14 10:32:50] [0002.091] E> I2C: Could not write 0 bytes to slave: 0x00a2 with repeat start true.
[2022-03-14 10:32:50] [0002.098] E> I2C_DEV: Failed to send register address 0x00000000.
[2022-03-14 10:32:50] [0002.104] E> I2C_DEV: Could not read 256 registers of size 1 from slave 0xa2 at 0x00000000 via instance 1.
[2022-03-14 10:32:50] [0002.114] E> eeprom: Failed to read I2C slave device
[2022-03-14 10:32:50] [0002.118] I> Eeprom read failed 0x3526070d
[2022-03-14 10:32:50] [0002.123] I> Find /i2c@3160000's alias i2c0
[2022-03-14 10:32:50] [0002.127] I> Reading eeprom i2c=0 address=0x50
[2022-03-14 10:32:50] [0002.131] E> I2C: slave not found in slaves.
[2022-03-14 10:32:50] [0002.135] E> I2C: Could not write 0 bytes to slave: 0x00a0 with repeat start true.
[2022-03-14 10:32:50] [0002.143] E> I2C_DEV: Failed to send register address 0x00000000.
[2022-03-14 10:32:50] [0002.149] E> I2C_DEV: Could not read 256 registers of size 1 from slave 0xa0 at 0x00000000 via instance 0.
[2022-03-14 10:32:50] [0002.158] E> eeprom: Failed to read I2C slave device
[2022-03-14 10:32:50] [0002.163] I> Eeprom read failed 0x3526070d
[2022-03-14 10:32:50] [0002.168] I> Find /i2c@3180000's alias i2c2
[2022-03-14 10:32:50] [0002.172] I> Reading eeprom i2c=2 address=0x54
[2022-03-14 10:32:50] [0002.176] I> Enabling gpio chip_id = 2, gpio pin = 9
[2022-03-14 10:32:50] [0002.207] I> Disabling gpio chip_id = 2, gpio pin = 9
[2022-03-14 10:32:50] [0002.212] I> Device at /i2c@3180000:0x54
[2022-03-14 10:32:50] [0002.216] I> Reading eeprom i2c=2 address=0x57
[2022-03-14 10:32:50] [0002.220] I> Enabling gpio chip_id = 2, gpio pin = 9
[2022-03-14 10:32:50] [0002.226] E> I2C: slave not found in slaves.
[2022-03-14 10:32:50] [0002.230] E> I2C: Could not write 0 bytes to slave: 0x00ae with repeat start true.
[2022-03-14 10:32:50] [0002.238] E> I2C_DEV: Failed to send register address 0x00000000.
[2022-03-14 10:32:50] [0002.243] E> I2C_DEV: Could not read 256 registers of size 1 from slave 0xae at 0x00000000 via instance 2.
[2022-03-14 10:32:50] [0002.253] E> eeprom: Failed to read I2C slave device
[2022-03-14 10:32:50] [0002.258] I> Disabling gpio chip_id = 2, gpio pin = 9
[2022-03-14 10:32:50] [0002.263] I> Eeprom read failed 0x00000000
[2022-03-14 10:32:50] [0002.267] I> create_pm_ids: id: 3310-1000-D00-L, len: 15
[2022-03-14 10:32:50] [0002.272] I> config: mem-type:00,power-config:00,misc-config:00,modem-config:00,touch-config:00,display-config:00,, len: 93
[2022-03-14 10:32:50] [0002.283] I> create_pm_ids: id: 2597-0000-900-E, len: 15
[2022-03-14 10:32:50] [0002.288] I> config: mem-type:00,power-config:00,misc-config:00,modem-config:00,touch-config:00,display-config:00,, len: 93
[2022-03-14 10:32:50] [0002.299] I> create_pm_ids: id: 3326-1000-000-M, len: 15
[2022-03-14 10:32:50] [0002.304] I> config: mem-type:ff,power-config:ff,misc-config:ff,modem-config:ff,touch-config:ff,display-config:ff,, len: 93
[2022-03-14 10:32:51] [0002.339] I> enabling 'vdd-hdmi' regulator
[2022-03-14 10:32:51] [0002.355] I> regulator 'vdd-hdmi' already enabled
[2022-03-14 10:32:51] [0002.359] E> tegrabl_display_init_regulator: hdmi cable is not connected
[2022-03-14 10:32:51] [0002.366] E> tegrabl_display_get_pdata, failed to parse dtb settings
[2022-03-14 10:32:51] [0002.375] E> cannot find any other nvdisp nodes
[2022-03-14 10:32:51] [0002.379] E> no valid display unit config found in dtb
[2022-03-14 10:32:51] [0002.385] W> display init failed
[2022-03-14 10:32:51] [0002.388] initializing target
[2022-03-14 10:32:51] [0002.391] calling apps_init()
[2022-03-14 10:32:51] [0002.394] starting app kernel_boot_app
[2022-03-14 10:32:51] [0002.416] I> found decompressor handler: lz4-legacy
[2022-03-14 10:32:51] [0002.421] I> decompressing BMP blob ...
[2022-03-14 10:32:51] [0002.433] I> Kernel type = Normal
[2022-03-14 10:32:51] [0002.436] I> ########## Fixed storage boot ##########
[2022-03-14 10:32:51] [0002.441] I> Loading kernel-bootctrl from partition
[2022-03-14 10:32:51] [0002.446] I> Loading partition kernel-bootctrl at 0xa8000000 from device(0x1)
[2022-03-14 10:32:51] [0002.460] W> tegrabl_get_kernel_bootctrl: magic number(0x00000000) is invalid
[2022-03-14 10:32:51] [0002.467] W> tegrabl_get_kernel_bootctrl: use default dummy boot control data
[2022-03-14 10:32:51] [0002.474] W> No valid slot number is found in scratch register
[2022-03-14 10:32:51] [0002.480] W> Return default slot: _a
[2022-03-14 10:32:51] [0002.483] I> A/B: bin_type (24) slot 0
[2022-03-14 10:32:51] [0002.499] I> Boot image size read from image header: 9913d
[2022-03-14 10:32:51] [0002.504] I> Boot image load address: 0x80400000
[2022-03-14 10:32:51] [0002.508] I> Loading kernel from partition
[2022-03-14 10:32:51] [0002.512] I> Loading partition kernel at 0x80400000 from device(0x1)
[2022-03-14 10:32:52] [0003.455] I> Validate kernel ...
[2022-03-14 10:32:52] [0003.458] I> T18x: Authenticate kernel (bin_type 24), max size 0x4000000
[2022-03-14 10:32:52] [0003.466] I> Decrypt the buffer ... [0003.469] W> tegrabl_decrypt_block: fuse (0x0) is not burnt to do encryption (0x4); skip decryption.
[2022-03-14 10:32:52] [0003.478] I> done
[2022-03-14 10:32:52] [0003.480] I> Checking boot.img header magic ... [0003.484] I> [OK]
[2022-03-14 10:32:52] [0003.486] I> kernel-dtb is already loaded
[2022-03-14 10:32:52] [0003.490] I> Validate kernel-dtb ...
[2022-03-14 10:32:52] [0003.493] I> T18x: Authenticate kernel-dtb (bin_type 21), max size 0x100000
[2022-03-14 10:32:52] [0003.501] I> Decrypt the buffer ... [0003.504] W> tegrabl_decrypt_block: fuse (0x0) is not burnt to do encryption (0x4); skip decryption.
[2022-03-14 10:32:52] [0003.513] I> done
[2022-03-14 10:32:52] [0003.515] I> Kernel hdr @0x80400000
[2022-03-14 10:32:52] [0003.518] I> Kernel dtb @0x80000000
[2022-03-14 10:32:52] [0003.521] I> decompressor handler not found
[2022-03-14 10:32:52] [0003.525] I> Copying kernel image (627005 bytes) from 0x80400800 to 0x80600000 ... [0003.533] I> Done
[2022-03-14 10:32:52] [0003.535] I> Move ramdisk (len: 0) from 0x8049a000 to 0x947d0000
[2022-03-14 10:32:52] [0003.542] I> Updated bpmp info to DTB
[2022-03-14 10:32:52] [0003.548] I> Ramdisk: Base: 0x947d0000; Size: 0x0
[2022-03-14 10:32:52] [0003.553] I> Updated initrd info to DTB
[2022-03-14 10:32:52] [0003.556] W> WARN: Fail to override "console=none" in commandline
[2022-03-14 10:32:52] [0003.562] I> Active rootfs suffix: 
[2022-03-14 10:32:52] [0003.566] E> tegrabl_linuxboot_add_disp_param, du 0 failed to get display params
[2022-03-14 10:32:52] [0003.573] E> tegrabl_linuxboot_add_disp_param, du 0 failed to get display params
[2022-03-14 10:32:52] [0003.580] E> tegrabl_linuxboot_add_disp_param, du 0 failed to get display params
[2022-03-14 10:32:52] [0003.587] I> disabled_core_mask: 0xffffff0c
[2022-03-14 10:32:52] [0003.591] W> No valid slot number is found in scratch register
[2022-03-14 10:32:52] [0003.597] W> Return default slot: _a
[2022-03-14 10:32:52] [0003.600] I> Active slot suffix: 
[2022-03-14 10:32:52] [0003.603] I> add_boot_slot_suffix: slot_suffix = 
[2022-03-14 10:32:52] [0003.608] I> Linux Cmdline: console=ttyS0,115200 androidboot.presilicon=true firmware_class.path=/etc/firmware root=/dev/mmcblk0p1 rw rootwait rootfstype=ext4 console=ttyS0,115200n8 console=tty0 fbcon=map:0 net.ifnames=0 isolcpus=1-2  video=tegrafb earlycon=uart8250,mmio32,0x3100000 nvdumper_reserved=0x2772e0000 gpt rootfs.slot_suffix= usbcore.old_scheme_first=1 tegraid=18.1.2.0.0 maxcpus=6 no_console_suspend boot.slot_suffix= boot.ratchetvalues=0.2031647.1 vpr_resize bl_prof_dataptr=0x10000@0x275840000 sdhci_tegra.en_boot_part_access=1 
[2022-03-14 10:32:52] [0003.655] I> Updated bootarg info to DTB
[2022-03-14 10:32:52] [0003.659] I> eeprom_get_mac_addr: MAC (type: 0): 48:b0:2d:0f:11:c5
[2022-03-14 10:32:52] [0003.665] I> eeprom_get_mac_addr: MAC (type: 1): 48:b0:2d:0f:11:c6
[2022-03-14 10:32:52] [0003.672] I> eeprom_get_mac_addr: MAC (type: 2): 48:b0:2d:0f:11:c7
[2022-03-14 10:32:52] [0003.678] E> Found no plugin manager ids in source DT
[2022-03-14 10:32:52] [0003.683] W> Add plugin manager ids from board info
[2022-03-14 10:32:52] [0003.687] W> "plugin-manager" doesn't exist, creating
[2022-03-14 10:32:52] [0003.692] W> "ids" doesn't exist, creating
[2022-03-14 10:32:52] [0003.696] W> "connection" doesn't exist, creating
[2022-03-14 10:32:52] [0003.701] W> "configs" doesn't exist, creating
[2022-03-14 10:32:52] [0003.705] I> create_pm_ids: id: 3310-1000-D00-L, len: 15
[2022-03-14 10:32:52] [0003.710] I> config: mem-type:00,power-config:00,misc-config:00,modem-config:00,touch-config:00,display-config:00,, len: 93
[2022-03-14 10:32:52] [0003.721] I> create_pm_ids: id: 2597-0000-900-E, len: 15
[2022-03-14 10:32:52] [0003.726] I> config: mem-type:00,power-config:00,misc-config:00,modem-config:00,touch-config:00,display-config:00,, len: 93
[2022-03-14 10:32:52] [0003.737] I> create_pm_ids: id: 3326-1000-000-M, len: 15
[2022-03-14 10:32:52] [0003.743] I> config: mem-type:ff,power-config:ff,misc-config:ff,modem-config:ff,touch-config:ff,display-config:ff,, len: 93
[2022-03-14 10:32:52] [0003.753] I> Adding plugin-manager/ids/3310-1000-D00=/i2c@c250000:module@0x50
[2022-03-14 10:32:52] [0003.761] W> "i2c@c250000" doesn't exist, creating
[2022-03-14 10:32:52] [0003.765] W> "module@0x50" doesn't exist, creating
[2022-03-14 10:32:52] [0003.770] I> Adding plugin-manager/ids/2597-0000-900=/i2c@c250000:module@0x57
[2022-03-14 10:32:52] [0003.778] W> "module@0x57" doesn't exist, creating
[2022-03-14 10:32:52] [0003.783] I> Adding plugin-manager/ids/3326-1000-000=/i2c@3180000:module@0x54
[2022-03-14 10:32:52] [0003.790] W> "i2c@3180000" doesn't exist, creating
[2022-03-14 10:32:52] [0003.794] W> "module@0x54" doesn't exist, creating
[2022-03-14 10:32:52] [0003.801] I> Adding plugin-manager/ids/3310-1000-D00-L
[2022-03-14 10:32:52] [0003.808] I> Adding plugin-manager/configs/3310-mem-type 00
[2022-03-14 10:32:52] [0003.814] I> Adding plugin-manager/configs/3310-power-config 00
[2022-03-14 10:32:52] [0003.820] I> Adding plugin-manager/configs/3310-misc-config 00
[2022-03-14 10:32:52] [0003.826] I> Adding plugin-manager/configs/3310-modem-config 00
[2022-03-14 10:32:52] [0003.832] I> Adding plugin-manager/configs/3310-touch-config 00
[2022-03-14 10:32:52] [0003.838] I> Adding plugin-manager/configs/3310-display-config 00
[2022-03-14 10:32:52] [0003.844] I> Adding plugin-manager/cvm
[2022-03-14 10:32:52] [0003.848] W> "chip-id" doesn't exist, creating
[2022-03-14 10:32:52] [0003.852] I> Adding plugin-manager/chip-id/A02P
[2022-03-14 10:32:52] [0003.857] W> "odm-data" doesn't exist, creating
[2022-03-14 10:32:52] [0003.861] I> Adding /chosen/plugin-manager/odm-data
[2022-03-14 10:32:52] [0003.871] I> added [base:0x80000000, size:0x70000000] to /memory
[2022-03-14 10:32:52] [0003.877] I> added [base:0xf0200000, size:0x185600000] to /memory
[2022-03-14 10:32:52] [0003.883] I> added [base:0x275e00000, size:0x200000] to /memory
[2022-03-14 10:32:52] [0003.889] I> added [base:0x276600000, size:0x200000] to /memory
[2022-03-14 10:32:52] [0003.894] I> added [base:0x277000000, size:0x200000] to /memory
[2022-03-14 10:32:52] [0003.900] I> Updated memory info to DTB
[2022-03-14 10:32:52] [0003.905] E> add_disp_param: failed to get display params for du=0
[2022-03-14 10:32:52] [0003.913] W> "reset" doesn't exist, creating
[2022-03-14 10:32:52] [0003.917] W> "pmc-reset-reason" doesn't exist, creating
[2022-03-14 10:32:52] [0003.922] W> "pmic-reset-reason" doesn't exist, creating
[2022-03-14 10:32:52] [0003.929] I> Adding ecid(00000001646db7851000000013038200) to DT
[2022-03-14 10:32:52] [0003.934] I> disabled_core_mask: 0xffffff0c
[2022-03-14 10:32:52] [0003.947] I> Add serial number:1422420022173 as DT property
[2022-03-14 10:32:52] [0003.956] I> Plugin-manager override starting
[2022-03-14 10:32:52] [0003.962] I> node /plugin-manager/fragement@0 matches
[2022-03-14 10:32:52] [0003.972] I> node /plugin-manager/fragement@4 matches
[2022-03-14 10:32:52] [0003.985] I> node /plugin-manager/fragment-sdwake-p3310-1000-300 matches
[2022-03-14 10:32:52] [0004.005] I> node /plugin-manager/fragement-pmon-p3310-1000-300 matches
[2022-03-14 10:32:52] [0004.015] I> node /plugin-manager/fragement-pmon-p3310-1000-800 matches
[2022-03-14 10:32:52] [0004.023] I> node /plugin-manager/fragment-devslp@0 matches
[2022-03-14 10:32:52] [0004.036] I> node /plugin-manager/fragment-500-pcie-config matches
[2022-03-14 10:32:52] [0004.051] I> node /plugin-manager/fragment-500-xusb-config matches
[2022-03-14 10:32:52] [0004.074] I> node /plugin-manager/fragment-p3310-c00-comm matches
[2022-03-14 10:32:52] [0004.087] I> node /plugin-manager/fragment-p3310-c00-pmic matches
[2022-03-14 10:32:52] [0004.098] I> node /plugin-manager/fragment-p3310-c01 matches
[2022-03-14 10:32:52] [0004.111] I> node /plugin-manager/fragment-p3310-c03 matches
[2022-03-14 10:32:52] [0004.153] I> node /plugin-manager/fragment-e3326@0 matches
[2022-03-14 10:32:52] [0004.235] I> node /plugin-manager/fragment-p3310-c00-camera matches
[2022-03-14 10:32:52] [0004.263] I> Disable plugin-manager status in FDT
[2022-03-14 10:32:52] [0004.267] I> Plugin-manager override finished successfully
[2022-03-14 10:32:52] [0004.272] I> tegrabl_load_kernel_and_dtb: Done
[2022-03-14 10:32:52] [0004.277] E> tegrabl_display_clear: display is not initialized
[2022-03-14 10:32:52] [0004.282] W> Boot logo display failed...
[2022-03-14 10:32:52] [0004.286] I> Kernel EP: 0x80600000, DTB: 0x80000000
[2022-03-14 10:32:53] 
[2022-03-14 10:32:53] 
[2022-03-14 10:32:53] U-Boot 2020.04-g46e4604c78 (Jul 26 2021 - 12:10:58 -0700)
[2022-03-14 10:32:53] 
[2022-03-14 10:32:53] SoC: tegra186
[2022-03-14 10:32:53] Model: NVIDIA P2771-0000-500
[2022-03-14 10:32:53] Board: NVIDIA P2771-0000
[2022-03-14 10:32:53] DRAM:  7.8 GiB
[2022-03-14 10:32:53] MMC:   sdhci@3400000: 1, sdhci@3460000: 0
[2022-03-14 10:32:53] Loading Environment from MMC... *** Warning - bad CRC, using default environment
[2022-03-14 10:32:53] 
[2022-03-14 10:32:53] In:    serial
[2022-03-14 10:32:53] Out:   serial
[2022-03-14 10:32:53] Err:   serial
[2022-03-14 10:32:53] Net:   
[2022-03-14 10:32:53] Warning: ethernet@2490000 using MAC address from ROM
[2022-03-14 10:32:53] eth0: ethernet@2490000
[2022-03-14 10:32:53] Hit any key to stop autoboot:  2  1  0 
[2022-03-14 10:32:55] MMC: no card present
[2022-03-14 10:32:55] switch to partitions #0, OK
[2022-03-14 10:32:55] mmc0(part 0) is current device
[2022-03-14 10:32:55] Scanning mmc 0:1...
[2022-03-14 10:32:55] Found /boot/extlinux/extlinux.conf
[2022-03-14 10:32:55] Retrieving file: /boot/extlinux/extlinux.conf
[2022-03-14 10:32:55] 858 bytes read in 22 ms (38.1 KiB/s)
[2022-03-14 10:32:55] 1:	primary kernel
[2022-03-14 10:32:55] Retrieving file: /boot/initrd
[2022-03-14 10:32:55] 7238344 bytes read in 201 ms (34.3 MiB/s)
[2022-03-14 10:32:55] Retrieving file: /boot/Image
[2022-03-14 10:32:56] 34484232 bytes read in 829 ms (39.7 MiB/s)
[2022-03-14 10:32:56] append: console=ttyS0,115200 androidboot.presilicon=true firmware_class.path=/etc/firmware root=/dev/mmcblk0p1 rw rootwait rootfstype=ext4 console=ttyS0,115200n8 console=tty0 fbcon=map:0 net.ifnames=0 isolcpus=1-2  video=tegrafb earlycon=uart8250,mmio32,0x3100000 nvdumper_reserved=0x2772e0000 gpt rootfs.slot_suffix= usbcore.old_scheme_first=1 tegraid=18.1.2.0.0 maxcpus=6 no_console_suspend boot.slot_suffix= boot.ratchetvalues=0.2031647.1 vpr_resize bl_prof_dataptr=0x10000@0x275840000 sdhci_tegra.en_boot_part_access=1 quiet root=/dev/mmcblk0p1 rw rootwait rootfstype=ext4 console=ttyS0,115200n8 console=tty0 fbcon=map:0 net.ifnames=0 isolcpus=1-2 
[2022-03-14 10:32:56] ## Flattened Device Tree blob at 80000000
[2022-03-14 10:32:56]    Booting using the fdt blob at 0x80000000
[2022-03-14 10:32:56] ERROR: reserving fdt memory region failed (addr=0 size=0)
[2022-03-14 10:32:56] ERROR: reserving fdt memory region failed (addr=0 size=0)
[2022-03-14 10:32:56] ERROR: reserving fdt memory region failed (addr=0 size=0)
[2022-03-14 10:32:56]    Using Device Tree in place at 0000000080000000, end 0000000080060aa3
[2022-03-14 10:32:56] copying carveout for /host1x@13e00000/display-hub@15200000/display@15200000...
[2022-03-14 10:32:56] copying carveout for /host1x@13e00000/display-hub@15200000/display@15210000...
[2022-03-14 10:32:56] copying carveout for /host1x@13e00000/display-hub@15200000/display@15220000...
[2022-03-14 10:32:56] 
[2022-03-14 10:32:56] Starting kernel ...
[2022-03-14 10:32:56] 
[2022-03-14 10:32:56] [    0.000000] Booting Linux on physical CPU 0x100
[2022-03-14 10:32:56] [    0.000000] Linux version 4.9.253-tegra (buildbrain@mobile-u64-5497-d3000) (gcc version 7.3.1 20180425 [linaro-7.3-2018.05 revision d29120a424ecfbc167ef90065c0eeb7f91977701] (Linaro GCC 7.3-2018.05) ) #1 SMP PREEMPT Mon Jul 26 12:19:28 PDT 2021
[2022-03-14 10:32:57] [    0.000000] Boot CPU: AArch64 Processor [411fd073]
[2022-03-14 10:32:57] [    0.000000] OF: fdt:memory scan node memory@80000000, reg size 80,
[2022-03-14 10:32:57] [    0.000000] OF: fdt: - 80000000 ,  70000000
[2022-03-14 10:32:57] [    0.000000] OF: fdt: - f0200000 ,  185600000
[2022-03-14 10:32:57] [    0.000000] OF: fdt: - 275e00000 ,  200000
[2022-03-14 10:32:57] [    0.000000] OF: fdt: - 276600000 ,  200000
[2022-03-14 10:32:57] [    0.000000] OF: fdt: - 277000000 ,  200000
[2022-03-14 10:32:57] [    0.000000] earlycon: uart8250 at MMIO32 0x0000000003100000 (options '')
[2022-03-14 10:32:57] [    0.000000] bootconsole [uart8250] enabled
[2022-03-14 10:32:59] [    1.966509] cgroup: cgroup2: unknown option "nsdelegate"
[2022-03-14 10:33:00] [    3.054215] using random self ethernet address
[2022-03-14 10:33:00] [    3.060843] using random host ethernet address
[2022-03-14 10:33:00] [    3.142888] FAT-fs (loop0): Volume was not properly unmounted. Some data may be corrupt. Please run fsck.
[2022-03-14 10:33:00] [    3.434873] random: crng init done
[2022-03-14 10:33:00] [    3.438279] random: 7 urandom warning(s) missed due to ratelimiting
[2022-03-14 10:33:00] [    3.540342] using random self ethernet address
[2022-03-14 10:33:00] [    3.546436] using random host ethernet address
[2022-03-14 10:33:01] [    3.946914] CPU1: shutdown
[2022-03-14 10:33:01] [    4.017440] CPU2: shutdown
[2022-03-14 10:33:02] [    4.909455] Bridge firewalling registered
[2022-03-14 10:33:05] 
[2022-03-14 10:33:05] Ubuntu 18.04.5 LTS JTX2-A ttyS0
[2022-03-14 10:33:05] 
[2022-03-14 10:33:05] JTX2-A login: [  119.529814] CPU0: SError detected, daif=1c0, spsr=0x800000c5, mpidr=80000100, esr=bf40c000
[2022-03-14 10:34:56] [  119.529816] CPU4: SError detected, daif=1c0, spsr=0x800000c5, mpidr=80000102, esr=bf40c000
[2022-03-14 10:34:56] [  119.529819] CPU3: SError detected, daif=1c0, spsr=0x800000c5, mpidr=80000101, esr=bf40c000
[2022-03-14 10:34:56] [  119.529821] CPU5: SError detected, daif=1c0, spsr=0x80000000, mpidr=80000103, esr=bf40c000
[2022-03-14 10:34:56] [  119.529822] **************************************
[2022-03-14 10:34:56] [  119.529826] A57 CPU Memory Error on CPU 4 (A57 Core 2)
[2022-03-14 10:34:56] [  119.529827] 	ESR:               0xbf40c000
[2022-03-14 10:34:56] [  119.529830] 	L2MERRSR: 0x130091149ea0
[2022-03-14 10:34:56] [  119.529832] 	L2 Data RAM: 0x11
[2022-03-14 10:34:56] [  119.529833] 	CPU ID of Error:    2
[2022-03-14 10:34:56] [  119.529834] 	WAY of Error:       1
[2022-03-14 10:34:56] [  119.529835] 	Index of Error:     40608
[2022-03-14 10:34:56] [  119.529836] 	Repeat Error Count: 0
[2022-03-14 10:34:56] [  119.529837] 	Other Error Count:  19
[2022-03-14 10:34:56] [  119.529838] **************************************
[2022-03-14 10:34:59] ERROR:   ARI request timed out: req 91 on CPU 6
[2022-03-14 10:34:59] ASSERT: plat/nvidia/tegra/soc/t186/drivers/mce/ari.c <127> : retries != 0U
[2022-03-14 10:35:24] [0000.339] I> Welcome to MB2(TBoot-BPMP)(version: 01.00.160913-t186-M-00.00-mobile-c368a720)
[2022-03-14 10:35:24] [0000.347] I> Boot-device: eMMC
[2022-03-14 10:35:24] [0000.355] I> sdmmc bdev is already initialized
[2022-03-14 10:35:24] [0000.359] I> pmic: reset reason (nverc)	: 0x80
[2022-03-14 10:35:24] [0000.392] I> Found 19 partitions in SDMMC_BOOT (instance 3)
[2022-03-14 10:35:24] [0000.412] I> Found 33 partitions in SDMMC_USER (instance 3)
[2022-03-14 10:35:24] [0000.418] W> No valid slot number is found in scratch register
[2022-03-14 10:35:24] [0000.424] W> Return default slot: _a
[2022-03-14 10:35:24] [0000.427] I> A/B: bin_type (16) slot 0
[2022-03-14 10:35:24] [0000.431] I> Loading partition bpmp-fw at 0xd7800000
[2022-03-14 10:35:24] [0000.436] I> Reading two headers - addr:0xd7800000 blocks:1
[2022-03-14 10:35:24] [0000.441] I> Addr: 0xd7800000, start-block: 58777608, num_blocks: 1
[2022-03-14 10:35:24] [0000.466] I> Binary(16) of size 534416 is loaded @ 0xd7800000
[2022-03-14 10:35:24] [0000.472] W> No valid slot number is found in scratch register
[2022-03-14 10:35:24] [0000.477] W> Return default slot: _a
[2022-03-14 10:35:24] [0000.481] I> A/B: bin_type (17) slot 0
[2022-03-14 10:35:24] [0000.484] I> Loading partition bpmp-fw-dtb at 0xd79f0000
[2022-03-14 10:35:24] [0000.490] I> Reading two headers - addr:0xd79f0000 blocks:1
[2022-03-14 10:35:24] [0000.495] I> Addr: 0xd79f0000, start-block: 58780024, num_blocks: 1
[2022-03-14 10:35:24] [0000.521] I> Binary(17) of size 604720 is loaded @ 0xd796c400
[2022-03-14 10:35:24] [0000.751] I> Loading SCE-FW ...
[2022-03-14 10:35:24] [0000.754] W> No valid slot number is found in scratch register
[2022-03-14 10:35:24] [0000.759] W> Return default slot: _a
[2022-03-14 10:35:24] [0000.763] I> A/B: bin_type (12) slot 0
[2022-03-14 10:35:24] [0000.766] I> Loading partition sce-fw at 0xd7300000
[2022-03-14 10:35:24] [0000.771] I> Reading two headers - addr:0xd7300000 blocks:1
[2022-03-14 10:35:24] [0000.777] I> Addr: 0xd7300000, start-block: 58784120, num_blocks: 1
[2022-03-14 10:35:24] [0000.796] I> Binary(12) of size 125632 is loaded @ 0xd7300000
[2022-03-14 10:35:24] [0000.801] I> Init SCE
[2022-03-14 10:35:24] [0000.804] I> Loading APE-FW ...
[2022-03-14 10:35:24] [0000.807] W> No valid slot number is found in scratch register
[2022-03-14 10:35:24] [0000.812] W> Return default slot: _a
[2022-03-14 10:35:24] [0000.816] I> A/B: bin_type (11) slot 0
[2022-03-14 10:35:24] [0000.820] I> Loading partition adsp-fw at 0xd7400000
[2022-03-14 10:35:24] [0000.824] I> Reading two headers - addr:0xd7400000 blocks:1
[2022-03-14 10:35:24] [0000.830] I> Addr: 0xd7400000, start-block: 58761224, num_blocks: 1
[2022-03-14 10:35:24] [0000.849] I> Binary(11) of size 77216 is loaded @ 0xd7400000
[2022-03-14 10:35:24] [0000.855] I> Copy BTCM section
[2022-03-14 10:35:24] [0000.858] W> No valid slot number is found in scratch register
[2022-03-14 10:35:24] [0000.863] W> Return default slot: _a
[2022-03-14 10:35:24] [0000.867] I> A/B: bin_type (13) slot 0
[2022-03-14 10:35:24] [0000.870] I> Loading partition cpu-bootloader at 0x96000000
[2022-03-14 10:35:24] [0000.876] I> Reading two headers - addr:0x96000000 blocks:1
[2022-03-14 10:35:25] [0000.881] I> Addr: 0x96000000, start-block: 58740744, num_blocks: 1
[2022-03-14 10:35:25] [0000.902] I> Binary(13) of size 308800 is loaded @ 0x96000000
[2022-03-14 10:35:25] [0000.908] W> No valid slot number is found in scratch register
[2022-03-14 10:35:25] [0000.914] W> Return default slot: _a
[2022-03-14 10:35:25] [0000.917] I> A/B: bin_type (20) slot 0
[2022-03-14 10:35:25] [0000.921] I> Loading partition bootloader-dtb at 0x85205400
[2022-03-14 10:35:25] [0000.926] I> Reading two headers - addr:0x85205400 blocks:1
[2022-03-14 10:35:25] [0000.931] I> Addr: 0x85205400, start-block: 58742792, num_blocks: 1
[2022-03-14 10:35:25] [0000.953] I> Binary(20) of size 375568 is loaded @ 0x85205400
[2022-03-14 10:35:25] [0000.959] W> No valid slot number is found in scratch register
[2022-03-14 10:35:25] [0000.965] W> Return default slot: _a
[2022-03-14 10:35:25] [0000.968] I> A/B: bin_type (14) slot 0
[2022-03-14 10:35:25] [0000.972] I> Loading partition secure-os at 0x85305600
[2022-03-14 10:35:25] [0000.977] I> Reading two headers - addr:0x85305600 blocks:1
[2022-03-14 10:35:25] [0000.982] I> Addr: 0x85305600, start-block: 58744840, num_blocks: 1
[2022-03-14 10:35:25] [0001.004] I> Binary(14) of size 402864 is loaded @ 0x85305600
[2022-03-14 10:35:25] [0001.012] I> TOS boot-params @ 0x85000000
[2022-03-14 10:35:25] [0001.016] I> TOS params prepared
[2022-03-14 10:35:25] [0001.019] I> Loading EKS ...
[2022-03-14 10:35:25] [0001.022] I> A/B: bin_type (15) slot 0
[2022-03-14 10:35:25] [0001.025] I> Loading partition eks at 0x85905800
[2022-03-14 10:35:25] [0001.030] I> Reading two headers - addr:0x85905800 blocks:1
[2022-03-14 10:35:25] [0001.035] I> Addr: 0x85905800, start-block: 58757128, num_blocks: 1
[2022-03-14 10:35:25] [0001.054] I> Binary(15) of size 1040 is loaded @ 0x85905800
[2022-03-14 10:35:25] [0001.060] I> EKB detected (length: 0x400) @ 0x85905800
[2022-03-14 10:35:25] [0001.065] I> Copied encrypted keys
[2022-03-14 10:35:25] [0001.068] I> boot profiler @ 0x275844000
[2022-03-14 10:35:25] [0001.072] I> boot profiler for TOS @ 0x275844000
[2022-03-14 10:35:25] [0001.077] I> Unhalting SCE
[2022-03-14 10:35:25] [0001.080] I> Primary Memory Start:80000000 Size:70000000
[2022-03-14 10:35:25] [0001.085] I> Extended Memory Start:f0110000 Size:1856f0000
[2022-03-14 10:35:25] [0001.092] I> MB2(TBoot-BPMP) done
[2022-03-14 10:35:25] 
[2022-03-14 10:35:25] NOTICE:  BL31: v1.3(release):b5eeb33f7
[2022-03-14 10:35:25] NOTICE:  BL31: Built : 12:15:17, Jul 26 2021
[2022-03-14 10:35:25] ipc-unittest-main: 1519: Welcome to IPC unittest!!!
[2022-03-14 10:35:25] ipc-unittest-main: 1531: waiting forever
[2022-03-14 10:35:25] ipc-unittest-srv: 329: Init unittest services!!!
[2022-03-14 10:35:25] hwkey-agent: 41: hwkey-agent is running!!
[2022-03-14 10:35:25] hwkey-agent: 315: key_mgnt_processing .......
[2022-03-14 10:35:25] hwkey-agent: 223: Setting EKB key 0 to slot 14
[2022-03-14 10:35:25] hwkey-agent: 178: Init hweky-agent services!!
[2022-03-14 10:35:25] luks-srv: 40: luks-srv is running!!
[2022-03-14 10:35:25] luks-srv: 157: Init luks-srv IPC services!!
[2022-03-14 10:35:25] platform_bootstrap_epilog: trusty bootstrap complete
[2022-03-14 10:35:25] [0001.464] I> Welcome to Cboot
[2022-03-14 10:35:25] [0001.467] I> Cboot Version: t186-00029e71
[2022-03-14 10:35:25] [0001.471] I> CPU-BL Params @ 0x275800000
[2022-03-14 10:35:25] [0001.474] I>  0) Base:0x00000000 Size:0x00000000
[2022-03-14 10:35:25] [0001.479] I>  1) Base:0x277f00000 Size:0x00100000
[2022-03-14 10:35:25] [0001.483] I>  2) Base:0x277e00000 Size:0x00100000
[2022-03-14 10:35:25] [0001.488] I>  3) Base:0x277d00000 Size:0x00100000
[2022-03-14 10:35:25] [0001.492] I>  4) Base:0x277c00000 Size:0x00100000
[2022-03-14 10:35:25] [0001.497] I>  5) Base:0x277b00000 Size:0x00100000
[2022-03-14 10:35:25] [0001.501] I>  6) Base:0x277800000 Size:0x00200000
[2022-03-14 10:35:25] [0001.506] I>  7) Base:0x277400000 Size:0x00400000
[2022-03-14 10:35:25] [0001.510] I>  8) Base:0x277a00000 Size:0x00100000
[2022-03-14 10:35:25] [0001.515] I>  9) Base:0x277300000 Size:0x00100000
[2022-03-14 10:35:25] [0001.519] I> 10) Base:0x276800000 Size:0x00800000
[2022-03-14 10:35:25] [0001.524] I> 11) Base:0x30000000 Size:0x00040000
[2022-03-14 10:35:25] [0001.528] I> 12) Base:0xf0000000 Size:0x00100000
[2022-03-14 10:35:25] [0001.533] I> 13) Base:0x30040000 Size:0x00001000
[2022-03-14 10:35:25] [0001.537] I> 14) Base:0x30048000 Size:0x00001000
[2022-03-14 10:35:25] [0001.542] I> 15) Base:0x30049000 Size:0x00001000
[2022-03-14 10:35:25] [0001.546] I> 16) Base:0x3004a000 Size:0x00001000
[2022-03-14 10:35:25] [0001.551] I> 17) Base:0x3004b000 Size:0x00001000
[2022-03-14 10:35:25] [0001.555] I> 18) Base:0x3004c000 Size:0x00001000
[2022-03-14 10:35:25] [0001.559] I> 19) Base:0x3004d000 Size:0x00001000
[2022-03-14 10:35:25] [0001.564] I> 20) Base:0x3004e000 Size:0x00001000
[2022-03-14 10:35:25] [0001.568] I> 21) Base:0x3004f000 Size:0x00001000
[2022-03-14 10:35:25] [0001.573] I> 22) Base:0x00000000 Size:0x00000000
[2022-03-14 10:35:25] [0001.577] I> 23) Base:0xf0100000 Size:0x00010000
[2022-03-14 10:35:25] [0001.582] I> 24) Base:0x00000000 Size:0x00000000
[2022-03-14 10:35:25] [0001.586] I> 25) Base:0x00000000 Size:0x00000000
[2022-03-14 10:35:25] [0001.590] I> 26) Base:0x00000000 Size:0x00000000
[2022-03-14 10:35:25] [0001.595] I> 27) Base:0x00000000 Size:0x00000000
[2022-03-14 10:35:25] [0001.599] I> 28) Base:0x84400000 Size:0x00400000
[2022-03-14 10:35:25] [0001.604] I> 29) Base:0x30000000 Size:0x00010000
[2022-03-14 10:35:25] [0001.608] I> 30) Base:0x278000000 Size:0x08000000
[2022-03-14 10:35:25] [0001.613] I> 31) Base:0x00000000 Size:0x00000000
[2022-03-14 10:35:25] [0001.617] I> 32) Base:0x276000000 Size:0x00600000
[2022-03-14 10:35:25] [0001.622] I> 33) Base:0x80000000 Size:0x70000000
[2022-03-14 10:35:25] [0001.626] I> 34) Base:0xf0110000 Size:0x1856f0000
[2022-03-14 10:35:25] [0001.631] I> 35) Base:0x00000000 Size:0x00000000
[2022-03-14 10:35:25] [0001.635] I> 36) Base:0x00000000 Size:0x00000000
[2022-03-14 10:35:25] [0001.639] I> 37) Base:0x2772e0000 Size:0x00020000
[2022-03-14 10:35:25] [0001.644] I> 38) Base:0x84000000 Size:0x00400000
[2022-03-14 10:35:25] [0001.648] I> 39) Base:0x96000000 Size:0x02000000
[2022-03-14 10:35:25] [0001.653] I> 40) Base:0x85000000 Size:0x01200000
[2022-03-14 10:35:25] [0001.657] I> 41) Base:0x275800000 Size:0x00500000
[2022-03-14 10:35:25] [0001.662] I> 42) Base:0x00000000 Size:0x00000000
[2022-03-14 10:35:25] [0001.666] I> 43) Base:0x00000000 Size:0x00000000
[2022-03-14 10:35:25] [0001.671] GIC-SPI Target CPU: 4
[2022-03-14 10:35:25] [0001.674] Interrupts Init done
[2022-03-14 10:35:25] [0001.677] calling constructors
[2022-03-14 10:35:25] [0001.680] initializing heap
[2022-03-14 10:35:25] [0001.683] initializing threads
[2022-03-14 10:35:25] [0001.686] initializing timers
[2022-03-14 10:35:25] [0001.689] creating bootstrap completion thread
[2022-03-14 10:35:25] [0001.694] top of bootstrap2()
[2022-03-14 10:35:25] [0001.697] CPU: ARM Cortex A57
[2022-03-14 10:35:25] [0001.700] CPU: MIDR: 0x411FD073, MPIDR: 0x80000100
[2022-03-14 10:35:25] [0001.705] initializing platform
[2022-03-14 10:35:25] [0001.709] I> Bl_dtb @0x85205400
[2022-03-14 10:35:25] [0001.712] I> gpio framework initialized
[2022-03-14 10:35:25] [0001.718] I> tegrabl_gpio_driver_register: register 'nvidia,tegra186-gpio' driver
[2022-03-14 10:35:25] [0001.728] I> tegrabl_gpio_driver_register: register 'nvidia,tegra186-gpio-aon' driver
[2022-03-14 10:35:25] [0001.736] I> GPIO framework and drivers are initialized.
[2022-03-14 10:35:25] [0001.741] I> Boot-device: eMMC
[2022-03-14 10:35:25] [0001.748] I> sdmmc bdev is already initialized
[2022-03-14 10:35:25] [0001.779] I> Found 19 partitions in SDMMC_BOOT (instance 3)
[2022-03-14 10:35:25] [0001.797] I> Found 33 partitions in SDMMC_USER (instance 3)
[2022-03-14 10:35:25] [0001.802] W> opt-in fuse is not set, skip fuse_burning
[2022-03-14 10:35:25] [0001.807] I> Reserved memory at 0xfbe00000 for U-Boot relocation
[2022-03-14 10:35:25] [0001.813] W> No valid slot number is found in scratch register
[2022-03-14 10:35:25] [0001.818] W> Return default slot: _a
[2022-03-14 10:35:25] [0001.828] I> A/B: bin_type (21) slot 0
[2022-03-14 10:35:25] [0001.831] I> Loading kernel-dtb from partition
[2022-03-14 10:35:25] [0001.836] I> Loading partition kernel-dtb at 0x80000000 from device(0x1)
[2022-03-14 10:35:25] [0001.853] I> Kernel_dtb @0x80000000
[2022-03-14 10:35:25] [0001.856] I> tegrabl_tca9539_init: i2c bus: 0, slave addr: 0xee
[2022-03-14 10:35:25] [0001.867] I> tegrabl_gpio_driver_register: register 'tca9539_gpio_driver' driver
[2022-03-14 10:35:25] [0001.874] I> tegrabl_tca9539_init: i2c bus: 0, slave addr: 0xe8
[2022-03-14 10:35:26] [0001.883] I> tegrabl_gpio_driver_register: register 'tca9539_gpio_driver' driver
[2022-03-14 10:35:26] [0001.893] I> fixed regulator driver initialized
[2022-03-14 10:35:26] [0001.926] I> register 'maxim' power off handle
[2022-03-14 10:35:26] [0001.933] I> virtual i2c enabled
[2022-03-14 10:35:26] [0001.936] I> registered 'maxim,max77620' pmic
[2022-03-14 10:35:26] [0001.940] I> tegrabl_gpio_driver_register: register 'max77620-gpio' driver
[2022-03-14 10:35:26] [0001.954] E> failed to read label property for node 324936: 13
[2022-03-14 10:35:26] [0001.962] E> failed to read reg property for node 325032: 13
[2022-03-14 10:35:26] [0001.971] E> failed to read reg property for node 325084: 13
[2022-03-14 10:35:26] [0001.979] E> failed to read label property for node 325168: 13
[2022-03-14 10:35:26] [0001.987] E> failed to read label property for node 325236: 13
[2022-03-14 10:35:26] [0001.996] E> failed to read reg property for node 325304: 13
[2022-03-14 10:35:26] [0002.004] E> failed to read reg property for node 325376: 13
[2022-03-14 10:35:26] [0002.014] I> Find /i2c@c250000's alias i2c7
[2022-03-14 10:35:26] [0002.018] I> Reading eeprom i2c=7 address=0x50
[2022-03-14 10:35:26] [0002.048] I> Device at /i2c@c250000:0x50
[2022-03-14 10:35:26] [0002.051] I> Reading eeprom i2c=7 address=0x57
[2022-03-14 10:35:26] [0002.080] I> Device at /i2c@c250000:0x57
[2022-03-14 10:35:26] [0002.084] I> Find /i2c@c240000's alias i2c1
[2022-03-14 10:35:26] [0002.088] I> Reading eeprom i2c=1 address=0x51
[2022-03-14 10:35:26] [0002.094] E> I2C: slave not found in slaves.
[2022-03-14 10:35:26] [0002.098] E> I2C: Could not write 0 bytes to slave: 0x00a2 with repeat start true.
[2022-03-14 10:35:26] [0002.105] E> I2C_DEV: Failed to send register address 0x00000000.
[2022-03-14 10:35:26] [0002.111] E> I2C_DEV: Could not read 256 registers of size 1 from slave 0xa2 at 0x00000000 via instance 1.
[2022-03-14 10:35:26] [0002.121] E> eeprom: Retry to read I2C slave device.
[2022-03-14 10:35:26] [0002.126] E> I2C: slave not found in slaves.
[2022-03-14 10:35:26] [0002.130] E> I2C: Could not write 0 bytes to slave: 0x00a2 with repeat start true.
[2022-03-14 10:35:26] [0002.138] E> I2C_DEV: Failed to send register address 0x00000000.
[2022-03-14 10:35:26] [0002.143] E> I2C_DEV: Could not read 256 registers of size 1 from slave 0xa2 at 0x00000000 via instance 1.
[2022-03-14 10:35:26] [0002.153] E> eeprom: Failed to read I2C slave device
[2022-03-14 10:35:26] [0002.158] I> Eeprom read failed 0x3526070d
[2022-03-14 10:35:26] [0002.162] I> Find /i2c@3160000's alias i2c0
[2022-03-14 10:35:26] [0002.166] I> Reading eeprom i2c=0 address=0x50
[2022-03-14 10:35:26] [0002.171] E> I2C: slave not found in slaves.
[2022-03-14 10:35:26] [0002.175] E> I2C: Could not write 0 bytes to slave: 0x00a0 with repeat start true.
[2022-03-14 10:35:26] [0002.182] E> I2C_DEV: Failed to send register address 0x00000000.
[2022-03-14 10:35:26] [0002.188] E> I2C_DEV: Could not read 256 registers of size 1 from slave 0xa0 at 0x00000000 via instance 0.
[2022-03-14 10:35:26] [0002.198] E> eeprom: Failed to read I2C slave device
[2022-03-14 10:35:26] [0002.203] I> Eeprom read failed 0x3526070d
[2022-03-14 10:35:26] [0002.207] I> Find /i2c@3180000's alias i2c2
[2022-03-14 10:35:26] [0002.211] I> Reading eeprom i2c=2 address=0x54
[2022-03-14 10:35:26] [0002.216] I> Enabling gpio chip_id = 2, gpio pin = 9
[2022-03-14 10:35:26] [0002.246] I> Disabling gpio chip_id = 2, gpio pin = 9
[2022-03-14 10:35:26] [0002.251] I> Device at /i2c@3180000:0x54
[2022-03-14 10:35:26] [0002.255] I> Reading eeprom i2c=2 address=0x57
[2022-03-14 10:35:26] [0002.259] I> Enabling gpio chip_id = 2, gpio pin = 9
[2022-03-14 10:35:26] [0002.265] E> I2C: slave not found in slaves.
[2022-03-14 10:35:26] [0002.269] E> I2C: Could not write 0 bytes to slave: 0x00ae with repeat start true.
[2022-03-14 10:35:26] [0002.277] E> I2C_DEV: Failed to send register address 0x00000000.
[2022-03-14 10:35:26] [0002.283] E> I2C_DEV: Could not read 256 registers of size 1 from slave 0xae at 0x00000000 via instance 2.
[2022-03-14 10:35:26] [0002.292] E> eeprom: Failed to read I2C slave device
[2022-03-14 10:35:26] [0002.297] I> Disabling gpio chip_id = 2, gpio pin = 9
[2022-03-14 10:35:26] [0002.302] I> Eeprom read failed 0x00000000
[2022-03-14 10:35:26] [0002.306] I> create_pm_ids: id: 3310-1000-D00-L, len: 15
[2022-03-14 10:35:26] [0002.311] I> config: mem-type:00,power-config:00,misc-config:00,modem-config:00,touch-config:00,display-config:00,, len: 93
[2022-03-14 10:35:26] [0002.322] I> create_pm_ids: id: 2597-0000-900-E, len: 15
[2022-03-14 10:35:26] [0002.327] I> config: mem-type:00,power-config:00,misc-config:00,modem-config:00,touch-config:00,display-config:00,, len: 93
[2022-03-14 10:35:26] [0002.338] I> create_pm_ids: id: 3326-1000-000-M, len: 15
[2022-03-14 10:35:26] [0002.343] I> config: mem-type:ff,power-config:ff,misc-config:ff,modem-config:ff,touch-config:ff,display-config:ff,, len: 93
[2022-03-14 10:35:26] [0002.378] I> enabling 'vdd-hdmi' regulator
[2022-03-14 10:35:26] [0002.394] I> regulator 'vdd-hdmi' already enabled
[2022-03-14 10:35:26] [0002.399] E> tegrabl_display_init_regulator: hdmi cable is not connected
[2022-03-14 10:35:26] [0002.405] E> tegrabl_display_get_pdata, failed to parse dtb settings
[2022-03-14 10:35:26] [0002.414] E> cannot find any other nvdisp nodes
[2022-03-14 10:35:26] [0002.418] E> no valid display unit config found in dtb
[2022-03-14 10:35:26] [0002.424] W> display init failed
[2022-03-14 10:35:26] [0002.427] initializing target
[2022-03-14 10:35:26] [0002.430] calling apps_init()
[2022-03-14 10:35:26] [0002.433] starting app kernel_boot_app
[2022-03-14 10:35:26] [0002.455] I> found decompressor handler: lz4-legacy
[2022-03-14 10:35:26] [0002.460] I> decompressing BMP blob ...
[2022-03-14 10:35:26] [0002.472] I> Kernel type = Normal
[2022-03-14 10:35:26] [0002.476] I> ########## Fixed storage boot ##########
[2022-03-14 10:35:26] [0002.480] I> Loading kernel-bootctrl from partition
[2022-03-14 10:35:26] [0002.485] I> Loading partition kernel-bootctrl at 0xa8000000 from device(0x1)
[2022-03-14 10:35:26] [0002.499] W> tegrabl_get_kernel_bootctrl: magic number(0x00000000) is invalid
[2022-03-14 10:35:26] [0002.506] W> tegrabl_get_kernel_bootctrl: use default dummy boot control data
[2022-03-14 10:35:26] [0002.513] W> No valid slot number is found in scratch register
[2022-03-14 10:35:26] [0002.519] W> Return default slot: _a
[2022-03-14 10:35:26] [0002.522] I> A/B: bin_type (24) slot 0
[2022-03-14 10:35:26] [0002.538] I> Boot image size read from image header: 9913d
[2022-03-14 10:35:26] [0002.543] I> Boot image load address: 0x80400000
[2022-03-14 10:35:26] [0002.548] I> Loading kernel from partition
[2022-03-14 10:35:26] [0002.552] I> Loading partition kernel at 0x80400000 from device(0x1)
[2022-03-14 10:35:27] [0003.494] I> Validate kernel ...
[2022-03-14 10:35:27] [0003.497] I> T18x: Authenticate kernel (bin_type 24), max size 0x4000000
[2022-03-14 10:35:27] [0003.505] I> Decrypt the buffer ... [0003.508] W> tegrabl_decrypt_block: fuse (0x0) is not burnt to do encryption (0x4); skip decryption.
[2022-03-14 10:35:27] [0003.517] I> done
[2022-03-14 10:35:27] [0003.519] I> Checking boot.img header magic ... [0003.523] I> [OK]
[2022-03-14 10:35:27] [0003.525] I> kernel-dtb is already loaded
[2022-03-14 10:35:27] [0003.529] I> Validate kernel-dtb ...
[2022-03-14 10:35:27] [0003.532] I> T18x: Authenticate kernel-dtb (bin_type 21), max size 0x100000
[2022-03-14 10:35:27] [0003.540] I> Decrypt the buffer ... [0003.543] W> tegrabl_decrypt_block: fuse (0x0) is not burnt to do encryption (0x4); skip decryption.
[2022-03-14 10:35:27] [0003.552] I> done
[2022-03-14 10:35:27] [0003.554] I> Kernel hdr @0x80400000
[2022-03-14 10:35:27] [0003.557] I> Kernel dtb @0x80000000
[2022-03-14 10:35:27] [0003.560] I> decompressor handler not found
[2022-03-14 10:35:27] [0003.564] I> Copying kernel image (627005 bytes) from 0x80400800 to 0x80600000 ... [0003.572] I> Done
[2022-03-14 10:35:27] [0003.574] I> Move ramdisk (len: 0) from 0x8049a000 to 0x947d0000
[2022-03-14 10:35:27] [0003.581] I> Updated bpmp info to DTB
[2022-03-14 10:35:27] [0003.587] I> Ramdisk: Base: 0x947d0000; Size: 0x0
[2022-03-14 10:35:27] [0003.592] I> Updated initrd info to DTB
[2022-03-14 10:35:27] [0003.595] W> WARN: Fail to override "console=none" in commandline
[2022-03-14 10:35:27] [0003.601] I> Active rootfs suffix: 
[2022-03-14 10:35:27] [0003.605] E> tegrabl_linuxboot_add_disp_param, du 0 failed to get display params
[2022-03-14 10:35:27] [0003.612] E> tegrabl_linuxboot_add_disp_param, du 0 failed to get display params
[2022-03-14 10:35:27] [0003.619] E> tegrabl_linuxboot_add_disp_param, du 0 failed to get display params
[2022-03-14 10:35:27] [0003.626] I> disabled_core_mask: 0xffffff0c
[2022-03-14 10:35:27] [0003.630] W> No valid slot number is found in scratch register
[2022-03-14 10:35:27] [0003.636] W> Return default slot: _a
[2022-03-14 10:35:27] [0003.639] I> Active slot suffix: 
[2022-03-14 10:35:27] [0003.642] I> add_boot_slot_suffix: slot_suffix = 
[2022-03-14 10:35:27] [0003.647] I> Linux Cmdline: console=ttyS0,115200 androidboot.presilicon=true firmware_class.path=/etc/firmware root=/dev/mmcblk0p1 rw rootwait rootfstype=ext4 console=ttyS0,115200n8 console=tty0 fbcon=map:0 net.ifnames=0 isolcpus=1-2  video=tegrafb earlycon=uart8250,mmio32,0x3100000 nvdumper_reserved=0x2772e0000 gpt rootfs.slot_suffix= usbcore.old_scheme_first=1 tegraid=18.1.2.0.0 maxcpus=6 no_console_suspend boot.slot_suffix= boot.ratchetvalues=0.2031647.1 vpr_resize bl_prof_dataptr=0x10000@0x275840000 sdhci_tegra.en_boot_part_access=1 
[2022-03-14 10:35:27] [0003.694] I> Updated bootarg info to DTB
[2022-03-14 10:35:27] [0003.698] I> eeprom_get_mac_addr: MAC (type: 0): 48:b0:2d:0f:11:c5
[2022-03-14 10:35:27] [0003.704] I> eeprom_get_mac_addr: MAC (type: 1): 48:b0:2d:0f:11:c6
[2022-03-14 10:35:27] [0003.711] I> eeprom_get_mac_addr: MAC (type: 2): 48:b0:2d:0f:11:c7
[2022-03-14 10:35:27] [0003.717] E> Found no plugin manager ids in source DT
[2022-03-14 10:35:27] [0003.722] W> Add plugin manager ids from board info
[2022-03-14 10:35:27] [0003.727] W> "plugin-manager" doesn't exist, creating
[2022-03-14 10:35:27] [0003.731] W> "ids" doesn't exist, creating
[2022-03-14 10:35:27] [0003.735] W> "connection" doesn't exist, creating
[2022-03-14 10:35:27] [0003.740] W> "configs" doesn't exist, creating
[2022-03-14 10:35:27] [0003.744] I> create_pm_ids: id: 3310-1000-D00-L, len: 15
[2022-03-14 10:35:27] [0003.750] I> config: mem-type:00,power-config:00,misc-config:00,modem-config:00,touch-config:00,display-config:00,, len: 93
[2022-03-14 10:35:27] [0003.760] I> create_pm_ids: id: 2597-0000-900-E, len: 15
[2022-03-14 10:35:27] [0003.766] I> config: mem-type:00,power-config:00,misc-config:00,modem-config:00,touch-config:00,display-config:00,, len: 93
[2022-03-14 10:35:27] [0003.777] I> create_pm_ids: id: 3326-1000-000-M, len: 15
[2022-03-14 10:35:27] [0003.782] I> config: mem-type:ff,power-config:ff,misc-config:ff,modem-config:ff,touch-config:ff,display-config:ff,, len: 93
[2022-03-14 10:35:27] [0003.793] I> Adding plugin-manager/ids/3310-1000-D00=/i2c@c250000:module@0x50
[2022-03-14 10:35:27] [0003.800] W> "i2c@c250000" doesn't exist, creating
[2022-03-14 10:35:27] [0003.805] W> "module@0x50" doesn't exist, creating
[2022-03-14 10:35:27] [0003.810] I> Adding plugin-manager/ids/2597-0000-900=/i2c@c250000:module@0x57
[2022-03-14 10:35:27] [0003.817] W> "module@0x57" doesn't exist, creating
[2022-03-14 10:35:27] [0003.822] I> Adding plugin-manager/ids/3326-1000-000=/i2c@3180000:module@0x54
[2022-03-14 10:35:27] [0003.829] W> "i2c@3180000" doesn't exist, creating
[2022-03-14 10:35:27] [0003.834] W> "module@0x54" doesn't exist, creating
[2022-03-14 10:35:27] [0003.840] I> Adding plugin-manager/ids/3310-1000-D00-L
[2022-03-14 10:35:27] [0003.847] I> Adding plugin-manager/configs/3310-mem-type 00
[2022-03-14 10:35:27] [0003.853] I> Adding plugin-manager/configs/3310-power-config 00
[2022-03-14 10:35:27] [0003.859] I> Adding plugin-manager/configs/3310-misc-config 00
[2022-03-14 10:35:27] [0003.865] I> Adding plugin-manager/configs/3310-modem-config 00
[2022-03-14 10:35:27] [0003.871] I> Adding plugin-manager/configs/3310-touch-config 00
[2022-03-14 10:35:28] [0003.877] I> Adding plugin-manager/configs/3310-display-config 00
