[0000.287] I> Welcome to MB2(TBoot-BPMP)(version: 01.00.160913-t186-M-00.00-mobile-c368a720)
[2022-03-14 10:41:58] [0000.295] I> Boot-device: eMMC
[2022-03-14 10:41:58] [0000.303] I> sdmmc bdev is already initialized
[2022-03-14 10:41:58] [0000.307] I> pmic: reset reason (nverc)	: 0x80
[2022-03-14 10:41:58] [0000.340] I> Found 19 partitions in SDMMC_BOOT (instance 3)
[2022-03-14 10:41:59] [0000.360] I> Found 33 partitions in SDMMC_USER (instance 3)
[2022-03-14 10:41:59] [0000.366] W> No valid slot number is found in scratch register
[2022-03-14 10:41:59] [0000.372] W> Return default slot: _a
[2022-03-14 10:41:59] [0000.375] I> A/B: bin_type (16) slot 0
[2022-03-14 10:41:59] [0000.379] I> Loading partition bpmp-fw at 0xd7800000
[2022-03-14 10:41:59] [0000.384] I> Reading two headers - addr:0xd7800000 blocks:1
[2022-03-14 10:41:59] [0000.389] I> Addr: 0xd7800000, start-block: 58777608, num_blocks: 1
[2022-03-14 10:41:59] [0000.414] I> Binary(16) of size 534416 is loaded @ 0xd7800000
[2022-03-14 10:41:59] [0000.420] W> No valid slot number is found in scratch register
[2022-03-14 10:41:59] [0000.425] W> Return default slot: _a
[2022-03-14 10:41:59] [0000.429] I> A/B: bin_type (17) slot 0
[2022-03-14 10:41:59] [0000.432] I> Loading partition bpmp-fw-dtb at 0xd79f0000
[2022-03-14 10:41:59] [0000.437] I> Reading two headers - addr:0xd79f0000 blocks:1
[2022-03-14 10:41:59] [0000.443] I> Addr: 0xd79f0000, start-block: 58780024, num_blocks: 1
[2022-03-14 10:41:59] [0000.469] I> Binary(17) of size 604720 is loaded @ 0xd796c400
[2022-03-14 10:41:59] [0000.699] I> Loading SCE-FW ...
[2022-03-14 10:41:59] [0000.702] W> No valid slot number is found in scratch register
[2022-03-14 10:41:59] [0000.707] W> Return default slot: _a
[2022-03-14 10:41:59] [0000.711] I> A/B: bin_type (12) slot 0
[2022-03-14 10:41:59] [0000.714] I> Loading partition sce-fw at 0xd7300000
[2022-03-14 10:41:59] [0000.719] I> Reading two headers - addr:0xd7300000 blocks:1
[2022-03-14 10:41:59] [0000.725] I> Addr: 0xd7300000, start-block: 58784120, num_blocks: 1
[2022-03-14 10:41:59] [0000.744] I> Binary(12) of size 125632 is loaded @ 0xd7300000
[2022-03-14 10:41:59] [0000.749] I> Init SCE
[2022-03-14 10:41:59] [0000.752] I> Loading APE-FW ...
[2022-03-14 10:41:59] [0000.755] W> No valid slot number is found in scratch register
[2022-03-14 10:41:59] [0000.760] W> Return default slot: _a
[2022-03-14 10:41:59] [0000.764] I> A/B: bin_type (11) slot 0
[2022-03-14 10:41:59] [0000.767] I> Loading partition adsp-fw at 0xd7400000
[2022-03-14 10:41:59] [0000.772] I> Reading two headers - addr:0xd7400000 blocks:1
[2022-03-14 10:41:59] [0000.778] I> Addr: 0xd7400000, start-block: 58761224, num_blocks: 1
[2022-03-14 10:41:59] [0000.797] I> Binary(11) of size 77216 is loaded @ 0xd7400000
[2022-03-14 10:41:59] [0000.803] I> Copy BTCM section
[2022-03-14 10:41:59] [0000.805] W> No valid slot number is found in scratch register
[2022-03-14 10:41:59] [0000.811] W> Return default slot: _a
[2022-03-14 10:41:59] [0000.815] I> A/B: bin_type (13) slot 0
[2022-03-14 10:41:59] [0000.818] I> Loading partition cpu-bootloader at 0x96000000
[2022-03-14 10:41:59] [0000.824] I> Reading two headers - addr:0x96000000 blocks:1
[2022-03-14 10:41:59] [0000.829] I> Addr: 0x96000000, start-block: 58740744, num_blocks: 1
[2022-03-14 10:41:59] [0000.850] I> Binary(13) of size 308800 is loaded @ 0x96000000
[2022-03-14 10:41:59] [0000.856] W> No valid slot number is found in scratch register
[2022-03-14 10:41:59] [0000.861] W> Return default slot: _a
[2022-03-14 10:41:59] [0000.865] I> A/B: bin_type (20) slot 0
[2022-03-14 10:41:59] [0000.868] I> Loading partition bootloader-dtb at 0x85205400
[2022-03-14 10:41:59] [0000.874] I> Reading two headers - addr:0x85205400 blocks:1
[2022-03-14 10:41:59] [0000.879] I> Addr: 0x85205400, start-block: 58742792, num_blocks: 1
[2022-03-14 10:41:59] [0000.901] I> Binary(20) of size 375568 is loaded @ 0x85205400
[2022-03-14 10:41:59] [0000.907] W> No valid slot number is found in scratch register
[2022-03-14 10:41:59] [0000.913] W> Return default slot: _a
[2022-03-14 10:41:59] [0000.916] I> A/B: bin_type (14) slot 0
[2022-03-14 10:41:59] [0000.920] I> Loading partition secure-os at 0x85305600
[2022-03-14 10:41:59] [0000.925] I> Reading two headers - addr:0x85305600 blocks:1
[2022-03-14 10:41:59] [0000.930] I> Addr: 0x85305600, start-block: 58744840, num_blocks: 1
[2022-03-14 10:41:59] [0000.952] I> Binary(14) of size 402864 is loaded @ 0x85305600
[2022-03-14 10:41:59] [0000.960] I> TOS boot-params @ 0x85000000
[2022-03-14 10:41:59] [0000.964] I> TOS params prepared
[2022-03-14 10:41:59] [0000.967] I> Loading EKS ...
[2022-03-14 10:41:59] [0000.970] I> A/B: bin_type (15) slot 0
[2022-03-14 10:41:59] [0000.973] I> Loading partition eks at 0x85905800
[2022-03-14 10:41:59] [0000.978] I> Reading two headers - addr:0x85905800 blocks:1
[2022-03-14 10:41:59] [0000.983] I> Addr: 0x85905800, start-block: 58757128, num_blocks: 1
[2022-03-14 10:41:59] [0001.002] I> Binary(15) of size 1040 is loaded @ 0x85905800
[2022-03-14 10:41:59] [0001.007] I> EKB detected (length: 0x400) @ 0x85905800
[2022-03-14 10:41:59] [0001.013] I> Copied encrypted keys
[2022-03-14 10:41:59] [0001.016] I> boot profiler @ 0x275844000
[2022-03-14 10:41:59] [0001.020] I> boot profiler for TOS @ 0x275844000
[2022-03-14 10:41:59] [0001.025] I> Unhalting SCE
[2022-03-14 10:41:59] [0001.027] I> Primary Memory Start:80000000 Size:70000000
[2022-03-14 10:41:59] [0001.033] I> Extended Memory Start:f0110000 Size:1856f0000
[2022-03-14 10:41:59] [0001.040] I> MB2(TBoot-BPMP) done
[2022-03-14 10:41:59] 
[2022-03-14 10:41:59] NOTICE:  BL31: v1.3(release):b5eeb33f7
[2022-03-14 10:41:59] NOTICE:  BL31: Built : 12:15:17, Jul 26 2021
[2022-03-14 10:41:59] ipc-unittest-main: 1519: Welcome to IPC unittest!!!
[2022-03-14 10:41:59] ipc-unittest-main: 1531: waiting forever
[2022-03-14 10:41:59] ipc-unittest-srv: 329: Init unittest services!!!
[2022-03-14 10:41:59] hwkey-agent: 41: hwkey-agent is running!!
[2022-03-14 10:41:59] hwkey-agent: 315: key_mgnt_processing .......
[2022-03-14 10:41:59] hwkey-agent: 223: Setting EKB key 0 to slot 14
[2022-03-14 10:41:59] hwkey-agent: 178: Init hweky-agent services!!
[2022-03-14 10:41:59] luks-srv: 40: luks-srv is running!!
[2022-03-14 10:41:59] luks-srv: 157: Init luks-srv IPC services!!
[2022-03-14 10:41:59] platform_bootstrap_epilog: trusty bootstrap complete
[2022-03-14 10:42:00] [0001.412] I> Welcome to Cboot
[2022-03-14 10:42:00] [0001.415] I> Cboot Version: t186-00029e71
[2022-03-14 10:42:00] [0001.418] I> CPU-BL Params @ 0x275800000
[2022-03-14 10:42:00] [0001.422] I>  0) Base:0x00000000 Size:0x00000000
[2022-03-14 10:42:00] [0001.427] I>  1) Base:0x277f00000 Size:0x00100000
[2022-03-14 10:42:00] [0001.431] I>  2) Base:0x277e00000 Size:0x00100000
[2022-03-14 10:42:00] [0001.436] I>  3) Base:0x277d00000 Size:0x00100000
[2022-03-14 10:42:00] [0001.440] I>  4) Base:0x277c00000 Size:0x00100000
[2022-03-14 10:42:00] [0001.445] I>  5) Base:0x277b00000 Size:0x00100000
[2022-03-14 10:42:00] [0001.449] I>  6) Base:0x277800000 Size:0x00200000
[2022-03-14 10:42:00] [0001.454] I>  7) Base:0x277400000 Size:0x00400000
[2022-03-14 10:42:00] [0001.458] I>  8) Base:0x277a00000 Size:0x00100000
[2022-03-14 10:42:00] [0001.463] I>  9) Base:0x277300000 Size:0x00100000
[2022-03-14 10:42:00] [0001.467] I> 10) Base:0x276800000 Size:0x00800000
[2022-03-14 10:42:00] [0001.472] I> 11) Base:0x30000000 Size:0x00040000
[2022-03-14 10:42:00] [0001.476] I> 12) Base:0xf0000000 Size:0x00100000
[2022-03-14 10:42:00] [0001.481] I> 13) Base:0x30040000 Size:0x00001000
[2022-03-14 10:42:00] [0001.485] I> 14) Base:0x30048000 Size:0x00001000
[2022-03-14 10:42:00] [0001.490] I> 15) Base:0x30049000 Size:0x00001000
[2022-03-14 10:42:00] [0001.494] I> 16) Base:0x3004a000 Size:0x00001000
[2022-03-14 10:42:00] [0001.498] I> 17) Base:0x3004b000 Size:0x00001000
[2022-03-14 10:42:00] [0001.503] I> 18) Base:0x3004c000 Size:0x00001000
[2022-03-14 10:42:00] [0001.507] I> 19) Base:0x3004d000 Size:0x00001000
[2022-03-14 10:42:00] [0001.512] I> 20) Base:0x3004e000 Size:0x00001000
[2022-03-14 10:42:00] [0001.516] I> 21) Base:0x3004f000 Size:0x00001000
[2022-03-14 10:42:00] [0001.521] I> 22) Base:0x00000000 Size:0x00000000
[2022-03-14 10:42:00] [0001.525] I> 23) Base:0xf0100000 Size:0x00010000
[2022-03-14 10:42:00] [0001.529] I> 24) Base:0x00000000 Size:0x00000000
[2022-03-14 10:42:00] [0001.534] I> 25) Base:0x00000000 Size:0x00000000
[2022-03-14 10:42:00] [0001.538] I> 26) Base:0x00000000 Size:0x00000000
[2022-03-14 10:42:00] [0001.543] I> 27) Base:0x00000000 Size:0x00000000
[2022-03-14 10:42:00] [0001.547] I> 28) Base:0x84400000 Size:0x00400000
[2022-03-14 10:42:00] [0001.552] I> 29) Base:0x30000000 Size:0x00010000
[2022-03-14 10:42:00] [0001.556] I> 30) Base:0x278000000 Size:0x08000000
[2022-03-14 10:42:00] [0001.561] I> 31) Base:0x00000000 Size:0x00000000
[2022-03-14 10:42:00] [0001.565] I> 32) Base:0x276000000 Size:0x00600000
[2022-03-14 10:42:00] [0001.569] I> 33) Base:0x80000000 Size:0x70000000
[2022-03-14 10:42:00] [0001.574] I> 34) Base:0xf0110000 Size:0x1856f0000
[2022-03-14 10:42:00] [0001.578] I> 35) Base:0x00000000 Size:0x00000000
[2022-03-14 10:42:00] [0001.583] I> 36) Base:0x00000000 Size:0x00000000
[2022-03-14 10:42:00] [0001.587] I> 37) Base:0x2772e0000 Size:0x00020000
[2022-03-14 10:42:00] [0001.592] I> 38) Base:0x84000000 Size:0x00400000
[2022-03-14 10:42:00] [0001.596] I> 39) Base:0x96000000 Size:0x02000000
[2022-03-14 10:42:00] [0001.601] I> 40) Base:0x85000000 Size:0x01200000
[2022-03-14 10:42:00] [0001.605] I> 41) Base:0x275800000 Size:0x00500000
[2022-03-14 10:42:00] [0001.610] I> 42) Base:0x00000000 Size:0x00000000
[2022-03-14 10:42:00] [0001.614] I> 43) Base:0x00000000 Size:0x00000000
[2022-03-14 10:42:00] [0001.618] GIC-SPI Target CPU: 4
[2022-03-14 10:42:00] [0001.622] Interrupts Init done
[2022-03-14 10:42:00] [0001.625] calling constructors
[2022-03-14 10:42:00] [0001.628] initializing heap
[2022-03-14 10:42:00] [0001.631] initializing threads
[2022-03-14 10:42:00] [0001.634] initializing timers
[2022-03-14 10:42:00] [0001.637] creating bootstrap completion thread
[2022-03-14 10:42:00] [0001.642] top of bootstrap2()
[2022-03-14 10:42:00] [0001.645] CPU: ARM Cortex A57
[2022-03-14 10:42:00] [0001.648] CPU: MIDR: 0x411FD073, MPIDR: 0x80000100
[2022-03-14 10:42:00] [0001.653] initializing platform
[2022-03-14 10:42:00] [0001.656] I> Bl_dtb @0x85205400
[2022-03-14 10:42:00] [0001.659] I> gpio framework initialized
[2022-03-14 10:42:00] [0001.666] I> tegrabl_gpio_driver_register: register 'nvidia,tegra186-gpio' driver
[2022-03-14 10:42:00] [0001.676] I> tegrabl_gpio_driver_register: register 'nvidia,tegra186-gpio-aon' driver
[2022-03-14 10:42:00] [0001.684] I> GPIO framework and drivers are initialized.
[2022-03-14 10:42:00] [0001.689] I> Boot-device: eMMC
[2022-03-14 10:42:00] [0001.696] I> sdmmc bdev is already initialized
[2022-03-14 10:42:00] [0001.727] I> Found 19 partitions in SDMMC_BOOT (instance 3)
[2022-03-14 10:42:00] [0001.744] I> Found 33 partitions in SDMMC_USER (instance 3)
[2022-03-14 10:42:00] [0001.750] W> opt-in fuse is not set, skip fuse_burning
[2022-03-14 10:42:00] [0001.755] I> Reserved memory at 0xfbe00000 for U-Boot relocation
[2022-03-14 10:42:00] [0001.761] W> No valid slot number is found in scratch register
[2022-03-14 10:42:00] [0001.766] W> Return default slot: _a
[2022-03-14 10:42:00] [0001.776] I> A/B: bin_type (21) slot 0
[2022-03-14 10:42:00] [0001.779] I> Loading kernel-dtb from partition
[2022-03-14 10:42:00] [0001.784] I> Loading partition kernel-dtb at 0x80000000 from device(0x1)
[2022-03-14 10:42:00] [0001.801] I> Kernel_dtb @0x80000000
[2022-03-14 10:42:00] [0001.804] I> tegrabl_tca9539_init: i2c bus: 0, slave addr: 0xee
[2022-03-14 10:42:00] [0001.814] I> tegrabl_gpio_driver_register: register 'tca9539_gpio_driver' driver
[2022-03-14 10:42:00] [0001.822] I> tegrabl_tca9539_init: i2c bus: 0, slave addr: 0xe8
[2022-03-14 10:42:00] [0001.831] I> tegrabl_gpio_driver_register: register 'tca9539_gpio_driver' driver
[2022-03-14 10:42:00] [0001.841] I> fixed regulator driver initialized
[2022-03-14 10:42:00] [0001.874] I> register 'maxim' power off handle
[2022-03-14 10:42:00] [0001.880] I> virtual i2c enabled
[2022-03-14 10:42:00] [0001.883] I> registered 'maxim,max77620' pmic
[2022-03-14 10:42:00] [0001.888] I> tegrabl_gpio_driver_register: register 'max77620-gpio' driver
[2022-03-14 10:42:00] [0001.902] E> failed to read label property for node 324936: 13
[2022-03-14 10:42:00] [0001.910] E> failed to read reg property for node 325032: 13
[2022-03-14 10:42:00] [0001.919] E> failed to read reg property for node 325084: 13
[2022-03-14 10:42:00] [0001.927] E> failed to read label property for node 325168: 13
[2022-03-14 10:42:00] [0001.935] E> failed to read label property for node 325236: 13
[2022-03-14 10:42:00] [0001.944] E> failed to read reg property for node 325304: 13
[2022-03-14 10:42:00] [0001.952] E> failed to read reg property for node 325376: 13
[2022-03-14 10:42:00] [0001.962] I> Find /i2c@c250000's alias i2c7
[2022-03-14 10:42:00] [0001.966] I> Reading eeprom i2c=7 address=0x50
[2022-03-14 10:42:00] [0001.996] I> Device at /i2c@c250000:0x50
[2022-03-14 10:42:00] [0001.999] I> Reading eeprom i2c=7 address=0x57
[2022-03-14 10:42:00] [0002.028] I> Device at /i2c@c250000:0x57
[2022-03-14 10:42:00] [0002.032] I> Find /i2c@c240000's alias i2c1
[2022-03-14 10:42:00] [0002.036] I> Reading eeprom i2c=1 address=0x51
[2022-03-14 10:42:00] [0002.041] E> I2C: slave not found in slaves.
[2022-03-14 10:42:00] [0002.046] E> I2C: Could not write 0 bytes to slave: 0x00a2 with repeat start true.
[2022-03-14 10:42:00] [0002.053] E> I2C_DEV: Failed to send register address 0x00000000.
[2022-03-14 10:42:00] [0002.059] E> I2C_DEV: Could not read 256 registers of size 1 from slave 0xa2 at 0x00000000 via instance 1.
[2022-03-14 10:42:00] [0002.069] E> eeprom: Retry to read I2C slave device.
[2022-03-14 10:42:00] [0002.074] E> I2C: slave not found in slaves.
[2022-03-14 10:42:00] [0002.078] E> I2C: Could not write 0 bytes to slave: 0x00a2 with repeat start true.
[2022-03-14 10:42:00] [0002.085] E> I2C_DEV: Failed to send register address 0x00000000.
[2022-03-14 10:42:00] [0002.091] E> I2C_DEV: Could not read 256 registers of size 1 from slave 0xa2 at 0x00000000 via instance 1.
[2022-03-14 10:42:00] [0002.101] E> eeprom: Failed to read I2C slave device
[2022-03-14 10:42:00] [0002.106] I> Eeprom read failed 0x3526070d
[2022-03-14 10:42:00] [0002.110] I> Find /i2c@3160000's alias i2c0
[2022-03-14 10:42:00] [0002.114] I> Reading eeprom i2c=0 address=0x50
[2022-03-14 10:42:00] [0002.118] E> I2C: slave not found in slaves.
[2022-03-14 10:42:00] [0002.122] E> I2C: Could not write 0 bytes to slave: 0x00a0 with repeat start true.
[2022-03-14 10:42:00] [0002.130] E> I2C_DEV: Failed to send register address 0x00000000.
[2022-03-14 10:42:00] [0002.136] E> I2C_DEV: Could not read 256 registers of size 1 from slave 0xa0 at 0x00000000 via instance 0.
[2022-03-14 10:42:00] [0002.146] E> eeprom: Failed to read I2C slave device
[2022-03-14 10:42:00] [0002.150] I> Eeprom read failed 0x3526070d
[2022-03-14 10:42:00] [0002.155] I> Find /i2c@3180000's alias i2c2
[2022-03-14 10:42:00] [0002.159] I> Reading eeprom i2c=2 address=0x54
[2022-03-14 10:42:00] [0002.163] I> Enabling gpio chip_id = 2, gpio pin = 9
[2022-03-14 10:42:00] [0002.194] I> Disabling gpio chip_id = 2, gpio pin = 9
[2022-03-14 10:42:00] [0002.199] I> Device at /i2c@3180000:0x54
[2022-03-14 10:42:00] [0002.203] I> Reading eeprom i2c=2 address=0x57
[2022-03-14 10:42:00] [0002.207] I> Enabling gpio chip_id = 2, gpio pin = 9
[2022-03-14 10:42:00] [0002.213] E> I2C: slave not found in slaves.
[2022-03-14 10:42:00] [0002.217] E> I2C: Could not write 0 bytes to slave: 0x00ae with repeat start true.
[2022-03-14 10:42:00] [0002.225] E> I2C_DEV: Failed to send register address 0x00000000.
[2022-03-14 10:42:00] [0002.231] E> I2C_DEV: Could not read 256 registers of size 1 from slave 0xae at 0x00000000 via instance 2.
[2022-03-14 10:42:00] [0002.240] E> eeprom: Failed to read I2C slave device
[2022-03-14 10:42:00] [0002.245] I> Disabling gpio chip_id = 2, gpio pin = 9
[2022-03-14 10:42:00] [0002.250] I> Eeprom read failed 0x00000000
[2022-03-14 10:42:00] [0002.254] I> create_pm_ids: id: 3310-1000-D00-L, len: 15
[2022-03-14 10:42:00] [0002.259] I> config: mem-type:00,power-config:00,misc-config:00,modem-config:00,touch-config:00,display-config:00,, len: 93
[2022-03-14 10:42:00] [0002.270] I> create_pm_ids: id: 2597-0000-900-E, len: 15
[2022-03-14 10:42:00] [0002.275] I> config: mem-type:00,power-config:00,misc-config:00,modem-config:00,touch-config:00,display-config:00,, len: 93
[2022-03-14 10:42:00] [0002.286] I> create_pm_ids: id: 3326-1000-000-M, len: 15
[2022-03-14 10:42:00] [0002.291] I> config: mem-type:ff,power-config:ff,misc-config:ff,modem-config:ff,touch-config:ff,display-config:ff,, len: 93
[2022-03-14 10:42:00] [0002.326] I> enabling 'vdd-hdmi' regulator
[2022-03-14 10:42:00] [0002.342] I> regulator 'vdd-hdmi' already enabled
[2022-03-14 10:42:00] [0002.346] E> tegrabl_display_init_regulator: hdmi cable is not connected
[2022-03-14 10:42:00] [0002.353] E> tegrabl_display_get_pdata, failed to parse dtb settings
[2022-03-14 10:42:01] [0002.362] E> cannot find any other nvdisp nodes
[2022-03-14 10:42:01] [0002.366] E> no valid display unit config found in dtb
[2022-03-14 10:42:01] [0002.372] W> display init failed
[2022-03-14 10:42:01] [0002.375] initializing target
[2022-03-14 10:42:01] [0002.378] calling apps_init()
[2022-03-14 10:42:01] [0002.381] starting app kernel_boot_app
[2022-03-14 10:42:01] [0002.403] I> found decompressor handler: lz4-legacy
[2022-03-14 10:42:01] [0002.408] I> decompressing BMP blob ...
[2022-03-14 10:42:01] [0002.420] I> Kernel type = Normal
[2022-03-14 10:42:01] [0002.423] I> ########## Fixed storage boot ##########
[2022-03-14 10:42:01] [0002.428] I> Loading kernel-bootctrl from partition
[2022-03-14 10:42:01] [0002.433] I> Loading partition kernel-bootctrl at 0xa8000000 from device(0x1)
[2022-03-14 10:42:01] [0002.447] W> tegrabl_get_kernel_bootctrl: magic number(0x00000000) is invalid
[2022-03-14 10:42:01] [0002.454] W> tegrabl_get_kernel_bootctrl: use default dummy boot control data
[2022-03-14 10:42:01] [0002.461] W> No valid slot number is found in scratch register
[2022-03-14 10:42:01] [0002.467] W> Return default slot: _a
[2022-03-14 10:42:01] [0002.470] I> A/B: bin_type (24) slot 0
[2022-03-14 10:42:01] [0002.486] I> Boot image size read from image header: 9913d
[2022-03-14 10:42:01] [0002.491] I> Boot image load address: 0x80400000
[2022-03-14 10:42:01] [0002.495] I> Loading kernel from partition
[2022-03-14 10:42:01] [0002.499] I> Loading partition kernel at 0x80400000 from device(0x1)
[2022-03-14 10:42:02] [0003.442] I> Validate kernel ...
[2022-03-14 10:42:02] [0003.445] I> T18x: Authenticate kernel (bin_type 24), max size 0x4000000
[2022-03-14 10:42:02] [0003.452] I> Decrypt the buffer ... [0003.456] W> tegrabl_decrypt_block: fuse (0x0) is not burnt to do encryption (0x4); skip decryption.
[2022-03-14 10:42:02] [0003.465] I> done
[2022-03-14 10:42:02] [0003.466] I> Checking boot.img header magic ... [0003.471] I> [OK]
[2022-03-14 10:42:02] [0003.472] I> kernel-dtb is already loaded
[2022-03-14 10:42:02] [0003.476] I> Validate kernel-dtb ...
[2022-03-14 10:42:02] [0003.480] I> T18x: Authenticate kernel-dtb (bin_type 21), max size 0x100000
[2022-03-14 10:42:02] [0003.487] I> Decrypt the buffer ... [0003.490] W> tegrabl_decrypt_block: fuse (0x0) is not burnt to do encryption (0x4); skip decryption.
[2022-03-14 10:42:02] [0003.499] I> done
[2022-03-14 10:42:02] [0003.501] I> Kernel hdr @0x80400000
[2022-03-14 10:42:02] [0003.504] I> Kernel dtb @0x80000000
[2022-03-14 10:42:02] [0003.508] I> decompressor handler not found
[2022-03-14 10:42:02] [0003.512] I> Copying kernel image (627005 bytes) from 0x80400800 to 0x80600000 ... [0003.519] I> Done
[2022-03-14 10:42:02] [0003.521] I> Move ramdisk (len: 0) from 0x8049a000 to 0x947d0000
[2022-03-14 10:42:02] [0003.529] I> Updated bpmp info to DTB
[2022-03-14 10:42:02] [0003.535] I> Ramdisk: Base: 0x947d0000; Size: 0x0
[2022-03-14 10:42:02] [0003.539] I> Updated initrd info to DTB
[2022-03-14 10:42:02] [0003.543] W> WARN: Fail to override "console=none" in commandline
[2022-03-14 10:42:02] [0003.549] I> Active rootfs suffix: 
[2022-03-14 10:42:02] [0003.552] E> tegrabl_linuxboot_add_disp_param, du 0 failed to get display params
[2022-03-14 10:42:02] [0003.559] E> tegrabl_linuxboot_add_disp_param, du 0 failed to get display params
[2022-03-14 10:42:02] [0003.566] E> tegrabl_linuxboot_add_disp_param, du 0 failed to get display params
[2022-03-14 10:42:02] [0003.574] I> disabled_core_mask: 0xffffff0c
[2022-03-14 10:42:02] [0003.578] W> No valid slot number is found in scratch register
[2022-03-14 10:42:02] [0003.583] W> Return default slot: _a
[2022-03-14 10:42:02] [0003.587] I> Active slot suffix: 
[2022-03-14 10:42:02] [0003.590] I> add_boot_slot_suffix: slot_suffix = 
[2022-03-14 10:42:02] [0003.594] I> Linux Cmdline: console=ttyS0,115200 androidboot.presilicon=true firmware_class.path=/etc/firmware root=/dev/mmcblk0p1 rw rootwait rootfstype=ext4 console=ttyS0,115200n8 console=tty0 fbcon=map:0 net.ifnames=0 isolcpus=1-2  video=tegrafb earlycon=uart8250,mmio32,0x3100000 nvdumper_reserved=0x2772e0000 gpt rootfs.slot_suffix= usbcore.old_scheme_first=1 tegraid=18.1.2.0.0 maxcpus=6 no_console_suspend boot.slot_suffix= boot.ratchetvalues=0.2031647.1 vpr_resize bl_prof_dataptr=0x10000@0x275840000 sdhci_tegra.en_boot_part_access=1 
[2022-03-14 10:42:02] [0003.642] I> Updated bootarg info to DTB
[2022-03-14 10:42:02] [0003.646] I> eeprom_get_mac_addr: MAC (type: 0): 48:b0:2d:0f:11:c5
[2022-03-14 10:42:02] [0003.652] I> eeprom_get_mac_addr: MAC (type: 1): 48:b0:2d:0f:11:c6
[2022-03-14 10:42:02] [0003.658] I> eeprom_get_mac_addr: MAC (type: 2): 48:b0:2d:0f:11:c7
[2022-03-14 10:42:02] [0003.664] E> Found no plugin manager ids in source DT
[2022-03-14 10:42:02] [0003.669] W> Add plugin manager ids from board info
[2022-03-14 10:42:02] [0003.674] W> "plugin-manager" doesn't exist, creating
[2022-03-14 10:42:02] [0003.679] W> "ids" doesn't exist, creating
[2022-03-14 10:42:02] [0003.683] W> "connection" doesn't exist, creating
[2022-03-14 10:42:02] [0003.687] W> "configs" doesn't exist, creating
[2022-03-14 10:42:02] [0003.692] I> create_pm_ids: id: 3310-1000-D00-L, len: 15
[2022-03-14 10:42:02] [0003.697] I> config: mem-type:00,power-config:00,misc-config:00,modem-config:00,touch-config:00,display-config:00,, len: 93
[2022-03-14 10:42:02] [0003.708] I> create_pm_ids: id: 2597-0000-900-E, len: 15
[2022-03-14 10:42:02] [0003.713] I> config: mem-type:00,power-config:00,misc-config:00,modem-config:00,touch-config:00,display-config:00,, len: 93
[2022-03-14 10:42:02] [0003.724] I> create_pm_ids: id: 3326-1000-000-M, len: 15
[2022-03-14 10:42:02] [0003.729] I> config: mem-type:ff,power-config:ff,misc-config:ff,modem-config:ff,touch-config:ff,display-config:ff,, len: 93
[2022-03-14 10:42:02] [0003.740] I> Adding plugin-manager/ids/3310-1000-D00=/i2c@c250000:module@0x50
[2022-03-14 10:42:02] [0003.747] W> "i2c@c250000" doesn't exist, creating
[2022-03-14 10:42:02] [0003.752] W> "module@0x50" doesn't exist, creating
[2022-03-14 10:42:02] [0003.757] I> Adding plugin-manager/ids/2597-0000-900=/i2c@c250000:module@0x57
[2022-03-14 10:42:02] [0003.764] W> "module@0x57" doesn't exist, creating
[2022-03-14 10:42:02] [0003.769] I> Adding plugin-manager/ids/3326-1000-000=/i2c@3180000:module@0x54
[2022-03-14 10:42:02] [0003.776] W> "i2c@3180000" doesn't exist, creating
[2022-03-14 10:42:02] [0003.781] W> "module@0x54" doesn't exist, creating
[2022-03-14 10:42:02] [0003.788] I> Adding plugin-manager/ids/3310-1000-D00-L
[2022-03-14 10:42:02] [0003.795] I> Adding plugin-manager/configs/3310-mem-type 00
[2022-03-14 10:42:02] [0003.801] I> Adding plugin-manager/configs/3310-power-config 00
[2022-03-14 10:42:02] [0003.806] I> Adding plugin-manager/configs/3310-misc-config 00
[2022-03-14 10:42:02] [0003.812] I> Adding plugin-manager/configs/3310-modem-config 00
[2022-03-14 10:42:02] [0003.818] I> Adding plugin-manager/configs/3310-touch-config 00
[2022-03-14 10:42:02] [0003.824] I> Adding plugin-manager/configs/3310-display-config 00
[2022-03-14 10:42:02] [0003.830] I> Adding plugin-manager/cvm
[2022-03-14 10:42:02] [0003.834] W> "chip-id" doesn't exist, creating
[2022-03-14 10:42:02] [0003.839] I> Adding plugin-manager/chip-id/A02P
[2022-03-14 10:42:02] [0003.843] W> "odm-data" doesn't exist, creating
[2022-03-14 10:42:02] [0003.848] I> Adding /chosen/plugin-manager/odm-data
[2022-03-14 10:42:02] [0003.858] I> added [base:0x80000000, size:0x70000000] to /memory
[2022-03-14 10:42:02] [0003.863] I> added [base:0xf0200000, size:0x185600000] to /memory
[2022-03-14 10:42:02] [0003.869] I> added [base:0x275e00000, size:0x200000] to /memory
[2022-03-14 10:42:02] [0003.875] I> added [base:0x276600000, size:0x200000] to /memory
[2022-03-14 10:42:02] [0003.881] I> added [base:0x277000000, size:0x200000] to /memory
[2022-03-14 10:42:02] [0003.887] I> Updated memory info to DTB
[2022-03-14 10:42:02] [0003.891] E> add_disp_param: failed to get display params for du=0
[2022-03-14 10:42:02] [0003.899] W> "reset" doesn't exist, creating
[2022-03-14 10:42:02] [0003.903] W> "pmc-reset-reason" doesn't exist, creating
[2022-03-14 10:42:02] [0003.909] W> "pmic-reset-reason" doesn't exist, creating
[2022-03-14 10:42:02] [0003.915] I> Adding ecid(00000001646db7851000000013038200) to DT
[2022-03-14 10:42:02] [0003.921] I> disabled_core_mask: 0xffffff0c
[2022-03-14 10:42:02] [0003.934] I> Add serial number:1422420022173 as DT property
[2022-03-14 10:42:02] [0003.943] I> Plugin-manager override starting
[2022-03-14 10:42:02] [0003.948] I> node /plugin-manager/fragement@0 matches
[2022-03-14 10:42:02] [0003.959] I> node /plugin-manager/fragement@4 matches
[2022-03-14 10:42:02] [0003.972] I> node /plugin-manager/fragment-sdwake-p3310-1000-300 matches
[2022-03-14 10:42:02] [0003.992] I> node /plugin-manager/fragement-pmon-p3310-1000-300 matches
[2022-03-14 10:42:02] [0004.001] I> node /plugin-manager/fragement-pmon-p3310-1000-800 matches
[2022-03-14 10:42:02] [0004.010] I> node /plugin-manager/fragment-devslp@0 matches
[2022-03-14 10:42:02] [0004.023] I> node /plugin-manager/fragment-500-pcie-config matches
[2022-03-14 10:42:02] [0004.037] I> node /plugin-manager/fragment-500-xusb-config matches
[2022-03-14 10:42:02] [0004.060] I> node /plugin-manager/fragment-p3310-c00-comm matches
[2022-03-14 10:42:02] [0004.074] I> node /plugin-manager/fragment-p3310-c00-pmic matches
[2022-03-14 10:42:02] [0004.085] I> node /plugin-manager/fragment-p3310-c01 matches
[2022-03-14 10:42:02] [0004.098] I> node /plugin-manager/fragment-p3310-c03 matches
[2022-03-14 10:42:02] [0004.141] I> node /plugin-manager/fragment-e3326@0 matches
[2022-03-14 10:42:02] [0004.223] I> node /plugin-manager/fragment-p3310-c00-camera matches
[2022-03-14 10:42:02] [0004.250] I> Disable plugin-manager status in FDT
[2022-03-14 10:42:02] [0004.254] I> Plugin-manager override finished successfully
[2022-03-14 10:42:02] [0004.260] I> tegrabl_load_kernel_and_dtb: Done
[2022-03-14 10:42:02] [0004.264] E> tegrabl_display_clear: display is not initialized
[2022-03-14 10:42:02] [0004.270] W> Boot logo display failed...
[2022-03-14 10:42:02] [0004.273] I> Kernel EP: 0x80600000, DTB: 0x80000000
[2022-03-14 10:42:02] 
[2022-03-14 10:42:02] 
[2022-03-14 10:42:02] U-Boot 2020.04-g46e4604c78 (Jul 26 2021 - 12:10:58 -0700)
[2022-03-14 10:42:02] 
[2022-03-14 10:42:02] SoC: tegra186
[2022-03-14 10:42:02] Model: NVIDIA P2771-0000-500
[2022-03-14 10:42:02] Board: NVIDIA P2771-0000
[2022-03-14 10:42:02] DRAM:  7.8 GiB
[2022-03-14 10:42:03] MMC:   sdhci@3400000: 1, sdhci@3460000: 0
[2022-03-14 10:42:03] Loading Environment from MMC... *** Warning - bad CRC, using default environment
[2022-03-14 10:42:03] 
[2022-03-14 10:42:03] In:    serial
[2022-03-14 10:42:03] Out:   serial
[2022-03-14 10:42:03] Err:   serial
[2022-03-14 10:42:03] Net:   
[2022-03-14 10:42:03] Warning: ethernet@2490000 using MAC address from ROM
[2022-03-14 10:42:03] eth0: ethernet@2490000
[2022-03-14 10:42:03] Hit any key to stop autoboot:  2  1  0 
[2022-03-14 10:42:05] MMC: no card present
[2022-03-14 10:42:05] switch to partitions #0, OK
[2022-03-14 10:42:05] mmc0(part 0) is current device
[2022-03-14 10:42:05] Scanning mmc 0:1...
[2022-03-14 10:42:05] Found /boot/extlinux/extlinux.conf
[2022-03-14 10:42:05] Retrieving file: /boot/extlinux/extlinux.conf
[2022-03-14 10:42:05] 858 bytes read in 22 ms (38.1 KiB/s)
[2022-03-14 10:42:05] 1:	primary kernel
[2022-03-14 10:42:05] Retrieving file: /boot/initrd
[2022-03-14 10:42:05] 7238344 bytes read in 201 ms (34.3 MiB/s)
[2022-03-14 10:42:05] Retrieving file: /boot/Image
[2022-03-14 10:42:06] 34484232 bytes read in 829 ms (39.7 MiB/s)
[2022-03-14 10:42:06] append: console=ttyS0,115200 androidboot.presilicon=true firmware_class.path=/etc/firmware root=/dev/mmcblk0p1 rw rootwait rootfstype=ext4 console=ttyS0,115200n8 console=tty0 fbcon=map:0 net.ifnames=0 isolcpus=1-2  video=tegrafb earlycon=uart8250,mmio32,0x3100000 nvdumper_reserved=0x2772e0000 gpt rootfs.slot_suffix= usbcore.old_scheme_first=1 tegraid=18.1.2.0.0 maxcpus=6 no_console_suspend boot.slot_suffix= boot.ratchetvalues=0.2031647.1 vpr_resize bl_prof_dataptr=0x10000@0x275840000 sdhci_tegra.en_boot_part_access=1 quiet root=/dev/mmcblk0p1 rw rootwait rootfstype=ext4 console=ttyS0,115200n8 console=tty0 fbcon=map:0 net.ifnames=0 isolcpus=1-2 
[2022-03-14 10:42:06] ## Flattened Device Tree blob at 80000000
[2022-03-14 10:42:06]    Booting using the fdt blob at 0x80000000
[2022-03-14 10:42:06] ERROR: reserving fdt memory region failed (addr=0 size=0)
[2022-03-14 10:42:06] ERROR: reserving fdt memory region failed (addr=0 size=0)
[2022-03-14 10:42:06] ERROR: reserving fdt memory region failed (addr=0 size=0)
[2022-03-14 10:42:06]    Using Device Tree in place at 0000000080000000, end 0000000080060aa3
[2022-03-14 10:42:06] copying carveout for /host1x@13e00000/display-hub@15200000/display@15200000...
[2022-03-14 10:42:06] copying carveout for /host1x@13e00000/display-hub@15200000/display@15210000...
[2022-03-14 10:42:06] copying carveout for /host1x@13e00000/display-hub@15200000/display@15220000...
[2022-03-14 10:42:06] 
[2022-03-14 10:42:06] Starting kernel ...
[2022-03-14 10:42:06] 
[2022-03-14 10:42:06] [    0.000000] Booting Linux on physical CPU 0x100
[2022-03-14 10:42:06] [    0.000000] Linux version 4.9.253-tegra (buildbrain@mobile-u64-5497-d3000) (gcc version 7.3.1 20180425 [linaro-7.3-2018.05 revision d29120a424ecfbc167ef90065c0eeb7f91977701] (Linaro GCC 7.3-2018.05) ) #1 SMP PREEMPT Mon Jul 26 12:19:28 PDT 2021
[2022-03-14 10:42:06] [    0.000000] Boot CPU: AArch64 Processor [411fd073]
[2022-03-14 10:42:06] [    0.000000] OF: fdt:memory scan node memory@80000000, reg size 80,
[2022-03-14 10:42:06] [    0.000000] OF: fdt: - 80000000 ,  70000000
[2022-03-14 10:42:06] [    0.000000] OF: fdt: - f0200000 ,  185600000
[2022-03-14 10:42:06] [    0.000000] OF: fdt: - 275e00000 ,  200000
[2022-03-14 10:42:06] [    0.000000] OF: fdt: - 276600000 ,  200000
[2022-03-14 10:42:07] [    0.000000] OF: fdt: - 277000000 ,  200000
[2022-03-14 10:42:07] [    0.000000] earlycon: uart8250 at MMIO32 0x0000000003100000 (options '')
[2022-03-14 10:42:07] [    0.000000] bootconsole [uart8250] enabled
[2022-03-14 10:42:09] [    1.784293] cgroup: cgroup2: unknown option "nsdelegate"
[2022-03-14 10:42:10] [    2.979806] using random self ethernet address
[2022-03-14 10:42:10] [    2.988978] using random host ethernet address
[2022-03-14 10:42:10] [    3.086635] FAT-fs (loop0): Volume was not properly unmounted. Some data may be corrupt. Please run fsck.
[2022-03-14 10:42:10] [    3.461616] random: crng init done
[2022-03-14 10:42:10] [    3.465022] random: 7 urandom warning(s) missed due to ratelimiting
[2022-03-14 10:42:10] [    3.567260] using random self ethernet address
[2022-03-14 10:42:10] [    3.579293] using random host ethernet address
[2022-03-14 10:42:11] [    3.823339] CPU1: shutdown
[2022-03-14 10:42:11] [    3.875134] CPU2: shutdown
[2022-03-14 10:42:12] [    4.724723] Bridge firewalling registered
[2022-03-14 10:42:15] 
[2022-03-14 10:42:15] Ubuntu 18.04.5 LTS JTX2-A ttyS0
[2022-03-14 10:42:15] 
[2022-03-14 10:42:15] JTX2-A login: [   28.943438] CPU3: SError detected, daif=1c0, spsr=0x800000c5, mpidr=80000101, esr=bf40c000
[2022-03-14 10:42:36] [   28.943454] CPU0: SError detected, daif=1c0, spsr=0x800000c5, mpidr=80000100, esr=bf40c000
[2022-03-14 10:42:36] [   28.943469] CPU4: SError detected, daif=1c0, spsr=0x800000c5, mpidr=80000102, esr=bf40c000
[2022-03-14 10:42:36] [   28.943483] CPU5: SError detected, daif=1c0, spsr=0x80000000, mpidr=80000103, esr=bf40c000
[2022-03-14 10:42:36] [   28.943487] **************************************
[2022-03-14 10:42:36] [   28.943504] A57 CPU Memory Error on CPU 0 (A57 Core 0)
[2022-03-14 10:42:36] [   28.943511] 	ESR:               0xbf40c000
[2022-03-14 10:42:36] [   28.943520] 	L2MERRSR: 0x9009105df78
[2022-03-14 10:42:36] [   28.943527] 	L2 Data RAM: 0x11
[2022-03-14 10:42:36] [   28.943533] 	CPU ID of Error:    0
[2022-03-14 10:42:36] [   28.943539] 	WAY of Error:       1
[2022-03-14 10:42:36] [   28.943545] 	Index of Error:     122744
[2022-03-14 10:42:36] [   28.943550] 	Repeat Error Count: 0
[2022-03-14 10:42:36] [   28.943554] 	Other Error Count:  9
[2022-03-14 10:42:36] [   28.943558] **************************************
[2022-03-14 10:42:36] [   28.949775] ROC:CCE Machine Check Error:
[2022-03-14 10:42:36] [   28.949788] 	Address Type = Non-Secure DRAM
[2022-03-14 10:42:36] [   28.949836] 	Address = 0x225804a88 -- System RAM + 0x135604a88
[2022-03-14 10:42:36] [   28.952693] Bad mode in Error handler detected on CPU0, code 0xbf40c000 -- SError
[2022-03-14 10:42:36] [   28.952702] Kernel panic - not syncing: bad mode
[2022-03-14 10:42:36] [   28.952716] CPU: 0 PID: 0 Comm: swapper/0 Not tainted 4.9.253-tegra #1
[2022-03-14 10:42:36] [   28.952723] Hardware name: quill (DT)
[2022-03-14 10:42:36] [   28.952728] Call trace:
[2022-03-14 10:42:36] [   28.952752] [<ffffff800808ba40>] dump_backtrace+0x0/0x198
[2022-03-14 10:42:36] [   28.952768] [<ffffff800808c004>] show_stack+0x24/0x30
[2022-03-14 10:42:36] [   28.952785] [<ffffff8008f6121c>] dump_stack+0xa0/0xc4
[2022-03-14 10:42:36] [   28.952799] [<ffffff8008f5e2c0>] panic+0x12c/0x2a8
[2022-03-14 10:42:36] [   28.952811] [<ffffff800808c894>] bad_mode+0x7c/0x80
[2022-03-14 10:42:36] [   28.952824] [<ffffff800808ca5c>] handle_serr+0x124/0x128
[2022-03-14 10:42:36] [   28.952834] [<ffffff8008082d98>] el1_serr+0xb0/0x144
[2022-03-14 10:42:36] [   28.952849] [<ffffff8008ba09ac>] cpuidle_enter_state+0x84/0x380
[2022-03-14 10:42:36] [   28.952861] [<ffffff8008ba0d1c>] cpuidle_enter+0x34/0x48
[2022-03-14 10:42:36] [   28.952872] [<ffffff800811139c>] call_cpuidle+0x44/0x70
[2022-03-14 10:42:36] [   28.952882] [<ffffff8008111718>] cpu_startup_entry+0x1b0/0x200
[2022-03-14 10:42:36] [   28.952891] [<ffffff8008f63d9c>] rest_init+0x84/0x90
[2022-03-14 10:42:36] [   28.952904] [<ffffff8009610b68>] start_kernel+0x374/0x38c
[2022-03-14 10:42:36] [   28.952915] [<ffffff8009610204>] __primary_switched+0x80/0x94
[2022-03-14 10:42:36] [   28.952928] SMP: stopping secondary CPUs
[2022-03-14 10:42:36] [   28.959719] ROC:CCE Machine Check Error:
[2022-03-14 10:42:36] [   28.959731] 	Address Type = Secure DRAM
[2022-03-14 10:42:36] [   28.959762] 	Address = 0x27d184a81 (Unknown Device)
[2022-03-14 10:42:36] [   28.962639] CPU4: SError detected, daif=1c0, spsr=0x800000c5, mpidr=80000102, esr=bf40c000
[2022-03-14 10:42:36] [   28.970004] ROC:CCE Machine Check Error:
[2022-03-14 10:42:36] [   28.970017] 	Address Type = Secure DRAM
[2022-03-14 10:42:36] [   28.970051] 	Address = 0x27f504aa1 (Unknown Device)
[2022-03-14 10:42:36] [   28.979984] ROC:CCE Machine Check Error:
[2022-03-14 10:42:36] [   28.979994] 	Address Type = Secure DRAM
[2022-03-14 10:42:36] [   28.980014] 	Address = 0x27d184a81 (Unknown Device)
[2022-03-14 10:42:36] [   28.982916] CPU4: SError detected, daif=1c0, spsr=0x800000c5, mpidr=80000102, esr=bf40c000
[2022-03-14 10:42:36] [   28.990300] ROC:CCE Machine Check Error:
[2022-03-14 10:42:36] [   28.990308] 	Address Type = Secure DRAM
[2022-03-14 10:42:36] [   28.990327] 	Address = 0x27f504aa1 (Unknown Device)
[2022-03-14 10:42:36] [   29.209877] ROC:CCE Machine Check Error:
[2022-03-14 10:42:36] [   29.213815] 	Address Type = Secure DRAM
[2022-03-14 10:42:36] [   29.217679] 	Address = 0x27d184a81 (Unknown Device)
[2022-03-14 10:42:36] [   29.225221] Kernel Offset: disabled
[2022-03-14 10:42:36] [   29.228727] Memory Limit: none
[2022-03-14 10:42:36] [   29.231791] trusty-log panic notifier - trusty version Built: 12:20:14 Jul 26 2021 [   29.267798] Rebooting in 5 seconds..
[2022-03-14 10:42:41] [0000.163] I> Welcome to MB2(TBoot-BPMP)(version: 01.00.160913-t186-M-00.00-mobile-c368a720)
[2022-03-14 10:42:41] [0000.172] I> Boot-device: eMMC
[2022-03-14 10:42:41] [0000.179] I> sdmmc bdev is already initialized
[2022-03-14 10:42:41] [0000.184] I> pmic: reset reason (nverc)	: 0x0
[2022-03-14 10:42:41] [0000.217] I> Found 19 partitions in SDMMC_BOOT (instance 3)
[2022-03-14 10:42:41] [0000.236] I> Found 33 partitions in SDMMC_USER (instance 3)
[2022-03-14 10:42:41] [0000.242] W> No valid slot number is found in scratch register
[2022-03-14 10:42:41] [0000.248] W> Return default slot: _a
[2022-03-14 10:42:41] [0000.251] I> A/B: bin_type (16) slot 0
[2022-03-14 10:42:41] [0000.255] I> Loading partition bpmp-fw at 0xd7800000
[2022-03-14 10:42:41] [0000.260] I> Reading two headers - addr:0xd7800000 blocks:1
[2022-03-14 10:42:41] [0000.265] I> Addr: 0xd7800000, start-block: 58777608, num_blocks: 1
[2022-03-14 10:42:41] [0000.290] I> Binary(16) of size 534416 is loaded @ 0xd7800000
[2022-03-14 10:42:41] [0000.296] W> No valid slot number is found in scratch register
[2022-03-14 10:42:41] [0000.301] W> Return default slot: _a
[2022-03-14 10:42:41] [0000.305] I> A/B: bin_type (17) slot 0
[2022-03-14 10:42:41] [0000.308] I> Loading partition bpmp-fw-dtb at 0xd79f0000
[2022-03-14 10:42:41] [0000.314] I> Reading two headers - addr:0xd79f0000 blocks:1
[2022-03-14 10:42:41] [0000.319] I> Addr: 0xd79f0000, start-block: 58780024, num_blocks: 1
[2022-03-14 10:42:41] [0000.345] I> Binary(17) of size 604720 is loaded @ 0xd796c400
[2022-03-14 10:42:42] [0000.573] I> Loading SCE-FW ...
[2022-03-14 10:42:42] [0000.576] W> No valid slot number is found in scratch register
[2022-03-14 10:42:42] [0000.582] W> Return default slot: _a
[2022-03-14 10:42:42] [0000.585] I> A/B: bin_type (12) slot 0
[2022-03-14 10:42:42] [0000.589] I> Loading partition sce-fw at 0xd7300000
[2022-03-14 10:42:42] [0000.594] I> Reading two headers - addr:0xd7300000 blocks:1
[2022-03-14 10:42:42] [0000.599] I> Addr: 0xd7300000, start-block: 58784120, num_blocks: 1
[2022-03-14 10:42:42] [0000.618] I> Binary(12) of size 125632 is loaded @ 0xd7300000
[2022-03-14 10:42:42] [0000.624] I> Init SCE
[2022-03-14 10:42:42] [0000.627] I> Loading APE-FW ...
[2022-03-14 10:42:42] [0000.630] W> No valid slot number is found in scratch register
[2022-03-14 10:42:42] [0000.635] W> Return default slot: _a
[2022-03-14 10:42:42] [0000.639] I> A/B: bin_type (11) slot 0
[2022-03-14 10:42:42] [0000.642] I> Loading partition adsp-fw at 0xd7400000
[2022-03-14 10:42:42] [0000.647] I> Reading two headers - addr:0xd7400000 blocks:1
[2022-03-14 10:42:42] [0000.653] I> Addr: 0xd7400000, start-block: 58761224, num_blocks: 1
[2022-03-14 10:42:42] [0000.671] I> Binary(11) of size 77216 is loaded @ 0xd7400000
[2022-03-14 10:42:42] [0000.677] I> Copy BTCM section
[2022-03-14 10:42:42] [0000.680] W> No valid slot number is found in scratch register
[2022-03-14 10:42:42] [0000.686] W> Return default slot: _a
[2022-03-14 10:42:42] [0000.689] I> A/B: bin_type (13) slot 0
[2022-03-14 10:42:42] [0000.693] I> Loading partition cpu-bootloader at 0x96000000
[2022-03-14 10:42:42] [0000.698] I> Reading two headers - addr:0x96000000 blocks:1
[2022-03-14 10:42:42] [0000.704] I> Addr: 0x96000000, start-block: 58740744, num_blocks: 1
[2022-03-14 10:42:42] [0000.725] I> Binary(13) of size 308800 is loaded @ 0x96000000
[2022-03-14 10:42:42] [0000.731] W> No valid slot number is found in scratch register
[2022-03-14 10:42:42] [0000.736] W> Return default slot: _a
[2022-03-14 10:42:42] [0000.740] I> A/B: bin_type (20) slot 0
[2022-03-14 10:42:42] [0000.743] I> Loading partition bootloader-dtb at 0x85205400
[2022-03-14 10:42:42] [0000.749] I> Reading two headers - addr:0x85205400 blocks:1
[2022-03-14 10:42:42] [0000.754] I> Addr: 0x85205400, start-block: 58742792, num_blocks: 1
[2022-03-14 10:42:42] [0000.776] I> Binary(20) of size 375568 is loaded @ 0x85205400
[2022-03-14 10:42:42] [0000.782] W> No valid slot number is found in scratch register
[2022-03-14 10:42:42] [0000.788] W> Return default slot: _a
[2022-03-14 10:42:42] [0000.791] I> A/B: bin_type (14) slot 0
[2022-03-14 10:42:42] [0000.795] I> Loading partition secure-os at 0x85305600
[2022-03-14 10:42:42] [0000.800] I> Reading two headers - addr:0x85305600 blocks:1
[2022-03-14 10:42:42] [0000.805] I> Addr: 0x85305600, start-block: 58744840, num_blocks: 1
[2022-03-14 10:42:42] [0000.827] I> Binary(14) of size 402864 is loaded @ 0x85305600
[2022-03-14 10:42:42] [0000.835] I> TOS boot-params @ 0x85000000
[2022-03-14 10:42:42] [0000.839] I> TOS params prepared
[2022-03-14 10:42:42] [0000.842] I> Loading EKS ...
[2022-03-14 10:42:42] [0000.845] I> A/B: bin_type (15) slot 0
[2022-03-14 10:42:42] [0000.848] I> Loading partition eks at 0x85905800
[2022-03-14 10:42:42] [0000.853] I> Reading two headers - addr:0x85905800 blocks:1
[2022-03-14 10:42:42] [0000.858] I> Addr: 0x85905800, start-block: 58757128, num_blocks: 1
[2022-03-14 10:42:42] [0000.877] I> Binary(15) of size 1040 is loaded @ 0x85905800
[2022-03-14 10:42:42] [0000.882] I> EKB detected (length: 0x400) @ 0x85905800
[2022-03-14 10:42:42] [0000.888] I> Copied encrypted keys
[2022-03-14 10:42:42] [0000.891] I> boot profiler @ 0x275844000
[2022-03-14 10:42:42] [0000.895] I> boot profiler for TOS @ 0x275844000
[2022-03-14 10:42:42] [0000.900] I> Unhalting SCE
[2022-03-14 10:42:42] [0000.903] I> Primary Memory Start:80000000 Size:70000000
[2022-03-14 10:42:42] [0000.908] I> Extended Memory Start:f0110000 Size:1856f0000
[2022-03-14 10:42:42] [0000.915] I> MB2(TBoot-BPMP) done
[2022-03-14 10:42:42] 
[2022-03-14 10:42:42] NOTICE:  BL31: v1.3(release):b5eeb33f7
[2022-03-14 10:42:42] NOTICE:  BL31: Built : 12:15:17, Jul 26 2021
[2022-03-14 10:42:42] ipc-unittest-main: 1519: Welcome to IPC unittest!!!
[2022-03-14 10:42:42] ipc-unittest-main: 1531: waiting forever
[2022-03-14 10:42:42] ipc-unittest-srv: 329: Init unittest services!!!
[2022-03-14 10:42:42] hwkey-agent: 41: hwkey-agent is running!!
[2022-03-14 10:42:42] hwkey-agent: 315: key_mgnt_processing .......
[2022-03-14 10:42:42] hwkey-agent: 223: Setting EKB key 0 to slot 14
[2022-03-14 10:42:42] hwkey-agent: 178: Init hweky-agent services!!
[2022-03-14 10:42:42] luks-srv: 40: luks-srv is running!!
[2022-03-14 10:42:42] luks-srv: 157: Init luks-srv IPC services!!
[2022-03-14 10:42:42] platform_bootstrap_epilog: trusty bootstrap complete
[2022-03-14 10:42:42] [0001.287] I> Welcome to Cboot
[2022-03-14 10:42:42] [0001.290] I> Cboot Version: t186-00029e71
[2022-03-14 10:42:42] [0001.293] I> CPU-BL Params @ 0x275800000
[2022-03-14 10:42:42] [0001.297] I>  0) Base:0x00000000 Size:0x00000000
[2022-03-14 10:42:42] [0001.302] I>  1) Base:0x277f00000 Size:0x00100000
[2022-03-14 10:42:42] [0001.306] I>  2) Base:0x277e00000 Size:0x00100000
[2022-03-14 10:42:42] [0001.311] I>  3) Base:0x277d00000 Size:0x00100000
[2022-03-14 10:42:42] [0001.315] I>  4) Base:0x277c00000 Size:0x00100000
[2022-03-14 10:42:42] [0001.320] I>  5) Base:0x277b00000 Size:0x00100000
[2022-03-14 10:42:42] [0001.324] I>  6) Base:0x277800000 Size:0x00200000
[2022-03-14 10:42:42] [0001.329] I>  7) Base:0x277400000 Size:0x00400000
[2022-03-14 10:42:42] [0001.333] I>  8) Base:0x277a00000 Size:0x00100000
[2022-03-14 10:42:42] [0001.338] I>  9) Base:0x277300000 Size:0x00100000
[2022-03-14 10:42:42] [0001.342] I> 10) Base:0x276800000 Size:0x00800000
[2022-03-14 10:42:42] [0001.347] I> 11) Base:0x30000000 Size:0x00040000
[2022-03-14 10:42:42] [0001.351] I> 12) Base:0xf0000000 Size:0x00100000
[2022-03-14 10:42:42] [0001.356] I> 13) Base:0x30040000 Size:0x00001000
[2022-03-14 10:42:42] [0001.360] I> 14) Base:0x30048000 Size:0x00001000
[2022-03-14 10:42:42] [0001.365] I> 15) Base:0x30049000 Size:0x00001000
[2022-03-14 10:42:42] [0001.369] I> 16) Base:0x3004a000 Size:0x00001000
[2022-03-14 10:42:42] [0001.373] I> 17) Base:0x3004b000 Size:0x00001000
[2022-03-14 10:42:42] [0001.378] I> 18) Base:0x3004c000 Size:0x00001000
[2022-03-14 10:42:42] [0001.382] I> 19) Base:0x3004d000 Size:0x00001000
[2022-03-14 10:42:43] [0001.387] I> 20) Base:0x3004e000 Size:0x00001000
[2022-03-14 10:42:43] [0001.391] I> 21) Base:0x3004f000 Size:0x00001000
[2022-03-14 10:42:43] [0001.396] I> 22) Base:0x00000000 Size:0x00000000
[2022-03-14 10:42:43] [0001.400] I> 23) Base:0xf0100000 Size:0x00010000
[2022-03-14 10:42:43] [0001.404] I> 24) Base:0x00000000 Size:0x00000000
[2022-03-14 10:42:43] [0001.409] I> 25) Base:0x00000000 Size:0x00000000
[2022-03-14 10:42:43] [0001.413] I> 26) Base:0x00000000 Size:0x00000000
[2022-03-14 10:42:43] [0001.418] I> 27) Base:0x00000000 Size:0x00000000
[2022-03-14 10:42:43] [0001.422] I> 28) Base:0x84400000 Size:0x00400000
[2022-03-14 10:42:43] [0001.427] I> 29) Base:0x30000000 Size:0x00010000
[2022-03-14 10:42:43] [0001.431] I> 30) Base:0x278000000 Size:0x08000000
[2022-03-14 10:42:43] [0001.436] I> 31) Base:0x00000000 Size:0x00000000
[2022-03-14 10:42:43] [0001.440] I> 32) Base:0x276000000 Size:0x00600000
[2022-03-14 10:42:43] [0001.444] I> 33) Base:0x80000000 Size:0x70000000
[2022-03-14 10:42:43] [0001.449] I> 34) Base:0xf0110000 Size:0x1856f0000
[2022-03-14 10:42:43] [0001.453] I> 35) Base:0x00000000 Size:0x00000000
[2022-03-14 10:42:43] [0001.458] I> 36) Base:0x00000000 Size:0x00000000
[2022-03-14 10:42:43] [0001.462] I> 37) Base:0x2772e0000 Size:0x00020000
[2022-03-14 10:42:43] [0001.467] I> 38) Base:0x84000000 Size:0x00400000
[2022-03-14 10:42:43] [0001.471] I> 39) Base:0x96000000 Size:0x02000000
[2022-03-14 10:42:43] [0001.476] I> 40) Base:0x85000000 Size:0x01200000
[2022-03-14 10:42:43] [0001.480] I> 41) Base:0x275800000 Size:0x00500000
[2022-03-14 10:42:43] [0001.485] I> 42) Base:0x00000000 Size:0x00000000
[2022-03-14 10:42:43] [0001.489] I> 43) Base:0x00000000 Size:0x00000000
[2022-03-14 10:42:43] [0001.494] GIC-SPI Target CPU: 4
[2022-03-14 10:42:43] [0001.497] Interrupts Init done
[2022-03-14 10:42:43] [0001.500] calling constructors
[2022-03-14 10:42:43] [0001.503] initializing heap
[2022-03-14 10:42:43] [0001.506] initializing threads
[2022-03-14 10:42:43] [0001.509] initializing timers
[2022-03-14 10:42:43] [0001.512] creating bootstrap completion thread
[2022-03-14 10:42:43] [0001.517] top of bootstrap2()
[2022-03-14 10:42:43] [0001.520] CPU: ARM Cortex A57
[2022-03-14 10:42:43] [0001.523] CPU: MIDR: 0x411FD073, MPIDR: 0x80000100
[2022-03-14 10:42:43] [0001.528] initializing platform
[2022-03-14 10:42:43] [0001.531] I> Bl_dtb @0x85205400
[2022-03-14 10:42:43] [0001.534] I> gpio framework initialized
[2022-03-14 10:42:43] [0001.541] I> tegrabl_gpio_driver_register: register 'nvidia,tegra186-gpio' driver
[2022-03-14 10:42:43] [0001.551] I> tegrabl_gpio_driver_register: register 'nvidia,tegra186-gpio-aon' driver
[2022-03-14 10:42:43] [0001.559] I> GPIO framework and drivers are initialized.
[2022-03-14 10:42:43] [0001.564] I> Boot-device: eMMC
[2022-03-14 10:42:43] [0001.571] I> sdmmc bdev is already initialized
[2022-03-14 10:42:43] [0001.602] I> Found 19 partitions in SDMMC_BOOT (instance 3)
[2022-03-14 10:42:43] [0001.619] I> Found 33 partitions in SDMMC_USER (instance 3)
[2022-03-14 10:42:43] [0001.625] W> opt-in fuse is not set, skip fuse_burning
[2022-03-14 10:42:43] [0001.630] I> Reserved memory at 0xfbe00000 for U-Boot relocation
[2022-03-14 10:42:43] [0001.636] W> No valid slot number is found in scratch register
[2022-03-14 10:42:43] [0001.641] W> Return default slot: _a
[2022-03-14 10:42:43] [0001.651] I> A/B: bin_type (21) slot 0
[2022-03-14 10:42:43] [0001.654] I> Loading kernel-dtb from partition
[2022-03-14 10:42:43] [0001.659] I> Loading partition kernel-dtb at 0x80000000 from device(0x1)
[2022-03-14 10:42:43] [0001.676] I> Kernel_dtb @0x80000000
[2022-03-14 10:42:43] [0001.679] I> tegrabl_tca9539_init: i2c bus: 0, slave addr: 0xee
[2022-03-14 10:42:43] [0001.689] I> tegrabl_gpio_driver_register: register 'tca9539_gpio_driver' driver
[2022-03-14 10:42:43] [0001.697] I> tegrabl_tca9539_init: i2c bus: 0, slave addr: 0xe8
[2022-03-14 10:42:43] [0001.706] I> tegrabl_gpio_driver_register: register 'tca9539_gpio_driver' driver
[2022-03-14 10:42:43] [0001.716] I> fixed regulator driver initialized
[2022-03-14 10:42:43] [0001.749] I> register 'maxim' power off handle
[2022-03-14 10:42:43] [0001.755] I> virtual i2c enabled
[2022-03-14 10:42:43] [0001.758] I> registered 'maxim,max77620' pmic
[2022-03-14 10:42:43] [0001.763] I> tegrabl_gpio_driver_register: register 'max77620-gpio' driver
[2022-03-14 10:42:43] [0001.777] E> failed to read label property for node 324936: 13
[2022-03-14 10:42:43] [0001.785] E> failed to read reg property for node 325032: 13
[2022-03-14 10:42:43] [0001.793] E> failed to read reg property for node 325084: 13
[2022-03-14 10:42:43] [0001.802] E> failed to read label property for node 325168: 13
[2022-03-14 10:42:43] [0001.810] E> failed to read label property for node 325236: 13
[2022-03-14 10:42:43] [0001.818] E> failed to read reg property for node 325304: 13
[2022-03-14 10:42:43] [0001.827] E> failed to read reg property for node 325376: 13
[2022-03-14 10:42:43] [0001.837] I> Find /i2c@c250000's alias i2c7
[2022-03-14 10:42:43] [0001.841] I> Reading eeprom i2c=7 address=0x50
[2022-03-14 10:42:43] [0001.870] I> Device at /i2c@c250000:0x50
[2022-03-14 10:42:43] [0001.874] I> Reading eeprom i2c=7 address=0x57
[2022-03-14 10:42:43] [0001.903] I> Device at /i2c@c250000:0x57
[2022-03-14 10:42:43] [0001.907] I> Find /i2c@c240000's alias i2c1
[2022-03-14 10:42:43] [0001.911] I> Reading eeprom i2c=1 address=0x51
[2022-03-14 10:42:43] [0001.916] E> I2C: slave not found in slaves.
[2022-03-14 10:42:43] [0001.920] E> I2C: Could not write 0 bytes to slave: 0x00a2 with repeat start true.
[2022-03-14 10:42:43] [0001.928] E> I2C_DEV: Failed to send register address 0x00000000.
[2022-03-14 10:42:43] [0001.934] E> I2C_DEV: Could not read 256 registers of size 1 from slave 0xa2 at 0x00000000 via instance 1.
[2022-03-14 10:42:43] [0001.943] E> eeprom: Retry to read I2C slave device.
[2022-03-14 10:42:43] [0001.948] E> I2C: slave not found in slaves.
[2022-03-14 10:42:43] [0001.952] E> I2C: Could not write 0 bytes to slave: 0x00a2 with repeat start true.
[2022-03-14 10:42:43] [0001.960] E> I2C_DEV: Failed to send register address 0x00000000.
[2022-03-14 10:42:43] [0001.966] E> I2C_DEV: Could not read 256 registers of size 1 from slave 0xa2 at 0x00000000 via instance 1.
[2022-03-14 10:42:43] [0001.976] E> eeprom: Failed to read I2C slave device
[2022-03-14 10:42:43] [0001.980] I> Eeprom read failed 0x3526070d
[2022-03-14 10:42:43] [0001.985] I> Find /i2c@3160000's alias i2c0
[2022-03-14 10:42:43] [0001.989] I> Reading eeprom i2c=0 address=0x50
[2022-03-14 10:42:43] [0001.993] E> I2C: slave not found in slaves.
[2022-03-14 10:42:43] [0001.997] E> I2C: Could not write 0 bytes to slave: 0x00a0 with repeat start true.
[2022-03-14 10:42:43] [0002.005] E> I2C_DEV: Failed to send register address 0x00000000.
[2022-03-14 10:42:43] [0002.011] E> I2C_DEV: Could not read 256 registers of size 1 from slave 0xa0 at 0x00000000 via instance 0.
[2022-03-14 10:42:43] [0002.020] E> eeprom: Failed to read I2C slave device
[2022-03-14 10:42:43] [0002.025] I> Eeprom read failed 0x3526070d
[2022-03-14 10:42:43] [0002.030] I> Find /i2c@3180000's alias i2c2
[2022-03-14 10:42:43] [0002.034] I> Reading eeprom i2c=2 address=0x54
[2022-03-14 10:42:43] [0002.038] I> Enabling gpio chip_id = 2, gpio pin = 9
[2022-03-14 10:42:43] [0002.069] I> Disabling gpio chip_id = 2, gpio pin = 9
[2022-03-14 10:42:43] [0002.074] I> Device at /i2c@3180000:0x54
[2022-03-14 10:42:43] [0002.078] I> Reading eeprom i2c=2 address=0x57
[2022-03-14 10:42:43] [0002.082] I> Enabling gpio chip_id = 2, gpio pin = 9
[2022-03-14 10:42:43] [0002.088] E> I2C: slave not found in slaves.
[2022-03-14 10:42:43] [0002.092] E> I2C: Could not write 0 bytes to slave: 0x00ae with repeat start true.
[2022-03-14 10:42:43] [0002.099] E> I2C_DEV: Failed to send register address 0x00000000.
[2022-03-14 10:42:43] [0002.105] E> I2C_DEV: Could not read 256 registers of size 1 from slave 0xae at 0x00000000 via instance 2.
[2022-03-14 10:42:43] [0002.115] E> eeprom: Failed to read I2C slave device
[2022-03-14 10:42:43] [0002.120] I> Disabling gpio chip_id = 2, gpio pin = 9
[2022-03-14 10:42:43] [0002.125] I> Eeprom read failed 0x00000000
[2022-03-14 10:42:43] [0002.129] I> create_pm_ids: id: 3310-1000-D00-L, len: 15
[2022-03-14 10:42:43] [0002.134] I> config: mem-type:00,power-config:00,misc-config:00,modem-config:00,touch-config:00,display-config:00,, len: 93
[2022-03-14 10:42:43] [0002.145] I> create_pm_ids: id: 2597-0000-900-E, len: 15
[2022-03-14 10:42:43] [0002.150] I> config: mem-type:00,power-config:00,misc-config:00,modem-config:00,touch-config:00,display-config:00,, len: 93
[2022-03-14 10:42:43] [0002.161] I> create_pm_ids: id: 3326-1000-000-M, len: 15
[2022-03-14 10:42:43] [0002.166] I> config: mem-type:ff,power-config:ff,misc-config:ff,modem-config:ff,touch-config:ff,display-config:ff,, len: 93
[2022-03-14 10:42:43] [0002.201] I> enabling 'vdd-hdmi' regulator
[2022-03-14 10:42:43] [0002.217] I> regulator 'vdd-hdmi' already enabled
[2022-03-14 10:42:43] [0002.221] E> tegrabl_display_init_regulator: hdmi cable is not connected
[2022-03-14 10:42:43] [0002.228] E> tegrabl_display_get_pdata, failed to parse dtb settings
[2022-03-14 10:42:43] [0002.237] E> cannot find any other nvdisp nodes
[2022-03-14 10:42:43] [0002.241] E> no valid display unit config found in dtb
[2022-03-14 10:42:43] [0002.247] W> display init failed
[2022-03-14 10:42:43] [0002.250] initializing target
[2022-03-14 10:42:43] [0002.253] calling apps_init()
[2022-03-14 10:42:43] [0002.256] starting app kernel_boot_app
[2022-03-14 10:42:43] [0002.278] I> found decompressor handler: lz4-legacy
[2022-03-14 10:42:43] [0002.283] I> decompressing BMP blob ...
[2022-03-14 10:42:43] [0002.295] I> Kernel type = Normal
[2022-03-14 10:42:43] [0002.298] I> ########## Fixed storage boot ##########
[2022-03-14 10:42:43] [0002.303] I> Loading kernel-bootctrl from partition
[2022-03-14 10:42:43] [0002.308] I> Loading partition kernel-bootctrl at 0xa8000000 from device(0x1)
[2022-03-14 10:42:43] [0002.322] W> tegrabl_get_kernel_bootctrl: magic number(0x00000000) is invalid
[2022-03-14 10:42:43] [0002.329] W> tegrabl_get_kernel_bootctrl: use default dummy boot control data
[2022-03-14 10:42:43] [0002.336] W> No valid slot number is found in scratch register
[2022-03-14 10:42:43] [0002.342] W> Return default slot: _a
[2022-03-14 10:42:43] [0002.345] I> A/B: bin_type (24) slot 0
[2022-03-14 10:42:43] [0002.361] I> Boot image size read from image header: 9913d
[2022-03-14 10:42:43] [0002.366] I> Boot image load address: 0x80400000
[2022-03-14 10:42:43] [0002.370] I> Loading kernel from partition
[2022-03-14 10:42:43] [0002.374] I> Loading partition kernel at 0x80400000 from device(0x1)
[2022-03-14 10:42:44] [0003.317] I> Validate kernel ...
[2022-03-14 10:42:44] [0003.320] I> T18x: Authenticate kernel (bin_type 24), max size 0x4000000
[2022-03-14 10:42:44] [0003.328] I> Decrypt the buffer ... [0003.331] W> tegrabl_decrypt_block: fuse (0x0) is not burnt to do encryption (0x4); skip decryption.
[2022-03-14 10:42:44] [0003.340] I> done
[2022-03-14 10:42:44] [0003.342] I> Checking boot.img header magic ... [0003.346] I> [OK]
[2022-03-14 10:42:44] [0003.348] I> kernel-dtb is already loaded
[2022-03-14 10:42:44] [0003.351] I> Validate kernel-dtb ...
[2022-03-14 10:42:44] [0003.355] I> T18x: Authenticate kernel-dtb (bin_type 21), max size 0x100000
[2022-03-14 10:42:44] [0003.362] I> Decrypt the buffer ... [0003.366] W> tegrabl_decrypt_block: fuse (0x0) is not burnt to do encryption (0x4); skip decryption.
[2022-03-14 10:42:44] [0003.374] I> done
[2022-03-14 10:42:44] [0003.376] I> Kernel hdr @0x80400000
[2022-03-14 10:42:44] [0003.380] I> Kernel dtb @0x80000000
[2022-03-14 10:42:44] [0003.383] I> decompressor handler not found
[2022-03-14 10:42:45] [0003.387] I> Copying kernel image (627005 bytes) from 0x80400800 to 0x80600000 ... [0003.394] I> Done
[2022-03-14 10:42:45] [0003.396] I> Move ramdisk (len: 0) from 0x8049a000 to 0x947d0000
[2022-03-14 10:42:45] [0003.404] I> Updated bpmp info to DTB
[2022-03-14 10:42:45] [0003.410] I> Ramdisk: Base: 0x947d0000; Size: 0x0
[2022-03-14 10:42:45] [0003.414] I> Updated initrd info to DTB
[2022-03-14 10:42:45] [0003.418] W> WARN: Fail to override "console=none" in commandline
[2022-03-14 10:42:45] [0003.424] I> Active rootfs suffix: 
[2022-03-14 10:42:45] [0003.427] E> tegrabl_linuxboot_add_disp_param, du 0 failed to get display params
[2022-03-14 10:42:45] [0003.434] E> tegrabl_linuxboot_add_disp_param, du 0 failed to get display params
[2022-03-14 10:42:45] [0003.442] E> tegrabl_linuxboot_add_disp_param, du 0 failed to get display params
[2022-03-14 10:42:45] [0003.449] I> disabled_core_mask: 0xffffff0c
[2022-03-14 10:42:45] [0003.453] W> No valid slot number is found in scratch register
[2022-03-14 10:42:45] [0003.458] W> Return default slot: _a
[2022-03-14 10:42:45] [0003.462] I> Active slot suffix: 
[2022-03-14 10:42:45] [0003.465] I> add_boot_slot_suffix: slot_suffix = 
[2022-03-14 10:42:45] [0003.469] I> Linux Cmdline: console=ttyS0,115200 androidboot.presilicon=true firmware_class.path=/etc/firmware root=/dev/mmcblk0p1 rw rootwait rootfstype=ext4 console=ttyS0,115200n8 console=tty0 fbcon=map:0 net.ifnames=0 isolcpus=1-2  video=tegrafb earlycon=uart8250,mmio32,0x3100000 nvdumper_reserved=0x2772e0000 gpt rootfs.slot_suffix= usbcore.old_scheme_first=1 tegraid=18.1.2.0.0 maxcpus=6 no_console_suspend boot.slot_suffix= boot.ratchetvalues=0.2031647.1 vpr_resize bl_prof_dataptr=0x10000@0x275840000 sdhci_tegra.en_boot_part_access=1 
[2022-03-14 10:42:45] [0003.517] I> Updated bootarg info to DTB
[2022-03-14 10:42:45] [0003.521] I> eeprom_get_mac_addr: MAC (type: 0): 48:b0:2d:0f:11:c5
[2022-03-14 10:42:45] [0003.527] I> eeprom_get_mac_addr: MAC (type: 1): 48:b0:2d:0f:11:c6
[2022-03-14 10:42:45] [0003.533] I> eeprom_get_mac_addr: MAC (type: 2): 48:b0:2d:0f:11:c7
[2022-03-14 10:42:45] [0003.539] E> Found no plugin manager ids in source DT
[2022-03-14 10:42:45] [0003.544] W> Add plugin manager ids from board info
[2022-03-14 10:42:45] [0003.549] W> "plugin-manager" doesn't exist, creating
[2022-03-14 10:42:45] [0003.554] W> "ids" doesn't exist, creating
[2022-03-14 10:42:45] [0003.558] W> "connection" doesn't exist, creating
[2022-03-14 10:42:45] [0003.563] W> "configs" doesn't exist, creating
[2022-03-14 10:42:45] [0003.567] I> create_pm_ids: id: 3310-1000-D00-L, len: 15
[2022-03-14 10:42:45] [0003.572] I> config: mem-type:00,power-config:00,misc-config:00,modem-config:00,touch-config:00,display-config:00,, len: 93
[2022-03-14 10:42:45] [0003.583] I> create_pm_ids: id: 2597-0000-900-E, len: 15
[2022-03-14 10:42:45] [0003.588] I> config: mem-type:00,power-config:00,misc-config:00,modem-config:00,touch-config:00,display-config:00,, len: 93
[2022-03-14 10:42:45] [0003.599] I> create_pm_ids: id: 3326-1000-000-M, len: 15
[2022-03-14 10:42:45] [0003.604] I> config: mem-type:ff,power-config:ff,misc-config:ff,modem-config:ff,touch-config:ff,display-config:ff,, len: 93
[2022-03-14 10:42:45] [0003.615] I> Adding plugin-manager/ids/3310-1000-D00=/i2c@c250000:module@0x50
[2022-03-14 10:42:45] [0003.622] W> "i2c@c250000" doesn't exist, creating
[2022-03-14 10:42:45] [0003.627] W> "module@0x50" doesn't exist, creating
[2022-03-14 10:42:45] [0003.632] I> Adding plugin-manager/ids/2597-0000-900=/i2c@c250000:module@0x57
[2022-03-14 10:42:45] [0003.639] W> "module@0x57" doesn't exist, creating
[2022-03-14 10:42:45] [0003.644] I> Adding plugin-manager/ids/3326-1000-000=/i2c@3180000:module@0x54
[2022-03-14 10:42:45] [0003.651] W> "i2c@3180000" doesn't exist, creating
[2022-03-14 10:42:45] [0003.656] W> "module@0x54" doesn't exist, creating
[2022-03-14 10:42:45] [0003.663] I> Adding plugin-manager/ids/3310-1000-D00-L
[2022-03-14 10:42:45] [0003.670] I> Adding plugin-manager/configs/3310-mem-type 00
[2022-03-14 10:42:45] [0003.676] I> Adding plugin-manager/configs/3310-power-config 00
[2022-03-14 10:42:45] [0003.682] I> Adding plugin-manager/configs/3310-misc-config 00
[2022-03-14 10:42:45] [0003.687] I> Adding plugin-manager/configs/3310-modem-config 00
[2022-03-14 10:42:45] [0003.693] I> Adding plugin-manager/configs/3310-touch-config 00
[2022-03-14 10:42:45] [0003.699] I> Adding plugin-manager/configs/3310-display-config 00
[2022-03-14 10:42:45] [0003.706] I> Adding plugin-manager/cvm
[2022-03-14 10:42:45] [0003.709] W> "chip-id" doesn't exist, creating
[2022-03-14 10:42:45] [0003.714] I> Adding plugin-manager/chip-id/A02P
[2022-03-14 10:42:45] [0003.718] W> "odm-data" doesn't exist, creating
[2022-03-14 10:42:45] [0003.723] I> Adding /chosen/plugin-manager/odm-data
[2022-03-14 10:42:45] [0003.733] I> added [base:0x80000000, size:0x70000000] to /memory
[2022-03-14 10:42:45] [0003.739] I> added [base:0xf0200000, size:0x185600000] to /memory
[2022-03-14 10:42:45] [0003.744] I> added [base:0x275e00000, size:0x200000] to /memory
[2022-03-14 10:42:45] [0003.750] I> added [base:0x276600000, size:0x200000] to /memory
[2022-03-14 10:42:45] [0003.756] I> added [base:0x277000000, size:0x200000] to /memory
[2022-03-14 10:42:45] [0003.762] I> Updated memory info to DTB
[2022-03-14 10:42:45] [0003.766] E> add_disp_param: failed to get display params for du=0
[2022-03-14 10:42:45] [0003.774] W> "reset" doesn't exist, creating
[2022-03-14 10:42:45] [0003.778] W> "pmc-reset-reason" doesn't exist, creating
[2022-03-14 10:42:45] [0003.784] W> "pmic-reset-reason" doesn't exist, creating
[2022-03-14 10:42:45] [0003.790] I> Adding ecid(00000001646db7851000000013038200) to DT
[2022-03-14 10:42:45] [0003.796] I> disabled_core_mask: 0xffffff0c
[2022-03-14 10:42:45] [0003.809] I> Add serial number:1422420022173 as DT property
[2022-03-14 10:42:45] [0003.818] I> Plugin-manager override starting
[2022-03-14 10:42:45] [0003.824] I> node /plugin-manager/fragement@0 matches
[2022-03-14 10:42:45] [0003.834] I> node /plugin-manager/fragement@4 matches
[2022-03-14 10:42:45] [0003.847] I> node /plugin-manager/fragment-sdwake-p3310-1000-300 matches
[2022-03-14 10:42:45] [0003.867] I> node /plugin-manager/fragement-pmon-p3310-1000-300 matches
[2022-03-14 10:42:45] [0003.876] I> node /plugin-manager/fragement-pmon-p3310-1000-800 matches
[2022-03-14 10:42:45] [0003.885] I> node /plugin-manager/fragment-devslp@0 matches
[2022-03-14 10:42:45] [0003.898] I> node /plugin-manager/fragment-500-pcie-config matches
[2022-03-14 10:42:45] [0003.913] I> node /plugin-manager/fragment-500-xusb-config matches
[2022-03-14 10:42:45] [0003.936] I> node /plugin-manager/fragment-p3310-c00-comm matches
[2022-03-14 10:42:45] [0003.949] I> node /plugin-manager/fragment-p3310-c00-pmic matches
[2022-03-14 10:42:45] [0003.960] I> node /plugin-manager/fragment-p3310-c01 matches
[2022-03-14 10:42:45] [0003.973] I> node /plugin-manager/fragment-p3310-c03 matches
[2022-03-14 10:42:45] [0004.015] I> node /plugin-manager/fragment-e3326@0 matches
[2022-03-14 10:42:45] [0004.098] I> node /plugin-manager/fragment-p3310-c00-camera matches
[2022-03-14 10:42:45] [0004.125] I> Disable plugin-manager status in FDT
[2022-03-14 10:42:45] [0004.129] I> Plugin-manager override finished successfully
[2022-03-14 10:42:45] [0004.134] I> tegrabl_load_kernel_and_dtb: Done
[2022-03-14 10:42:45] [0004.139] E> tegrabl_display_clear: display is not initialized
[2022-03-14 10:42:45] [0004.144] W> Boot logo display failed...
[2022-03-14 10:42:45] [0004.148] I> Kernel EP: 0x80600000, DTB: 0x80000000
[2022-03-14 10:42:45] 
[2022-03-14 10:42:45] 
[2022-03-14 10:42:45] U-Boot 2020.04-g46e4604c78 (Jul 26 2021 - 12:10:58 -0700)
[2022-03-14 10:42:45] 
[2022-03-14 10:42:45] SoC: tegra186
[2022-03-14 10:42:45] Model: NVIDIA P2771-0000-500
[2022-03-14 10:42:45] Board: NVIDIA P2771-0000
[2022-03-14 10:42:45] DRAM:  7.8 GiB
[2022-03-14 10:42:45] MMC:   sdhci@3400000: 1, sdhci@3460000: 0
[2022-03-14 10:42:45] Loading Environment from MMC... *** Warning - bad CRC, using default environment
[2022-03-14 10:42:46] 
[2022-03-14 10:42:46] In:    serial
[2022-03-14 10:42:46] Out:   serial
[2022-03-14 10:42:46] Err:   serial
[2022-03-14 10:42:46] Net:   
[2022-03-14 10:42:46] Warning: ethernet@2490000 using MAC address from ROM
[2022-03-14 10:42:46] eth0: ethernet@2490000
[2022-03-14 10:42:46] Hit any key to stop autoboot:  2  1  0 
[2022-03-14 10:42:48] MMC: no card present
[2022-03-14 10:42:48] switch to partitions #0, OK
[2022-03-14 10:42:48] mmc0(part 0) is current device
[2022-03-14 10:42:48] Scanning mmc 0:1...
[2022-03-14 10:42:48] Found /boot/extlinux/extlinux.conf
[2022-03-14 10:42:48] Retrieving file: /boot/extlinux/extlinux.conf
[2022-03-14 10:42:48] 858 bytes read in 22 ms (38.1 KiB/s)
[2022-03-14 10:42:48] 1:	primary kernel
[2022-03-14 10:42:48] Retrieving file: /boot/initrd
[2022-03-14 10:42:48] 7238344 bytes read in 201 ms (34.3 MiB/s)
[2022-03-14 10:42:48] Retrieving file: /boot/Image
[2022-03-14 10:42:52] [0000.273] I> Welcome to MB2(TBoot-BPMP)(version: 01.00.160913-t186-M-00.00-mobile-c368a720)
[2022-03-14 10:42:52] [0000.281] I> Boot-device: eMMC
[2022-03-14 10:42:52] [0000.289] I> sdmmc bdev is already initialized
[2022-03-14 10:42:52] [0000.293] I> pmic: reset reason (nverc)	: 0x80
[2022-03-14 10:42:52] [0000.326] I> Found 19 partitions in SDMMC_BOOT (instance 3)
[2022-03-14 10:42:52] [0000.346] I> Found 33 partitions in SDMMC_USER (instance 3)
[2022-03-14 10:42:52] [0000.352] W> No valid slot number is found in scratch register
[2022-03-14 10:42:52] [0000.358] W> Return default slot: _a
[2022-03-14 10:42:52] [0000.361] I> A/B: bin_type (16) slot 0
[2022-03-14 10:42:52] [0000.365] I> Loading partition bpmp-fw at 0xd7800000
[2022-03-14 10:42:52] [0000.370] I> Reading two headers - addr:0xd7800000 blocks:1
[2022-03-14 10:42:52] [0000.375] I> Addr: 0xd7800000, start-block: 58777608, num_blocks: 1
[2022-03-14 10:42:52] [0000.400] I> Binary(16) of size 534416 is loaded @ 0xd7800000
[2022-03-14 10:42:52] [0000.406] W> No valid slot number is found in scratch register
[2022-03-14 10:42:52] [0000.412] W> Return default slot: _a
[2022-03-14 10:42:52] [0000.415] I> A/B: bin_type (17) slot 0
[2022-03-14 10:42:52] [0000.419] I> Loading partition bpmp-fw-dtb at 0xd79f0000
[2022-03-14 10:42:52] [0000.424] I> Reading two headers - addr:0xd79f0000 blocks:1
[2022-03-14 10:42:52] [0000.430] I> Addr: 0xd79f0000, start-block: 58780024, num_blocks: 1
[2022-03-14 10:42:52] [0000.455] I> Binary(17) of size 604720 is loaded @ 0xd796c400
[2022-03-14 10:42:52] [0000.685] I> Loading SCE-FW ...
[2022-03-14 10:42:52] [0000.688] W> No valid slot number is found in scratch register
[2022-03-14 10:42:52] [0000.694] W> Return default slot: _a
[2022-03-14 10:42:52] [0000.697] I> A/B: bin_type (12) slot 0
[2022-03-14 10:42:52] [0000.701] I> Loading partition sce-fw at 0xd7300000
[2022-03-14 10:42:52] [0000.706] I> Reading two headers - addr:0xd7300000 blocks:1
[2022-03-14 10:42:52] [0000.711] I> Addr: 0xd7300000, start-block: 58784120, num_blocks: 1
[2022-03-14 10:42:52] [0000.730] I> Binary(12) of size 125632 is loaded @ 0xd7300000
[2022-03-14 10:42:52] [0000.736] I> Init SCE
[2022-03-14 10:42:52] [0000.738] I> Loading APE-FW ...
[2022-03-14 10:42:52] [0000.741] W> No valid slot number is found in scratch register
[2022-03-14 10:42:52] [0000.747] W> Return default slot: _a
[2022-03-14 10:42:52] [0000.750] I> A/B: bin_type (11) slot 0
[2022-03-14 10:42:52] [0000.754] I> Loading partition adsp-fw at 0xd7400000
[2022-03-14 10:42:52] [0000.759] I> Reading two headers - addr:0xd7400000 blocks:1
[2022-03-14 10:42:52] [0000.764] I> Addr: 0xd7400000, start-block: 58761224, num_blocks: 1
[2022-03-14 10:42:52] [0000.783] I> Binary(11) of size 77216 is loaded @ 0xd7400000
[2022-03-14 10:42:52] [0000.789] I> Copy BTCM section
[2022-03-14 10:42:52] [0000.792] W> No valid slot number is found in scratch register
[2022-03-14 10:42:52] [0000.798] W> Return default slot: _a
[2022-03-14 10:42:52] [0000.801] I> A/B: bin_type (13) slot 0
[2022-03-14 10:42:52] [0000.805] I> Loading partition cpu-bootloader at 0x96000000
[2022-03-14 10:42:52] [0000.810] I> Reading two headers - addr:0x96000000 blocks:1
[2022-03-14 10:42:52] [0000.816] I> Addr: 0x96000000, start-block: 58740744, num_blocks: 1
[2022-03-14 10:42:52] [0000.837] I> Binary(13) of size 308800 is loaded @ 0x96000000
[2022-03-14 10:42:52] [0000.843] W> No valid slot number is found in scratch register
[2022-03-14 10:42:52] [0000.848] W> Return default slot: _a
[2022-03-14 10:42:52] [0000.852] I> A/B: bin_type (20) slot 0
[2022-03-14 10:42:52] [0000.855] I> Loading partition bootloader-dtb at 0x85205400
[2022-03-14 10:42:52] [0000.861] I> Reading two headers - addr:0x85205400 blocks:1
[2022-03-14 10:42:52] [0000.866] I> Addr: 0x85205400, start-block: 58742792, num_blocks: 1
[2022-03-14 10:42:52] [0000.888] I> Binary(20) of size 375568 is loaded @ 0x85205400
[2022-03-14 10:42:52] [0000.894] W> No valid slot number is found in scratch register
[2022-03-14 10:42:52] [0000.899] W> Return default slot: _a
[2022-03-14 10:42:52] [0000.903] I> A/B: bin_type (14) slot 0
[2022-03-14 10:42:52] [0000.907] I> Loading partition secure-os at 0x85305600
[2022-03-14 10:42:52] [0000.912] I> Reading two headers - addr:0x85305600 blocks:1
[2022-03-14 10:42:52] [0000.917] I> Addr: 0x85305600, start-block: 58744840, num_blocks: 1
[2022-03-14 10:42:52] [0000.939] I> Binary(14) of size 402864 is loaded @ 0x85305600
[2022-03-14 10:42:52] [0000.947] I> TOS boot-params @ 0x85000000
[2022-03-14 10:42:52] [0000.951] I> TOS params prepared
[2022-03-14 10:42:52] [0000.954] I> Loading EKS ...
[2022-03-14 10:42:52] [0000.956] I> A/B: bin_type (15) slot 0
[2022-03-14 10:42:52] [0000.960] I> Loading partition eks at 0x85905800
[2022-03-14 10:42:52] [0000.965] I> Reading two headers - addr:0x85905800 blocks:1
[2022-03-14 10:42:52] [0000.970] I> Addr: 0x85905800, start-block: 58757128, num_blocks: 1
[2022-03-14 10:42:52] [0000.989] I> Binary(15) of size 1040 is loaded @ 0x85905800
[2022-03-14 10:42:52] [0000.994] I> EKB detected (length: 0x400) @ 0x85905800
[2022-03-14 10:42:52] [0000.999] I> Copied encrypted keys
[2022-03-14 10:42:52] [0001.003] I> boot profiler @ 0x275844000
[2022-03-14 10:42:53] [0001.007] I> boot profiler for TOS @ 0x275844000
[2022-03-14 10:42:53] [0001.012] I> Unhalting SCE
[2022-03-14 10:42:53] [0001.014] I> Primary Memory Start:80000000 Size:70000000
[2022-03-14 10:42:53] [0001.020] I> Extended Memory Start:f0110000 Size:1856f0000
[2022-03-14 10:42:53] [0001.026] I> MB2(TBoot-BPMP) done
[2022-03-14 10:42:53] 
[2022-03-14 10:42:53] NOTICE:  BL31: v1.3(release):b5eeb33f7
[2022-03-14 10:42:53] NOTICE:  BL31: Built : 12:15:17, Jul 26 2021
[2022-03-14 10:42:53] ipc-unittest-main: 1519: Welcome to IPC unittest!!!
[2022-03-14 10:42:53] ipc-unittest-main: 1531: waiting forever
[2022-03-14 10:42:53] ipc-unittest-srv: 329: Init unittest services!!!
[2022-03-14 10:42:53] hwkey-agent: 41: hwkey-agent is running!!
[2022-03-14 10:42:53] hwkey-agent: 315: key_mgnt_processing .......
[2022-03-14 10:42:53] hwkey-agent: 223: Setting EKB key 0 to slot 14
[2022-03-14 10:42:53] hwkey-agent: 178: Init hweky-agent services!!
[2022-03-14 10:42:53] luks-srv: 40: luks-srv is running!!
[2022-03-14 10:42:53] luks-srv: 157: Init luks-srv IPC services!!
[2022-03-14 10:42:53] platform_bootstrap_epilog: trusty bootstrap complete
[2022-03-14 10:42:53] [0001.399] I> Welcome to Cboot
[2022-03-14 10:42:53] [0001.402] I> Cboot Version: t186-00029e71
[2022-03-14 10:42:53] [0001.405] I> CPU-BL Params @ 0x275800000
[2022-03-14 10:42:53] [0001.409] I>  0) Base:0x00000000 Size:0x00000000
[2022-03-14 10:42:53] [0001.414] I>  1) Base:0x277f00000 Size:0x00100000
[2022-03-14 10:42:53] [0001.418] I>  2) Base:0x277e00000 Size:0x00100000
[2022-03-14 10:42:53] [0001.423] I>  3) Base:0x277d00000 Size:0x00100000
[2022-03-14 10:42:53] [0001.427] I>  4) Base:0x277c00000 Size:0x00100000
[2022-03-14 10:42:53] [0001.432] I>  5) Base:0x277b00000 Size:0x00100000
[2022-03-14 10:42:53] [0001.436] I>  6) Base:0x277800000 Size:0x00200000
[2022-03-14 10:42:53] [0001.441] I>  7) Base:0x277400000 Size:0x00400000
[2022-03-14 10:42:53] [0001.445] I>  8) Base:0x277a00000 Size:0x00100000
[2022-03-14 10:42:53] [0001.450] I>  9) Base:0x277300000 Size:0x00100000
[2022-03-14 10:42:53] [0001.454] I> 10) Base:0x276800000 Size:0x00800000
[2022-03-14 10:42:53] [0001.459] I> 11) Base:0x30000000 Size:0x00040000
[2022-03-14 10:42:53] [0001.463] I> 12) Base:0xf0000000 Size:0x00100000
[2022-03-14 10:42:53] [0001.468] I> 13) Base:0x30040000 Size:0x00001000
[2022-03-14 10:42:53] [0001.472] I> 14) Base:0x30048000 Size:0x00001000
[2022-03-14 10:42:53] [0001.476] I> 15) Base:0x30049000 Size:0x00001000
[2022-03-14 10:42:53] [0001.481] I> 16) Base:0x3004a000 Size:0x00001000
[2022-03-14 10:42:53] [0001.485] I> 17) Base:0x3004b000 Size:0x00001000
[2022-03-14 10:42:53] [0001.490] I> 18) Base:0x3004c000 Size:0x00001000
[2022-03-14 10:42:53] [0001.494] I> 19) Base:0x3004d000 Size:0x00001000
[2022-03-14 10:42:53] [0001.499] I> 20) Base:0x3004e000 Size:0x00001000
[2022-03-14 10:42:53] [0001.503] I> 21) Base:0x3004f000 Size:0x00001000
[2022-03-14 10:42:53] [0001.508] I> 22) Base:0x00000000 Size:0x00000000
[2022-03-14 10:42:53] [0001.512] I> 23) Base:0xf0100000 Size:0x00010000
[2022-03-14 10:42:53] [0001.516] I> 24) Base:0x00000000 Size:0x00000000
[2022-03-14 10:42:53] [0001.521] I> 25) Base:0x00000000 Size:0x00000000
[2022-03-14 10:42:53] [0001.525] I> 26) Base:0x00000000 Size:0x00000000
[2022-03-14 10:42:53] [0001.530] I> 27) Base:0x00000000 Size:0x00000000
[2022-03-14 10:42:53] [0001.534] I> 28) Base:0x84400000 Size:0x00400000
[2022-03-14 10:42:53] [0001.539] I> 29) Base:0x30000000 Size:0x00010000
[2022-03-14 10:42:53] [0001.543] I> 30) Base:0x278000000 Size:0x08000000
[2022-03-14 10:42:53] [0001.547] I> 31) Base:0x00000000 Size:0x00000000
[2022-03-14 10:42:53] [0001.552] I> 32) Base:0x276000000 Size:0x00600000
[2022-03-14 10:42:53] [0001.556] I> 33) Base:0x80000000 Size:0x70000000
[2022-03-14 10:42:53] [0001.561] I> 34) Base:0xf0110000 Size:0x1856f0000
[2022-03-14 10:42:53] [0001.565] I> 35) Base:0x00000000 Size:0x00000000
[2022-03-14 10:42:53] [0001.570] I> 36) Base:0x00000000 Size:0x00000000
[2022-03-14 10:42:53] [0001.574] I> 37) Base:0x2772e0000 Size:0x00020000
[2022-03-14 10:42:53] [0001.579] I> 38) Base:0x84000000 Size:0x00400000
[2022-03-14 10:42:53] [0001.583] I> 39) Base:0x96000000 Size:0x02000000
[2022-03-14 10:42:53] [0001.588] I> 40) Base:0x85000000 Size:0x01200000
[2022-03-14 10:42:53] [0001.592] I> 41) Base:0x275800000 Size:0x00500000
[2022-03-14 10:42:53] [0001.597] I> 42) Base:0x00000000 Size:0x00000000
[2022-03-14 10:42:53] [0001.601] I> 43) Base:0x00000000 Size:0x00000000
[2022-03-14 10:42:53] [0001.605] GIC-SPI Target CPU: 4
[2022-03-14 10:42:53] [0001.609] Interrupts Init done
[2022-03-14 10:42:53] [0001.612] calling constructors
[2022-03-14 10:42:53] [0001.615] initializing heap
[2022-03-14 10:42:53] [0001.618] initializing threads
[2022-03-14 10:42:53] [0001.621] initializing timers
[2022-03-14 10:42:53] [0001.624] creating bootstrap completion thread
[2022-03-14 10:42:53] [0001.629] top of bootstrap2()
[2022-03-14 10:42:53] [0001.632] CPU: ARM Cortex A57
[2022-03-14 10:42:53] [0001.635] CPU: MIDR: 0x411FD073, MPIDR: 0x80000100
[2022-03-14 10:42:53] [0001.640] initializing platform
[2022-03-14 10:42:53] [0001.643] I> Bl_dtb @0x85205400
[2022-03-14 10:42:53] [0001.646] I> gpio framework initialized
[2022-03-14 10:42:53] [0001.653] I> tegrabl_gpio_driver_register: register 'nvidia,tegra186-gpio' driver
[2022-03-14 10:42:53] [0001.663] I> tegrabl_gpio_driver_register: register 'nvidia,tegra186-gpio-aon' driver
[2022-03-14 10:42:53] [0001.671] I> GPIO framework and drivers are initialized.
[2022-03-14 10:42:53] [0001.676] I> Boot-device: eMMC
[2022-03-14 10:42:53] [0001.683] I> sdmmc bdev is already initialized
[2022-03-14 10:42:53] [0001.714] I> Found 19 partitions in SDMMC_BOOT (instance 3)
[2022-03-14 10:42:53] [0001.731] I> Found 33 partitions in SDMMC_USER (instance 3)
[2022-03-14 10:42:53] [0001.737] W> opt-in fuse is not set, skip fuse_burning
[2022-03-14 10:42:53] [0001.742] I> Reserved memory at 0xfbe00000 for U-Boot relocation
[2022-03-14 10:42:53] [0001.748] W> No valid slot number is found in scratch register
[2022-03-14 10:42:53] [0001.753] W> Return default slot: _a
[2022-03-14 10:42:53] [0001.763] I> A/B: bin_type (21) slot 0
[2022-03-14 10:42:53] [0001.766] I> Loading kernel-dtb from partition
[2022-03-14 10:42:53] [0001.770] I> Loading partition kernel-dtb at 0x80000000 from device(0x1)
[2022-03-14 10:42:53] [0001.788] I> Kernel_dtb @0x80000000
[2022-03-14 10:42:53] [0001.791] I> tegrabl_tca9539_init: i2c bus: 0, slave addr: 0xee
[2022-03-14 10:42:53] [0001.801] I> tegrabl_gpio_driver_register: register 'tca9539_gpio_driver' driver
[2022-03-14 10:42:53] [0001.809] I> tegrabl_tca9539_init: i2c bus: 0, slave addr: 0xe8
[2022-03-14 10:42:53] [0001.818] I> tegrabl_gpio_driver_register: register 'tca9539_gpio_driver' driver
[2022-03-14 10:42:53] [0001.828] I> fixed regulator driver initialized
[2022-03-14 10:42:53] [0001.861] I> register 'maxim' power off handle
[2022-03-14 10:42:53] [0001.867] I> virtual i2c enabled
[2022-03-14 10:42:53] [0001.870] I> registered 'maxim,max77620' pmic
[2022-03-14 10:42:53] [0001.875] I> tegrabl_gpio_driver_register: register 'max77620-gpio' driver
[2022-03-14 10:42:53] [0001.889] E> failed to read label property for node 324936: 13
[2022-03-14 10:42:53] [0001.897] E> failed to read reg property for node 325032: 13
[2022-03-14 10:42:53] [0001.905] E> failed to read reg property for node 325084: 13
[2022-03-14 10:42:53] [0001.914] E> failed to read label property for node 325168: 13
[2022-03-14 10:42:53] [0001.922] E> failed to read label property for node 325236: 13
[2022-03-14 10:42:53] [0001.931] E> failed to read reg property for node 325304: 13
[2022-03-14 10:42:53] [0001.939] E> failed to read reg property for node 325376: 13
[2022-03-14 10:42:53] [0001.949] I> Find /i2c@c250000's alias i2c7
[2022-03-14 10:42:53] [0001.953] I> Reading eeprom i2c=7 address=0x50
[2022-03-14 10:42:53] [0001.982] I> Device at /i2c@c250000:0x50
[2022-03-14 10:42:53] [0001.986] I> Reading eeprom i2c=7 address=0x57
[2022-03-14 10:42:54] [0002.015] I> Device at /i2c@c250000:0x57
[2022-03-14 10:42:54] [0002.019] I> Find /i2c@c240000's alias i2c1
[2022-03-14 10:42:54] [0002.023] I> Reading eeprom i2c=1 address=0x51
[2022-03-14 10:42:54] [0002.028] E> I2C: slave not found in slaves.
[2022-03-14 10:42:54] [0002.032] E> I2C: Could not write 0 bytes to slave: 0x00a2 with repeat start true.
[2022-03-14 10:42:54] [0002.040] E> I2C_DEV: Failed to send register address 0x00000000.
[2022-03-14 10:42:54] [0002.046] E> I2C_DEV: Could not read 256 registers of size 1 from slave 0xa2 at 0x00000000 via instance 1.
[2022-03-14 10:42:54] [0002.056] E> eeprom: Retry to read I2C slave device.
[2022-03-14 10:42:54] [0002.060] E> I2C: slave not found in slaves.
[2022-03-14 10:42:54] [0002.065] E> I2C: Could not write 0 bytes to slave: 0x00a2 with repeat start true.
[2022-03-14 10:42:54] [0002.072] E> I2C_DEV: Failed to send register address 0x00000000.
[2022-03-14 10:42:54] [0002.078] E> I2C_DEV: Could not read 256 registers of size 1 from slave 0xa2 at 0x00000000 via instance 1.
[2022-03-14 10:42:54] [0002.088] E> eeprom: Failed to read I2C slave device
[2022-03-14 10:42:54] [0002.092] I> Eeprom read failed 0x3526070d
[2022-03-14 10:42:54] [0002.097] I> Find /i2c@3160000's alias i2c0
[2022-03-14 10:42:54] [0002.101] I> Reading eeprom i2c=0 address=0x50
[2022-03-14 10:42:54] [0002.105] E> I2C: slave not found in slaves.
[2022-03-14 10:42:54] [0002.109] E> I2C: Could not write 0 bytes to slave: 0x00a0 with repeat start true.
[2022-03-14 10:42:54] [0002.117] E> I2C_DEV: Failed to send register address 0x00000000.
[2022-03-14 10:42:54] [0002.123] E> I2C_DEV: Could not read 256 registers of size 1 from slave 0xa0 at 0x00000000 via instance 0.
[2022-03-14 10:42:54] [0002.132] E> eeprom: Failed to read I2C slave device
[2022-03-14 10:42:54] [0002.137] I> Eeprom read failed 0x3526070d
[2022-03-14 10:42:54] [0002.142] I> Find /i2c@3180000's alias i2c2
[2022-03-14 10:42:54] [0002.146] I> Reading eeprom i2c=2 address=0x54
[2022-03-14 10:42:54] [0002.150] I> Enabling gpio chip_id = 2, gpio pin = 9
[2022-03-14 10:42:54] [0002.181] I> Disabling gpio chip_id = 2, gpio pin = 9
[2022-03-14 10:42:54] [0002.186] I> Device at /i2c@3180000:0x54
[2022-03-14 10:42:54] [0002.190] I> Reading eeprom i2c=2 address=0x57
[2022-03-14 10:42:54] [0002.194] I> Enabling gpio chip_id = 2, gpio pin = 9
[2022-03-14 10:42:54] [0002.200] E> I2C: slave not found in slaves.
[2022-03-14 10:42:54] [0002.204] E> I2C: Could not write 0 bytes to slave: 0x00ae with repeat start true.
[2022-03-14 10:42:54] [0002.212] E> I2C_DEV: Failed to send register address 0x00000000.
[2022-03-14 10:42:54] [0002.217] E> I2C_DEV: Could not read 256 registers of size 1 from slave 0xae at 0x00000000 via instance 2.
[2022-03-14 10:42:54] [0002.227] E> eeprom: Failed to read I2C slave device
[2022-03-14 10:42:54] [0002.232] I> Disabling gpio chip_id = 2, gpio pin = 9
[2022-03-14 10:42:54] [0002.237] I> Eeprom read failed 0x00000000
[2022-03-14 10:42:54] [0002.241] I> create_pm_ids: id: 3310-1000-D00-L, len: 15
[2022-03-14 10:42:54] [0002.246] I> config: mem-type:00,power-config:00,misc-config:00,modem-config:00,touch-config:00,display-config:00,, len: 93
[2022-03-14 10:42:54] [0002.257] I> create_pm_ids: id: 2597-0000-900-E, len: 15
[2022-03-14 10:42:54] [0002.262] I> config: mem-type:00,power-config:00,misc-config:00,modem-config:00,touch-config:00,display-config:00,, len: 93
[2022-03-14 10:42:54] [0002.273] I> create_pm_ids: id: 3326-1000-000-M, len: 15
[2022-03-14 10:42:54] [0002.278] I> config: mem-type:ff,power-config:ff,misc-config:ff,modem-config:ff,touch-config:ff,display-config:ff,, len: 93
[2022-03-14 10:42:54] [0002.313] I> enabling 'vdd-hdmi' regulator
[2022-03-14 10:42:54] [0002.329] I> regulator 'vdd-hdmi' already enabled
[2022-03-14 10:42:54] [0002.333] E> tegrabl_display_init_regulator: hdmi cable is not connected
[2022-03-14 10:42:54] [0002.340] E> tegrabl_display_get_pdata, failed to parse dtb settings
[2022-03-14 10:42:54] [0002.349] E> cannot find any other nvdisp nodes
[2022-03-14 10:42:54] [0002.353] E> no valid display unit config found in dtb
[2022-03-14 10:42:54] [0002.359] W> display init failed
[2022-03-14 10:42:54] [0002.362] initializing target
[2022-03-14 10:42:54] [0002.365] calling apps_init()
[2022-03-14 10:42:54] [0002.368] starting app kernel_boot_app
[2022-03-14 10:42:54] [0002.390] I> found decompressor handler: lz4-legacy
[2022-03-14 10:42:54] [0002.395] I> decompressing BMP blob ...
[2022-03-14 10:42:54] [0002.407] I> Kernel type = Normal
[2022-03-14 10:42:54] [0002.410] I> ########## Fixed storage boot ##########
[2022-03-14 10:42:54] [0002.415] I> Loading kernel-bootctrl from partition
[2022-03-14 10:42:54] [0002.420] I> Loading partition kernel-bootctrl at 0xa8000000 from device(0x1)
[2022-03-14 10:42:54] [0002.435] W> tegrabl_get_kernel_bootctrl: magic number(0x00000000) is invalid
[2022-03-14 10:42:54] [0002.442] W> tegrabl_get_kernel_bootctrl: use default dummy boot control data
[2022-03-14 10:42:54] [0002.448] W> No valid slot number is found in scratch register
[2022-03-14 10:42:54] [0002.454] W> Return default slot: _a
[2022-03-14 10:42:54] [0002.457] I> A/B: bin_type (24) slot 0
[2022-03-14 10:42:54] [0002.473] I> Boot image size read from image header: 9913d
[2022-03-14 10:42:54] [0002.478] I> Boot image load address: 0x80400000
[2022-03-14 10:42:54] [0002.483] I> Loading kernel from partition
[2022-03-14 10:42:54] [0002.487] I> Loading partition kernel at 0x80400000 from device(0x1)
[2022-03-14 10:42:55] [0003.429] I> Validate kernel ...
[2022-03-14 10:42:55] [0003.432] I> T18x: Authenticate kernel (bin_type 24), max size 0x4000000
[2022-03-14 10:42:55] [0003.440] I> Decrypt the buffer ... [0003.444] W> tegrabl_decrypt_block: fuse (0x0) is not burnt to do encryption (0x4); skip decryption.
[2022-03-14 10:42:55] [0003.453] I> done
[2022-03-14 10:42:55] [0003.454] I> Checking boot.img header magic ... [0003.459] I> [OK]
[2022-03-14 10:42:55] [0003.460] I> kernel-dtb is already loaded
[2022-03-14 10:42:55] [0003.464] I> Validate kernel-dtb ...
[2022-03-14 10:42:55] [0003.468] I> T18x: Authenticate kernel-dtb (bin_type 21), max size 0x100000
[2022-03-14 10:42:55] [0003.475] I> Decrypt the buffer ... [0003.478] W> tegrabl_decrypt_block: fuse (0x0) is not burnt to do encryption (0x4); skip decryption.
[2022-03-14 10:42:55] [0003.487] I> done
[2022-03-14 10:42:55] [0003.489] I> Kernel hdr @0x80400000
[2022-03-14 10:42:55] [0003.492] I> Kernel dtb @0x80000000
[2022-03-14 10:42:55] [0003.496] I> decompressor handler not found
[2022-03-14 10:42:55] [0003.500] I> Copying kernel image (627005 bytes) from 0x80400800 to 0x80600000 ... [0003.507] I> Done
[2022-03-14 10:42:55] [0003.509] I> Move ramdisk (len: 0) from 0x8049a000 to 0x947d0000
[2022-03-14 10:42:55] [0003.517] I> Updated bpmp info to DTB
[2022-03-14 10:42:55] [0003.523] I> Ramdisk: Base: 0x947d0000; Size: 0x0
[2022-03-14 10:42:55] [0003.527] I> Updated initrd info to DTB
[2022-03-14 10:42:55] [0003.531] W> WARN: Fail to override "console=none" in commandline
[2022-03-14 10:42:55] [0003.537] I> Active rootfs suffix: 
[2022-03-14 10:42:55] [0003.540] E> tegrabl_linuxboot_add_disp_param, du 0 failed to get display params
[2022-03-14 10:42:55] [0003.547] E> tegrabl_linuxboot_add_disp_param, du 0 failed to get display params
[2022-03-14 10:42:55] [0003.554] E> tegrabl_linuxboot_add_disp_param, du 0 failed to get display params
[2022-03-14 10:42:55] [0003.562] I> disabled_core_mask: 0xffffff0c
[2022-03-14 10:42:55] [0003.566] W> No valid slot number is found in scratch register
[2022-03-14 10:42:55] [0003.571] W> Return default slot: _a
[2022-03-14 10:42:55] [0003.575] I> Active slot suffix: 
[2022-03-14 10:42:55] [0003.578] I> add_boot_slot_suffix: slot_suffix = 
[2022-03-14 10:42:55] [0003.582] I> Linux Cmdline: console=ttyS0,115200 androidboot.presilicon=true firmware_class.path=/etc/firmware root=/dev/mmcblk0p1 rw rootwait rootfstype=ext4 console=ttyS0,115200n8 console=tty0 fbcon=map:0 net.ifnames=0 isolcpus=1-2  video=tegrafb earlycon=uart8250,mmio32,0x3100000 nvdumper_reserved=0x2772e0000 gpt rootfs.slot_suffix= usbcore.old_scheme_first=1 tegraid=18.1.2.0.0 maxcpus=6 no_console_suspend boot.slot_suffix= boot.ratchetvalues=0.2031647.1 vpr_resize bl_prof_dataptr=0x10000@0x275840000 sdhci_tegra.en_boot_part_access=1 
[2022-03-14 10:42:55] [0003.630] I> Updated bootarg info to DTB
[2022-03-14 10:42:55] [0003.634] I> eeprom_get_mac_addr: MAC (type: 0): 48:b0:2d:0f:11:c5
[2022-03-14 10:42:55] [0003.640] I> eeprom_get_mac_addr: MAC (type: 1): 48:b0:2d:0f:11:c6
[2022-03-14 10:42:55] [0003.646] I> eeprom_get_mac_addr: MAC (type: 2): 48:b0:2d:0f:11:c7
[2022-03-14 10:42:55] [0003.652] E> Found no plugin manager ids in source DT
[2022-03-14 10:42:55] [0003.657] W> Add plugin manager ids from board info
[2022-03-14 10:42:55] [0003.662] W> "plugin-manager" doesn't exist, creating
[2022-03-14 10:42:55] [0003.667] W> "ids" doesn't exist, creating
[2022-03-14 10:42:55] [0003.671] W> "connection" doesn't exist, creating
[2022-03-14 10:42:55] [0003.676] W> "configs" doesn't exist, creating
[2022-03-14 10:42:55] [0003.680] I> create_pm_ids: id: 3310-1000-D00-L, len: 15
[2022-03-14 10:42:55] [0003.685] I> config: mem-type:00,power-config:00,misc-config:00,modem-config:00,touch-config:00,display-config:00,, len: 93
[2022-03-14 10:42:55] [0003.696] I> create_pm_ids: id: 2597-0000-900-E, len: 15
[2022-03-14 10:42:55] [0003.701] I> config: mem-type:00,power-config:00,misc-config:00,modem-config:00,touch-config:00,display-config:00,, len: 93
[2022-03-14 10:42:55] [0003.712] I> create_pm_ids: id: 3326-1000-000-M, len: 15
[2022-03-14 10:42:55] [0003.717] I> config: mem-type:ff,power-config:ff,misc-config:ff,modem-config:ff,touch-config:ff,display-config:ff,, len: 93
[2022-03-14 10:42:55] [0003.728] I> Adding plugin-manager/ids/3310-1000-D00=/i2c@c250000:module@0x50
[2022-03-14 10:42:55] [0003.735] W> "i2c@c250000" doesn't exist, creating
[2022-03-14 10:42:55] [0003.740] W> "module@0x50" doesn't exist, creating
[2022-03-14 10:42:55] [0003.745] I> Adding plugin-manager/ids/2597-0000-900=/i2c@c250000:module@0x57
[2022-03-14 10:42:55] [0003.752] W> "module@0x57" doesn't exist, creating
[2022-03-14 10:42:55] [0003.757] I> Adding plugin-manager/ids/3326-1000-000=/i2c@3180000:module@0x54
[2022-03-14 10:42:55] [0003.764] W> "i2c@3180000" doesn't exist, creating
[2022-03-14 10:42:55] [0003.769] W> "module@0x54" doesn't exist, creating
[2022-03-14 10:42:55] [0003.776] I> Adding plugin-manager/ids/3310-1000-D00-L
[2022-03-14 10:42:55] [0003.783] I> Adding plugin-manager/configs/3310-mem-type 00
[2022-03-14 10:42:55] [0003.788] I> Adding plugin-manager/configs/3310-power-config 00
[2022-03-14 10:42:55] [0003.794] I> Adding plugin-manager/configs/3310-misc-config 00
[2022-03-14 10:42:55] [0003.800] I> Adding plugin-manager/configs/3310-modem-config 00
[2022-03-14 10:42:55] [0003.806] I> Adding plugin-manager/configs/3310-touch-config 00
[2022-03-14 10:42:55] [0003.812] I> Adding plugin-manager/configs/3310-display-config 00
[2022-03-14 10:42:55] [0003.818] I> Adding plugin-manager/cvm
[2022-03-14 10:42:55] [0003.822] W> "chip-id" doesn't exist, creating
[2022-03-14 10:42:55] [0003.827] I> Adding plugin-manager/chip-id/A02P
[2022-03-14 10:42:55] [0003.831] W> "odm-data" doesn't exist, creating
[2022-03-14 10:42:55] [0003.836] I> Adding /chosen/plugin-manager/odm-data
[2022-03-14 10:42:55] [0003.846] I> added [base:0x80000000, size:0x70000000] to /memory
[2022-03-14 10:42:55] [0003.851] I> added [base:0xf0200000, size:0x185600000] to /memory
[2022-03-14 10:42:55] [0003.857] I> added [base:0x275e00000, size:0x200000] to /memory
[2022-03-14 10:42:55] [0003.863] I> added [base:0x276600000, size:0x200000] to /memory
[2022-03-14 10:42:55] [0003.869] I> added [base:0x277000000, size:0x200000] to /memory
[2022-03-14 10:42:55] [0003.875] I> Updated memory info to DTB
[2022-03-14 10:42:55] [0003.879] E> add_disp_param: failed to get display params for du=0
[2022-03-14 10:42:55] [0003.887] W> "reset" doesn't exist, creating
[2022-03-14 10:42:55] [0003.891] W> "pmc-reset-reason" doesn't exist, creating
[2022-03-14 10:42:55] [0003.897] W> "pmic-reset-reason" doesn't exist, creating
[2022-03-14 10:42:55] [0003.903] I> Adding ecid(00000001646db7851000000013038200) to DT
[2022-03-14 10:42:55] [0003.909] I> disabled_core_mask: 0xffffff0c
[2022-03-14 10:42:55] [0003.922] I> Add serial number:1422420022173 as DT property
[2022-03-14 10:42:55] [0003.931] I> Plugin-manager override starting
[2022-03-14 10:42:55] [0003.936] I> node /plugin-manager/fragement@0 matches
[2022-03-14 10:42:55] [0003.947] I> node /plugin-manager/fragement@4 matches
[2022-03-14 10:42:55] [0003.959] I> node /plugin-manager/fragment-sdwake-p3310-1000-300 matches
[2022-03-14 10:42:55] [0003.979] I> node /plugin-manager/fragement-pmon-p3310-1000-300 matches
[2022-03-14 10:42:55] [0003.989] I> node /plugin-manager/fragement-pmon-p3310-1000-800 matches
[2022-03-14 10:42:55] [0003.998] I> node /plugin-manager/fragment-devslp@0 matches
[2022-03-14 10:42:56] [0004.010] I> node /plugin-manager/fragment-500-pcie-config matches
[2022-03-14 10:42:56] [0004.025] I> node /plugin-manager/fragment-500-xusb-config matches
[2022-03-14 10:42:56] [0004.048] I> node /plugin-manager/fragment-p3310-c00-comm matches
[2022-03-14 10:42:56] [0004.062] I> node /plugin-manager/fragment-p3310-c00-pmic matches
[2022-03-14 10:42:56] [0004.072] I> node /plugin-manager/fragment-p3310-c01 matches
[2022-03-14 10:42:56] [0004.086] I> node /plugin-manager/fragment-p3310-c03 matches
[2022-03-14 10:42:56] [0004.128] I> node /plugin-manager/fragment-e3326@0 matches
[2022-03-14 10:42:56] [0004.210] I> node /plugin-manager/fragment-p3310-c00-camera matches
[2022-03-14 10:42:56] [0004.237] I> Disable plugin-manager status in FDT
[2022-03-14 10:42:56] [0004.242] I> Plugin-manager override finished successfully
[2022-03-14 10:42:56] [0004.247] I> tegrabl_load_kernel_and_dtb: Done
[2022-03-14 10:42:56] [0004.251] E> tegrabl_display_clear: display is not initialized
[2022-03-14 10:42:56] [0004.257] W> Boot logo display failed...
[2022-03-14 10:42:56] [0004.261] I> Kernel EP: 0x80600000, DTB: 0x80000000
[2022-03-14 10:42:56] 
[2022-03-14 10:42:56] 
[2022-03-14 10:42:56] U-Boot 2020.04-g46e4604c78 (Jul 26 2021 - 12:10:58 -0700)
[2022-03-14 10:42:56] 
[2022-03-14 10:42:56] SoC: tegra186
[2022-03-14 10:42:56] Model: NVIDIA P2771-0000-500
[2022-03-14 10:42:56] Board: NVIDIA P2771-0000
[2022-03-14 10:42:56] DRAM:  7.8 GiB
[2022-03-14 10:42:56] MMC:   sdhci@3400000: 1, sdhci@3460000: 0
[2022-03-14 10:42:56] Loading Environment from MMC... *** Warning - bad CRC, using default environment
[2022-03-14 10:42:56] 
[2022-03-14 10:42:56] In:    serial
[2022-03-14 10:42:56] Out:   serial
[2022-03-14 10:42:56] Err:   serial
[2022-03-14 10:42:56] Net:   
[2022-03-14 10:42:56] Warning: ethernet@2490000 using MAC address from ROM
[2022-03-14 10:42:56] eth0: ethernet@2490000
[2022-03-14 10:42:56] Hit any key to stop autoboot:  2  1  0 
[2022-03-14 10:42:58] MMC: no card present
[2022-03-14 10:42:58] switch to partitions #0, OK
[2022-03-14 10:42:58] mmc0(part 0) is current device
[2022-03-14 10:42:58] Scanning mmc 0:1...
[2022-03-14 10:42:58] Found /boot/extlinux/extlinux.conf
[2022-03-14 10:42:58] Retrieving file: /boot/extlinux/extlinux.conf
[2022-03-14 10:42:59] 858 bytes read in 22 ms (38.1 KiB/s)
[2022-03-14 10:42:59] 1:	primary kernel
[2022-03-14 10:42:59] Retrieving file: /boot/initrd
[2022-03-14 10:42:59] 7238344 bytes read in 201 ms (34.3 MiB/s)
[2022-03-14 10:42:59] Retrieving file: /boot/Image
[2022-03-14 10:43:00] 34484232 bytes read in 830 ms (39.6 MiB/s)
[2022-03-14 10:43:00] append: console=ttyS0,115200 androidboot.presilicon=true firmware_class.path=/etc/firmware root=/dev/mmcblk0p1 rw rootwait rootfstype=ext4 console=ttyS0,115200n8 console=tty0 fbcon=map:0 net.ifnames=0 isolcpus=1-2  video=tegrafb earlycon=uart8250,mmio32,0x3100000 nvdumper_reserved=0x2772e0000 gpt rootfs.slot_suffix= usbcore.old_scheme_first=1 tegraid=18.1.2.0.0 maxcpus=6 no_console_suspend boot.slot_suffix= boot.ratchetvalues=0.2031647.1 vpr_resize bl_prof_dataptr=0x10000@0x275840000 sdhci_tegra.en_boot_part_access=1 quiet root=/dev/mmcblk0p1 rw rootwait rootfstype=ext4 console=ttyS0,115200n8 console=tty0 fbcon=map:0 net.ifnames=0 isolcpus=1-2 
[2022-03-14 10:43:00] ## Flattened Device Tree blob at 80000000
[2022-03-14 10:43:00]    Booting using the fdt blob at 0x80000000
[2022-03-14 10:43:00] ERROR: reserving fdt memory region failed (addr=0 size=0)
[2022-03-14 10:43:00] ERROR: reserving fdt memory region failed (addr=0 size=0)
[2022-03-14 10:43:00] ERROR: reserving fdt memory region failed (addr=0 size=0)
[2022-03-14 10:43:00]    Using Device Tree in place at 0000000080000000, end 0000000080060aa3
[2022-03-14 10:43:00] copying carveout for /host1x@13e00000/display-hub@15200000/display@15200000...
[2022-03-14 10:43:00] copying carveout for /host1x@13e00000/display-hub@15200000/display@15210000...
[2022-03-14 10:43:00] copying carveout for /host1x@13e00000/display-hub@15200000/display@15220000...
[2022-03-14 10:43:00] 
[2022-03-14 10:43:00] Starting kernel ...
[2022-03-14 10:43:00] 
[2022-03-14 10:43:00] [    0.000000] Booting Linux on physical CPU 0x100
[2022-03-14 10:43:00] [    0.000000] Linux version 4.9.253-tegra (buildbrain@mobile-u64-5497-d3000) (gcc version 7.3.1 20180425 [linaro-7.3-2018.05 revision d29120a424ecfbc167ef90065c0eeb7f91977701] (Linaro GCC 7.3-2018.05) ) #1 SMP PREEMPT Mon Jul 26 12:19:28 PDT 2021
[2022-03-14 10:43:00] [    0.000000] Boot CPU: AArch64 Processor [411fd073]
[2022-03-14 10:43:00] [    0.000000] OF: fdt:memory scan node memory@80000000, reg size 80,
[2022-03-14 10:43:00] [    0.000000] OF: fdt: - 80000000 ,  70000000
[2022-03-14 10:43:00] [    0.000000] OF: fdt: - f0200000 ,  185600000
[2022-03-14 10:43:00] [    0.000000] OF: fdt: - 275e00000 ,  200000
[2022-03-14 10:43:00] [    0.000000] OF: fdt: - 276600000 ,  200000
[2022-03-14 10:43:00] [    0.000000] OF: fdt: - 277000000 ,  200000
[2022-03-14 10:43:00] [    0.000000] earlycon: uart8250 at MMIO32 0x0000000003100000 (options '')
[2022-03-14 10:43:00] [    0.000000] bootconsole [uart8250] enabled
[2022-03-14 10:43:02] [    1.783997] cgroup: cgroup2: unknown option "nsdelegate"
[2022-03-14 10:43:03] [    3.018297] using random self ethernet address
[2022-03-14 10:43:03] [    3.027505] using random host ethernet address
[2022-03-14 10:43:03] [    3.170855] random: crng init done
[2022-03-14 10:43:03] [    3.174264] random: 7 urandom warning(s) missed due to ratelimiting
[2022-03-14 10:43:03] [    3.190881] FAT-fs (loop0): Volume was not properly unmounted. Some data may be corrupt. Please run fsck.
[2022-03-14 10:43:04] [    3.539089] using random self ethernet address
[2022-03-14 10:43:04] [    3.544631] using random host ethernet address
[2022-03-14 10:43:04] [    3.818075] CPU1: shutdown
[2022-03-14 10:43:04] [    3.899020] CPU2: shutdown
[2022-03-14 10:43:05] [    4.805763] Bridge firewalling registered
[2022-03-14 10:43:09] 
[2022-03-14 10:43:09] Ubuntu 18.04.5 LTS JTX2-A ttyS0
[2022-03-14 10:43:09] 
[2022-03-14 10:43:09] JTX2-A login: [   40.865622] nvgpu: 17000000.gp10b                     gp10b_ltc_isr:298  [ERR]  mc_ltc_intr: 00000001
[2022-03-14 10:43:41] [   40.874912] nvgpu: 17000000.gp10b                 gp10b_ltc_lts_isr:252  [ERR]  Single bit error detected in GPU L2!
[2022-03-14 10:43:41] [   40.885594] nvgpu: 17000000.gp10b                 gp10b_ltc_lts_isr:286  [ERR]  ltc0, slice 0: bb4f0110
[2022-03-14 10:44:17] [   77.061527] CPU5: SError detected, daif=1c0, spsr=0x40000045, mpidr=80000103, esr=bf40c000
[2022-03-14 10:44:17] [   77.061529] CPU4: SError detected, daif=1c0, spsr=0x800000c5, mpidr=80000102, esr=bf40c000
[2022-03-14 10:44:17] [   77.061532] CPU3: SError detected, daif=1c0, spsr=0x800000c5, mpidr=80000101, esr=bf40c000
[2022-03-14 10:44:17] [   77.061534] CPU0: SError detected, daif=1c0, spsr=0x80000000, mpidr=80000100, esr=bf40c000
[2022-03-14 10:44:17] [   77.061535] **************************************
[2022-03-14 10:44:17] [   77.061539] A57 CPU Memory Error on CPU 4 (A57 Core 2)
[2022-03-14 10:44:17] [   77.061541] 	ESR:               0xbf40c000
[2022-03-14 10:44:17] [   77.061543] 	L2MERRSR: 0xa0091090450
[2022-03-14 10:44:17] [   77.061545] 	L2 Data RAM: 0x11
[2022-03-14 10:44:17] [   77.061546] 	CPU ID of Error:    1
[2022-03-14 10:44:17] [   77.061547] 	WAY of Error:       0
