[0000.274] I> Welcome to MB2(TBoot-BPMP)(version: 01.00.160913-t186-M-00.00-mobile-c368a720)
[2022-03-14 11:55:32] [0000.282] I> Boot-device: eMMC
[2022-03-14 11:55:32] [0000.290] I> sdmmc bdev is already initialized
[2022-03-14 11:55:32] [0000.294] I> pmic: reset reason (nverc)	: 0x80
[2022-03-14 11:55:32] [0000.327] I> Found 19 partitions in SDMMC_BOOT (instance 3)
[2022-03-14 11:55:32] [0000.347] I> Found 33 partitions in SDMMC_USER (instance 3)
[2022-03-14 11:55:32] [0000.353] W> No valid slot number is found in scratch register
[2022-03-14 11:55:32] [0000.359] W> Return default slot: _a
[2022-03-14 11:55:32] [0000.362] I> A/B: bin_type (16) slot 0
[2022-03-14 11:55:32] [0000.366] I> Loading partition bpmp-fw at 0xd7800000
[2022-03-14 11:55:32] [0000.371] I> Reading two headers - addr:0xd7800000 blocks:1
[2022-03-14 11:55:32] [0000.376] I> Addr: 0xd7800000, start-block: 58777608, num_blocks: 1
[2022-03-14 11:55:32] [0000.401] I> Binary(16) of size 534416 is loaded @ 0xd7800000
[2022-03-14 11:55:32] [0000.407] W> No valid slot number is found in scratch register
[2022-03-14 11:55:32] [0000.412] W> Return default slot: _a
[2022-03-14 11:55:32] [0000.416] I> A/B: bin_type (17) slot 0
[2022-03-14 11:55:32] [0000.419] I> Loading partition bpmp-fw-dtb at 0xd79f0000
[2022-03-14 11:55:32] [0000.425] I> Reading two headers - addr:0xd79f0000 blocks:1
[2022-03-14 11:55:32] [0000.430] I> Addr: 0xd79f0000, start-block: 58780024, num_blocks: 1
[2022-03-14 11:55:32] [0000.456] I> Binary(17) of size 604720 is loaded @ 0xd796c400
[2022-03-14 11:55:33] [0000.686] I> Loading SCE-FW ...
[2022-03-14 11:55:33] [0000.689] W> No valid slot number is found in scratch register
[2022-03-14 11:55:33] [0000.694] W> Return default slot: _a
[2022-03-14 11:55:33] [0000.698] I> A/B: bin_type (12) slot 0
[2022-03-14 11:55:33] [0000.701] I> Loading partition sce-fw at 0xd7300000
[2022-03-14 11:55:33] [0000.706] I> Reading two headers - addr:0xd7300000 blocks:1
[2022-03-14 11:55:33] [0000.712] I> Addr: 0xd7300000, start-block: 58784120, num_blocks: 1
[2022-03-14 11:55:33] [0000.731] I> Binary(12) of size 125632 is loaded @ 0xd7300000
[2022-03-14 11:55:33] [0000.737] I> Init SCE
[2022-03-14 11:55:33] [0000.739] I> Loading APE-FW ...
[2022-03-14 11:55:33] [0000.742] W> No valid slot number is found in scratch register
[2022-03-14 11:55:33] [0000.748] W> Return default slot: _a
[2022-03-14 11:55:33] [0000.751] I> A/B: bin_type (11) slot 0
[2022-03-14 11:55:33] [0000.755] I> Loading partition adsp-fw at 0xd7400000
[2022-03-14 11:55:33] [0000.759] I> Reading two headers - addr:0xd7400000 blocks:1
[2022-03-14 11:55:33] [0000.765] I> Addr: 0xd7400000, start-block: 58761224, num_blocks: 1
[2022-03-14 11:55:33] [0000.784] I> Binary(11) of size 77216 is loaded @ 0xd7400000
[2022-03-14 11:55:33] [0000.790] I> Copy BTCM section
[2022-03-14 11:55:33] [0000.793] W> No valid slot number is found in scratch register
[2022-03-14 11:55:33] [0000.798] W> Return default slot: _a
[2022-03-14 11:55:33] [0000.802] I> A/B: bin_type (13) slot 0
[2022-03-14 11:55:33] [0000.805] I> Loading partition cpu-bootloader at 0x96000000
[2022-03-14 11:55:33] [0000.811] I> Reading two headers - addr:0x96000000 blocks:1
[2022-03-14 11:55:33] [0000.816] I> Addr: 0x96000000, start-block: 58740744, num_blocks: 1
[2022-03-14 11:55:33] [0000.837] I> Binary(13) of size 308800 is loaded @ 0x96000000
[2022-03-14 11:55:33] [0000.843] W> No valid slot number is found in scratch register
[2022-03-14 11:55:33] [0000.849] W> Return default slot: _a
[2022-03-14 11:55:33] [0000.852] I> A/B: bin_type (20) slot 0
[2022-03-14 11:55:33] [0000.856] I> Loading partition bootloader-dtb at 0x85205400
[2022-03-14 11:55:33] [0000.861] I> Reading two headers - addr:0x85205400 blocks:1
[2022-03-14 11:55:33] [0000.867] I> Addr: 0x85205400, start-block: 58742792, num_blocks: 1
[2022-03-14 11:55:33] [0000.888] I> Binary(20) of size 375568 is loaded @ 0x85205400
[2022-03-14 11:55:33] [0000.894] W> No valid slot number is found in scratch register
[2022-03-14 11:55:33] [0000.900] W> Return default slot: _a
[2022-03-14 11:55:33] [0000.903] I> A/B: bin_type (14) slot 0
[2022-03-14 11:55:33] [0000.907] I> Loading partition secure-os at 0x85305600
[2022-03-14 11:55:33] [0000.912] I> Reading two headers - addr:0x85305600 blocks:1
[2022-03-14 11:55:33] [0000.917] I> Addr: 0x85305600, start-block: 58744840, num_blocks: 1
[2022-03-14 11:55:33] [0000.940] I> Binary(14) of size 402864 is loaded @ 0x85305600
[2022-03-14 11:55:33] [0000.947] I> TOS boot-params @ 0x85000000
[2022-03-14 11:55:33] [0000.951] I> TOS params prepared
[2022-03-14 11:55:33] [0000.954] I> Loading EKS ...
[2022-03-14 11:55:33] [0000.957] I> A/B: bin_type (15) slot 0
[2022-03-14 11:55:33] [0000.961] I> Loading partition eks at 0x85905800
[2022-03-14 11:55:33] [0000.965] I> Reading two headers - addr:0x85905800 blocks:1
[2022-03-14 11:55:33] [0000.971] I> Addr: 0x85905800, start-block: 58757128, num_blocks: 1
[2022-03-14 11:55:33] [0000.989] I> Binary(15) of size 1040 is loaded @ 0x85905800
[2022-03-14 11:55:33] [0000.995] I> EKB detected (length: 0x400) @ 0x85905800
[2022-03-14 11:55:33] [0001.000] I> Copied encrypted keys
[2022-03-14 11:55:33] [0001.004] I> boot profiler @ 0x275844000
[2022-03-14 11:55:33] [0001.007] I> boot profiler for TOS @ 0x275844000
[2022-03-14 11:55:33] [0001.012] I> Unhalting SCE
[2022-03-14 11:55:33] [0001.015] I> Primary Memory Start:80000000 Size:70000000
[2022-03-14 11:55:33] [0001.020] I> Extended Memory Start:f0110000 Size:1856f0000
[2022-03-14 11:55:33] [0001.027] I> MB2(TBoot-BPMP) done
[2022-03-14 11:55:33] 
[2022-03-14 11:55:33] NOTICE:  BL31: v1.3(release):b5eeb33f7
[2022-03-14 11:55:33] NOTICE:  BL31: Built : 12:15:17, Jul 26 2021
[2022-03-14 11:55:33] ipc-unittest-main: 1519: Welcome to IPC unittest!!!
[2022-03-14 11:55:33] ipc-unittest-main: 1531: waiting forever
[2022-03-14 11:55:33] ipc-unittest-srv: 329: Init unittest services!!!
[2022-03-14 11:55:33] hwkey-agent: 41: hwkey-agent is running!!
[2022-03-14 11:55:33] hwkey-agent: 315: key_mgnt_processing .......
[2022-03-14 11:55:33] hwkey-agent: 223: Setting EKB key 0 to slot 14
[2022-03-14 11:55:33] hwkey-agent: 178: Init hweky-agent services!!
[2022-03-14 11:55:33] luks-srv: 40: luks-srv is running!!
[2022-03-14 11:55:33] luks-srv: 157: Init luks-srv IPC services!!
[2022-03-14 11:55:33] platform_bootstrap_epilog: trusty bootstrap complete
[2022-03-14 11:55:33] [0001.399] I> Welcome to Cboot
[2022-03-14 11:55:33] [0001.402] I> Cboot Version: t186-00029e71
[2022-03-14 11:55:33] [0001.406] I> CPU-BL Params @ 0x275800000
[2022-03-14 11:55:33] [0001.410] I>  0) Base:0x00000000 Size:0x00000000
[2022-03-14 11:55:33] [0001.414] I>  1) Base:0x277f00000 Size:0x00100000
[2022-03-14 11:55:33] [0001.419] I>  2) Base:0x277e00000 Size:0x00100000
[2022-03-14 11:55:33] [0001.423] I>  3) Base:0x277d00000 Size:0x00100000
[2022-03-14 11:55:33] [0001.428] I>  4) Base:0x277c00000 Size:0x00100000
[2022-03-14 11:55:33] [0001.432] I>  5) Base:0x277b00000 Size:0x00100000
[2022-03-14 11:55:33] [0001.437] I>  6) Base:0x277800000 Size:0x00200000
[2022-03-14 11:55:33] [0001.441] I>  7) Base:0x277400000 Size:0x00400000
[2022-03-14 11:55:33] [0001.446] I>  8) Base:0x277a00000 Size:0x00100000
[2022-03-14 11:55:33] [0001.450] I>  9) Base:0x277300000 Size:0x00100000
[2022-03-14 11:55:33] [0001.455] I> 10) Base:0x276800000 Size:0x00800000
[2022-03-14 11:55:33] [0001.459] I> 11) Base:0x30000000 Size:0x00040000
[2022-03-14 11:55:33] [0001.464] I> 12) Base:0xf0000000 Size:0x00100000
[2022-03-14 11:55:33] [0001.468] I> 13) Base:0x30040000 Size:0x00001000
[2022-03-14 11:55:33] [0001.473] I> 14) Base:0x30048000 Size:0x00001000
[2022-03-14 11:55:33] [0001.477] I> 15) Base:0x30049000 Size:0x00001000
[2022-03-14 11:55:33] [0001.482] I> 16) Base:0x3004a000 Size:0x00001000
[2022-03-14 11:55:33] [0001.486] I> 17) Base:0x3004b000 Size:0x00001000
[2022-03-14 11:55:33] [0001.490] I> 18) Base:0x3004c000 Size:0x00001000
[2022-03-14 11:55:33] [0001.495] I> 19) Base:0x3004d000 Size:0x00001000
[2022-03-14 11:55:33] [0001.499] I> 20) Base:0x3004e000 Size:0x00001000
[2022-03-14 11:55:33] [0001.504] I> 21) Base:0x3004f000 Size:0x00001000
[2022-03-14 11:55:33] [0001.508] I> 22) Base:0x00000000 Size:0x00000000
[2022-03-14 11:55:33] [0001.513] I> 23) Base:0xf0100000 Size:0x00010000
[2022-03-14 11:55:33] [0001.517] I> 24) Base:0x00000000 Size:0x00000000
[2022-03-14 11:55:33] [0001.521] I> 25) Base:0x00000000 Size:0x00000000
[2022-03-14 11:55:33] [0001.526] I> 26) Base:0x00000000 Size:0x00000000
[2022-03-14 11:55:33] [0001.530] I> 27) Base:0x00000000 Size:0x00000000
[2022-03-14 11:55:33] [0001.535] I> 28) Base:0x84400000 Size:0x00400000
[2022-03-14 11:55:33] [0001.539] I> 29) Base:0x30000000 Size:0x00010000
[2022-03-14 11:55:33] [0001.544] I> 30) Base:0x278000000 Size:0x08000000
[2022-03-14 11:55:33] [0001.548] I> 31) Base:0x00000000 Size:0x00000000
[2022-03-14 11:55:33] [0001.553] I> 32) Base:0x276000000 Size:0x00600000
[2022-03-14 11:55:33] [0001.557] I> 33) Base:0x80000000 Size:0x70000000
[2022-03-14 11:55:33] [0001.562] I> 34) Base:0xf0110000 Size:0x1856f0000
[2022-03-14 11:55:33] [0001.566] I> 35) Base:0x00000000 Size:0x00000000
[2022-03-14 11:55:33] [0001.570] I> 36) Base:0x00000000 Size:0x00000000
[2022-03-14 11:55:33] [0001.575] I> 37) Base:0x2772e0000 Size:0x00020000
[2022-03-14 11:55:33] [0001.579] I> 38) Base:0x84000000 Size:0x00400000
[2022-03-14 11:55:33] [0001.584] I> 39) Base:0x96000000 Size:0x02000000
[2022-03-14 11:55:33] [0001.588] I> 40) Base:0x85000000 Size:0x01200000
[2022-03-14 11:55:33] [0001.593] I> 41) Base:0x275800000 Size:0x00500000
[2022-03-14 11:55:33] [0001.597] I> 42) Base:0x00000000 Size:0x00000000
[2022-03-14 11:55:33] [0001.602] I> 43) Base:0x00000000 Size:0x00000000
[2022-03-14 11:55:33] [0001.606] GIC-SPI Target CPU: 4
[2022-03-14 11:55:33] [0001.609] Interrupts Init done
[2022-03-14 11:55:33] [0001.613] calling constructors
[2022-03-14 11:55:33] [0001.616] initializing heap
[2022-03-14 11:55:33] [0001.618] initializing threads
[2022-03-14 11:55:33] [0001.622] initializing timers
[2022-03-14 11:55:33] [0001.625] creating bootstrap completion thread
[2022-03-14 11:55:33] [0001.629] top of bootstrap2()
[2022-03-14 11:55:33] [0001.633] CPU: ARM Cortex A57
[2022-03-14 11:55:33] [0001.636] CPU: MIDR: 0x411FD073, MPIDR: 0x80000100
[2022-03-14 11:55:33] [0001.641] initializing platform
[2022-03-14 11:55:33] [0001.644] I> Bl_dtb @0x85205400
[2022-03-14 11:55:33] [0001.647] I> gpio framework initialized
[2022-03-14 11:55:33] [0001.654] I> tegrabl_gpio_driver_register: register 'nvidia,tegra186-gpio' driver
[2022-03-14 11:55:33] [0001.664] I> tegrabl_gpio_driver_register: register 'nvidia,tegra186-gpio-aon' driver
[2022-03-14 11:55:34] [0001.671] I> GPIO framework and drivers are initialized.
[2022-03-14 11:55:34] [0001.676] I> Boot-device: eMMC
[2022-03-14 11:55:34] [0001.684] I> sdmmc bdev is already initialized
[2022-03-14 11:55:34] [0001.714] I> Found 19 partitions in SDMMC_BOOT (instance 3)
[2022-03-14 11:55:34] [0001.732] I> Found 33 partitions in SDMMC_USER (instance 3)
[2022-03-14 11:55:34] [0001.737] W> opt-in fuse is not set, skip fuse_burning
[2022-03-14 11:55:34] [0001.742] I> Reserved memory at 0xfbe00000 for U-Boot relocation
[2022-03-14 11:55:34] [0001.748] W> No valid slot number is found in scratch register
[2022-03-14 11:55:34] [0001.754] W> Return default slot: _a
[2022-03-14 11:55:34] [0001.763] I> A/B: bin_type (21) slot 0
[2022-03-14 11:55:34] [0001.767] I> Loading kernel-dtb from partition
[2022-03-14 11:55:34] [0001.771] I> Loading partition kernel-dtb at 0x80000000 from device(0x1)
[2022-03-14 11:55:34] [0001.788] I> Kernel_dtb @0x80000000
[2022-03-14 11:55:34] [0001.792] I> tegrabl_tca9539_init: i2c bus: 0, slave addr: 0xee
[2022-03-14 11:55:34] [0001.802] I> tegrabl_gpio_driver_register: register 'tca9539_gpio_driver' driver
[2022-03-14 11:55:34] [0001.809] I> tegrabl_tca9539_init: i2c bus: 0, slave addr: 0xe8
[2022-03-14 11:55:34] [0001.818] I> tegrabl_gpio_driver_register: register 'tca9539_gpio_driver' driver
[2022-03-14 11:55:34] [0001.829] I> fixed regulator driver initialized
[2022-03-14 11:55:34] [0001.862] I> register 'maxim' power off handle
[2022-03-14 11:55:34] [0001.868] I> virtual i2c enabled
[2022-03-14 11:55:34] [0001.871] I> registered 'maxim,max77620' pmic
[2022-03-14 11:55:34] [0001.875] I> tegrabl_gpio_driver_register: register 'max77620-gpio' driver
[2022-03-14 11:55:34] [0001.889] E> failed to read label property for node 324936: 13
[2022-03-14 11:55:34] [0001.898] E> failed to read reg property for node 325032: 13
[2022-03-14 11:55:34] [0001.906] E> failed to read reg property for node 325084: 13
[2022-03-14 11:55:34] [0001.914] E> failed to read label property for node 325168: 13
[2022-03-14 11:55:34] [0001.923] E> failed to read label property for node 325236: 13
[2022-03-14 11:55:34] [0001.931] E> failed to read reg property for node 325304: 13
[2022-03-14 11:55:34] [0001.939] E> failed to read reg property for node 325376: 13
[2022-03-14 11:55:34] [0001.950] I> Find /i2c@c250000's alias i2c7
[2022-03-14 11:55:34] [0001.954] I> Reading eeprom i2c=7 address=0x50
[2022-03-14 11:55:34] [0001.983] I> Device at /i2c@c250000:0x50
[2022-03-14 11:55:34] [0001.987] I> Reading eeprom i2c=7 address=0x57
[2022-03-14 11:55:34] [0002.015] I> Device at /i2c@c250000:0x57
[2022-03-14 11:55:34] [0002.020] I> Find /i2c@c240000's alias i2c1
[2022-03-14 11:55:34] [0002.024] I> Reading eeprom i2c=1 address=0x51
[2022-03-14 11:55:34] [0002.029] E> I2C: slave not found in slaves.
[2022-03-14 11:55:34] [0002.033] E> I2C: Could not write 0 bytes to slave: 0x00a2 with repeat start true.
[2022-03-14 11:55:34] [0002.041] E> I2C_DEV: Failed to send register address 0x00000000.
[2022-03-14 11:55:34] [0002.047] E> I2C_DEV: Could not read 256 registers of size 1 from slave 0xa2 at 0x00000000 via instance 1.
[2022-03-14 11:55:34] [0002.056] E> eeprom: Retry to read I2C slave device.
[2022-03-14 11:55:34] [0002.061] E> I2C: slave not found in slaves.
[2022-03-14 11:55:34] [0002.065] E> I2C: Could not write 0 bytes to slave: 0x00a2 with repeat start true.
[2022-03-14 11:55:34] [0002.073] E> I2C_DEV: Failed to send register address 0x00000000.
[2022-03-14 11:55:34] [0002.079] E> I2C_DEV: Could not read 256 registers of size 1 from slave 0xa2 at 0x00000000 via instance 1.
[2022-03-14 11:55:34] [0002.088] E> eeprom: Failed to read I2C slave device
[2022-03-14 11:55:34] [0002.093] I> Eeprom read failed 0x3526070d
[2022-03-14 11:55:34] [0002.097] I> Find /i2c@3160000's alias i2c0
[2022-03-14 11:55:34] [0002.101] I> Reading eeprom i2c=0 address=0x50
[2022-03-14 11:55:34] [0002.106] E> I2C: slave not found in slaves.
[2022-03-14 11:55:34] [0002.110] E> I2C: Could not write 0 bytes to slave: 0x00a0 with repeat start true.
[2022-03-14 11:55:34] [0002.118] E> I2C_DEV: Failed to send register address 0x00000000.
[2022-03-14 11:55:34] [0002.124] E> I2C_DEV: Could not read 256 registers of size 1 from slave 0xa0 at 0x00000000 via instance 0.
[2022-03-14 11:55:34] [0002.133] E> eeprom: Failed to read I2C slave device
[2022-03-14 11:55:34] [0002.138] I> Eeprom read failed 0x3526070d
[2022-03-14 11:55:34] [0002.143] I> Find /i2c@3180000's alias i2c2
[2022-03-14 11:55:34] [0002.147] I> Reading eeprom i2c=2 address=0x54
[2022-03-14 11:55:34] [0002.151] I> Enabling gpio chip_id = 2, gpio pin = 9
[2022-03-14 11:55:34] [0002.181] I> Disabling gpio chip_id = 2, gpio pin = 9
[2022-03-14 11:55:34] [0002.187] I> Device at /i2c@3180000:0x54
[2022-03-14 11:55:34] [0002.190] I> Reading eeprom i2c=2 address=0x57
[2022-03-14 11:55:34] [0002.195] I> Enabling gpio chip_id = 2, gpio pin = 9
[2022-03-14 11:55:34] [0002.200] E> I2C: slave not found in slaves.
[2022-03-14 11:55:34] [0002.204] E> I2C: Could not write 0 bytes to slave: 0x00ae with repeat start true.
[2022-03-14 11:55:34] [0002.212] E> I2C_DEV: Failed to send register address 0x00000000.
[2022-03-14 11:55:34] [0002.218] E> I2C_DEV: Could not read 256 registers of size 1 from slave 0xae at 0x00000000 via instance 2.
[2022-03-14 11:55:34] [0002.228] E> eeprom: Failed to read I2C slave device
[2022-03-14 11:55:34] [0002.232] I> Disabling gpio chip_id = 2, gpio pin = 9
[2022-03-14 11:55:34] [0002.237] I> Eeprom read failed 0x00000000
[2022-03-14 11:55:34] [0002.241] I> create_pm_ids: id: 3310-1000-D00-L, len: 15
[2022-03-14 11:55:34] [0002.247] I> config: mem-type:00,power-config:00,misc-config:00,modem-config:00,touch-config:00,display-config:00,, len: 93
[2022-03-14 11:55:34] [0002.257] I> create_pm_ids: id: 2597-0000-900-E, len: 15
[2022-03-14 11:55:34] [0002.263] I> config: mem-type:00,power-config:00,misc-config:00,modem-config:00,touch-config:00,display-config:00,, len: 93
[2022-03-14 11:55:34] [0002.273] I> create_pm_ids: id: 3326-1000-000-M, len: 15
[2022-03-14 11:55:34] [0002.279] I> config: mem-type:ff,power-config:ff,misc-config:ff,modem-config:ff,touch-config:ff,display-config:ff,, len: 93
[2022-03-14 11:55:34] [0002.314] I> enabling 'vdd-hdmi' regulator
[2022-03-14 11:55:34] [0002.329] I> regulator 'vdd-hdmi' already enabled
[2022-03-14 11:55:34] [0002.334] E> tegrabl_display_init_regulator: hdmi cable is not connected
[2022-03-14 11:55:34] [0002.340] E> tegrabl_display_get_pdata, failed to parse dtb settings
[2022-03-14 11:55:34] [0002.349] E> cannot find any other nvdisp nodes
[2022-03-14 11:55:34] [0002.354] E> no valid display unit config found in dtb
[2022-03-14 11:55:34] [0002.359] W> display init failed
[2022-03-14 11:55:34] [0002.362] initializing target
[2022-03-14 11:55:34] [0002.366] calling apps_init()
[2022-03-14 11:55:34] [0002.369] starting app kernel_boot_app
[2022-03-14 11:55:34] [0002.391] I> found decompressor handler: lz4-legacy
[2022-03-14 11:55:34] [0002.395] I> decompressing BMP blob ...
[2022-03-14 11:55:34] [0002.408] I> Kernel type = Normal
[2022-03-14 11:55:34] [0002.411] I> ########## Fixed storage boot ##########
[2022-03-14 11:55:34] [0002.416] I> Loading kernel-bootctrl from partition
[2022-03-14 11:55:34] [0002.420] I> Loading partition kernel-bootctrl at 0xa8000000 from device(0x1)
[2022-03-14 11:55:34] [0002.435] W> tegrabl_get_kernel_bootctrl: magic number(0x00000000) is invalid
[2022-03-14 11:55:34] [0002.442] W> tegrabl_get_kernel_bootctrl: use default dummy boot control data
[2022-03-14 11:55:34] [0002.449] W> No valid slot number is found in scratch register
[2022-03-14 11:55:34] [0002.455] W> Return default slot: _a
[2022-03-14 11:55:34] [0002.458] I> A/B: bin_type (24) slot 0
[2022-03-14 11:55:34] [0002.474] I> Boot image size read from image header: 9913d
[2022-03-14 11:55:34] [0002.479] I> Boot image load address: 0x80400000
[2022-03-14 11:55:34] [0002.483] I> Loading kernel from partition
[2022-03-14 11:55:34] [0002.487] I> Loading partition kernel at 0x80400000 from device(0x1)
[2022-03-14 11:55:35] [0003.430] I> Validate kernel ...
[2022-03-14 11:55:35] [0003.433] I> T18x: Authenticate kernel (bin_type 24), max size 0x4000000
[2022-03-14 11:55:35] [0003.441] I> Decrypt the buffer ... [0003.444] W> tegrabl_decrypt_block: fuse (0x0) is not burnt to do encryption (0x4); skip decryption.
[2022-03-14 11:55:35] [0003.453] I> done
[2022-03-14 11:55:35] [0003.455] I> Checking boot.img header magic ... [0003.459] I> [OK]
[2022-03-14 11:55:35] [0003.461] I> kernel-dtb is already loaded
[2022-03-14 11:55:35] [0003.465] I> Validate kernel-dtb ...
[2022-03-14 11:55:35] [0003.468] I> T18x: Authenticate kernel-dtb (bin_type 21), max size 0x100000
[2022-03-14 11:55:35] [0003.476] I> Decrypt the buffer ... [0003.479] W> tegrabl_decrypt_block: fuse (0x0) is not burnt to do encryption (0x4); skip decryption.
[2022-03-14 11:55:35] [0003.488] I> done
[2022-03-14 11:55:35] [0003.490] I> Kernel hdr @0x80400000
[2022-03-14 11:55:35] [0003.493] I> Kernel dtb @0x80000000
[2022-03-14 11:55:35] [0003.496] I> decompressor handler not found
[2022-03-14 11:55:35] [0003.500] I> Copying kernel image (627005 bytes) from 0x80400800 to 0x80600000 ... [0003.508] I> Done
[2022-03-14 11:55:35] [0003.510] I> Move ramdisk (len: 0) from 0x8049a000 to 0x947d0000
[2022-03-14 11:55:35] [0003.517] I> Updated bpmp info to DTB
[2022-03-14 11:55:35] [0003.523] I> Ramdisk: Base: 0x947d0000; Size: 0x0
[2022-03-14 11:55:35] [0003.528] I> Updated initrd info to DTB
[2022-03-14 11:55:35] [0003.532] W> WARN: Fail to override "console=none" in commandline
[2022-03-14 11:55:35] [0003.537] I> Active rootfs suffix: 
[2022-03-14 11:55:35] [0003.541] E> tegrabl_linuxboot_add_disp_param, du 0 failed to get display params
[2022-03-14 11:55:35] [0003.548] E> tegrabl_linuxboot_add_disp_param, du 0 failed to get display params
[2022-03-14 11:55:35] [0003.555] E> tegrabl_linuxboot_add_disp_param, du 0 failed to get display params
[2022-03-14 11:55:35] [0003.562] I> disabled_core_mask: 0xffffff0c
[2022-03-14 11:55:35] [0003.566] W> No valid slot number is found in scratch register
[2022-03-14 11:55:35] [0003.572] W> Return default slot: _a
[2022-03-14 11:55:35] [0003.575] I> Active slot suffix: 
[2022-03-14 11:55:35] [0003.579] I> add_boot_slot_suffix: slot_suffix = 
[2022-03-14 11:55:35] [0003.583] I> Linux Cmdline: console=ttyS0,115200 androidboot.presilicon=true firmware_class.path=/etc/firmware root=/dev/mmcblk0p1 rw rootwait rootfstype=ext4 console=ttyS0,115200n8 console=tty0 fbcon=map:0 net.ifnames=0 isolcpus=1-2  video=tegrafb earlycon=uart8250,mmio32,0x3100000 nvdumper_reserved=0x2772e0000 gpt rootfs.slot_suffix= usbcore.old_scheme_first=1 tegraid=18.1.2.0.0 maxcpus=6 no_console_suspend boot.slot_suffix= boot.ratchetvalues=0.2031647.1 vpr_resize bl_prof_dataptr=0x10000@0x275840000 sdhci_tegra.en_boot_part_access=1 
[2022-03-14 11:55:35] [0003.631] I> Updated bootarg info to DTB
[2022-03-14 11:55:35] [0003.634] I> eeprom_get_mac_addr: MAC (type: 0): 48:b0:2d:0f:11:c5
[2022-03-14 11:55:35] [0003.641] I> eeprom_get_mac_addr: MAC (type: 1): 48:b0:2d:0f:11:c6
[2022-03-14 11:55:35] [0003.647] I> eeprom_get_mac_addr: MAC (type: 2): 48:b0:2d:0f:11:c7
[2022-03-14 11:55:35] [0003.653] E> Found no plugin manager ids in source DT
[2022-03-14 11:55:35] [0003.658] W> Add plugin manager ids from board info
[2022-03-14 11:55:35] [0003.663] W> "plugin-manager" doesn't exist, creating
[2022-03-14 11:55:35] [0003.667] W> "ids" doesn't exist, creating
[2022-03-14 11:55:36] [0003.672] W> "connection" doesn't exist, creating
[2022-03-14 11:55:36] [0003.676] W> "configs" doesn't exist, creating
[2022-03-14 11:55:36] [0003.680] I> create_pm_ids: id: 3310-1000-D00-L, len: 15
[2022-03-14 11:55:36] [0003.686] I> config: mem-type:00,power-config:00,misc-config:00,modem-config:00,touch-config:00,display-config:00,, len: 93
[2022-03-14 11:55:36] [0003.697] I> create_pm_ids: id: 2597-0000-900-E, len: 15
[2022-03-14 11:55:36] [0003.702] I> config: mem-type:00,power-config:00,misc-config:00,modem-config:00,touch-config:00,display-config:00,, len: 93
[2022-03-14 11:55:36] [0003.713] I> create_pm_ids: id: 3326-1000-000-M, len: 15
[2022-03-14 11:55:36] [0003.718] I> config: mem-type:ff,power-config:ff,misc-config:ff,modem-config:ff,touch-config:ff,display-config:ff,, len: 93
[2022-03-14 11:55:36] [0003.729] I> Adding plugin-manager/ids/3310-1000-D00=/i2c@c250000:module@0x50
[2022-03-14 11:55:36] [0003.736] W> "i2c@c250000" doesn't exist, creating
[2022-03-14 11:55:36] [0003.741] W> "module@0x50" doesn't exist, creating
[2022-03-14 11:55:36] [0003.746] I> Adding plugin-manager/ids/2597-0000-900=/i2c@c250000:module@0x57
[2022-03-14 11:55:36] [0003.753] W> "module@0x57" doesn't exist, creating
[2022-03-14 11:55:36] [0003.758] I> Adding plugin-manager/ids/3326-1000-000=/i2c@3180000:module@0x54
[2022-03-14 11:55:36] [0003.765] W> "i2c@3180000" doesn't exist, creating
[2022-03-14 11:55:36] [0003.770] W> "module@0x54" doesn't exist, creating
[2022-03-14 11:55:36] [0003.777] I> Adding plugin-manager/ids/3310-1000-D00-L
[2022-03-14 11:55:36] [0003.784] I> Adding plugin-manager/configs/3310-mem-type 00
[2022-03-14 11:55:36] [0003.789] I> Adding plugin-manager/configs/3310-power-config 00
[2022-03-14 11:55:36] [0003.795] I> Adding plugin-manager/configs/3310-misc-config 00
[2022-03-14 11:55:36] [0003.801] I> Adding plugin-manager/configs/3310-modem-config 00
[2022-03-14 11:55:36] [0003.807] I> Adding plugin-manager/configs/3310-touch-config 00
[2022-03-14 11:55:36] [0003.813] I> Adding plugin-manager/configs/3310-display-config 00
[2022-03-14 11:55:36] [0003.819] I> Adding plugin-manager/cvm
[2022-03-14 11:55:36] [0003.823] W> "chip-id" doesn't exist, creating
[2022-03-14 11:55:36] [0003.827] I> Adding plugin-manager/chip-id/A02P
[2022-03-14 11:55:36] [0003.832] W> "odm-data" doesn't exist, creating
[2022-03-14 11:55:36] [0003.836] I> Adding /chosen/plugin-manager/odm-data
[2022-03-14 11:55:36] [0003.846] I> added [base:0x80000000, size:0x70000000] to /memory
[2022-03-14 11:55:36] [0003.852] I> added [base:0xf0200000, size:0x185600000] to /memory
[2022-03-14 11:55:36] [0003.858] I> added [base:0x275e00000, size:0x200000] to /memory
[2022-03-14 11:55:36] [0003.864] I> added [base:0x276600000, size:0x200000] to /memory
[2022-03-14 11:55:36] [0003.870] I> added [base:0x277000000, size:0x200000] to /memory
[2022-03-14 11:55:36] [0003.875] I> Updated memory info to DTB
[2022-03-14 11:55:36] [0003.880] E> add_disp_param: failed to get display params for du=0
[2022-03-14 11:55:36] [0003.888] W> "reset" doesn't exist, creating
[2022-03-14 11:55:36] [0003.892] W> "pmc-reset-reason" doesn't exist, creating
[2022-03-14 11:55:36] [0003.898] W> "pmic-reset-reason" doesn't exist, creating
[2022-03-14 11:55:36] [0003.904] I> Adding ecid(00000001646db7851000000013038200) to DT
[2022-03-14 11:55:36] [0003.910] I> disabled_core_mask: 0xffffff0c
[2022-03-14 11:55:36] [0003.922] I> Add serial number:1422420022173 as DT property
[2022-03-14 11:55:36] [0003.931] I> Plugin-manager override starting
[2022-03-14 11:55:36] [0003.937] I> node /plugin-manager/fragement@0 matches
[2022-03-14 11:55:36] [0003.947] I> node /plugin-manager/fragement@4 matches
[2022-03-14 11:55:36] [0003.960] I> node /plugin-manager/fragment-sdwake-p3310-1000-300 matches
[2022-03-14 11:55:36] [0003.980] I> node /plugin-manager/fragement-pmon-p3310-1000-300 matches
[2022-03-14 11:55:36] [0003.990] I> node /plugin-manager/fragement-pmon-p3310-1000-800 matches
[2022-03-14 11:55:36] [0003.999] I> node /plugin-manager/fragment-devslp@0 matches
[2022-03-14 11:55:36] [0004.011] I> node /plugin-manager/fragment-500-pcie-config matches
[2022-03-14 11:55:36] [0004.026] I> node /plugin-manager/fragment-500-xusb-config matches
[2022-03-14 11:55:36] [0004.049] I> node /plugin-manager/fragment-p3310-c00-comm matches
[2022-03-14 11:55:36] [0004.063] I> node /plugin-manager/fragment-p3310-c00-pmic matches
[2022-03-14 11:55:36] [0004.073] I> node /plugin-manager/fragment-p3310-c01 matches
[2022-03-14 11:55:36] [0004.086] I> node /plugin-manager/fragment-p3310-c03 matches
[2022-03-14 11:55:36] [0004.129] I> node /plugin-manager/fragment-e3326@0 matches
[2022-03-14 11:55:36] [0004.211] I> node /plugin-manager/fragment-p3310-c00-camera matches
[2022-03-14 11:55:36] [0004.238] I> Disable plugin-manager status in FDT
[2022-03-14 11:55:36] [0004.242] I> Plugin-manager override finished successfully
[2022-03-14 11:55:36] [0004.248] I> tegrabl_load_kernel_and_dtb: Done
[2022-03-14 11:55:36] [0004.252] E> tegrabl_display_clear: display is not initialized
[2022-03-14 11:55:36] [0004.258] W> Boot logo display failed...
[2022-03-14 11:55:36] [0004.261] I> Kernel EP: 0x80600000, DTB: 0x80000000
[2022-03-14 11:55:36] 
[2022-03-14 11:55:36] 
[2022-03-14 11:55:36] U-Boot 2020.04-g46e4604c78 (Jul 26 2021 - 12:10:58 -0700)
[2022-03-14 11:55:36] 
[2022-03-14 11:55:36] SoC: tegra186
[2022-03-14 11:55:36] Model: NVIDIA P2771-0000-500
[2022-03-14 11:55:36] Board: NVIDIA P2771-0000
[2022-03-14 11:55:36] DRAM:  7.8 GiB
[2022-03-14 11:55:36] MMC:   sdhci@3400000: 1, sdhci@3460000: 0
[2022-03-14 11:55:36] Loading Environment from MMC... *** Warning - bad CRC, using default environment
[2022-03-14 11:55:36] 
[2022-03-14 11:55:36] In:    serial
[2022-03-14 11:55:36] Out:   serial
[2022-03-14 11:55:36] Err:   serial
[2022-03-14 11:55:36] Net:   
[2022-03-14 11:55:36] Warning: ethernet@2490000 using MAC address from ROM
[2022-03-14 11:55:36] eth0: ethernet@2490000
[2022-03-14 11:55:36] Hit any key to stop autoboot:  2  1  0 
[2022-03-14 11:55:38] MMC: no card present
[2022-03-14 11:55:38] switch to partitions #0, OK
[2022-03-14 11:55:38] mmc0(part 0) is current device
[2022-03-14 11:55:39] Scanning mmc 0:1...
[2022-03-14 11:55:39] Found /boot/extlinux/extlinux.conf
[2022-03-14 11:55:39] Retrieving file: /boot/extlinux/extlinux.conf
[2022-03-14 11:55:39] 858 bytes read in 22 ms (38.1 KiB/s)
[2022-03-14 11:55:39] 1:	primary kernel
[2022-03-14 11:55:39] Retrieving file: /boot/initrd
[2022-03-14 11:55:39] 7238344 bytes read in 202 ms (34.2 MiB/s)
[2022-03-14 11:55:39] Retrieving file: /boot/Image
[2022-03-14 11:55:40] 34484232 bytes read in 829 ms (39.7 MiB/s)
[2022-03-14 11:55:40] append: console=ttyS0,115200 androidboot.presilicon=true firmware_class.path=/etc/firmware root=/dev/mmcblk0p1 rw rootwait rootfstype=ext4 console=ttyS0,115200n8 console=tty0 fbcon=map:0 net.ifnames=0 isolcpus=1-2  video=tegrafb earlycon=uart8250,mmio32,0x3100000 nvdumper_reserved=0x2772e0000 gpt rootfs.slot_suffix= usbcore.old_scheme_first=1 tegraid=18.1.2.0.0 maxcpus=6 no_console_suspend boot.slot_suffix= boot.ratchetvalues=0.2031647.1 vpr_resize bl_prof_dataptr=0x10000@0x275840000 sdhci_tegra.en_boot_part_access=1 quiet root=/dev/mmcblk0p1 rw rootwait rootfstype=ext4 console=ttyS0,115200n8 console=tty0 fbcon=map:0 net.ifnames=0 isolcpus=1-2 
[2022-03-14 11:55:40] ## Flattened Device Tree blob at 80000000
[2022-03-14 11:55:40]    Booting using the fdt blob at 0x80000000
[2022-03-14 11:55:40] ERROR: reserving fdt memory region failed (addr=0 size=0)
[2022-03-14 11:55:40] ERROR: reserving fdt memory region failed (addr=0 size=0)
[2022-03-14 11:55:40] ERROR: reserving fdt memory region failed (addr=0 size=0)
[2022-03-14 11:55:40]    Using Device Tree in place at 0000000080000000, end 0000000080060aa3
[2022-03-14 11:55:40] copying carveout for /host1x@13e00000/display-hub@15200000/display@15200000...
[2022-03-14 11:55:40] copying carveout for /host1x@13e00000/display-hub@15200000/display@15210000...
[2022-03-14 11:55:40] copying carveout for /host1x@13e00000/display-hub@15200000/display@15220000...
[2022-03-14 11:55:40] 
[2022-03-14 11:55:40] Starting kernel ...
[2022-03-14 11:55:40] 
[2022-03-14 11:55:40] [    0.000000] Booting Linux on physical CPU 0x100
[2022-03-14 11:55:40] [    0.000000] Linux version 4.9.253-tegra (buildbrain@mobile-u64-5497-d3000) (gcc version 7.3.1 20180425 [linaro-7.3-2018.05 revision d29120a424ecfbc167ef90065c0eeb7f91977701] (Linaro GCC 7.3-2018.05) ) #1 SMP PREEMPT Mon Jul 26 12:19:28 PDT 2021
[2022-03-14 11:55:40] [    0.000000] Boot CPU: AArch64 Processor [411fd073]
[2022-03-14 11:55:40] [    0.000000] OF: fdt:memory scan node memory@80000000, reg size 80,
[2022-03-14 11:55:40] [    0.000000] OF: fdt: - 80000000 ,  70000000
[2022-03-14 11:55:40] [    0.000000] OF: fdt: - f0200000 ,  185600000
[2022-03-14 11:55:40] [    0.000000] OF: fdt: - 275e00000 ,  200000
[2022-03-14 11:55:40] [    0.000000] OF: fdt: - 276600000 ,  200000
[2022-03-14 11:55:40] [    0.000000] OF: fdt: - 277000000 ,  200000
[2022-03-14 11:55:40] [    0.000000] earlycon: uart8250 at MMIO32 0x0000000003100000 (options '')
[2022-03-14 11:55:40] [    0.000000] bootconsole [uart8250] enabled
[2022-03-14 11:55:41] Unhandled Exception in EL3.
[2022-03-14 11:55:41] x30 =		0x000000003000b7c8
[2022-03-14 11:55:41] x0 =		0x000000003001a1a0
[2022-03-14 11:55:41] x1 =		0x0000000030015b20
[2022-03-14 11:55:41] x2 =		0x0000000000000000
[2022-03-14 11:55:41] x3 =		0x0000000000000000
[2022-03-14 11:55:41] x4 =		0x0000000000000000
[2022-03-14 11:55:41] x5 =		0x0000000000000000
[2022-03-14 11:55:41] x6 =		0x0000000000000000
[2022-03-14 11:55:41] x7 =		0x0000000000000000
[2022-03-14 11:55:41] x8 =		0x0000000030015ae0
[2022-03-14 11:55:41] x9 =		0x0000000030015a20
[2022-03-14 11:55:41] x10 =		0x0000000000000000
[2022-03-14 11:55:41] x11 =		0x0000000000000000
[2022-03-14 11:55:41] x12 =		0x0000000000000000
[2022-03-14 11:55:41] x13 =		0x0000000000000000
[2022-03-14 11:55:41] x14 =		0x0000000000000000
[2022-03-14 11:55:41] x15 =		0x0000000000000000
[2022-03-14 11:55:41] x16 =		0x0000000000000000
[2022-03-14 11:55:41] x17 =		0x000000003001a6e0
[2022-03-14 11:55:41] x18 =		0x0000000000000013
[2022-03-14 11:55:41] x19 =		0x0000000000000000
[2022-03-14 11:55:41] x20 =		0x0000000000000000
[2022-03-14 11:55:41] x21 =		0x0000000000000000
[2022-03-14 11:55:41] x22 =		0x0000000000000000
[2022-03-14 11:55:41] x23 =		0x0000000000000000
[2022-03-14 11:55:41] x24 =		0x0000000000000000
[2022-03-14 11:55:41] x25 =		0x0000000000000000
[2022-03-14 11:55:41] x26 =		0x0000000000000000
[2022-03-14 11:55:41] x27 =		0x0000000000000000
[2022-03-14 11:55:41] x28 =		0x0000000000000000
[2022-03-14 11:55:41] x29 =		0x0000000000000000
[2022-03-14 11:55:41] scr_el3 =		0x0000000000000238
[2022-03-14 11:55:41] sctlr_el3 =		0x0000000000cd183f
[2022-03-14 11:55:41] cptr_el3 =		0x0000000000000000
[2022-03-14 11:55:41] tcr_el3 =		0x000000008081351d
[2022-03-14 11:55:41] daif =		0x00000000000003c0
[2022-03-14 11:55:41] mair_el3 =		0x00000000004404ff
[2022-03-14 11:55:41] spsr_el3 =		0x00000000800002cc
[2022-03-14 11:55:41] elr_el3 =		0x000000003000b7cc
[2022-03-14 11:55:41] ttbr0_el3 =		0x000000003001b600
[2022-03-14 11:55:41] esr_el3 =		0x00000000bf000002
[2022-03-14 11:55:41] far_el3 =		0x0000000000000000
[2022-03-14 11:55:41] spsr_el1 =		0x0000000000000000
[2022-03-14 11:55:41] elr_el1 =		0x0000000000000000
[2022-03-14 11:55:41] spsr_abt =		0x0000000000000000
[2022-03-14 11:55:41] spsr_und =		0x0000000000000000
[2022-03-14 11:55:41] spsr_irq =		0x0000000000000000
[2022-03-14 11:55:41] spsr_fiq =		0x0000000000000000
[2022-03-14 11:55:41] sctlr_el1 =		0x0000000030d00800
[2022-03-14 11:55:41] actlr_el1 =		0x0000000000000000
[2022-03-14 11:55:41] cpacr_el1 =		0x0000000000000000
[2022-03-14 11:55:41] csselr_el1 =		0x0000000000000000
[2022-03-14 11:55:41] sp_el1 =		0x0000000000000000
[2022-03-14 11:55:41] esr_el1 =		0x0000000000000000
[2022-03-14 11:55:41] ttbr0_el1 =		0x0000000000000000
[2022-03-14 11:55:41] ttbr1_el1 =		0x0000000000000000
[2022-03-14 11:55:41] mair_el1 =		0x0000000000000000
[2022-03-14 11:55:41] amair_el1 =		0x0000000000000000
[2022-03-14 11:55:41] tcr_el1 =		0x0000000000000000
[2022-03-14 11:55:41] tpidr_el1 =		0x0000000000000000
[2022-03-14 11:55:41] tpidr_el0 =		0x0000000000000000
[2022-03-14 11:55:41] tpidrro_el0 =		0x0000000000000000
[2022-03-14 11:55:41] dacr32_el2 =		0x0000000000000000
[2022-03-14 11:55:41] ifsr32_el2 =		0x0000000000000000
[2022-03-14 11:55:41] par_el1 =		0x0000000000000000
[2022-03-14 11:55:41] mpidr_el1 =		0x0000000080000101
[2022-03-14 11:55:41] afsr0_el1 =		0x0000000000000000
[2022-03-14 11:55:41] afsr1_el1 =		0x0000000000000000
[2022-03-14 11:55:41] contextidr_el1 =		0x0000000000000000
[2022-03-14 11:55:41] vbar_el1 =		0x0000000000000000
[2022-03-14 11:55:41] cntp_ctl_el0 =		0x0000000000000000
[2022-03-14 11:55:41] cntp_cval_el0 =		0x0000000000000000
[2022-03-14 11:55:41] cntv_ctl_el0 =		0x0000000000000000
[2022-03-14 11:55:41] cntv_cval_el0 =		0x0000000000000000
[2022-03-14 11:55:41] cntkctl_el1 =		0x0000000000000002
[2022-03-14 11:55:41] fpexc32_el2 =		0x0000000000000700
[2022-03-14 11:55:41] sp_el0 =		0x000000003001a6e0
[2022-03-14 11:55:41] isr_el1 =		0x0000000000000100
[2022-03-14 11:55:41] cpuectlr_el1 =		0x0000001b00000047
[2022-03-14 11:55:41] cpumerrsr_el1 =		0x0000000000000000
[2022-03-14 11:55:41] l2merrsr_el1 =		0x00000500912c49a8
[2022-03-14 11:55:41] gicc_hppir =		0x00000000000003ff
[2022-03-14 11:55:41] gicc_ahppir =		0x00000000000003ff
[2022-03-14 11:55:41] gicc_ctlr =		0x00000000000001eb
[2022-03-14 11:55:41] gicd_ispendr regs (Offsets 0x200 - 0x278)
[2022-03-14 11:55:41]  Offset:			value
[2022-03-14 11:55:41] 0000000000000200:		0x0000000000000000
[2022-03-14 11:55:41] 0000000000000204:		0x0000000000000006
[2022-03-14 11:55:41] 0000000000000208:		0x0000000000000000
[2022-03-14 11:55:41] 000000000000020c:		0x0000000000000000
[2022-03-14 11:55:41] 0000000000000210:		0x0000000000000000
[2022-03-14 11:55:41] 0000000000000214:		0x0000000000000000
[2022-03-14 11:55:41] 0000000000000218:		0x0000000000010000
[2022-03-14 11:55:41] 000000000000021c:		0x0000000000020000
[2022-03-14 11:55:41] 0000000000000220:		0x0000000000000000
[2022-03-14 11:55:41] 0000000000000224:		0x0000000000000000
[2022-03-14 11:55:41] 0000000000000228:		0x0000000000000000
[2022-03-14 11:55:41] 000000000000022c:		0x0000000000000000
[2022-03-14 11:55:41] 0000000000000230:		0x0000000000000000
[2022-03-14 11:55:41] 0000000000000234:		0x0000000000000000
[2022-03-14 11:55:41] 0000000000000238:		0x0000000000000000
[2022-03-14 11:55:41] 000000000000023c:		0x0000000000000000
[2022-03-14 11:55:41] 0000000000000240:		0x0000000000000000
[2022-03-14 11:55:41] 0000000000000244:		0x0000000000000000
[2022-03-14 11:55:41] 0000000000000248:		0x0000000000000000
[2022-03-14 11:55:41] 000000000000024c:		0x0000000000000000
[2022-03-14 11:55:41] 0000000000000250:		0x0000000000000000
[2022-03-14 11:55:41] 0000000000000254:		0x0000000000000000
[2022-03-14 11:55:41] 0000000000000258:		0x0000000000000000
[2022-03-14 11:55:41] 000000000000025c:		0x0000000000000000
[2022-03-14 11:55:41] 0000000000000260:		0x0000000000000000
[2022-03-14 11:55:41] 0000000000000264:		0x0000000000000000
[2022-03-14 11:55:41] 0000000000000268:		0x0000000000000000
[2022-03-14 11:55:41] 000000000000026c:		0x0000000000000000
[2022-03-14 11:55:41] 0000000000000270:		0x0000000000000000
[2022-03-14 11:55:41] 0000000000000274:		0x0000000000000000
[2022-03-14 11:55:41] 0000000000000278:		0x0000000000000000
[2022-03-14 11:55:41] 000000000000027c:		0x0000000000000000
[2022-03-14 11:56:12] [0000.167] I> Welcome to MB2(TBoot-BPMP)(version: 01.00.160913-t186-M-00.00-mobile-c368a720)
[2022-03-14 11:56:12] [0000.175] I> Boot-device: eMMC
[2022-03-14 11:56:12] [0000.183] I> sdmmc bdev is already initialized
[2022-03-14 11:56:12] [0000.187] I> pmic: reset reason (nverc)	: 0x0
[2022-03-14 11:56:12] [0000.220] I> Found 19 partitions in SDMMC_BOOT (instance 3)
[2022-03-14 11:56:12] [0000.240] I> Found 33 partitions in SDMMC_USER (instance 3)
[2022-03-14 11:56:12] [0000.246] W> No valid slot number is found in scratch register
[2022-03-14 11:56:12] [0000.252] W> Return default slot: _a
[2022-03-14 11:56:12] [0000.255] I> A/B: bin_type (16) slot 0
[2022-03-14 11:56:12] [0000.259] I> Loading partition bpmp-fw at 0xd7800000
[2022-03-14 11:56:12] [0000.264] I> Reading two headers - addr:0xd7800000 blocks:1
[2022-03-14 11:56:12] [0000.269] I> Addr: 0xd7800000, start-block: 58777608, num_blocks: 1
[2022-03-14 11:56:12] [0000.294] I> Binary(16) of size 534416 is loaded @ 0xd7800000
[2022-03-14 11:56:12] [0000.300] W> No valid slot number is found in scratch register
[2022-03-14 11:56:12] [0000.305] W> Return default slot: _a
[2022-03-14 11:56:12] [0000.309] I> A/B: bin_type (17) slot 0
[2022-03-14 11:56:12] [0000.312] I> Loading partition bpmp-fw-dtb at 0xd79f0000
[2022-03-14 11:56:12] [0000.318] I> Reading two headers - addr:0xd79f0000 blocks:1
[2022-03-14 11:56:12] [0000.323] I> Addr: 0xd79f0000, start-block: 58780024, num_blocks: 1
[2022-03-14 11:56:12] [0000.349] I> Binary(17) of size 604720 is loaded @ 0xd796c400
[2022-03-14 11:56:12] [0000.579] I> Loading SCE-FW ...
[2022-03-14 11:56:12] [0000.582] W> No valid slot number is found in scratch register
[2022-03-14 11:56:12] [0000.587] W> Return default slot: _a
[2022-03-14 11:56:12] [0000.591] I> A/B: bin_type (12) slot 0
[2022-03-14 11:56:12] [0000.595] I> Loading partition sce-fw at 0xd7300000
[2022-03-14 11:56:12] [0000.599] I> Reading two headers - addr:0xd7300000 blocks:1
[2022-03-14 11:56:12] [0000.605] I> Addr: 0xd7300000, start-block: 58784120, num_blocks: 1
[2022-03-14 11:56:12] [0000.624] I> Binary(12) of size 125632 is loaded @ 0xd7300000
[2022-03-14 11:56:12] [0000.630] I> Init SCE
[2022-03-14 11:56:12] [0000.632] I> Loading APE-FW ...
[2022-03-14 11:56:12] [0000.635] W> No valid slot number is found in scratch register
[2022-03-14 11:56:12] [0000.641] W> Return default slot: _a
[2022-03-14 11:56:12] [0000.644] I> A/B: bin_type (11) slot 0
[2022-03-14 11:56:12] [0000.648] I> Loading partition adsp-fw at 0xd7400000
[2022-03-14 11:56:13] [0000.652] I> Reading two headers - addr:0xd7400000 blocks:1
[2022-03-14 11:56:13] [0000.658] I> Addr: 0xd7400000, start-block: 58761224, num_blocks: 1
[2022-03-14 11:56:13] [0000.677] I> Binary(11) of size 77216 is loaded @ 0xd7400000
[2022-03-14 11:56:13] [0000.683] I> Copy BTCM section
[2022-03-14 11:56:13] [0000.686] W> No valid slot number is found in scratch register
[2022-03-14 11:56:13] [0000.691] W> Return default slot: _a
[2022-03-14 11:56:13] [0000.695] I> A/B: bin_type (13) slot 0
[2022-03-14 11:56:13] [0000.698] I> Loading partition cpu-bootloader at 0x96000000
[2022-03-14 11:56:13] [0000.704] I> Reading two headers - addr:0x96000000 blocks:1
[2022-03-14 11:56:13] [0000.709] I> Addr: 0x96000000, start-block: 58740744, num_blocks: 1
[2022-03-14 11:56:13] [0000.730] I> Binary(13) of size 308800 is loaded @ 0x96000000
[2022-03-14 11:56:13] [0000.736] W> No valid slot number is found in scratch register
[2022-03-14 11:56:13] [0000.742] W> Return default slot: _a
[2022-03-14 11:56:13] [0000.745] I> A/B: bin_type (20) slot 0
[2022-03-14 11:56:13] [0000.749] I> Loading partition bootloader-dtb at 0x85205400
[2022-03-14 11:56:13] [0000.754] I> Reading two headers - addr:0x85205400 blocks:1
[2022-03-14 11:56:13] [0000.760] I> Addr: 0x85205400, start-block: 58742792, num_blocks: 1
[2022-03-14 11:56:13] [0000.782] I> Binary(20) of size 375568 is loaded @ 0x85205400
[2022-03-14 11:56:13] [0000.787] W> No valid slot number is found in scratch register
[2022-03-14 11:56:13] [0000.793] W> Return default slot: _a
[2022-03-14 11:56:13] [0000.796] I> A/B: bin_type (14) slot 0
[2022-03-14 11:56:13] [0000.800] I> Loading partition secure-os at 0x85305600
[2022-03-14 11:56:13] [0000.805] I> Reading two headers - addr:0x85305600 blocks:1
[2022-03-14 11:56:13] [0000.811] I> Addr: 0x85305600, start-block: 58744840, num_blocks: 1
[2022-03-14 11:56:13] [0000.833] I> Binary(14) of size 402864 is loaded @ 0x85305600
[2022-03-14 11:56:13] [0000.840] I> TOS boot-params @ 0x85000000
[2022-03-14 11:56:13] [0000.844] I> TOS params prepared
[2022-03-14 11:56:13] [0000.847] I> Loading EKS ...
[2022-03-14 11:56:13] [0000.850] I> A/B: bin_type (15) slot 0
[2022-03-14 11:56:13] [0000.854] I> Loading partition eks at 0x85905800
[2022-03-14 11:56:13] [0000.858] I> Reading two headers - addr:0x85905800 blocks:1
[2022-03-14 11:56:13] [0000.864] I> Addr: 0x85905800, start-block: 58757128, num_blocks: 1
[2022-03-14 11:56:13] [0000.882] I> Binary(15) of size 1040 is loaded @ 0x85905800
[2022-03-14 11:56:13] [0000.888] I> EKB detected (length: 0x400) @ 0x85905800
[2022-03-14 11:56:13] [0000.893] I> Copied encrypted keys
[2022-03-14 11:56:13] [0000.897] I> boot profiler @ 0x275844000
[2022-03-14 11:56:13] [0000.901] I> boot profiler for TOS @ 0x275844000
[2022-03-14 11:56:13] [0000.905] I> Unhalting SCE
[2022-03-14 11:56:13] [0000.908] I> Primary Memory Start:80000000 Size:70000000
[2022-03-14 11:56:13] [0000.913] I> Extended Memory Start:f0110000 Size:1856f0000
[2022-03-14 11:56:13] [0000.920] I> MB2(TBoot-BPMP) done
[2022-03-14 11:56:13] 
[2022-03-14 11:56:13] NOTICE:  BL31: v1.3(release):b5eeb33f7
[2022-03-14 11:56:13] NOTICE:  BL31: Built : 12:15:17, Jul 26 2021
[2022-03-14 11:56:13] ipc-unittest-main: 1519: Welcome to IPC unittest!!!
[2022-03-14 11:56:13] ipc-unittest-main: 1531: waiting forever
[2022-03-14 11:56:13] ipc-unittest-srv: 329: Init unittest services!!!
[2022-03-14 11:56:13] hwkey-agent: 41: hwkey-agent is running!!
[2022-03-14 11:56:13] hwkey-agent: 315: key_mgnt_processing .......
[2022-03-14 11:56:13] hwkey-agent: 223: Setting EKB key 0 to slot 14
[2022-03-14 11:56:13] hwkey-agent: 178: Init hweky-agent services!!
[2022-03-14 11:56:13] luks-srv: 40: luks-srv is running!!
[2022-03-14 11:56:13] luks-srv: 157: Init luks-srv IPC services!!
[2022-03-14 11:56:13] platform_bootstrap_epilog: trusty bootstrap complete
[2022-03-14 11:56:13] [0001.292] I> Welcome to Cboot
[2022-03-14 11:56:13] [0001.295] I> Cboot Version: t186-00029e71
[2022-03-14 11:56:13] [0001.298] I> CPU-BL Params @ 0x275800000
[2022-03-14 11:56:13] [0001.302] I>  0) Base:0x00000000 Size:0x00000000
[2022-03-14 11:56:13] [0001.307] I>  1) Base:0x277f00000 Size:0x00100000
[2022-03-14 11:56:13] [0001.311] I>  2) Base:0x277e00000 Size:0x00100000
[2022-03-14 11:56:13] [0001.316] I>  3) Base:0x277d00000 Size:0x00100000
[2022-03-14 11:56:13] [0001.320] I>  4) Base:0x277c00000 Size:0x00100000
[2022-03-14 11:56:13] [0001.325] I>  5) Base:0x277b00000 Size:0x00100000
[2022-03-14 11:56:13] [0001.329] I>  6) Base:0x277800000 Size:0x00200000
[2022-03-14 11:56:13] [0001.334] I>  7) Base:0x277400000 Size:0x00400000
[2022-03-14 11:56:13] [0001.338] I>  8) Base:0x277a00000 Size:0x00100000
[2022-03-14 11:56:13] [0001.343] I>  9) Base:0x277300000 Size:0x00100000
[2022-03-14 11:56:13] [0001.347] I> 10) Base:0x276800000 Size:0x00800000
[2022-03-14 11:56:13] [0001.352] I> 11) Base:0x30000000 Size:0x00040000
[2022-03-14 11:56:13] [0001.356] I> 12) Base:0xf0000000 Size:0x00100000
[2022-03-14 11:56:13] [0001.361] I> 13) Base:0x30040000 Size:0x00001000
[2022-03-14 11:56:13] [0001.365] I> 14) Base:0x30048000 Size:0x00001000
[2022-03-14 11:56:13] [0001.369] I> 15) Base:0x30049000 Size:0x00001000
[2022-03-14 11:56:13] [0001.374] I> 16) Base:0x3004a000 Size:0x00001000
[2022-03-14 11:56:13] [0001.378] I> 17) Base:0x3004b000 Size:0x00001000
[2022-03-14 11:56:13] [0001.383] I> 18) Base:0x3004c000 Size:0x00001000
[2022-03-14 11:56:13] [0001.387] I> 19) Base:0x3004d000 Size:0x00001000
[2022-03-14 11:56:13] [0001.392] I> 20) Base:0x3004e000 Size:0x00001000
[2022-03-14 11:56:13] [0001.396] I> 21) Base:0x3004f000 Size:0x00001000
[2022-03-14 11:56:13] [0001.400] I> 22) Base:0x00000000 Size:0x00000000
[2022-03-14 11:56:13] [0001.405] I> 23) Base:0xf0100000 Size:0x00010000
[2022-03-14 11:56:13] [0001.409] I> 24) Base:0x00000000 Size:0x00000000
[2022-03-14 11:56:13] [0001.414] I> 25) Base:0x00000000 Size:0x00000000
[2022-03-14 11:56:13] [0001.418] I> 26) Base:0x00000000 Size:0x00000000
[2022-03-14 11:56:13] [0001.423] I> 27) Base:0x00000000 Size:0x00000000
[2022-03-14 11:56:13] [0001.427] I> 28) Base:0x84400000 Size:0x00400000
[2022-03-14 11:56:13] [0001.431] I> 29) Base:0x30000000 Size:0x00010000
[2022-03-14 11:56:13] [0001.436] I> 30) Base:0x278000000 Size:0x08000000
[2022-03-14 11:56:13] [0001.440] I> 31) Base:0x00000000 Size:0x00000000
[2022-03-14 11:56:13] [0001.445] I> 32) Base:0x276000000 Size:0x00600000
[2022-03-14 11:56:13] [0001.449] I> 33) Base:0x80000000 Size:0x70000000
[2022-03-14 11:56:13] [0001.454] I> 34) Base:0xf0110000 Size:0x1856f0000
[2022-03-14 11:56:13] [0001.458] I> 35) Base:0x00000000 Size:0x00000000
[2022-03-14 11:56:13] [0001.463] I> 36) Base:0x00000000 Size:0x00000000
[2022-03-14 11:56:13] [0001.467] I> 37) Base:0x2772e0000 Size:0x00020000
[2022-03-14 11:56:13] [0001.472] I> 38) Base:0x84000000 Size:0x00400000
[2022-03-14 11:56:13] [0001.476] I> 39) Base:0x96000000 Size:0x02000000
[2022-03-14 11:56:13] [0001.481] I> 40) Base:0x85000000 Size:0x01200000
[2022-03-14 11:56:13] [0001.485] I> 41) Base:0x275800000 Size:0x00500000
[2022-03-14 11:56:13] [0001.490] I> 42) Base:0x00000000 Size:0x00000000
[2022-03-14 11:56:13] [0001.494] I> 43) Base:0x00000000 Size:0x00000000
[2022-03-14 11:56:13] [0001.498] GIC-SPI Target CPU: 4
[2022-03-14 11:56:13] [0001.502] Interrupts Init done
[2022-03-14 11:56:13] [0001.505] calling constructors
[2022-03-14 11:56:13] [0001.508] initializing heap
[2022-03-14 11:56:13] [0001.511] initializing threads
[2022-03-14 11:56:13] [0001.514] initializing timers
[2022-03-14 11:56:13] [0001.517] creating bootstrap completion thread
[2022-03-14 11:56:13] [0001.522] top of bootstrap2()
[2022-03-14 11:56:13] [0001.525] CPU: ARM Cortex A57
[2022-03-14 11:56:13] [0001.528] CPU: MIDR: 0x411FD073, MPIDR: 0x80000100
[2022-03-14 11:56:13] [0001.533] initializing platform
[2022-03-14 11:56:13] [0001.536] I> Bl_dtb @0x85205400
[2022-03-14 11:56:13] [0001.539] I> gpio framework initialized
[2022-03-14 11:56:13] [0001.546] I> tegrabl_gpio_driver_register: register 'nvidia,tegra186-gpio' driver
[2022-03-14 11:56:13] [0001.556] I> tegrabl_gpio_driver_register: register 'nvidia,tegra186-gpio-aon' driver
[2022-03-14 11:56:13] [0001.564] I> GPIO framework and drivers are initialized.
[2022-03-14 11:56:13] [0001.569] I> Boot-device: eMMC
[2022-03-14 11:56:13] [0001.576] I> sdmmc bdev is already initialized
[2022-03-14 11:56:13] [0001.607] I> Found 19 partitions in SDMMC_BOOT (instance 3)
[2022-03-14 11:56:13] [0001.624] I> Found 33 partitions in SDMMC_USER (instance 3)
[2022-03-14 11:56:13] [0001.630] W> opt-in fuse is not set, skip fuse_burning
[2022-03-14 11:56:13] [0001.635] I> Reserved memory at 0xfbe00000 for U-Boot relocation
[2022-03-14 11:56:13] [0001.641] W> No valid slot number is found in scratch register
[2022-03-14 11:56:13] [0001.646] W> Return default slot: _a
[2022-03-14 11:56:14] [0001.656] I> A/B: bin_type (21) slot 0
[2022-03-14 11:56:14] [0001.659] I> Loading kernel-dtb from partition
[2022-03-14 11:56:14] [0001.663] I> Loading partition kernel-dtb at 0x80000000 from device(0x1)
[2022-03-14 11:56:14] [0001.681] I> Kernel_dtb @0x80000000
[2022-03-14 11:56:14] [0001.684] I> tegrabl_tca9539_init: i2c bus: 0, slave addr: 0xee
[2022-03-14 11:56:14] [0001.694] I> tegrabl_gpio_driver_register: register 'tca9539_gpio_driver' driver
[2022-03-14 11:56:14] [0001.702] I> tegrabl_tca9539_init: i2c bus: 0, slave addr: 0xe8
[2022-03-14 11:56:14] [0001.710] I> tegrabl_gpio_driver_register: register 'tca9539_gpio_driver' driver
[2022-03-14 11:56:14] [0001.721] I> fixed regulator driver initialized
[2022-03-14 11:56:14] [0001.754] I> register 'maxim' power off handle
[2022-03-14 11:56:14] [0001.760] I> virtual i2c enabled
[2022-03-14 11:56:14] [0001.763] I> registered 'maxim,max77620' pmic
[2022-03-14 11:56:14] [0001.768] I> tegrabl_gpio_driver_register: register 'max77620-gpio' driver
[2022-03-14 11:56:14] [0001.782] E> failed to read label property for node 324936: 13
[2022-03-14 11:56:14] [0001.790] E> failed to read reg property for node 325032: 13
[2022-03-14 11:56:14] [0001.798] E> failed to read reg property for node 325084: 13
[2022-03-14 11:56:14] [0001.807] E> failed to read label property for node 325168: 13
[2022-03-14 11:56:14] [0001.815] E> failed to read label property for node 325236: 13
[2022-03-14 11:56:14] [0001.823] E> failed to read reg property for node 325304: 13
[2022-03-14 11:56:14] [0001.832] E> failed to read reg property for node 325376: 13
[2022-03-14 11:56:14] [0001.842] I> Find /i2c@c250000's alias i2c7
[2022-03-14 11:56:14] [0001.846] I> Reading eeprom i2c=7 address=0x50
[2022-03-14 11:56:14] [0001.875] I> Device at /i2c@c250000:0x50
[2022-03-14 11:56:14] [0001.879] I> Reading eeprom i2c=7 address=0x57
[2022-03-14 11:56:14] [0001.908] I> Device at /i2c@c250000:0x57
[2022-03-14 11:56:14] [0001.912] I> Find /i2c@c240000's alias i2c1
[2022-03-14 11:56:14] [0001.916] I> Reading eeprom i2c=1 address=0x51
[2022-03-14 11:56:14] [0001.921] E> I2C: slave not found in slaves.
[2022-03-14 11:56:14] [0001.925] E> I2C: Could not write 0 bytes to slave: 0x00a2 with repeat start true.
[2022-03-14 11:56:14] [0001.933] E> I2C_DEV: Failed to send register address 0x00000000.
[2022-03-14 11:56:14] [0001.939] E> I2C_DEV: Could not read 256 registers of size 1 from slave 0xa2 at 0x00000000 via instance 1.
[2022-03-14 11:56:14] [0001.948] E> eeprom: Retry to read I2C slave device.
[2022-03-14 11:56:14] [0001.953] E> I2C: slave not found in slaves.
[2022-03-14 11:56:14] [0001.957] E> I2C: Could not write 0 bytes to slave: 0x00a2 with repeat start true.
[2022-03-14 11:56:14] [0001.965] E> I2C_DEV: Failed to send register address 0x00000000.
[2022-03-14 11:56:14] [0001.971] E> I2C_DEV: Could not read 256 registers of size 1 from slave 0xa2 at 0x00000000 via instance 1.
[2022-03-14 11:56:14] [0001.981] E> eeprom: Failed to read I2C slave device
[2022-03-14 11:56:14] [0001.985] I> Eeprom read failed 0x3526070d
[2022-03-14 11:56:14] [0001.990] I> Find /i2c@3160000's alias i2c0
[2022-03-14 11:56:14] [0001.994] I> Reading eeprom i2c=0 address=0x50
[2022-03-14 11:56:14] [0001.998] E> I2C: slave not found in slaves.
[2022-03-14 11:56:14] [0002.002] E> I2C: Could not write 0 bytes to slave: 0x00a0 with repeat start true.
[2022-03-14 11:56:14] [0002.010] E> I2C_DEV: Failed to send register address 0x00000000.
[2022-03-14 11:56:14] [0002.016] E> I2C_DEV: Could not read 256 registers of size 1 from slave 0xa0 at 0x00000000 via instance 0.
[2022-03-14 11:56:14] [0002.025] E> eeprom: Failed to read I2C slave device
[2022-03-14 11:56:14] [0002.030] I> Eeprom read failed 0x3526070d
[2022-03-14 11:56:14] [0002.035] I> Find /i2c@3180000's alias i2c2
[2022-03-14 11:56:14] [0002.039] I> Reading eeprom i2c=2 address=0x54
[2022-03-14 11:56:14] [0002.043] I> Enabling gpio chip_id = 2, gpio pin = 9
[2022-03-14 11:56:14] [0002.074] I> Disabling gpio chip_id = 2, gpio pin = 9
[2022-03-14 11:56:14] [0002.079] I> Device at /i2c@3180000:0x54
[2022-03-14 11:56:14] [0002.083] I> Reading eeprom i2c=2 address=0x57
[2022-03-14 11:56:14] [0002.087] I> Enabling gpio chip_id = 2, gpio pin = 9
[2022-03-14 11:56:14] [0002.093] E> I2C: slave not found in slaves.
[2022-03-14 11:56:14] [0002.097] E> I2C: Could not write 0 bytes to slave: 0x00ae with repeat start true.
[2022-03-14 11:56:14] [0002.104] E> I2C_DEV: Failed to send register address 0x00000000.
[2022-03-14 11:56:14] [0002.110] E> I2C_DEV: Could not read 256 registers of size 1 from slave 0xae at 0x00000000 via instance 2.
[2022-03-14 11:56:14] [0002.120] E> eeprom: Failed to read I2C slave device
[2022-03-14 11:56:14] [0002.125] I> Disabling gpio chip_id = 2, gpio pin = 9
[2022-03-14 11:56:14] [0002.130] I> Eeprom read failed 0x00000000
[2022-03-14 11:56:14] [0002.134] I> create_pm_ids: id: 3310-1000-D00-L, len: 15
[2022-03-14 11:56:14] [0002.139] I> config: mem-type:00,power-config:00,misc-config:00,modem-config:00,touch-config:00,display-config:00,, len: 93
[2022-03-14 11:56:14] [0002.150] I> create_pm_ids: id: 2597-0000-900-E, len: 15
[2022-03-14 11:56:14] [0002.155] I> config: mem-type:00,power-config:00,misc-config:00,modem-config:00,touch-config:00,display-config:00,, len: 93
[2022-03-14 11:56:14] [0002.166] I> create_pm_ids: id: 3326-1000-000-M, len: 15
[2022-03-14 11:56:14] [0002.171] I> config: mem-type:ff,power-config:ff,misc-config:ff,modem-config:ff,touch-config:ff,display-config:ff,, len: 93
[2022-03-14 11:56:14] [0002.206] I> enabling 'vdd-hdmi' regulator
[2022-03-14 11:56:14] [0002.222] I> regulator 'vdd-hdmi' already enabled
[2022-03-14 11:56:14] [0002.226] E> tegrabl_display_init_regulator: hdmi cable is not connected
[2022-03-14 11:56:14] [0002.233] E> tegrabl_display_get_pdata, failed to parse dtb settings
[2022-03-14 11:56:14] [0002.242] E> cannot find any other nvdisp nodes
[2022-03-14 11:56:14] [0002.246] E> no valid display unit config found in dtb
[2022-03-14 11:56:14] [0002.252] W> display init failed
[2022-03-14 11:56:14] [0002.255] initializing target
[2022-03-14 11:56:14] [0002.258] calling apps_init()
[2022-03-14 11:56:14] [0002.261] starting app kernel_boot_app
[2022-03-14 11:56:14] [0002.283] I> found decompressor handler: lz4-legacy
[2022-03-14 11:56:14] [0002.288] I> decompressing BMP blob ...
[2022-03-14 11:56:14] [0002.300] I> Kernel type = Normal
[2022-03-14 11:56:14] [0002.303] I> ########## Fixed storage boot ##########
[2022-03-14 11:56:14] [0002.308] I> Loading kernel-bootctrl from partition
[2022-03-14 11:56:14] [0002.313] I> Loading partition kernel-bootctrl at 0xa8000000 from device(0x1)
[2022-03-14 11:56:14] [0002.327] W> tegrabl_get_kernel_bootctrl: magic number(0x00000000) is invalid
[2022-03-14 11:56:14] [0002.334] W> tegrabl_get_kernel_bootctrl: use default dummy boot control data
[2022-03-14 11:56:14] [0002.341] W> No valid slot number is found in scratch register
[2022-03-14 11:56:14] [0002.347] W> Return default slot: _a
[2022-03-14 11:56:14] [0002.350] I> A/B: bin_type (24) slot 0
[2022-03-14 11:56:14] [0002.366] I> Boot image size read from image header: 9913d
[2022-03-14 11:56:14] [0002.371] I> Boot image load address: 0x80400000
[2022-03-14 11:56:14] [0002.375] I> Loading kernel from partition
[2022-03-14 11:56:14] [0002.379] I> Loading partition kernel at 0x80400000 from device(0x1)
[2022-03-14 11:56:15] [0003.322] I> Validate kernel ...
[2022-03-14 11:56:15] [0003.325] I> T18x: Authenticate kernel (bin_type 24), max size 0x4000000
[2022-03-14 11:56:15] [0003.333] I> Decrypt the buffer ... [0003.336] W> tegrabl_decrypt_block: fuse (0x0) is not burnt to do encryption (0x4); skip decryption.
[2022-03-14 11:56:15] [0003.345] I> done
[2022-03-14 11:56:15] [0003.346] I> Checking boot.img header magic ... [0003.351] I> [OK]
[2022-03-14 11:56:15] [0003.352] I> kernel-dtb is already loaded
[2022-03-14 11:56:15] [0003.356] I> Validate kernel-dtb ...
[2022-03-14 11:56:15] [0003.360] I> T18x: Authenticate kernel-dtb (bin_type 21), max size 0x100000
[2022-03-14 11:56:15] [0003.367] I> Decrypt the buffer ... [0003.371] W> tegrabl_decrypt_block: fuse (0x0) is not burnt to do encryption (0x4); skip decryption.
[2022-03-14 11:56:15] [0003.379] I> done
[2022-03-14 11:56:15] [0003.381] I> Kernel hdr @0x80400000
[2022-03-14 11:56:15] [0003.385] I> Kernel dtb @0x80000000
[2022-03-14 11:56:15] [0003.388] I> decompressor handler not found
[2022-03-14 11:56:15] [0003.392] I> Copying kernel image (627005 bytes) from 0x80400800 to 0x80600000 ... [0003.399] I> Done
[2022-03-14 11:56:15] [0003.401] I> Move ramdisk (len: 0) from 0x8049a000 to 0x947d0000
[2022-03-14 11:56:15] [0003.409] I> Updated bpmp info to DTB
[2022-03-14 11:56:15] [0003.415] I> Ramdisk: Base: 0x947d0000; Size: 0x0
[2022-03-14 11:56:15] [0003.419] I> Updated initrd info to DTB
[2022-03-14 11:56:15] [0003.423] W> WARN: Fail to override "console=none" in commandline
[2022-03-14 11:56:15] [0003.429] I> Active rootfs suffix: 
[2022-03-14 11:56:15] [0003.432] E> tegrabl_linuxboot_add_disp_param, du 0 failed to get display params
[2022-03-14 11:56:15] [0003.439] E> tegrabl_linuxboot_add_disp_param, du 0 failed to get display params
[2022-03-14 11:56:15] [0003.446] E> tegrabl_linuxboot_add_disp_param, du 0 failed to get display params
[2022-03-14 11:56:15] [0003.454] I> disabled_core_mask: 0xffffff0c
[2022-03-14 11:56:15] [0003.458] W> No valid slot number is found in scratch register
[2022-03-14 11:56:15] [0003.463] W> Return default slot: _a
[2022-03-14 11:56:15] [0003.467] I> Active slot suffix: 
[2022-03-14 11:56:15] [0003.470] I> add_boot_slot_suffix: slot_suffix = 
[2022-03-14 11:56:15] [0003.474] I> Linux Cmdline: console=ttyS0,115200 androidboot.presilicon=true firmware_class.path=/etc/firmware root=/dev/mmcblk0p1 rw rootwait rootfstype=ext4 console=ttyS0,115200n8 console=tty0 fbcon=map:0 net.ifnames=0 isolcpus=1-2  video=tegrafb earlycon=uart8250,mmio32,0x3100000 nvdumper_reserved=0x2772e0000 gpt rootfs.slot_suffix= usbcore.old_scheme_first=1 tegraid=18.1.2.0.0 maxcpus=6 no_console_suspend boot.slot_suffix= boot.ratchetvalues=0.2031647.1 vpr_resize bl_prof_dataptr=0x10000@0x275840000 sdhci_tegra.en_boot_part_access=1 
[2022-03-14 11:56:15] [0003.522] I> Updated bootarg info to DTB
[2022-03-14 11:56:15] [0003.526] I> eeprom_get_mac_addr: MAC (type: 0): 48:b0:2d:0f:11:c5
[2022-03-14 11:56:15] [0003.532] I> eeprom_get_mac_addr: MAC (type: 1): 48:b0:2d:0f:11:c6
[2022-03-14 11:56:15] [0003.538] I> eeprom_get_mac_addr: MAC (type: 2): 48:b0:2d:0f:11:c7
[2022-03-14 11:56:15] [0003.544] E> Found no plugin manager ids in source DT
[2022-03-14 11:56:15] [0003.549] W> Add plugin manager ids from board info
[2022-03-14 11:56:15] [0003.554] W> "plugin-manager" doesn't exist, creating
[2022-03-14 11:56:15] [0003.559] W> "ids" doesn't exist, creating
[2022-03-14 11:56:15] [0003.563] W> "connection" doesn't exist, creating
[2022-03-14 11:56:15] [0003.568] W> "configs" doesn't exist, creating
[2022-03-14 11:56:15] [0003.572] I> create_pm_ids: id: 3310-1000-D00-L, len: 15
[2022-03-14 11:56:15] [0003.577] I> config: mem-type:00,power-config:00,misc-config:00,modem-config:00,touch-config:00,display-config:00,, len: 93
[2022-03-14 11:56:15] [0003.588] I> create_pm_ids: id: 2597-0000-900-E, len: 15
[2022-03-14 11:56:15] [0003.593] I> config: mem-type:00,power-config:00,misc-config:00,modem-config:00,touch-config:00,display-config:00,, len: 93
[2022-03-14 11:56:15] [0003.604] I> create_pm_ids: id: 3326-1000-000-M, len: 15
[2022-03-14 11:56:15] [0003.609] I> config: mem-type:ff,power-config:ff,misc-config:ff,modem-config:ff,touch-config:ff,display-config:ff,, len: 93
[2022-03-14 11:56:15] [0003.620] I> Adding plugin-manager/ids/3310-1000-D00=/i2c@c250000:module@0x50
[2022-03-14 11:56:15] [0003.627] W> "i2c@c250000" doesn't exist, creating
[2022-03-14 11:56:15] [0003.632] W> "module@0x50" doesn't exist, creating
[2022-03-14 11:56:15] [0003.637] I> Adding plugin-manager/ids/2597-0000-900=/i2c@c250000:module@0x57
[2022-03-14 11:56:15] [0003.644] W> "module@0x57" doesn't exist, creating
[2022-03-14 11:56:16] [0003.649] I> Adding plugin-manager/ids/3326-1000-000=/i2c@3180000:module@0x54
[2022-03-14 11:56:16] [0003.656] W> "i2c@3180000" doesn't exist, creating
[2022-03-14 11:56:16] [0003.661] W> "module@0x54" doesn't exist, creating
[2022-03-14 11:56:16] [0003.668] I> Adding plugin-manager/ids/3310-1000-D00-L
[2022-03-14 11:56:16] [0003.675] I> Adding plugin-manager/configs/3310-mem-type 00
[2022-03-14 11:56:16] [0003.681] I> Adding plugin-manager/configs/3310-power-config 00
[2022-03-14 11:56:16] [0003.687] I> Adding plugin-manager/configs/3310-misc-config 00
[2022-03-14 11:56:16] [0003.692] I> Adding plugin-manager/configs/3310-modem-config 00
[2022-03-14 11:56:16] [0003.698] I> Adding plugin-manager/configs/3310-touch-config 00
[2022-03-14 11:56:16] [0003.704] I> Adding plugin-manager/configs/3310-display-config 00
[2022-03-14 11:56:16] [0003.711] I> Adding plugin-manager/cvm
[2022-03-14 11:56:16] [0003.714] W> "chip-id" doesn't exist, creating
[2022-03-14 11:56:16] [0003.719] I> Adding plugin-manager/chip-id/A02P
[2022-03-14 11:56:16] [0003.723] W> "odm-data" doesn't exist, creating
[2022-03-14 11:56:16] [0003.728] I> Adding /chosen/plugin-manager/odm-data
[2022-03-14 11:56:16] [0003.738] I> added [base:0x80000000, size:0x70000000] to /memory
[2022-03-14 11:56:16] [0003.744] I> added [base:0xf0200000, size:0x185600000] to /memory
[2022-03-14 11:56:16] [0003.749] I> added [base:0x275e00000, size:0x200000] to /memory
[2022-03-14 11:56:16] [0003.755] I> added [base:0x276600000, size:0x200000] to /memory
[2022-03-14 11:56:16] [0003.761] I> added [base:0x277000000, size:0x200000] to /memory
[2022-03-14 11:56:16] [0003.767] I> Updated memory info to DTB
[2022-03-14 11:56:16] [0003.771] E> add_disp_param: failed to get display params for du=0
[2022-03-14 11:56:16] [0003.779] W> "reset" doesn't exist, creating
[2022-03-14 11:56:16] [0003.783] W> "pmc-reset-reason" doesn't exist, creating
[2022-03-14 11:56:16] [0003.789] W> "pmic-reset-reason" doesn't exist, creating
[2022-03-14 11:56:16] [0003.795] I> Adding ecid(00000001646db7851000000013038200) to DT
[2022-03-14 11:56:16] [0003.801] I> disabled_core_mask: 0xffffff0c
[2022-03-14 11:56:16] [0003.814] I> Add serial number:1422420022173 as DT property
[2022-03-14 11:56:16] [0003.823] I> Plugin-manager override starting
[2022-03-14 11:56:16] [0003.829] I> node /plugin-manager/fragement@0 matches
[2022-03-14 11:56:16] [0003.839] I> node /plugin-manager/fragement@4 matches
[2022-03-14 11:56:16] [0003.852] I> node /plugin-manager/fragment-sdwake-p3310-1000-300 matches
[2022-03-14 11:56:16] [0003.872] I> node /plugin-manager/fragement-pmon-p3310-1000-300 matches
[2022-03-14 11:56:16] [0003.881] I> node /plugin-manager/fragement-pmon-p3310-1000-800 matches
[2022-03-14 11:56:16] [0003.890] I> node /plugin-manager/fragment-devslp@0 matches
[2022-03-14 11:56:16] [0003.903] I> node /plugin-manager/fragment-500-pcie-config matches
[2022-03-14 11:56:16] [0003.917] I> node /plugin-manager/fragment-500-xusb-config matches
[2022-03-14 11:56:16] [0003.940] I> node /plugin-manager/fragment-p3310-c00-comm matches
[2022-03-14 11:56:16] [0003.954] I> node /plugin-manager/fragment-p3310-c00-pmic matches
[2022-03-14 11:56:16] [0003.965] I> node /plugin-manager/fragment-p3310-c01 matches
[2022-03-14 11:56:16] [0003.978] I> node /plugin-manager/fragment-p3310-c03 matches
[2022-03-14 11:56:16] [0004.020] I> node /plugin-manager/fragment-e3326@0 matches
[2022-03-14 11:56:16] [0004.102] I> node /plugin-manager/fragment-p3310-c00-camera matches
[2022-03-14 11:56:16] [0004.129] I> Disable plugin-manager status in FDT
[2022-03-14 11:56:16] [0004.134] I> Plugin-manager override finished successfully
[2022-03-14 11:56:16] [0004.139] I> tegrabl_load_kernel_and_dtb: Done
[2022-03-14 11:56:16] [0004.143] E> tegrabl_display_clear: display is not initialized
[2022-03-14 11:56:16] [0004.149] W> Boot logo display failed...
[2022-03-14 11:56:16] [0004.153] I> Kernel EP: 0x80600000, DTB: 0x80000000
[2022-03-14 11:56:16] 
[2022-03-14 11:56:16] 
[2022-03-14 11:56:16] U-Boot 2020.04-g46e4604c78 (Jul 26 2021 - 12:10:58 -0700)
[2022-03-14 11:56:16] 
[2022-03-14 11:56:16] SoC: tegra186
[2022-03-14 11:56:16] Model: NVIDIA P2771-0000-500
[2022-03-14 11:56:16] Board: NVIDIA P2771-0000
[2022-03-14 11:56:16] DRAM:  7.8 GiB
[2022-03-14 11:56:16] MMC:   sdhci@3400000: 1, sdhci@3460000: 0
[2022-03-14 11:56:16] Loading Environment from MMC... *** Warning - bad CRC, using default environment
[2022-03-14 11:56:16] 
[2022-03-14 11:56:16] In:    serial
[2022-03-14 11:56:16] Out:   serial
[2022-03-14 11:56:16] Err:   serial
[2022-03-14 11:56:16] Net:   
[2022-03-14 11:56:16] Warning: ethernet@2490000 using MAC address from ROM
[2022-03-14 11:56:16] eth0: ethernet@2490000
[2022-03-14 11:56:16] Hit any key to stop autoboot:  2  1  0 
[2022-03-14 11:56:18] MMC: no card present
[2022-03-14 11:56:18] switch to partitions #0, OK
[2022-03-14 11:56:18] mmc0(part 0) is current device
[2022-03-14 11:56:19] Scanning mmc 0:1...
[2022-03-14 11:56:19] Found /boot/extlinux/extlinux.conf
[2022-03-14 11:56:19] Retrieving file: /boot/extlinux/extlinux.conf
[2022-03-14 11:56:19] 858 bytes read in 22 ms (38.1 KiB/s)
[2022-03-14 11:56:19] 1:	primary kernel
[2022-03-14 11:56:19] Retrieving file: /boot/initrd
[2022-03-14 11:56:19] 7238344 bytes read in 201 ms (34.3 MiB/s)
[2022-03-14 11:56:19] Retrieving file: /boot/Image
[2022-03-14 11:56:20] 34484232 bytes read in 830 ms (39.6 MiB/s)
[2022-03-14 11:56:20] append: console=ttyS0,115200 androidboot.presilicon=true firmware_class.path=/etc/firmware root=/dev/mmcblk0p1 rw rootwait rootfstype=ext4 console=ttyS0,115200n8 console=tty0 fbcon=map:0 net.ifnames=0 isolcpus=1-2  video=tegrafb earlycon=uart8250,mmio32,0x3100000 nvdumper_reserved=0x2772e0000 gpt rootfs.slot_suffix= usbcore.old_scheme_first=1 tegraid=18.1.2.0.0 maxcpus=6 no_console_suspend boot.slot_suffix= boot.ratchetvalues=0.2031647.1 vpr_resize bl_prof_dataptr=0x10000@0x275840000 sdhci_tegra.en_boot_part_access=1 quiet root=/dev/mmcblk0p1 rw rootwait rootfstype=ext4 console=ttyS0,115200n8 console=tty0 fbcon=map:0 net.ifnames=0 isolcpus=1-2 
[2022-03-14 11:56:20] ## Flattened Device Tree blob at 80000000
[2022-03-14 11:56:20]    Booting using the fdt blob at 0x80000000
[2022-03-14 11:56:20] ERROR: reserving fdt memory region failed (addr=0 size=0)
[2022-03-14 11:56:20] ERROR: reserving fdt memory region failed (addr=0 size=0)
[2022-03-14 11:56:20] ERROR: reserving fdt memory region failed (addr=0 size=0)
[2022-03-14 11:56:20]    Using Device Tree in place at 0000000080000000, end 0000000080060aa3
[2022-03-14 11:56:20] copying carveout for /host1x@13e00000/display-hub@15200000/display@15200000...
[2022-03-14 11:56:20] copying carveout for /host1x@13e00000/display-hub@15200000/display@15210000...
[2022-03-14 11:56:20] copying carveout for /host1x@13e00000/display-hub@15200000/display@15220000...
[2022-03-14 11:56:20] 
[2022-03-14 11:56:20] Starting kernel ...
[2022-03-14 11:56:20] 
[2022-03-14 11:56:20] [    0.000000] Booting Linux on physical CPU 0x100
[2022-03-14 11:56:20] [    0.000000] Linux version 4.9.253-tegra (buildbrain@mobile-u64-5497-d3000) (gcc version 7.3.1 20180425 [linaro-7.3-2018.05 revision d29120a424ecfbc167ef90065c0eeb7f91977701] (Linaro GCC 7.3-2018.05) ) #1 SMP PREEMPT Mon Jul 26 12:19:28 PDT 2021
[2022-03-14 11:56:20] [    0.000000] Boot CPU: AArch64 Processor [411fd073]
[2022-03-14 11:56:20] [    0.000000] OF: fdt:memory scan node memory@80000000, reg size 80,
[2022-03-14 11:56:20] [    0.000000] OF: fdt: - 80000000 ,  70000000
[2022-03-14 11:56:20] [    0.000000] OF: fdt: - f0200000 ,  185600000
[2022-03-14 11:56:20] [    0.000000] OF: fdt: - 275e00000 ,  200000
[2022-03-14 11:56:20] [    0.000000] OF: fdt: - 276600000 ,  200000
[2022-03-14 11:56:20] [    0.000000] OF: fdt: - 277000000 ,  200000
[2022-03-14 11:56:20] [    0.000000] earlycon: uart8250 at MMIO32 0x0000000003100000 (options '')
[2022-03-14 11:56:20] [    0.000000] bootconsole [uart8250] enabled
[2022-03-14 11:56:22] [    1.557266] CPU4: SError detected, daif=1c0, spsr=0x400000c5, mpidr=80000102, esr=bf40c000
[2022-03-14 11:56:22] [    1.557269] CPU0: SError detected, daif=1c0, spsr=0x800000c5, mpidr=80000100, esr=bf40c000
[2022-03-14 11:56:22] [    1.557271] CPU3: SError detected, daif=1c0, spsr=0x800000c5, mpidr=80000101, esr=bf40c000
[2022-03-14 11:56:22] [    1.557273] CPU5: SError detected, daif=1c0, spsr=0x800000c5, mpidr=80000103, esr=bf40c000
[2022-03-14 11:56:22] [    1.557304] CPU2: SError detected, daif=1c0, spsr=0x800000c5, mpidr=80000001, esr=be000000
[2022-03-14 11:56:22] [    1.557310] CPU1: SError detected, daif=1c0, spsr=0x800000c5, mpidr=80000000, esr=be000000
[2022-03-14 11:56:22] [    1.557422] **************************************
[2022-03-14 11:56:22] [    1.557423] A57 CPU Memory Error on CPU 0 (A57 Core 0)
[2022-03-14 11:56:22] [    1.557424] 	ESR:               0xbf40c000
[2022-03-14 11:56:22] [    1.557426] 	L2MERRSR: 0x500980050c0
[2022-03-14 11:56:22] [    1.557428] 	L2 Inclusion PF RAM: 0x18
[2022-03-14 11:56:22] [    1.557428] 	CPU ID of Error:    0
[2022-03-14 11:56:22] [    1.557429] 	WAY of Error:       0
[2022-03-14 11:56:22] [    1.557430] 	Index of Error:     20672
[2022-03-14 11:56:22] [    1.557431] 	Repeat Error Count: 0
[2022-03-14 11:56:22] [    1.557432] 	Other Error Count:  5
[2022-03-14 11:56:22] [    1.557433] **************************************
[2022-03-14 11:56:22] [    1.557822] ROC:CCE Machine Check Error:
[2022-03-14 11:56:22] [    1.557825] 	Address Type = Non-Secure DRAM
[2022-03-14 11:56:22] [    1.557838] 	Address = 0x2767f7a00 -- System RAM + 0x1f7a00
[2022-03-14 11:56:22] [    1.558016] Bad mode in Error handler detected on CPU0, code 0xbf40c000 -- SError
[2022-03-14 11:56:22] [    1.558017] Kernel panic - not syncing: bad mode
[2022-03-14 11:56:22] [    1.558021] CPU: 0 PID: 730 Comm: kworker/0:1 Not tainted 4.9.253-tegra #1
[2022-03-14 11:56:22] [    1.558022] Hardware name: quill (DT)
[2022-03-14 11:56:22] [    1.558034] Workqueue: events_freezable mmc_rescan
[2022-03-14 11:56:22] [    1.558036] Call trace:
[2022-03-14 11:56:22] [    1.558040] [<ffffff800808ba40>] dump_backtrace+0x0/0x198
[2022-03-14 11:56:22] [    1.558043] [<ffffff800808c004>] show_stack+0x24/0x30
[2022-03-14 11:56:22] [    1.558048] [<ffffff8008f6121c>] dump_stack+0xa0/0xc4
[2022-03-14 11:56:22] [    1.558051] [<ffffff8008f5e2c0>] panic+0x12c/0x2a8
[2022-03-14 11:56:22] [    1.558053] [<ffffff800808c894>] bad_mode+0x7c/0x80
[2022-03-14 11:56:22] [    1.558055] [<ffffff800808ca5c>] handle_serr+0x124/0x128
[2022-03-14 11:56:22] [    1.558057] [<ffffff8008082d98>] el1_serr+0xb0/0x144
[2022-03-14 11:56:22] [    1.558060] [<ffffff8008458034>] __const_udelay+0x2c/0x38
[2022-03-14 11:56:22] [    1.558064] [<ffffff8008bc4ec4>] sdhci_execute_tuning+0x564/0x918
[2022-03-14 11:56:22] [    1.558066] [<ffffff8008baa240>] mmc_execute_tuning+0x58/0xe0
[2022-03-14 11:56:22] [    1.558068] [<ffffff8008bb5234>] mmc_sdio_init_card+0x6ec/0x9f0
[2022-03-14 11:56:22] [    1.558070] [<ffffff8008bb5bb0>] mmc_attach_sdio+0xa0/0x398
[2022-03-14 11:56:22] [    1.558072] [<ffffff8008bab910>] mmc_rescan+0x2d0/0x370
[2022-03-14 11:56:22] [    1.558076] [<ffffff80080d40ac>] process_one_work+0x1e4/0x4b0
[2022-03-14 11:56:22] [    1.558078] [<ffffff80080d43c8>] worker_thread+0x50/0x4c8
[2022-03-14 11:56:22] [    1.558080] [<ffffff80080db09c>] kthread+0xec/0xf0
[2022-03-14 11:56:22] [    1.558082] [<ffffff80080838a0>] ret_from_fork+0x10/0x30
[2022-03-14 11:56:22] [    1.558086] SMP: stopping secondary CPUs
[2022-03-14 11:56:22] [    1.558549] ROC:CCE Machine Check Error:
[2022-03-14 11:56:22] [    1.558551] 	Address Type = Non-Secure DRAM
[2022-03-14 11:56:22] [    1.558556] 	Address = 0x802f7a00 -- System RAM + 0x2f7a00
[2022-03-14 11:56:22] [    1.559277] CPU2: SError detected, daif=1c0, spsr=0x800000c5, mpidr=80000001, esr=be000000
[2022-03-14 11:56:22] [    1.559479] CPU1: SError detected, daif=1c0, spsr=0x800000c5, mpidr=80000000, esr=be000000
[2022-03-14 11:56:22] [    1.818363] ROC:CCE Machine Check Error:
[2022-03-14 11:56:22] [    1.822278] 	Address Type = Secure DRAM
[2022-03-14 11:56:22] [    1.826110] 	Address = 0x27f977a02 (Unknown Device)
[2022-03-14 11:56:22] [    1.831159] Kernel Offset: disabled
[2022-03-14 11:56:22] [    1.834641] Memory Limit: none
[2022-03-14 11:56:22] [    1.837689] trusty-log panic notifier - trusty version Built: 12:20:14 Jul 26 2021 [    1.849104] Rebooting in 5 seconds..
[2022-03-14 11:56:27] [0000.170] I> Welcome to MB2(TBoot-BPMP)(version: 01.00.160913-t186-M-00.00-mobile-c368a720)
[2022-03-14 11:56:27] [0000.179] I> Boot-device: eMMC
[2022-03-14 11:56:27] [0000.186] I> sdmmc bdev is already initialized
[2022-03-14 11:56:27] [0000.191] I> pmic: reset reason (nverc)	: 0x0
[2022-03-14 11:56:28] [0000.224] I> Found 19 partitions in SDMMC_BOOT (instance 3)
[2022-03-14 11:56:28] [0000.244] I> Found 33 partitions in SDMMC_USER (instance 3)
[2022-03-14 11:56:28] [0000.250] W> No valid slot number is found in scratch register
[2022-03-14 11:56:28] [0000.255] W> Return default slot: _a
[2022-03-14 11:56:28] [0000.259] I> A/B: bin_type (16) slot 0
[2022-03-14 11:56:28] [0000.262] I> Loading partition bpmp-fw at 0xd7800000
[2022-03-14 11:56:28] [0000.267] I> Reading two headers - addr:0xd7800000 blocks:1
[2022-03-14 11:56:28] [0000.273] I> Addr: 0xd7800000, start-block: 58777608, num_blocks: 1
[2022-03-14 11:56:28] [0000.297] I> Binary(16) of size 534416 is loaded @ 0xd7800000
[2022-03-14 11:56:28] [0000.303] W> No valid slot number is found in scratch register
[2022-03-14 11:56:28] [0000.309] W> Return default slot: _a
[2022-03-14 11:56:28] [0000.312] I> A/B: bin_type (17) slot 0
[2022-03-14 11:56:28] [0000.316] I> Loading partition bpmp-fw-dtb at 0xd79f0000
[2022-03-14 11:56:28] [0000.321] I> Reading two headers - addr:0xd79f0000 blocks:1
[2022-03-14 11:56:28] [0000.326] I> Addr: 0xd79f0000, start-block: 58780024, num_blocks: 1
[2022-03-14 11:56:28] [0000.352] I> Binary(17) of size 604720 is loaded @ 0xd796c400
[2022-03-14 11:56:28] [0000.582] I> Loading SCE-FW ...
[2022-03-14 11:56:28] [0000.585] W> No valid slot number is found in scratch register
[2022-03-14 11:56:28] [0000.591] W> Return default slot: _a
[2022-03-14 11:56:28] [0000.594] I> A/B: bin_type (12) slot 0
[2022-03-14 11:56:28] [0000.598] I> Loading partition sce-fw at 0xd7300000
[2022-03-14 11:56:28] [0000.602] I> Reading two headers - addr:0xd7300000 blocks:1
[2022-03-14 11:56:28] [0000.608] I> Addr: 0xd7300000, start-block: 58784120, num_blocks: 1
[2022-03-14 11:56:28] [0000.627] I> Binary(12) of size 125632 is loaded @ 0xd7300000
[2022-03-14 11:56:28] [0000.633] I> Init SCE
[2022-03-14 11:56:28] [0000.635] I> Loading APE-FW ...
[2022-03-14 11:56:28] [0000.638] W> No valid slot number is found in scratch register
[2022-03-14 11:56:28] [0000.644] W> Return default slot: _a
[2022-03-14 11:56:28] [0000.647] I> A/B: bin_type (11) slot 0
[2022-03-14 11:56:28] [0000.651] I> Loading partition adsp-fw at 0xd7400000
[2022-03-14 11:56:28] [0000.656] I> Reading two headers - addr:0xd7400000 blocks:1
[2022-03-14 11:56:28] [0000.661] I> Addr: 0xd7400000, start-block: 58761224, num_blocks: 1
[2022-03-14 11:56:28] [0000.680] I> Binary(11) of size 77216 is loaded @ 0xd7400000
[2022-03-14 11:56:28] [0000.686] I> Copy BTCM section
[2022-03-14 11:56:28] [0000.689] W> No valid slot number is found in scratch register
[2022-03-14 11:56:28] [0000.694] W> Return default slot: _a
[2022-03-14 11:56:28] [0000.698] I> A/B: bin_type (13) slot 0
[2022-03-14 11:56:28] [0000.701] I> Loading partition cpu-bootloader at 0x96000000
[2022-03-14 11:56:28] [0000.707] I> Reading two headers - addr:0x96000000 blocks:1
[2022-03-14 11:56:28] [0000.712] I> Addr: 0x96000000, start-block: 58740744, num_blocks: 1
[2022-03-14 11:56:28] [0000.734] I> Binary(13) of size 308800 is loaded @ 0x96000000
[2022-03-14 11:56:28] [0000.739] W> No valid slot number is found in scratch register
[2022-03-14 11:56:28] [0000.745] W> Return default slot: _a
[2022-03-14 11:56:28] [0000.748] I> A/B: bin_type (20) slot 0
[2022-03-14 11:56:28] [0000.752] I> Loading partition bootloader-dtb at 0x85205400
[2022-03-14 11:56:28] [0000.757] I> Reading two headers - addr:0x85205400 blocks:1
[2022-03-14 11:56:28] [0000.763] I> Addr: 0x85205400, start-block: 58742792, num_blocks: 1
[2022-03-14 11:56:28] [0000.785] I> Binary(20) of size 375568 is loaded @ 0x85205400
[2022-03-14 11:56:28] [0000.791] W> No valid slot number is found in scratch register
[2022-03-14 11:56:28] [0000.796] W> Return default slot: _a
[2022-03-14 11:56:28] [0000.800] I> A/B: bin_type (14) slot 0
[2022-03-14 11:56:28] [0000.803] I> Loading partition secure-os at 0x85305600
[2022-03-14 11:56:28] [0000.808] I> Reading two headers - addr:0x85305600 blocks:1
[2022-03-14 11:56:28] [0000.814] I> Addr: 0x85305600, start-block: 58744840, num_blocks: 1
[2022-03-14 11:56:28] [0000.836] I> Binary(14) of size 402864 is loaded @ 0x85305600
[2022-03-14 11:56:28] [0000.844] I> TOS boot-params @ 0x85000000
[2022-03-14 11:56:28] [0000.848] I> TOS params prepared
[2022-03-14 11:56:28] [0000.851] I> Loading EKS ...
[2022-03-14 11:56:28] [0000.853] I> A/B: bin_type (15) slot 0
[2022-03-14 11:56:28] [0000.857] I> Loading partition eks at 0x85905800
[2022-03-14 11:56:28] [0000.862] I> Reading two headers - addr:0x85905800 blocks:1
[2022-03-14 11:56:28] [0000.867] I> Addr: 0x85905800, start-block: 58757128, num_blocks: 1
[2022-03-14 11:56:28] [0000.886] I> Binary(15) of size 1040 is loaded @ 0x85905800
[2022-03-14 11:56:28] [0000.891] I> EKB detected (length: 0x400) @ 0x85905800
[2022-03-14 11:56:28] [0000.896] I> Copied encrypted keys
[2022-03-14 11:56:28] [0000.900] I> boot profiler @ 0x275844000
[2022-03-14 11:56:28] [0000.904] I> boot profiler for TOS @ 0x275844000
[2022-03-14 11:56:28] [0000.909] I> Unhalting SCE
[2022-03-14 11:56:28] [0000.911] I> Primary Memory Start:80000000 Size:70000000
[2022-03-14 11:56:28] [0000.917] I> Extended Memory Start:f0110000 Size:1856f0000
[2022-03-14 11:56:28] [0000.923] I> MB2(TBoot-BPMP) done
[2022-03-14 11:56:28] 
[2022-03-14 11:56:28] NOTICE:  BL31: v1.3(release):b5eeb33f7
[2022-03-14 11:56:28] NOTICE:  BL31: Built : 12:15:17, Jul 26 2021
[2022-03-14 11:56:28] ipc-unittest-main: 1519: Welcome to IPC unittest!!!
[2022-03-14 11:56:28] ipc-unittest-main: 1531: waiting forever
[2022-03-14 11:56:28] ipc-unittest-srv: 329: Init unittest services!!!
[2022-03-14 11:56:28] hwkey-agent: 41: hwkey-agent is running!!
[2022-03-14 11:56:28] hwkey-agent: 315: key_mgnt_processing .......
[2022-03-14 11:56:28] hwkey-agent: 223: Setting EKB key 0 to slot 14
[2022-03-14 11:56:28] hwkey-agent: 178: Init hweky-agent services!!
[2022-03-14 11:56:28] luks-srv: 40: luks-srv is running!!
[2022-03-14 11:56:28] luks-srv: 157: Init luks-srv IPC services!!
[2022-03-14 11:56:28] platform_bootstrap_epilog: trusty bootstrap complete
[2022-03-14 11:56:29] [0001.296] I> Welcome to Cboot
[2022-03-14 11:56:29] [0001.299] I> Cboot Version: t186-00029e71
[2022-03-14 11:56:29] [0001.303] I> CPU-BL Params @ 0x275800000
[2022-03-14 11:56:29] [0001.306] I>  0) Base:0x00000000 Size:0x00000000
[2022-03-14 11:56:29] [0001.311] I>  1) Base:0x277f00000 Size:0x00100000
[2022-03-14 11:56:29] [0001.315] I>  2) Base:0x277e00000 Size:0x00100000
[2022-03-14 11:56:29] [0001.320] I>  3) Base:0x277d00000 Size:0x00100000
[2022-03-14 11:56:29] [0001.324] I>  4) Base:0x277c00000 Size:0x00100000
[2022-03-14 11:56:29] [0001.329] I>  5) Base:0x277b00000 Size:0x00100000
[2022-03-14 11:56:29] [0001.333] I>  6) Base:0x277800000 Size:0x00200000
[2022-03-14 11:56:29] [0001.338] I>  7) Base:0x277400000 Size:0x00400000
[2022-03-14 11:56:29] [0001.342] I>  8) Base:0x277a00000 Size:0x00100000
[2022-03-14 11:56:29] [0001.347] I>  9) Base:0x277300000 Size:0x00100000
[2022-03-14 11:56:29] [0001.351] I> 10) Base:0x276800000 Size:0x00800000
[2022-03-14 11:56:29] [0001.356] I> 11) Base:0x30000000 Size:0x00040000
[2022-03-14 11:56:29] [0001.360] I> 12) Base:0xf0000000 Size:0x00100000
[2022-03-14 11:56:29] [0001.365] I> 13) Base:0x30040000 Size:0x00001000
[2022-03-14 11:56:29] [0001.369] I> 14) Base:0x30048000 Size:0x00001000
[2022-03-14 11:56:29] [0001.374] I> 15) Base:0x30049000 Size:0x00001000
[2022-03-14 11:56:29] [0001.378] I> 16) Base:0x3004a000 Size:0x00001000
[2022-03-14 11:56:29] [0001.382] I> 17) Base:0x3004b000 Size:0x00001000
[2022-03-14 11:56:29] [0001.387] I> 18) Base:0x3004c000 Size:0x00001000
[2022-03-14 11:56:29] [0001.391] I> 19) Base:0x3004d000 Size:0x00001000
[2022-03-14 11:56:29] [0001.396] I> 20) Base:0x3004e000 Size:0x00001000
[2022-03-14 11:56:29] [0001.400] I> 21) Base:0x3004f000 Size:0x00001000
[2022-03-14 11:56:29] [0001.405] I> 22) Base:0x00000000 Size:0x00000000
[2022-03-14 11:56:29] [0001.409] I> 23) Base:0xf0100000 Size:0x00010000
[2022-03-14 11:56:29] [0001.414] I> 24) Base:0x00000000 Size:0x00000000
[2022-03-14 11:56:29] [0001.418] I> 25) Base:0x00000000 Size:0x00000000
[2022-03-14 11:56:29] [0001.422] I> 26) Base:0x00000000 Size:0x00000000
[2022-03-14 11:56:29] [0001.427] I> 27) Base:0x00000000 Size:0x00000000
[2022-03-14 11:56:29] [0001.431] I> 28) Base:0x84400000 Size:0x00400000
[2022-03-14 11:56:29] [0001.436] I> 29) Base:0x30000000 Size:0x00010000
[2022-03-14 11:56:29] [0001.440] I> 30) Base:0x278000000 Size:0x08000000
[2022-03-14 11:56:29] [0001.445] I> 31) Base:0x00000000 Size:0x00000000
[2022-03-14 11:56:29] [0001.449] I> 32) Base:0x276000000 Size:0x00600000
[2022-03-14 11:56:29] [0001.454] I> 33) Base:0x80000000 Size:0x70000000
[2022-03-14 11:56:29] [0001.458] I> 34) Base:0xf0110000 Size:0x1856f0000
[2022-03-14 11:56:29] [0001.463] I> 35) Base:0x00000000 Size:0x00000000
[2022-03-14 11:56:29] [0001.467] I> 36) Base:0x00000000 Size:0x00000000
[2022-03-14 11:56:29] [0001.471] I> 37) Base:0x2772e0000 Size:0x00020000
[2022-03-14 11:56:29] [0001.476] I> 38) Base:0x84000000 Size:0x00400000
[2022-03-14 11:56:29] [0001.480] I> 39) Base:0x96000000 Size:0x02000000
[2022-03-14 11:56:29] [0001.485] I> 40) Base:0x85000000 Size:0x01200000
[2022-03-14 11:56:29] [0001.489] I> 41) Base:0x275800000 Size:0x00500000
[2022-03-14 11:56:29] [0001.494] I> 42) Base:0x00000000 Size:0x00000000
[2022-03-14 11:56:29] [0001.498] I> 43) Base:0x00000000 Size:0x00000000
[2022-03-14 11:56:29] [0001.503] GIC-SPI Target CPU: 4
[2022-03-14 11:56:29] [0001.506] Interrupts Init done
[2022-03-14 11:56:29] [0001.509] calling constructors
[2022-03-14 11:56:29] [0001.512] initializing heap
[2022-03-14 11:56:29] [0001.515] initializing threads
[2022-03-14 11:56:29] [0001.518] initializing timers
[2022-03-14 11:56:29] [0001.521] creating bootstrap completion thread
[2022-03-14 11:56:29] [0001.526] top of bootstrap2()
[2022-03-14 11:56:29] [0001.529] CPU: ARM Cortex A57
[2022-03-14 11:56:29] [0001.532] CPU: MIDR: 0x411FD073, MPIDR: 0x80000100
[2022-03-14 11:56:29] [0001.537] initializing platform
[2022-03-14 11:56:29] [0001.541] I> Bl_dtb @0x85205400
[2022-03-14 11:56:29] [0001.544] I> gpio framework initialized
[2022-03-14 11:56:29] [0001.550] I> tegrabl_gpio_driver_register: register 'nvidia,tegra186-gpio' driver
[2022-03-14 11:56:29] [0001.560] I> tegrabl_gpio_driver_register: register 'nvidia,tegra186-gpio-aon' driver
[2022-03-14 11:56:29] [0001.568] I> GPIO framework and drivers are initialized.
[2022-03-14 11:56:29] [0001.573] I> Boot-device: eMMC
[2022-03-14 11:56:29] [0001.580] I> sdmmc bdev is already initialized
[2022-03-14 11:56:29] [0001.611] I Found 19 partitions in SDMMC_BOOT (instance 3)
[2022-03-14 11:56:29] [0001.629] I> Found 33 partitions in SDMMC_USER (instance 3)
[2022-03-14 11:56:29] [0001.634] W> opt-in fuse is not set, skip fuse_burning
[2022-03-14 11:56:29] [0001.639] I> Reserved memory at 0xfbe00000 for U-Boot relocation
[2022-03-14 11:56:29] [0001.645] W> No valid slot number is found in scratch register
[2022-03-14 11:56:29] [0001.650] W> Return default slot: _a
[2022-03-14 11:56:29] [0001.660] I> A/B: bin_type (21) slot 0
[2022-03-14 11:56:29] [0001.663] I> Loading kernel-dtb from partition
[2022-03-14 11:56:29] [0001.668] I> Loading partition kernel-dtb at 0x80000000 from device(0x1)
[2022-03-14 11:56:29] [0001.685] I> Kernel_dtb @0x80000000
[2022-03-14 11:56:29] [0001.688] I> tegrabl_tca9539_init: i2c bus: 0, slave addr: 0xee
[2022-03-14 11:56:29] [0001.699] I> tegrabl_gpio_driver_register: register 'tca9539_gpio_driver' driver
[2022-03-14 11:56:29] [0001.706] I> tegrabl_tca9539_init: i2c bus: 0, slave addr: 0xe8
[2022-03-14 11:56:29] [0001.715] I> tegrabl_gpio_driver_register: register 'tca9539_gpio_driver' driver
[2022-03-14 11:56:29] [0001.725] I> fixed regulator driver initialized
[2022-03-14 11:56:29] [0001.759] I> register 'maxim' power off handle
[2022-03-14 11:56:29] [0001.765] I> virtual i2c enabled
[2022-03-14 11:56:29] [0001.768] I> registered 'maxim,max77620' pmic
[2022-03-14 11:56:29] [0001.772] I> tegrabl_gpio_driver_register: register 'max77620-gpio' driver
[2022-03-14 11:56:29] [0001.786] E> failed to read label property for node 324936: 13
[2022-03-14 11:56:29] [0001.795] E> failed to read reg property for node 325032: 13
[2022-03-14 11:56:29] [0001.803] E> failed to read reg property for node 325084: 13
[2022-03-14 11:56:29] [0001.811] E> failed to read label property for node 325168: 13
[2022-03-14 11:56:29] [0001.820] E> failed to read label property for node 325236: 13
[2022-03-14 11:56:29] [0001.828] E> failed to read reg property for node 325304: 13
[2022-03-14 11:56:29] [0001.836] E> failed to read reg property for node 325376: 13
[2022-03-14 11:56:29] [0001.847] I> Find /i2c@c250000's alias i2c7
[2022-03-14 11:56:29] [0001.851] I> Reading eeprom i2c=7 address=0x50
[2022-03-14 11:56:29] [0001.880] I> Device at /i2c@c250000:0x50
[2022-03-14 11:56:29] [0001.884] I> Reading eeprom i2c=7 address=0x57
[2022-03-14 11:56:29] [0001.912] I> Device at /i2c@c250000:0x57
[2022-03-14 11:56:29] [0001.917] I> Find /i2c@c240000's alias i2c1
[2022-03-14 11:56:29] [0001.921] I> Reading eeprom i2c=1 address=0x51
[2022-03-14 11:56:29] [0001.926] E> I2C: slave not found in slaves.
[2022-03-14 11:56:29] [0001.930] E> I2C: Could not write 0 bytes to slave: 0x00a2 with repeat start true.
[2022-03-14 11:56:29] [0001.938] E> I2C_DEV: Failed to send register address 0x00000000.
[2022-03-14 11:56:29] [0001.944] E> I2C_DEV: Could not read 256 registers of size 1 from slave 0xa2 at 0x00000000 via instance 1.
[2022-03-14 11:56:29] [0001.953] E> eeprom: Retry to read I2C slave device.
[2022-03-14 11:56:29] [0001.958] E> I2C: slave not found in slaves.
[2022-03-14 11:56:29] [0001.962] E> I2C: Could not write 0 bytes to slave: 0x00a2 with repeat start true.
[2022-03-14 11:56:29] [0001.970] E> I2C_DEV: Failed to send register address 0x00000000.
[2022-03-14 11:56:29] [0001.976] E> I2C_DEV: Could not read 256 registers of size 1 from slave 0xa2 at 0x00000000 via instance 1.
[2022-03-14 11:56:29] [0001.985] E> eeprom: Failed to read I2C slave device
[2022-03-14 11:56:29] [0001.990] I> Eeprom read failed 0x3526070d
[2022-03-14 11:56:29] [0001.994] I> Find /i2c@3160000's alias i2c0
[2022-03-14 11:56:29] [0001.998] I> Reading eeprom i2c=0 address=0x50
[2022-03-14 11:56:29] [0002.003] E> I2C: slave not found in slaves.
[2022-03-14 11:56:29] [0002.007] E> I2C: Could not write 0 bytes to slave: 0x00a0 with repeat start true.
[2022-03-14 11:56:29] [0002.015] E> I2C_DEV: Failed to send register address 0x00000000.
[2022-03-14 11:56:29] [0002.021] E> I2C_DEV: Could not read 256 registers of size 1 from slave 0xa0 at 0x00000000 via instance 0.
[2022-03-14 11:56:29] [0002.030] E> eeprom: Failed to read I2C slave device
[2022-03-14 11:56:29] [0002.035] I> Eeprom read failed 0x3526070d
[2022-03-14 11:56:29] [0002.040] I> Find /i2c@3180000's alias i2c2
[2022-03-14 11:56:29] [0002.044] I> Reading eeprom i2c=2 address=0x54
[2022-03-14 11:56:29] [0002.048] I> Enabling gpio chip_id = 2, gpio pin = 9
[2022-03-14 11:56:29] [0002.078] I> Disabling gpio chip_id = 2, gpio pin = 9
[2022-03-14 11:56:29] [0002.084] I> Device at /i2c@3180000:0x54
[2022-03-14 11:56:29] [0002.087] I> Reading eeprom i2c=2 address=0x57
[2022-03-14 11:56:29] [0002.092] I> Enabling gpio chip_id = 2, gpio pin = 9
[2022-03-14 11:56:29] [0002.097] E> I2C: slave not found in slaves.
[2022-03-14 11:56:29] [0002.101] E> I2C: Could not write 0 bytes to slave: 0x00ae with repeat start true.
[2022-03-14 11:56:29] [0002.109] E> I2C_DEV: Failed to send register address 0x00000000.
[2022-03-14 11:56:29] [0002.115] E> I2C_DEV: Could not read 256 registers of size 1 from slave 0xae at 0x00000000 via instance 2.
[2022-03-14 11:56:29] [0002.124] E> eeprom: Failed to read I2C slave device
[2022-03-14 11:56:29] [0002.129] I> Disabling gpio chip_id = 2, gpio pin = 9
[2022-03-14 11:56:29] [0002.134] I> Eeprom read failed 0x00000000
[2022-03-14 11:56:29] [0002.138] I> create_pm_ids: id: 3310-1000-D00-L, len: 15
[2022-03-14 11:56:29] [0002.143] I> config: mem-type:00,power-config:00,misc-config:00,modem-config:00,touch-config:00,display-config:00,, len: 93
[2022-03-14 11:56:29] [0002.154] I> create_pm_ids: id: 2597-0000-900-E, len: 15
[2022-03-14 11:56:29] [0002.159] I> config: mem-type:00,power-config:00,misc-config:00,modem-config:00,touch-config:00,display-config:00,, len: 93
[2022-03-14 11:56:29] [0002.170] I> create_pm_ids: id: 3326-1000-000-M, len: 15
[2022-03-14 11:56:29] [0002.176] I> config: mem-type:ff,power-config:ff,misc-config:ff,modem-config:ff,touch-config:ff,display-config:ff,, len: 93
[2022-03-14 11:56:29] [0002.211] I> enabling 'vdd-hdmi' regulator
[2022-03-14 11:56:30] [0002.226] I> regulator 'vdd-hdmi' already enabled
[2022-03-14 11:56:30] [0002.231] E> tegrabl_display_init_regulator: hdmi cable is not connected
[2022-03-14 11:56:30] [0002.237] E> tegrabl_display_get_pdata, failed to parse dtb settings
[2022-03-14 11:56:30] [0002.246] E> cannot find any other nvdisp nodes
[2022-03-14 11:56:30] [0002.251] E> no valid display unit config found in dtb
[2022-03-14 11:56:30] [0002.256] W> display init failed
[2022-03-14 11:56:30] [0002.259] initializing target
[2022-03-14 11:56:30] [0002.262] calling apps_init()
[2022-03-14 11:56:30] [0002.266] starting app kernel_boot_app
[2022-03-14 11:56:30] [0002.288] I> found decompressor handler: lz4-legacy
[2022-03-14 11:56:30] [0002.292] I> decompressing BMP blob ...
[2022-03-14 11:56:30] [0002.305] I> Kernel type = Normal
[2022-03-14 11:56:30] [0002.308] I> ########## Fixed storage boot ##########
[2022-03-14 11:56:30] [0002.313] I> Loading kernel-bootctrl from partition
[2022-03-14 11:56:30] [0002.317] I> Loading partition kernel-bootctrl at 0xa8000000 from device(0x1)
[2022-03-14 11:56:30] [0002.332] W> tegrabl_get_kernel_bootctrl: magic number(0x00000000) is invalid
[2022-03-14 11:56:30] [0002.339] W> tegrabl_get_kernel_bootctrl: use default dummy boot control data
[2022-03-14 11:56:30] [0002.346] W> No valid slot number is found in scratch register
[2022-03-14 11:56:30] [0002.352] W> Return default slot: _a
[2022-03-14 11:56:30] [0002.355] I> A/B: bin_type (24) slot 0
[2022-03-14 11:56:30] [0002.371] I> Boot image size read from image header: 9913d
[2022-03-14 11:56:30] [0002.376] I> Boot image load address: 0x80400000
[2022-03-14 11:56:30] [0002.380] I> Loading kernel from partition
[2022-03-14 11:56:30] [0002.384] I> Loading partition kernel at 0x80400000 from device(0x1)
[2022-03-14 11:56:31] [0003.326] I> Validate kernel ...
[2022-03-14 11:56:31] [0003.329] I> T18x: Authenticate kernel (bin_type 24), max size 0x4000000
[2022-03-14 11:56:31] [0003.337] I> Decrypt the buffer ... [0003.340] W> tegrabl_decrypt_block: fuse (0x0) is not burnt to do encryption (0x4); skip decryption.
[2022-03-14 11:56:31] [0003.349] I> done
[2022-03-14 11:56:31] [0003.351] I> Checking boot.img header magic ... [0003.355] I> [OK]
[2022-03-14 11:56:31] [0003.357] I> kernel-dtb is already loaded
[2022-03-14 11:56:31] [0003.361] I> Validate kernel-dtb ...
[2022-03-14 11:56:31] [0003.364] I> T18x: Authenticate kernel-dtb (bin_type 21), max size 0x100000
[2022-03-14 11:56:31] [0003.372] I> Decrypt the buffer ... [0003.375] W> tegrabl_decrypt_block: fuse (0x0) is not burnt to do encryption (0x4); skip decryption.
[2022-03-14 11:56:31] [0003.384] I> done
[2022-03-14 11:56:31] [0003.386] I> Kernel hdr @0x80400000
[2022-03-14 11:56:31] [0003.389] I> Kernel dtb @0x80000000
[2022-03-14 11:56:31] [0003.392] I> decompressor handler not found
[2022-03-14 11:56:31] [0003.396] I> Copying kernel image (627005 bytes) from 0x80400800 to 0x80600000 ... [0003.404] I> Done
[2022-03-14 11:56:31] [0003.406] I> Move ramdisk (len: 0) from 0x8049a000 to 0x947d0000
[2022-03-14 11:56:31] [0003.413] I> Updated bpmp info to DTB
[2022-03-14 11:56:31] [0003.419] I> Ramdisk: Base: 0x947d0000; Size: 0x0
[2022-03-14 11:56:31] [0003.424] I> Updated initrd info to DTB
[2022-03-14 11:56:31] [0003.428] W> WARN: Fail to override "console=none" in commandline
[2022-03-14 11:56:31] [0003.434] I> Active rootfs suffix: 
[2022-03-14 11:56:31] [0003.437] E> tegrabl_linuxboot_add_disp_param, du 0 failed to get display params
[2022-03-14 11:56:31] [0003.444] E> tegrabl_linuxboot_add_disp_param, du 0 failed to get display params
[2022-03-14 11:56:31] [0003.451] E> tegrabl_linuxboot_add_disp_param, du 0 failed to get display params
[2022-03-14 11:56:31] [0003.458] I> disabled_core_mask: 0xffffff0c
[2022-03-14 11:56:31] [0003.462] W> No valid slot number is found in scratch register
[2022-03-14 11:56:31] [0003.468] W> Return default slot: _a
[2022-03-14 11:56:31] [0003.472] I> Active slot suffix: 
[2022-03-14 11:56:31] [0003.475] I> add_boot_slot_suffix: slot_suffix = 
[2022-03-14 11:56:31] [0003.479] I> Linux Cmdline: console=ttyS0,115200 androidboot.presilicon=true firmware_class.path=/etc/firmware root=/dev/mmcblk0p1 rw rootwait rootfstype=ext4 console=ttyS0,115200n8 console=tty0 fbcon=map:0 net.ifnames=0 isolcpus=1-2  video=tegrafb earlycon=uart8250,mmio32,0x3100000 nvdumper_reserved=0x2772e0000 gpt rootfs.slot_suffix= usbcore.old_scheme_first=1 tegraid=18.1.2.0.0 maxcpus=6 no_console_suspend boot.slot_suffix= boot.ratchetvalues=0.2031647.1 vpr_resize bl_prof_dataptr=0x10000@0x275840000 sdhci_tegra.en_boot_part_access=1 
[2022-03-14 11:56:31] [0003.527] I> Updated bootarg info to DTB
[2022-03-14 11:56:31] [0003.530] I> eeprom_get_mac_addr: MAC (type: 0): 48:b0:2d:0f:11:c5
[2022-03-14 11:56:31] [0003.537] I> eeprom_get_mac_addr: MAC (type: 1): 48:b0:2d:0f:11:c6
[2022-03-14 11:56:31] [0003.543] I> eeprom_get_mac_addr: MAC (type: 2): 48:b0:2d:0f:11:c7
[2022-03-14 11:56:31] [0003.549] E> Found no plugin manager ids in source DT
[2022-03-14 11:56:31] [0003.554] W> Add plugin manager ids from board info
[2022-03-14 11:56:31] [0003.559] W> "plugin-manager" doesn't exist, creating
[2022-03-14 11:56:31] [0003.564] W> "ids" doesn't exist, creating
[2022-03-14 11:56:31] [0003.568] W> "connection" doesn't exist, creating
[2022-03-14 11:56:31] [0003.572] W> "configs" doesn't exist, creating
[2022-03-14 11:56:31] [0003.577] I> create_pm_ids: id: 3310-1000-D00-L, len: 15
[2022-03-14 11:56:31] [0003.582] I> config: mem-type:00,power-config:00,misc-config:00,modem-config:00,touch-config:00,display-config:00,, len: 93
[2022-03-14 11:56:31] [0003.593] I> create_pm_ids: id: 2597-0000-900-E, len: 15
[2022-03-14 11:56:31] [0003.598] I> config: mem-type:00,power-config:00,misc-config:00,modem-config:00,touch-config:00,display-config:00,, len: 93
[2022-03-14 11:56:31] [0003.609] I> create_pm_ids: id: 3326-1000-000-M, len: 15
[2022-03-14 11:56:31] [0003.614] I> config: mem-type:ff,power-config:ff,misc-config:ff,modem-config:ff,touch-config:ff,display-config:ff,, len: 93
[2022-03-14 11:56:31] [0003.625] I> Adding plugin-manager/ids/3310-1000-D00=/i2c@c250000:module@0x50
[2022-03-14 11:56:31] [0003.632] W> "i2c@c250000" doesn't exist, creating
[2022-03-14 11:56:31] [0003.637] W> "module@0x50" doesn't exist, creating
[2022-03-14 11:56:31] [0003.642] I> Adding plugin-manager/ids/2597-0000-900=/i2c@c250000:module@0x57
[2022-03-14 11:56:31] [0003.649] W> "module@0x57" doesn't exist, creating
[2022-03-14 11:56:31] [0003.654] I> Adding plugin-manager/ids/3326-1000-000=/i2c@3180000:module@0x54
[2022-03-14 11:56:31] [0003.661] W> "i2c@3180000" doesn't exist, creating
[2022-03-14 11:56:31] [0003.666] W> "module@0x54" doesn't exist, creating
[2022-03-14 11:56:31] [0003.673] I> Adding plugin-manager/ids/3310-1000-D00-L
[2022-03-14 11:56:31] [0003.680] I> Adding plugin-manager/configs/3310-mem-type 00
[2022-03-14 11:56:31] [0003.685] I> Adding plugin-manager/configs/3310-power-config 00
[2022-03-14 11:56:31] [0003.691] I> Adding plugin-manager/configs/3310-misc-config 00
[2022-03-14 11:56:31] [0003.697] I> Adding plugin-manager/configs/3310-modem-config 00
[2022-03-14 11:56:31] [0003.703] I> Adding plugin-manager/configs/3310-touch-config 00
[2022-03-14 11:56:31] [0003.709] I> Adding plugin-manager/configs/3310-display-config 00
[2022-03-14 11:56:31] [0003.715] I> Adding plugin-manager/cvm
[2022-03-14 11:56:31] [0003.719] W> "chip-id" doesn't exist, creating
[2022-03-14 11:56:31] [0003.723] I> Adding plugin-manager/chip-id/A02P
[2022-03-14 11:56:31] [0003.728] W> "odm-data" doesn't exist, creating
[2022-03-14 11:56:31] [0003.733] I> Adding /chosen/plugin-manager/odm-data
[2022-03-14 11:56:31] [0003.742] I> added [base:0x80000000, size:0x70000000] to /memory
[2022-03-14 11:56:31] [0003.748] I> added [base:0xf0200000, size:0x185600000] to /memory
[2022-03-14 11:56:31] [0003.754] I> added [base:0x275e00000, size:0x200000] to /memory
[2022-03-14 11:56:31] [0003.760] I> added [base:0x276600000, size:0x200000] to /memory
[2022-03-14 11:56:31] [0003.766] I> added [base:0x277000000, size:0x200000] to /memory
[2022-03-14 11:56:31] [0003.771] I> Updated memory info to DTB
[2022-03-14 11:56:31] [0003.776] E> add_disp_param: failed to get display params for du=0
[2022-03-14 11:56:31] [0003.784] W> "reset" doesn't exist, creating
[2022-03-14 11:56:31] [0003.788] W> "pmc-reset-reason" doesn't exist, creating
[2022-03-14 11:56:31] [0003.794] W> "pmic-reset-reason" doesn't exist, creating
[2022-03-14 11:56:31] [0003.800] I> Adding ecid(00000001646db7851000000013038200) to DT
[2022-03-14 11:56:31] [0003.806] I> disabled_core_mask: 0xffffff0c
[2022-03-14 11:56:31] [0003.818] I> Add serial number:1422420022173 as DT property
