[0000.263] I> Welcome to MB2(TBoot-BPMP)(version: 01.00.160913-t186-M-00.00-mobile-c368a720)
[2022-03-14 10:47:53] [0000.272] I> Boot-device: eMMC
[2022-03-14 10:47:53] [0000.279] I> sdmmc bdev is already initialized
[2022-03-14 10:47:53] [0000.284] I> pmic: reset reason (nverc)	: 0x80
[2022-03-14 10:47:53] [0000.317] I> Found 19 partitions in SDMMC_BOOT (instance 3)
[2022-03-14 10:47:53] [0000.337] I> Found 33 partitions in SDMMC_USER (instance 3)
[2022-03-14 10:47:53] [0000.343] W> No valid slot number is found in scratch register
[2022-03-14 10:47:53] [0000.349] W> Return default slot: _a
[2022-03-14 10:47:53] [0000.352] I> A/B: bin_type (16) slot 0
[2022-03-14 10:47:53] [0000.356] I> Loading partition bpmp-fw at 0xd7800000
[2022-03-14 10:47:53] [0000.360] I> Reading two headers - addr:0xd7800000 blocks:1
[2022-03-14 10:47:53] [0000.366] I> Addr: 0xd7800000, start-block: 58777608, num_blocks: 1
[2022-03-14 10:47:53] [0000.391] I> Binary(16) of size 534416 is loaded @ 0xd7800000
[2022-03-14 10:47:53] [0000.397] W> No valid slot number is found in scratch register
[2022-03-14 10:47:53] [0000.402] W> Return default slot: _a
[2022-03-14 10:47:53] [0000.406] I> A/B: bin_type (17) slot 0
[2022-03-14 10:47:53] [0000.410] I> Loading partition bpmp-fw-dtb at 0xd79f0000
[2022-03-14 10:47:53] [0000.415] I> Reading two headers - addr:0xd79f0000 blocks:1
[2022-03-14 10:47:53] [0000.420] I> Addr: 0xd79f0000, start-block: 58780024, num_blocks: 1
[2022-03-14 10:47:53] [0000.446] I> Binary(17) of size 604720 is loaded @ 0xd796c400
[2022-03-14 10:47:53] [0000.676] I> Loading SCE-FW ...
[2022-03-14 10:47:53] [0000.679] W> No valid slot number is found in scratch register
[2022-03-14 10:47:53] [0000.684] W> Return default slot: _a
[2022-03-14 10:47:53] [0000.688] I> A/B: bin_type (12) slot 0
[2022-03-14 10:47:53] [0000.691] I> Loading partition sce-fw at 0xd7300000
[2022-03-14 10:47:53] [0000.696] I> Reading two headers - addr:0xd7300000 blocks:1
[2022-03-14 10:47:53] [0000.702] I> Addr: 0xd7300000, start-block: 58784120, num_blocks: 1
[2022-03-14 10:47:53] [0000.721] I> Binary(12) of size 125632 is loaded @ 0xd7300000
[2022-03-14 10:47:53] [0000.727] I> Init SCE
[2022-03-14 10:47:53] [0000.729] I> Loading APE-FW ...
[2022-03-14 10:47:53] [0000.732] W> No valid slot number is found in scratch register
[2022-03-14 10:47:53] [0000.738] W> Return default slot: _a
[2022-03-14 10:47:53] [0000.741] I> A/B: bin_type (11) slot 0
[2022-03-14 10:47:53] [0000.745] I> Loading partition adsp-fw at 0xd7400000
[2022-03-14 10:47:53] [0000.749] I> Reading two headers - addr:0xd7400000 blocks:1
[2022-03-14 10:47:53] [0000.755] I> Addr: 0xd7400000, start-block: 58761224, num_blocks: 1
[2022-03-14 10:47:53] [0000.774] I> Binary(11) of size 77216 is loaded @ 0xd7400000
[2022-03-14 10:47:53] [0000.780] I> Copy BTCM section
[2022-03-14 10:47:53] [0000.783] W> No valid slot number is found in scratch register
[2022-03-14 10:47:53] [0000.788] W> Return default slot: _a
[2022-03-14 10:47:53] [0000.792] I> A/B: bin_type (13) slot 0
[2022-03-14 10:47:53] [0000.795] I> Loading partition cpu-bootloader at 0x96000000
[2022-03-14 10:47:53] [0000.801] I> Reading two headers - addr:0x96000000 blocks:1
[2022-03-14 10:47:53] [0000.806] Iþ Addr: 0x96000000, start-block: 58740744, num_blocks: 1
[2022-03-14 10:47:53] [0000.827] I> Binary(13) of size 308800 is loaded @ 0x96000000
[2022-03-14 10:47:53] [0000.833] W> No valid slot number is found in scratch register
[2022-03-14 10:47:53] [0000.839] W> Return default slot: _a
[2022-03-14 10:47:53] [0000.842] I> A/B: bin_type (20) slot 0
[2022-03-14 10:47:53] [0000.846] I> Loading partition bootloader-dtb at 0x85205400
[2022-03-14 10:47:53] [0000.851] I> Reading two headers - addr:0x85205400 blocks:1
[2022-03-14 10:47:53] [0000.857] I> Addr: 0x85205400, start-block: 58742792, num_blocks: 1
[2022-03-14 10:47:53] [0000.879] I> Binary(20) of size 375568 is loaded @ 0x85205400
[2022-03-14 10:47:53] [0000.884] W> No valid slot number is found in scratch register
[2022-03-14 10:47:53] [0000.890] W> Return default slot: _a
[2022-03-14 10:47:53] [0000.893] I> A/B: bin_type (14) slot 0
[2022-03-14 10:47:53] [0000.897] I> Loading partition secure-os at 0x85305600
[2022-03-14 10:47:53] [0000.902] I> Reading two headers - addr:0x85305600 blocks:1
[2022-03-14 10:47:53] [0000.908] I> Addr: 0x85305600, start-block: 58744840, num_blocks: 1
[2022-03-14 10:47:53] [0000.930] I> Binary(14) of size 402864 is loaded @ 0x85305600
[2022-03-14 10:47:53] [0000.938] I> TOS boot-params @ 0x85000000
[2022-03-14 10:47:53] [0000.941] I> TOS params prepared
[2022-03-14 10:47:53] [0000.945] I> Loading EKS ...
[2022-03-14 10:47:53] [0000.947] I> A/B: bin_type (15) slot 0
[2022-03-14 10:47:53] [0000.951] I> Loading partition eks at 0x85905800
[2022-03-14 10:47:53] [0000.955] I> Reading two headers - addr:0x85905800 blocks:1
[2022-03-14 10:47:53] [0000.961] I> Addr: 0x85905800, start-block: 58757128, num_blocks: 1
[2022-03-14 10:47:53] [0000.980] I> Binary(15) of size 1040 is loaded @ 0x85905800
[2022-03-14 10:47:53] [0000.985] I> EKB detected (length: 0x400) @ 0x85905800
[2022-03-14 10:47:53] [0000.990] I> Copied encrypted keys
[2022-03-14 10:47:53] [0000.994] I> boot profiler @ 0x275844000
[2022-03-14 10:47:53] [0000.998] I> boot profiler for TOS @ 0x275844000
[2022-03-14 10:47:53] [0001.003] I> Unhalting SCE
[2022-03-14 10:47:53] [0001.005] I> Primary Memory Start:80000000 Size:70000000
[2022-03-14 10:47:53] [0001.010] I> Extended Memory Start:f0110000 Size:1856f0000
[2022-03-14 10:47:53] [0001.017] I> MB2(TBoot-BPMP) done
[2022-03-14 10:47:53] 
[2022-03-14 10:47:53] NOTICE:  BL31: v1.3(release):b5eeb33f7
[2022-03-14 10:47:53] NOTICE:  BL31: Built : 12:15:17, Jul 26 2021
[2022-03-14 10:47:54] ipc-unittest-main: 1519: Welcome to IPC unittest!!!
[2022-03-14 10:47:54] ipc-unittest-main: 1531: waiting forever
[2022-03-14 10:47:54] ipc-unittest-srv: 329: Init unittest services!!!
[2022-03-14 10:47:54] hwkey-agent: 41: hwkey-agent is running!!
[2022-03-14 10:47:54] hwkey-agent: 315: key_mgnt_processing .......
[2022-03-14 10:47:54] hwkey-agent: 223: Setting EKB key 0 to slot 14
[2022-03-14 10:47:54] hwkey-agent: 178: Init hweky-agent services!!
[2022-03-14 10:47:54] luks-srv: 40: luks-srv is running!!
[2022-03-14 10:47:54] luks-srv: 157: Init luks-srv IPC services!!
[2022-03-14 10:47:54] platform_bootstrap_epilog: trusty bootstrap complete
[2022-03-14 10:47:54] [0001.390] I> Welcome to Cboot
[2022-03-14 10:47:54] [0001.393] I> Cboot Version: t186-00029e71
[2022-03-14 10:47:54] [0001.396] I> CPU-BL Params @ 0x275800000
[2022-03-14 10:47:54] [0001.400] I>  0) Base:0x00000000 Size:0x00000000
[2022-03-14 10:47:54] [0001.405] I>  1) Base:0x277f00000 Size:0x00100000
[2022-03-14 10:47:54] [0001.409] I>  2) Base:0x277e00000 Size:0x00100000
[2022-03-14 10:47:54] [0001.414] I>  3) Base:0x277d00000 Size:0x00100000
[2022-03-14 10:47:54] [0001.418] I>  4) Base:0x277c00000 Size:0x00100000
[2022-03-14 10:47:54] [0001.423] I>  5) Base:0x277b00000 Size:0x00100000
[2022-03-14 10:47:54] [0001.427] I>  6) Base:0x277800000 Size:0x00200000
[2022-03-14 10:47:54] [0001.432] I>  7) Base:0x277400000 Size:0x00400000
[2022-03-14 10:47:54] [0001.436] I>  8) Base:0x277a00000 Size:0x00100000
[2022-03-14 10:47:54] [0001.441] I>  9) Base:0x277300000 Size:0x00100000
[2022-03-14 10:47:54] [0001.445] I> 10) Base:0x276800000 Size:0x00800000
[2022-03-14 10:47:54] [0001.450] I> 11) Base:0x30000000 Size:0x00040000
[2022-03-14 10:47:54] [0001.454] I> 12) Base:0xf0000000 Size:0x00100000
[2022-03-14 10:47:54] [0001.459] I> 13) Base:0x30040000 Size:0x00001000
[2022-03-14 10:47:54] [0001.463] I> 14) Base:0x30048000 Size:0x00001000
[2022-03-14 10:47:54] [0001.468] I> 15) Base:0x30049000 Size:0x00001000
[2022-03-14 10:47:54] [0001.472] I> 16) Base:0x3004a000 Size:0x00001000
[2022-03-14 10:47:54] [0001.476] I> 17) Base:0x3004b000 Size:0x00001000
[2022-03-14 10:47:54] [0001.481] I> 18) Base:0x3004c000 Size:0x00001000
[2022-03-14 10:47:54] [0001.485] I> 19) Base:0x3004d000 Size:0x00001000
[2022-03-14 10:47:54] [0001.490] I> 20) Base:0x3004e000 Size:0x00001000
[2022-03-14 10:47:54] [0001.494] I> 21) Base:0x3004f000 Size:0x00001000
[2022-03-14 10:47:54] [0001.499] I> 22) Base:0x00000000 Size:0x00000000
[2022-03-14 10:47:54] [0001.503] I> 23) Base:0xf0100000 Size:0x00010000
[2022-03-14 10:47:54] [0001.507] I> 24) Base:0x00000000 Size:0x00000000
[2022-03-14 10:47:54] [0001.512] I> 25) Base:0x00000000 Size:0x00000000
[2022-03-14 10:47:54] [0001.516] I> 26) Base:0x00000000 Size:0x00000000
[2022-03-14 10:47:54] [0001.521] I> 27) Base:0x00000000 Size:0x00000000
[2022-03-14 10:47:54] [0001.525] I> 28) Base:0x84400000 Size:0x00400000
[2022-03-14 10:47:54] [0001.530] I> 29) Base:0x30000000 Size:0x00010000
[2022-03-14 10:47:54] [0001.534] I> 30) Base:0x278000000 Size:0x08000000
[2022-03-14 10:47:54] [0001.539] I> 31) Base:0x00000000 Size:0x00000000
[2022-03-14 10:47:54] [0001.543] I> 32) Base:0x276000000 Size:0x00600000
[2022-03-14 10:47:54] [0001.547] I> 33) Base:0x80000000 Size:0x70000000
[2022-03-14 10:47:54] [0001.552] I> 34) Base:0xf0110000 Size:0x1856f0000
[2022-03-14 10:47:54] [0001.556] I> 35) Base:0x00000000 Size:0x00000000
[2022-03-14 10:47:54] [0001.561] I> 36) Base:0x00000000 Size:0x00000000
[2022-03-14 10:47:54] [0001.565] I> 37) Base:0x2772e0000 Size:0x00020000
[2022-03-14 10:47:54] [0001.570] I> 38) Base:0x84000000 Size:0x00400000
[2022-03-14 10:47:54] [0001.574] I> 39) Base:0x96000000 Size:0x02000000
[2022-03-14 10:47:54] [0001.579] I> 40) Base:0x85000000 Size:0x01200000
[2022-03-14 10:47:54] [0001.583] I> 41) Base:0x275800000 Size:0x00500000
[2022-03-14 10:47:54] [0001.588] I> 42) Base:0x00000000 Size:0x00000000
[2022-03-14 10:47:54] [0001.592] I> 43) Base:0x00000000 Size:0x00000000
[2022-03-14 10:47:54] [0001.596] GIC-SPI Target CPU: 4
[2022-03-14 10:47:54] [0001.600] Interrupts Init done
[2022-03-14 10:47:54] [0001.603] calling constructors
[2022-03-14 10:47:54] [0001.606] initializing heap
[2022-03-14 10:47:54] [0001.609] initializing threads
[2022-03-14 10:47:54] [0001.612] initializing timers
[2022-03-14 10:47:54] [0001.615] creating bootstrap completion thread
[2022-03-14 10:47:54] [0001.620] top of bootstrap2()
[2022-03-14 10:47:54] [0001.623] CPU: ARM Cortex A57
[2022-03-14 10:47:54] [0001.626] CPU: MIDR: 0x411FD073, MPIDR: 0x80000100
[2022-03-14 10:47:54] [0001.631] initializing platform
[2022-03-14 10:47:54] [0001.634] I> Bl_dtb @0x85205400
[2022-03-14 10:47:54] [0001.637] I> gpio framework initialized
[2022-03-14 10:47:54] [0001.644] I> tegrabl_gpio_driver_register: register 'nvidia,tegra186-gpio' driver
[2022-03-14 10:47:54] [0001.654] I> tegrabl_gpio_driver_register: register 'nvidia,tegra186-gpio-aon' driver
[2022-03-14 10:47:54] [0001.662] I> GPIO framework and drivers are initialized.
[2022-03-14 10:47:54] [0001.667] I> Boot-device: eMMC
[2022-03-14 10:47:54] [0001.674] I> sdmmc bdev is already initialized
[2022-03-14 10:47:54] [0001.705] I> Found 19 partitions in SDMMC_BOOT (instance 3)
[2022-03-14 10:47:54] [0001.722] I> Found 33 partitions in SDMMC_USER (instance 3)
[2022-03-14 10:47:54] [0001.728] W> opt-in fuse is not set, skip fuse_burning
[2022-03-14 10:47:54] [0001.733] I> Reserved memory at 0xfbe00000 for U-Boot relocation
[2022-03-14 10:47:54] [0001.739] W> No valid slot number is found in scratch register
[2022-03-14 10:47:54] [0001.744] W> Return default slot: _a
[2022-03-14 10:47:54] [0001.754] I> A/B: bin_type (21) slot 0
[2022-03-14 10:47:54] [0001.757] I> Loading kernel-dtb from partition
[2022-03-14 10:47:54] [0001.761] I> Loading partition kernel-dtb at 0x80000000 from device(0x1)
[2022-03-14 10:47:54] [0001.779] I> Kernel_dtb @0x80000000
[2022-03-14 10:47:54] [0001.782] I> tegrabl_tca9539_init: i2c bus: 0, slave addr: 0xee
[2022-03-14 10:47:54] [0001.792] I> tegrabl_gpio_driver_register: register 'tca9539_gpio_driver' driver
[2022-03-14 10:47:54] [0001.800] I> tegrabl_tca9539_init: i2c bus: 0, slave addr: 0xe8
[2022-03-14 10:47:54] [0001.809] I> tegrabl_gpio_driver_register: register 'tca9539_gpio_driver' driver
[2022-03-14 10:47:54] [0001.819] I> fixed regulator driver initialized
[2022-03-14 10:47:54] [0001.852] I> register 'maxim' power off handle
[2022-03-14 10:47:54] [0001.858] I> virtual i2c enabled
[2022-03-14 10:47:54] [0001.861] I> registered 'maxim,max77620' pmic
[2022-03-14 10:47:54] [0001.866] I> tegrabl_gpio_driver_register: register 'max77620-gpio' driver
[2022-03-14 10:47:54] [0001.880] E> failed to read label property for node 324936: 13
[2022-03-14 10:47:54] [0001.888] E> failed to read reg property for node 325032: 13
[2022-03-14 10:47:54] [0001.896] E> failed to read reg property for node 325084: 13
[2022-03-14 10:47:54] [0001.905] E> failed to read label property for node 325168: 13
[2022-03-14 10:47:54] [0001.913] E> failed to read label property for node 325236: 13
[2022-03-14 10:47:54] [0001.922] E> failed to read reg property for node 325304: 13
[2022-03-14 10:47:54] [0001.930] E> failed to read reg property for node 325376: 13
[2022-03-14 10:47:54] [0001.940] I> Find /i2c@c250000's alias i2c7
[2022-03-14 10:47:54] [0001.944] I> Reading eeprom i2c=7 address=0x50
[2022-03-14 10:47:54] [0001.973] I> Device at /i2c@c250000:0x50
[2022-03-14 10:47:54] [0001.977] I> Reading eeprom i2c=7 address=0x57
[2022-03-14 10:47:54] [0002.006] I> Device at /i2c@c250000:0x57
[2022-03-14 10:47:54] [0002.010] I> Find /i2c@c240000's alias i2c1
[2022-03-14 10:47:54] [0002.014] I> Reading eeprom i2c=1 address=0x51
[2022-03-14 10:47:54] [0002.019] E> I2C: slave not found in slaves.
[2022-03-14 10:47:54] [0002.023] E> I2C: Could not write 0 bytes to slave: 0x00a2 with repeat start true.
[2022-03-14 10:47:54] [0002.031] E> I2C_DEV: Failed to send register address 0x00000000.
[2022-03-14 10:47:55] [0002.037] E> I2C_DEV: Could not read 256 registers of size 1 from slave 0xa2 at 0x00000000 via instance 1.
[2022-03-14 10:47:55] [0002.047] E> eeprom: Retry to read I2C slave device.
[2022-03-14 10:47:55] [0002.051] E> I2C: slave not found in slaves.
[2022-03-14 10:47:55] [0002.056] E> I2C: Could not write 0 bytes to slave: 0x00a2 with repeat start true.
[2022-03-14 10:47:55] [0002.063] E> I2C_DEV: Failed to send register address 0x00000000.
[2022-03-14 10:47:55] [0002.069] E> I2C_DEV: Could not read 256 registers of size 1 from slave 0xa2 at 0x00000000 via instance 1.
[2022-03-14 10:47:55] [0002.079] E> eeprom: Failed to read I2C slave device
[2022-03-14 10:47:55] [0002.083] I> Eeprom read failed 0x3526070d
[2022-03-14 10:47:55] [0002.088] I> Find /i2c@3160000's alias i2c0
[2022-03-14 10:47:55] [0002.092] I> Reading eeprom i2c=0 address=0x50
[2022-03-14 10:47:55] [0002.096] E> I2C: slave not found in slaves.
[2022-03-14 10:47:55] [0002.100] E> I2C: Could not write 0 bytes to slave: 0x00a0 with repeat start true.
[2022-03-14 10:47:55] [0002.108] E> I2C_DEV: Failed to send register address 0x00000000.
[2022-03-14 10:47:55] [0002.114] E> I2C_DEV: Could not read 256 registers of size 1 from slave 0xa0 at 0x00000000 via instance 0.
[2022-03-14 10:47:55] [0002.123] E> eeprom: Failed to read I2C slave device
[2022-03-14 10:47:55] [0002.128] I> Eeprom read failed 0x3526070d
[2022-03-14 10:47:55] [0002.133] I> Find /i2c@3180000's alias i2c2
[2022-03-14 10:47:55] [0002.137] I> Reading eeprom i2c=2 address=0x54
[2022-03-14 10:47:55] [0002.141] I> Enabling gpio chip_id = 2, gpio pin = 9
[2022-03-14 10:47:55] [0002.172] I> Disabling gpio chip_id = 2, gpio pin = 9
[2022-03-14 10:47:55] [0002.177] I> Device at /i2c@3180000:0x54
[2022-03-14 10:47:55] [0002.181] I> Reading eeprom i2c=2 address=0x57
[2022-03-14 10:47:55] [0002.185] I> Enabling gpio chip_id = 2, gpio pin = 9
[2022-03-14 10:47:55] [0002.191] E> I2C: slave not found in slaves.
[2022-03-14 10:47:55] [0002.195] E> I2C: Could not write 0 bytes to slave: 0x00ae with repeat start true.
[2022-03-14 10:47:55] [0002.203] E> I2C_DEV: Failed to send register address 0x00000000.
[2022-03-14 10:47:55] [0002.208] E> I2C_DEV: Could not read 256 registers of size 1 from slave 0xae at 0x00000000 via instance 2.
[2022-03-14 10:47:55] [0002.218] E> eeprom: Failed to read I2C slave device
[2022-03-14 10:47:55] [0002.223] I> Disabling gpio chip_id = 2, gpio pin = 9
[2022-03-14 10:47:55] [0002.228] I> Eeprom read failed 0x00000000
[2022-03-14 10:47:55] [0002.232] I> create_pm_ids: id: 3310-1000-D00-L, len: 15
[2022-03-14 10:47:55] [0002.237] I> config: mem-type:00,power-config:00,misc-config:00,modem-config:00,touch-config:00,display-config:00,, len: 93
[2022-03-14 10:47:55] [0002.248] I> create_pm_ids: id: 2597-0000-900-E, len: 15
[2022-03-14 10:47:55] [0002.253] I> config: mem-type:00,power-config:00,misc-config:00,modem-config:00,touch-config:00,display-config:00,, len: 93
[2022-03-14 10:47:55] [0002.264] I> create_pm_ids: id: 3326-1000-000-M, len: 15
[2022-03-14 10:47:55] [0002.269] I> config: mem-type:ff,power-config:ff,misc-config:ff,modem-config:ff,touch-config:ff,display-config:ff,, len: 93
[2022-03-14 10:47:55] [0002.304] I> enabling 'vdd-hdmi' regulator
[2022-03-14 10:47:55] [0002.320] I> regulator 'vdd-hdmi' already enabled
[2022-03-14 10:47:55] [0002.324] E> tegrabl_display_init_regulator: hdmi cable is not connected
[2022-03-14 10:47:55] [0002.331] E> tegrabl_display_get_pdata, failed to parse dtb settings
[2022-03-14 10:47:55] [0002.340] E> cannot find any other nvdisp nodes
[2022-03-14 10:47:55] [0002.344] E> no valid display unit config found in dtb
[2022-03-14 10:47:55] [0002.350] W> display init failed
[2022-03-14 10:47:55] [0002.353] initializing target
[2022-03-14 10:47:55] [0002.356] calling apps_init()
[2022-03-14 10:47:55] [0002.359] starting app kernel_boot_app
[2022-03-14 10:47:55] [0002.381] I> found decompressor handler: lz4-legacy
[2022-03-14 10:47:55] [0002.386] I> decompressing BMP blob ...
[2022-03-14 10:47:55] [0002.398] I> Kernel type = Normal
[2022-03-14 10:47:55] [0002.401] I> ########## Fixed storage boot ##########
[2022-03-14 10:47:55] [0002.406] I> Loading kernel-bootctrl from partition
[2022-03-14 10:47:55] [0002.411] I> Loading partition kernel-bootctrl at 0xa8000000 from device(0x1)
[2022-03-14 10:47:55] [0002.425] W> tegrabl_get_kernel_bootctrl: magic number(0x00000000) is invalid
[2022-03-14 10:47:55] [0002.432] W> tegrabl_get_kernel_bootctrl: use default dummy boot control data
[2022-03-14 10:47:55] [0002.439] W> No valid slot number is found in scratch register
[2022-03-14 10:47:55] [0002.445] W> Return default slot: _a
[2022-03-14 10:47:55] [0002.448] I> A/B: bin_type (24) slot 0
[2022-03-14 10:47:55] [0002.464] I> Boot image size read from image header: 9913d
[2022-03-14 10:47:55] [0002.469] I> Boot image load address: 0x80400000
[2022-03-14 10:47:55] [0002.473] I> Loading kernel from partition
[2022-03-14 10:47:55] [0002.477] I> Loading partition kernel at 0x80400000 from device(0x1)
[2022-03-14 10:47:56] [0003.419] I> Validate kernel ...
[2022-03-14 10:47:56] [0003.422] I> T18x: Authenticate kernel (bin_type 24), max size 0x4000000
[2022-03-14 10:47:56] [0003.430] I> Decrypt the buffer ... [0003.433] W> tegrabl_decrypt_block: fuse (0x0) is not burnt to do encryption (0x4); skip decryption.
[2022-03-14 10:47:56] [0003.442] I> done
[2022-03-14 10:47:56] [0003.444] I> Checking boot.img header magic ... [0003.448] I> [OK]
[2022-03-14 10:47:56] [0003.450] I> kernel-dtb is already loaded
[2022-03-14 10:47:56] [0003.454] I> Validate kernel-dtb ...
[2022-03-14 10:47:56] [0003.457] I> T18x: Authenticate kernel-dtb (bin_type 21), max size 0x100000
[2022-03-14 10:47:56] [0003.465] I> Decrypt the buffer ... [0003.468] W> tegrabl_decrypt_block: fuse (0x0) is not burnt to do encryption (0x4); skip decryption.
[2022-03-14 10:47:56] [0003.477] I> done
[2022-03-14 10:47:56] [0003.479] I> Kernel hdr @0x80400000
[2022-03-14 10:47:56] [0003.482] I> Kernel dtb @0x80000000
[2022-03-14 10:47:56] [0003.485] I> decompressor handler not found
[2022-03-14 10:47:56] [0003.489] I> Copying kernel image (627005 bytes) from 0x80400800 to 0x80600000 ... [0003.497] I> Done
[2022-03-14 10:47:56] [0003.499] I> Move ramdisk (len: 0) from 0x8049a000 to 0x947d0000
[2022-03-14 10:47:56] [0003.506] I> Updated bpmp info to DTB
[2022-03-14 10:47:56] [0003.512] I> Ramdisk: Base: 0x947d0000; Size: 0x0
[2022-03-14 10:47:56] [0003.517] I> Updated initrd info to DTB
[2022-03-14 10:47:56] [0003.521] W> WARN: Fail to override "console=none" in commandline
[2022-03-14 10:47:56] [0003.526] I> Active rootfs suffix: 
[2022-03-14 10:47:56] [0003.530] E> tegrabl_linuxboot_add_disp_param, du 0 failed to get display params
[2022-03-14 10:47:56] [0003.537] E> tegrabl_linuxboot_add_disp_param, du 0 failed to get display params
[2022-03-14 10:47:56] [0003.544] E> tegrabl_linuxboot_add_disp_param, du 0 failed to get display params
[2022-03-14 10:47:56] [0003.551] I> disabled_core_mask: 0xffffff0c
[2022-03-14 10:47:56] [0003.555] W> No valid slot number is found in scratch register
[2022-03-14 10:47:56] [0003.561] W> Return default slot: _a
[2022-03-14 10:47:56] [0003.564] I> Active slot suffix: 
[2022-03-14 10:47:56] [0003.568] I> add_boot_slot_suffix: slot_suffix = 
[2022-03-14 10:47:56] [0003.572] I> Linux Cmdline: console=ttyS0,115200 androidboot.presilicon=true firmware_class.path=/etc/firmware root=/dev/mmcblk0p1 rw rootwait rootfstype=ext4 console=ttyS0,115200n8 console=tty0 fbcon=map:0 net.ifnames=0 isolcpus=1-2  video=tegrafb earlycon=uart8250,mmio32,0x3100000 nvdumper_reserved=0x2772e0000 gpt rootfs.slot_suffix= usbcore.old_scheme_first=1 tegraid=18.1.2.0.0 maxcpus=6 no_console_suspend boot.slot_suffix= boot.ratchetvalues=0.2031647.1 vpr_resize bl_prof_dataptr=0x10000@0x275840000 sdhci_tegra.en_boot_part_access=1 
[2022-03-14 10:47:56] [0003.620] I> Updated bootarg info to DTB
[2022-03-14 10:47:56] [0003.623] I> eeprom_get_mac_addr: MAC (type: 0): 48:b0:2d:0f:11:c5
[2022-03-14 10:47:56] [0003.630] I> eeprom_get_mac_addr: MAC (type: 1): 48:b0:2d:0f:11:c6
[2022-03-14 10:47:56] [0003.636] I> eeprom_get_mac_addr: MAC (type: 2): 48:b0:2d:0f:11:c7
[2022-03-14 10:47:56] [0003.642] E> Found no plugin manager ids in source DT
[2022-03-14 10:47:56] [0003.647] W> Add plugin manager ids from board info
[2022-03-14 10:47:56] [0003.652] W> "plugin-manager" doesn't exist, creating
[2022-03-14 10:47:56] [0003.657] W> "ids" doesn't exist, creating
[2022-03-14 10:47:56] [0003.661] W> "connection" doesn't exist, creating
[2022-03-14 10:47:56] [0003.665] W> "configs" doesn't exist, creating
[2022-03-14 10:47:56] [0003.670] I> create_pm_ids: id: 3310-1000-D00-L, len: 15
[2022-03-14 10:47:56] [0003.675] I> config: mem-type:00,power-config:00,misc-config:00,modem-config:00,touch-config:00,display-config:00,, len: 93
[2022-03-14 10:47:56] [0003.686] I> create_pm_ids: id: 2597-0000-900-E, len: 15
[2022-03-14 10:47:56] [0003.691] I> config: mem-type:00,power-config:00,misc-config:00,modem-config:00,touch-config:00,display-config:00,, len: 93
[2022-03-14 10:47:56] [0003.702] I> create_pm_ids: id: 3326-1000-000-M, len: 15
[2022-03-14 10:47:56] [0003.707] I> config: mem-type:ff,power-config:ff,misc-config:ff,modem-config:ff,touch-config:ff,display-config:ff,, len: 93
[2022-03-14 10:47:56] [0003.718] I> Adding plugin-manager/ids/3310-1000-D00=/i2c@c250000:module@0x50
[2022-03-14 10:47:56] [0003.725] W> "i2c@c250000" doesn't exist, creating
[2022-03-14 10:47:56] [0003.730] W> "module@0x50" doesn't exist, creating
[2022-03-14 10:47:56] [0003.735] I> Adding plugin-manager/ids/2597-0000-900=/i2c@c250000:module@0x57
[2022-03-14 10:47:56] [0003.742] W> "module@0x57" doesn't exist, creating
[2022-03-14 10:47:56] [0003.747] I> Adding plugin-manager/ids/3326-1000-000=/i2c@3180000:module@0x54
[2022-03-14 10:47:56] [0003.754] W> "i2c@3180000" doesn't exist, creating
[2022-03-14 10:47:56] [0003.759] W> "module@0x54" doesn't exist, creating
[2022-03-14 10:47:56] [0003.766] I> Adding plugin-manager/ids/3310-1000-D00-L
[2022-03-14 10:47:56] [0003.773] I> Adding plugin-manager/configs/3310-mem-type 00
[2022-03-14 10:47:56] [0003.778] I> Adding plugin-manager/configs/3310-power-config 00
[2022-03-14 10:47:56] [0003.784] I> Adding plugin-manager/configs/3310-misc-config 00
[2022-03-14 10:47:56] [0003.790] I> Adding plugin-manager/configs/3310-modem-config 00
[2022-03-14 10:47:56] [0003.796] I> Adding plugin-manager/configs/3310-touch-config 00
[2022-03-14 10:47:56] [0003.802] I> Adding plugin-manager/configs/3310-display-config 00
[2022-03-14 10:47:56] [0003.808] I> Adding plugin-manager/cvm
[2022-03-14 10:47:56] [0003.812] W> "chip-id" doesn't exist, creating
[2022-03-14 10:47:56] [0003.816] I> Adding plugin-manager/chip-id/A02P
[2022-03-14 10:47:56] [0003.821] W> "odm-data" doesn't exist, creating
[2022-03-14 10:47:56] [0003.825] I> Adding /chosen/plugin-manager/odm-data
[2022-03-14 10:47:56] [0003.835] I> added [base:0x80000000, size:0x70000000] to /memory
[2022-03-14 10:47:56] [0003.841] I> added [base:0xf0200000, size:0x185600000] to /memory
[2022-03-14 10:47:56] [0003.847] I> added [base:0x275e00000, size:0x200000] to /memory
[2022-03-14 10:47:56] [0003.853] I> added [base:0x276600000, size:0x200000] to /memory
[2022-03-14 10:47:56] [0003.859] I> added [base:0x277000000, size:0x200000] to /memory
[2022-03-14 10:47:56] [0003.864] I> Updated memory info to DTB
[2022-03-14 10:47:56] [0003.869] E> add_disp_param: failed to get display params for du=0
[2022-03-14 10:47:56] [0003.877] W> "reset" doesn't exist, creating
[2022-03-14 10:47:56] [0003.881] W> "pmc-reset-reason" doesn't exist, creating
[2022-03-14 10:47:56] [0003.887] W> "pmic-reset-reason" doesn't exist, creating
[2022-03-14 10:47:56] [0003.893] I> Adding ecid(00000001646db7851000000013038200) to DT
[2022-03-14 10:47:56] [0003.899] I> disabled_core_mask: 0xffffff0c
[2022-03-14 10:47:56] [0003.912] I> Add serial number:1422420022173 as DT property
[2022-03-14 10:47:56] [0003.921] I> Plugin-manager override starting
[2022-03-14 10:47:56] [0003.926] I> node /plugin-manager/fragement@0 matches
[2022-03-14 10:47:56] [0003.936] I> node /plugin-manager/fragement@4 matches
[2022-03-14 10:47:56] [0003.949] I> node /plugin-manager/fragment-sdwake-p3310-1000-300 matches
[2022-03-14 10:47:56] [0003.969] I> node /plugin-manager/fragement-pmon-p3310-1000-300 matches
[2022-03-14 10:47:56] [0003.979] I> node /plugin-manager/fragement-pmon-p3310-1000-800 matches
[2022-03-14 10:47:56] [0003.988] I> node /plugin-manager/fragment-devslp@0 matches
[2022-03-14 10:47:56] [0004.000] I> node /plugin-manager/fragment-500-pcie-config matches
[2022-03-14 10:47:56] [0004.015] I> node /plugin-manager/fragment-500-xusb-config matches
[2022-03-14 10:47:57] [0004.038] I> node /plugin-manager/fragment-p3310-c00-comm matches
[2022-03-14 10:47:57] [0004.052] I> node /plugin-manager/fragment-p3310-c00-pmic matches
[2022-03-14 10:47:57] [0004.062] I> node /plugin-manager/fragment-p3310-c01 matches
[2022-03-14 10:47:57] [0004.075] I> node /plugin-manager/fragment-p3310-c03 matches
[2022-03-14 10:47:57] [0004.118] I> node /plugin-manager/fragment-e3326@0 matches
[2022-03-14 10:47:57] [0004.200] I> node /plugin-manager/fragment-p3310-c00-camera matches
[2022-03-14 10:47:57] [0004.227] I> Disable plugin-manager status in FDT
[2022-03-14 10:47:57] [0004.232] I> Plugin-manager override finished successfully
[2022-03-14 10:47:57] [0004.237] I> tegrabl_load_kernel_and_dtb: Done
[2022-03-14 10:47:57] [0004.241] E> tegrabl_display_clear: display is not initialized
[2022-03-14 10:47:57] [0004.247] W> Boot logo display failed...
[2022-03-14 10:47:57] [0004.251] I> Kernel EP: 0x80600000, DTB: 0x80000000
[2022-03-14 10:47:57] 
[2022-03-14 10:47:57] 
[2022-03-14 10:47:57] U-Boot 2020.04-g46e4604c78 (Jul 26 2021 - 12:10:58 -0700)
[2022-03-14 10:47:57] 
[2022-03-14 10:47:57] SoC: tegra186
[2022-03-14 10:47:57] Model: NVIDIA P2771-0000-500
[2022-03-14 10:47:57] Board: NVIDIA P2771-0000
[2022-03-14 10:47:57] DRAM:  7.8 GiB
[2022-03-14 10:47:57] MMC:   sdhci@3400000: 1, sdhci@3460000: 0
[2022-03-14 10:47:57] Loading Environment from MMC... *** Warning - bad CRC, using default environment
[2022-03-14 10:47:57] 
[2022-03-14 10:47:57] In:    serial
[2022-03-14 10:47:57] Out:   serial
[2022-03-14 10:47:57] Err:   serial
[2022-03-14 10:47:57] Net:   
[2022-03-14 10:47:57] Warning: ethernet@2490000 using MAC address from ROM
[2022-03-14 10:47:57] eth0: ethernet@2490000
[2022-03-14 10:47:57] Hit any key to stop autoboot:  2  1  0 
[2022-03-14 10:47:59] MMC: no card present
[2022-03-14 10:47:59] switch to partitions #0, OK
[2022-03-14 10:47:59] mmc0(part 0) is current device
[2022-03-14 10:47:59] Scanning mmc 0:1...
[2022-03-14 10:47:59] Found /boot/extlinux/extlinux.conf
[2022-03-14 10:47:59] Retrieving file: /boot/extlinux/extlinux.conf
[2022-03-14 10:47:59] 858 bytes read in 21 ms (39.1 KiB/s)
[2022-03-14 10:47:59] 1:	primary kernel
[2022-03-14 10:47:59] Retrieving file: /boot/initrd
[2022-03-14 10:48:00] 7238344 bytes read in 201 ms (34.3 MiB/s)
[2022-03-14 10:48:00] Retrieving file: /boot/Image
[2022-03-14 10:48:01] 34484232 bytes read in 829 ms (39.7 MiB/s)
[2022-03-14 10:48:01] append: console=ttyS0,115200 androidboot.presilicon=true firmware_class.path=/etc/firmware root=/dev/mmcblk0p1 rw rootwait rootfstype=ext4 console=ttyS0,115200n8 console=tty0 fbcon=map:0 net.ifnames=0 isolcpus=1-2  video=tegrafb earlycon=uart8250,mmio32,0x3100000 nvdumper_reserved=0x2772e0000 gpt rootfs.slot_suffix= usbcore.old_scheme_first=1 tegraid=18.1.2.0.0 maxcpus=6 no_console_suspend boot.slot_suffix= boot.ratchetvalues=0.2031647.1 vpr_resize bl_prof_dataptr=0x10000@0x275840000 sdhci_tegra.en_boot_part_access=1 quiet root=/dev/mmcblk0p1 rw rootwait rootfstype=ext4 console=ttyS0,115200n8 console=tty0 fbcon=map:0 net.ifnames=0 isolcpus=1-2 
[2022-03-14 10:48:01] ## Flattened Device Tree blob at 80000000
[2022-03-14 10:48:01]    Booting using the fdt blob at 0x80000000
[2022-03-14 10:48:01] ERROR: reserving fdt memory region failed (addr=0 size=0)
[2022-03-14 10:48:01] ERROR: reserving fdt memory region failed (addr=0 size=0)
[2022-03-14 10:48:01] ERROR: reserving fdt memory region failed (addr=0 size=0)
[2022-03-14 10:48:01]    Using Device Tree in place at 0000000080000000, end 0000000080060aa3
[2022-03-14 10:48:01] copying carveout for /host1x@13e00000/display-hub@15200000/display@15200000...
[2022-03-14 10:48:01] copying carveout for /host1x@13e00000/display-hub@15200000/display@15210000...
[2022-03-14 10:48:01] copying carveout for /host1x@13e00000/display-hub@15200000/display@15220000...
[2022-03-14 10:48:01] 
[2022-03-14 10:48:01] Starting kernel ...
[2022-03-14 10:48:01] 
[2022-03-14 10:48:01] [    0.000000] Booting Linux on physical CPU 0x100
[2022-03-14 10:48:01] [    0.000000] Linux version 4.9.253-tegra (buildbrain@mobile-u64-5497-d3000) (gcc version 7.3.1 20180425 [linaro-7.3-2018.05 revision d29120a424ecfbc167ef90065c0eeb7f91977701] (Linaro GCC 7.3-2018.05) ) #1 SMP PREEMPT Mon Jul 26 12:19:28 PDT 2021
[2022-03-14 10:48:01] [    0.000000] Boot CPU: AArch64 Processor [411fd073]
[2022-03-14 10:48:01] [    0.000000] OF: fdt:memory scan node memory@80000000, reg size 80,
[2022-03-14 10:48:01] [    0.000000] OF: fdt: - 80000000 ,  70000000
[2022-03-14 10:48:01] [    0.000000] OF: fdt: - f0200000 ,  185600000
[2022-03-14 10:48:01] [    0.000000] OF: fdt: - 275e00000 ,  200000
[2022-03-14 10:48:01] [    0.000000] OF: fdt: - 276600000 ,  200000
[2022-03-14 10:48:01] [    0.000000] OF: fdt: - 277000000 ,  200000
[2022-03-14 10:48:01] [    0.000000] earlycon: uart8250 at MMIO32 0x0000000003100000 (options '')
[2022-03-14 10:48:01] [    0.000000] bootconsole [uart8250] enabled
[2022-03-14 10:48:03] [    1.849324] cgroup: cgroup2: unknown option "nsdelegate"
[2022-03-14 10:48:04] [    3.009400] using random self ethernet address
[2022-03-14 10:48:04] [    3.016373] using random host ethernet address
[2022-03-14 10:48:04] [    3.185082] FAT-fs (loop0): Volume was not properly unmounted. Some data may be corrupt. Please run fsck.
[2022-03-14 10:48:04] [    3.349044] random: crng init done
[2022-03-14 10:48:04] [    3.352451] random: 7 urandom warning(s) missed due to ratelimiting
[2022-03-14 10:48:05] [    3.679487] using random self ethernet address
[2022-03-14 10:48:05] [    3.694417] using random host ethernet address
[2022-03-14 10:48:05] [    3.842667] CPU1: shutdown
[2022-03-14 10:48:05] [    3.892747] CPU2: shutdown
[2022-03-14 10:48:06] [    4.929067] Bridge firewalling registered
[2022-03-14 10:48:09] 
[2022-03-14 10:48:09] Ubuntu 18.04.5 LTS JTX2-A ttyS0
[2022-03-14 10:48:09] 
[2022-03-14 10:48:09] JTX2-A login: [   67.899332] arm-smmu 12000000.iommu: Unexpected context fault (fsr 0x80000404)
[2022-03-14 10:49:09] [   67.906606] arm-smmu 12000000.iommu: Unhandled context fault: iova=0xfd1118000, fsynr=0x40003, cb=19, sid=16(0x10 - GPU), pgd=26279a003, pud=26279a003, pmd=1fec8a003, pte=600002093b8f43
[2022-03-14 10:49:09] [   67.923268] mc-err: (255) csr_gpusrd: EMEM address decode error
[2022-03-14 10:49:09] [   67.929267] mc-err:   status = 0x20327058; addr = 0x3ffffffc0
[2022-03-14 10:49:09] [   67.935097] mc-err:   secure: yes, access-type: read
[2022-03-14 10:49:09] [   67.940148] mc-err: unknown mcerr fault, int_status=0x00000000, ch_int_status=0x00000200, hubc_int_status=0x00000000
[2022-03-14 10:49:09] [   67.950746] mc-err: unknown mcerr fault, int_status=0x00000000, ch_int_status=0x00000200, hubc_int_status=0x00000000
[2022-03-14 10:49:09] [   67.961331] mc-err: unknown mcerr fault, int_status=0x00000000, ch_int_status=0x00000200, hubc_int_status=0x00000000
[2022-03-14 10:49:09] [   67.971926] mc-err: Too many MC errors; throttling prints
[2022-03-14 10:49:35] [   94.036897] CPU0: SError detected, daif=1c0, spsr=0x800000c5, mpidr=80000100, esr=bf40c000
[2022-03-14 10:49:35] [   94.036912] CPU3: SError detected, daif=1c0, spsr=0x800000c5, mpidr=80000101, esr=bf40c000
[2022-03-14 10:49:35] [   94.036927] CPU5: SError detected, daif=1c0, spsr=0x800000c5, mpidr=80000103, esr=bf40c000
[2022-03-14 10:49:35] [   94.036942] CPU4: SError detected, daif=1c0, spsr=0x80000000, mpidr=80000102, esr=bf40c000
[2022-03-14 10:49:35] [   94.036947] **************************************
[2022-03-14 10:49:35] [   94.036964] A57 CPU Memory Error on CPU 3 (A57 Core 1)
[2022-03-14 10:49:35] [   94.036970] 	ESR:               0xbf40c000
[2022-03-14 10:49:35] [   94.036979] 	L2MERRSR: 0x10091316e60
[2022-03-14 10:49:35] [   94.036987] 	L2 Data RAM: 0x11
[2022-03-14 10:49:35] [   94.036993] 	CPU ID of Error:    6
[2022-03-14 10:49:35] [   94.036998] 	WAY of Error:       0
[2022-03-14 10:49:35] [   94.037004] 	Index of Error:     93792
[2022-03-14 10:49:35] [   94.037009] 	Repeat Error Count: 0
[2022-03-14 10:49:35] [   94.037013] 	Other Error Count:  1
[2022-03-14 10:49:35] [   94.037017] **************************************
[2022-03-14 10:49:35] [   94.038919] ROC:CCE Machine Check Error:
[2022-03-14 10:49:35] [   94.038932] 	Address Type = Non-Secure DRAM
[2022-03-14 10:49:35] [   94.038981] 	Address = 0x25e265808 -- System RAM + 0x16e065808
[2022-03-14 10:49:35] [   94.039200] Bad mode in Error handler detected on CPU3, code 0xbf40c000 -- SError
[2022-03-14 10:49:35] [   94.039207] Kernel panic - not syncing: bad mode
[2022-03-14 10:49:35] [   94.039220] CPU: 3 PID: 0 Comm: swapper/3 Not tainted 4.9.253-tegra #1
[2022-03-14 10:49:35] [   94.039226] Hardware name: quill (DT)
[2022-03-14 10:49:35] [   94.039232] Call trace:
[2022-03-14 10:49:35] [   94.039256] [<ffffff800808ba40>] dump_backtrace+0x0/0x198
[2022-03-14 10:49:35] [   94.039271] [<ffffff800808c004>] show_stack+0x24/0x30
[2022-03-14 10:49:35] [   94.039288] [<ffffff8008f6121c>] dump_stack+0xa0/0xc4
[2022-03-14 10:49:35] [   94.039302] [<ffffff8008f5e2c0>] panic+0x12c/0x2a8
[2022-03-14 10:49:35] [   94.039314] [<ffffff800808c894>] bad_mode+0x7c/0x80
[2022-03-14 10:49:35] [   94.039327] [<ffffff800808ca5c>] handle_serr+0x124/0x128
[2022-03-14 10:49:35] [   94.039336] [<ffffff8008082d98>] el1_serr+0xb0/0x144
[2022-03-14 10:49:35] [   94.039353] [<ffffff8008ba09ac>] cpuidle_enter_state+0x84/0x380
[2022-03-14 10:49:35] [   94.039365] [<ffffff8008ba0d1c>] cpuidle_enter+0x34/0x48
[2022-03-14 10:49:35] [   94.039376] [<ffffff800811139c>] call_cpuidle+0x44/0x70
[2022-03-14 10:49:35] [   94.039385] [<ffffff8008111718>] cpu_startup_entry+0x1b0/0x200
[2022-03-14 10:49:35] [   94.039398] [<ffffff8008091cf8>] secondary_start_kernel+0x190/0x1f8
[2022-03-14 10:49:35] [   94.039406] [<000000008116e1a8>] 0x8116e1a8
[2022-03-14 10:49:35] [   94.039420] SMP: stopping secondary CPUs
[2022-03-14 10:49:35] [   94.223620] Kernel Offset: disabled
[2022-03-14 10:49:35] [   94.227126] Memory Limit: none
[2022-03-14 10:49:35] [   94.230191] trusty-log panic notifier - trusty version Built: 12:20:14 Jul 26 2021 [   94.266544] Rebooting in 5 seconds..
[2022-03-14 10:49:41] [0000.163] I> Welcome to MB2(TBoot-BPMP)(version: 01.00.160913-t186-M-00.00-mobile-c368a720)
[2022-03-14 10:49:41] [0000.171] I> Boot-device: eMMC
[2022-03-14 10:49:41] [0000.179] I> sdmmc bdev is already initialized
[2022-03-14 10:49:41] [0000.183] I> pmic: reset reason (nverc)	: 0x0
[2022-03-14 10:49:41] [0000.216] I> Found 19 partitions in SDMMC_BOOT (instance 3)
[2022-03-14 10:49:41] [0000.236] I> Found 33 partitions in SDMMC_USER (instance 3)
[2022-03-14 10:49:41] [0000.242] W> No valid slot number is found in scratch register
[2022-03-14 10:49:41] [0000.248] W> Return default slot: _a
[2022-03-14 10:49:41] [0000.251] I> A/B: bin_type (16) slot 0
[2022-03-14 10:49:41] [0000.255] I> Loading partition bpmp-fw at 0xd7800000
[2022-03-14 10:49:41] [0000.260] I> Reading two headers - addr:0xd7800000 blocks:1
[2022-03-14 10:49:41] [0000.265] I> Addr: 0xd7800000, start-block: 58777608, num_blocks: 1
[2022-03-14 10:49:41] [0000.290] I> Binary(16) of size 534416 is loaded @ 0xd7800000
[2022-03-14 10:49:41] [0000.296] W> No valid slot number is found in scratch register
[2022-03-14 10:49:41] [0000.301] W> Return default slot: _a
[2022-03-14 10:49:41] [0000.305] I> A/B: bin_type (17) slot 0
[2022-03-14 10:49:41] [0000.308] I> Loading partition bpmp-fw-dtb at 0xd79f0000
[2022-03-14 10:49:41] [0000.314] I> Reading two headers - addr:0xd79f0000 blocks:1
[2022-03-14 10:49:41] [0000.319] I> Addr: 0xd79f0000, start-block: 58780024, num_blocks: 1
[2022-03-14 10:49:41] [0000.345] I> Binary(17) of size 604720 is loaded @ 0xd796c400
[2022-03-14 10:49:41] [0000.573] I> Loading SCE-FW ...
[2022-03-14 10:49:41] [0000.576] W> No valid slot number is found in scratch register
[2022-03-14 10:49:41] [0000.582] W> Return default slot: _a
[2022-03-14 10:49:41] [0000.585] I> A/B: bin_type (12) slot 0
[2022-03-14 10:49:41] [0000.589] I> Loading partition sce-fw at 0xd7300000
[2022-03-14 10:49:41] [0000.594] I> Reading two headers - addr:0xd7300000 blocks:1
[2022-03-14 10:49:41] [0000.599] I> Addr: 0xd7300000, start-block: 58784120, num_blocks: 1
[2022-03-14 10:49:41] [0000.618] I> Binary(12) of size 125632 is loaded @ 0xd7300000
[2022-03-14 10:49:41] [0000.624] I> Init SCE
[2022-03-14 10:49:41] [0000.626] I> Loading APE-FW ...
[2022-03-14 10:49:41] [0000.629] W> No valid slot number is found in scratch register
[2022-03-14 10:49:41] [0000.635] W> Return default slot: _a
[2022-03-14 10:49:41] [0000.638] I> A/B: bin_type (11) slot 0
[2022-03-14 10:49:41] [0000.642] I> Loading partition adsp-fw at 0xd7400000
[2022-03-14 10:49:41] [0000.647] I> Reading two headers - addr:0xd7400000 blocks:1
[2022-03-14 10:49:41] [0000.652] I> Addr: 0xd7400000, start-block: 58761224, num_blocks: 1
[2022-03-14 10:49:41] [0000.671] I> Binary(11) of size 77216 is loaded @ 0xd7400000
[2022-03-14 10:49:41] [0000.677] I> Copy BTCM section
[2022-03-14 10:49:41] [0000.680] W> No valid slot number is found in scratch register
[2022-03-14 10:49:41] [0000.686] W> Return default slot: _a
[2022-03-14 10:49:41] [0000.689] I> A/B: bin_type (13) slot 0
[2022-03-14 10:49:41] [0000.693] I> Loading partition cpu-bootloader at 0x96000000
[2022-03-14 10:49:41] [0000.698] I> Reading two headers - addr:0x96000000 blocks:1
[2022-03-14 10:49:41] [0000.704] I> Addr: 0x96000000, start-block: 58740744, num_blocks: 1
[2022-03-14 10:49:41] [0000.725] I> Binary(13) of size 308800 is loaded @ 0x96000000
[2022-03-14 10:49:41] [0000.730] W> No valid slot number is found in scratch register
[2022-03-14 10:49:41] [0000.736] W> Return default slot: _a
[2022-03-14 10:49:41] [0000.739] I> A/B: bin_type (20) slot 0
[2022-03-14 10:49:41] [0000.743] I> Loading partition bootloader-dtb at 0x85205400
[2022-03-14 10:49:41] [0000.749] I> Reading two headers - addr:0x85205400 blocks:1
[2022-03-14 10:49:41] [0000.754] I> Addr: 0x85205400, start-block: 58742792, num_blocks: 1
[2022-03-14 10:49:41] [0000.776] I> Binary(20) of size 375568 is loaded @ 0x85205400
[2022-03-14 10:49:41] [0000.782] W> No valid slot number is found in scratch register
[2022-03-14 10:49:41] [0000.787] W> Return default slot: _a
[2022-03-14 10:49:41] [0000.791] I> A/B: bin_type (14) slot 0
[2022-03-14 10:49:41] [0000.794] I> Loading partition secure-os at 0x85305600
[2022-03-14 10:49:41] [0000.799] I> Reading two headers - addr:0x85305600 blocks:1
[2022-03-14 10:49:41] [0000.805] I> Addr: 0x85305600, start-block: 58744840, num_blocks: 1
[2022-03-14 10:49:41] [0000.827] I> Binary(14) of size 402864 is loaded @ 0x85305600
[2022-03-14 10:49:41] [0000.835] I> TOS boot-params @ 0x85000000
[2022-03-14 10:49:41] [0000.839] I> TOS params prepared
[2022-03-14 10:49:41] [0000.842] I> Loading EKS ...
[2022-03-14 10:49:41] [0000.844] I> A/B: bin_type (15) slot 0
[2022-03-14 10:49:41] [0000.848] I> Loading partition eks at 0x85905800
[2022-03-14 10:49:41] [0000.853] I> Reading two headers - addr:0x85905800 blocks:1
[2022-03-14 10:49:41] [0000.858] I> Addr: 0x85905800, start-block: 58757128, num_blocks: 1
[2022-03-14 10:49:41] [0000.877] I> Binary(15) of size 1040 is loaded @ 0x85905800
[2022-03-14 10:49:41] [0000.882] I> EKB detected (length: 0x400) @ 0x85905800
[2022-03-14 10:49:41] [0000.887] I> Copied encrypted keys
[2022-03-14 10:49:41] [0000.891] I> boot profiler @ 0x275844000
[2022-03-14 10:49:41] [0000.895] I> boot profiler for TOS @ 0x275844000
[2022-03-14 10:49:41] [0000.900] I> Unhalting SCE
[2022-03-14 10:49:41] [0000.902] I> Primary Memory Start:80000000 Size:70000000
[2022-03-14 10:49:41] [0000.908] I> Extended Memory Start:f0110000 Size:1856f0000
[2022-03-14 10:49:41] [0000.914] I> MB2(TBoot-BPMP) done
[2022-03-14 10:49:41] 
[2022-03-14 10:49:41] NOTICE:  BL31: v1.3(release):b5eeb33f7
[2022-03-14 10:49:41] NOTICE:  BL31: Built : 12:15:17, Jul 26 2021
[2022-03-14 10:49:41] ipc-unittest-main: 1519: Welcome to IPC unittest!!!
[2022-03-14 10:49:41] ipc-unittest-main: 1531: waiting forever
[2022-03-14 10:49:41] ipc-unittest-srv: 329: Init unittest services!!!
[2022-03-14 10:49:41] hwkey-agent: 41: hwkey-agent is running!!
[2022-03-14 10:49:41] hwkey-agent: 315: key_mgnt_processing .......
[2022-03-14 10:49:41] hwkey-agent: 223: Setting EKB key 0 to slot 14
[2022-03-14 10:49:41] hwkey-agent: 178: Init hweky-agent services!!
[2022-03-14 10:49:41] luks-srv: 40: luks-srv is running!!
[2022-03-14 10:49:41] luks-srv: 157: Init luks-srv IPC services!!
[2022-03-14 10:49:41] platform_bootstrap_epilog: trusty bootstrap complete
[2022-03-14 10:49:42] [0001.287] I> Welcome to Cboot
[2022-03-14 10:49:42] [0001.289] I> Cboot Version: t186-00029e71
[2022-03-14 10:49:42] [0001.293] I> CPU-BL Params @ 0x275800000
[2022-03-14 10:49:42] [0001.297] I>  0) Base:0x00000000 Size:0x00000000
[2022-03-14 10:49:42] [0001.301] I>  1) Base:0x277f00000 Size:0x00100000
[2022-03-14 10:49:42] [0001.306] I>  2) Base:0x277e00000 Size:0x00100000
[2022-03-14 10:49:42] [0001.310] I>  3) Base:0x277d00000 Size:0x00100000
[2022-03-14 10:49:42] [0001.315] I>  4) Base:0x277c00000 Size:0x00100000
[2022-03-14 10:49:42] [0001.320] I>  5) Base:0x277b00000 Size:0x00100000
[2022-03-14 10:49:42] [0001.324] I>  6) Base:0x277800000 Size:0x00200000
[2022-03-14 10:49:42] [0001.329] I>  7) Base:0x277400000 Size:0x00400000
[2022-03-14 10:49:42] [0001.333] I>  8) Base:0x277a00000 Size:0x00100000
[2022-03-14 10:49:42] [0001.338] I>  9) Base:0x277300000 Size:0x00100000
[2022-03-14 10:49:42] [0001.342] I> 10) Base:0x276800000 Size:0x00800000
[2022-03-14 10:49:42] [0001.347] I> 11) Base:0x30000000 Size:0x00040000
[2022-03-14 10:49:42] [0001.351] I> 12) Base:0xf0000000 Size:0x00100000
[2022-03-14 10:49:42] [0001.356] I> 13) Base:0x30040000 Size:0x00001000
[2022-03-14 10:49:42] [0001.360] I> 14) Base:0x30048000 Size:0x00001000
[2022-03-14 10:49:42] [0001.364] I> 15) Base:0x30049000 Size:0x00001000
[2022-03-14 10:49:42] [0001.369] I> 16) Base:0x3004a000 Size:0x00001000
[2022-03-14 10:49:42] [0001.373] I> 17) Base:0x3004b000 Size:0x00001000
[2022-03-14 10:49:42] [0001.378] I> 18) Base:0x3004c000 Size:0x00001000
[2022-03-14 10:49:42] [0001.382] I> 19) Base:0x3004d000 Size:0x00001000
[2022-03-14 10:49:42] [0001.387] I> 20) Base:0x3004e000 Size:0x00001000
[2022-03-14 10:49:42] [0001.391] I> 21) Base:0x3004f000 Size:0x00001000
[2022-03-14 10:49:42] [0001.395] I> 22) Base:0x00000000 Size:0x00000000
[2022-03-14 10:49:42] [0001.400] I> 23) Base:0xf0100000 Size:0x00010000
[2022-03-14 10:49:42] [0001.404] I> 24) Base:0x00000000 Size:0x00000000
[2022-03-14 10:49:42] [0001.409] I> 25) Base:0x00000000 Size:0x00000000
[2022-03-14 10:49:42] [0001.413] I> 26) Base:0x00000000 Size:0x00000000
[2022-03-14 10:49:42] [0001.418] I> 27) Base:0x00000000 Size:0x00000000
[2022-03-14 10:49:42] [0001.422] I> 28) Base:0x84400000 Size:0x00400000
[2022-03-14 10:49:42] [0001.426] I> 29) Base:0x30000000 Size:0x00010000
[2022-03-14 10:49:42] [0001.431] I> 30) Base:0x278000000 Size:0x08000000
[2022-03-14 10:49:42] [0001.435] I> 31) Base:0x00000000 Size:0x00000000
[2022-03-14 10:49:42] [0001.440] I> 32) Base:0x276000000 Size:0x00600000
[2022-03-14 10:49:42] [0001.444] I> 33) Base:0x80000000 Size:0x70000000
[2022-03-14 10:49:42] [0001.449] I> 34) Base:0xf0110000 Size:0x1856f0000
[2022-03-14 10:49:42] [0001.453] I> 35) Base:0x00000000 Size:0x00000000
[2022-03-14 10:49:42] [0001.458] I> 36) Base:0x00000000 Size:0x00000000
[2022-03-14 10:49:42] [0001.462] I> 37) Base:0x2772e0000 Size:0x00020000
[2022-03-14 10:49:42] [0001.467] I> 38) Base:0x84000000 Size:0x00400000
[2022-03-14 10:49:42] [0001.471] I> 39) Base:0x96000000 Size:0x02000000
[2022-03-14 10:49:42] [0001.475] I> 40) Base:0x85000000 Size:0x01200000
[2022-03-14 10:49:42] [0001.480] I> 41) Base:0x275800000 Size:0x00500000
[2022-03-14 10:49:42] [0001.484] I> 42) Base:0x00000000 Size:0x00000000
[2022-03-14 10:49:42] [0001.489] I> 43) Base:0x00000000 Size:0x00000000
[2022-03-14 10:49:42] [0001.493] GIC-SPI Target CPU: 4
[2022-03-14 10:49:42] [0001.497] Interrupts Init done
[2022-03-14 10:49:42] [0001.500] calling constructors
[2022-03-14 10:49:42] [0001.503] initializing heap
[2022-03-14 10:49:42] [0001.506] initializing threads
[2022-03-14 10:49:42] [0001.509] initializing timers
[2022-03-14 10:49:42] [0001.512] creating bootstrap completion thread
[2022-03-14 10:49:42] [0001.517] top of bootstrap2()
[2022-03-14 10:49:42] [0001.520] CPU: ARM Cortex A57
[2022-03-14 10:49:42] [0001.523] CPU: MIDR: 0x411FD073, MPIDR: 0x80000100
[2022-03-14 10:49:42] [0001.528] initializing platform
[2022-03-14 10:49:42] [0001.531] I> Bl_dtb @0x85205400
[2022-03-14 10:49:42] [0001.534] I> gpio framework initialized
[2022-03-14 10:49:42] [0001.541] I> tegrabl_gpio_driver_register: register 'nvidia,tegra186-gpio' driver
[2022-03-14 10:49:42] [0001.551] I> tegrabl_gpio_driver_register: register 'nvidia,tegra186-gpio-aon' driver
[2022-03-14 10:49:42] [0001.559] I> GPIO framework and drivers are initialized.
[2022-03-14 10:49:42] [0001.564] I> Boot-device: eMMC
[2022-03-14 10:49:42] [0001.571] I> sdmmc bdev is already initialized
[2022-03-14 10:49:42] [0001.602] I> Found 19 partitions in SDMMC_BOOT (instance 3)
[2022-03-14 10:49:42] [0001.619] I> Found 33 partitions in SDMMC_USER (instance 3)
[2022-03-14 10:49:42] [0001.625] W> opt-in fuse is not set, skip fuse_burning
[2022-03-14 10:49:42] [0001.630] I> Reserved memory at 0xfbe00000 for U-Boot relocation
[2022-03-14 10:49:42] [0001.635] W> No valid slot number is found in scratch register
[2022-03-14 10:49:42] [0001.641] W> Return default slot: _a
[2022-03-14 10:49:42] [0001.650] I> A/B: bin_type (21) slot 0
[2022-03-14 10:49:42] [0001.654] I> Loading kernel-dtb from partition
[2022-03-14 10:49:42] [0001.658] I> Loading partition kernel-dtb at 0x80000000 from device(0x1)
[2022-03-14 10:49:42] [0001.675] I> Kernel_dtb @0x80000000
[2022-03-14 10:49:42] [0001.679] I> tegrabl_tca9539_init: i2c bus: 0, slave addr: 0xee
[2022-03-14 10:49:42] [0001.689] I> tegrabl_gpio_driver_register: register 'tca9539_gpio_driver' driver
[2022-03-14 10:49:42] [0001.696] I> tegrabl_tca9539_init: i2c bus: 0, slave addr: 0xe8
[2022-03-14 10:49:42] [0001.705] I> tegrabl_gpio_driver_register: register 'tca9539_gpio_driver' driver
[2022-03-14 10:49:42] [0001.715] I> fixed regulator driver initialized
[2022-03-14 10:49:42] [0001.749] I> register 'maxim' power off handle
[2022-03-14 10:49:42] [0001.755] I> virtual i2c enabled
[2022-03-14 10:49:42] [0001.758] I> registered 'maxim,max77620' pmic
[2022-03-14 10:49:42] [0001.762] I> tegrabl_gpio_driver_register: register 'max77620-gpio' driver
[2022-03-14 10:49:42] [0001.776] E> failed to read label property for node 324936: 13
[2022-03-14 10:49:42] [0001.785] E> failed to read reg property for node 325032: 13
[2022-03-14 10:49:42] [0001.793] E> failed to read reg property for node 325084: 13
[2022-03-14 10:49:42] [0001.801] E> failed to read label property for node 325168: 13
[2022-03-14 10:49:42] [0001.810] E> failed to read label property for node 325236: 13
[2022-03-14 10:49:42] [0001.818] E> failed to read reg property for node 325304: 13
[2022-03-14 10:49:42] [0001.826] E> failed to read reg property for node 325376: 13
[2022-03-14 10:49:42] [0001.837] I> Find /i2c@c250000's alias i2c7
[2022-03-14 10:49:42] [0001.841] I> Reading eeprom i2c=7 address=0x50
[2022-03-14 10:49:42] [0001.870] I> Device at /i2c@c250000:0x50
[2022-03-14 10:49:42] [0001.874] I> Reading eeprom i2c=7 address=0x57
[2022-03-14 10:49:42] [0001.902] I> Device at /i2c@c250000:0x57
[2022-03-14 10:49:42] [0001.907] I> Find /i2c@c240000's alias i2c1
[2022-03-14 10:49:42] [0001.911] I> Reading eeprom i2c=1 address=0x51
[2022-03-14 10:49:42] [0001.916] E> I2C: slave not found in slaves.
[2022-03-14 10:49:42] [0001.920] E> I2C: Could not write 0 bytes to slave: 0x00a2 with repeat start true.
[2022-03-14 10:49:42] [0001.928] E> I2C_DEV: Failed to send register address 0x00000000.
[2022-03-14 10:49:42] [0001.934] E> I2C_DEV: Could not read 256 registers of size 1 from slave 0xa2 at 0x00000000 via instance 1.
[2022-03-14 10:49:42] [0001.943] E> eeprom: Retry to read I2C slave device.
[2022-03-14 10:49:42] [0001.948] E> I2C: slave not found in slaves.
[2022-03-14 10:49:42] [0001.952] E> I2C: Could not write 0 bytes to slave: 0x00a2 with repeat start true.
[2022-03-14 10:49:42] [0001.960] E> I2C_DEV: Failed to send register address 0x00000000.
[2022-03-14 10:49:42] [0001.966] E> I2C_DEV: Could not read 256 registers of size 1 from slave 0xa2 at 0x00000000 via instance 1.
[2022-03-14 10:49:42] [0001.975] E> eeprom: Failed to read I2C slave device
[2022-03-14 10:49:42] [0001.980] I> Eeprom read failed 0x3526070d
[2022-03-14 10:49:42] [0001.985] I> Find /i2c@3160000's alias i2c0
[2022-03-14 10:49:42] [0001.989] I> Reading eeprom i2c=0 address=0x50
[2022-03-14 10:49:42] [0001.993] E> I2C: slave not found in slaves.
[2022-03-14 10:49:42] [0001.997] E> I2C: Could not write 0 bytes to slave: 0x00a0 with repeat start true.
[2022-03-14 10:49:42] [0002.005] E> I2C_DEV: Failed to send register address 0x00000000.
[2022-03-14 10:49:42] [0002.011] E> I2C_DEV: Could not read 256 registers of size 1 from slave 0xa0 at 0x00000000 via instance 0.
[2022-03-14 10:49:42] [0002.020] E> eeprom: Failed to read I2C slave device
[2022-03-14 10:49:42] [0002.025] I> Eeprom read failed 0x3526070d
[2022-03-14 10:49:42] [0002.030] I> Find /i2c@3180000's alias i2c2
[2022-03-14 10:49:42] [0002.034] I> Reading eeprom i2c=2 address=0x54
[2022-03-14 10:49:42] [0002.038] I> Enabling gpio chip_id = 2, gpio pin = 9
[2022-03-14 10:49:42] [0002.069] I> Disabling gpio chip_id = 2, gpio pin = 9
[2022-03-14 10:49:42] [0002.074] I> Device at /i2c@3180000:0x54
[2022-03-14 10:49:42] [0002.077] I> Reading eeprom i2c=2 address=0x57
[2022-03-14 10:49:42] [0002.082] I> Enabling gpio chip_id = 2, gpio pin = 9
[2022-03-14 10:49:42] [0002.087] E> I2C: slave not found in slaves.
[2022-03-14 10:49:43] [0002.091] E> I2C: Could not write 0 bytes to slave: 0x00ae with repeat start true.
[2022-03-14 10:49:43] [0002.099] E> I2C_DEV: Failed to send register address 0x00000000.
[2022-03-14 10:49:43] [0002.105] E> I2C_DEV: Could not read 256 registers of size 1 from slave 0xae at 0x00000000 via instance 2.
[2022-03-14 10:49:43] [0002.115] E> eeprom: Failed to read I2C slave device
[2022-03-14 10:49:43] [0002.119] I> Disabling gpio chip_id = 2, gpio pin = 9
[2022-03-14 10:49:43] [0002.124] I> Eeprom read failed 0x00000000
[2022-03-14 10:49:43] [0002.128] I> create_pm_ids: id: 3310-1000-D00-L, len: 15
[2022-03-14 10:49:43] [0002.134] I> config: mem-type:00,power-config:00,misc-config:00,modem-config:00,touch-config:00,display-config:00,, len: 93
[2022-03-14 10:49:43] [0002.144] I> create_pm_ids: id: 2597-0000-900-E, len: 15
[2022-03-14 10:49:43] [0002.150] I> config: mem-type:00,power-config:00,misc-config:00,modem-config:00,touch-config:00,display-config:00,, len: 93
[2022-03-14 10:49:43] [0002.161] I> create_pm_ids: id: 3326-1000-000-M, len: 15
[2022-03-14 10:49:43] [0002.166] I> config: mem-type:ff,power-config:ff,misc-config:ff,modem-config:ff,touch-config:ff,display-config:ff,, len: 93
[2022-03-14 10:49:43] [0002.201] I> enabling 'vdd-hdmi' regulator
[2022-03-14 10:49:43] [0002.216] I> regulator 'vdd-hdmi' already enabled
[2022-03-14 10:49:43] [0002.221] E> tegrabl_display_init_regulator: hdmi cable is not connected
[2022-03-14 10:49:43] [0002.227] E> tegrabl_display_get_pdata, failed to parse dtb settings
[2022-03-14 10:49:43] [0002.236] E> cannot find any other nvdisp nodes
[2022-03-14 10:49:43] [0002.241] E> no valid display unit config found in dtb
[2022-03-14 10:49:43] [0002.246] W> display init failed
[2022-03-14 10:49:43] [0002.249] initializing target
[2022-03-14 10:49:43] [0002.253] calling apps_init()
[2022-03-14 10:49:43] [0002.256] starting app kernel_boot_app
[2022-03-14 10:49:43] [0002.278] I> found decompressor handler: lz4-legacy
[2022-03-14 10:49:43] [0002.282] I> decompressing BMP blob ...
[2022-03-14 10:49:43] [0002.295] I> Kernel type = Normal
[2022-03-14 10:49:43] [0002.298] I> ########## Fixed storage boot ##########
[2022-03-14 10:49:43] [0002.303] I> Loading kernel-bootctrl from partition
[2022-03-14 10:49:43] [0002.307] I> Loading partition kernel-bootctrl at 0xa8000000 from device(0x1)
[2022-03-14 10:49:43] [0002.321] W> tegrabl_get_kernel_bootctrl: magic number(0x00000000) is invalid
[2022-03-14 10:49:43] [0002.328] W> tegrabl_get_kernel_bootctrl: use default dummy boot control data
[2022-03-14 10:49:43] [0002.335] W> No valid slot number is found in scratch register
[2022-03-14 10:49:43] [0002.341] W> Return default slot: _a
[2022-03-14 10:49:43] [0002.344] I> A/B: bin_type (24) slot 0
[2022-03-14 10:49:43] [0002.360] I> Boot image size read from image header: 9913d
[2022-03-14 10:49:43] [0002.365] I> Boot image load address: 0x80400000
[2022-03-14 10:49:43] [0002.370] I> Loading kernel from partition
[2022-03-14 10:49:43] [0002.374] I> Loading partition kernel at 0x80400000 from device(0x1)
[2022-03-14 10:49:44] [0003.316] I> Validate kernel ...
[2022-03-14 10:49:44] [0003.319] I> T18x: Authenticate kernel (bin_type 24), max size 0x4000000
[2022-03-14 10:49:44] [0003.327] I> Decrypt the buffer ... [0003.330] W> tegrabl_decrypt_block: fuse (0x0) is not burnt to do encryption (0x4); skip decryption.
[2022-03-14 10:49:44] [0003.339] I> done
[2022-03-14 10:49:44] [0003.341] I> Checking boot.img header magic ... [0003.345] I> [OK]
[2022-03-14 10:49:44] [0003.347] I> kernel-dtb is already loaded
[2022-03-14 10:49:44] [0003.350] I> Validate kernel-dtb ...
[2022-03-14 10:49:44] [0003.354] I> T18x: Authenticate kernel-dtb (bin_type 21), max size 0x100000
[2022-03-14 10:49:44] [0003.361] I> Decrypt the buffer ... [0003.365] W> tegrabl_decrypt_block: fuse (0x0) is not burnt to do encryption (0x4); skip decryption.
[2022-03-14 10:49:44] [0003.374] I> done
[2022-03-14 10:49:44] [0003.375] I> Kernel hdr @0x80400000
[2022-03-14 10:49:44] [0003.379] I> Kernel dtb @0x80000000
[2022-03-14 10:49:44] [0003.382] I> decompressor handler not found
[2022-03-14 10:49:44] [0003.386] I> Copying kernel image (627005 bytes) from 0x80400800 to 0x80600000 ... [0003.394] I> Done
[2022-03-14 10:49:44] [0003.395] I> Move ramdisk (len: 0) from 0x8049a000 to 0x947d0000
[2022-03-14 10:49:44] [0003.403] I> Updated bpmp info to DTB
[2022-03-14 10:49:44] [0003.409] I> Ramdisk: Base: 0x947d0000; Size: 0x0
[2022-03-14 10:49:44] [0003.413] I> Updated initrd info to DTB
[2022-03-14 10:49:44] [0003.417] W> WARN: Fail to override "console=none" in commandline
[2022-03-14 10:49:44] [0003.423] I> Active rootfs suffix: 
[2022-03-14 10:49:44] [0003.426] E> tegrabl_linuxboot_add_disp_param, du 0 failed to get display params
[2022-03-14 10:49:44] [0003.434] E> tegrabl_linuxboot_add_disp_param, du 0 failed to get display params
[2022-03-14 10:49:44] [0003.441] E> tegrabl_linuxboot_add_disp_param, du 0 failed to get display params
[2022-03-14 10:49:44] [0003.448] I> disabled_core_mask: 0xffffff0c
[2022-03-14 10:49:44] [0003.452] W> No valid slot number is found in scratch register
[2022-03-14 10:49:44] [0003.458] W> Return default slot: _a
[2022-03-14 10:49:44] [0003.461] I> Active slot suffix: 
[2022-03-14 10:49:44] [0003.464] I> add_boot_slot_suffix: slot_suffix = 
[2022-03-14 10:49:44] [0003.469] I> Linux Cmdline: console=ttyS0,115200 androidboot.presilicon=true firmware_class.path=/etc/firmware root=/dev/mmcblk0p1 rw rootwait rootfstype=ext4 console=ttyS0,115200n8 console=tty0 fbcon=map:0 net.ifnames=0 isolcpus=1-2  video=tegrafb earlycon=uart8250,mmio32,0x3100000 nvdumper_reserved=0x2772e0000 gpt rootfs.slot_suffix= usbcore.old_scheme_first=1 tegraid=18.1.2.0.0 maxcpus=6 no_console_suspend boot.slot_suffix= boot.ratchetvalues=0.2031647.1 vpr_resize bl_prof_dataptr=0x10000@0x275840000 sdhci_tegra.en_boot_part_access=1 
[2022-03-14 10:49:44] [0003.516] I> Updated bootarg info to DTB
[2022-03-14 10:49:44] [0003.520] I> eeprom_get_mac_addr: MAC (type: 0): 48:b0:2d:0f:11:c5
[2022-03-14 10:49:44] [0003.526] I> eeprom_get_mac_addr: MAC (type: 1): 48:b0:2d:0f:11:c6
[2022-03-14 10:49:44] [0003.532] I> eeprom_get_mac_addr: MAC (type: 2): 48:b0:2d:0f:11:c7
[2022-03-14 10:49:44] [0003.539] E> Found no plugin manager ids in source DT
[2022-03-14 10:49:44] [0003.543] W> Add plugin manager ids from board info
[2022-03-14 10:49:44] [0003.548] W> "plugin-manager" doesn't exist, creating
[2022-03-14 10:49:44] [0003.553] W> "ids" doesn't exist, creating
[2022-03-14 10:49:44] [0003.557] W> "connection" doesn't exist, creating
[2022-03-14 10:49:44] [0003.562] W> "configs" doesn't exist, creating
[2022-03-14 10:49:44] [0003.566] I> create_pm_ids: id: 3310-1000-D00-L, len: 15
[2022-03-14 10:49:44] [0003.571] I> config: mem-type:00,power-config:00,misc-config:00,modem-config:00,touch-config:00,display-config:00,, len: 93
[2022-03-14 10:49:44] [0003.582] I> create_pm_ids: id: 2597-0000-900-E, len: 15
[2022-03-14 10:49:44] [0003.587] I> config: mem-type:00,power-config:00,misc-config:00,modem-config:00,touch-config:00,display-config:00,, len: 93
[2022-03-14 10:49:44] [0003.598] I> create_pm_ids: id: 3326-1000-000-M, len: 15
[2022-03-14 10:49:44] [0003.603] I> config: mem-type:ff,power-config:ff,misc-config:ff,modem-config:ff,touch-config:ff,display-config:ff,, len: 93
[2022-03-14 10:49:44] [0003.614] I> Adding plugin-manager/ids/3310-1000-D00=/i2c@c250000:module@0x50
[2022-03-14 10:49:44] [0003.621] W> "i2c@c250000" doesn't exist, creating
[2022-03-14 10:49:44] [0003.626] W> "module@0x50" doesn't exist, creating
[2022-03-14 10:49:44] [0003.631] I> Adding plugin-manager/ids/2597-0000-900=/i2c@c250000:module@0x57
[2022-03-14 10:49:44] [0003.638] W> "module@0x57" doesn't exist, creating
[2022-03-14 10:49:44] [0003.643] I> Adding plugin-manager/ids/3326-1000-000=/i2c@3180000:module@0x54
[2022-03-14 10:49:44] [0003.651] W> "i2c@3180000" doesn't exist, creating
[2022-03-14 10:49:44] [0003.655] W> "module@0x54" doesn't exist, creating
[2022-03-14 10:49:44] [0003.662] I> Adding plugin-manager/ids/3310-1000-D00-L
[2022-03-14 10:49:44] [0003.669] I> Adding plugin-manager/configs/3310-mem-type 00
[2022-03-14 10:49:44] [0003.675] I> Adding plugin-manager/configs/3310-power-config 00
[2022-03-14 10:49:44] [0003.681] I> Adding plugin-manager/configs/3310-misc-config 00
[2022-03-14 10:49:44] [0003.687] I> Adding plugin-manager/configs/3310-modem-config 00
[2022-03-14 10:49:44] [0003.693] I> Adding plugin-manager/configs/3310-touch-config 00
[2022-03-14 10:49:44] [0003.699] I> Adding plugin-manager/configs/3310-display-config 00
[2022-03-14 10:49:44] [0003.705] I> Adding plugin-manager/cvm
[2022-03-14 10:49:44] [0003.709] W> "chip-id" doesn't exist, creating
[2022-03-14 10:49:44] [0003.713] I> Adding plugin-manager/chip-id/A02P
[2022-03-14 10:49:44] [0003.717] W> "odm-data" doesn't exist, creating
[2022-03-14 10:49:44] [0003.722] I> Adding /chosen/plugin-manager/odm-data
[2022-03-14 10:49:44] [0003.732] I> added [base:0x80000000, size:0x70000000] to /memory
[2022-03-14 10:49:44] [0003.738] I> added [base:0xf0200000, size:0x185600000] to /memory
[2022-03-14 10:49:44] [0003.744] I> added [base:0x275e00000, size:0x200000] to /memory
[2022-03-14 10:49:44] [0003.749] I> added [base:0x276600000, size:0x200000] to /memory
[2022-03-14 10:49:44] [0003.755] I> added [base:0x277000000, size:0x200000] to /memory
[2022-03-14 10:49:44] [0003.761] I> Updated memory info to DTB
[2022-03-14 10:49:44] [0003.765] E> add_disp_param: failed to get display params for du=0
[2022-03-14 10:49:44] [0003.773] W> "reset" doesn't exist, creating
[2022-03-14 10:49:44] [0003.777] W> "pmc-reset-reason" doesn't exist, creating
[2022-03-14 10:49:44] [0003.783] W> "pmic-reset-reason" doesn't exist, creating
[2022-03-14 10:49:44] [0003.789] I> Adding ecid(00000001646db7851000000013038200) to DT
[2022-03-14 10:49:44] [0003.795] I> disabled_core_mask: 0xffffff0c
[2022-03-14 10:49:44] [0003.808] I> Add serial number:1422420022173 as DT property
[2022-03-14 10:49:44] [0003.817] I> Plugin-manager override starting
[2022-03-14 10:49:44] [0003.823] I> node /plugin-manager/fragement@0 matches
[2022-03-14 10:49:44] [0003.833] I> node /plugin-manager/fragement@4 matches
[2022-03-14 10:49:44] [0003.846] I> node /plugin-manager/fragment-sdwake-p3310-1000-300 matches
[2022-03-14 10:49:44] [0003.866] I> node /plugin-manager/fragement-pmon-p3310-1000-300 matches
[2022-03-14 10:49:44] [0003.875] I> node /plugin-manager/fragement-pmon-p3310-1000-800 matches
[2022-03-14 10:49:44] [0003.884] I> node /plugin-manager/fragment-devslp@0 matches
[2022-03-14 10:49:44] [0003.897] I> node /plugin-manager/fragment-500-pcie-config matches
[2022-03-14 10:49:44] [0003.912] I> node /plugin-manager/fragment-500-xusb-config matches
[2022-03-14 10:49:44] [0003.935] I> node /plugin-manager/fragment-p3310-c00-comm matches
[2022-03-14 10:49:44] [0003.948] I> node /plugin-manager/fragment-p3310-c00-pmic matches
[2022-03-14 10:49:44] [0003.959] I> node /plugin-manager/fragment-p3310-c01 matches
[2022-03-14 10:49:44] [0003.972] I> node /plugin-manager/fragment-p3310-c03 matches
[2022-03-14 10:49:44] [0004.015] I> node /plugin-manager/fragment-e3326@0 matches
[2022-03-14 10:49:45] [0004.097] I> node /plugin-manager/fragment-p3310-c00-camera matches
[2022-03-14 10:49:45] [0004.124] I> Disable plugin-manager status in FDT
[2022-03-14 10:49:45] [0004.129] I> Plugin-manager override finished successfully
[2022-03-14 10:49:45] [0004.134] I> tegrabl_load_kernel_and_dtb: Done
[2022-03-14 10:49:45] [0004.138] E> tegrabl_display_clear: display is not initialized
[2022-03-14 10:49:45] [0004.144] W> Boot logo display failed...
[2022-03-14 10:49:45] [0004.148] I> Kernel EP: 0x80600000, DTB: 0x80000000
[2022-03-14 10:49:48] [0000.266] I> Welcome to MB2(TBoot-BPMP)(version: 01.00.160913-t186-M-00.00-mobile-c368a720)
[2022-03-14 10:49:48] [0000.274] I> Boot-device: eMMC
[2022-03-14 10:49:48] [0000.282] I> sdmmc bdev is already initialized
[2022-03-14 10:49:48] [0000.286] I> pmic: reset reason (nverc)	: 0x80
[2022-03-14 10:49:48] [0000.319] I> Found 19 partitions in SDMMC_BOOT (instance 3)
[2022-03-14 10:49:48] [0000.339] I> Found 33 partitions in SDMMC_USER (instance 3)
[2022-03-14 10:49:48] [0000.345] W> No valid slot number is found in scratch register
[2022-03-14 10:49:48] [0000.351] W> Return default slot: _a
[2022-03-14 10:49:48] [0000.354] I> A/B: bin_type (16) slot 0
[2022-03-14 10:49:48] [0000.358] I> Loading partition bpmp-fw at 0xd7800000
[2022-03-14 10:49:48] [0000.363] I> Reading two headers - addr:0xd7800000 blocks:1
[2022-03-14 10:49:48] [0000.368] I> Addr: 0xd7800000, start-block: 58777608, num_blocks: 1
[2022-03-14 10:49:48] [0000.393] I> Binary(16) of size 534416 is loaded @ 0xd7800000
[2022-03-14 10:49:48] [0000.399] W> No valid slot number is found in scratch register
[2022-03-14 10:49:48] [0000.405] W> Return default slot: _a
[2022-03-14 10:49:48] [0000.408] I> A/B: bin_type (17) slot 0
[2022-03-14 10:49:48] [0000.412] I> Loading partition bpmp-fw-dtb at 0xd79f0000
[2022-03-14 10:49:48] [0000.417] I> Reading two headers - addr:0xd79f0000 blocks:1
[2022-03-14 10:49:48] [0000.422] I> Addr: 0xd79f0000, start-block: 58780024, num_blocks: 1
[2022-03-14 10:49:48] [0000.448] I> Binary(17) of size 604720 is loaded @ 0xd796c400
[2022-03-14 10:49:48] [0000.678] I> Loading SCE-FW ...
[2022-03-14 10:49:48] [0000.681] W> No valid slot number is found in scratch register
[2022-03-14 10:49:48] [0000.687] W> Return default slot: _a
[2022-03-14 10:49:48] [0000.690] I> A/B: bin_type (12) slot 0
[2022-03-14 10:49:48] [0000.694] I> Loading partition sce-fw at 0xd7300000
[2022-03-14 10:49:48] [0000.698] I> Reading two headers - addr:0xd7300000 blocks:1
[2022-03-14 10:49:48] [0000.704] I> Addr: 0xd7300000, start-block: 58784120, num_blocks: 1
[2022-03-14 10:49:48] [0000.723] I> Binary(12) of size 125632 is loaded @ 0xd7300000
[2022-03-14 10:49:48] [0000.729] I> Init SCE
[2022-03-14 10:49:48] [0000.731] I> Loading APE-FW ...
[2022-03-14 10:49:48] [0000.734] W> No valid slot number is found in scratch register
[2022-03-14 10:49:48] [0000.740] W> Return default slot: _a
[2022-03-14 10:49:48] [0000.743] I> A/B: bin_type (11) slot 0
[2022-03-14 10:49:48] [0000.747] I> Loading partition adsp-fw at 0xd7400000
[2022-03-14 10:49:48] [0000.751] I> Reading two headers - addr:0xd7400000 blocks:1
[2022-03-14 10:49:48] [0000.757] I> Addr: 0xd7400000, start-block: 58761224, num_blocks: 1
[2022-03-14 10:49:49] [0000.776] I> Binary(11) of size 77216 is loaded @ 0xd7400000
[2022-03-14 10:49:49] [0000.782] I> Copy BTCM section
[2022-03-14 10:49:49] [0000.785] W> No valid slot number is found in scratch register
[2022-03-14 10:49:49] [0000.790] W> Return default slot: _a
[2022-03-14 10:49:49] [0000.794] I> A/B: bin_type (13) slot 0
[2022-03-14 10:49:49] [0000.797] I> Loading partition cpu-bootloader at 0x96000000
[2022-03-14 10:49:49] [0000.803] I> Reading two headers - addr:0x96000000 blocks:1
[2022-03-14 10:49:49] [0000.808] I> Addr: 0x96000000, start-block: 58740744, num_blocks: 1
[2022-03-14 10:49:49] [0000.829] I> Binary(13) of size 308800 is loaded @ 0x96000000
[2022-03-14 10:49:49] [0000.835] W> No valid slot number is found in scratch register
[2022-03-14 10:49:49] [0000.841] W> Return default slot: _a
[2022-03-14 10:49:49] [0000.844] I> A/B: bin_type (20) slot 0
[2022-03-14 10:49:49] [0000.848] I> Loading partition bootloader-dtb at 0x85205400
[2022-03-14 10:49:49] [0000.853] I> Reading two headers - addr:0x85205400 blocks:1
[2022-03-14 10:49:49] [0000.859] I> Addr: 0x85205400, start-block: 58742792, num_blocks: 1
[2022-03-14 10:49:49] [0000.880] I> Binary(20) of size 375568 is loaded @ 0x85205400
[2022-03-14 10:49:49] [0000.886] W> No valid slot number is found in scratch register
[2022-03-14 10:49:49] [0000.892] W> Return default slot: _a
[2022-03-14 10:49:49] [0000.895] I> A/B: bin_type (14) slot 0
[2022-03-14 10:49:49] [0000.899] I> Loading partition secure-os at 0x85305600
[2022-03-14 10:49:49] [0000.904] I> Reading two headers - addr:0x85305600 blocks:1
[2022-03-14 10:49:49] [0000.909] I> Addr: 0x85305600, start-block: 58744840, num_blocks: 1
[2022-03-14 10:49:49] [0000.932] I> Binary(14) of size 402864 is loaded @ 0x85305600
[2022-03-14 10:49:49] [0000.939] I> TOS boot-params @ 0x85000000
[2022-03-14 10:49:49] [0000.943] I> TOS params prepared
[2022-03-14 10:49:49] [0000.946] I> Loading EKS ...
[2022-03-14 10:49:49] [0000.949] I> A/B: bin_type (15) slot 0
[2022-03-14 10:49:49] [0000.952] I> Loading partition eks at 0x85905800
[2022-03-14 10:49:49] [0000.957] I> Reading two headers - addr:0x85905800 blocks:1
[2022-03-14 10:49:49] [0000.962] I> Addr: 0x85905800, start-block: 58757128, num_blocks: 1
[2022-03-14 10:49:49] [0000.981] I> Binary(15) of size 1040 is loaded @ 0x85905800
[2022-03-14 10:49:49] [0000.987] I> EKB detected (length: 0x400) @ 0x85905800
[2022-03-14 10:49:49] [0000.992] I> Copied encrypted keys
[2022-03-14 10:49:49] [0000.995] I> boot profiler @ 0x275844000
[2022-03-14 10:49:49] [0000.999] I> boot profiler for TOS @ 0x275844000
[2022-03-14 10:49:49] [0001.004] I> Unhalting SCE
[2022-03-14 10:49:49] [0001.007] I> Primary Memory Start:80000000 Size:70000000
[2022-03-14 10:49:49] [0001.012] I> Extended Memory Start:f0110000 Size:1856f0000
[2022-03-14 10:49:49] [0001.019] I> MB2(TBoot-BPMP) done
[2022-03-14 10:49:49] 
[2022-03-14 10:49:49] NOTICE:  BL31: v1.3(release):b5eeb33f7
[2022-03-14 10:49:49] NOTICE:  BL31: Built : 12:15:17, Jul 26 2021
[2022-03-14 10:49:49] ipc-unittest-main: 1519: Welcome to IPC unittest!!!
[2022-03-14 10:49:49] ipc-unittest-main: 1531: waiting forever
[2022-03-14 10:49:49] ipc-unittest-srv: 329: Init unittest services!!!
[2022-03-14 10:49:49] hwkey-agent: 41: hwkey-agent is running!!
[2022-03-14 10:49:49] hwkey-agent: 315: key_mgnt_processing .......
[2022-03-14 10:49:49] hwkey-agent: 223: Setting EKB key 0 to slot 14
[2022-03-14 10:49:49] hwkey-agent: 178: Init hweky-agent services!!
[2022-03-14 10:49:49] luks-srv: 40: luks-srv is running!!
[2022-03-14 10:49:49] luks-srv: 157: Init luks-srv IPC services!!
[2022-03-14 10:49:49] platform_bootstrap_epilog: trusty bootstrap complete
[2022-03-14 10:49:49] [0001.391] I> Welcome to Cboot
[2022-03-14 10:49:49] [0001.394] I> Cboot Version: t186-00029e71
[2022-03-14 10:49:49] [0001.398] I> CPU-BL Params @ 0x275800000
[2022-03-14 10:49:49] [0001.402] I>  0) Base:0x00000000 Size:0x00000000
[2022-03-14 10:49:49] [0001.406] I>  1) Base:0x277f00000 Size:0x00100000
[2022-03-14 10:49:49] [0001.411] I>  2) Base:0x277e00000 Size:0x00100000
[2022-03-14 10:49:49] [0001.415] I>  3) Base:0x277d00000 Size:0x00100000
[2022-03-14 10:49:49] [0001.420] I>  4) Base:0x277c00000 Size:0x00100000
[2022-03-14 10:49:49] [0001.424] I>  5) Base:0x277b00000 Size:0x00100000
[2022-03-14 10:49:49] [0001.429] I>  6) Base:0x277800000 Size:0x00200000
[2022-03-14 10:49:49] [0001.433] I>  7) Base:0x277400000 Size:0x00400000
[2022-03-14 10:49:49] [0001.438] I>  8) Base:0x277a00000 Size:0x00100000
[2022-03-14 10:49:49] [0001.442] I>  9) Base:0x277300000 Size:0x00100000
[2022-03-14 10:49:49] [0001.447] I> 10) Base:0x276800000 Size:0x00800000
[2022-03-14 10:49:49] [0001.451] I> 11) Base:0x30000000 Size:0x00040000
[2022-03-14 10:49:49] [0001.456] I> 12) Base:0xf0000000 Size:0x00100000
[2022-03-14 10:49:49] [0001.460] I> 13) Base:0x30040000 Size:0x00001000
[2022-03-14 10:49:49] [0001.465] I> 14) Base:0x30048000 Size:0x00001000
[2022-03-14 10:49:49] [0001.469] I> 15) Base:0x30049000 Size:0x00001000
[2022-03-14 10:49:49] [0001.473] I> 16) Base:0x3004a000 Size:0x00001000
[2022-03-14 10:49:49] [0001.478] I> 17) Base:0x3004b000 Size:0x00001000
[2022-03-14 10:49:49] [0001.482] I> 18) Base:0x3004c000 Size:0x00001000
[2022-03-14 10:49:49] [0001.487] I> 19) Base:0x3004d000 Size:0x00001000
[2022-03-14 10:49:49] [0001.491] I> 20) Base:0x3004e000 Size:0x00001000
[2022-03-14 10:49:49] [0001.496] I> 21) Base:0x3004f000 Size:0x00001000
[2022-03-14 10:49:49] [0001.500] I> 22) Base:0x00000000 Size:0x00000000
[2022-03-14 10:49:49] [0001.504] I> 23) Base:0xf0100000 Size:0x00010000
[2022-03-14 10:49:49] [0001.509] I> 24) Base:0x00000000 Size:0x00000000
[2022-03-14 10:49:49] [0001.513] I> 25) Base:0x00000000 Size:0x00000000
[2022-03-14 10:49:49] [0001.518] I> 26) Base:0x00000000 Size:0x00000000
[2022-03-14 10:49:49] [0001.522] I> 27) Base:0x00000000 Size:0x00000000
[2022-03-14 10:49:49] [0001.527] I> 28) Base:0x84400000 Size:0x00400000
[2022-03-14 10:49:49] [0001.531] I> 29) Base:0x30000000 Size:0x00010000
[2022-03-14 10:49:49] [0001.535] I> 30) Base:0x278000000 Size:0x08000000
[2022-03-14 10:49:49] [0001.540] I> 31) Base:0x00000000 Size:0x00000000
[2022-03-14 10:49:49] [0001.544] I> 32) Base:0x276000000 Size:0x00600000
[2022-03-14 10:49:49] [0001.549] I> 33) Base:0x80000000 Size:0x70000000
[2022-03-14 10:49:49] [0001.553] I> 34) Base:0xf0110000 Size:0x1856f0000
[2022-03-14 10:49:49] [0001.558] I> 35) Base:0x00000000 Size:0x00000000
[2022-03-14 10:49:49] [0001.562] I> 36) Base:0x00000000 Size:0x00000000
[2022-03-14 10:49:49] [0001.567] I> 37) Base:0x2772e0000 Size:0x00020000
[2022-03-14 10:49:49] [0001.571] I> 38) Base:0x84000000 Size:0x00400000
[2022-03-14 10:49:49] [0001.576] I> 39) Base:0x96000000 Size:0x02000000
[2022-03-14 10:49:49] [0001.580] I> 40) Base:0x85000000 Size:0x01200000
[2022-03-14 10:49:49] [0001.585] I> 41) Base:0x275800000 Size:0x00500000
[2022-03-14 10:49:49] [0001.589] I> 42) Base:0x00000000 Size:0x00000000
[2022-03-14 10:49:49] [0001.593] I> 43) Base:0x00000000 Size:0x00000000
[2022-03-14 10:49:49] [0001.598] GIC-SPI Target CPU: 4
[2022-03-14 10:49:49] [0001.601] Interrupts Init done
[2022-03-14 10:49:49] [0001.604] calling constructors
[2022-03-14 10:49:49] [0001.608] initializing heap
[2022-03-14 10:49:49] [0001.610] initializing threads
[2022-03-14 10:49:49] [0001.613] initializing timers
[2022-03-14 10:49:49] [0001.617] creating bootstrap completion thread
[2022-03-14 10:49:49] [0001.621] top of bootstrap2()
[2022-03-14 10:49:49] [0001.624] CPU: ARM Cortex A57
[2022-03-14 10:49:49] [0001.627] CPU: MIDR: 0x411FD073, MPIDR: 0x80000100
[2022-03-14 10:49:49] [0001.633] initializing platform
[2022-03-14 10:49:49] [0001.636] I> Bl_dtb @0x85205400
[2022-03-14 10:49:49] [0001.639] I> gpio framework initialized
[2022-03-14 10:49:49] [0001.645] I> tegrabl_gpio_driver_register: register 'nvidia,tegra186-gpio' driver
[2022-03-14 10:49:49] [0001.655] I> tegrabl_gpio_driver_register: register 'nvidia,tegra186-gpio-aon' driver
[2022-03-14 10:49:49] [0001.663] I> GPIO framework and drivers are initialized.
[2022-03-14 10:49:49] [0001.668] I> Boot-device: eMMC
[2022-03-14 10:49:49] [0001.675] I> sdmmc bdev is already initialized
[2022-03-14 10:49:49] [0001.706] I> Found 19 partitions in SDMMC_BOOT (instance 3)
[2022-03-14 10:49:49] [0001.724] I> Found 33 partitions in SDMMC_USER (instance 3)
[2022-03-14 10:49:49] [0001.729] W> opt-in fuse is not set, skip fuse_burning
[2022-03-14 10:49:49] [0001.734] I> Reserved memory at 0xfbe00000 for U-Boot relocation
[2022-03-14 10:49:49] [0001.740] W> No valid slot number is found in scratch register
[2022-03-14 10:49:49] [0001.746] W> Return default slot: _a
[2022-03-14 10:49:49] [0001.755] I> A/B: bin_type (21) slot 0
[2022-03-14 10:49:49] [0001.759] I> Loading kernel-dtb from partition
[2022-03-14 10:49:49] [0001.763] I> Loading partition kernel-dtb at 0x80000000 from device(0x1)
[2022-03-14 10:49:50] [0001.781] I> Kernel_dtb @0x80000000
[2022-03-14 10:49:50] [0001.784] I> tegrabl_tca9539_init: i2c bus: 0, slave addr: 0xee
[2022-03-14 10:49:50] [0001.794] I> tegrabl_gpio_driver_register: register 'tca9539_gpio_driver' driver
[2022-03-14 10:49:50] [0001.802] I> tegrabl_tca9539_init: i2c bus: 0, slave addr: 0xe8
[2022-03-14 10:49:50] [0001.810] I> tegrabl_gpio_driver_register: register 'tca9539_gpio_driver' driver
[2022-03-14 10:49:50] [0001.821] I> fixed regulator driver initialized
[2022-03-14 10:49:50] [0001.854] I> register 'maxim' power off handle
[2022-03-14 10:49:50] [0001.860] I> virtual i2c enabled
[2022-03-14 10:49:50] [0001.863] I> registered 'maxim,max77620' pmic
[2022-03-14 10:49:50] [0001.868] I> tegrabl_gpio_driver_register: register 'max77620-gpio' driver
[2022-03-14 10:49:50] [0001.882] E> failed to read label property for node 324936: 13
[2022-03-14 10:49:50] [0001.890] E> failed to read reg property for node 325032: 13
[2022-03-14 10:49:50] [0001.898] E> failed to read reg property for node 325084: 13
[2022-03-14 10:49:50] [0001.907] E> failed to read label property for node 325168: 13
[2022-03-14 10:49:50] [0001.915] E> failed to read label property for node 325236: 13
[2022-03-14 10:49:50] [0001.923] E> failed to read reg property for node 325304: 13
[2022-03-14 10:49:50] [0001.932] E> failed to read reg property for node 325376: 13
[2022-03-14 10:49:50] [0001.942] I> Find /i2c@c250000's alias i2c7
[2022-03-14 10:49:50] [0001.946] I> Reading eeprom i2c=7 address=0x50
[2022-03-14 10:49:50] [0001.975] I> Device at /i2c@c250000:0x50
[2022-03-14 10:49:50] [0001.979] I> Reading eeprom i2c=7 address=0x57
[2022-03-14 10:49:50] [0002.008] I> Device at /i2c@c250000:0x57
[2022-03-14 10:49:50] [0002.012] I> Find /i2c@c240000's alias i2c1
[2022-03-14 10:49:50] [0002.016] I> Reading eeprom i2c=1 address=0x51
[2022-03-14 10:49:50] [0002.021] E> I2C: slave not found in slaves.
[2022-03-14 10:49:50] [0002.025] E> I2C: Could not write 0 bytes to slave: 0x00a2 with repeat start true.
[2022-03-14 10:49:50] [0002.033] E> I2C_DEV: Failed to send register address 0x00000000.
[2022-03-14 10:49:50] [0002.039] E> I2C_DEV: Could not read 256 registers of size 1 from slave 0xa2 at 0x00000000 via instance 1.
[2022-03-14 10:49:50] [0002.049] E> eeprom: Retry to read I2C slave device.
[2022-03-14 10:49:50] [0002.053] E> I2C: slave not found in slaves.
[2022-03-14 10:49:50] [0002.058] E> I2C: Could not write 0 bytes to slave: 0x00a2 with repeat start true.
[2022-03-14 10:49:50] [0002.065] E> I2C_DEV: Failed to send register address 0x00000000.
[2022-03-14 10:49:50] [0002.071] E> I2C_DEV: Could not read 256 registers of size 1 from slave 0xa2 at 0x00000000 via instance 1.
[2022-03-14 10:49:50] [0002.081] E> eeprom: Failed to read I2C slave device
[2022-03-14 10:49:50] [0002.085] I> Eeprom read failed 0x3526070d
[2022-03-14 10:49:50] [0002.090] I> Find /i2c@3160000's alias i2c0
[2022-03-14 10:49:50] [0002.094] I> Reading eeprom i2c=0 address=0x50
[2022-03-14 10:49:50] [0002.098] E> I2C: slave not found in slaves.
[2022-03-14 10:49:50] [0002.102] E> I2C: Could not write 0 bytes to slave: 0x00a0 with repeat start true.
[2022-03-14 10:49:50] [0002.110] E> I2C_DEV: Failed to send register address 0x00000000.
[2022-03-14 10:49:50] [0002.116] E> I2C_DEV: Could not read 256 registers of size 1 from slave 0xa0 at 0x00000000 via instance 0.
[2022-03-14 10:49:50] [0002.125] E> eeprom: Failed to read I2C slave device
[2022-03-14 10:49:50] [0002.130] I> Eeprom read failed 0x3526070d
[2022-03-14 10:49:50] [0002.135] I> Find /i2c@3180000's alias i2c2
[2022-03-14 10:49:50] [0002.139] I> Reading eeprom i2c=2 address=0x54
[2022-03-14 10:49:50] [0002.143] I> Enabling gpio chip_id = 2, gpio pin = 9
[2022-03-14 10:49:50] [0002.174] I> Disabling gpio chip_id = 2, gpio pin = 9
[2022-03-14 10:49:50] [0002.179] I> Device at /i2c@3180000:0x54
[2022-03-14 10:49:50] [0002.183] I> Reading eeprom i2c=2 address=0x57
[2022-03-14 10:49:50] [0002.187] I> Enabling gpio chip_id = 2, gpio pin = 9
[2022-03-14 10:49:50] [0002.193] E> I2C: slave not found in slaves.
[2022-03-14 10:49:50] [0002.197] E> I2C: Could not write 0 bytes to slave: 0x00ae with repeat start true.
[2022-03-14 10:49:50] [0002.205] E> I2C_DEV: Failed to send register address 0x00000000.
[2022-03-14 10:49:50] [0002.210] E> I2C_DEV: Could not read 256 registers of size 1 from slave 0xae at 0x00000000 via instance 2.
[2022-03-14 10:49:50] [0002.220] E> eeprom: Failed to read I2C slave device
[2022-03-14 10:49:50] [0002.225] I> Disabling gpio chip_id = 2, gpio pin = 9
[2022-03-14 10:49:50] [0002.230] I> Eeprom read failed 0x00000000
[2022-03-14 10:49:50] [0002.234] I> create_pm_ids: id: 3310-1000-D00-L, len: 15
[2022-03-14 10:49:50] [0002.239] I> config: mem-type:00,power-config:00,misc-config:00,modem-config:00,touch-config:00,display-config:00,, len: 93
[2022-03-14 10:49:50] [0002.250] I> create_pm_ids: id: 2597-0000-900-E, len: 15
[2022-03-14 10:49:50] [0002.255] I> config: mem-type:00,power-config:00,misc-config:00,modem-config:00,touch-config:00,display-config:00,, len: 93
[2022-03-14 10:49:50] [0002.266] I> create_pm_ids: id: 3326-1000-000-M, len: 15
[2022-03-14 10:49:50] [0002.271] I> config: mem-type:ff,power-config:ff,misc-config:ff,modem-config:ff,touch-config:ff,display-config:ff,, len: 93
[2022-03-14 10:49:50] [0002.306] I> enabling 'vdd-hdmi' regulator
[2022-03-14 10:49:50] [0002.322] I> regulator 'vdd-hdmi' already enabled
[2022-03-14 10:49:50] [0002.326] E> tegrabl_display_init_regulator: hdmi cable is not connected
[2022-03-14 10:49:50] [0002.333] E> tegrabl_display_get_pdata, failed to parse dtb settings
[2022-03-14 10:49:50] [0002.342] E> cannot find any other nvdisp nodes
[2022-03-14 10:49:50] [0002.346] E> no valid display unit config found in dtb
[2022-03-14 10:49:50] [0002.352] W> display init failed
[2022-03-14 10:49:50] [0002.355] initializing target
[2022-03-14 10:49:50] [0002.358] calling apps_init()
[2022-03-14 10:49:50] [0002.361] starting app kernel_boot_app
[2022-03-14 10:49:50] [0002.383] I> found decompressor handler: lz4-legacy
[2022-03-14 10:49:50] [0002.388] I> decompressing BMP blob ...
[2022-03-14 10:49:50] [0002.400] I> Kernel type = Normal
[2022-03-14 10:49:50] [0002.403] I> ########## Fixed storage boot ##########
[2022-03-14 10:49:50] [0002.408] I> Loading kernel-bootctrl from partition
[2022-03-14 10:49:50] [0002.413] I> Loading partition kernel-bootctrl at 0xa8000000 from device(0x1)
[2022-03-14 10:49:50] [0002.427] W> tegrabl_get_kernel_bootctrl: magic number(0x00000000) is invalid
[2022-03-14 10:49:50] [0002.434] W> tegrabl_get_kernel_bootctrl: use default dummy boot control data
[2022-03-14 10:49:50] [0002.441] W> No valid slot number is found in scratch register
[2022-03-14 10:49:50] [0002.447] W> Return default slot: _a
[2022-03-14 10:49:50] [0002.450] I> A/B: bin_type (24) slot 0
[2022-03-14 10:49:50] [0002.466] I> Boot image size read from image header: 9913d
[2022-03-14 10:49:50] [0002.471] I> Boot image load address: 0x80400000
[2022-03-14 10:49:50] [0002.475] I> Loading kernel from partition
[2022-03-14 10:49:50] [0002.479] I> Loading partition kernel at 0x80400000 from device(0x1)
[2022-03-14 10:49:51] [0003.422] I> Validate kernel ...
[2022-03-14 10:49:51] [0003.425] I> T18x: Authenticate kernel (bin_type 24), max size 0x4000000
[2022-03-14 10:49:51] [0003.433] I> Decrypt the buffer ... [0003.436] W> tegrabl_decrypt_block: fuse (0x0) is not burnt to do encryption (0x4); skip decryption.
[2022-03-14 10:49:51] [0003.445] I> done
[2022-03-14 10:49:51] [0003.446] I> Checking boot.img header magic ... [0003.451] I> [OK]
[2022-03-14 10:49:51] [0003.453] I> kernel-dtb is already loaded
[2022-03-14 10:49:51] [0003.456] I> Validate kernel-dtb ...
[2022-03-14 10:49:51] [0003.460] I> T18x: Authenticate kernel-dtb (bin_type 21), max size 0x100000
[2022-03-14 10:49:51] [0003.467] I> Decrypt the buffer ... [0003.471] W> tegrabl_decrypt_block: fuse (0x0) is not burnt to do encryption (0x4); skip decryption.
[2022-03-14 10:49:51] [0003.479] I> done
[2022-03-14 10:49:51] [0003.481] I> Kernel hdr @0x80400000
[2022-03-14 10:49:51] [0003.485] I> Kernel dtb @0x80000000
[2022-03-14 10:49:51] [0003.488] I> decompressor handler not found
[2022-03-14 10:49:51] [0003.492] I> Copying kernel image (627005 bytes) from 0x80400800 to 0x80600000 ... [0003.499] I> Done
[2022-03-14 10:49:51] [0003.501] I> Move ramdisk (len: 0) from 0x8049a000 to 0x947d0000
[2022-03-14 10:49:51] [0003.509] I> Updated bpmp info to DTB
[2022-03-14 10:49:51] [0003.515] I> Ramdisk: Base: 0x947d0000; Size: 0x0
[2022-03-14 10:49:51] [0003.519] I> Updated initrd info to DTB
[2022-03-14 10:49:51] [0003.523] W> WARN: Fail to override "console=none" in commandline
[2022-03-14 10:49:51] [0003.529] I> Active rootfs suffix: 
[2022-03-14 10:49:51] [0003.532] E> tegrabl_linuxboot_add_disp_param, du 0 failed to get display params
[2022-03-14 10:49:51] [0003.539] E> tegrabl_linuxboot_add_disp_param, du 0 failed to get display params
[2022-03-14 10:49:51] [0003.547] E> tegrabl_linuxboot_add_disp_param, du 0 failed to get display params
[2022-03-14 10:49:51] [0003.554] I> disabled_core_mask: 0xffffff0c
[2022-03-14 10:49:51] [0003.558] W> No valid slot number is found in scratch register
[2022-03-14 10:49:51] [0003.563] W> Return default slot: _a
[2022-03-14 10:49:51] [0003.567] I> Active slot suffix: 
[2022-03-14 10:49:51] [0003.570] I> add_boot_slot_suffix: slot_suffix = 
[2022-03-14 10:49:51] [0003.574] I> Linux Cmdline: console=ttyS0,115200 androidboot.presilicon=true firmware_class.path=/etc/firmware root=/dev/mmcblk0p1 rw rootwait rootfstype=ext4 console=ttyS0,115200n8 console=tty0 fbcon=map:0 net.ifnames=0 isolcpus=1-2  video=tegrafb earlycon=uart8250,mmio32,0x3100000 nvdumper_reserved=0x2772e0000 gpt rootfs.slot_suffix= usbcore.old_scheme_first=1 tegraid=18.1.2.0.0 maxcpus=6 no_console_suspend boot.slot_suffix= boot.ratchetvalues=0.2031647.1 vpr_resize bl_prof_dataptr=0x10000@0x275840000 sdhci_tegra.en_boot_part_access=1 
[2022-03-14 10:49:51] [0003.622] I> Updated bootarg info to DTB
[2022-03-14 10:49:51] [0003.626] I> eeprom_get_mac_addr: MAC (type: 0): 48:b0:2d:0f:11:c5
[2022-03-14 10:49:51] [0003.632] I> eeprom_get_mac_addr: MAC (type: 1): 48:b0:2d:0f:11:c6
[2022-03-14 10:49:51] [0003.638] I> eeprom_get_mac_addr: MAC (type: 2): 48:b0:2d:0f:11:c7
[2022-03-14 10:49:51] [0003.644] E> Found no plugin manager ids in source DT
[2022-03-14 10:49:51] [0003.649] W> Add plugin manager ids from board info
[2022-03-14 10:49:51] [0003.654] W> "plugin-manager" doesn't exist, creating
[2022-03-14 10:49:51] [0003.659] W> "ids" doesn't exist, creating
[2022-03-14 10:49:51] [0003.663] W> "connection" doesn't exist, creating
[2022-03-14 10:49:51] [0003.668] W> "configs" doesn't exist, creating
[2022-03-14 10:49:51] [0003.672] I> create_pm_ids: id: 3310-1000-D00-L, len: 15
[2022-03-14 10:49:51] [0003.677] I> config: mem-type:00,power-config:00,misc-config:00,modem-config:00,touch-config:00,display-config:00,, len: 93
[2022-03-14 10:49:51] [0003.688] I> create_pm_ids: id: 2597-0000-900-E, len: 15
[2022-03-14 10:49:51] [0003.693] I> config: mem-type:00,power-config:00,misc-config:00,modem-config:00,touch-config:00,display-config:00,, len: 93
[2022-03-14 10:49:51] [0003.704] I> create_pm_ids: id: 3326-1000-000-M, len: 15
[2022-03-14 10:49:51] [0003.709] I> config: mem-type:ff,power-config:ff,misc-config:ff,modem-config:ff,touch-config:ff,display-config:ff,, len: 93
[2022-03-14 10:49:51] [0003.720] I> Adding plugin-manager/ids/3310-1000-D00=/i2c@c250000:module@0x50
[2022-03-14 10:49:51] [0003.727] W> "i2c@c250000" doesn't exist, creating
[2022-03-14 10:49:51] [0003.732] W> "module@0x50" doesn't exist, creating
[2022-03-14 10:49:51] [0003.737] I> Adding plugin-manager/ids/2597-0000-900=/i2c@c250000:module@0x57
[2022-03-14 10:49:51] [0003.744] W> "module@0x57" doesn't exist, creating
[2022-03-14 10:49:51] [0003.749] I> Adding plugin-manager/ids/3326-1000-000=/i2c@3180000:module@0x54
[2022-03-14 10:49:51] [0003.756] W> "i2c@3180000" doesn't exist, creating
[2022-03-14 10:49:51] [0003.761] W> "module@0x54" doesn't exist, creating
[2022-03-14 10:49:51] [0003.768] I> Adding plugin-manager/ids/3310-1000-D00-L
[2022-03-14 10:49:52] [0003.775] I> Adding plugin-manager/configs/3310-mem-type 00
[2022-03-14 10:49:52] [0003.781] I> Adding plugin-manager/configs/3310-power-config 00
[2022-03-14 10:49:52] [0003.787] I> Adding plugin-manager/configs/3310-misc-config 00
[2022-03-14 10:49:52] [0003.792] I> Adding plugin-manager/configs/3310-modem-config 00
[2022-03-14 10:49:52] [0003.798] I> Adding plugin-manager/configs/3310-touch-config 00
[2022-03-14 10:49:52] [0003.804] I> Adding plugin-manager/configs/3310-display-config 00
[2022-03-14 10:49:52] [0003.810] I> Adding plugin-manager/cvm
[2022-03-14 10:49:52] [0003.814] W> "chip-id" doesn't exist, creating
[2022-03-14 10:49:52] [0003.819] I> Adding plugin-manager/chip-id/A02P
[2022-03-14 10:49:52] [0003.823] W> "odm-data" doesn't exist, creating
[2022-03-14 10:49:52] [0003.828] I> Adding /chosen/plugin-manager/odm-data
[2022-03-14 10:49:52] [0003.838] I> added [base:0x80000000, size:0x70000000] to /memory
[2022-03-14 10:49:52] [0003.844] I> added [base:0xf0200000, size:0x185600000] to /memory
[2022-03-14 10:49:52] [0003.849] I> added [base:0x275e00000, size:0x200000] to /memory
[2022-03-14 10:49:52] [0003.855] I> added [base:0x276600000, size:0x200000] to /memory
[2022-03-14 10:49:52] [0003.861] I> added [base:0x277000000, size:0x200000] to /memory
[2022-03-14 10:49:52] [0003.867] I> Updated memory info to DTB
[2022-03-14 10:49:52] [0003.871] E> add_disp_param: failed to get display params for du=0
[2022-03-14 10:49:52] [0003.879] W> "reset" doesn't exist, creating
[2022-03-14 10:49:52] [0003.883] W> "pmc-reset-reason" doesn't exist, creating
[2022-03-14 10:49:52] [0003.889] W> "pmic-reset-reason" doesn't exist, creating
[2022-03-14 10:49:52] [0003.895] I> Adding ecid(00000001646db7851000000013038200) to DT
[2022-03-14 10:49:52] [0003.901] I> disabled_core_mask: 0xffffff0c
[2022-03-14 10:49:52] [0003.914] I> Add serial number:1422420022173 as DT property
[2022-03-14 10:49:52] [0003.923] I> Plugin-manager override starting
[2022-03-14 10:49:52] [0003.928] I> node /plugin-manager/fragement@0 matches
[2022-03-14 10:49:52] [0003.939] I> node /plugin-manager/fragement@4 matches
[2022-03-14 10:49:52] [0003.952] I> node /plugin-manager/fragment-sdwake-p3310-1000-300 matches
[2022-03-14 10:49:52] [0003.972] I> node /plugin-manager/fragement-pmon-p3310-1000-300 matches
[2022-03-14 10:49:52] [0003.981] I> node /plugin-manager/fragement-pmon-p3310-1000-800 matches
[2022-03-14 10:49:52] [0003.990] I> node /plugin-manager/fragment-devslp@0 matches
[2022-03-14 10:49:52] [0004.002] I> node /plugin-manager/fragment-500-pcie-config matches
[2022-03-14 10:49:52] [0004.017] I> node /plugin-manager/fragment-500-xusb-config matches
[2022-03-14 10:49:52] [0004.040] I> node /plugin-manager/fragment-p3310-c00-comm matches
[2022-03-14 10:49:52] [0004.054] I> node /plugin-manager/fragment-p3310-c00-pmic matches
[2022-03-14 10:49:52] [0004.065] I> node /plugin-manager/fragment-p3310-c01 matches
[2022-03-14 10:49:52] [0004.078] I> node /plugin-manager/fragment-p3310-c03 matches
[2022-03-14 10:49:52] [0004.120] I> node /plugin-manager/fragment-e3326@0 matches
[2022-03-14 10:49:52] [0004.202] I> node /plugin-manager/fragment-p3310-c00-camera matches
[2022-03-14 10:49:52] [0004.229] I> Disable plugin-manager status in FDT
[2022-03-14 10:49:52] [0004.234] I> Plugin-manager override finished successfully
[2022-03-14 10:49:52] [0004.239] I> tegrabl_load_kernel_and_dtb: Done
[2022-03-14 10:49:52] [0004.243] E> tegrabl_display_clear: display is not initialized
[2022-03-14 10:49:52] [0004.249] W> Boot logo display failed...
[2022-03-14 10:49:52] [0004.253] I> Kernel EP: 0x80600000, DTB: 0x80000000
[2022-03-14 10:49:52] 
[2022-03-14 10:49:52] 
[2022-03-14 10:49:52] U-Boot 2020.04-g46e4604c78 (Jul 26 2021 - 12:10:58 -0700)
[2022-03-14 10:49:52] 
[2022-03-14 10:49:52] SoC: tegra186
[2022-03-14 10:49:52] Model: NVIDIA P2771-0000-500
[2022-03-14 10:49:52] Board: NVIDIA P2771-0000
[2022-03-14 10:49:52] DRAM:  7.8 GiB
[2022-03-14 10:49:52] MMC:   sdhci@3400000: 1, sdhci@3460000: 0
[2022-03-14 10:49:52] Loading Environment from MMC... *** Warning - bad CRC, using default environment
[2022-03-14 10:49:52] 
[2022-03-14 10:49:52] In:    serial
[2022-03-14 10:49:52] Out:   serial
[2022-03-14 10:49:52] Err:   serial
[2022-03-14 10:49:52] Net:   
[2022-03-14 10:49:52] Warning: ethernet@2490000 using MAC address from ROM
[2022-03-14 10:49:52] eth0: ethernet@2490000
[2022-03-14 10:49:52] Hit any key to stop autoboot:  2  1  0 
[2022-03-14 10:49:54] MMC: no card present
[2022-03-14 10:49:54] switch to partitions #0, OK
[2022-03-14 10:49:54] mmc0(part 0) is current device
[2022-03-14 10:49:55] Scanning mmc 0:1...
[2022-03-14 10:49:55] Found /boot/extlinux/extlinux.conf
[2022-03-14 10:49:55] Retrieving file: /boot/extlinux/extlinux.conf
[2022-03-14 10:49:55] 858 bytes read in 22 ms (38.1 KiB/s)
[2022-03-14 10:49:55] 1:	primary kernel
[2022-03-14 10:49:55] Retrieving file: /boot/initrd
[2022-03-14 10:49:55] 7238344 bytes read in 201 ms (34.3 MiB/s)
[2022-03-14 10:49:55] Retrieving file: /boot/Image
[2022-03-14 10:49:56] 34484232 bytes read in 829 ms (39.7 MiB/s)
[2022-03-14 10:49:56] append: console=ttyS0,115200 androidboot.presilicon=true firmware_class.path=/etc/firmware root=/dev/mmcblk0p1 rw rootwait rootfstype=ext4 console=ttyS0,115200n8 console=tty0 fbcon=map:0 net.ifnames=0 isolcpus=1-2  video=tegrafb earlycon=uart8250,mmio32,0x3100000 nvdumper_reserved=0x2772e0000 gpt rootfs.slot_suffix= usbcore.old_scheme_first=1 tegraid=18.1.2.0.0 maxcpus=6 no_console_suspend boot.slot_suffix= boot.ratchetvalues=0.2031647.1 vpr_resize bl_prof_dataptr=0x10000@0x275840000 sdhci_tegra.en_boot_part_access=1 quiet root=/dev/mmcblk0p1 rw rootwait rootfstype=ext4 console=ttyS0,115200n8 console=tty0 fbcon=map:0 net.ifnames=0 isolcpus=1-2 
[2022-03-14 10:49:56] ## Flattened Device Tree blob at 80000000
[2022-03-14 10:49:56]    Booting using the fdt blob at 0x80000000
[2022-03-14 10:49:56] ERROR: reserving fdt memory region failed (addr=0 size=0)
[2022-03-14 10:49:56] ERROR: reserving fdt memory region failed (addr=0 size=0)
[2022-03-14 10:49:56] ERROR: reserving fdt memory region failed (addr=0 size=0)
[2022-03-14 10:49:56]    Using Device Tree in place at 0000000080000000, end 0000000080060aa3
[2022-03-14 10:49:56] copying carveout for /host1x@13e00000/display-hub@15200000/display@15200000...
[2022-03-14 10:49:56] copying carveout for /host1x@13e00000/display-hub@15200000/display@15210000...
[2022-03-14 10:49:56] copying carveout for /host1x@13e00000/display-hub@15200000/display@15220000...
[2022-03-14 10:49:56] 
[2022-03-14 10:49:56] Starting kernel ...
[2022-03-14 10:49:56] 
[2022-03-14 10:49:56] [    0.000000] Booting Linux on physical CPU 0x100
[2022-03-14 10:49:56] [    0.000000] Linux version 4.9.253-tegra (buildbrain@mobile-u64-5497-d3000) (gcc version 7.3.1 20180425 [linaro-7.3-2018.05 revision d29120a424ecfbc167ef90065c0eeb7f91977701] (Linaro GCC 7.3-2018.05) ) #1 SMP PREEMPT Mon Jul 26 12:19:28 PDT 2021
[2022-03-14 10:49:56] [    0.000000] Boot CPU: AArch64 Processor [411fd073]
[2022-03-14 10:49:56] [    0.000000] OF: fdt:memory scan node memory@80000000, reg size 80,
[2022-03-14 10:49:56] [    0.000000] OF: fdt: - 80000000 ,  70000000
[2022-03-14 10:49:56] [    0.000000] OF: fdt: - f0200000 ,  185600000
[2022-03-14 10:49:56] [    0.000000] OF: fdt: - 275e00000 ,  200000
[2022-03-14 10:49:56] [    0.000000] OF: fdt: - 276600000 ,  200000
[2022-03-14 10:49:56] [    0.000000] OF: fdt: - 277000000 ,  200000
[2022-03-14 10:49:56] [    0.000000] earlycon: uart8250 at MMIO32 0x0000000003100000 (options '')
[2022-03-14 10:49:56] [    0.000000] bootconsole [uart8250] enabled
[2022-03-14 10:49:58] [    1.837156] cgroup: cgroup2: unknown option "nsdelegate"
[2022-03-14 10:49:59] [    3.024865] using random self ethernet address
[2022-03-14 10:49:59] [    3.054060] using random host ethernet address
[2022-03-14 10:50:00] [    3.183694] FAT-fs (loop0): Volume was not properly unmounted. Some data may be corrupt. Please run fsck.
[2022-03-14 10:50:00] [    3.283352] random: crng init done
[2022-03-14 10:50:00] [    3.286759] random: 7 urandom warning(s) missed due to ratelimiting
[2022-03-14 10:50:00] [    3.656786] using random self ethernet address
[2022-03-14 10:50:00] [    3.661419] using random host ethernet address
[2022-03-14 10:50:00] [    3.872576] CPU1: shutdown
[2022-03-14 10:50:00] [    3.938540] CPU2: shutdown
[2022-03-14 10:50:01] [    4.993886] Bridge firewalling registered
[2022-03-14 10:50:06] 
[2022-03-14 10:50:06] Ubuntu 18.04.5 LTS JTX2-A ttyS0
[2022-03-14 10:50:06] 
[2022-03-14 10:50:06] JTX2-A login: [   68.646502] CPU4: SError detected, daif=1c0, spsr=0x800000c5, mpidr=80000102, esr=bf40c000
[2022-03-14 10:51:05] [   68.646517] CPU5: SError detected, daif=1c0, spsr=0x800000c5, mpidr=80000103, esr=bf40c000
[2022-03-14 10:51:05] [   68.646533] CPU3: SError detected, daif=1c0, spsr=0x800000c5, mpidr=80000101, esr=bf40c000
[2022-03-14 10:51:05] [   68.646548] CPU0: SError detected, daif=1c0, spsr=0x45, mpidr=80000100, esr=bf40c000
[2022-03-14 10:51:05] [   68.646552] **************************************
[2022-03-14 10:51:05] [   68.646570] A57 CPU Memory Error on CPU 5 (A57 Core 3)
[2022-03-14 10:51:05] [   68.646576] 	ESR:               0xbf40c000
[2022-03-14 10:51:05] [   68.646584] 	CPUMERRSR: 0x880015c0
[2022-03-14 10:51:05] [   68.646592] 	Data L1 Tag RAM: 0x8
[2022-03-14 10:51:05] [   68.646598] 	Bank/Way of Error:  0x0
[2022-03-14 10:51:05] [   68.646603] 	Index of Error:     0x15c0
[2022-03-14 10:51:05] [   68.646609] 	Repeat Error Count: 0
[2022-03-14 10:51:05] [   68.646613] 	Other Error Count:  0
[2022-03-14 10:51:05] [   68.646618] 	L2MERRSR: 0x92000a40
[2022-03-14 10:51:05] [   68.646624] 	L2 Snoop Tag RAM: 0x12
[2022-03-14 10:51:05] [   68.646629] 	CPU ID of Error:    0
[2022-03-14 10:51:05] [   68.646634] 	WAY of Error:       0
[2022-03-14 10:51:05] [   68.646638] 	Index of Error:     2624
[2022-03-14 10:51:05] [   68.646643] 	Repeat Error Count: 0
[2022-03-14 10:51:05] [   68.646647] 	Other Error Count:  0
[2022-03-14 10:51:05] [   68.646651] **************************************
[2022-03-14 10:51:05] [   68.648980] ROC:CCE Machine Check Error:
[2022-03-14 10:51:05] [   68.648993] 	Address Type = Non-Secure DRAM
[2022-03-14 10:51:05] [   68.649042] 	Address = 0x8092e488 -- System RAM + 0x92e488
[2022-03-14 10:51:05] [   68.649260] Bad mode in Error handler detected on CPU5, code 0xbf40c000 -- SError
[2022-03-14 10:51:05] [   68.649268] Kernel panic - not syncing: bad mode
[2022-03-14 10:51:05] [   68.649281] CPU: 5 PID: 0 Comm: swapper/5 Not tainted 4.9.253-tegra #1
[2022-03-14 10:51:05] [   68.649288] Hardware name: quill (DT)
[2022-03-14 10:51:05] [   68.649293] Call trace:
[2022-03-14 10:51:05] [   68.649317] [<ffffff800808ba40>] dump_backtrace+0x0/0x198
[2022-03-14 10:51:05] [   68.649333] [<ffffff800808c004>] show_stack+0x24/0x30
[2022-03-14 10:51:05] [   68.649351] [<ffffff8008f6121c>] dump_stack+0xa0/0xc4
[2022-03-14 10:51:05] [   68.649365] [<ffffff8008f5e2c0>] panic+0x12c/0x2a8
[2022-03-14 10:51:05] [   68.649378] [<ffffff800808c894>] bad_mode+0x7c/0x80
[2022-03-14 10:51:05] [   68.649391] [<ffffff800808ca5c>] handle_serr+0x124/0x128
[2022-03-14 10:51:05] [   68.649400] [<ffffff8008082d98>] el1_serr+0xb0/0x144
[2022-03-14 10:51:05] [   68.649416] [<ffffff8008ba09ac>] cpuidle_enter_state+0x84/0x380
[2022-03-14 10:51:05] [   68.649429] [<ffffff8008ba0d1c>] cpuidle_enter+0x34/0x48
[2022-03-14 10:51:05] [   68.649440] [<ffffff800811139c>] call_cpuidle+0x44/0x70
[2022-03-14 10:51:05] [   68.649449] [<ffffff8008111718>] cpu_startup_entry+0x1b0/0x200
