[0000.293] I> Welcome to MB2(TBoot-BPMP)(version: 01.00.160913-t186-M-00.00-mobile-c368a720)
[2022-03-14 11:52:46] [0000.302] I> Boot-device: eMMC
[2022-03-14 11:52:46] [0000.309] I> sdmmc bdev is already initialized
[2022-03-14 11:52:46] [0000.314] I> pmic: reset reason (nverc)	: 0x80
[2022-03-14 11:52:46] [0000.347] I> Found 19 partitions in SDMMC_BOOT (instance 3)
[2022-03-14 11:52:46] [0000.367] I> Found 33 partitions in SDMMC_USER (instance 3)
[2022-03-14 11:52:46] [0000.373] W> No valid slot number is found in scratch register
[2022-03-14 11:52:46] [0000.378] W> Return default slot: _a
[2022-03-14 11:52:46] [0000.382] I> A/B: bin_type (16) slot 0
[2022-03-14 11:52:46] [0000.385] I> Loading partition bpmp-fw at 0xd7800000
[2022-03-14 11:52:46] [0000.390] I> Reading two headers - addr:0xd7800000 blocks:1
[2022-03-14 11:52:46] [0000.396] I> Addr: 0xd7800000, start-block: 58777608, num_blocks: 1
[2022-03-14 11:52:46] [0000.421] I> Binary(16) of size 534416 is loaded @ 0xd7800000
[2022-03-14 11:52:46] [0000.427] W> No valid slot number is found in scratch register
[2022-03-14 11:52:46] [0000.432] W> Return default slot: _a
[2022-03-14 11:52:46] [0000.436] I> A/B: bin_type (17) slot 0
[2022-03-14 11:52:46] [0000.439] I> Loading partition bpmp-fw-dtb at 0xd79f0000
[2022-03-14 11:52:46] [0000.445] I> Reading two headers - addr:0xd79f0000 blocks:1
[2022-03-14 11:52:46] [0000.450] I> Addr: 0xd79f0000, start-block: 58780024, num_blocks: 1
[2022-03-14 11:52:46] [0000.476] I> Binary(17) of size 604720 is loaded @ 0xd796c400
[2022-03-14 11:52:47] [0000.706] I> Loading SCE-FW ...
[2022-03-14 11:52:47] [0000.709] W> No valid slot number is found in scratch register
[2022-03-14 11:52:47] [0000.714] W> Return default slot: _a
[2022-03-14 11:52:47] [0000.718] I> A/B: bin_type (12) slot 0
[2022-03-14 11:52:47] [0000.721] I> Loading partition sce-fw at 0xd7300000
[2022-03-14 11:52:47] [0000.726] I> Reading two headers - addr:0xd7300000 blocks:1
[2022-03-14 11:52:47] [0000.732] I> Addr: 0xd7300000, start-block: 58784120, num_blocks: 1
[2022-03-14 11:52:47] [0000.751] I> Binary(12) of size 125632 is loaded @ 0xd7300000
[2022-03-14 11:52:47] [0000.757] I> Init SCE
[2022-03-14 11:52:47] [0000.759] I> Loading APE-FW ...
[2022-03-14 11:52:47] [0000.762] W> No valid slot number is found in scratch register
[2022-03-14 11:52:47] [0000.768] W> Return default slot: _a
[2022-03-14 11:52:47] [0000.771] I> A/B: bin_type (11) slot 0
[2022-03-14 11:52:47] [0000.775] I> Loading partition adsp-fw at 0xd7400000
[2022-03-14 11:52:47] [0000.779] I> Reading two headers - addr:0xd7400000 blocks:1
[2022-03-14 11:52:47] [0000.785] I> Addr: 0xd7400000, start-block: 58761224, num_blocks: 1
[2022-03-14 11:52:47] [0000.804] I> Binary(11) of size 77216 is loaded @ 0xd7400000
[2022-03-14 11:52:47] [0000.810] I> Copy BTCM section
[2022-03-14 11:52:47] [0000.813] W> No valid slot number is found in scratch register
[2022-03-14 11:52:47] [0000.818] W> Return default slot: _a
[2022-03-14 11:52:47] [0000.822] I> A/B: bin_type (13) slot 0
[2022-03-14 11:52:47] [0000.825] I> Loading partition cpu-bootloader at 0x96000000
[2022-03-14 11:52:47] [0000.831] I> Reading two headers - addr:0x96000000 blocks:1
[2022-03-14 11:52:47] [0000.836] I> Addr: 0x96000000, start-block: 58740744, num_blocks: 1
[2022-03-14 11:52:47] [0000.857] I> Binary(13) of size 308800 is loaded @ 0x96000000
[2022-03-14 11:52:47] [0000.863] W> No valid slot number is found in scratch register
[2022-03-14 11:52:47] [0000.869] W> Return default slot: _a
[2022-03-14 11:52:47] [0000.872] I> A/B: bin_type (20) slot 0
[2022-03-14 11:52:47] [0000.876] I> Loading partition bootloader-dtb at 0x85205400
[2022-03-14 11:52:47] [0000.881] I> Reading two headers - addr:0x85205400 blocks:1
[2022-03-14 11:52:47] [0000.887] I> Addr: 0x85205400, start-block: 58742792, num_blocks: 1
[2022-03-14 11:52:47] [0000.908] I> Binary(20) of size 375568 is loaded @ 0x85205400
[2022-03-14 11:52:47] [0000.914] W> No valid slot number is found in scratch register
[2022-03-14 11:52:47] [0000.920] W> Return default slot: _a
[2022-03-14 11:52:47] [0000.923] I> A/B: bin_type (14) slot 0
[2022-03-14 11:52:47] [0000.927] I> Loading partition secure-os at 0x85305600
[2022-03-14 11:52:47] [0000.932] I> Reading two headers - addr:0x85305600 blocks:1
[2022-03-14 11:52:47] [0000.937] I> Addr: 0x85305600, start-block: 58744840, num_blocks: 1
[2022-03-14 11:52:47] [0000.959] I> Binary(14) of size 402864 is loaded @ 0x85305600
[2022-03-14 11:52:47] [0000.967] I> TOS boot-params @ 0x85000000
[2022-03-14 11:52:47] [0000.971] I> TOS params prepared
[2022-03-14 11:52:47] [0000.974] I> Loading EKS ...
[2022-03-14 11:52:47] [0000.977] I> A/B: bin_type (15) slot 0
[2022-03-14 11:52:47] [0000.980] I> Loading partition eks at 0x85905800
[2022-03-14 11:52:47] [0000.985] I> Reading two headers - addr:0x85905800 blocks:1
[2022-03-14 11:52:47] [0000.990] I> Addr: 0x85905800, start-block: 58757128, num_blocks: 1
[2022-03-14 11:52:47] [0001.009] I> Binary(15) of size 1040 is loaded @ 0x85905800
[2022-03-14 11:52:47] [0001.015] I> EKB detected (length: 0x400) @ 0x85905800
[2022-03-14 11:52:47] [0001.020] I> Copied encrypted keys
[2022-03-14 11:52:47] [0001.023] I> boot profiler @ 0x275844000
[2022-03-14 11:52:47] [0001.027] I> boot profiler for TOS @ 0x275844000
[2022-03-14 11:52:47] [0001.032] I> Unhalting SCE
[2022-03-14 11:52:47] [0001.035] I> Primary Memory Start:80000000 Size:70000000
[2022-03-14 11:52:47] [0001.040] I> Extended Memory Start:f0110000 Size:1856f0000
[2022-03-14 11:52:47] [0001.047] I> MB2(TBoot-BPMP) done
[2022-03-14 11:52:47] 
[2022-03-14 11:52:47] NOTICE:  BL31: v1.3(release):b5eeb33f7
[2022-03-14 11:52:47] NOTICE:  BL31: Built : 12:15:17, Jul 26 2021
[2022-03-14 11:52:47] ipc-unittest-main: 1519: Welcome to IPC unittest!!!
[2022-03-14 11:52:47] ipc-unittest-main: 1531: waiting forever
[2022-03-14 11:52:47] ipc-unittest-srv: 329: Init unittest services!!!
[2022-03-14 11:52:47] hwkey-agent: 41: hwkey-agent is running!!
[2022-03-14 11:52:47] hwkey-agent: 315: key_mgnt_processing .......
[2022-03-14 11:52:47] hwkey-agent: 223: Setting EKB key 0 to slot 14
[2022-03-14 11:52:47] hwkey-agent: 178: Init hweky-agent services!!
[2022-03-14 11:52:47] luks-srv: 40: luks-srv is running!!
[2022-03-14 11:52:47] luks-srv: 157: Init luks-srv IPC services!!
[2022-03-14 11:52:47] platform_bootstrap_epilog: trusty bootstrap complete
[2022-03-14 11:52:47] [0001.419] I> Welcome to Cboot
[2022-03-14 11:52:47] [0001.422] I> Cboot Version: t186-00029e71
[2022-03-14 11:52:47] [0001.426] I> CPU-BL Params @ 0x275800000
[2022-03-14 11:52:47] [0001.430] I>  0) Base:0x00000000 Size:0x00000000
[2022-03-14 11:52:47] [0001.434] I>  1) Base:0x277f00000 Size:0x00100000
[2022-03-14 11:52:47] [0001.439] I>  2) Base:0x277e00000 Size:0x00100000
[2022-03-14 11:52:47] [0001.443] I>  3) Base:0x277d00000 Size:0x00100000
[2022-03-14 11:52:47] [0001.448] I>  4) Base:0x277c00000 Size:0x00100000
[2022-03-14 11:52:47] [0001.452] I>  5) Base:0x277b00000 Size:0x00100000
[2022-03-14 11:52:47] [0001.457] I>  6) Base:0x277800000 Size:0x00200000
[2022-03-14 11:52:47] [0001.461] I>  7) Base:0x277400000 Size:0x00400000
[2022-03-14 11:52:47] [0001.466] I>  8) Base:0x277a00000 Size:0x00100000
[2022-03-14 11:52:47] [0001.470] I>  9) Base:0x277300000 Size:0x00100000
[2022-03-14 11:52:47] [0001.475] I> 10) Base:0x276800000 Size:0x00800000
[2022-03-14 11:52:47] [0001.479] I> 11) Base:0x30000000 Size:0x00040000
[2022-03-14 11:52:47] [0001.484] I> 12) Base:0xf0000000 Size:0x00100000
[2022-03-14 11:52:47] [0001.488] I> 13) Base:0x30040000 Size:0x00001000
[2022-03-14 11:52:47] [0001.493] I> 14) Base:0x30048000 Size:0x00001000
[2022-03-14 11:52:47] [0001.497] I> 15) Base:0x30049000 Size:0x00001000
[2022-03-14 11:52:47] [0001.501] I> 16) Base:0x3004a000 Size:0x00001000
[2022-03-14 11:52:47] [0001.506] I> 17) Base:0x3004b000 Size:0x00001000
[2022-03-14 11:52:47] [0001.510] I> 18) Base:0x3004c000 Size:0x00001000
[2022-03-14 11:52:47] [0001.515] I> 19) Base:0x3004d000 Size:0x00001000
[2022-03-14 11:52:47] [0001.519] I> 20) Base:0x3004e000 Size:0x00001000
[2022-03-14 11:52:47] [0001.524] I> 21) Base:0x3004f000 Size:0x00001000
[2022-03-14 11:52:47] [0001.528] I> 22) Base:0x00000000 Size:0x00000000
[2022-03-14 11:52:47] [0001.532] I> 23) Base:0xf0100000 Size:0x00010000
[2022-03-14 11:52:47] [0001.537] I> 24) Base:0x00000000 Size:0x00000000
[2022-03-14 11:52:47] [0001.541] I> 25) Base:0x00000000 Size:0x00000000
[2022-03-14 11:52:47] [0001.546] I> 26) Base:0x00000000 Size:0x00000000
[2022-03-14 11:52:47] [0001.550] I> 27) Base:0x00000000 Size:0x00000000
[2022-03-14 11:52:47] [0001.555] I> 28) Base:0x84400000 Size:0x00400000
[2022-03-14 11:52:47] [0001.559] I> 29) Base:0x30000000 Size:0x00010000
[2022-03-14 11:52:47] [0001.563] I> 30) Base:0x278000000 Size:0x08000000
[2022-03-14 11:52:47] [0001.568] I> 31) Base:0x00000000 Size:0x00000000
[2022-03-14 11:52:47] [0001.572] I> 32) Base:0x276000000 Size:0x00600000
[2022-03-14 11:52:47] [0001.577] I> 33) Base:0x80000000 Size:0x70000000
[2022-03-14 11:52:47] [0001.581] I> 34) Base:0xf0110000 Size:0x1856f0000
[2022-03-14 11:52:47] [0001.586] I> 35) Base:0x00000000 Size:0x00000000
[2022-03-14 11:52:47] [0001.590] I> 36) Base:0x00000000 Size:0x00000000
[2022-03-14 11:52:47] [0001.595] I> 37) Base:0x2772e0000 Size:0x00020000
[2022-03-14 11:52:47] [0001.599] I> 38) Base:0x84000000 Size:0x00400000
[2022-03-14 11:52:47] [0001.604] I> 39) Base:0x96000000 Size:0x02000000
[2022-03-14 11:52:47] [0001.608] I> 40) Base:0x85000000 Size:0x01200000
[2022-03-14 11:52:47] [0001.613] I> 41) Base:0x275800000 Size:0x00500000
[2022-03-14 11:52:47] [0001.617] I> 42) Base:0x00000000 Size:0x00000000
[2022-03-14 11:52:47] [0001.621] I> 43) Base:0x00000000 Size:0x00000000
[2022-03-14 11:52:47] [0001.626] GIC-SPI Target CPU: 4
[2022-03-14 11:52:47] [0001.629] Interrupts Init done
[2022-03-14 11:52:47] [0001.632] calling constructors
[2022-03-14 11:52:47] [0001.636] initializing heap
[2022-03-14 11:52:48] [0001.638] initializing threads
[2022-03-14 11:52:48] [0001.641] initializing timers
[2022-03-14 11:52:48] [0001.645] creating bootstrap completion thread
[2022-03-14 11:52:48] [0001.649] top of bootstrap2()
[2022-03-14 11:52:48] [0001.652] CPU: ARM Cortex A57
[2022-03-14 11:52:48] [0001.655] CPU: MIDR: 0x411FD073, MPIDR: 0x80000100
[2022-03-14 11:52:48] [0001.661] initializing platform
[2022-03-14 11:52:48] [0001.664] I> Bl_dtb @0x85205400
[2022-03-14 11:52:48] [0001.667] I> gpio framework initialized
[2022-03-14 11:52:48] [0001.673] I> tegrabl_gpio_driver_register: register 'nvidia,tegra186-gpio' driver
[2022-03-14 11:52:48] [0001.683] I> tegrabl_gpio_driver_register: register 'nvidia,tegra186-gpio-aon' driver
[2022-03-14 11:52:48] [0001.691] I> GPIO framework and drivers are initialized.
[2022-03-14 11:52:48] [0001.696] I> Boot-device: eMMC
[2022-03-14 11:52:48] [0001.703] I> sdmmc bdev is already initialized
[2022-03-14 11:52:48] [0001.734] I> Found 19 partitions in SDMMC_BOOT (instance 3)
[2022-03-14 11:52:48] [0001.752] I> Found 33 partitions in SDMMC_USER (instance 3)
[2022-03-14 11:52:48] [0001.757] W> opt-in fuse is not set, skip fuse_burning
[2022-03-14 11:52:48] [0001.762] I> Reserved memory at 0xfbe00000 for U-Boot relocation
[2022-03-14 11:52:48] [0001.768] W> No valid slot number is found in scratch register
[2022-03-14 11:52:48] [0001.774] W> Return default slot: _a
[2022-03-14 11:52:48] [0001.783] I> A/B: bin_type (21) slot 0
[2022-03-14 11:52:48] [0001.787] I> Loading kernel-dtb from partition
[2022-03-14 11:52:48] [0001.791] I> Loading partition kernel-dtb at 0x80000000 from device(0x1)
[2022-03-14 11:52:48] [0001.808] I> Kernel_dtb @0x80000000
[2022-03-14 11:52:48] [0001.811] I> tegrabl_tca9539_init: i2c bus: 0, slave addr: 0xee
[2022-03-14 11:52:48] [0001.822] I> tegrabl_gpio_driver_register: register 'tca9539_gpio_driver' driver
[2022-03-14 11:52:48] [0001.829] I> tegrabl_tca9539_init: i2c bus: 0, slave addr: 0xe8
[2022-03-14 11:52:48] [0001.838] I> tegrabl_gpio_driver_register: register 'tca9539_gpio_driver' driver
[2022-03-14 11:52:48] [0001.848] I> fixed regulator driver initialized
[2022-03-14 11:52:48] [0001.882] I> register 'maxim' power off handle
[2022-03-14 11:52:48] [0001.888] I> virtual i2c enabled
[2022-03-14 11:52:48] [0001.891] I> registered 'maxim,max77620' pmic
[2022-03-14 11:52:48] [0001.895] I> tegrabl_gpio_driver_register: register 'max77620-gpio' driver
[2022-03-14 11:52:48] [0001.909] E> failed to read label property for node 324936: 13
[2022-03-14 11:52:48] [0001.918] E> failed to read reg property for node 325032: 13
[2022-03-14 11:52:48] [0001.926] E> failed to read reg property for node 325084: 13
[2022-03-14 11:52:48] [0001.934] E> failed to read label property for node 325168: 13
[2022-03-14 11:52:48] [0001.943] E> failed to read label property for node 325236: 13
[2022-03-14 11:52:48] [0001.951] E> failed to read reg property for node 325304: 13
[2022-03-14 11:52:48] [0001.959] E> failed to read reg property for node 325376: 13
[2022-03-14 11:52:48] [0001.969] I> Find /i2c@c250000's alias i2c7
[2022-03-14 11:52:48] [0001.973] I> Reading eeprom i2c=7 address=0x50
[2022-03-14 11:52:48] [0002.003] I> Device at /i2c@c250000:0x50
[2022-03-14 11:52:48] [0002.007] I> Reading eeprom i2c=7 address=0x57
[2022-03-14 11:52:48] [0002.035] I> Device at /i2c@c250000:0x57
[2022-03-14 11:52:48] [0002.040] I> Find /i2c@c240000's alias i2c1
[2022-03-14 11:52:48] [0002.044] I> Reading eeprom i2c=1 address=0x51
[2022-03-14 11:52:48] [0002.049] E> I2C: slave not found in slaves.
[2022-03-14 11:52:48] [0002.053] E> I2C: Could not write 0 bytes to slave: 0x00a2 with repeat start true.
[2022-03-14 11:52:48] [0002.061] E> I2C_DEV: Failed to send register address 0x00000000.
[2022-03-14 11:52:48] [0002.066] E> I2C_DEV: Could not read 256 registers of size 1 from slave 0xa2 at 0x00000000 via instance 1.
[2022-03-14 11:52:48] [0002.076] E> eeprom: Retry to read I2C slave device.
[2022-03-14 11:52:48] [0002.081] E> I2C: slave not found in slaves.
[2022-03-14 11:52:48] [0002.085] E> I2C: Could not write 0 bytes to slave: 0x00a2 with repeat start true.
[2022-03-14 11:52:48] [0002.093] E> I2C_DEV: Failed to send register address 0x00000000.
[2022-03-14 11:52:48] [0002.099] E> I2C_DEV: Could not read 256 registers of size 1 from slave 0xa2 at 0x00000000 via instance 1.
[2022-03-14 11:52:48] [0002.108] E> eeprom: Failed to read I2C slave device
[2022-03-14 11:52:48] [0002.113] I> Eeprom read failed 0x3526070d
[2022-03-14 11:52:48] [0002.117] I> Find /i2c@3160000's alias i2c0
[2022-03-14 11:52:48] [0002.121] I> Reading eeprom i2c=0 address=0x50
[2022-03-14 11:52:48] [0002.126] E> I2C: slave not found in slaves.
[2022-03-14 11:52:48] [0002.130] E> I2C: Could not write 0 bytes to slave: 0x00a0 with repeat start true.
[2022-03-14 11:52:48] [0002.138] E> I2C_DEV: Failed to send register address 0x00000000.
[2022-03-14 11:52:48] [0002.143] E> I2C_DEV: Could not read 256 registers of size 1 from slave 0xa0 at 0x00000000 via instance 0.
[2022-03-14 11:52:48] [0002.153] E> eeprom: Failed to read I2C slave device
[2022-03-14 11:52:48] [0002.158] I> Eeprom read failed 0x3526070d
[2022-03-14 11:52:48] [0002.162] I> Find /i2c@3180000's alias i2c2
[2022-03-14 11:52:48] [0002.166] I> Reading eeprom i2c=2 address=0x54
[2022-03-14 11:52:48] [0002.171] I> Enabling gpio chip_id = 2, gpio pin = 9
[2022-03-14 11:52:48] [0002.201] I> Disabling gpio chip_id = 2, gpio pin = 9
[2022-03-14 11:52:48] [0002.206] I> Device at /i2c@3180000:0x54
[2022-03-14 11:52:48] [0002.210] I> Reading eeprom i2c=2 address=0x57
[2022-03-14 11:52:48] [0002.214] I> Enabling gpio chip_id = 2, gpio pin = 9
[2022-03-14 11:52:48] [0002.220] E> I2C: slave not found in slaves.
[2022-03-14 11:52:48] [0002.224] E> I2C: Could not write 0 bytes to slave: 0x00ae with repeat start true.
[2022-03-14 11:52:48] [0002.232] E> I2C_DEV: Failed to send register address 0x00000000.
[2022-03-14 11:52:48] [0002.238] E> I2C_DEV: Could not read 256 registers of size 1 from slave 0xae at 0x00000000 via instance 2.
[2022-03-14 11:52:48] [0002.247] E> eeprom: Failed to read I2C slave device
[2022-03-14 11:52:48] [0002.252] I> Disabling gpio chip_id = 2, gpio pin = 9
[2022-03-14 11:52:48] [0002.257] I> Eeprom read failed 0x00000000
[2022-03-14 11:52:48] [0002.261] I> create_pm_ids: id: 3310-1000-D00-L, len: 15
[2022-03-14 11:52:48] [0002.266] I> config: mem-type:00,power-config:00,misc-config:00,modem-config:00,touch-config:00,display-config:00,, len: 93
[2022-03-14 11:52:48] [0002.277] I> create_pm_ids: id: 2597-0000-900-E, len: 15
[2022-03-14 11:52:48] [0002.282] I> config: mem-type:00,power-config:00,misc-config:00,modem-config:00,touch-config:00,display-config:00,, len: 93
[2022-03-14 11:52:48] [0002.293] I> create_pm_ids: id: 3326-1000-000-M, len: 15
[2022-03-14 11:52:48] [0002.298] I> config: mem-type:ff,power-config:ff,misc-config:ff,modem-config:ff,touch-config:ff,display-config:ff,, len: 93
[2022-03-14 11:52:48] [0002.334] I> enabling 'vdd-hdmi' regulator
[2022-03-14 11:52:48] [0002.349] I> regulator 'vdd-hdmi' already enabled
[2022-03-14 11:52:48] [0002.354] E> tegrabl_display_init_regulator: hdmi cable is not connected
[2022-03-14 11:52:48] [0002.360] E> tegrabl_display_get_pdata, failed to parse dtb settings
[2022-03-14 11:52:48] [0002.369] E> cannot find any other nvdisp nodes
[2022-03-14 11:52:48] [0002.374] E> no valid display unit config found in dtb
[2022-03-14 11:52:48] [0002.379] W> display init failed
[2022-03-14 11:52:48] [0002.382] initializing target
[2022-03-14 11:52:48] [0002.385] calling apps_init()
[2022-03-14 11:52:48] [0002.389] starting app kernel_boot_app
[2022-03-14 11:52:48] [0002.411] I> found decompressor handler: lz4-legacy
[2022-03-14 11:52:48] [0002.415] I> decompressing BMP blob ...
[2022-03-14 11:52:48] [0002.428] I> Kernel type = Normal
[2022-03-14 11:52:48] [0002.431] I> ########## Fixed storage boot ##########
[2022-03-14 11:52:48] [0002.436] I> Loading kernel-bootctrl from partition
[2022-03-14 11:52:48] [0002.440] I> Loading partition kernel-bootctrl at 0xa8000000 from device(0x1)
[2022-03-14 11:52:48] [0002.454] W> tegrabl_get_kernel_bootctrl: magic number(0x00000000) is invalid
[2022-03-14 11:52:48] [0002.461] W> tegrabl_get_kernel_bootctrl: use default dummy boot control data
[2022-03-14 11:52:48] [0002.468] W> No valid slot number is found in scratch register
[2022-03-14 11:52:48] [0002.474] W> Return default slot: _a
[2022-03-14 11:52:48] [0002.477] I> A/B: bin_type (24) slot 0
[2022-03-14 11:52:48] [0002.493] I> Boot image size read from image header: 9913d
[2022-03-14 11:52:48] [0002.498] I> Boot image load address: 0x80400000
[2022-03-14 11:52:48] [0002.503] I> Loading kernel from partition
[2022-03-14 11:52:48] [0002.507] I> Loading partition kernel at 0x80400000 from device(0x1)
[2022-03-14 11:52:49] [0003.449] I> Validate kernel ...
[2022-03-14 11:52:49] [0003.452] I> T18x: Authenticate kernel (bin_type 24), max size 0x4000000
[2022-03-14 11:52:49] [0003.460] I> Decrypt the buffer ... [0003.464] W> tegrabl_decrypt_block: fuse (0x0) is not burnt to do encryption (0x4); skip decryption.
[2022-03-14 11:52:49] [0003.473] I> done
[2022-03-14 11:52:49] [0003.474] I> Checking boot.img header magic ... [0003.479] I> [OK]
[2022-03-14 11:52:49] [0003.480] I> kernel-dtb is already loaded
[2022-03-14 11:52:49] [0003.484] I> Validate kernel-dtb ...
[2022-03-14 11:52:49] [0003.488] I> T18x: Authenticate kernel-dtb (bin_type 21), max size 0x100000
[2022-03-14 11:52:49] [0003.495] I> Decrypt the buffer ... [0003.498] W> tegrabl_decrypt_block: fuse (0x0) is not burnt to do encryption (0x4); skip decryption.
[2022-03-14 11:52:49] [0003.507] I> done
[2022-03-14 11:52:49] [0003.509] I> Kernel hdr @0x80400000
[2022-03-14 11:52:49] [0003.512] I> Kernel dtb @0x80000000
[2022-03-14 11:52:49] [0003.516] I> decompressor handler not found
[2022-03-14 11:52:49] [0003.520] I> Copying kernel image (627005 bytes) from 0x80400800 to 0x80600000 ... [0003.527] I> Done
[2022-03-14 11:52:49] [0003.529] I> Move ramdisk (len: 0) from 0x8049a000 to 0x947d0000
[2022-03-14 11:52:49] [0003.537] I> Updated bpmp info to DTB
[2022-03-14 11:52:49] [0003.543] I> Ramdisk: Base: 0x947d0000; Size: 0x0
[2022-03-14 11:52:49] [0003.547] I> Updated initrd info to DTB
[2022-03-14 11:52:49] [0003.551] W> WARN: Fail to override "console=none" in commandline
[2022-03-14 11:52:49] [0003.557] I> Active rootfs suffix: 
[2022-03-14 11:52:49] [0003.560] E> tegrabl_linuxboot_add_disp_param, du 0 failed to get display params
[2022-03-14 11:52:49] [0003.567] E> tegrabl_linuxboot_add_disp_param, du 0 failed to get display params
[2022-03-14 11:52:49] [0003.574] E> tegrabl_linuxboot_add_disp_param, du 0 failed to get display params
[2022-03-14 11:52:49] [0003.582] I> disabled_core_mask: 0xffffff0c
[2022-03-14 11:52:49] [0003.586] W> No valid slot number is found in scratch register
[2022-03-14 11:52:49] [0003.591] W> Return default slot: _a
[2022-03-14 11:52:49] [0003.595] I> Active slot suffix: 
[2022-03-14 11:52:49] [0003.598] I> add_boot_slot_suffix: slot_suffix = 
[2022-03-14 11:52:49] [0003.602] I> Linux Cmdline: console=ttyS0,115200 androidboot.presilicon=true firmware_class.path=/etc/firmware root=/dev/mmcblk0p1 rw rootwait rootfstype=ext4 console=ttyS0,115200n8 console=tty0 fbcon=map:0 net.ifnames=0 isolcpus=1-2  video=tegrafb earlycon=uart8250,mmio32,0x3100000 nvdumper_reserved=0x2772e0000 gpt rootfs.slot_suffix= usbcore.old_scheme_first=1 tegraid=18.1.2.0.0 maxcpus=6 no_console_suspend boot.slot_suffix= boot.ratchetvalues=0.2031647.1 vpr_resize bl_prof_dataptr=0x10000@0x275840000 sdhci_tegra.en_boot_part_access=1 
[2022-03-14 11:52:50] [0003.650] I> Updated bootarg info to DTB
[2022-03-14 11:52:50] [0003.654] I> eeprom_get_mac_addr: MAC (type: 0): 48:b0:2d:0f:11:c5
[2022-03-14 11:52:50] [0003.660] I> eeprom_get_mac_addr: MAC (type: 1): 48:b0:2d:0f:11:c6
[2022-03-14 11:52:50] [0003.666] I> eeprom_get_mac_addr: MAC (type: 2): 48:b0:2d:0f:11:c7
[2022-03-14 11:52:50] [0003.672] E> Found no plugin manager ids in source DT
[2022-03-14 11:52:50] [0003.677] W> Add plugin manager ids from board info
[2022-03-14 11:52:50] [0003.682] W> "plugin-manager" doesn't exist, creating
[2022-03-14 11:52:50] [0003.687] W> "ids" doesn't exist, creating
[2022-03-14 11:52:50] [0003.691] W> "connection" doesn't exist, creating
[2022-03-14 11:52:50] [0003.696] W> "configs" doesn't exist, creating
[2022-03-14 11:52:50] [0003.700] I> create_pm_ids: id: 3310-1000-D00-L, len: 15
[2022-03-14 11:52:50] [0003.705] I> config: mem-type:00,power-config:00,misc-config:00,modem-config:00,touch-config:00,display-config:00,, len: 93
[2022-03-14 11:52:50] [0003.716] I> create_pm_ids: id: 2597-0000-900-E, len: 15
[2022-03-14 11:52:50] [0003.721] I> config: mem-type:00,power-config:00,misc-config:00,modem-config:00,touch-config:00,display-config:00,, len: 93
[2022-03-14 11:52:50] [0003.732] I> create_pm_ids: id: 3326-1000-000-M, len: 15
[2022-03-14 11:52:50] [0003.737] I> config: mem-type:ff,power-config:ff,misc-config:ff,modem-config:ff,touch-config:ff,display-config:ff,, len: 93
[2022-03-14 11:52:50] [0003.748] I> Adding plugin-manager/ids/3310-1000-D00=/i2c@c250000:module@0x50
[2022-03-14 11:52:50] [0003.755] W> "i2c@c250000" doesn't exist, creating
[2022-03-14 11:52:50] [0003.760] W> "module@0x50" doesn't exist, creating
[2022-03-14 11:52:50] [0003.765] I> Adding plugin-manager/ids/2597-0000-900=/i2c@c250000:module@0x57
[2022-03-14 11:52:50] [0003.772] W> "module@0x57" doesn't exist, creating
[2022-03-14 11:52:50] [0003.777] I> Adding plugin-manager/ids/3326-1000-000=/i2c@3180000:module@0x54
[2022-03-14 11:52:50] [0003.784] W> "i2c@3180000" doesn't exist, creating
[2022-03-14 11:52:50] [0003.789] W> "module@0x54" doesn't exist, creating
[2022-03-14 11:52:50] [0003.796] I> Adding plugin-manager/ids/3310-1000-D00-L
[2022-03-14 11:52:50] [0003.803] I> Adding plugin-manager/configs/3310-mem-type 00
[2022-03-14 11:52:50] [0003.809] I> Adding plugin-manager/configs/3310-power-config 00
[2022-03-14 11:52:50] [0003.815] I> Adding plugin-manager/configs/3310-misc-config 00
[2022-03-14 11:52:50] [0003.820] I> Adding plugin-manager/configs/3310-modem-config 00
[2022-03-14 11:52:50] [0003.826] I> Adding plugin-manager/configs/3310-touch-config 00
[2022-03-14 11:52:50] [0003.832] I> Adding plugin-manager/configs/3310-display-config 00
[2022-03-14 11:52:50] [0003.838] I> Adding plugin-manager/cvm
[2022-03-14 11:52:50] [0003.842] W> "chip-id" doesn't exist, creating
[2022-03-14 11:52:50] [0003.847] I> Adding plugin-manager/chip-id/A02P
[2022-03-14 11:52:50] [0003.851] W> "odm-data" doesn't exist, creating
[2022-03-14 11:52:50] [0003.856] I> Adding /chosen/plugin-manager/odm-data
[2022-03-14 11:52:50] [0003.866] I> added [base:0x80000000, size:0x70000000] to /memory
[2022-03-14 11:52:50] [0003.872] I> added [base:0xf0200000, size:0x185600000] to /memory
[2022-03-14 11:52:50] [0003.877] I> added [base:0x275e00000, size:0x200000] to /memory
[2022-03-14 11:52:50] [0003.883] I> added [base:0x276600000, size:0x200000] to /memory
[2022-03-14 11:52:50] [0003.889] I> added [base:0x277000000, size:0x200000] to /memory
[2022-03-14 11:52:50] [0003.895] I> Updated memory info to DTB
[2022-03-14 11:52:50] [0003.899] E> add_disp_param: failed to get display params for du=0
[2022-03-14 11:52:50] [0003.907] W> "reset" doesn't exist, creating
[2022-03-14 11:52:50] [0003.911] W> "pmc-reset-reason" doesn't exist, creating
[2022-03-14 11:52:50] [0003.917] W> "pmic-reset-reason" doesn't exist, creating
[2022-03-14 11:52:50] [0003.923] I> Adding ecid(00000001646db7851000000013038200) to DT
[2022-03-14 11:52:50] [0003.929] I> disabled_core_mask: 0xffffff0c
[2022-03-14 11:52:50] [0003.942] I> Add serial number:1422420022173 as DT property
[2022-03-14 11:52:50] [0003.951] I> Plugin-manager override starting
[2022-03-14 11:52:50] [0003.956] I> node /plugin-manager/fragement@0 matches
[2022-03-14 11:52:50] [0003.967] I> node /plugin-manager/fragement@4 matches
[2022-03-14 11:52:50] [0003.980] I> node /plugin-manager/fragment-sdwake-p3310-1000-300 matches
[2022-03-14 11:52:50] [0004.000] I> node /plugin-manager/fragement-pmon-p3310-1000-300 matches
[2022-03-14 11:52:50] [0004.009] I> node /plugin-manager/fragement-pmon-p3310-1000-800 matches
[2022-03-14 11:52:50] [0004.018] I> node /plugin-manager/fragment-devslp@0 matches
[2022-03-14 11:52:50] [0004.031] I> node /plugin-manager/fragment-500-pcie-config matches
[2022-03-14 11:52:50] [0004.045] I> node /plugin-manager/fragment-500-xusb-config matches
[2022-03-14 11:52:50] [0004.068] I> node /plugin-manager/fragment-p3310-c00-comm matches
[2022-03-14 11:52:50] [0004.082] I> node /plugin-manager/fragment-p3310-c00-pmic matches
[2022-03-14 11:52:50] [0004.093] I> node /plugin-manager/fragment-p3310-c01 matches
[2022-03-14 11:52:50] [0004.106] I> node /plugin-manager/fragment-p3310-c03 matches
[2022-03-14 11:52:50] [0004.148] I> node /plugin-manager/fragment-e3326@0 matches
[2022-03-14 11:52:50] [0004.230] I> node /plugin-manager/fragment-p3310-c00-camera matches
[2022-03-14 11:52:50] [0004.257] I> Disable plugin-manager status in FDT
[2022-03-14 11:52:50] [0004.262] I> Plugin-manager override finished successfully
[2022-03-14 11:52:50] [0004.267] I> tegrabl_load_kernel_and_dtb: Done
[2022-03-14 11:52:50] [0004.271] E> tegrabl_display_clear: display is not initialized
[2022-03-14 11:52:50] [0004.277] W> Boot logo display failed...
[2022-03-14 11:52:50] [0004.281] I> Kernel EP: 0x80600000, DTB: 0x80000000
[2022-03-14 11:52:50] 
[2022-03-14 11:52:50] 
[2022-03-14 11:52:50] U-Boot 2020.04-g46e4604c78 (Jul 26 2021 - 12:10:58 -0700)
[2022-03-14 11:52:50] 
[2022-03-14 11:52:50] SoC: tegra186
[2022-03-14 11:52:50] Model: NVIDIA P2771-0000-500
[2022-03-14 11:52:50] Board: NVIDIA P2771-0000
[2022-03-14 11:52:50] DRAM:  7.8 GiB
[2022-03-14 11:52:50] MMC:   sdhci@3400000: 1, sdhci@3460000: 0
[2022-03-14 11:52:50] Loading Environment from MMC... *** Warning - bad CRC, using default environment
[2022-03-14 11:52:50] 
[2022-03-14 11:52:50] In:    serial
[2022-03-14 11:52:50] Out:   serial
[2022-03-14 11:52:50] Err:   serial
[2022-03-14 11:52:50] Net:   
[2022-03-14 11:52:50] Warning: ethernet@2490000 using MAC address from ROM
[2022-03-14 11:52:50] eth0: ethernet@2490000
[2022-03-14 11:52:50] Hit any key to stop autoboot:  2  1  0 
[2022-03-14 11:52:52] MMC: no card present
[2022-03-14 11:52:52] switch to partitions #0, OK
[2022-03-14 11:52:52] mmc0(part 0) is current device
[2022-03-14 11:52:53] Scanning mmc 0:1...
[2022-03-14 11:52:53] Found /boot/extlinux/extlinux.conf
[2022-03-14 11:52:53] Retrieving file: /boot/extlinux/extlinux.conf
[2022-03-14 11:52:53] 858 bytes read in 22 ms (38.1 KiB/s)
[2022-03-14 11:52:53] 1:	primary kernel
[2022-03-14 11:52:53] Retrieving file: /boot/initrd
[2022-03-14 11:52:53] 7238344 bytes read in 201 ms (34.3 MiB/s)
[2022-03-14 11:52:53] Retrieving file: /boot/Image
[2022-03-14 11:52:54] 34484232 bytes read in 830 ms (39.6 MiB/s)
[2022-03-14 11:52:54] append: console=ttyS0,115200 androidboot.presilicon=true firmware_class.path=/etc/firmware root=/dev/mmcblk0p1 rw rootwait rootfstype=ext4 console=ttyS0,115200n8 console=tty0 fbcon=map:0 net.ifnames=0 isolcpus=1-2  video=tegrafb earlycon=uart8250,mmio32,0x3100000 nvdumper_reserved=0x2772e0000 gpt rootfs.slot_suffix= usbcore.old_scheme_first=1 tegraid=18.1.2.0.0 maxcpus=6 no_console_suspend boot.slot_suffix= boot.ratchetvalues=0.2031647.1 vpr_resize bl_prof_dataptr=0x10000@0x275840000 sdhci_tegra.en_boot_part_access=1 quiet root=/dev/mmcblk0p1 rw rootwait rootfstype=ext4 console=ttyS0,115200n8 console=tty0 fbcon=map:0 net.ifnames=0 isolcpus=1-2 
[2022-03-14 11:52:54] ## Flattened Device Tree blob at 80000000
[2022-03-14 11:52:54]    Booting using the fdt blob at 0x80000000
[2022-03-14 11:52:54] ERROR: reserving fdt memory region failed (addr=0 size=0)
[2022-03-14 11:52:54] ERROR: reserving fdt memory region failed (addr=0 size=0)
[2022-03-14 11:52:54] ERROR: reserving fdt memory region failed (addr=0 size=0)
[2022-03-14 11:52:54]    Using Device Tree in place at 0000000080000000, end 0000000080060aa3
[2022-03-14 11:52:54] copying carveout for /host1x@13e00000/display-hub@15200000/display@15200000...
[2022-03-14 11:52:54] copying carveout for /host1x@13e00000/display-hub@15200000/display@15210000...
[2022-03-14 11:52:54] copying carveout for /host1x@13e00000/display-hub@15200000/display@15220000...
[2022-03-14 11:52:54] 
[2022-03-14 11:52:54] Starting kernel ...
[2022-03-14 11:52:54] 
[2022-03-14 11:52:54] [    0.000000] Booting Linux on physical CPU 0x100
[2022-03-14 11:52:54] [    0.000000] Linux version 4.9.253-tegra (buildbrain@mobile-u64-5497-d3000) (gcc version 7.3.1 20180425 [linaro-7.3-2018.05 revision d29120a424ecfbc167ef90065c0eeb7f91977701] (Linaro GCC 7.3-2018.05) ) #1 SMP PREEMPT Mon Jul 26 12:19:28 PDT 2021
[2022-03-14 11:52:54] [    0.000000] Boot CPU: AArch64 Processor [411fd073]
[2022-03-14 11:52:54] [    0.000000] OF: fdt:memory scan node memory@80000000, reg size 80,
[2022-03-14 11:52:54] [    0.000000] OF: fdt: - 80000000 ,  70000000
[2022-03-14 11:52:54] [    0.000000] OF: fdt: - f0200000 ,  185600000
[2022-03-14 11:52:54] [    0.000000] OF: fdt: - 275e00000 ,  200000
[2022-03-14 11:52:54] [    0.000000] OF: fdt: - 276600000 ,  200000
[2022-03-14 11:52:54] [    0.000000] OF: fdt: - 277000000 ,  200000
[2022-03-14 11:52:54] [    0.000000] earlycon: uart8250 at MMIO32 0x0000000003100000 (options '')
[2022-03-14 11:52:54] [    0.000000] bootconsole [uart8250] enabled
[2022-03-14 11:52:56] [    1.887809] cgroup: cgroup2: unknown option "nsdelegate"
[2022-03-14 11:52:57] [    2.815231] using random self ethernet address
[2022-03-14 11:52:57] [    2.820853] using random host ethernet address
[2022-03-14 11:52:58] [    2.999067] FAT-fs (loop0): Volume was not properly unmounted. Some data may be corrupt. Please run fsck.
[2022-03-14 11:52:58] [    3.262599] random: crng init done
[2022-03-14 11:52:58] [    3.266006] random: 7 urandom warning(s) missed due to ratelimiting
[2022-03-14 11:52:58] [    3.591099] using random self ethernet address
[2022-03-14 11:52:58] [    3.595914] using random host ethernet address
[2022-03-14 11:52:58] [    3.807652] CPU1: shutdown
[2022-03-14 11:52:58] [    3.864361] CPU2: shutdown
[2022-03-14 11:52:59] [    4.884831] Bridge firewalling registered
[2022-03-14 11:53:03] 
[2022-03-14 11:53:03] Ubuntu 18.04.5 LTS JTX2-A ttyS0
[2022-03-14 11:53:03] 
[2022-03-14 11:53:03] JTX2-A login: [   23.060560] CPU4: SError detected, daif=1c0, spsr=0x800000c5, mpidr=80000102, esr=bf40c000
[2022-03-14 11:53:18] [   23.060562] CPU5: SError detected, daif=1c0, spsr=0x800000c5, mpidr=80000103, esr=bf40c000
[2022-03-14 11:53:18] [   23.060565] CPU0: SError detected, daif=1c0, spsr=0x800000c5, mpidr=80000100, esr=bf40c000
[2022-03-14 11:53:18] [   23.060568] CPU3: SError detected, daif=1c0, spsr=0x80000000, mpidr=80000101, esr=bf40c000
[2022-03-14 11:53:18] [   23.060568] **************************************
[2022-03-14 11:53:18] [   23.060573] A57 CPU Memory Error on CPU 5 (A57 Core 3)
[2022-03-14 11:53:18] [   23.060574] 	ESR:               0xbf40c000
[2022-03-14 11:53:18] [   23.060576] 	L2MERRSR: 0xc00913d0f28
[2022-03-14 11:53:18] [   23.060578] 	L2 Data RAM: 0x11
[2022-03-14 11:53:18] [   23.060579] 	CPU ID of Error:    7
[2022-03-14 11:53:18] [   23.060580] 	WAY of Error:       1
[2022-03-14 11:53:18] [   23.060581] 	Index of Error:     69416
[2022-03-14 11:53:18] [   23.060582] 	Repeat Error Count: 0
[2022-03-14 11:53:18] [   23.060583] 	Other Error Count:  12
[2022-03-14 11:53:18] [   23.060583] **************************************
[2022-03-14 11:53:18] [   23.062440] ROC:CCE Machine Check Error:
[2022-03-14 11:53:18] [   23.062444] 	Address Type = Non-Secure DRAM
[2022-03-14 11:53:18] [   23.062469] 	Address = 0x803d3288 -- System RAM + 0x3d3288
[2022-03-14 11:53:18] [   23.062667] Bad mode in Error handler detected on CPU5, code 0xbf40c000 -- SError
[2022-03-14 11:53:18] [   23.062668] **************************************
[2022-03-14 11:53:18] [   23.062669] A57 CPU Memory Error on CPU 0 (A57 Core 0)
[2022-03-14 11:53:18] [   23.062670] Kernel panic - not syncing: bad mode
[2022-03-14 11:53:18] [   23.062671] 	ESR:               0xbf40c000
[2022-03-14 11:53:18] [   23.062672] 	CPUMERRSR: 0x89003750
[2022-03-14 11:53:18] [   23.062674] CPU: 5 PID: 0 Comm: swapper/5 Not tainted 4.9.253-tegra #1
[2022-03-14 11:53:18] [   23.062675] 	Data L1 Data RAM: 0x9
[2022-03-14 11:53:18] [   23.062676] Hardware name: quill (DT)
[2022-03-14 11:53:18] [   23.062677] 	Bank/Way of Error:  0x0
[2022-03-14 11:53:18] [   23.062678] Call trace:
[2022-03-14 11:53:18] [   23.062679] 	Index of Error:     0x3750
[2022-03-14 11:53:18] [   23.062686] [<ffffff800808ba40>] dump_backtrace+0x0/0x198
[2022-03-14 11:53:18] [   23.062687] 	Repeat Error Count: 0
[2022-03-14 11:53:18] [   23.062689] [<ffffff800808c004>] show_stack+0x24/0x30
[2022-03-14 11:53:18] [   23.062690] 	Other Error Count:  0
[2022-03-14 11:53:18] [   23.062694] [<ffffff8008f6121c>] dump_stack+0xa0/0xc4
[2022-03-14 11:53:18] [   23.062695] **************************************
[2022-03-14 11:53:18] [   23.062698] [<ffffff8008f5e2c0>] panic+0x12c/0x2a8
[2022-03-14 11:53:18] [   23.062700] [<ffffff800808c894>] bad_mode+0x7c/0x80
[2022-03-14 11:53:18] [   23.062702] [<ffffff800808ca5c>] handle_serr+0x124/0x128
[2022-03-14 11:53:18] [   23.062704] [<ffffff8008082d98>] el1_serr+0xb0/0x144
[2022-03-14 11:53:18] [   23.062708] [<ffffff8008ba09ac>] cpuidle_enter_state+0x84/0x380
[2022-03-14 11:53:18] [   23.062710] [<ffffff8008ba0d1c>] cpuidle_enter+0x34/0x48
[2022-03-14 11:53:18] [   23.062713] [<ffffff800811139c>] call_cpuidle+0x44/0x70
[2022-03-14 11:53:18] [   23.062715] [<ffffff8008111718>] cpu_startup_entry+0x1b0/0x200
[2022-03-14 11:53:18] [   23.062718] [<ffffff8008091cf8>] secondary_start_kernel+0x190/0x1f8
[2022-03-14 11:53:18] [   23.062719] [<000000008116e1a8>] 0x8116e1a8
[2022-03-14 11:53:18] [   23.062724] SMP: stopping secondary CPUs
[2022-03-14 11:53:18] [   23.062898] Bad mode in Error handler detected on CPU0, code 0xbf40c000 -- SError
[2022-03-14 11:53:19] [   24.112569] SMP: failed to stop secondary CPUs 0,5
[2022-03-14 11:53:19] [   24.117351] Kernel Offset: disabled
[2022-03-14 11:53:19] [   24.120831] Memory Limit: none
[2022-03-14 11:53:19] [   24.123877] trusty-log panic notifier - trusty version Built: 12:20:14 Jul 26 2021 [   24.136229] Rebooting in 5 seconds..
[2022-03-14 11:53:24] [   29.140017] SMP: stopping secondary CPUs
[2022-03-14 11:53:25] [   30.193868] SMP: failed to stop secondary CPUs 0,5
[2022-03-14 11:53:25] [0000.163] I> Welcome to MB2(TBoot-BPMP)(version: 01.00.160913-t186-M-00.00-mobile-c368a720)
[2022-03-14 11:53:25] [0000.172] I> Boot-device: eMMC
[2022-03-14 11:53:25] [0000.179] I> sdmmc bdev is already initialized
[2022-03-14 11:53:25] [0000.183] I> pmic: reset reason (nverc)	: 0x0
[2022-03-14 11:53:25] [0000.216] I> Found 19 partitions in SDMMC_BOOT (instance 3)
[2022-03-14 11:53:25] [0000.236] I> Found 33 partitions in SDMMC_USER (instance 3)
[2022-03-14 11:53:25] [0000.242] W> No valid slot number is found in scratch register
[2022-03-14 11:53:25] [0000.248] W> Return default slot: _a
[2022-03-14 11:53:25] [0000.251] I> A/B: bin_type (16) slot 0
[2022-03-14 11:53:25] [0000.255] I> Loading partition bpmp-fw at 0xd7800000
[2022-03-14 11:53:25] [0000.260] I> Reading two headers - addr:0xd7800000 blocks:1
[2022-03-14 11:53:25] [0000.265] I> Addr: 0xd7800000, start-block: 58777608, num_blocks: 1
[2022-03-14 11:53:25] [0000.290] I> Binary(16) of size 534416 is loaded @ 0xd7800000
[2022-03-14 11:53:25] [0000.296] W> No valid slot number is found in scratch register
[2022-03-14 11:53:25] [0000.302] W> Return default slot: _a
[2022-03-14 11:53:25] [0000.305] I> A/B: bin_type (17) slot 0
[2022-03-14 11:53:25] [0000.309] I> Loading partition bpmp-fw-dtb at 0xd79f0000
[2022-03-14 11:53:25] [0000.314] I> Reading two headers - addr:0xd79f0000 blocks:1
[2022-03-14 11:53:25] [0000.319] I> Addr: 0xd79f0000, start-block: 58780024, num_blocks: 1
[2022-03-14 11:53:25] [0000.345] I> Binary(17) of size 604720 is loaded @ 0xd796c400
[2022-03-14 11:53:25] [0000.573] I> Loading SCE-FW ...
[2022-03-14 11:53:25] [0000.576] W> No valid slot number is found in scratch register
[2022-03-14 11:53:25] [0000.582] W> Return default slot: _a
[2022-03-14 11:53:25] [0000.585] I> A/B: bin_type (12) slot 0
[2022-03-14 11:53:25] [0000.589] I> Loading partition sce-fw at 0xd7300000
[2022-03-14 11:53:25] [0000.594] I> Reading two headers - addr:0xd7300000 blocks:1
[2022-03-14 11:53:25] [0000.599] I> Addr: 0xd7300000, start-block: 58784120, num_blocks: 1
[2022-03-14 11:53:25] [0000.618] I> Binary(12) of size 125632 is loaded @ 0xd7300000
[2022-03-14 11:53:25] [0000.624] I> Init SCE
[2022-03-14 11:53:25] [0000.626] I> Loading APE-FW ...
[2022-03-14 11:53:25] [0000.629] W> No valid slot number is found in scratch register
[2022-03-14 11:53:25] [0000.635] W> Return default slot: _a
[2022-03-14 11:53:25] [0000.639] I> A/B: bin_type (11) slot 0
[2022-03-14 11:53:25] [0000.642] I> Loading partition adsp-fw at 0xd7400000
[2022-03-14 11:53:25] [0000.647] I> Reading two headers - addr:0xd7400000 blocks:1
[2022-03-14 11:53:25] [0000.652] I> Addr: 0xd7400000, start-block: 58761224, num_blocks: 1
[2022-03-14 11:53:25] [0000.671] I> Binary(11) of size 77216 is loaded @ 0xd7400000
[2022-03-14 11:53:25] [0000.677] I> Copy BTCM section
[2022-03-14 11:53:25] [0000.680] W> No valid slot number is found in scratch register
[2022-03-14 11:53:25] [0000.686] W> Return default slot: _a
[2022-03-14 11:53:25] [0000.689] I> A/B: bin_type (13) slot 0
[2022-03-14 11:53:25] [0000.693] I> Loading partition cpu-bootloader at 0x96000000
[2022-03-14 11:53:25] [0000.698] I> Reading two headers - addr:0x96000000 blocks:1
[2022-03-14 11:53:25] [0000.704] I> Addr: 0x96000000, start-block: 58740744, num_blocks: 1
[2022-03-14 11:53:25] [0000.725] I> Binary(13) of size 308800 is loaded @ 0x96000000
[2022-03-14 11:53:25] [0000.731] W> No valid slot number is found in scratch register
[2022-03-14 11:53:26] [0000.737] W> Return default slot: _a
[2022-03-14 11:53:26] [0000.740] I> A/B: bin_type (20) slot 0
[2022-03-14 11:53:26] [0000.744] I> Loading partition bootloader-dtb at 0x85205400
[2022-03-14 11:53:26] [0000.749] I> Reading two headers - addr:0x85205400 blocks:1
[2022-03-14 11:53:26] [0000.754] I> Addr: 0x85205400, start-block: 58742792, num_blocks: 1
[2022-03-14 11:53:26] [0000.776] I> Binary(20) of size 375568 is loaded @ 0x85205400
[2022-03-14 11:53:26] [0000.782] W> No valid slot number is found in scratch register
[2022-03-14 11:53:26] [0000.788] W> Return default slot: _a
[2022-03-14 11:53:26] [0000.791] I> A/B: bin_type (14) slot 0
[2022-03-14 11:53:26] [0000.795] I> Loading partition secure-os at 0x85305600
[2022-03-14 11:53:26] [0000.800] I> Reading two headers - addr:0x85305600 blocks:1
[2022-03-14 11:53:26] [0000.805] I> Addr: 0x85305600, start-block: 58744840, num_blocks: 1
[2022-03-14 11:53:26] [0000.827] I> Binary(14) of size 402864 is loaded @ 0x85305600
[2022-03-14 11:53:26] [0000.835] I> TOS boot-params @ 0x85000000
[2022-03-14 11:53:26] [0000.839] I> TOS params prepared
[2022-03-14 11:53:26] [0000.842] I> Loading EKS ...
[2022-03-14 11:53:26] [0000.845] I> A/B: bin_type (15) slot 0
[2022-03-14 11:53:26] [0000.848] I> Loading partition eks at 0x85905800
[2022-03-14 11:53:26] [0000.853] I> Reading two headers - addr:0x85905800 blocks:1
[2022-03-14 11:53:26] [0000.858] I> Addr: 0x85905800, start-block: 58757128, num_blocks: 1
[2022-03-14 11:53:26] [0000.877] I> Binary(15) of size 1040 is loaded @ 0x85905800
[2022-03-14 11:53:26] [0000.883] I> EKB detected (length: 0x400) @ 0x85905800
[2022-03-14 11:53:26] [0000.888] I> Copied encrypted keys
[2022-03-14 11:53:26] [0000.891] I> boot profiler @ 0x275844000
[2022-03-14 11:53:26] [0000.895] I> boot profiler for TOS @ 0x275844000
[2022-03-14 11:53:26] [0000.900] I> Unhalting SCE
[2022-03-14 11:53:26] [0000.903] I> Primary Memory Start:80000000 Size:70000000
[2022-03-14 11:53:26] [0000.908] I> Extended Memory Start:f0110000 Size:1856f0000
[2022-03-14 11:53:26] [0000.915] I> MB2(TBoot-BPMP) done
[2022-03-14 11:53:26] 
[2022-03-14 11:53:26] NOTICE:  BL31: v1.3(release):b5eeb33f7
[2022-03-14 11:53:26] NOTICE:  BL31: Built : 12:15:17, Jul 26 2021
[2022-03-14 11:53:26] ipc-unittest-main: 1519: Welcome to IPC unittest!!!
[2022-03-14 11:53:26] ipc-unittest-main: 1531: waiting forever
[2022-03-14 11:53:26] ipc-unittest-srv: 329: Init unittest services!!!
[2022-03-14 11:53:26] hwkey-agent: 41: hwkey-agent is running!!
[2022-03-14 11:53:26] hwkey-agent: 315: key_mgnt_processing .......
[2022-03-14 11:53:26] hwkey-agent: 223: Setting EKB key 0 to slot 14
[2022-03-14 11:53:26] hwkey-agent: 178: Init hweky-agent services!!
[2022-03-14 11:53:26] luks-srv: 40: luks-srv is running!!
[2022-03-14 11:53:26] luks-srv: 157: Init luks-srv IPC services!!
[2022-03-14 11:53:26] platform_bootstrap_epilog: trusty bootstrap complete
[2022-03-14 11:53:26] [0001.287] I> Welcome to Cboot
[2022-03-14 11:53:26] [0001.289] I> Cboot Version: t186-00029e71
[2022-03-14 11:53:26] [0001.293] I> CPU-BL Params @ 0x275800000
[2022-03-14 11:53:26] [0001.297] I>  0) Base:0x00000000 Size:0x00000000
[2022-03-14 11:53:26] [0001.301] I>  1) Base:0x277f00000 Size:0x00100000
[2022-03-14 11:53:26] [0001.306] I>  2) Base:0x277e00000 Size:0x00100000
[2022-03-14 11:53:26] [0001.310] I>  3) Base:0x277d00000 Size:0x00100000
[2022-03-14 11:53:26] [0001.315] I>  4) Base:0x277c00000 Size:0x00100000
[2022-03-14 11:53:26] [0001.320] I>  5) Base:0x277b00000 Size:0x00100000
[2022-03-14 11:53:26] [0001.324] I>  6) Base:0x277800000 Size:0x00200000
[2022-03-14 11:53:26] [0001.329] I>  7) Base:0x277400000 Size:0x00400000
[2022-03-14 11:53:26] [0001.333] I>  8) Base:0x277a00000 Size:0x00100000
[2022-03-14 11:53:26] [0001.338] I>  9) Base:0x277300000 Size:0x00100000
[2022-03-14 11:53:26] [0001.342] I> 10) Base:0x276800000 Size:0x00800000
[2022-03-14 11:53:26] [0001.347] I> 11) Base:0x30000000 Size:0x00040000
[2022-03-14 11:53:26] [0001.351] I> 12) Base:0xf0000000 Size:0x00100000
[2022-03-14 11:53:26] [0001.355] I> 13) Base:0x30040000 Size:0x00001000
[2022-03-14 11:53:26] [0001.360] I> 14) Base:0x30048000 Size:0x00001000
[2022-03-14 11:53:26] [0001.364] I> 15) Base:0x30049000 Size:0x00001000
[2022-03-14 11:53:26] [0001.369] I> 16) Base:0x3004a000 Size:0x00001000
[2022-03-14 11:53:26] [0001.373] I> 17) Base:0x3004b000 Size:0x00001000
[2022-03-14 11:53:26] [0001.378] I> 18) Base:0x3004c000 Size:0x00001000
[2022-03-14 11:53:26] [0001.382] I> 19) Base:0x3004d000 Size:0x00001000
[2022-03-14 11:53:26] [0001.387] I> 20) Base:0x3004e000 Size:0x00001000
[2022-03-14 11:53:26] [0001.391] I> 21) Base:0x3004f000 Size:0x00001000
[2022-03-14 11:53:26] [0001.395] I> 22) Base:0x00000000 Size:0x00000000
[2022-03-14 11:53:26] [0001.400] I> 23) Base:0xf0100000 Size:0x00010000
[2022-03-14 11:53:26] [0001.404] I> 24) Base:0x00000000 Size:0x00000000
[2022-03-14 11:53:26] [0001.409] I> 25) Base:0x00000000 Size:0x00000000
[2022-03-14 11:53:26] [0001.413] I> 26) Base:0x00000000 Size:0x00000000
[2022-03-14 11:53:26] [0001.418] I> 27) Base:0x00000000 Size:0x00000000
[2022-03-14 11:53:26] [0001.422] I> 28) Base:0x84400000 Size:0x00400000
[2022-03-14 11:53:26] [0001.426] I> 29) Base:0x30000000 Size:0x00010000
[2022-03-14 11:53:26] [0001.431] I> 30) Base:0x278000000 Size:0x08000000
[2022-03-14 11:53:26] [0001.435] I> 31) Base:0x00000000 Size:0x00000000
[2022-03-14 11:53:26] [0001.440] I> 32) Base:0x276000000 Size:0x00600000
[2022-03-14 11:53:26] [0001.444] I> 33) Base:0x80000000 Size:0x70000000
[2022-03-14 11:53:26] [0001.449] I> 34) Base:0xf0110000 Size:0x1856f0000
[2022-03-14 11:53:26] [0001.453] I> 35) Base:0x00000000 Size:0x00000000
[2022-03-14 11:53:26] [0001.458] I> 36) Base:0x00000000 Size:0x00000000
[2022-03-14 11:53:26] [0001.462] I> 37) Base:0x2772e0000 Size:0x00020000
[2022-03-14 11:53:26] [0001.467] I> 38) Base:0x84000000 Size:0x00400000
[2022-03-14 11:53:26] [0001.471] I> 39) Base:0x96000000 Size:0x02000000
[2022-03-14 11:53:26] [0001.475] I> 40) Base:0x85000000 Size:0x01200000
[2022-03-14 11:53:26] [0001.480] I> 41) Base:0x275800000 Size:0x00500000
[2022-03-14 11:53:26] [0001.484] I> 42) Base:0x00000000 Size:0x00000000
[2022-03-14 11:53:26] [0001.489] I> 43) Base:0x00000000 Size:0x00000000
[2022-03-14 11:53:26] [0001.493] GIC-SPI Target CPU: 4
[2022-03-14 11:53:26] [0001.497] Interrupts Init done
[2022-03-14 11:53:26] [0001.500] calling constructors
[2022-03-14 11:53:26] [0001.503] initializing heap
[2022-03-14 11:53:26] [0001.506] initializing threads
[2022-03-14 11:53:26] [0001.509] initializing timers
[2022-03-14 11:53:26] [0001.512] creating bootstrap completion thread
[2022-03-14 11:53:26] [0001.517] top of bootstrap2()
[2022-03-14 11:53:26] [0001.520] CPU: ARM Cortex A57
[2022-03-14 11:53:26] [0001.523] CPU: MIDR: 0x411FD073, MPIDR: 0x80000100
[2022-03-14 11:53:26] [0001.528] initializing platform
[2022-03-14 11:53:26] [0001.531] I> Bl_dtb @0x85205400
[2022-03-14 11:53:26] [0001.534] I> gpio framework initialized
[2022-03-14 11:53:26] [0001.541] I> tegrabl_gpio_driver_register: register 'nvidia,tegra186-gpio' driver
[2022-03-14 11:53:26] [0001.551] I> tegrabl_gpio_driver_register: register 'nvidia,tegra186-gpio-aon' driver
[2022-03-14 11:53:26] [0001.559] I> GPIO framework and drivers are initialized.
[2022-03-14 11:53:26] [0001.564] I> Boot-device: eMMC
[2022-03-14 11:53:26] [0001.571] I> sdmmc bdev is already initialized
[2022-03-14 11:53:26] [0001.602] I> Found 19 partitions in SDMMC_BOOT (instance 3)
[2022-03-14 11:53:26] [0001.619] I> Found 33 partitions in SDMMC_USER (instance 3)
[2022-03-14 11:53:26] [0001.625] W> opt-in fuse is not set, skip fuse_burning
[2022-03-14 11:53:26] [0001.630] I> Reserved memory at 0xfbe00000 for U-Boot relocation
[2022-03-14 11:53:26] [0001.635] W> No valid slot number is found in scratch register
[2022-03-14 11:53:26] [0001.641] W> Return default slot: _a
[2022-03-14 11:53:26] [0001.651] I> A/B: bin_type (21) slot 0
[2022-03-14 11:53:26] [0001.654] I> Loading kernel-dtb from partition
[2022-03-14 11:53:26] [0001.658] I> Loading partition kernel-dtb at 0x80000000 from device(0x1)
[2022-03-14 11:53:26] [0001.676] I> Kernel_dtb @0x80000000
[2022-03-14 11:53:26] [0001.679] I> tegrabl_tca9539_init: i2c bus: 0, slave addr: 0xee
[2022-03-14 11:53:26] [0001.689] I> tegrabl_gpio_driver_register: register 'tca9539_gpio_driver' driver
[2022-03-14 11:53:26] [0001.696] I> tegrabl_tca9539_init: i2c bus: 0, slave addr: 0xe8
[2022-03-14 11:53:26] [0001.705] I> tegrabl_gpio_driver_register: register 'tca9539_gpio_driver' driver
[2022-03-14 11:53:26] [0001.716] I> fixed regulator driver initialized
[2022-03-14 11:53:27] [0001.749] I> register 'maxim' power off handle
[2022-03-14 11:53:27] [0001.755] I> virtual i2c enabled
[2022-03-14 11:53:27] [0001.758] I> registered 'maxim,max77620' pmic
[2022-03-14 11:53:27] [0001.763] I> tegrabl_gpio_driver_register: register 'max77620-gpio' driver
[2022-03-14 11:53:27] [0001.777] E> failed to read label property for node 324936: 13
[2022-03-14 11:53:27] [0001.785] E> failed to read reg property for node 325032: 13
[2022-03-14 11:53:27] [0001.793] E> failed to read reg property for node 325084: 13
[2022-03-14 11:53:27] [0001.802] E> failed to read label property for node 325168: 13
[2022-03-14 11:53:27] [0001.810] E> failed to read label property for node 325236: 13
[2022-03-14 11:53:27] [0001.818] E> failed to read reg property for node 325304: 13
[2022-03-14 11:53:27] [0001.827] E> failed to read reg property for node 325376: 13
[2022-03-14 11:53:27] [0001.837] I> Find /i2c@c250000's alias i2c7
[2022-03-14 11:53:27] [0001.841] I> Reading eeprom i2c=7 address=0x50
[2022-03-14 11:53:27] [0001.870] I> Device at /i2c@c250000:0x50
[2022-03-14 11:53:27] [0001.874] I> Reading eeprom i2c=7 address=0x57
[2022-03-14 11:53:27] [0001.903] I> Device at /i2c@c250000:0x57
[2022-03-14 11:53:27] [0001.907] I> Find /i2c@c240000's alias i2c1
[2022-03-14 11:53:27] [0001.911] I> Reading eeprom i2c=1 address=0x51
[2022-03-14 11:53:27] [0001.916] E> I2C: slave not found in slaves.
[2022-03-14 11:53:27] [0001.920] E> I2C: Could not write 0 bytes to slave: 0x00a2 with repeat start true.
[2022-03-14 11:53:27] [0001.928] E> I2C_DEV: Failed to send register address 0x00000000.
[2022-03-14 11:53:27] [0001.934] E> I2C_DEV: Could not read 256 registers of size 1 from slave 0xa2 at 0x00000000 via instance 1.
[2022-03-14 11:53:27] [0001.943] E> eeprom: Retry to read I2C slave device.
[2022-03-14 11:53:27] [0001.948] E> I2C: slave not found in slaves.
[2022-03-14 11:53:27] [0001.952] E> I2C: Could not write 0 bytes to slave: 0x00a2 with repeat start true.
[2022-03-14 11:53:27] [0001.960] E> I2C_DEV: Failed to send register address 0x00000000.
[2022-03-14 11:53:27] [0001.966] E> I2C_DEV: Could not read 256 registers of size 1 from slave 0xa2 at 0x00000000 via instance 1.
[2022-03-14 11:53:27] [0001.976] E> eeprom: Failed to read I2C slave device
[2022-03-14 11:53:27] [0001.980] I> Eeprom read failed 0x3526070d
[2022-03-14 11:53:27] [0001.985] I> Find /i2c@3160000's alias i2c0
[2022-03-14 11:53:27] [0001.989] I> Reading eeprom i2c=0 address=0x50
[2022-03-14 11:53:27] [0001.993] E> I2C: slave not found in slaves.
[2022-03-14 11:53:27] [0001.997] E> I2C: Could not write 0 bytes to slave: 0x00a0 with repeat start true.
[2022-03-14 11:53:27] [0002.005] E> I2C_DEV: Failed to send register address 0x00000000.
[2022-03-14 11:53:27] [0002.011] E> I2C_DEV: Could not read 256 registers of size 1 from slave 0xa0 at 0x00000000 via instance 0.
[2022-03-14 11:53:27] [0002.020] E> eeprom: Failed to read I2C slave device
[2022-03-14 11:53:27] [0002.025] I> Eeprom read failed 0x3526070d
[2022-03-14 11:53:27] [0002.030] I> Find /i2c@3180000's alias i2c2
[2022-03-14 11:53:27] [0002.034] I> Reading eeprom i2c=2 address=0x54
[2022-03-14 11:53:27] [0002.038] I> Enabling gpio chip_id = 2, gpio pin = 9
[2022-03-14 11:53:27] [0002.069] I> Disabling gpio chip_id = 2, gpio pin = 9
[2022-03-14 11:53:27] [0002.074] I> Device at /i2c@3180000:0x54
[2022-03-14 11:53:27] [0002.078] I> Reading eeprom i2c=2 address=0x57
[2022-03-14 11:53:27] [0002.082] I> Enabling gpio chip_id = 2, gpio pin = 9
[2022-03-14 11:53:27] [0002.088] E> I2C: slave not found in slaves.
[2022-03-14 11:53:27] [0002.092] E> I2C: Could not write 0 bytes to slave: 0x00ae with repeat start true.
[2022-03-14 11:53:27] [0002.099] E> I2C_DEV: Failed to send register address 0x00000000.
[2022-03-14 11:53:27] [0002.105] E> I2C_DEV: Could not read 256 registers of size 1 from slave 0xae at 0x00000000 via instance 2.
[2022-03-14 11:53:27] [0002.115] E> eeprom: Failed to read I2C slave device
[2022-03-14 11:53:27] [0002.120] I> Disabling gpio chip_id = 2, gpio pin = 9
[2022-03-14 11:53:27] [0002.125] I> Eeprom read failed 0x00000000
[2022-03-14 11:53:27] [0002.129] I> create_pm_ids: id: 3310-1000-D00-L, len: 15
[2022-03-14 11:53:27] [0002.134] I> config: mem-type:00,power-config:00,misc-config:00,modem-config:00,touch-config:00,display-config:00,, len: 93
[2022-03-14 11:53:27] [0002.145] I> create_pm_ids: id: 2597-0000-900-E, len: 15
[2022-03-14 11:53:27] [0002.150] I> config: mem-type:00,power-config:00,misc-config:00,modem-config:00,touch-config:00,display-config:00,, len: 93
[2022-03-14 11:53:27] [0002.161] I> create_pm_ids: id: 3326-1000-000-M, len: 15
[2022-03-14 11:53:27] [0002.166] I> config: mem-type:ff,power-config:ff,misc-config:ff,modem-config:ff,touch-config:ff,display-config:ff,, len: 93
[2022-03-14 11:53:27] [0002.201] I> enabling 'vdd-hdmi' regulator
[2022-03-14 11:53:27] [0002.217] I> regulator 'vdd-hdmi' already enabled
[2022-03-14 11:53:27] [0002.221] E> tegrabl_display_init_regulator: hdmi cable is not connected
[2022-03-14 11:53:27] [0002.228] E> tegrabl_display_get_pdata, failed to parse dtb settings
[2022-03-14 11:53:27] [0002.237] E> cannot find any other nvdisp nodes
[2022-03-14 11:53:27] [0002.241] E> no valid display unit config found in dtb
[2022-03-14 11:53:27] [0002.247] W> display init failed
[2022-03-14 11:53:27] [0002.250] initializing target
[2022-03-14 11:53:27] [0002.253] calling apps_init()
[2022-03-14 11:53:27] [0002.256] starting app kernel_boot_app
[2022-03-14 11:53:27] [0002.278] I> found decompressor handler: lz4-legacy
[2022-03-14 11:53:27] [0002.283] I> decompressing BMP blob ...
[2022-03-14 11:53:27] [0002.295] I> Kernel type = Normal
[2022-03-14 11:53:27] [0002.298] I> ########## Fixed storage boot ##########
[2022-03-14 11:53:27] [0002.303] I> Loading kernel-bootctrl from partition
[2022-03-14 11:53:27] [0002.308] I> Loading partition kernel-bootctrl at 0xa8000000 from device(0x1)
[2022-03-14 11:53:27] [0002.322] W> tegrabl_get_kernel_bootctrl: magic number(0x00000000) is invalid
[2022-03-14 11:53:27] [0002.329] W> tegrabl_get_kernel_bootctrl: use default dummy boot control data
[2022-03-14 11:53:27] [0002.336] W> No valid slot number is found in scratch register
[2022-03-14 11:53:27] [0002.342] W> Return default slot: _a
[2022-03-14 11:53:27] [0002.345] I> A/B: bin_type (24) slot 0
[2022-03-14 11:53:27] [0002.361] I> Boot image size read from image header: 9913d
[2022-03-14 11:53:27] [0002.366] I> Boot image load address: 0x80400000
[2022-03-14 11:53:27] [0002.370] I> Loading kernel from partition
[2022-03-14 11:53:27] [0002.374] I> Loading partition kernel at 0x80400000 from device(0x1)
[2022-03-14 11:53:28] [0003.317] I> Validate kernel ...
[2022-03-14 11:53:28] [0003.320] I> T18x: Authenticate kernel (bin_type 24), max size 0x4000000
[2022-03-14 11:53:28] [0003.328] I> Decrypt the buffer ... [0003.331] W> tegrabl_decrypt_block: fuse (0x0) is not burnt to do encryption (0x4); skip decryption.
[2022-03-14 11:53:28] [0003.340] I> done
[2022-03-14 11:53:28] [0003.341] I> Checking boot.img header magic ... [0003.346] I> [OK]
[2022-03-14 11:53:28] [0003.347] I> kernel-dtb is already loaded
[2022-03-14 11:53:28] [0003.351] I> Validate kernel-dtb ...
[2022-03-14 11:53:28] [0003.355] I> T18x: Authenticate kernel-dtb (bin_type 21), max size 0x100000
[2022-03-14 11:53:28] [0003.362] I> Decrypt the buffer ... [0003.365] W> tegrabl_decrypt_block: fuse (0x0) is not burnt to do encryption (0x4); skip decryption.
[2022-03-14 11:53:28] [0003.374] I> done
[2022-03-14 11:53:28] [0003.376] I> Kernel hdr @0x80400000
[2022-03-14 11:53:28] [0003.379] I> Kernel dtb @0x80000000
[2022-03-14 11:53:28] [0003.383] I> decompressor handler not found
[2022-03-14 11:53:28] [0003.387] I> Copying kernel image (627005 bytes) from 0x80400800 to 0x80600000 ... [0003.394] I> Done
[2022-03-14 11:53:28] [0003.396] I> Move ramdisk (len: 0) from 0x8049a000 to 0x947d0000
[2022-03-14 11:53:28] [0003.404] I> Updated bpmp info to DTB
[2022-03-14 11:53:28] [0003.410] I> Ramdisk: Base: 0x947d0000; Size: 0x0
[2022-03-14 11:53:28] [0003.414] I> Updated initrd info to DTB
[2022-03-14 11:53:28] [0003.418] W> WARN: Fail to override "console=none" in commandline
[2022-03-14 11:53:28] [0003.424] I> Active rootfs suffix: 
[2022-03-14 11:53:28] [0003.427] E> tegrabl_linuxboot_add_disp_param, du 0 failed to get display params
[2022-03-14 11:53:28] [0003.434] E> tegrabl_linuxboot_add_disp_param, du 0 failed to get display params
[2022-03-14 11:53:28] [0003.442] E> tegrabl_linuxboot_add_disp_param, du 0 failed to get display params
[2022-03-14 11:53:28] [0003.449] I> disabled_core_mask: 0xffffff0c
[2022-03-14 11:53:28] [0003.453] W> No valid slot number is found in scratch register
[2022-03-14 11:53:28] [0003.458] W> Return default slot: _a
[2022-03-14 11:53:28] [0003.462] I> Active slot suffix: 
[2022-03-14 11:53:28] [0003.465] I> add_boot_slot_suffix: slot_suffix = 
[2022-03-14 11:53:28] [0003.469] I> Linux Cmdline: console=ttyS0,115200 androidboot.presilicon=true firmware_class.path=/etc/firmware root=/dev/mmcblk0p1 rw rootwait rootfstype=ext4 console=ttyS0,115200n8 console=tty0 fbcon=map:0 net.ifnames=0 isolcpus=1-2  video=tegrafb earlycon=uart8250,mmio32,0x3100000 nvdumper_reserved=0x2772e0000 gpt rootfs.slot_suffix= usbcore.old_scheme_first=1 tegraid=18.1.2.0.0 maxcpus=6 no_console_suspend boot.slot_suffix= boot.ratchetvalues=0.2031647.1 vpr_resize bl_prof_dataptr=0x10000@0x275840000 sdhci_tegra.en_boot_part_access=1 
[2022-03-14 11:53:28] [0003.517] I> Updated bootarg info to DTB
[2022-03-14 11:53:28] [0003.521] I> eeprom_get_mac_addr: MAC (type: 0): 48:b0:2d:0f:11:c5
[2022-03-14 11:53:28] [0003.527] I> eeprom_get_mac_addr: MAC (type: 1): 48:b0:2d:0f:11:c6
[2022-03-14 11:53:28] [0003.533] I> eeprom_get_mac_addr: MAC (type: 2): 48:b0:2d:0f:11:c7
[2022-03-14 11:53:28] [0003.539] E> Found no plugin manager ids in source DT
[2022-03-14 11:53:28] [0003.544] W> Add plugin manager ids from board info
[2022-03-14 11:53:28] [0003.549] W> "plugin-manager" doesn't exist, creating
[2022-03-14 11:53:28] [0003.554] W> "ids" doesn't exist, creating
[2022-03-14 11:53:28] [0003.558] W> "connection" doesn't exist, creating
[2022-03-14 11:53:28] [0003.563] W> "configs" doesn't exist, creating
[2022-03-14 11:53:28] [0003.567] I> create_pm_ids: id: 3310-1000-D00-L, len: 15
[2022-03-14 11:53:28] [0003.572] I> config: mem-type:00,power-config:00,misc-config:00,modem-config:00,touch-config:00,display-config:00,, len: 93
[2022-03-14 11:53:28] [0003.583] I> create_pm_ids: id: 2597-0000-900-E, len: 15
[2022-03-14 11:53:28] [0003.588] I> config: mem-type:00,power-config:00,misc-config:00,modem-config:00,touch-config:00,display-config:00,, len: 93
[2022-03-14 11:53:28] [0003.599] I> create_pm_ids: id: 3326-1000-000-M, len: 15
[2022-03-14 11:53:28] [0003.604] I> config: mem-type:ff,power-config:ff,misc-config:ff,modem-config:ff,touch-config:ff,display-config:ff,, len: 93
[2022-03-14 11:53:28] [0003.615] I> Adding plugin-manager/ids/3310-1000-D00=/i2c@c250000:module@0x50
[2022-03-14 11:53:28] [0003.622] W> "i2c@c250000" doesn't exist, creating
[2022-03-14 11:53:28] [0003.627] W> "module@0x50" doesn't exist, creating
[2022-03-14 11:53:28] [0003.632] I> Adding plugin-manager/ids/2597-0000-900=/i2c@c250000:module@0x57
[2022-03-14 11:53:28] [0003.639] W> "module@0x57" doesn't exist, creating
[2022-03-14 11:53:28] [0003.644] I> Adding plugin-manager/ids/3326-1000-000=/i2c@3180000:module@0x54
[2022-03-14 11:53:28] [0003.651] W> "i2c@3180000" doesn't exist, creating
[2022-03-14 11:53:28] [0003.656] W> "module@0x54" doesn't exist, creating
[2022-03-14 11:53:28] [0003.663] I> Adding plugin-manager/ids/3310-1000-D00-L
[2022-03-14 11:53:28] [0003.670] I> Adding plugin-manager/configs/3310-mem-type 00
[2022-03-14 11:53:28] [0003.676] I> Adding plugin-manager/configs/3310-power-config 00
[2022-03-14 11:53:28] [0003.682] I> Adding plugin-manager/configs/3310-misc-config 00
[2022-03-14 11:53:28] [0003.687] I> Adding plugin-manager/configs/3310-modem-config 00
[2022-03-14 11:53:28] [0003.693] I> Adding plugin-manager/configs/3310-touch-config 00
[2022-03-14 11:53:28] [0003.699] I> Adding plugin-manager/configs/3310-display-config 00
[2022-03-14 11:53:28] [0003.706] I> Adding plugin-manager/cvm
[2022-03-14 11:53:28] [0003.709] W> "chip-id" doesn't exist, creating
[2022-03-14 11:53:28] [0003.714] I> Adding plugin-manager/chip-id/A02P
[2022-03-14 11:53:28] [0003.718] W> "odm-data" doesn't exist, creating
[2022-03-14 11:53:28] [0003.723] I> Adding /chosen/plugin-manager/odm-data
[2022-03-14 11:53:28] [0003.733] I> added [base:0x80000000, size:0x70000000] to /memory
[2022-03-14 11:53:29] [0003.739] I> added [base:0xf0200000, size:0x185600000] to /memory
[2022-03-14 11:53:29] [0003.744] I> added [base:0x275e00000, size:0x200000] to /memory
[2022-03-14 11:53:29] [0003.750] I> added [base:0x276600000, size:0x200000] to /memory
[2022-03-14 11:53:29] [0003.756] I> added [base:0x277000000, size:0x200000] to /memory
[2022-03-14 11:53:29] [0003.762] I> Updated memory info to DTB
[2022-03-14 11:53:29] [0003.766] E> add_disp_param: failed to get display params for du=0
[2022-03-14 11:53:29] [0003.774] W> "reset" doesn't exist, creating
[2022-03-14 11:53:29] [0003.778] W> "pmc-reset-reason" doesn't exist, creating
[2022-03-14 11:53:29] [0003.784] W> "pmic-reset-reason" doesn't exist, creating
[2022-03-14 11:53:29] [0003.790] I> Adding ecid(00000001646db7851000000013038200) to DT
[2022-03-14 11:53:29] [0003.796] I> disabled_core_mask: 0xffffff0c
[2022-03-14 11:53:29] [0003.810] I> Add serial number:1422420022173 as DT property
[2022-03-14 11:53:29] [0003.819] I> Plugin-manager override starting
[2022-03-14 11:53:29] [0003.825] I> node /plugin-manager/fragement@0 matches
[2022-03-14 11:53:29] [0003.835] I> node /plugin-manager/fragement@4 matches
[2022-03-14 11:53:29] [0003.848] I> node /plugin-manager/fragment-sdwake-p3310-1000-300 matches
[2022-03-14 11:53:29] [0003.868] I> node /plugin-manager/fragement-pmon-p3310-1000-300 matches
[2022-03-14 11:53:29] [0003.877] I> node /plugin-manager/fragement-pmon-p3310-1000-800 matches
[2022-03-14 11:53:29] [0003.886] I> node /plugin-manager/fragment-devslp@0 matches
[2022-03-14 11:53:29] [0003.899] I> node /plugin-manager/fragment-500-pcie-config matches
[2022-03-14 11:53:29] [0003.913] I> node /plugin-manager/fragment-500-xusb-config matches
[2022-03-14 11:53:29] [0003.937] I> node /plugin-manager/fragment-p3310-c00-comm matches
[2022-03-14 11:53:29] [0003.950] I> node /plugin-manager/fragment-p3310-c00-pmic matches
[2022-03-14 11:53:29] [0003.961] I> node /plugin-manager/fragment-p3310-c01 matches
[2022-03-14 11:53:29] [0003.974] I> node /plugin-manager/fragment-p3310-c03 matches
[2022-03-14 11:53:29] [0004.016] I> node /plugin-manager/fragment-e3326@0 matches
[2022-03-14 11:53:29] [0004.099] I> node /plugin-manager/fragment-p3310-c00-camera matches
[2022-03-14 11:53:29] [0004.126] I> Disable plugin-manager status in FDT
[2022-03-14 11:53:29] [0004.130] I> Plugin-manager override finished successfully
[2022-03-14 11:53:29] [0004.136] I> tegrabl_load_kernel_and_dtb: Done
[2022-03-14 11:53:29] [0004.140] E> tegrabl_display_clear: display is not initialized
[2022-03-14 11:53:29] [0004.145] W> Boot logo display failed...
[2022-03-14 11:53:29] [0004.149] I> Kernel EP: 0x80600000, DTB: 0x80000000
[2022-03-14 11:53:29] 
[2022-03-14 11:53:29] 
[2022-03-14 11:53:29] U-Boot 2020.04-g46e4604c78 (Jul 26 2021 - 12:10:58 -0700)
[2022-03-14 11:53:29] 
[2022-03-14 11:53:29] SoC: tegra186
[2022-03-14 11:53:29] Model: NVIDIA P2771-0000-500
[2022-03-14 11:53:29] Board: NVIDIA P2771-0000
[2022-03-14 11:53:29] DRAM:  7.8 GiB
[2022-03-14 11:53:29] MMC:   sdhci@3400000: 1, sdhci@3460000: 0
[2022-03-14 11:53:29] Loading Environment from MMC... *** Warning - bad CRC, using default environment
[2022-03-14 11:53:29] 
[2022-03-14 11:53:29] In:    serial
[2022-03-14 11:53:29] Out:   serial
[2022-03-14 11:53:29] Err:   serial
[2022-03-14 11:53:29] Net:   
[2022-03-14 11:53:29] Warning: ethernet@2490000 using MAC address from ROM
[2022-03-14 11:53:29] eth0: ethernet@2490000
[2022-03-14 11:53:29] Hit any key to stop autoboot:  2  1  0 
[2022-03-14 11:53:31] MMC: no card present
[2022-03-14 11:53:31] switch to partitions #0, OK
[2022-03-14 11:53:31] mmc0(part 0) is current device
[2022-03-14 11:53:32] Scanning mmc 0:1...
[2022-03-14 11:53:32] Found /boot/extlinux/extlinux.conf
[2022-03-14 11:53:32] Retrieving file: /boot/extlinux/extlinux.conf
[2022-03-14 11:53:32] 858 bytes read in 22 ms (38.1 KiB/s)
[2022-03-14 11:53:32] 1:	primary kernel
[2022-03-14 11:53:32] Retrieving file: /boot/initrd
[2022-03-14 11:53:32] 7238344 bytes read in 201 ms (34.3 MiB/s)
[2022-03-14 11:53:32] Retrieving file: /boot/Image
[2022-03-14 11:53:33] 34484232 bytes read in 829 ms (39.7 MiB/s)
[2022-03-14 11:53:33] append: console=ttyS0,115200 androidboot.presilicon=true firmware_class.path=/etc/firmware root=/dev/mmcblk0p1 rw rootwait rootfstype=ext4 console=ttyS0,115200n8 console=tty0 fbcon=map:0 net.ifnames=0 isolcpus=1-2  video=tegrafb earlycon=uart8250,mmio32,0x3100000 nvdumper_reserved=0x2772e0000 gpt rootfs.slot_suffix= usbcore.old_scheme_first=1 tegraid=18.1.2.0.0 maxcpus=6 no_console_suspend boot.slot_suffix= boot.ratchetvalues=0.2031647.1 vpr_resize bl_prof_dataptr=0x10000@0x275840000 sdhci_tegra.en_boot_part_access=1 quiet root=/dev/mmcblk0p1 rw rootwait rootfstype=ext4 console=ttyS0,115200n8 console=tty0 fbcon=map:0 net.ifnames=0 isolcpus=1-2 
[2022-03-14 11:53:33] ## Flattened Device Tree blob at 80000000
[2022-03-14 11:53:33]    Booting using the fdt blob at 0x80000000
[2022-03-14 11:53:33] ERROR: reserving fdt memory region failed (addr=0 size=0)
[2022-03-14 11:53:33] ERROR: reserving fdt memory region failed (addr=0 size=0)
[2022-03-14 11:53:33] ERROR: reserving fdt memory region failed (addr=0 size=0)
[2022-03-14 11:53:33]    Using Device Tree in place at 0000000080000000, end 0000000080060aa3
[2022-03-14 11:53:33] copying carveout for /host1x@13e00000/display-hub@15200000/display@15200000...
[2022-03-14 11:53:33] copying carveout for /host1x@13e00000/display-hub@15200000/display@15210000...
[2022-03-14 11:53:33] copying carveout for /host1x@13e00000/display-hub@15200000/display@15220000...
[2022-03-14 11:53:33] 
[2022-03-14 11:53:33] Starting kernel ...
[2022-03-14 11:53:33] 
[2022-03-14 11:53:35] ERROR:   ARI request timed out: req 89 on CPU 4
[2022-03-14 11:53:35] ASSERT: plat/nvidia/tegra/soc/t186/drivers/mce/ari.c <127> : retries != 0U
[2022-03-14 11:53:40] [0000.317] I> Welcome to MB2(TBoot-BPMP)(version: 01.00.160913-t186-M-00.00-mobile-c368a720)
[2022-03-14 11:53:40] [0000.326] I> Boot-device: eMMC
[2022-03-14 11:53:40] [0000.333] I> sdmmc bdev is already initialized
[2022-03-14 11:53:40] [0000.338] I> pmic: reset reason (nverc)	: 0x80
[2022-03-14 11:53:40] [0000.371] I> Found 19 partitions in SDMMC_BOOT (instance 3)
[2022-03-14 11:53:40] [0000.391] I> Found 33 partitions in SDMMC_USER (instance 3)
[2022-03-14 11:53:40] [0000.397] W> No valid slot number is found in scratch register
[2022-03-14 11:53:40] [0000.402] W> Return default slot: _a
[2022-03-14 11:53:40] [0000.406] I> A/B: bin_type (16) slot 0
[2022-03-14 11:53:40] [0000.409] I> Loading partition bpmp-fw at 0xd7800000
[2022-03-14 11:53:40] [0000.414] I> Reading two headers - addr:0xd7800000 blocks:1
[2022-03-14 11:53:40] [0000.420] I> Addr: 0xd7800000, start-block: 58777608, num_blocks: 1
[2022-03-14 11:53:40] [0000.445] I> Binary(16) of size 534416 is loaded @ 0xd7800000
[2022-03-14 11:53:40] [0000.450] W> No valid slot number is found in scratch register
[2022-03-14 11:53:40] [0000.456] W> Return default slot: _a
[2022-03-14 11:53:40] [0000.460] I> A/B: bin_type (17) slot 0
[2022-03-14 11:53:40] [0000.463] I> Loading partition bpmp-fw-dtb at 0xd79f0000
[2022-03-14 11:53:40] [0000.468] I> Reading two headers - addr:0xd79f0000 blocks:1
[2022-03-14 11:53:40] [0000.474] I> Addr: 0xd79f0000, start-block: 58780024, num_blocks: 1
[2022-03-14 11:53:40] [0000.500] I> Binary(17) of size 604720 is loaded @ 0xd796c400
[2022-03-14 11:53:40] [0000.728] I> Loading SCE-FW ...
[2022-03-14 11:53:40] [0000.731] W> No valid slot number is found in scratch register
[2022-03-14 11:53:40] [0000.737] W> Return default slot: _a
[2022-03-14 11:53:40] [0000.740] I> A/B: bin_type (12) slot 0
[2022-03-14 11:53:40] [0000.744] I> Loading partition sce-fw at 0xd7300000
[2022-03-14 11:53:40] [0000.748] I> Reading two headers - addr:0xd7300000 blocks:1
[2022-03-14 11:53:40] [0000.754] I> Addr: 0xd7300000, start-block: 58784120, num_blocks: 1
[2022-03-14 11:53:40] [0000.773] I> Binary(12) of size 125632 is loaded @ 0xd7300000
[2022-03-14 11:53:40] [0000.779] I> Init SCE
[2022-03-14 11:53:40] [0000.781] I> Loading APE-FW ...
[2022-03-14 11:53:40] [0000.784] W> No valid slot number is found in scratch register
[2022-03-14 11:53:40] [0000.790] W> Return default slot: _a
[2022-03-14 11:53:40] [0000.793] I> A/B: bin_type (11) slot 0
[2022-03-14 11:53:40] [0000.797] I> Loading partition adsp-fw at 0xd7400000
[2022-03-14 11:53:40] [0000.802] I> Reading two headers - addr:0xd7400000 blocks:1
[2022-03-14 11:53:40] [0000.807] I> Addr: 0xd7400000, start-block: 58761224, num_blocks: 1
[2022-03-14 11:53:40] [0000.826] I> Binary(11) of size 77216 is loaded @ 0xd7400000
[2022-03-14 11:53:40] [0000.832] I> Copy BTCM section
[2022-03-14 11:53:40] [0000.835] W> No valid slot number is found in scratch register
[2022-03-14 11:53:40] [0000.840] W> Return default slot: _a
[2022-03-14 11:53:40] [0000.844] I> A/B: bin_type (13) slot 0
[2022-03-14 11:53:40] [0000.847] I> Loading partition cpu-bootloader at 0x96000000
[2022-03-14 11:53:40] [0000.853] I> Reading two headers - addr:0x96000000 blocks:1
[2022-03-14 11:53:40] [0000.858] I> Addr: 0x96000000, start-block: 58740744, num_blocks: 1
[2022-03-14 11:53:40] [0000.879] I> Binary(13) of size 308800 is loaded @ 0x96000000
[2022-03-14 11:53:40] [0000.885] W> No valid slot number is found in scratch register
[2022-03-14 11:53:40] [0000.891] W> Return default slot: _a
[2022-03-14 11:53:40] [0000.894] I> A/B: bin_type (20) slot 0
[2022-03-14 11:53:40] [0000.898] I> Loading partition bootloader-dtb at 0x85205400
[2022-03-14 11:53:40] [0000.903] I> Reading two headers - addr:0x85205400 blocks:1
[2022-03-14 11:53:40] [0000.909] I> Addr: 0x85205400, start-block: 58742792, num_blocks: 1
[2022-03-14 11:53:40] [0000.930] I> Binary(20) of size 375568 is loaded @ 0x85205400
[2022-03-14 11:53:40] [0000.936] W> No valid slot number is found in scratch register
[2022-03-14 11:53:40] [0000.942] W> Return default slot: _a
[2022-03-14 11:53:40] [0000.945] I> A/B: bin_type (14) slot 0
[2022-03-14 11:53:40] [0000.949] I> Loading partition secure-os at 0x85305600
[2022-03-14 11:53:40] [0000.954] I> Reading two headers - addr:0x85305600 blocks:1
[2022-03-14 11:53:40] [0000.959] I> Addr: 0x85305600, start-block: 58744840, num_blocks: 1
[2022-03-14 11:53:40] [0000.982] I> Binary(14) of size 402864 is loaded @ 0x85305600
[2022-03-14 11:53:40] [0000.989] I> TOS boot-params @ 0x85000000
[2022-03-14 11:53:40] [0000.993] I> TOS params prepared
[2022-03-14 11:53:40] [0000.996] I> Loading EKS ...
[2022-03-14 11:53:40] [0000.999] I> A/B: bin_type (15) slot 0
[2022-03-14 11:53:40] [0001.002] I> Loading partition eks at 0x85905800
[2022-03-14 11:53:40] [0001.007] I> Reading two headers - addr:0x85905800 blocks:1
[2022-03-14 11:53:40] [0001.012] I> Addr: 0x85905800, start-block: 58757128, num_blocks: 1
[2022-03-14 11:53:40] [0001.031] I> Binary(15) of size 1040 is loaded @ 0x85905800
[2022-03-14 11:53:40] [0001.037] I> EKB detected (length: 0x400) @ 0x85905800
[2022-03-14 11:53:40] [0001.042] I> Copied encrypted keys
[2022-03-14 11:53:40] [0001.045] I> boot profiler @ 0x275844000
[2022-03-14 11:53:40] [0001.049] I> boot profiler for TOS @ 0x275844000
[2022-03-14 11:53:40] [0001.054] I> Unhalting SCE
[2022-03-14 11:53:40] [0001.057] I> Primary Memory Start:80000000 Size:70000000
[2022-03-14 11:53:40] [0001.062] I> Extended Memory Start:f0110000 Size:1856f0000
[2022-03-14 11:53:40] [0001.069] I> MB2(TBoot-BPMP) done
[2022-03-14 11:53:40] 
[2022-03-14 11:53:40] NOTICE:  BL31: v1.3(release):b5eeb33f7
[2022-03-14 11:53:40] NOTICE:  BL31: Built : 12:15:17, Jul 26 2021
[2022-03-14 11:53:40] ipc-unittest-main: 1519: Welcome to IPC unittest!!!
[2022-03-14 11:53:40] ipc-unittest-main: 1531: waiting forever
[2022-03-14 11:53:40] ipc-unittest-srv: 329: Init unittest services!!!
[2022-03-14 11:53:40] hwkey-agent: 41: hwkey-agent is running!!
[2022-03-14 11:53:40] hwkey-agent: 315: key_mgnt_processing .......
[2022-03-14 11:53:40] hwkey-agent: 223: Setting EKB key 0 to slot 14
[2022-03-14 11:53:40] hwkey-agent: 178: Init hweky-agent services!!
[2022-03-14 11:53:40] luks-srv: 40: luks-srv is running!!
[2022-03-14 11:53:40] luks-srv: 157: Init luks-srv IPC services!!
[2022-03-14 11:53:40] platform_bootstrap_epilog: trusty bootstrap complete
[2022-03-14 11:53:41] [0001.441] I> Welcome to Cboot
[2022-03-14 11:53:41] [0001.444] I> Cboot Version: t186-00029e71
[2022-03-14 11:53:41] [0001.448] I> CPU-BL Params @ 0x275800000
[2022-03-14 11:53:41] [0001.451] I>  0) Base:0x00000000 Size:0x00000000
[2022-03-14 11:53:41] [0001.456] I>  1) Base:0x277f00000 Size:0x00100000
[2022-03-14 11:53:41] [0001.460] I>  2) Base:0x277e00000 Size:0x00100000
[2022-03-14 11:53:41] [0001.465] I>  3) Base:0x277d00000 Size:0x00100000
[2022-03-14 11:53:41] [0001.469] I>  4) Base:0x277c00000 Size:0x00100000
[2022-03-14 11:53:41] [0001.474] I>  5) Base:0x277b00000 Size:0x00100000
[2022-03-14 11:53:41] [0001.479] I>  6) Base:0x277800000 Size:0x00200000
[2022-03-14 11:53:41] [0001.483] I>  7) Base:0x277400000 Size:0x00400000
[2022-03-14 11:53:41] [0001.488] I>  8) Base:0x277a00000 Size:0x00100000
[2022-03-14 11:53:41] [0001.492] I>  9) Base:0x277300000 Size:0x00100000
[2022-03-14 11:53:41] [0001.497] I> 10) Base:0x276800000 Size:0x00800000
[2022-03-14 11:53:41] [0001.501] I> 11) Base:0x30000000 Size:0x00040000
[2022-03-14 11:53:41] [0001.506] I> 12) Base:0xf0000000 Size:0x00100000
[2022-03-14 11:53:41] [0001.510] I> 13) Base:0x30040000 Size:0x00001000
[2022-03-14 11:53:41] [0001.514] I> 14) Base:0x30048000 Size:0x00001000
[2022-03-14 11:53:41] [0001.519] I> 15) Base:0x30049000 Size:0x00001000
[2022-03-14 11:53:41] [0001.523] I> 16) Base:0x3004a000 Size:0x00001000
[2022-03-14 11:53:41] [0001.528] I> 17) Base:0x3004b000 Size:0x00001000
[2022-03-14 11:53:41] [0001.532] I> 18) Base:0x3004c000 Size:0x00001000
[2022-03-14 11:53:41] [0001.537] I> 19) Base:0x3004d000 Size:0x00001000
[2022-03-14 11:53:41] [0001.541] I> 20) Base:0x3004e000 Size:0x00001000
[2022-03-14 11:53:41] [0001.545] I> 21) Base:0x3004f000 Size:0x00001000
[2022-03-14 11:53:41] [0001.550] I> 22) Base:0x00000000 Size:0x00000000
[2022-03-14 11:53:41] [0001.554] I> 23) Base:0xf0100000 Size:0x00010000
[2022-03-14 11:53:41] [0001.559] I> 24) Base:0x00000000 Size:0x00000000
[2022-03-14 11:53:41] [0001.563] I> 25) Base:0x00000000 Size:0x00000000
[2022-03-14 11:53:41] [0001.568] I> 26) Base:0x00000000 Size:0x00000000
[2022-03-14 11:53:41] [0001.572] I> 27) Base:0x00000000 Size:0x00000000
[2022-03-14 11:53:41] [0001.576] I> 28) Base:0x84400000 Size:0x00400000
[2022-03-14 11:53:41] [0001.581] I> 29) Base:0x30000000 Size:0x00010000
[2022-03-14 11:53:41] [0001.585] I> 30) Base:0x278000000 Size:0x08000000
[2022-03-14 11:53:41] [0001.590] I> 31) Base:0x00000000 Size:0x00000000
[2022-03-14 11:53:41] [0001.594] I> 32) Base:0x276000000 Size:0x00600000
[2022-03-14 11:53:41] [0001.599] I> 33) Base:0x80000000 Size:0x70000000
[2022-03-14 11:53:41] [0001.603] I> 34) Base:0xf0110000 Size:0x1856f0000
[2022-03-14 11:53:41] [0001.608] I> 35) Base:0x00000000 Size:0x00000000
[2022-03-14 11:53:41] [0001.612] I> 36) Base:0x00000000 Size:0x00000000
[2022-03-14 11:53:41] [0001.617] I> 37) Base:0x2772e0000 Size:0x00020000
[2022-03-14 11:53:41] [0001.621] I> 38) Base:0x84000000 Size:0x00400000
[2022-03-14 11:53:41] [0001.626] I> 39) Base:0x96000000 Size:0x02000000
[2022-03-14 11:53:41] [0001.630] I> 40) Base:0x85000000 Size:0x01200000
[2022-03-14 11:53:41] [0001.634] I> 41) Base:0x275800000 Size:0x00500000
[2022-03-14 11:53:41] [0001.639] I> 42) Base:0x00000000 Size:0x00000000
[2022-03-14 11:53:41] [0001.643] I> 43) Base:0x00000000 Size:0x00000000
[2022-03-14 11:53:41] [0001.648] GIC-SPI Target CPU: 4
[2022-03-14 11:53:41] [0001.651] Interrupts Init done
[2022-03-14 11:53:41] [0001.654] calling constructors
[2022-03-14 11:53:41] [0001.657] initializing heap
[2022-03-14 11:53:41] [0001.660] initializing threads
[2022-03-14 11:53:41] [0001.663] initializing timers
[2022-03-14 11:53:41] [0001.666] creating bootstrap completion thread
[2022-03-14 11:53:41] [0001.671] top of bootstrap2()
[2022-03-14 11:53:41] [0001.674] CPU: ARM Cortex A57
[2022-03-14 11:53:41] [0001.677] CPU: MIDR: 0x411FD073, MPIDR: 0x80000100
[2022-03-14 11:53:41] [0001.682] initializing platform
[2022-03-14 11:53:41] [0001.686] I> Bl_dtb @0x85205400
[2022-03-14 11:53:41] [0001.689] I> gpio framework initialized
[2022-03-14 11:53:41] [0001.695] I> tegrabl_gpio_driver_register: register 'nvidia,tegra186-gpio' driver
[2022-03-14 11:53:41] [0001.705] I> tegrabl_gpio_driver_register: register 'nvidia,tegra186-gpio-aon' driver
[2022-03-14 11:53:41] [0001.713] I> GPIO framework and drivers are initialized.
[2022-03-14 11:53:41] [0001.718] I> Boot-device: eMMC
[2022-03-14 11:53:41] [0001.726] I> sdmmc bdev is already initialized
[2022-03-14 11:53:41] [0001.756] I> Found 19 partitions in SDMMC_BOOT (instance 3)
[2022-03-14 11:53:41] [0001.774] I> Found 33 partitions in SDMMC_USER (instance 3)
[2022-03-14 11:53:41] [0001.779] W> opt-in fuse is not set, skip fuse_burning
[2022-03-14 11:53:41] [0001.784] I> Reserved memory at 0xfbe00000 for U-Boot relocation
[2022-03-14 11:53:41] [0001.790] W> No valid slot number is found in scratch register
[2022-03-14 11:53:41] [0001.796] W> Return default slot: _a
[2022-03-14 11:53:41] [0001.805] I> A/B: bin_type (21) slot 0
[2022-03-14 11:53:41] [0001.809] I> Loading kernel-dtb from partition
[2022-03-14 11:53:41] [0001.813] I> Loading partition kernel-dtb at 0x80000000 from device(0x1)
[2022-03-14 11:53:41] [0001.830] I> Kernel_dtb @0x80000000
[2022-03-14 11:53:41] [0001.834] I> tegrabl_tca9539_init: i2c bus: 0, slave addr: 0xee
[2022-03-14 11:53:41] [0001.844] I> tegrabl_gpio_driver_register: register 'tca9539_gpio_driver' driver
[2022-03-14 11:53:41] [0001.851] I> tegrabl_tca9539_init: i2c bus: 0, slave addr: 0xe8
[2022-03-14 11:53:41] [0001.860] I> tegrabl_gpio_driver_register: register 'tca9539_gpio_driver' driver
[2022-03-14 11:53:41] [0001.871] I> fixed regulator driver initialized
[2022-03-14 11:53:41] [0001.904] I> register 'maxim' power off handle
[2022-03-14 11:53:41] [0001.910] I> virtual i2c enabled
[2022-03-14 11:53:41] [0001.913] I> registered 'maxim,max77620' pmic
[2022-03-14 11:53:41] [0001.918] I> tegrabl_gpio_driver_register: register 'max77620-gpio' driver
[2022-03-14 11:53:41] [0001.932] E> failed to read label property for node 324936: 13
[2022-03-14 11:53:41] [0001.940] E> failed to read reg property for node 325032: 13
[2022-03-14 11:53:41] [0001.948] E> failed to read reg property for node 325084: 13
[2022-03-14 11:53:41] [0001.956] E> failed to read label property for node 325168: 13
[2022-03-14 11:53:41] [0001.965] E> failed to read label property for node 325236: 13
[2022-03-14 11:53:41] [0001.973] E> failed to read reg property for node 325304: 13
[2022-03-14 11:53:41] [0001.981] E> failed to read reg property for node 325376: 13
[2022-03-14 11:53:41] [0001.992] I> Find /i2c@c250000's alias i2c7
[2022-03-14 11:53:41] [0001.996] I> Reading eeprom i2c=7 address=0x50
[2022-03-14 11:53:41] [0002.025] I> Device at /i2c@c250000:0x50
[2022-03-14 11:53:41] [0002.029] I> Reading eeprom i2c=7 address=0x57
[2022-03-14 11:53:41] [0002.057] I> Device at /i2c@c250000:0x57
[2022-03-14 11:53:41] [0002.062] I> Find /i2c@c240000's alias i2c1
[2022-03-14 11:53:41] [0002.066] I> Reading eeprom i2c=1 address=0x51
[2022-03-14 11:53:41] [0002.071] E> I2C: slave not found in slaves.
[2022-03-14 11:53:41] [0002.075] E> I2C: Could not write 0 bytes to slave: 0x00a2 with repeat start true.
[2022-03-14 11:53:41] [0002.083] E> I2C_DEV: Failed to send register address 0x00000000.
[2022-03-14 11:53:41] [0002.089] E> I2C_DEV: Could not read 256 registers of size 1 from slave 0xa2 at 0x00000000 via instance 1.
[2022-03-14 11:53:41] [0002.098] E> eeprom: Retry to read I2C slave device.
[2022-03-14 11:53:41] [0002.103] E> I2C: slave not found in slaves.
[2022-03-14 11:53:41] [0002.107] E> I2C: Could not write 0 bytes to slave: 0x00a2 with repeat start true.
[2022-03-14 11:53:41] [0002.115] E> I2C_DEV: Failed to send register address 0x00000000.
[2022-03-14 11:53:41] [0002.121] E> I2C_DEV: Could not read 256 registers of size 1 from slave 0xa2 at 0x00000000 via instance 1.
[2022-03-14 11:53:41] [0002.130] E> eeprom: Failed to read I2C slave device
[2022-03-14 11:53:41] [0002.135] I> Eeprom read failed 0x3526070d
[2022-03-14 11:53:41] [0002.140] I> Find /i2c@3160000's alias i2c0
[2022-03-14 11:53:41] [0002.144] I> Reading eeprom i2c=0 address=0x50
[2022-03-14 11:53:41] [0002.148] E> I2C: slave not found in slaves.
[2022-03-14 11:53:41] [0002.152] E> I2C: Could not write 0 bytes to slave: 0x00a0 with repeat start true.
[2022-03-14 11:53:41] [0002.160] E> I2C_DEV: Failed to send register address 0x00000000.
[2022-03-14 11:53:41] [0002.166] E> I2C_DEV: Could not read 256 registers of size 1 from slave 0xa0 at 0x00000000 via instance 0.
[2022-03-14 11:53:41] [0002.175] E> eeprom: Failed to read I2C slave device
[2022-03-14 11:53:41] [0002.180] I> Eeprom read failed 0x3526070d
[2022-03-14 11:53:41] [0002.185] I> Find /i2c@3180000's alias i2c2
[2022-03-14 11:53:41] [0002.189] I> Reading eeprom i2c=2 address=0x54
[2022-03-14 11:53:41] [0002.193] I> Enabling gpio chip_id = 2, gpio pin = 9
[2022-03-14 11:53:41] [0002.224] I> Disabling gpio chip_id = 2, gpio pin = 9
[2022-03-14 11:53:41] [0002.229] I> Device at /i2c@3180000:0x54
[2022-03-14 11:53:41] [0002.233] I> Reading eeprom i2c=2 address=0x57
[2022-03-14 11:53:41] [0002.237] I> Enabling gpio chip_id = 2, gpio pin = 9
[2022-03-14 11:53:41] [0002.242] E> I2C: slave not found in slaves.
[2022-03-14 11:53:41] [0002.247] E> I2C: Could not write 0 bytes to slave: 0x00ae with repeat start true.
[2022-03-14 11:53:41] [0002.254] E> I2C_DEV: Failed to send register address 0x00000000.
[2022-03-14 11:53:41] [0002.260] E> I2C_DEV: Could not read 256 registers of size 1 from slave 0xae at 0x00000000 via instance 2.
[2022-03-14 11:53:41] [0002.270] E> eeprom: Failed to read I2C slave device
[2022-03-14 11:53:42] [0002.274] I> Disabling gpio chip_id = 2, gpio pin = 9
[2022-03-14 11:53:42] [0002.280] I> Eeprom read failed 0x00000000
[2022-03-14 11:53:42] [0002.284] I> create_pm_ids: id: 3310-1000-D00-L, len: 15
[2022-03-14 11:53:42] [0002.289] I> config: mem-type:00,power-config:00,misc-config:00,modem-config:00,touch-config:00,display-config:00,, len: 93
[2022-03-14 11:53:42] [0002.300] I> create_pm_ids: id: 2597-0000-900-E, len: 15
[2022-03-14 11:53:42] [0002.305] I> config: mem-type:00,power-config:00,misc-config:00,modem-config:00,touch-config:00,display-config:00,, len: 93
[2022-03-14 11:53:42] [0002.316] I> create_pm_ids: id: 3326-1000-000-M, len: 15
[2022-03-14 11:53:42] [0002.321] I> config: mem-type:ff,power-config:ff,misc-config:ff,modem-config:ff,touch-config:ff,display-config:ff,, len: 93
[2022-03-14 11:53:42] [0002.356] I> enabling 'vdd-hdmi' regulator
[2022-03-14 11:53:42] [0002.371] I> regulator 'vdd-hdmi' already enabled
[2022-03-14 11:53:42] [0002.376] E> tegrabl_display_init_regulator: hdmi cable is not connected
[2022-03-14 11:53:42] [0002.382] E> tegrabl_display_get_pdata, failed to parse dtb settings
[2022-03-14 11:53:42] [0002.391] E> cannot find any other nvdisp nodes
[2022-03-14 11:53:42] [0002.396] E> no valid display unit config found in dtb
[2022-03-14 11:53:42] [0002.401] W> display init failed
[2022-03-14 11:53:42] [0002.405] initializing target
[2022-03-14 11:53:42] [0002.408] calling apps_init()
[2022-03-14 11:53:42] [0002.411] starting app kernel_boot_app
[2022-03-14 11:53:42] [0002.433] I> found decompressor handler: lz4-legacy
[2022-03-14 11:53:42] [0002.438] I> decompressing BMP blob ...
[2022-03-14 11:53:42] [0002.450] I> Kernel type = Normal
[2022-03-14 11:53:42] [0002.453] I> ########## Fixed storage boot ##########
[2022-03-14 11:53:42] [0002.458] I> Loading kernel-bootctrl from partition
[2022-03-14 11:53:42] [0002.463] I> Loading partition kernel-bootctrl at 0xa8000000 from device(0x1)
[2022-03-14 11:53:42] [0002.477] W> tegrabl_get_kernel_bootctrl: magic number(0x00000000) is invalid
[2022-03-14 11:53:42] [0002.484] W> tegrabl_get_kernel_bootctrl: use default dummy boot control data
[2022-03-14 11:53:42] [0002.491] W> No valid slot number is found in scratch register
[2022-03-14 11:53:42] [0002.497] W> Return default slot: _a
[2022-03-14 11:53:42] [0002.500] I> A/B: bin_type (24) slot 0
[2022-03-14 11:53:42] [0002.516] I> Boot image size read from image header: 9913d
[2022-03-14 11:53:42] [0002.521] I> Boot image load address: 0x80400000
[2022-03-14 11:53:42] [0002.525] I> Loading kernel from partition
[2022-03-14 11:53:42] [0002.529] I> Loading partition kernel at 0x80400000 from device(0x1)
[2022-03-14 11:53:43] [0003.472] I> Validate kernel ...
[2022-03-14 11:53:43] [0003.475] I> T18x: Authenticate kernel (bin_type 24), max size 0x4000000
[2022-03-14 11:53:43] [0003.483] I> Decrypt the buffer ... [0003.486] W> tegrabl_decrypt_block: fuse (0x0) is not burnt to do encryption (0x4); skip decryption.
[2022-03-14 11:53:43] [0003.495] I> done
[2022-03-14 11:53:43] [0003.496] I> Checking boot.img header magic ... [0003.501] I> [OK]
[2022-03-14 11:53:43] [0003.502] I> kernel-dtb is already loaded
[2022-03-14 11:53:43] [0003.506] I> Validate kernel-dtb ...
[2022-03-14 11:53:43] [0003.510] I> T18x: Authenticate kernel-dtb (bin_type 21), max size 0x100000
[2022-03-14 11:53:43] [0003.517] I> Decrypt the buffer ... [0003.521] W> tegrabl_decrypt_block: fuse (0x0) is not burnt to do encryption (0x4); skip decryption.
[2022-03-14 11:53:43] [0003.529] I> done
[2022-03-14 11:53:43] [0003.531] I> Kernel hdr @0x80400000
[2022-03-14 11:53:43] [0003.535] I> Kernel dtb @0x80000000
[2022-03-14 11:53:43] [0003.538] I> decompressor handler not found
[2022-03-14 11:53:43] [0003.542] I> Copying kernel image (627005 bytes) from 0x80400800 to 0x80600000 ... [0003.549] I> Done
[2022-03-14 11:53:43] [0003.551] I> Move ramdisk (len: 0) from 0x8049a000 to 0x947d0000
[2022-03-14 11:53:43] [0003.559] I> Updated bpmp info to DTB
[2022-03-14 11:53:43] [0003.565] I> Ramdisk: Base: 0x947d0000; Size: 0x0
[2022-03-14 11:53:43] [0003.569] I> Updated initrd info to DTB
[2022-03-14 11:53:43] [0003.573] W> WARN: Fail to override "console=none" in commandline
[2022-03-14 11:53:43] [0003.579] I> Active rootfs suffix: 
[2022-03-14 11:53:43] [0003.582] E> tegrabl_linuxboot_add_disp_param, du 0 failed to get display params
[2022-03-14 11:53:43] [0003.589] E> tegrabl_linuxboot_add_disp_param, du 0 failed to get display params
[2022-03-14 11:53:43] [0003.596] E> tegrabl_linuxboot_add_disp_param, du 0 failed to get display params
[2022-03-14 11:53:43] [0003.604] I> disabled_core_mask: 0xffffff0c
[2022-03-14 11:53:43] [0003.608] W> No valid slot number is found in scratch register
[2022-03-14 11:53:43] [0003.613] W> Return default slot: _a
[2022-03-14 11:53:43] [0003.617] I> Active slot suffix: 
[2022-03-14 11:53:43] [0003.620] I> add_boot_slot_suffix: slot_suffix = 
[2022-03-14 11:53:43] [0003.624] I> Linux Cmdline: console=ttyS0,115200 androidboot.presilicon=true firmware_class.path=/etc/firmware root=/dev/mmcblk0p1 rw rootwait rootfstype=ext4 console=ttyS0,115200n8 console=tty0 fbcon=map:0 net.ifnames=0 isolcpus=1-2  video=tegrafb earlycon=uart8250,mmio32,0x3100000 nvdumper_reserved=0x2772e0000 gpt rootfs.slot_suffix= usbcore.old_scheme_first=1 tegraid=18.1.2.0.0 maxcpus=6 no_console_suspend boot.slot_suffix= boot.ratchetvalues=0.2031647.1 vpr_resize bl_prof_dataptr=0x10000@0x275840000 sdhci_tegra.en_boot_part_access=1 
[2022-03-14 11:53:43] [0003.672] I> Updated bootarg info to DTB
[2022-03-14 11:53:43] [0003.676] I> eeprom_get_mac_addr: MAC (type: 0): 48:b0:2d:0f:11:c5
[2022-03-14 11:53:43] [0003.682] I> eeprom_get_mac_addr: MAC (type: 1): 48:b0:2d:0f:11:c6
[2022-03-14 11:53:43] [0003.688] I> eeprom_get_mac_addr: MAC (type: 2): 48:b0:2d:0f:11:c7
[2022-03-14 11:53:43] [0003.694] E> Found no plugin manager ids in source DT
[2022-03-14 11:53:43] [0003.699] W> Add plugin manager ids from board info
[2022-03-14 11:53:43] [0003.704] W> "plugin-manager" doesn't exist, creating
[2022-03-14 11:53:43] [0003.709] W> "ids" doesn't exist, creating
[2022-03-14 11:53:43] [0003.713] W> "connection" doesn't exist, creating
[2022-03-14 11:53:43] [0003.718] W> "configs" doesn't exist, creating
[2022-03-14 11:53:43] [0003.722] I> create_pm_ids: id: 3310-1000-D00-L, len: 15
[2022-03-14 11:53:43] [0003.727] I> config: mem-type:00,power-config:00,misc-config:00,modem-config:00,touch-config:00,display-config:00,, len: 93
[2022-03-14 11:53:43] [0003.738] I> create_pm_ids: id: 2597-0000-900-E, len: 15
[2022-03-14 11:53:43] [0003.743] I> config: mem-type:00,power-config:00,misc-config:00,modem-config:00,touch-config:00,display-config:00,, len: 93
[2022-03-14 11:53:43] [0003.754] I> create_pm_ids: id: 3326-1000-000-M, len: 15
[2022-03-14 11:53:43] [0003.759] I> config: mem-type:ff,power-config:ff,misc-config:ff,modem-config:ff,touch-config:ff,display-config:ff,, len: 93
[2022-03-14 11:53:43] [0003.770] I> Adding plugin-manager/ids/3310-1000-D00=/i2c@c250000:module@0x50
[2022-03-14 11:53:43] [0003.777] W> "i2c@c250000" doesn't exist, creating
[2022-03-14 11:53:43] [0003.782] W> "module@0x50" doesn't exist, creating
[2022-03-14 11:53:43] [0003.787] I> Adding plugin-manager/ids/2597-0000-900=/i2c@c250000:module@0x57
[2022-03-14 11:53:43] [0003.794] W> "module@0x57" doesn't exist, creating
[2022-03-14 11:53:43] [0003.799] I> Adding plugin-manager/ids/3326-1000-000=/i2c@3180000:module@0x54
[2022-03-14 11:53:43] [0003.806] W> "i2c@3180000" doesn't exist, creating
[2022-03-14 11:53:43] [0003.811] W> "module@0x54" doesn't exist, creating
[2022-03-14 11:53:43] [0003.818] I> Adding plugin-manager/ids/3310-1000-D00-L
[2022-03-14 11:53:43] [0003.825] I> Adding plugin-manager/configs/3310-mem-type 00
[2022-03-14 11:53:43] [0003.831] I> Adding plugin-manager/configs/3310-power-config 00
[2022-03-14 11:53:43] [0003.837] I> Adding plugin-manager/configs/3310-misc-config 00
[2022-03-14 11:53:43] [0003.842] I> Adding plugin-manager/configs/3310-modem-config 00
[2022-03-14 11:53:43] [0003.848] I> Adding plugin-manager/configs/3310-touch-config 00
[2022-03-14 11:53:43] [0003.854] I> Adding plugin-manager/configs/3310-display-config 00
[2022-03-14 11:53:43] [0003.860] I> Adding plugin-manager/cvm
[2022-03-14 11:53:43] [0003.864] W> "chip-id" doesn't exist, creating
[2022-03-14 11:53:43] [0003.869] I> Adding plugin-manager/chip-id/A02P
[2022-03-14 11:53:43] [0003.873] W> "odm-data" doesn't exist, creating
[2022-03-14 11:53:43] [0003.878] I> Adding /chosen/plugin-manager/odm-data
[2022-03-14 11:53:43] [0003.888] I> added [base:0x80000000, size:0x70000000] to /memory
[2022-03-14 11:53:43] [0003.894] I> added [base:0xf0200000, size:0x185600000] to /memory
[2022-03-14 11:53:43] [0003.899] I> added [base:0x275e00000, size:0x200000] to /memory
[2022-03-14 11:53:43] [0003.905] I> added [base:0x276600000, size:0x200000] to /memory
[2022-03-14 11:53:43] [0003.911] I> added [base:0x277000000, size:0x200000] to /memory
[2022-03-14 11:53:43] [0003.917] I> Updated memory info to DTB
[2022-03-14 11:53:43] [0003.921] E> add_disp_param: failed to get display params for du=0
[2022-03-14 11:53:43] [0003.929] W> "reset" doesn't exist, creating
[2022-03-14 11:53:43] [0003.933] W> "pmc-reset-reason" doesn't exist, creating
[2022-03-14 11:53:43] [0003.939] W> "pmic-reset-reason" doesn't exist, creating
[2022-03-14 11:53:43] [0003.945] I> Adding ecid(00000001646db7851000000013038200) to DT
[2022-03-14 11:53:43] [0003.951] I> disabled_core_mask: 0xffffff0c
[2022-03-14 11:53:43] [0003.964] I> Add serial number:1422420022173 as DT property
[2022-03-14 11:53:43] [0003.973] I> Plugin-manager override starting
[2022-03-14 11:53:43] [0003.978] I> node /plugin-manager/fragement@0 matches
[2022-03-14 11:53:43] [0003.989] I> node /plugin-manager/fragement@4 matches
[2022-03-14 11:53:43] [0004.002] I> node /plugin-manager/fragment-sdwake-p3310-1000-300 matches
[2022-03-14 11:53:43] [0004.022] I> node /plugin-manager/fragement-pmon-p3310-1000-300 matches
[2022-03-14 11:53:43] [0004.031] I> node /plugin-manager/fragement-pmon-p3310-1000-800 matches
[2022-03-14 11:53:43] [0004.040] I> node /plugin-manager/fragment-devslp@0 matches
[2022-03-14 11:53:43] [0004.053] I> node /plugin-manager/fragment-500-pcie-config matches
[2022-03-14 11:53:43] [0004.067] I> node /plugin-manager/fragment-500-xusb-config matches
[2022-03-14 11:53:43] [0004.090] I> node /plugin-manager/fragment-p3310-c00-comm matches
[2022-03-14 11:53:43] [0004.104] I> node /plugin-manager/fragment-p3310-c00-pmic matches
[2022-03-14 11:53:43] [0004.115] I> node /plugin-manager/fragment-p3310-c01 matches
[2022-03-14 11:53:43] [0004.128] I> node /plugin-manager/fragment-p3310-c03 matches
[2022-03-14 11:53:43] [0004.170] I> node /plugin-manager/fragment-e3326@0 matches
[2022-03-14 11:53:43] [0004.252] I> node /plugin-manager/fragment-p3310-c00-camera matches
[2022-03-14 11:53:44] [0004.279] I> Disable plugin-manager status in FDT
[2022-03-14 11:53:44] [0004.284] I> Plugin-manager override finished successfully
[2022-03-14 11:53:44] [0004.289] I> tegrabl_load_kernel_and_dtb: Done
[2022-03-14 11:53:44] [0004.294] E> tegrabl_display_clear: display is not initialized
[2022-03-14 11:53:44] [0004.299] W> Boot logo display failed...
[2022-03-14 11:53:44] [0004.303] I> Kernel EP: 0x80600000, DTB: 0x80000000
[2022-03-14 11:53:44] 
[2022-03-14 11:53:44] 
[2022-03-14 11:53:44] U-Boot 2020.04-g46e4604c78 (Jul 26 2021 - 12:10:58 -0700)
[2022-03-14 11:53:44] 
[2022-03-14 11:53:44] SoC: tegra186
[2022-03-14 11:53:44] Model: NVIDIA P2771-0000-500
[2022-03-14 11:53:44] Board: NVIDIA P2771-0000
[2022-03-14 11:53:44] DRAM:  7.8 GiB
[2022-03-14 11:53:44] MMC:   sdhci@3400000: 1, sdhci@3460000: 0
[2022-03-14 11:53:44] Loading Environment from MMC... *** Warning - bad CRC, using default environment
[2022-03-14 11:53:44] 
[2022-03-14 11:53:44] In:    serial
[2022-03-14 11:53:44] Out:   serial
[2022-03-14 11:53:44] Err:   serial
[2022-03-14 11:53:44] Net:   
[2022-03-14 11:53:44] Warning: ethernet@2490000 using MAC address from ROM
[2022-03-14 11:53:44] eth0: ethernet@2490000
[2022-03-14 11:53:44] Hit any key to stop autoboot:  2  1  0 
[2022-03-14 11:53:46] MMC: no card present
[2022-03-14 11:53:46] switch to partitions #0, OK
[2022-03-14 11:53:46] mmc0(part 0) is current device
[2022-03-14 11:53:46] Scanning mmc 0:1...
[2022-03-14 11:53:46] Found /boot/extlinux/extlinux.conf
[2022-03-14 11:53:46] Retrieving file: /boot/extlinux/extlinux.conf
[2022-03-14 11:53:46] 858 bytes read in 22 ms (38.1 KiB/s)
[2022-03-14 11:53:46] 1:	primary kernel
[2022-03-14 11:53:46] Retrieving file: /boot/initrd
[2022-03-14 11:53:47] 7238344 bytes read in 201 ms (34.3 MiB/s)
[2022-03-14 11:53:47] Retrieving file: /boot/Image
[2022-03-14 11:53:47] 34484232 bytes read in 830 ms (39.6 MiB/s)
[2022-03-14 11:53:47] append: console=ttyS0,115200 androidboot.presilicon=true firmware_class.path=/etc/firmware root=/dev/mmcblk0p1 rw rootwait rootfstype=ext4 console=ttyS0,115200n8 console=tty0 fbcon=map:0 net.ifnames=0 isolcpus=1-2  video=tegrafb earlycon=uart8250,mmio32,0x3100000 nvdumper_reserved=0x2772e0000 gpt rootfs.slot_suffix= usbcore.old_scheme_first=1 tegraid=18.1.2.0.0 maxcpus=6 no_console_suspend boot.slot_suffix= boot.ratchetvalues=0.2031647.1 vpr_resize bl_prof_dataptr=0x10000@0x275840000 sdhci_tegra.en_boot_part_access=1 quiet root=/dev/mmcblk0p1 rw rootwait rootfstype=ext4 console=ttyS0,115200n8 console=tty0 fbcon=map:0 net.ifnames=0 isolcpus=1-2 
[2022-03-14 11:53:47] ## Flattened Device Tree blob at 80000000
[2022-03-14 11:53:47]    Booting using the fdt blob at 0x80000000
[2022-03-14 11:53:47] ERROR: reserving fdt memory region failed (addr=0 size=0)
[2022-03-14 11:53:47] ERROR: reserving fdt memory region failed (addr=0 size=0)
[2022-03-14 11:53:47] ERROR: reserving fdt memory region failed (addr=0 size=0)
[2022-03-14 11:53:47]    Using Device Tree in place at 0000000080000000, end 0000000080060aa3
[2022-03-14 11:53:47] copying carveout for /host1x@13e00000/display-hub@15200000/display@15200000...
[2022-03-14 11:53:48] copying carveout for /host1x@13e00000/display-hub@15200000/display@15210000...
[2022-03-14 11:53:48] copying carveout for /host1x@13e00000/display-hub@15200000/display@15220000...
[2022-03-14 11:53:48] 
[2022-03-14 11:53:48] Starting kernel ...
[2022-03-14 11:53:48] 
[2022-03-14 11:53:50] ERROR:   ARI request timed out: req 89 on CPU 4
[2022-03-14 11:53:50] ASSERT: plat/nvidia/tegra/soc/t186/drivers/mce/ari.c <127> : retries != 0UERROR:   ARI request timed out: req 89 on CPU 4
ASSERT: plat/nvidia/tegra/soc/t186/drivers/mce/ari.c <127> : retries != 0U