[0000.266] I> Welcome to MB2(TBoot-BPMP)(version: 01.00.160913-t186-M-00.00-mobile-c368a720)
[2022-03-14 10:54:40] [0000.274] I> Boot-device: eMMC
[2022-03-14 10:54:40] [0000.282] I> sdmmc bdev is already initialized
[2022-03-14 10:54:40] [0000.286] I> pmic: reset reason (nverc)	: 0x80
[2022-03-14 10:54:40] [0000.319] I> Found 19 partitions in SDMMC_BOOT (instance 3)
[2022-03-14 10:54:40] [0000.339] I> Found 33 partitions in SDMMC_USER (instance 3)
[2022-03-14 10:54:40] [0000.345] W> No valid slot number is found in scratch register
[2022-03-14 10:54:40] [0000.351] W> Return default slot: _a
[2022-03-14 10:54:40] [0000.354] I> A/B: bin_type (16) slot 0
[2022-03-14 10:54:40] [0000.358] I> Loading partition bpmp-fw at 0xd7800000
[2022-03-14 10:54:40] [0000.363] I> Reading two headers - addr:0xd7800000 blocks:1
[2022-03-14 10:54:40] [0000.368] I> Addr: 0xd7800000, start-block: 58777608, num_blocks: 1
[2022-03-14 10:54:40] [0000.393] I> Binary(16) of size 534416 is loaded @ 0xd7800000
[2022-03-14 10:54:40] [0000.398] W> No valid slot number is found in scratch register
[2022-03-14 10:54:40] [0000.404] W> Return default slot: _a
[2022-03-14 10:54:40] [0000.408] I> A/B: bin_type (17) slot 0
[2022-03-14 10:54:40] [0000.411] I> Loading partition bpmp-fw-dtb at 0xd79f0000
[2022-03-14 10:54:40] [0000.416] I> Reading two headers - addr:0xd79f0000 blocks:1
[2022-03-14 10:54:40] [0000.422] I> Addr: 0xd79f0000, start-block: 58780024, num_blocks: 1
[2022-03-14 10:54:40] [0000.448] I> Binary(17) of size 604720 is loaded @ 0xd796c400
[2022-03-14 10:54:40] [0000.677] I> Loading SCE-FW ...
[2022-03-14 10:54:40] [0000.680] W> No valid slot number is found in scratch register
[2022-03-14 10:54:40] [0000.686] W> Return default slot: _a
[2022-03-14 10:54:40] [0000.690] I> A/B: bin_type (12) slot 0
[2022-03-14 10:54:40] [0000.693] I> Loading partition sce-fw at 0xd7300000
[2022-03-14 10:54:40] [0000.698] I> Reading two headers - addr:0xd7300000 blocks:1
[2022-03-14 10:54:40] [0000.703] I> Addr: 0xd7300000, start-block: 58784120, num_blocks: 1
[2022-03-14 10:54:41] [0000.723] I> Binary(12) of size 125632 is loaded @ 0xd7300000
[2022-03-14 10:54:41] [0000.728] I> Init SCE
[2022-03-14 10:54:41] [0000.731] I> Loading APE-FW ...
[2022-03-14 10:54:41] [0000.734] W> No valid slot number is found in scratch register
[2022-03-14 10:54:41] [0000.739] W> Return default slot: _a
[2022-03-14 10:54:41] [0000.743] I> A/B: bin_type (11) slot 0
[2022-03-14 10:54:41] [0000.746] I> Loading partition adsp-fw at 0xd7400000
[2022-03-14 10:54:41] [0000.751] I> Reading two headers - addr:0xd7400000 blocks:1
[2022-03-14 10:54:41] [0000.757] I> Addr: 0xd7400000, start-block: 58761224, num_blocks: 1
[2022-03-14 10:54:41] [0000.776] I> Binary(11) of size 77216 is loaded @ 0xd7400000
[2022-03-14 10:54:41] [0000.781] I> Copy BTCM section
[2022-03-14 10:54:41] [0000.784] W> No valid slot number is found in scratch register
[2022-03-14 10:54:41] [0000.790] W> Return default slot: _a
[2022-03-14 10:54:41] [0000.793] I> A/B: bin_type (13) slot 0
[2022-03-14 10:54:41] [0000.797] I> Loading partition cpu-bootloader at 0x96000000
[2022-03-14 10:54:41] [0000.802] I> Reading two headers - addr:0x96000000 blocks:1
[2022-03-14 10:54:41] [0000.808] I> Addr: 0x96000000, start-block: 58740744, num_blocks: 1
[2022-03-14 10:54:41] [0000.829] I> Binary(13) of size 308800 is loaded @ 0x96000000
[2022-03-14 10:54:41] [0000.835] W> No valid slot number is found in scratch register
[2022-03-14 10:54:41] [0000.840] W> Return default slot: _a
[2022-03-14 10:54:41] [0000.844] I> A/B: bin_type (20) slot 0
[2022-03-14 10:54:41] [0000.847] I> Loading partition bootloader-dtb at 0x85205400
[2022-03-14 10:54:41] [0000.853] I> Reading two headers - addr:0x85205400 blocks:1
[2022-03-14 10:54:41] [0000.858] I> Addr: 0x85205400, start-block: 58742792, num_blocks: 1
[2022-03-14 10:54:41] [0000.880] I> Binary(20) of size 375568 is loaded @ 0x85205400
[2022-03-14 10:54:41] [0000.886] W> No valid slot number is found in scratch register
[2022-03-14 10:54:41] [0000.891] W> Return default slot: _a
[2022-03-14 10:54:41] [0000.895] I> A/B: bin_type (14) slot 0
[2022-03-14 10:54:41] [0000.899] I> Loading partition secure-os at 0x85305600
[2022-03-14 10:54:41] [0000.904] I> Reading two headers - addr:0x85305600 blocks:1
[2022-03-14 10:54:41] [0000.909] I> Addr: 0x85305600, start-block: 58744840, num_blocks: 1
[2022-03-14 10:54:41] [0000.931] I> Binary(14) of size 402864 is loaded @ 0x85305600
[2022-03-14 10:54:41] [0000.939] I> TOS boot-params @ 0x85000000
[2022-03-14 10:54:41] [0000.943] I> TOS params prepared
[2022-03-14 10:54:41] [0000.946] I> Loading EKS ...
[2022-03-14 10:54:41] [0000.949] I> A/B: bin_type (15) slot 0
[2022-03-14 10:54:41] [0000.952] I> Loading partition eks at 0x85905800
[2022-03-14 10:54:41] [0000.957] I> Reading two headers - addr:0x85905800 blocks:1
[2022-03-14 10:54:41] [0000.962] I> Addr: 0x85905800, start-block: 58757128, num_blocks: 1
[2022-03-14 10:54:41] [0000.981] I> Binary(15) of size 1040 is loaded @ 0x85905800
[2022-03-14 10:54:41] [0000.987] I> EKB detected (length: 0x400) @ 0x85905800
[2022-03-14 10:54:41] [0000.992] I> Copied encrypted keys
[2022-03-14 10:54:41] [0000.995] I> boot profiler @ 0x275844000
[2022-03-14 10:54:41] [0000.999] I> boot profiler for TOS @ 0x275844000
[2022-03-14 10:54:41] [0001.004] I> Unhalting SCE
[2022-03-14 10:54:41] [0001.007] I> Primary Memory Start:80000000 Size:70000000
[2022-03-14 10:54:41] [0001.012] I> Extended Memory Start:f0110000 Size:1856f0000
[2022-03-14 10:54:41] [0001.019] I> MB2(TBoot-BPMP) done
[2022-03-14 10:54:41] 
[2022-03-14 10:54:41] NOTICE:  BL31: v1.3(release):b5eeb33f7
[2022-03-14 10:54:41] NOTICE:  BL31: Built : 12:15:17, Jul 26 2021
[2022-03-14 10:54:41] ipc-unittest-main: 1519: Welcome to IPC unittest!!!
[2022-03-14 10:54:41] ipc-unittest-main: 1531: waiting forever
[2022-03-14 10:54:41] ipc-unittest-srv: 329: Init unittest services!!!
[2022-03-14 10:54:41] hwkey-agent: 41: hwkey-agent is running!!
[2022-03-14 10:54:41] hwkey-agent: 315: key_mgnt_processing .......
[2022-03-14 10:54:41] hwkey-agent: 223: Setting EKB key 0 to slot 14
[2022-03-14 10:54:41] hwkey-agent: 178: Init hweky-agent services!!
[2022-03-14 10:54:41] luks-srv: 40: luks-srv is running!!
[2022-03-14 10:54:41] luks-srv: 157: Init luks-srv IPC services!!
[2022-03-14 10:54:41] platform_bootstrap_epilog: trusty bootstrap complete
[2022-03-14 10:54:41] [0001.391] I> Welcome to Cboot
[2022-03-14 10:54:41] [0001.394] I> Cboot Version: t186-00029e71
[2022-03-14 10:54:41] [0001.397] I> CPU-BL Params @ 0x275800000
[2022-03-14 10:54:41] [0001.401] I>  0) Base:0x00000000 Size:0x00000000
[2022-03-14 10:54:41] [0001.406] I>  1) Base:0x277f00000 Size:0x00100000
[2022-03-14 10:54:41] [0001.410] I>  2) Base:0x277e00000 Size:0x00100000
[2022-03-14 10:54:41] [0001.415] Iþ  3) Base:0x277d00000 Size:0x00100000
[2022-03-14 10:54:41] [0001.419] I>  4) Base:0x277c00000 Size:0x00100000
[2022-03-14 10:54:41] [0001.424] I>  5) Base:0x277b00000 Size:0x00100000
[2022-03-14 10:54:41] [0001.428] I>  6) Base:0x277800000 Size:0x00200000
[2022-03-14 10:54:41] [0001.433] I>  7) Base:0x277400000 Size:0x00400000
[2022-03-14 10:54:41] [0001.437] I>  8) Base:0x277a00000 Size:0x00100000
[2022-03-14 10:54:41] [0001.442] I>  9) Base:0x277300000 Size:0x00100000
[2022-03-14 10:54:41] [0001.446] I> 10) Base:0x276800000 Size:0x00800000
[2022-03-14 10:54:41] [0001.451] I> 11) Base:0x30000000 Size:0x00040000
[2022-03-14 10:54:41] [0001.455] I> 12) Base:0xf0000000 Size:0x00100000
[2022-03-14 10:54:41] [0001.460] I> 13) Base:0x30040000 Size:0x00001000
[2022-03-14 10:54:41] [0001.464] I> 14) Base:0x30048000 Size:0x00001000
[2022-03-14 10:54:41] [0001.469] I> 15) Base:0x30049000 Size:0x00001000
[2022-03-14 10:54:41] [0001.473] I> 16) Base:0x3004a000 Size:0x00001000
[2022-03-14 10:54:41] [0001.477] I> 17) Base:0x3004b000 Size:0x00001000
[2022-03-14 10:54:41] [0001.482] I> 18) Base:0x3004c000 Size:0x00001000
[2022-03-14 10:54:41] [0001.486] I> 19) Base:0x3004d000 Size:0x00001000
[2022-03-14 10:54:41] [0001.491] I> 20) Base:0x3004e000 Size:0x00001000
[2022-03-14 10:54:41] [0001.495] I> 21) Base:0x3004f000 Size:0x00001000
[2022-03-14 10:54:41] [0001.500] I> 22) Base:0x00000000 Size:0x00000000
[2022-03-14 10:54:41] [0001.504] I> 23) Base:0xf0100000 Size:0x00010000
[2022-03-14 10:54:41] [0001.508] I> 24) Base:0x00000000 Size:0x00000000
[2022-03-14 10:54:41] [0001.513] I> 25) Base:0x00000000 Size:0x00000000
[2022-03-14 10:54:41] [0001.517] I> 26) Base:0x00000000 Size:0x00000000
[2022-03-14 10:54:41] [0001.522] I> 27) Base:0x00000000 Size:0x00000000
[2022-03-14 10:54:41] [0001.526] I> 28) Base:0x84400000 Size:0x00400000
[2022-03-14 10:54:41] [0001.531] I> 29) Base:0x30000000 Size:0x00010000
[2022-03-14 10:54:41] [0001.535] I> 30) Base:0x278000000 Size:0x08000000
[2022-03-14 10:54:41] [0001.540] I> 31) Base:0x00000000 Size:0x00000000
[2022-03-14 10:54:41] [0001.544] I> 32) Base:0x276000000 Size:0x00600000
[2022-03-14 10:54:41] [0001.548] I> 33) Base:0x80000000 Size:0x70000000
[2022-03-14 10:54:41] [0001.553] I> 34) Base:0xf0110000 Size:0x1856f0000
[2022-03-14 10:54:41] [0001.557] I> 35) Base:0x00000000 Size:0x00000000
[2022-03-14 10:54:41] [0001.562] I> 36) Base:0x00000000 Size:0x00000000
[2022-03-14 10:54:41] [0001.566] I> 37) Base:0x2772e0000 Size:0x00020000
[2022-03-14 10:54:41] [0001.571] I> 38) Base:0x84000000 Size:0x00400000
[2022-03-14 10:54:41] [0001.575] I> 39) Base:0x96000000 Size:0x02000000
[2022-03-14 10:54:41] [0001.580] I> 40) Base:0x85000000 Size:0x01200000
[2022-03-14 10:54:41] [0001.584] I> 41) Base:0x275800000 Size:0x00500000
[2022-03-14 10:54:41] [0001.589] I> 42) Base:0x00000000 Size:0x00000000
[2022-03-14 10:54:41] [0001.593] I> 43) Base:0x00000000 Size:0x00000000
[2022-03-14 10:54:41] [0001.597] GIC-SPI Target CPU: 4
[2022-03-14 10:54:41] [0001.601] Interrupts Init done
[2022-03-14 10:54:41] [0001.604] calling constructors
[2022-03-14 10:54:41] [0001.607] initializing heap
[2022-03-14 10:54:41] [0001.610] initializing threads
[2022-03-14 10:54:41] [0001.613] initializing timers
[2022-03-14 10:54:41] [0001.616] creating bootstrap completion thread
[2022-03-14 10:54:41] [0001.621] top of bootstrap2()
[2022-03-14 10:54:41] [0001.624] CPU: ARM Cortex A57
[2022-03-14 10:54:41] [0001.627] CPU: MIDR: 0x411FD073, MPIDR: 0x80000100
[2022-03-14 10:54:41] [0001.632] initializing platform
[2022-03-14 10:54:41] [0001.635] I> Bl_dtb @0x85205400
[2022-03-14 10:54:41] [0001.638] I> gpio framework initialized
[2022-03-14 10:54:41] [0001.645] I> tegrabl_gpio_driver_register: register 'nvidia,tegra186-gpio' driver
[2022-03-14 10:54:41] [0001.655] I> tegrabl_gpio_driver_register: register 'nvidia,tegra186-gpio-aon' driver
[2022-03-14 10:54:41] [0001.663] I> GPIO framework and drivers are initialized.
[2022-03-14 10:54:41] [0001.668] I> Boot-device: eMMC
[2022-03-14 10:54:41] [0001.675] I> sdmmc bdev is already initialized
[2022-03-14 10:54:41] [0001.706] I> Found 19 partitions in SDMMC_BOOT (instance 3)
[2022-03-14 10:54:42] [0001.723] I> Found 33 partitions in SDMMC_USER (instance 3)
[2022-03-14 10:54:42] [0001.729] W> opt-in fuse is not set, skip fuse_burning
[2022-03-14 10:54:42] [0001.734] I> Reserved memory at 0xfbe00000 for U-Boot relocation
[2022-03-14 10:54:42] [0001.740] W> No valid slot number is found in scratch register
[2022-03-14 10:54:42] [0001.745] W> Return default slot: _a
[2022-03-14 10:54:42] [0001.755] I> A/B: bin_type (21) slot 0
[2022-03-14 10:54:42] [0001.758] I> Loading kernel-dtb from partition
[2022-03-14 10:54:42] [0001.763] I> Loading partition kernel-dtb at 0x80000000 from device(0x1)
[2022-03-14 10:54:42] [0001.780] I> Kernel_dtb @0x80000000
[2022-03-14 10:54:42] [0001.783] I> tegrabl_tca9539_init: i2c bus: 0, slave addr: 0xee
[2022-03-14 10:54:42] [0001.793] I> tegrabl_gpio_driver_register: register 'tca9539_gpio_driver' driver
[2022-03-14 10:54:42] [0001.801] I> tegrabl_tca9539_init: i2c bus: 0, slave addr: 0xe8
[2022-03-14 10:54:42] [0001.810] I> tegrabl_gpio_driver_register: register 'tca9539_gpio_driver' driver
[2022-03-14 10:54:42] [0001.820] I> fixed regulator driver initialized
[2022-03-14 10:54:42] [0001.853] I> register 'maxim' power off handle
[2022-03-14 10:54:42] [0001.859] I> virtual i2c enabled
[2022-03-14 10:54:42] [0001.862] I> registered 'maxim,max77620' pmic
[2022-03-14 10:54:42] [0001.867] I> tegrabl_gpio_driver_register: register 'max77620-gpio' driver
[2022-03-14 10:54:42] [0001.881] E> failed to read label property for node 324936: 13
[2022-03-14 10:54:42] [0001.889] E> failed to read reg property for node 325032: 13
[2022-03-14 10:54:42] [0001.897] E> failed to read reg property for node 325084: 13
[2022-03-14 10:54:42] [0001.906] E> failed to read label property for node 325168: 13
[2022-03-14 10:54:42] [0001.914] E> failed to read label property for node 325236: 13
[2022-03-14 10:54:42] [0001.923] E> failed to read reg property for node 325304: 13
[2022-03-14 10:54:42] [0001.931] E> failed to read reg property for node 325376: 13
[2022-03-14 10:54:42] [0001.941] I> Find /i2c@c250000's alias i2c7
[2022-03-14 10:54:42] [0001.945] I> Reading eeprom i2c=7 address=0x50
[2022-03-14 10:54:42] [0001.974] I> Device at /i2c@c250000:0x50
[2022-03-14 10:54:42] [0001.978] I> Reading eeprom i2c=7 address=0x57
[2022-03-14 10:54:42] [0002.007] I> Device at /i2c@c250000:0x57
[2022-03-14 10:54:42] [0002.011] I> Find /i2c@c240000's alias i2c1
[2022-03-14 10:54:42] [0002.015] I> Reading eeprom i2c=1 address=0x51
[2022-03-14 10:54:42] [0002.020] E> I2C: slave not found in slaves.
[2022-03-14 10:54:42] [0002.024] E> I2C: Could not write 0 bytes to slave: 0x00a2 with repeat start true.
[2022-03-14 10:54:42] [0002.032] E> I2C_DEV: Failed to send register address 0x00000000.
[2022-03-14 10:54:42] [0002.038] E> I2C_DEV: Could not read 256 registers of size 1 from slave 0xa2 at 0x00000000 via instance 1.
[2022-03-14 10:54:42] [0002.048] E> eeprom: Retry to read I2C slave device.
[2022-03-14 10:54:42] [0002.052] E> I2C: slave not found in slaves.
[2022-03-14 10:54:42] [0002.057] E> I2C: Could not write 0 bytes to slave: 0x00a2 with repeat start true.
[2022-03-14 10:54:42] [0002.064] E> I2C_DEV: Failed to send register address 0x00000000.
[2022-03-14 10:54:42] [0002.070] E> I2C_DEV: Could not read 256 registers of size 1 from slave 0xa2 at 0x00000000 via instance 1.
[2022-03-14 10:54:42] [0002.080] E> eeprom: Failed to read I2C slave device
[2022-03-14 10:54:42] [0002.084] I> Eeprom read failed 0x3526070d
[2022-03-14 10:54:42] [0002.089] I> Find /i2c@3160000's alias i2c0
[2022-03-14 10:54:42] [0002.093] I> Reading eeprom i2c=0 address=0x50
[2022-03-14 10:54:42] [0002.097] E> I2C: slave not found in slaves.
[2022-03-14 10:54:42] [0002.101] E> I2C: Could not write 0 bytes to slave: 0x00a0 with repeat start true.
[2022-03-14 10:54:42] [0002.109] E> I2C_DEV: Failed to send register address 0x00000000.
[2022-03-14 10:54:42] [0002.115] E> I2C_DEV: Could not read 256 registers of size 1 from slave 0xa0 at 0x00000000 via instance 0.
[2022-03-14 10:54:42] [0002.125] E> eeprom: Failed to read I2C slave device
[2022-03-14 10:54:42] [0002.129] I> Eeprom read failed 0x3526070d
[2022-03-14 10:54:42] [0002.134] I> Find /i2c@3180000's alias i2c2
[2022-03-14 10:54:42] [0002.138] I> Reading eeprom i2c=2 address=0x54
[2022-03-14 10:54:42] [0002.142] I> Enabling gpio chip_id = 2, gpio pin = 9
[2022-03-14 10:54:42] [0002.173] I> Disabling gpio chip_id = 2, gpio pin = 9
[2022-03-14 10:54:42] [0002.178] I> Device at /i2c@3180000:0x54
[2022-03-14 10:54:42] [0002.182] I> Reading eeprom i2c=2 address=0x57
[2022-03-14 10:54:42] [0002.186] I> Enabling gpio chip_id = 2, gpio pin = 9
[2022-03-14 10:54:42] [0002.192] E> I2C: slave not found in slaves.
[2022-03-14 10:54:42] [0002.196] E> I2C: Could not write 0 bytes to slave: 0x00ae with repeat start true.
[2022-03-14 10:54:42] [0002.204] E> I2C_DEV: Failed to send register address 0x00000000.
[2022-03-14 10:54:42] [0002.209] E> I2C_DEV: Could not read 256 registers of size 1 from slave 0xae at 0x00000000 via instance 2.
[2022-03-14 10:54:42] [0002.219] E> eeprom: Failed to read I2C slave device
[2022-03-14 10:54:42] [0002.224] I> Disabling gpio chip_id = 2, gpio pin = 9
[2022-03-14 10:54:42] [0002.229] I> Eeprom read failed 0x00000000
[2022-03-14 10:54:42] [0002.233] I> create_pm_ids: id: 3310-1000-D00-L, len: 15
[2022-03-14 10:54:42] [0002.238] I> config: mem-type:00,power-config:00,misc-config:00,modem-config:00,touch-config:00,display-config:00,, len: 93
[2022-03-14 10:54:42] [0002.249] I> create_pm_ids: id: 2597-0000-900-E, len: 15
[2022-03-14 10:54:42] [0002.254] I> config: mem-type:00,power-config:00,misc-config:00,modem-config:00,touch-config:00,display-config:00,, len: 93
[2022-03-14 10:54:42] [0002.265] I> create_pm_ids: id: 3326-1000-000-M, len: 15
[2022-03-14 10:54:42] [0002.270] I> config: mem-type:ff,power-config:ff,misc-config:ff,modem-config:ff,touch-config:ff,display-config:ff,, len: 93
[2022-03-14 10:54:42] [0002.305] I> enabling 'vdd-hdmi' regulator
[2022-03-14 10:54:42] [0002.321] I> regulator 'vdd-hdmi' already enabled
[2022-03-14 10:54:42] [0002.325] E> tegrabl_display_init_regulator: hdmi cable is not connected
[2022-03-14 10:54:42] [0002.332] E> tegrabl_display_get_pdata, failed to parse dtb settings
[2022-03-14 10:54:42] [0002.341] E> cannot find any other nvdisp nodes
[2022-03-14 10:54:42] [0002.345] E> no valid display unit config found in dtb
[2022-03-14 10:54:42] [0002.351] W> display init failed
[2022-03-14 10:54:42] [0002.354] initializing target
[2022-03-14 10:54:42] [0002.357] calling apps_init()
[2022-03-14 10:54:42] [0002.360] starting app kernel_boot_app
[2022-03-14 10:54:42] [0002.382] I> found decompressor handler: lz4-legacy
[2022-03-14 10:54:42] [0002.387] I> decompressing BMP blob ...
[2022-03-14 10:54:42] [0002.399] I> Kernel type = Normal
[2022-03-14 10:54:42] [0002.402] I> ########## Fixed storage boot ##########
[2022-03-14 10:54:42] [0002.407] I> Loading kernel-bootctrl from partition
[2022-03-14 10:54:42] [0002.412] I> Loading partition kernel-bootctrl at 0xa8000000 from device(0x1)
[2022-03-14 10:54:42] [0002.426] W> tegrabl_get_kernel_bootctrl: magic number(0x00000000) is invalid
[2022-03-14 10:54:42] [0002.433] W> tegrabl_get_kernel_bootctrl: use default dummy boot control data
[2022-03-14 10:54:42] [0002.440] W> No valid slot number is found in scratch register
[2022-03-14 10:54:42] [0002.446] W> Return default slot: _a
[2022-03-14 10:54:42] [0002.449] I> A/B: bin_type (24) slot 0
[2022-03-14 10:54:42] [0002.465] I> Boot image size read from image header: 9913d
[2022-03-14 10:54:42] [0002.470] I> Boot image load address: 0x80400000
[2022-03-14 10:54:42] [0002.475] I> Loading kernel from partition
[2022-03-14 10:54:42] [0002.479] I> Loading partition kernel at 0x80400000 from device(0x1)
[2022-03-14 10:54:43] [0003.422] I> Validate kernel ...
[2022-03-14 10:54:43] [0003.425] I> T18x: Authenticate kernel (bin_type 24), max size 0x4000000
[2022-03-14 10:54:43] [0003.433] I> Decrypt the buffer ... [0003.436] W> tegrabl_decrypt_block: fuse (0x0) is not burnt to do encryption (0x4); skip decryption.
[2022-03-14 10:54:43] [0003.445] I> done
[2022-03-14 10:54:43] [0003.447] I> Checking boot.img header magic ... [0003.451] I> [OK]
[2022-03-14 10:54:43] [0003.453] I> kernel-dtb is already loaded
[2022-03-14 10:54:43] [0003.456] I> Validate kernel-dtb ...
[2022-03-14 10:54:43] [0003.460] I> T18x: Authenticate kernel-dtb (bin_type 21), max size 0x100000
[2022-03-14 10:54:43] [0003.467] I> Decrypt the buffer ... [0003.471] W> tegrabl_decrypt_block: fuse (0x0) is not burnt to do encryption (0x4); skip decryption.
[2022-03-14 10:54:43] [0003.480] I> done
[2022-03-14 10:54:43] [0003.481] I> Kernel hdr @0x80400000
[2022-03-14 10:54:43] [0003.485] I> Kernel dtb @0x80000000
[2022-03-14 10:54:43] [0003.488] I> decompressor handler not found
[2022-03-14 10:54:43] [0003.492] I> Copying kernel image (627005 bytes) from 0x80400800 to 0x80600000 ... [0003.500] I> Done
[2022-03-14 10:54:43] [0003.501] I> Move ramdisk (len: 0) from 0x8049a000 to 0x947d0000
[2022-03-14 10:54:43] [0003.509] I> Updated bpmp info to DTB
[2022-03-14 10:54:43] [0003.515] I> Ramdisk: Base: 0x947d0000; Size: 0x0
[2022-03-14 10:54:43] [0003.519] I> Updated initrd info to DTB
[2022-03-14 10:54:43] [0003.523] W> WARN: Fail to override "console=none" in commandline
[2022-03-14 10:54:43] [0003.529] I> Active rootfs suffix: 
[2022-03-14 10:54:43] [0003.532] E> tegrabl_linuxboot_add_disp_param, du 0 failed to get display params
[2022-03-14 10:54:43] [0003.539] E> tegrabl_linuxboot_add_disp_param, du 0 failed to get display params
[2022-03-14 10:54:43] [0003.547] E> tegrabl_linuxboot_add_disp_param, du 0 failed to get display params
[2022-03-14 10:54:43] [0003.554] I> disabled_core_mask: 0xffffff0c
[2022-03-14 10:54:43] [0003.558] W> No valid slot number is found in scratch register
[2022-03-14 10:54:43] [0003.563] W> Return default slot: _a
[2022-03-14 10:54:43] [0003.567] I> Active slot suffix: 
[2022-03-14 10:54:43] [0003.570] I> add_boot_slot_suffix: slot_suffix = 
[2022-03-14 10:54:43] [0003.575] I> Linux Cmdline: console=ttyS0,115200 androidboot.presilicon=true firmware_class.path=/etc/firmware root=/dev/mmcblk0p1 rw rootwait rootfstype=ext4 console=ttyS0,115200n8 console=tty0 fbcon=map:0 net.ifnames=0 isolcpus=1-2  video=tegrafb earlycon=uart8250,mmio32,0x3100000 nvdumper_reserved=0x2772e0000 gpt rootfs.slot_suffix= usbcore.old_scheme_first=1 tegraid=18.1.2.0.0 maxcpus=6 no_console_suspend boot.slot_suffix= boot.ratchetvalues=0.2031647.1 vpr_resize bl_prof_dataptr=0x10000@0x275840000 sdhci_tegra.en_boot_part_access=1 
[2022-03-14 10:54:43] [0003.622] I> Updated bootarg info to DTB
[2022-03-14 10:54:43] [0003.626] I> eeprom_get_mac_addr: MAC (type: 0): 48:b0:2d:0f:11:c5
[2022-03-14 10:54:43] [0003.632] I> eeprom_get_mac_addr: MAC (type: 1): 48:b0:2d:0f:11:c6
[2022-03-14 10:54:43] [0003.638] I> eeprom_get_mac_addr: MAC (type: 2): 48:b0:2d:0f:11:c7
[2022-03-14 10:54:43] [0003.645] E> Found no plugin manager ids in source DT
[2022-03-14 10:54:43] [0003.649] W> Add plugin manager ids from board info
[2022-03-14 10:54:43] [0003.654] W> "plugin-manager" doesn't exist, creating
[2022-03-14 10:54:43] [0003.659] W> "ids" doesn't exist, creating
[2022-03-14 10:54:43] [0003.663] W> "connection" doesn't exist, creating
[2022-03-14 10:54:43] [0003.668] W> "configs" doesn't exist, creating
[2022-03-14 10:54:43] [0003.672] I> create_pm_ids: id: 3310-1000-D00-L, len: 15
[2022-03-14 10:54:43] [0003.677] I> config: mem-type:00,power-config:00,misc-config:00,modem-config:00,touch-config:00,display-config:00,, len: 93
[2022-03-14 10:54:43] [0003.688] I> create_pm_ids: id: 2597-0000-900-E, len: 15
[2022-03-14 10:54:43] [0003.693] I> config: mem-type:00,power-config:00,misc-config:00,modem-config:00,touch-config:00,display-config:00,, len: 93
[2022-03-14 10:54:43] [0003.704] I> create_pm_ids: id: 3326-1000-000-M, len: 15
[2022-03-14 10:54:43] [0003.709] I> config: mem-type:ff,power-config:ff,misc-config:ff,modem-config:ff,touch-config:ff,display-config:ff,, len: 93
[2022-03-14 10:54:44] [0003.720] I> Adding plugin-manager/ids/3310-1000-D00=/i2c@c250000:module@0x50
[2022-03-14 10:54:44] [0003.727] W> "i2c@c250000" doesn't exist, creating
[2022-03-14 10:54:44] [0003.732] W> "module@0x50" doesn't exist, creating
[2022-03-14 10:54:44] [0003.737] I> Adding plugin-manager/ids/2597-0000-900=/i2c@c250000:module@0x57
[2022-03-14 10:54:44] [0003.744] W> "module@0x57" doesn't exist, creating
[2022-03-14 10:54:44] [0003.749] I> Adding plugin-manager/ids/3326-1000-000=/i2c@3180000:module@0x54
[2022-03-14 10:54:44] [0003.756] W> "i2c@3180000" doesn't exist, creating
[2022-03-14 10:54:44] [0003.761] W> "module@0x54" doesn't exist, creating
[2022-03-14 10:54:44] [0003.768] I> Adding plugin-manager/ids/3310-1000-D00-L
[2022-03-14 10:54:44] [0003.775] I> Adding plugin-manager/configs/3310-mem-type 00
[2022-03-14 10:54:44] [0003.781] I> Adding plugin-manager/configs/3310-power-config 00
[2022-03-14 10:54:44] [0003.787] I> Adding plugin-manager/configs/3310-misc-config 00
[2022-03-14 10:54:44] [0003.793] I> Adding plugin-manager/configs/3310-modem-config 00
[2022-03-14 10:54:44] [0003.799] I> Adding plugin-manager/configs/3310-touch-config 00
[2022-03-14 10:54:44] [0003.804] I> Adding plugin-manager/configs/3310-display-config 00
[2022-03-14 10:54:44] [0003.811] I> Adding plugin-manager/cvm
[2022-03-14 10:54:44] [0003.815] W> "chip-id" doesn't exist, creating
[2022-03-14 10:54:44] [0003.819] I> Adding plugin-manager/chip-id/A02P
[2022-03-14 10:54:44] [0003.823] W> "odm-data" doesn't exist, creating
[2022-03-14 10:54:44] [0003.828] I> Adding /chosen/plugin-manager/odm-data
[2022-03-14 10:54:44] [0003.838] I> added [base:0x80000000, size:0x70000000] to /memory
[2022-03-14 10:54:44] [0003.844] I> added [base:0xf0200000, size:0x185600000] to /memory
[2022-03-14 10:54:44] [0003.850] I> added [base:0x275e00000, size:0x200000] to /memory
[2022-03-14 10:54:44] [0003.855] I> added [base:0x276600000, size:0x200000] to /memory
[2022-03-14 10:54:44] [0003.861] I> added [base:0x277000000, size:0x200000] to /memory
[2022-03-14 10:54:44] [0003.867] I> Updated memory info to DTB
[2022-03-14 10:54:44] [0003.871] E> add_disp_param: failed to get display params for du=0
[2022-03-14 10:54:44] [0003.879] W> "reset" doesn't exist, creating
[2022-03-14 10:54:44] [0003.883] W> "pmc-reset-reason" doesn't exist, creating
[2022-03-14 10:54:44] [0003.889] W> "pmic-reset-reason" doesn't exist, creating
[2022-03-14 10:54:44] [0003.895] I> Adding ecid(00000001646db7851000000013038200) to DT
[2022-03-14 10:54:44] [0003.901] I> disabled_core_mask: 0xffffff0c
[2022-03-14 10:54:44] [0003.914] I> Add serial number:1422420022173 as DT property
[2022-03-14 10:54:44] [0003.923] I> Plugin-manager override starting
[2022-03-14 10:54:44] [0003.929] I> node /plugin-manager/fragement@0 matches
[2022-03-14 10:54:44] [0003.939] I> node /plugin-manager/fragement@4 matches
[2022-03-14 10:54:44] [0003.952] I> node /plugin-manager/fragment-sdwake-p3310-1000-300 matches
[2022-03-14 10:54:44] [0003.972] I> node /plugin-manager/fragement-pmon-p3310-1000-300 matches
[2022-03-14 10:54:44] [0003.981] I> node /plugin-manager/fragement-pmon-p3310-1000-800 matches
[2022-03-14 10:54:44] [0003.990] I> node /plugin-manager/fragment-devslp@0 matches
[2022-03-14 10:54:44] [0004.003] I> node /plugin-manager/fragment-500-pcie-config matches
[2022-03-14 10:54:44] [0004.018] I> node /plugin-manager/fragment-500-xusb-config matches
[2022-03-14 10:54:44] [0004.041] I> node /plugin-manager/fragment-p3310-c00-comm matches
[2022-03-14 10:54:44] [0004.054] I> node /plugin-manager/fragment-p3310-c00-pmic matches
[2022-03-14 10:54:44] [0004.065] I> node /plugin-manager/fragment-p3310-c01 matches
[2022-03-14 10:54:44] [0004.078] I> node /plugin-manager/fragment-p3310-c03 matches
[2022-03-14 10:54:44] [0004.120] I> node /plugin-manager/fragment-e3326@0 matches
[2022-03-14 10:54:44] [0004.202] I> node /plugin-manager/fragment-p3310-c00-camera matches
[2022-03-14 10:54:44] [0004.230] I> Disable plugin-manager status in FDT
[2022-03-14 10:54:44] [0004.234] I> Plugin-manager override finished successfully
[2022-03-14 10:54:44] [0004.239] I> tegrabl_load_kernel_and_dtb: Done
[2022-03-14 10:54:44] [0004.244] E> tegrabl_display_clear: display is not initialized
[2022-03-14 10:54:44] [0004.249] W> Boot logo display failed...
[2022-03-14 10:54:44] [0004.253] I> Kernel EP: 0x80600000, DTB: 0x80000000
[2022-03-14 10:54:44] 
[2022-03-14 10:54:44] 
[2022-03-14 10:54:44] U-Boot 2020.04-g46e4604c78 (Jul 26 2021 - 12:10:58 -0700)
[2022-03-14 10:54:44] 
[2022-03-14 10:54:44] SoC: tegra186
[2022-03-14 10:54:44] Model: NVIDIA P2771-0000-500
[2022-03-14 10:54:44] Board: NVIDIA P2771-0000
[2022-03-14 10:54:44] DRAM:  7.8 GiB
[2022-03-14 10:54:44] MMC:   sdhci@3400000: 1, sdhci@3460000: 0
[2022-03-14 10:54:44] Loading Environment from MMC... *** Warning - bad CRC, using default environment
[2022-03-14 10:54:44] 
[2022-03-14 10:54:44] In:    serial
[2022-03-14 10:54:44] Out:   serial
[2022-03-14 10:54:44] Err:   serial
[2022-03-14 10:54:44] Net:   
[2022-03-14 10:54:44] Warning: ethernet@2490000 using MAC address from ROM
[2022-03-14 10:54:44] eth0: ethernet@2490000
[2022-03-14 10:54:44] Hit any key to stop autoboot:  2  1  0 
[2022-03-14 10:54:46] MMC: no card present
[2022-03-14 10:54:46] switch to partitions #0, OK
[2022-03-14 10:54:46] mmc0(part 0) is current device
[2022-03-14 10:54:47] Scanning mmc 0:1...
[2022-03-14 10:54:47] Found /boot/extlinux/extlinux.conf
[2022-03-14 10:54:47] Retrieving file: /boot/extlinux/extlinux.conf
[2022-03-14 10:54:47] 858 bytes read in 22 ms (38.1 KiB/s)
[2022-03-14 10:54:47] 1:	primary kernel
[2022-03-14 10:54:47] Retrieving file: /boot/initrd
[2022-03-14 10:54:47] 7238344 bytes read in 201 ms (34.3 MiB/s)
[2022-03-14 10:54:47] Retrieving file: /boot/Image
[2022-03-14 10:54:48] 34484232 bytes read in 829 ms (39.7 MiB/s)
[2022-03-14 10:54:48] append: console=ttyS0,115200 androidboot.presilicon=true firmware_class.path=/etc/firmware root=/dev/mmcblk0p1 rw rootwait rootfstype=ext4 console=ttyS0,115200n8 console=tty0 fbcon=map:0 net.ifnames=0 isolcpus=1-2  video=tegrafb earlycon=uart8250,mmio32,0x3100000 nvdumper_reserved=0x2772e0000 gpt rootfs.slot_suffix= usbcore.old_scheme_first=1 tegraid=18.1.2.0.0 maxcpus=6 no_console_suspend boot.slot_suffix= boot.ratchetvalues=0.2031647.1 vpr_resize bl_prof_dataptr=0x10000@0x275840000 sdhci_tegra.en_boot_part_access=1 quiet root=/dev/mmcblk0p1 rw rootwait rootfstype=ext4 console=ttyS0,115200n8 console=tty0 fbcon=map:0 net.ifnames=0 isolcpus=1-2 
[2022-03-14 10:54:48] ## Flattened Device Tree blob at 80000000
[2022-03-14 10:54:48]    Booting using the fdt blob at 0x80000000
[2022-03-14 10:54:48] ERROR: reserving fdt memory region failed (addr=0 size=0)
[2022-03-14 10:54:48] ERROR: reserving fdt memory region failed (addr=0 size=0)
[2022-03-14 10:54:48] ERROR: reserving fdt memory region failed (addr=0 size=0)
[2022-03-14 10:54:48]    Using Device Tree in place at 0000000080000000, end 0000000080060aa3
[2022-03-14 10:54:48] copying carveout for /host1x@13e00000/display-hub@15200000/display@15200000...
[2022-03-14 10:54:48] copying carveout for /host1x@13e00000/display-hub@15200000/display@15210000...
[2022-03-14 10:54:48] copying carveout for /host1x@13e00000/display-hub@15200000/display@15220000...
[2022-03-14 10:54:48] 
[2022-03-14 10:54:48] Starting kernel ...
[2022-03-14 10:54:48] 
[2022-03-14 10:54:48] [    0.000000] Booting Linux on physical CPU 0x100
[2022-03-14 10:54:48] [    0.000000] Linux version 4.9.253-tegra (buildbrain@mobile-u64-5497-d3000) (gcc version 7.3.1 20180425 [linaro-7.3-2018.05 revision d29120a424ecfbc167ef90065c0eeb7f91977701] (Linaro GCC 7.3-2018.05) ) #1 SMP PREEMPT Mon Jul 26 12:19:28 PDT 2021
[2022-03-14 10:54:48] [    0.000000] Boot CPU: AArch64 Processor [411fd073]
[2022-03-14 10:54:48] [    0.000000] OF: fdt:memory scan node memory@80000000, reg size 80,
[2022-03-14 10:54:48] [    0.000000] OF: fdt: - 80000000 ,  70000000
[2022-03-14 10:54:48] [    0.000000] OF: fdt: - f0200000 ,  185600000
[2022-03-14 10:54:48] [    0.000000] OF: fdt: - 275e00000 ,  200000
[2022-03-14 10:54:48] [    0.000000] OF: fdt: - 276600000 ,  200000
[2022-03-14 10:54:48] [    0.000000] OF: fdt: - 277000000 ,  200000
[2022-03-14 10:54:48] [    0.000000] earlycon: uart8250 at MMIO32 0x0000000003100000 (options '')
[2022-03-14 10:54:48] [    0.000000] bootconsole [uart8250] enabled
[2022-03-14 10:54:50] [    1.816063] cgroup: cgroup2: unknown option "nsdelegate"
[2022-03-14 10:54:51] [    2.739279] using random self ethernet address
[2022-03-14 10:54:51] [    2.743994] using random host ethernet address
[2022-03-14 10:54:51] [    2.903933] FAT-fs (loop0): Volume was not properly unmounted. Some data may be corrupt. Please run fsck.
[2022-03-14 10:54:52] [    3.216175] random: crng init done
[2022-03-14 10:54:52] [    3.219582] random: 7 urandom warning(s) missed due to ratelimiting
[2022-03-14 10:54:52] [    3.338071] using random self ethernet address
[2022-03-14 10:54:52] [    3.342695] using random host ethernet address
[2022-03-14 10:54:52] [    3.798284] CPU1: shutdown
[2022-03-14 10:54:52] [    3.834010] CPU2: shutdown
[2022-03-14 10:54:53] [    4.776199] Bridge firewalling registered
[2022-03-14 10:54:57] 
[2022-03-14 10:54:57] Ubuntu 18.04.5 LTS JTX2-A ttyS0
[2022-03-14 10:54:57] 
[2022-03-14 10:54:57] JTX2-A login: [   57.245233] Unhandled fault: synchronous external abort (0x96000010) at 0xffffff8009ea3350
[2022-03-14 10:55:46] [   57.245297] CPU4: SError detected, daif=1c0, spsr=0x800000c5, mpidr=80000102, esr=bf40c000
[2022-03-14 10:55:46] [   57.245300] **************************************
[2022-03-14 10:55:46] [   57.245302] A57 CPU Memory Error on CPU 4 (A57 Core 2)
[2022-03-14 10:55:46] [   57.245303] 	ESR:               0xbf40c000
[2022-03-14 10:55:46] [   57.245307] CPU0: SError detected, daif=1c0, spsr=0x60000045, mpidr=80000100, esr=bf40c000
[2022-03-14 10:55:46] [   57.245309] 	L2MERRSR: 0x300913c8ef0
[2022-03-14 10:55:46] [   57.245310] 	L2 Data RAM: 0x11
[2022-03-14 10:55:46] [   57.245312] 	CPU ID of Error:    7
[2022-03-14 10:55:46] [   57.245313] 	WAY of Error:       1
[2022-03-14 10:55:46] [   57.245314] 	Index of Error:     36592
[2022-03-14 10:55:46] [   57.245315] 	Repeat Error Count: 0
[2022-03-14 10:55:46] [   57.245316] 	Other Error Count:  3
[2022-03-14 10:55:46] [   57.245317] **************************************
[2022-03-14 10:55:46] [   57.245377] CPU5: SError detected, daif=1c0, spsr=0x60000000, mpidr=80000103, esr=bf40c000
[2022-03-14 10:55:46] [   57.247727] ROC:CCE Machine Check Error:
[2022-03-14 10:55:46] [   57.247730] 	Address Type = Non-Secure DRAM
[2022-03-14 10:55:46] [   57.247757] 	Address = 0x10820a3348 (Unknown Device)
[2022-03-14 10:55:46] [   57.247759] 		Request not going to SYSRAM or DRAM
[2022-03-14 10:55:46] [   57.247958] Bad mode in Error handler detected on CPU4, code 0xbf40c000 -- SError
[2022-03-14 10:55:46] [   57.247960] Kernel panic - not syncing: bad mode
[2022-03-14 10:55:46] [   57.247964] CPU: 4 PID: 0 Comm: swapper/4 Not tainted 4.9.253-tegra #1
[2022-03-14 10:55:46] [   57.247966] Hardware name: quill (DT)
[2022-03-14 10:55:46] [   57.247967] Call trace:
[2022-03-14 10:55:46] [   57.247976] [<ffffff800808ba40>] dump_backtrace+0x0/0x198
[2022-03-14 10:55:46] [   57.247979] [<ffffff800808c004>] show_stack+0x24/0x30
[2022-03-14 10:55:46] [   57.247984] [<ffffff8008f6121c>] dump_stack+0xa0/0xc4
[2022-03-14 10:55:46] [   57.247988] [<ffffff8008f5e2c0>] panic+0x12c/0x2a8
[2022-03-14 10:55:46] [   57.247990] [<ffffff800808c894>] bad_mode+0x7c/0x80
[2022-03-14 10:55:46] [   57.247993] [<ffffff800808ca5c>] handle_serr+0x124/0x128
[2022-03-14 10:55:46] [   57.247995] [<ffffff8008082d98>] el1_serr+0xb0/0x144
[2022-03-14 10:55:46] [   57.248000] [<ffffff8008ba09ac>] cpuidle_enter_state+0x84/0x380
[2022-03-14 10:55:46] [   57.248002] [<ffffff8008ba0d1c>] cpuidle_enter+0x34/0x48
[2022-03-14 10:55:46] [   57.248005] [<ffffff800811139c>] call_cpuidle+0x44/0x70
[2022-03-14 10:55:46] [   57.248007] [<ffffff8008111718>] cpu_startup_entry+0x1b0/0x200
[2022-03-14 10:55:46] [   57.248010] [<ffffff8008091cf8>] secondary_start_kernel+0x190/0x1f8
[2022-03-14 10:55:46] [   57.248012] [<000000008116e1a8þ] 0x8116e1a8
[2022-03-14 10:55:46] [   57.248016] SMP: stopping secondary CPUs
[2022-03-14 10:55:46] [   57.435201] Internal error: : 96000010 [#1] PREEMPT SMP
[2022-03-14 10:55:46] [   57.440415] Modules linked in: bnep fuse xt_conntrack ipt_MASQUERADE nf_nat_masquerade_ipv4 nf_conntrack_netlink nfnetlink bluedroid_pm userspace_alert xt_addrtype iptable_filter iptable_nat nf_conntrack_ipv4 nf_defrag_ipv4 nf_nat_ipv4 nf_nat nf_conntrack br_netfilter zram bcmdhd cfg80211 ov5693 overlay nvgpu ip_tables x_tables
[2022-03-14 10:55:46] [   57.469681] CPU: 3 PID: 0 Comm: swapper/3 Not tainted 4.9.253-tegra #1
[2022-03-14 10:55:46] [   57.476196] Hardware name: quill (DT)
[2022-03-14 10:55:46] [   57.479851] task: ffffffc1ecb7c600 task.stack: ffffffc1ecb94000
[2022-03-14 10:55:46] [   57.485761] PC is at pm_qos_request+0x2c/0x38
[2022-03-14 10:55:46] [   57.490108] LR is at menu_select+0x3c/0x360
[2022-03-14 10:55:46] [   57.494282] pc : [<ffffff800811687c>] lr : [<ffffff8008ba27ac>] pstate: 804000c5
[2022-03-14 10:55:46] [   57.501661] sp : ffffffc1ecb97ef0
[2022-03-14 10:55:46] [   57.504968] x29: ffffffc1ecb97ef0 x28: 0000000000000001 
[2022-03-14 10:55:46] [   57.510290] x27: ffffff8009e86000 x26: ffffff8009841b00 
[2022-03-14 10:55:46] [   57.515611] x25: ffffff8009e86ed4 x24: ffffff8009ff9120 
[2022-03-14 10:55:46] [   57.520932] x23: ffffff8009ff9120 x22: ffffffc1f5fc3c80 
[2022-03-14 10:55:46] [   57.526252] x21: ffffff8009841c80 x20: 00000041ec782000 
[2022-03-14 10:55:46] [   57.531572] x19: ffffffc1f5fc3b08 x18: 0000007f8289ea70 
[2022-03-14 10:55:46] [   57.536890] x17: 000000000000828e x16: 0000000000000000 
[2022-03-14 10:55:46] [   57.542212] x15: ffffff800a1ee010 x14: 0000000000000001 
[2022-03-14 10:55:46] [   57.547533] x13: 0000000000000030 x12: 0000000000271000 
[2022-03-14 10:55:46] [   57.552853] x11: 0000000000000000 x10: 0000000000000a10 
[2022-03-14 10:55:46] [   57.558172] x9 : ffffffc1ecb97e90 x8 : ffffffc1ecb7d070 
[2022-03-14 10:55:46] [   57.563495] x7 : 00000000ffff12d5 x6 : 000000007a8c8aa0 
[2022-03-14 10:55:46] [   57.568815] x5 : 00ffffffffffffff x4 : 00000041ec782000 
[2022-03-14 10:55:46] [   57.574138] x3 : ffffff8009ea4b40 x2 : ffffff8008ba2770 
[2022-03-14 10:55:46] [   57.579459] x1 : ffffffc1f5fc3b08 x0 : ffffff8009ea3350 
[2022-03-14 10:55:46] [   57.584779] 
[2022-03-14 10:55:46] [   57.586265] Process swapper/3 (pid: 0, stack limit = 0xffffffc1ecb94000)
[2022-03-14 10:55:46] [   57.592950] Call trace:
[2022-03-14 10:55:46] [   57.595391] [<ffffff800811687c>] pm_qos_request+0x2c/0x38
[2022-03-14 10:55:46] [   57.600779] [<ffffff8008ba0cdc>] cpuidle_select+0x34/0x40
[2022-03-14 10:55:46] [   57.606166] [<ffffff8008111708>] cpu_startup_entry+0x1a0/0x200
[2022-03-14 10:55:46] [   57.611986] [<ffffff8008091cf8>] secondary_start_kernel+0x190/0x1f8
[2022-03-14 10:55:46] [   57.618239] [<000000008116e1a8>] 0x8116e1a8
[2022-03-14 10:55:46] [   57.622415] ---[ end trace 326dfb5ace7f5c06 ]---
[2022-03-14 10:55:47] [   58.303919] SMP: failed to stop secondary CPUs 3-4
[2022-03-14 10:55:47] [   58.308704] Kernel Offset: disabled
[2022-03-14 10:55:47] [   58.312184] Memory Limit: none
[2022-03-14 10:55:47] [   58.315232] trusty-log panic notifier - trusty version Built: 12:20:14 Jul 26 2021 [   58.328192] Rebooting in 5 seconds..
[2022-03-14 10:55:54] [0000.317] I> Welcome to MB2(TBoot-BPMP)(version: 01.00.160913-t186-M-00.00-mobile-c368a720)
[2022-03-14 10:55:54] [0000.325] I> Boot-device: eMMC
[2022-03-14 10:55:54] [0000.332] I> sdmmc bdev is already initialized
[2022-03-14 10:55:54] [0000.337] I> pmic: reset reason (nverc)	: 0x80
[2022-03-14 10:55:54] [0000.370] I> Found 19 partitions in SDMMC_BOOT (instance 3)
[2022-03-14 10:55:54] [0000.390] I> Found 33 partitions in SDMMC_USER (instance 3)
[2022-03-14 10:55:54] [0000.396] W> No valid slot number is found in scratch register
[2022-03-14 10:55:54] [0000.402] W> Return default slot: _a
[2022-03-14 10:55:54] [0000.405] I> A/B: bin_type (16) slot 0
[2022-03-14 10:55:54] [0000.409] I> Loading partition bpmp-fw at 0xd7800000
[2022-03-14 10:55:54] [0000.414] I> Reading two headers - addr:0xd7800000 blocks:1
[2022-03-14 10:55:54] [0000.419] I> Addr: 0xd7800000, start-block: 58777608, num_blocks: 1
[2022-03-14 10:55:54] [0000.444] I> Binary(16) of size 534416 is loaded @ 0xd7800000
[2022-03-14 10:55:54] [0000.450] W> No valid slot number is found in scratch register
[2022-03-14 10:55:54] [0000.455] W> Return default slot: _a
[2022-03-14 10:55:54] [0000.459] I> A/B: bin_type (17) slot 0
[2022-03-14 10:55:54] [0000.462] I> Loading partition bpmp-fw-dtb at 0xd79f0000
[2022-03-14 10:55:54] [0000.468] I> Reading two headers - addr:0xd79f0000 blocks:1
[2022-03-14 10:55:54] [0000.473] I> Addr: 0xd79f0000, start-block: 58780024, num_blocks: 1
[2022-03-14 10:55:54] [0000.499] I> Binary(17) of size 604720 is loaded @ 0xd796c400
[2022-03-14 10:55:55] [0000.729] I> Loading SCE-FW ...
[2022-03-14 10:55:55] [0000.732] W> No valid slot number is found in scratch register
[2022-03-14 10:55:55] [0000.737] W> Return default slot: _a
[2022-03-14 10:55:55] [0000.741] I> A/B: bin_type (12) slot 0
[2022-03-14 10:55:55] [0000.744] I> Loading partition sce-fw at 0xd7300000
[2022-03-14 10:55:55] [0000.749] I> Reading two headers - addr:0xd7300000 blocks:1
[2022-03-14 10:55:55] [0000.754] I> Addr: 0xd7300000, start-block: 58784120, num_blocks: 1
[2022-03-14 10:55:55] [0000.774] I> Binary(12) of size 125632 is loaded @ 0xd7300000
[2022-03-14 10:55:55] [0000.779] I> Init SCE
[2022-03-14 10:55:55] [0000.782] I> Loading APE-FW ...
[2022-03-14 10:55:55] [0000.785] W> No valid slot number is found in scratch register
[2022-03-14 10:55:55] [0000.790] W> Return default slot: _a
[2022-03-14 10:55:55] [0000.794] I> A/B: bin_type (11) slot 0
[2022-03-14 10:55:55] [0000.797] I> Loading partition adsp-fw at 0xd7400000
[2022-03-14 10:55:55] [0000.802] I> Reading two headers - addr:0xd7400000 blocks:1
[2022-03-14 10:55:55] [0000.808] I> Addr: 0xd7400000, start-block: 58761224, num_blocks: 1
[2022-03-14 10:55:55] [0000.827] I> Binary(11) of size 77216 is loaded @ 0xd7400000
[2022-03-14 10:55:55] [0000.832] I> Copy BTCM section
[2022-03-14 10:55:55] [0000.835] W> No valid slot number is found in scratch register
[2022-03-14 10:55:55] [0000.841] W> Return default slot: _a
[2022-03-14 10:55:55] [0000.845] I> A/B: bin_type (13) slot 0
[2022-03-14 10:55:55] [0000.848] I> Loading partition cpu-bootloader at 0x96000000
[2022-03-14 10:55:55] [0000.854] I> Reading two headers - addr:0x96000000 blocks:1
[2022-03-14 10:55:55] [0000.859] I> Addr: 0x96000000, start-block: 58740744, num_blocks: 1
[2022-03-14 10:55:55] [0000.880] I> Binary(13) of size 308800 is loaded @ 0x96000000
[2022-03-14 10:55:55] [0000.886] W> No valid slot number is found in scratch register
[2022-03-14 10:55:55] [0000.891] W> Return default slot: _a
[2022-03-14 10:55:55] [0000.895] I> A/B: bin_type (20) slot 0
[2022-03-14 10:55:55] [0000.898] I> Loading partition bootloader-dtb at 0x85205400
[2022-03-14 10:55:55] [0000.904] I> Reading two headers - addr:0x85205400 blocks:1
[2022-03-14 10:55:55] [0000.909] I> Addr: 0x85205400, start-block: 58742792, num_blocks: 1
[2022-03-14 10:55:55] [0000.931] I> Binary(20) of size 375568 is loaded @ 0x85205400
[2022-03-14 10:55:55] [0000.937] W> No valid slot number is found in scratch register
[2022-03-14 10:55:55] [0000.943] W> Return default slot: _a
[2022-03-14 10:55:55] [0000.946] I> A/B: bin_type (14) slot 0
[2022-03-14 10:55:55] [0000.950] I> Loading partition secure-os at 0x85305600
[2022-03-14 10:55:55] [0000.955] I> Reading two headers - addr:0x85305600 blocks:1
[2022-03-14 10:55:55] [0000.960] I> Addr: 0x85305600, start-block: 58744840, num_blocks: 1
[2022-03-14 10:55:55] [0000.982] I> Binary(14) of size 402864 is loaded @ 0x85305600
[2022-03-14 10:55:55] [0000.990] I> TOS boot-params @ 0x85000000
[2022-03-14 10:55:55] [0000.994] I> TOS params prepared
[2022-03-14 10:55:55] [0000.997] I> Loading EKS ...
[2022-03-14 10:55:55] [0001.000] I> A/B: bin_type (15) slot 0
[2022-03-14 10:55:55] [0001.003] I> Loading partition eks at 0x85905800
[2022-03-14 10:55:55] [0001.008] I> Reading two headers - addr:0x85905800 blocks:1
[2022-03-14 10:55:55] [0001.013] I> Addr: 0x85905800, start-block: 58757128, num_blocks: 1
[2022-03-14 10:55:55] [0001.032] I> Binary(15) of size 1040 is loaded @ 0x85905800
[2022-03-14 10:55:55] [0001.037] I> EKB detected (length: 0x400) @ 0x85905800
[2022-03-14 10:55:55] [0001.042] I> Copied encrypted keys
[2022-03-14 10:55:55] [0001.046] I> boot profiler @ 0x275844000
[2022-03-14 10:55:55] [0001.050] I> boot profiler for TOS @ 0x275844000
[2022-03-14 10:55:55] [0001.055] I> Unhalting SCE
[2022-03-14 10:55:55] [0001.057] I> Primary Memory Start:80000000 Size:70000000
[2022-03-14 10:55:55] [0001.063] I> Extended Memory Start:f0110000 Size:1856f0000
[2022-03-14 10:55:55] [0001.069] I> MB2(TBoot-BPMP) done
[2022-03-14 10:55:55] 
[2022-03-14 10:55:55] NOTICE:  BL31: v1.3(release):b5eeb33f7
[2022-03-14 10:55:55] NOTICE:  BL31: Built : 12:15:17, Jul 26 2021
[2022-03-14 10:55:55] ipc-unittest-main: 1519: Welcome to IPC unittest!!!
[2022-03-14 10:55:55] ipc-unittest-main: 1531: waiting forever
[2022-03-14 10:55:55] ipc-unittest-srv: 329: Init unittest services!!!
[2022-03-14 10:55:55] hwkey-agent: 41: hwkey-agent is running!!
[2022-03-14 10:55:55] hwkey-agent: 315: key_mgnt_processing .......
[2022-03-14 10:55:55] hwkey-agent: 223: Setting EKB key 0 to slot 14
[2022-03-14 10:55:55] hwkey-agent: 178: Init hweky-agent services!!
[2022-03-14 10:55:55] luks-srv: 40: luks-srv is running!!
[2022-03-14 10:55:55] luks-srv: 157: Init luks-srv IPC services!!
[2022-03-14 10:55:55] platform_bootstrap_epilog: trusty bootstrap complete
[2022-03-14 10:55:55] [0001.442] I> Welcome to Cboot
[2022-03-14 10:55:55] [0001.445] I> Cboot Version: t186-00029e71
[2022-03-14 10:55:55] [0001.449] I> CPU-BL Params @ 0x275800000
[2022-03-14 10:55:55] [0001.453] I>  0) Base:0x00000000 Size:0x00000000
[2022-03-14 10:55:55] [0001.457] I>  1) Base:0x277f00000 Size:0x00100000
[2022-03-14 10:55:55] [0001.462] I>  2) Base:0x277e00000 Size:0x00100000
[2022-03-14 10:55:55] [0001.466] I>  3) Base:0x277d00000 Size:0x00100000
[2022-03-14 10:55:55] [0001.471] I>  4) Base:0x277c00000 Size:0x00100000
[2022-03-14 10:55:55] [0001.475] I>  5) Base:0x277b00000 Size:0x00100000
[2022-03-14 10:55:55] [0001.480] I>  6) Base:0x277800000 Size:0x00200000
[2022-03-14 10:55:55] [0001.484] I>  7) Base:0x277400000 Size:0x00400000
[2022-03-14 10:55:55] [0001.489] I>  8) Base:0x277a00000 Size:0x00100000
[2022-03-14 10:55:55] [0001.493] I>  9) Base:0x277300000 Size:0x00100000
[2022-03-14 10:55:55] [0001.498] I> 10) Base:0x276800000 Size:0x00800000
[2022-03-14 10:55:55] [0001.502] I> 11) Base:0x30000000 Size:0x00040000
[2022-03-14 10:55:55] [0001.507] I> 12) Base:0xf0000000 Size:0x00100000
[2022-03-14 10:55:55] [0001.511] I> 13) Base:0x30040000 Size:0x00001000
[2022-03-14 10:55:55] [0001.516] I> 14) Base:0x30048000 Size:0x00001000
[2022-03-14 10:55:55] [0001.520] I> 15) Base:0x30049000 Size:0x00001000
[2022-03-14 10:55:55] [0001.524] I> 16) Base:0x3004a000 Size:0x00001000
[2022-03-14 10:55:55] [0001.529] I> 17) Base:0x3004b000 Size:0x00001000
[2022-03-14 10:55:55] [0001.533] I> 18) Base:0x3004c000 Size:0x00001000
[2022-03-14 10:55:55] [0001.538] I> 19) Base:0x3004d000 Size:0x00001000
[2022-03-14 10:55:55] [0001.542] I> 20) Base:0x3004e000 Size:0x00001000
[2022-03-14 10:55:55] [0001.547] I> 21) Base:0x3004f000 Size:0x00001000
[2022-03-14 10:55:56] [0001.551] I> 22) Base:0x00000000 Size:0x00000000
[2022-03-14 10:55:56] [0001.555] I> 23) Base:0xf0100000 Size:0x00010000
[2022-03-14 10:55:56] [0001.560] I> 24) Base:0x00000000 Size:0x00000000
[2022-03-14 10:55:56] [0001.564] I> 25) Base:0x00000000 Size:0x00000000
[2022-03-14 10:55:56] [0001.569] I> 26) Base:0x00000000 Size:0x00000000
[2022-03-14 10:55:56] [0001.573] I> 27) Base:0x00000000 Size:0x00000000
[2022-03-14 10:55:56] [0001.578] I> 28) Base:0x84400000 Size:0x00400000
[2022-03-14 10:55:56] [0001.582] I> 29) Base:0x30000000 Size:0x00010000
[2022-03-14 10:55:56] [0001.586] I> 30) Base:0x278000000 Size:0x08000000
[2022-03-14 10:55:56] [0001.591] I> 31) Base:0x00000000 Size:0x00000000
[2022-03-14 10:55:56] [0001.595] I> 32) Base:0x276000000 Size:0x00600000
[2022-03-14 10:55:56] [0001.600] I> 33) Base:0x80000000 Size:0x70000000
[2022-03-14 10:55:56] [0001.604] I> 34) Base:0xf0110000 Size:0x1856f0000
[2022-03-14 10:55:56] [0001.609] I> 35) Base:0x00000000 Size:0x00000000
[2022-03-14 10:55:56] [0001.613] I> 36) Base:0x00000000 Size:0x00000000
[2022-03-14 10:55:56] [0001.618] I> 37) Base:0x2772e0000 Size:0x00020000
[2022-03-14 10:55:56] [0001.622] I> 38) Base:0x84000000 Size:0x00400000
[2022-03-14 10:55:56] [0001.627] I> 39) Base:0x96000000 Size:0x02000000
[2022-03-14 10:55:56] [0001.631] I> 40) Base:0x85000000 Size:0x01200000
[2022-03-14 10:55:56] [0001.636] I> 41) Base:0x275800000 Size:0x00500000
[2022-03-14 10:55:56] [0001.640] I> 42) Base:0x00000000 Size:0x00000000
[2022-03-14 10:55:56] [0001.644] I> 43) Base:0x00000000 Size:0x00000000
[2022-03-14 10:55:56] [0001.649] GIC-SPI Target CPU: 4
[2022-03-14 10:55:56] [0001.652] Interrupts Init done
[2022-03-14 10:55:56] [0001.655] calling constructors
[2022-03-14 10:55:56] [0001.659] initializing heap
[2022-03-14 10:55:56] [0001.661] initializing threads
[2022-03-14 10:55:56] [0001.664] initializing timers
[2022-03-14 10:55:56] [0001.668] creating bootstrap completion thread
[2022-03-14 10:55:56] [0001.672] top of bootstrap2()
[2022-03-14 10:55:56] [0001.675] CPU: ARM Cortex A57
[2022-03-14 10:55:56] [0001.679] CPU: MIDR: 0x411FD073, MPIDR: 0x80000100
[2022-03-14 10:55:56] [0001.684] initializing platform
[2022-03-14 10:55:56] [0001.687] I> Bl_dtb @0x85205400
[2022-03-14 10:55:56] [0001.690] I> gpio framework initialized
[2022-03-14 10:55:56] [0001.696] I> tegrabl_gpio_driver_register: register 'nvidia,tegra186-gpio' driver
[2022-03-14 10:55:56] [0001.706] I> tegrabl_gpio_driver_register: register 'nvidia,tegra186-gpio-aon' driver
[2022-03-14 10:55:56] [0001.714] I> GPIO framework and drivers are initialized.
[2022-03-14 10:55:56] [0001.719] I> Boot-device: eMMC
[2022-03-14 10:55:56] [0001.727] I> sdmmc bdev is already initialized
[2022-03-14 10:55:56] [0001.757] I> Found 19 partitions in SDMMC_BOOT (instance 3)
[2022-03-14 10:55:56] [0001.775] I> Found 33 partitions in SDMMC_USER (instance 3)
[2022-03-14 10:55:56] [0001.781] W> opt-in fuse is not set, skip fuse_burning
[2022-03-14 10:55:56] [0001.785] I> Reserved memory at 0xfbe00000 for U-Boot relocation
[2022-03-14 10:55:56] [0001.791] W> No valid slot number is found in scratch register
[2022-03-14 10:55:56] [0001.797] W> Return default slot: _a
[2022-03-14 10:55:56] [0001.806] I> A/B: bin_type (21) slot 0
[2022-03-14 10:55:56] [0001.810] I> Loading kernel-dtb from partition
[2022-03-14 10:55:56] [0001.814] I> Loading partition kernel-dtb at 0x80000000 from device(0x1)
[2022-03-14 10:55:56] [0001.832] I> Kernel_dtb @0x80000000
[2022-03-14 10:55:56] [0001.835] I> tegrabl_tca9539_init: i2c bus: 0, slave addr: 0xee
[2022-03-14 10:55:56] [0001.845] I> tegrabl_gpio_driver_register: register 'tca9539_gpio_driver' driver
[2022-03-14 10:55:56] [0001.853] I> tegrabl_tca9539_init: i2c bus: 0, slave addr: 0xe8
[2022-03-14 10:55:56] [0001.862] I> tegrabl_gpio_driver_register: register 'tca9539_gpio_driver' driver
[2022-03-14 10:55:56] [0001.872] I> fixed regulator driver initialized
[2022-03-14 10:55:56] [0001.905] I> register 'maxim' power off handle
[2022-03-14 10:55:56] [0001.911] I> virtual i2c enabled
[2022-03-14 10:55:56] [0001.914] I> registered 'maxim,max77620' pmic
[2022-03-14 10:55:56] [0001.919] I> tegrabl_gpio_driver_register: register 'max77620-gpio' driver
[2022-03-14 10:55:56] [0001.933] E> failed to read label property for node 324936: 13
[2022-03-14 10:55:56] [0001.941] E> failed to read reg property for node 325032: 13
[2022-03-14 10:55:56] [0001.950] E> failed to read reg property for node 325084: 13
[2022-03-14 10:55:56] [0001.958] E> failed to read label property for node 325168: 13
[2022-03-14 10:55:56] [0001.966] E> failed to read label property for node 325236: 13
[2022-03-14 10:55:56] [0001.975] E> failed to read reg property for node 325304: 13
[2022-03-14 10:55:56] [0001.983] E> failed to read reg property for node 325376: 13
[2022-03-14 10:55:56] [0001.993] I> Find /i2c@c250000's alias i2c7
[2022-03-14 10:55:56] [0001.997] I> Reading eeprom i2c=7 address=0x50
[2022-03-14 10:55:56] [0002.026] I> Device at /i2c@c250000:0x50
[2022-03-14 10:55:56] [0002.030] I> Reading eeprom i2c=7 address=0x57
[2022-03-14 10:55:56] [0002.059] I> Device at /i2c@c250000:0x57
[2022-03-14 10:55:56] [0002.063] I> Find /i2c@c240000's alias i2c1
[2022-03-14 10:55:56] [0002.067] I> Reading eeprom i2c=1 address=0x51
[2022-03-14 10:55:56] [0002.072] E> I2C: slave not found in slaves.
[2022-03-14 10:55:56] [0002.076] E> I2C: Could not write 0 bytes to slave: 0x00a2 with repeat start true.
[2022-03-14 10:55:56] [0002.084] E> I2C_DEV: Failed to send register address 0x00000000.
[2022-03-14 10:55:56] [0002.090] E> I2C_DEV: Could not read 256 registers of size 1 from slave 0xa2 at 0x00000000 via instance 1.
[2022-03-14 10:55:56] [0002.100] E> eeprom: Retry to read I2C slave device.
[2022-03-14 10:55:56] [0002.104] E> I2C: slave not found in slaves.
[2022-03-14 10:55:56] [0002.109] E> I2C: Could not write 0 bytes to slave: 0x00a2 with repeat start true.
[2022-03-14 10:55:56] [0002.116] E> I2C_DEV: Failed to send register address 0x00000000.
[2022-03-14 10:55:56] [0002.122] E> I2C_DEV: Could not read 256 registers of size 1 from slave 0xa2 at 0x00000000 via instance 1.
[2022-03-14 10:55:56] [0002.132] E> eeprom: Failed to read I2C slave device
[2022-03-14 10:55:56] [0002.136] I> Eeprom read failed 0x3526070d
[2022-03-14 10:55:56] [0002.141] I> Find /i2c@3160000's alias i2c0
[2022-03-14 10:55:56] [0002.145] I> Reading eeprom i2c=0 address=0x50
[2022-03-14 10:55:56] [0002.149] E> I2C: slave not found in slaves.
[2022-03-14 10:55:56] [0002.153] E> I2C: Could not write 0 bytes to slave: 0x00a0 with repeat start true.
[2022-03-14 10:55:56] [0002.161] E> I2C_DEV: Failed to send register address 0x00000000.
[2022-03-14 10:55:56] [0002.167] E> I2C_DEV: Could not read 256 registers of size 1 from slave 0xa0 at 0x00000000 via instance 0.
[2022-03-14 10:55:56] [0002.177] E> eeprom: Failed to read I2C slave device
[2022-03-14 10:55:56] [0002.181] I> Eeprom read failed 0x3526070d
[2022-03-14 10:55:56] [0002.186] I> Find /i2c@3180000's alias i2c2
[2022-03-14 10:55:56] [0002.190] I> Reading eeprom i2c=2 address=0x54
[2022-03-14 10:55:56] [0002.194] I> Enabling gpio chip_id = 2, gpio pin = 9
[2022-03-14 10:55:56] [0002.225] I> Disabling gpio chip_id = 2, gpio pin = 9
[2022-03-14 10:55:56] [0002.230] I> Device at /i2c@3180000:0x54
[2022-03-14 10:55:56] [0002.234] I> Reading eeprom i2c=2 address=0x57
[2022-03-14 10:55:56] [0002.238] I> Enabling gpio chip_id = 2, gpio pin = 9
[2022-03-14 10:55:56] [0002.244] E> I2C: slave not found in slaves.
[2022-03-14 10:55:56] [0002.248] E> I2C: Could not write 0 bytes to slave: 0x00ae with repeat start true.
[2022-03-14 10:55:56] [0002.256] E> I2C_DEV: Failed to send register address 0x00000000.
[2022-03-14 10:55:56] [0002.261] E> I2C_DEV: Could not read 256 registers of size 1 from slave 0xae at 0x00000000 via instance 2.
[2022-03-14 10:55:56] [0002.271] E> eeprom: Failed to read I2C slave device
[2022-03-14 10:55:56] [0002.276] I> Disabling gpio chip_id = 2, gpio pin = 9
[2022-03-14 10:55:56] [0002.281] I> Eeprom read failed 0x00000000
[2022-03-14 10:55:56] [0002.285] I> create_pm_ids: id: 3310-1000-D00-L, len: 15
[2022-03-14 10:55:56] [0002.290] I> config: mem-type:00,power-config:00,misc-config:00,modem-config:00,touch-config:00,display-config:00,, len: 93
[2022-03-14 10:55:56] [0002.301] I> create_pm_ids: id: 2597-0000-900-E, len: 15
[2022-03-14 10:55:56] [0002.306] I> config: mem-type:00,power-config:00,misc-config:00,modem-config:00,touch-config:00,display-config:00,, len: 93
[2022-03-14 10:55:56] [0002.317] I> create_pm_ids: id: 3326-1000-000-M, len: 15
[2022-03-14 10:55:56] [0002.322] I> config: mem-type:ff,power-config:ff,misc-config:ff,modem-config:ff,touch-config:ff,display-config:ff,, len: 93
[2022-03-14 10:55:56] [0002.357] I> enabling 'vdd-hdmi' regulator
[2022-03-14 10:55:56] [0002.373] I> regulator 'vdd-hdmi' already enabled
[2022-03-14 10:55:56] [0002.377] E> tegrabl_display_init_regulator: hdmi cable is not connected
[2022-03-14 10:55:56] [0002.384] E> tegrabl_display_get_pdata, failed to parse dtb settings
[2022-03-14 10:55:56] [0002.393] E> cannot find any other nvdisp nodes
[2022-03-14 10:55:56] [0002.397] E> no valid display unit config found in dtb
[2022-03-14 10:55:56] [0002.403] W> display init failed
[2022-03-14 10:55:56] [0002.406] initializing target
[2022-03-14 10:55:56] [0002.409] calling apps_init()
[2022-03-14 10:55:56] [0002.412] starting app kernel_boot_app
[2022-03-14 10:55:56] [0002.434] I> found decompressor handler: lz4-legacy
[2022-03-14 10:55:56] [0002.439] I> decompressing BMP blob ...
[2022-03-14 10:55:56] [0002.451] I> Kernel type = Normal
[2022-03-14 10:55:56] [0002.454] I> ########## Fixed storage boot ##########
[2022-03-14 10:55:56] [0002.459] I> Loading kernel-bootctrl from partition
[2022-03-14 10:55:56] [0002.464] I> Loading partition kernel-bootctrl at 0xa8000000 from device(0x1)
[2022-03-14 10:55:56] [0002.478] W> tegrabl_get_kernel_bootctrl: magic number(0x00000000) is invalid
[2022-03-14 10:55:56] [0002.485] W> tegrabl_get_kernel_bootctrl: use default dummy boot control data
[2022-03-14 10:55:56] [0002.492] W> No valid slot number is found in scratch register
[2022-03-14 10:55:56] [0002.498] W> Return default slot: _a
[2022-03-14 10:55:56] [0002.501] I> A/B: bin_type (24) slot 0
[2022-03-14 10:55:56] [0002.517] I> Boot image size read from image header: 9913d
[2022-03-14 10:55:56] [0002.522] I> Boot image load address: 0x80400000
[2022-03-14 10:55:56] [0002.527] I> Loading kernel from partition
[2022-03-14 10:55:56] [0002.531] I> Loading partition kernel at 0x80400000 from device(0x1)
[2022-03-14 10:55:57] [0003.473] I> Validate kernel ...
[2022-03-14 10:55:57] [0003.477] I> T18x: Authenticate kernel (bin_type 24), max size 0x4000000
[2022-03-14 10:55:57] [0003.484] I> Decrypt the buffer ... [0003.488] W> tegrabl_decrypt_block: fuse (0x0) is not burnt to do encryption (0x4); skip decryption.
[2022-03-14 10:55:57] [0003.497] I> done
[2022-03-14 10:55:57] [0003.498] I> Checking boot.img header magic ... [0003.503] I> [OK]
[2022-03-14 10:55:57] [0003.504] I> kernel-dtb is already loaded
[2022-03-14 10:55:57] [0003.508] I> Validate kernel-dtb ...
[2022-03-14 10:55:57] [0003.512] I> T18x: Authenticate kernel-dtb (bin_type 21), max size 0x100000
[2022-03-14 10:55:57] [0003.519] I> Decrypt the buffer ... [0003.522] W> tegrabl_decrypt_block: fuse (0x0) is not burnt to do encryption (0x4); skip decryption.
[2022-03-14 10:55:57] [0003.531] I> done
[2022-03-14 10:55:57] [0003.533] I> Kernel hdr @0x80400000
[2022-03-14 10:55:57] [0003.536] I> Kernel dtb @0x80000000
[2022-03-14 10:55:57] [0003.540] I> decompressor handler not found
[2022-03-14 10:55:57] [0003.544] I> Copying kernel image (627005 bytes) from 0x80400800 to 0x80600000 ... [0003.551] I> Done
[2022-03-14 10:55:58] [0003.553] I> Move ramdisk (len: 0) from 0x8049a000 to 0x947d0000
[2022-03-14 10:55:58] [0003.560] I> Updated bpmp info to DTB
[2022-03-14 10:55:58] [0003.567] I> Ramdisk: Base: 0x947d0000; Size: 0x0
[2022-03-14 10:55:58] [0003.571] I> Updated initrd info to DTB
[2022-03-14 10:55:58] [0003.575] W> WARN: Fail to override "console=none" in commandline
[2022-03-14 10:55:58] [0003.581] I> Active rootfs suffix: 
[2022-03-14 10:55:58] [0003.584] E> tegrabl_linuxboot_add_disp_param, du 0 failed to get display params
[2022-03-14 10:55:58] [0003.591] E> tegrabl_linuxboot_add_disp_param, du 0 failed to get display params
[2022-03-14 10:55:58] [0003.598] E> tegrabl_linuxboot_add_disp_param, du 0 failed to get display params
[2022-03-14 10:55:58] [0003.606] I> disabled_core_mask: 0xffffff0c
[2022-03-14 10:55:58] [0003.610] W> No valid slot number is found in scratch register
[2022-03-14 10:55:58] [0003.615] W> Return default slot: _a
[2022-03-14 10:55:58] [0003.619] I> Active slot suffix: 
[2022-03-14 10:55:58] [0003.622] I> add_boot_slot_suffix: slot_suffix = 
[2022-03-14 10:55:58] [0003.626] I> Linux Cmdline: console=ttyS0,115200 androidboot.presilicon=true firmware_class.path=/etc/firmware root=/dev/mmcblk0p1 rw rootwait rootfstype=ext4 console=ttyS0,115200n8 console=tty0 fbcon=map:0 net.ifnames=0 isolcpus=1-2  video=tegrafb earlycon=uart8250,mmio32,0x3100000 nvdumper_reserved=0x2772e0000 gpt rootfs.slot_suffix= usbcore.old_scheme_first=1 tegraid=18.1.2.0.0 maxcpus=6 no_console_suspend boot.slot_suffix= boot.ratchetvalues=0.2031647.1 vpr_resize bl_prof_dataptr=0x10000@0x275840000 sdhci_tegra.en_boot_part_access=1 
[2022-03-14 10:55:58] [0003.674] I> Updated bootarg info to DTB
[2022-03-14 10:55:58] [0003.678] I> eeprom_get_mac_addr: MAC (type: 0): 48:b0:2d:0f:11:c5
[2022-03-14 10:55:58] [0003.684] I> eeprom_get_mac_addr: MAC (type: 1): 48:b0:2d:0f:11:c6
[2022-03-14 10:55:58] [0003.690] I> eeprom_get_mac_addr: MAC (type: 2): 48:b0:2d:0f:11:c7
[2022-03-14 10:55:58] [0003.696] E> Found no plugin manager ids in source DT
[2022-03-14 10:55:58] [0003.701] W> Add plugin manager ids from board info
[2022-03-14 10:55:58] [0003.706] W> "plugin-manager" doesn't exist, creating
[2022-03-14 10:55:58] [0003.711] W> "ids" doesn't exist, creating
[2022-03-14 10:55:58] [0003.715] W> "connection" doesn't exist, creating
[2022-03-14 10:55:58] [0003.719] W> "configs" doesn't exist, creating
[2022-03-14 10:55:58] [0003.724] I> create_pm_ids: id: 3310-1000-D00-L, len: 15
[2022-03-14 10:55:58] [0003.729] I> config: mem-type:00,power-config:00,misc-config:00,modem-config:00,touch-config:00,display-config:00,, len: 93
[2022-03-14 10:55:58] [0003.740] I> create_pm_ids: id: 2597-0000-900-E, len: 15
[2022-03-14 10:55:58] [0003.745] I> config: mem-type:00,power-config:00,misc-config:00,modem-config:00,touch-config:00,display-config:00,, len: 93
[2022-03-14 10:55:58] [0003.756] I> create_pm_ids: id: 3326-1000-000-M, len: 15
[2022-03-14 10:55:58] [0003.761] I> config: mem-type:ff,power-config:ff,misc-config:ff,modem-config:ff,touch-config:ff,display-config:ff,, len: 93
[2022-03-14 10:55:58] [0003.772] I> Adding plugin-manager/ids/3310-1000-D00=/i2c@c250000:module@0x50
[2022-03-14 10:55:58] [0003.779] W> "i2c@c250000" doesn't exist, creating
[2022-03-14 10:55:58] [0003.784] W> "module@0x50" doesn't exist, creating
[2022-03-14 10:55:58] [0003.789] I> Adding plugin-manager/ids/2597-0000-900=/i2c@c250000:module@0x57
[2022-03-14 10:55:58] [0003.796] W> "module@0x57" doesn't exist, creating
[2022-03-14 10:55:58] [0003.801] I> Adding plugin-manager/ids/3326-1000-000=/i2c@3180000:module@0x54
[2022-03-14 10:55:58] [0003.808] W> "i2c@3180000" doesn't exist, creating
[2022-03-14 10:55:58] [0003.813] W> "module@0x54" doesn't exist, creating
[2022-03-14 10:55:58] [0003.820] I> Adding plugin-manager/ids/3310-1000-D00-L
[2022-03-14 10:55:58] [0003.827] I> Adding plugin-manager/configs/3310-mem-type 00
[2022-03-14 10:55:58] [0003.832] I> Adding plugin-manager/configs/3310-power-config 00
[2022-03-14 10:55:58] [0003.838] I> Adding plugin-manager/configs/3310-misc-config 00
[2022-03-14 10:55:58] [0003.844] I> Adding plugin-manager/configs/3310-modem-config 00
[2022-03-14 10:55:58] [0003.850] I> Adding plugin-manager/configs/3310-touch-config 00
[2022-03-14 10:55:58] [0003.856] I> Adding plugin-manager/configs/3310-display-config 00
[2022-03-14 10:55:58] [0003.862] I> Adding plugin-manager/cvm
[2022-03-14 10:55:58] [0003.866] W> "chip-id" doesn't exist, creating
[2022-03-14 10:55:58] [0003.871] I> Adding plugin-manager/chip-id/A02P
[2022-03-14 10:55:58] [0003.875] W> "odm-data" doesn't exist, creating
[2022-03-14 10:55:58] [0003.880] I> Adding /chosen/plugin-manager/odm-data
[2022-03-14 10:55:58] [0003.890] I> added [base:0x80000000, size:0x70000000] to /memory
[2022-03-14 10:55:58] [0003.895] I> added [base:0xf0200000, size:0x185600000] to /memory
[2022-03-14 10:55:58] [0003.901] I> added [base:0x275e00000, size:0x200000] to /memory
[2022-03-14 10:55:58] [0003.907] I> added [base:0x276600000, size:0x200000] to /memory
[2022-03-14 10:55:58] [0003.913] I> added [base:0x277000000, size:0x200000] to /memory
[2022-03-14 10:55:58] [0003.919] I> Updated memory info to DTB
[2022-03-14 10:55:58] [0003.923] E> add_disp_param: failed to get display params for du=0
[2022-03-14 10:55:58] [0003.931] W> "reset" doesn't exist, creating
[2022-03-14 10:55:58] [0003.935] W> "pmc-reset-reason" doesn't exist, creating
[2022-03-14 10:55:58] [0003.941] W> "pmic-reset-reason" doesn't exist, creating
[2022-03-14 10:55:58] [0003.947] I> Adding ecid(00000001646db7851000000013038200) to DT
[2022-03-14 10:55:58] [0003.953] I> disabled_core_mask: 0xffffff0c
[2022-03-14 10:55:58] [0003.966] I> Add serial number:1422420022173 as DT property
[2022-03-14 10:55:58] [0003.975] I> Plugin-manager override starting
[2022-03-14 10:55:58] [0003.980] I> node /plugin-manager/fragement@0 matches
[2022-03-14 10:55:58] [0003.991] I> node /plugin-manager/fragement@4 matches
[2022-03-14 10:55:58] [0004.004] I> node /plugin-manager/fragment-sdwake-p3310-1000-300 matches
[2022-03-14 10:55:58] [0004.024] I> node /plugin-manager/fragement-pmon-p3310-1000-300 matches
[2022-03-14 10:55:58] [0004.033] I> node /plugin-manager/fragement-pmon-p3310-1000-800 matches
[2022-03-14 10:55:58] [0004.042] I> node /plugin-manager/fragment-devslp@0 matches
[2022-03-14 10:55:58] [0004.054] I> node /plugin-manager/fragment-500-pcie-config matches
[2022-03-14 10:55:58] [0004.069] I> node /plugin-manager/fragment-500-xusb-config matches
[2022-03-14 10:55:58] [0004.092] I> node /plugin-manager/fragment-p3310-c00-comm matches
[2022-03-14 10:55:58] [0004.106] I> node /plugin-manager/fragment-p3310-c00-pmic matches
[2022-03-14 10:55:58] [0004.117] I> node /plugin-manager/fragment-p3310-c01 matches
[2022-03-14 10:55:58] [0004.129] I> node /plugin-manager/fragment-p3310-c03 matches
[2022-03-14 10:55:58] [0004.172] I> node /plugin-manager/fragment-e3326@0 matches
[2022-03-14 10:55:58] [0004.254] I> node /plugin-manager/fragment-p3310-c00-camera matches
[2022-03-14 10:55:58] [0004.281] I> Disable plugin-manager status in FDT
[2022-03-14 10:55:58] [0004.286] I> Plugin-manager override finished successfully
[2022-03-14 10:55:58] [0004.291] I> tegrabl_load_kernel_and_dtb: Done
[2022-03-14 10:55:58] [0004.295] E> tegrabl_display_clear: display is not initialized
[2022-03-14 10:55:58] [0004.301] W> Boot logo display failed...
[2022-03-14 10:55:58] [0004.305] I> Kernel EP: 0x80600000, DTB: 0x80000000
[2022-03-14 10:55:58] 
[2022-03-14 10:55:58] 
[2022-03-14 10:55:58] U-Boot 2020.04-g46e4604c78 (Jul 26 2021 - 12:10:58 -0700)
[2022-03-14 10:55:58] 
[2022-03-14 10:55:58] SoC: tegra186
[2022-03-14 10:55:58] Model: NVIDIA P2771-0000-500
[2022-03-14 10:55:58] Board: NVIDIA P2771-0000
[2022-03-14 10:55:58] DRAM:  7.8 GiB
[2022-03-14 10:55:58] MMC:   sdhci@3400000: 1, sdhci@3460000: 0
[2022-03-14 10:55:58] Loading Environment from MMC... *** Warning - bad CRC, using default environment
[2022-03-14 10:55:59] 
[2022-03-14 10:55:59] In:    serial
[2022-03-14 10:55:59] Out:   serial
[2022-03-14 10:55:59] Err:   serial
[2022-03-14 10:55:59] Net:   
[2022-03-14 10:55:59] Warning: ethernet@2490000 using MAC address from ROM
[2022-03-14 10:55:59] eth0: ethernet@2490000
[2022-03-14 10:55:59] Hit any key to stop autoboot:  2  1  0 
[2022-03-14 10:56:01] MMC: no card present
[2022-03-14 10:56:01] switch to partitions #0, OK
[2022-03-14 10:56:01] mmc0(part 0) is current device
[2022-03-14 10:56:01] Scanning mmc 0:1...
[2022-03-14 10:56:01] Found /boot/extlinux/extlinux.conf
[2022-03-14 10:56:01] Retrieving file: /boot/extlinux/extlinux.conf
[2022-03-14 10:56:01] 858 bytes read in 22 ms (38.1 KiB/s)
[2022-03-14 10:56:01] 1:	primary kernel
[2022-03-14 10:56:01] Retrieving file: /boot/initrd
[2022-03-14 10:56:01] 7238344 bytes read in 201 ms (34.3 MiB/s)
[2022-03-14 10:56:01] Retrieving file: /boot/Image
[2022-03-14 10:56:02] 34484232 bytes read in 830 ms (39.6 MiB/s)
[2022-03-14 10:56:02] append: console=ttyS0,115200 androidboot.presilicon=true firmware_class.path=/etc/firmware root=/dev/mmcblk0p1 rw rootwait rootfstype=ext4 console=ttyS0,115200n8 console=tty0 fbcon=map:0 net.ifnames=0 isolcpus=1-2  video=tegrafb earlycon=uart8250,mmio32,0x3100000 nvdumper_reserved=0x2772e0000 gpt rootfs.slot_suffix= usbcore.old_scheme_first=1 tegraid=18.1.2.0.0 maxcpus=6 no_console_suspend boot.slot_suffix= boot.ratchetvalues=0.2031647.1 vpr_resize bl_prof_dataptr=0x10000@0x275840000 sdhci_tegra.en_boot_part_access=1 quiet root=/dev/mmcblk0p1 rw rootwait rootfstype=ext4 console=ttyS0,115200n8 console=tty0 fbcon=map:0 net.ifnames=0 isolcpus=1-2 
[2022-03-14 10:56:02] ## Flattened Device Tree blob at 80000000
[2022-03-14 10:56:02]    Booting using the fdt blob at 0x80000000
[2022-03-14 10:56:02] ERROR: reserving fdt memory region failed (addr=0 size=0)
[2022-03-14 10:56:02] ERROR: reserving fdt memory region failed (addr=0 size=0)
[2022-03-14 10:56:02] ERROR: reserving fdt memory region failed (addr=0 size=0)
[2022-03-14 10:56:02]    Using Device Tree in place at 0000000080000000, end 0000000080060aa3
[2022-03-14 10:56:02] copying carveout for /host1x@13e00000/display-hub@15200000/display@15200000...
[2022-03-14 10:56:02] copying carveout for /host1x@13e00000/display-hub@15200000/display@15210000...
[2022-03-14 10:56:02] copying carveout for /host1x@13e00000/display-hub@15200000/display@15220000...
[2022-03-14 10:56:02] 
[2022-03-14 10:56:02] Starting kernel ...
[2022-03-14 10:56:02] 
[2022-03-14 10:56:02] [    0.000000] Booting Linux on physical CPU 0x100
[2022-03-14 10:56:02] [    0.000000] Linux version 4.9.253-tegra (buildbrain@mobile-u64-5497-d3000) (gcc version 7.3.1 20180425 [linaro-7.3-2018.05 revision d29120a424ecfbc167ef90065c0eeb7f91977701] (Linaro GCC 7.3-2018.05) ) #1 SMP PREEMPT Mon Jul 26 12:19:28 PDT 2021
[2022-03-14 10:56:02] [    0.000000] Boot CPU: AArch64 Processor [411fd073]
[2022-03-14 10:56:02] [    0.000000] OF: fdt:memory scan node memory@80000000, reg size 80,
[2022-03-14 10:56:02] [    0.000000] OF: fdt: - 80000000 ,  70000000
[2022-03-14 10:56:02] [    0.000000] OF: fdt: - f0200000 ,  185600000
[2022-03-14 10:56:02] [    0.000000] OF: fdt: - 275e00000 ,  200000
[2022-03-14 10:56:02] [    0.000000] OF: fdt: - 276600000 ,  200000
[2022-03-14 10:56:02] [    0.000000] OF: fdt: - 277000000 ,  200000
[2022-03-14 10:56:02] [    0.000000] earlycon: uart8250 at MMIO32 0x0000000003100000 (options '')
[2022-03-14 10:56:02] [    0.000000] bootconsole [uart8250] enabled
[2022-03-14 10:56:05] [    1.847245] cgroup: cgroup2: unknown option "nsdelegate"
[2022-03-14 10:56:06] [    2.975482] using random self ethernet address
[2022-03-14 10:56:06] [    2.983355] using random host ethernet address
[2022-03-14 10:56:06] [    3.081366] FAT-fs (loop0): Volume was not properly unmounted. Some data may be corrupt. Please run fsck.
[2022-03-14 10:56:06] [    3.493877] random: crng init done
[2022-03-14 10:56:06] [    3.497284] random: 7 urandom warning(s) missed due to ratelimiting
[2022-03-14 10:56:06] [    3.626961] using random self ethernet address
[2022-03-14 10:56:06] [    3.632169] using random host ethernet address
[2022-03-14 10:56:07] [    3.853300] CPU1: shutdown
[2022-03-14 10:56:07] [    3.910399] CPU2: shutdown
[2022-03-14 10:56:07] [    4.734151] Bridge firewalling registered
[2022-03-14 10:56:11] 
[2022-03-14 10:56:11] Ubuntu 18.04.5 LTS JTX2-A ttyS0
[2022-03-14 10:56:11] 
[2022-03-14 10:56:11] JTX2-A login: [  142.990898] CPU5: SError detected, daif=1c0, spsr=0x800000c5, mpidr=80000103, esr=bf40c000
[2022-03-14 10:58:26] [  142.990913] CPU4: SError detected, daif=1c0, spsr=0x800000c5, mpidr=80000102, esr=bf40c000
[2022-03-14 10:58:26] [  142.990928] CPU3: SError detected, daif=1c0, spsr=0x800000c5, mpidr=80000101, esr=bf40c000
[2022-03-14 10:58:26] [  142.990943] CPU0: SError detected, daif=1c0, spsr=0x800000c5, mpidr=80000100, esr=bf40c000
[2022-03-14 10:58:26] [  142.990949] **************************************
[2022-03-14 10:58:26] [  142.990966] A57 CPU Memory Error on CPU 4 (A57 Core 2)
[2022-03-14 10:58:26] [  142.990973] 	ESR:               0xbf40c000
[2022-03-14 10:58:26] [  142.990982] 	L2MERRSR: 0x10091086198
[2022-03-14 10:58:26] [  142.990990] 	L2 Data RAM: 0x11
[2022-03-14 10:58:26] [  142.990996] 	CPU ID of Error:    1
[2022-03-14 10:58:26] [  142.991002] 	WAY of Error:       0
[2022-03-14 10:58:26] [  142.991007] 	Index of Error:     24984
[2022-03-14 10:58:26] [  142.991012] 	Repeat Error Count: 0
[2022-03-14 10:58:26] [  142.991017] 	Other Error Count:  1
[2022-03-14 10:58:26] [  142.991020] **************************************
[2022-03-14 10:58:26] [  142.992455] ROC:CCE Machine Check Error:
[2022-03-14 10:58:26] [  142.992468] 	Address Type = Non-Secure DRAM
[2022-03-14 10:58:26] [  142.992516] 	Address = 0x25f2d31c8 -- System RAM + 0x16f0d31c8
[2022-03-14 10:58:26] [  142.992733] Bad mode in Error handler detected on CPU4, code 0xbf40c000 -- SError
[2022-03-14 10:58:26] [  142.992740] Kernel panic - not syncing: bad mode
[2022-03-14 10:58:26] [  142.992753] CPU: 4 PID: 0 Comm: swapper/4 Not tainted 4.9.253-tegra #1
[2022-03-14 10:58:26] [  142.992759] Hardware name: quill (DT)
[2022-03-14 10:58:26] [  142.992764] Call trace:
[2022-03-14 10:58:26] [  142.992789] [<ffffff800808ba40>] dump_backtrace+0x0/0x198
[2022-03-14 10:58:26] [  142.992805] [<ffffff800808c004>] show_stack+0x24/0x30
[2022-03-14 10:58:26] [  142.992822] [<ffffff8008f6121c>] dump_stack+0xa0/0xc4
[2022-03-14 10:58:26] [  142.992836] [<ffffff8008f5e2c0>] panic+0x12c/0x2a8
[2022-03-14 10:58:26] [  142.992850] [<ffffff800808c894>] bad_mode+0x7c/0x80
[2022-03-14 10:58:26] [  142.992863] [<ffffff800808ca5c>] handle_serr+0x124/0x128
[2022-03-14 10:58:26] [  142.992872] [<ffffff8008082d98>] el1_serr+0xb0/0x144
[2022-03-14 10:58:26] [  142.992887] [<ffffff8008ba09ac>] cpuidle_enter_state+0x84/0x380
[2022-03-14 10:58:26] [  142.992899] [<ffffff8008ba0d1c>] cpuidle_enter+0x34/0x48
[2022-03-14 10:58:26] [  142.992910] [<ffffff800811139c>] call_cpuidle+0x44/0x70
[2022-03-14 10:58:26] [  142.992919] [<ffffff8008111718>] cpu_startup_entry+0x1b0/0x200
[2022-03-14 10:58:26] [  142.992932] [<ffffff8008091cf8>] secondary_start_kernel+0x190/0x1f8
[2022-03-14 10:58:26] [  142.992940] [<000000008116e1a8>] 0x8116e1a8
[2022-03-14 10:58:26] [  142.992954] SMP: stopping secondary CPUs
[2022-03-14 10:58:26] [  143.177611] Kernel Offset: disabled
[2022-03-14 10:58:26] [  143.181119] Memory Limit: none
[2022-03-14 10:58:26] [  143.184184] trusty-log panic notifier - trusty version Built: 12:20:14 Jul 26 2021 [  143.220075] Rebooting in 5 seconds..
[2022-03-14 10:58:31] [0000.163] I> Welcome to MB2(TBoot-BPMP)(version: 01.00.160913-t186-M-00.00-mobile-c368a720)
[2022-03-14 10:58:31] [0000.171] I> Boot-device: eMMC
[2022-03-14 10:58:31] [0000.179] I> sdmmc bdev is already initialized
[2022-03-14 10:58:31] [0000.183] I> pmic: reset reason (nverc)	: 0x0
[2022-03-14 10:58:31] [0000.216] I> Found 19 partitions in SDMMC_BOOT (instance 3)
[2022-03-14 10:58:31] [0000.236] I> Found 33 partitions in SDMMC_USER (instance 3)
[2022-03-14 10:58:31] [0000.242] W> No valid slot number is found in scratch register
[2022-03-14 10:58:31] [0000.248] W> Return default slot: _a
[2022-03-14 10:58:31] [0000.251] I> A/B: bin_type (16) slot 0
[2022-03-14 10:58:31] [0000.255] I> Loading partition bpmp-fw at 0xd7800000
[2022-03-14 10:58:31] [0000.260] I> Reading two headers - addr:0xd7800000 blocks:1
[2022-03-14 10:58:31] [0000.265] I> Addr: 0xd7800000, start-block: 58777608, num_blocks: 1
[2022-03-14 10:58:31] [0000.290] I> Binary(16) of size 534416 is loaded @ 0xd7800000
[2022-03-14 10:58:31] [0000.296] W> No valid slot number is found in scratch register
[2022-03-14 10:58:31] [0000.301] W> Return default slot: _a
[2022-03-14 10:58:31] [0000.305] I> A/B: bin_type (17) slot 0
[2022-03-14 10:58:31] [0000.308] I> Loading partition bpmp-fw-dtb at 0xd79f0000
[2022-03-14 10:58:31] [0000.314] I> Reading two headers - addr:0xd79f0000 blocks:1
[2022-03-14 10:58:31] [0000.319] I> Addr: 0xd79f0000, start-block: 58780024, num_blocks: 1
[2022-03-14 10:58:31] [0000.345] I> Binary(17) of size 604720 is loaded @ 0xd796c400
[2022-03-14 10:58:31] [0000.575] I> Loading SCE-FW ...
[2022-03-14 10:58:31] [0000.578] W> No valid slot number is found in scratch register
[2022-03-14 10:58:31] [0000.583] W> Return default slot: _a
[2022-03-14 10:58:31] [0000.587] I> A/B: bin_type (12) slot 0
[2022-03-14 10:58:31] [0000.590] I> Loading partition sce-fw at 0xd7300000
[2022-03-14 10:58:32] [0000.595] I> Reading two headers - addr:0xd7300000 blocks:1
[2022-03-14 10:58:32] [0000.601] I> Addr: 0xd7300000, start-block: 58784120, num_blocks: 1
[2022-03-14 10:58:32] [0000.620] I> Binary(12) of size 125632 is loaded @ 0xd7300000
[2022-03-14 10:58:32] [0000.626] I> Init SCE
[2022-03-14 10:58:32] [0000.628] I> Loading APE-FW ...
[2022-03-14 10:58:32] [0000.631] W> No valid slot number is found in scratch register
[2022-03-14 10:58:32] [0000.637] W> Return default slot: _a
[2022-03-14 10:58:32] [0000.640] I> A/B: bin_type (11) slot 0
[2022-03-14 10:58:32] [0000.644] I> Loading partition adsp-fw at 0xd7400000
[2022-03-14 10:58:32] [0000.648] I> Reading two headers - addr:0xd7400000 blocks:1
[2022-03-14 10:58:32] [0000.654] I> Addr: 0xd7400000, start-block: 58761224, num_blocks: 1
[2022-03-14 10:58:32] [0000.673] I> Binary(11) of size 77216 is loaded @ 0xd7400000
[2022-03-14 10:58:32] [0000.679] I> Copy BTCM section
[2022-03-14 10:58:32] [0000.682] W> No valid slot number is found in scratch register
[2022-03-14 10:58:32] [0000.687] W> Return default slot: _a
[2022-03-14 10:58:32] [0000.691] I> A/B: bin_type (13) slot 0
[2022-03-14 10:58:32] [0000.694] I> Loading partition cpu-bootloader at 0x96000000
[2022-03-14 10:58:32] [0000.700] I> Reading two headers - addr:0x96000000 blocks:1
[2022-03-14 10:58:32] [0000.705] I> Addr: 0x96000000, start-block: 58740744, num_blocks: 1
[2022-03-14 10:58:32] [0000.726] I> Binary(13) of size 308800 is loaded @ 0x96000000
[2022-03-14 10:58:32] [0000.732] W> No valid slot number is found in scratch register
[2022-03-14 10:58:32] [0000.738] W> Return default slot: _a
[2022-03-14 10:58:32] [0000.741] I> A/B: bin_type (20) slot 0
[2022-03-14 10:58:32] [0000.745] I> Loading partition bootloader-dtb at 0x85205400
[2022-03-14 10:58:32] [0000.750] I> Reading two headers - addr:0x85205400 blocks:1
[2022-03-14 10:58:32] [0000.756] I> Addr: 0x85205400, start-block: 58742792, num_blocks: 1
[2022-03-14 10:58:32] [0000.777] I> Binary(20) of size 375568 is loaded @ 0x85205400
[2022-03-14 10:58:32] [0000.783] W> No valid slot number is found in scratch register
[2022-03-14 10:58:32] [0000.789] W> Return default slot: _a
[2022-03-14 10:58:32] [0000.792] I> A/B: bin_type (14) slot 0
[2022-03-14 10:58:32] [0000.796] I> Loading partition secure-os at 0x85305600
[2022-03-14 10:58:32] [0000.801] I> Reading two headers - addr:0x85305600 blocks:1
[2022-03-14 10:58:32] [0000.806] I> Addr: 0x85305600, start-block: 58744840, num_blocks: 1
[2022-03-14 10:58:32] [0000.829] I> Binary(14) of size 402864 is loaded @ 0x85305600
[2022-03-14 10:58:32] [0000.836] I> TOS boot-params @ 0x85000000
[2022-03-14 10:58:32] [0000.840] I> TOS params prepared
[2022-03-14 10:58:32] [0000.843] I> Loading EKS ...
[2022-03-14 10:58:32] [0000.846] I> A/B: bin_type (15) slot 0
[2022-03-14 10:58:32] [0000.850] I> Loading partition eks at 0x85905800
[2022-03-14 10:58:32] [0000.854] I> Reading two headers - addr:0x85905800 blocks:1
[2022-03-14 10:58:32] [0000.860] I> Addr: 0x85905800, start-block: 58757128, num_blocks: 1
[2022-03-14 10:58:32] [0000.878] I> Binary(15) of size 1040 is loaded @ 0x85905800
[2022-03-14 10:58:32] [0000.884] I> EKB detected (length: 0x400) @ 0x85905800
[2022-03-14 10:58:32] [0000.889] I> Copied encrypted keys
[2022-03-14 10:58:32] [0000.893] I> boot profiler @ 0x275844000
[2022-03-14 10:58:32] [0000.896] I> boot profiler for TOS @ 0x275844000
[2022-03-14 10:58:32] [0000.901] I> Unhalting SCE
[2022-03-14 10:58:32] [0000.904] I> Primary Memory Start:80000000 Size:70000000
[2022-03-14 10:58:32] [0000.909] I> Extended Memory Start:f0110000 Size:1856f0000
[2022-03-14 10:58:32] [0000.916] I> MB2(TBoot-BPMP) done
[2022-03-14 10:58:32] 
[2022-03-14 10:58:32] NOTICE:  BL31: v1.3(release):b5eeb33f7
[2022-03-14 10:58:32] NOTICE:  BL31: Built : 12:15:17, Jul 26 2021
[2022-03-14 10:58:32] ipc-unittest-main: 1519: Welcome to IPC unittest!!!
[2022-03-14 10:58:32] ipc-unittest-main: 1531: waiting forever
[2022-03-14 10:58:32] ipc-unittest-srv: 329: Init unittest services!!!
[2022-03-14 10:58:32] hwkey-agent: 41: hwkey-agent is running!!
[2022-03-14 10:58:32] hwkey-agent: 315: key_mgnt_processing .......
[2022-03-14 10:58:32] hwkey-agent: 223: Setting EKB key 0 to slot 14
[2022-03-14 10:58:32] hwkey-agent: 178: Init hweky-agent services!!
[2022-03-14 10:58:32] luks-srv: 40: luks-srv is running!!
[2022-03-14 10:58:32] luks-srv: 157: Init luks-srv IPC services!!
[2022-03-14 10:58:32] platform_bootstrap_epilog: trusty bootstrap complete
[2022-03-14 10:58:32] [0001.288] I> Welcome to Cboot
[2022-03-14 10:58:32] [0001.291] I> Cboot Version: t186-00029e71
[2022-03-14 10:58:32] [0001.295] I> CPU-BL Params @ 0x275800000
[2022-03-14 10:58:32] [0001.299] I>  0) Base:0x00000000 Size:0x00000000
[2022-03-14 10:58:32] [0001.303] I>  1) Base:0x277f00000 Size:0x00100000
[2022-03-14 10:58:32] [0001.308] I>  2) Base:0x277e00000 Size:0x00100000
[2022-03-14 10:58:32] [0001.312] I>  3) Base:0x277d00000 Size:0x00100000
[2022-03-14 10:58:32] [0001.317] I>  4) Base:0x277c00000 Size:0x00100000
[2022-03-14 10:58:32] [0001.321] I>  5) Base:0x277b00000 Size:0x00100000
[2022-03-14 10:58:32] [0001.326] I>  6) Base:0x277800000 Size:0x00200000
[2022-03-14 10:58:32] [0001.330] I>  7) Base:0x277400000 Size:0x00400000
[2022-03-14 10:58:32] [0001.335] I>  8) Base:0x277a00000 Size:0x00100000
[2022-03-14 10:58:32] [0001.339] I>  9) Base:0x277300000 Size:0x00100000
[2022-03-14 10:58:32] [0001.344] I> 10) Base:0x276800000 Size:0x00800000
[2022-03-14 10:58:32] [0001.348] I> 11) Base:0x30000000 Size:0x00040000
[2022-03-14 10:58:32] [0001.353] I> 12) Base:0xf0000000 Size:0x00100000
[2022-03-14 10:58:32] [0001.357] I> 13) Base:0x30040000 Size:0x00001000
[2022-03-14 10:58:32] [0001.362] I> 14) Base:0x30048000 Size:0x00001000
[2022-03-14 10:58:32] [0001.366] I> 15) Base:0x30049000 Size:0x00001000
[2022-03-14 10:58:32] [0001.370] I> 16) Base:0x3004a000 Size:0x00001000
[2022-03-14 10:58:32] [0001.375] I> 17) Base:0x3004b000 Size:0x00001000
[2022-03-14 10:58:32] [0001.379] I> 18) Base:0x3004c000 Size:0x00001000
[2022-03-14 10:58:32] [0001.384] I> 19) Base:0x3004d000 Size:0x00001000
[2022-03-14 10:58:32] [0001.388] I> 20) Base:0x3004e000 Size:0x00001000
[2022-03-14 10:58:32] [0001.393] I> 21) Base:0x3004f000 Size:0x00001000
[2022-03-14 10:58:32] [0001.397] I> 22) Base:0x00000000 Size:0x00000000
[2022-03-14 10:58:32] [0001.401] I> 23) Base:0xf0100000 Size:0x00010000
[2022-03-14 10:58:32] [0001.406] I> 24) Base:0x00000000 Size:0x00000000
[2022-03-14 10:58:32] [0001.410] I> 25) Base:0x00000000 Size:0x00000000
[2022-03-14 10:58:32] [0001.415] I> 26) Base:0x00000000 Size:0x00000000
[2022-03-14 10:58:32] [0001.419] I> 27) Base:0x00000000 Size:0x00000000
[2022-03-14 10:58:32] [0001.424] I> 28) Base:0x84400000 Size:0x00400000
[2022-03-14 10:58:32] [0001.428] I> 29) Base:0x30000000 Size:0x00010000
[2022-03-14 10:58:32] [0001.432] I> 30) Base:0x278000000 Size:0x08000000
[2022-03-14 10:58:32] [0001.437] I> 31) Base:0x00000000 Size:0x00000000
[2022-03-14 10:58:32] [0001.441] I> 32) Base:0x276000000 Size:0x00600000
[2022-03-14 10:58:32] [0001.446] I> 33) Base:0x80000000 Size:0x70000000
[2022-03-14 10:58:32] [0001.450] I> 34) Base:0xf0110000 Size:0x1856f0000
[2022-03-14 10:58:32] [0001.455] I> 35) Base:0x00000000 Size:0x00000000
[2022-03-14 10:58:32] [0001.459] I> 36) Base:0x00000000 Size:0x00000000
[2022-03-14 10:58:32] [0001.464] I> 37) Base:0x2772e0000 Size:0x00020000
[2022-03-14 10:58:32] [0001.468] I> 38) Base:0x84000000 Size:0x00400000
[2022-03-14 10:58:32] [0001.473] I> 39) Base:0x96000000 Size:0x02000000
[2022-03-14 10:58:32] [0001.477] I> 40) Base:0x85000000 Size:0x01200000
[2022-03-14 10:58:32] [0001.481] I> 41) Base:0x275800000 Size:0x00500000
[2022-03-14 10:58:32] [0001.486] I> 42) Base:0x00000000 Size:0x00000000
[2022-03-14 10:58:32] [0001.490] I> 43) Base:0x00000000 Size:0x00000000
[2022-03-14 10:58:32] [0001.495] GIC-SPI Target CPU: 4
[2022-03-14 10:58:32] [0001.498] Interrupts Init done
[2022-03-14 10:58:32] [0001.501] calling constructors
[2022-03-14 10:58:32] [0001.505] initializing heap
[2022-03-14 10:58:32] [0001.507] initializing threads
[2022-03-14 10:58:32] [0001.510] initializing timers
[2022-03-14 10:58:32] [0001.514] creating bootstrap completion thread
[2022-03-14 10:58:32] [0001.518] top of bootstrap2()
[2022-03-14 10:58:32] [0001.521] CPU: ARM Cortex A57
[2022-03-14 10:58:32] [0001.524] CPU: MIDR: 0x411FD073, MPIDR: 0x80000100
[2022-03-14 10:58:32] [0001.530] initializing platform
[2022-03-14 10:58:32] [0001.533] I> Bl_dtb @0x85205400
[2022-03-14 10:58:32] [0001.536] I> gpio framework initialized
[2022-03-14 10:58:32] [0001.542] I> tegrabl_gpio_driver_register: register 'nvidia,tegra186-gpio' driver
[2022-03-14 10:58:32] [0001.552] I> tegrabl_gpio_driver_register: register 'nvidia,tegra186-gpio-aon' driver
[2022-03-14 10:58:32] [0001.560] I> GPIO framework and drivers are initialized.
[2022-03-14 10:58:32] [0001.565] I> Boot-device: eMMC
[2022-03-14 10:58:32] [0001.572] I> sdmmc bdev is already initialized
[2022-03-14 10:58:33] [0001.603] I> Found 19 partitions in SDMMC_BOOT (instance 3)
[2022-03-14 10:58:33] [0001.621] I> Found 33 partitions in SDMMC_USER (instance 3)
[2022-03-14 10:58:33] [0001.626] W> opt-in fuse is not set, skip fuse_burning
[2022-03-14 10:58:33] [0001.631] I> Reserved memory at 0xfbe00000 for U-Boot relocation
[2022-03-14 10:58:33] [0001.637] W> No valid slot number is found in scratch register
[2022-03-14 10:58:33] [0001.643] W> Return default slot: _a
[2022-03-14 10:58:33] [0001.652] I> A/B: bin_type (21) slot 0
[2022-03-14 10:58:33] [0001.656] I> Loading kernel-dtb from partition
[2022-03-14 10:58:33] [0001.660] I> Loading partition kernel-dtb at 0x80000000 from device(0x1)
[2022-03-14 10:58:33] [0001.677] I> Kernel_dtb @0x80000000
[2022-03-14 10:58:33] [0001.680] I> tegrabl_tca9539_init: i2c bus: 0, slave addr: 0xee
[2022-03-14 10:58:33] [0001.691] I> tegrabl_gpio_driver_register: register 'tca9539_gpio_driver' driver
[2022-03-14 10:58:33] [0001.698] I> tegrabl_tca9539_init: i2c bus: 0, slave addr: 0xe8
[2022-03-14 10:58:33] [0001.707] I> tegrabl_gpio_driver_register: register 'tca9539_gpio_driver' driver
[2022-03-14 10:58:33] [0001.717] I> fixed regulator driver initialized
[2022-03-14 10:58:33] [0001.750] I> register 'maxim' power off handle
[2022-03-14 10:58:33] [0001.757] I> virtual i2c enabled
[2022-03-14 10:58:33] [0001.760] I> registered 'maxim,max77620' pmic
[2022-03-14 10:58:33] [0001.764] I> tegrabl_gpio_driver_register: register 'max77620-gpio' driver
[2022-03-14 10:58:33] [0001.778] E> failed to read label property for node 324936: 13
[2022-03-14 10:58:33] [0001.786] E> failed to read reg property for node 325032: 13
[2022-03-14 10:58:33] [0001.795] E> failed to read reg property for node 325084: 13
[2022-03-14 10:58:33] [0001.803] E> failed to read label property for node 325168: 13
[2022-03-14 10:58:33] [0001.811] E> failed to read label property for node 325236: 13
[2022-03-14 10:58:33] [0001.820] E> failed to read reg property for node 325304: 13
[2022-03-14 10:58:33] [0001.828] E> failed to read reg property for node 325376: 13
[2022-03-14 10:58:33] [0001.838] I> Find /i2c@c250000's alias i2c7
[2022-03-14 10:58:33] [0001.842] I> Reading eeprom i2c=7 address=0x50
[2022-03-14 10:58:33] [0001.872] I> Device at /i2c@c250000:0x50
[2022-03-14 10:58:33] [0001.875] I> Reading eeprom i2c=7 address=0x57
[2022-03-14 10:58:33] [0001.904] I> Device at /i2c@c250000:0x57
[2022-03-14 10:58:33] [0001.908] I> Find /i2c@c240000's alias i2c1
[2022-03-14 10:58:33] [0001.912] I> Reading eeprom i2c=1 address=0x51
[2022-03-14 10:58:33] [0001.917] E> I2C: slave not found in slaves.
[2022-03-14 10:58:33] [0001.922] E> I2C: Could not write 0 bytes to slave: 0x00a2 with repeat start true.
[2022-03-14 10:58:33] [0001.929] E> I2C_DEV: Failed to send register address 0x00000000.
[2022-03-14 10:58:33] [0001.935] E> I2C_DEV: Could not read 256 registers of size 1 from slave 0xa2 at 0x00000000 via instance 1.
[2022-03-14 10:58:33] [0001.945] E> eeprom: Retry to read I2C slave device.
[2022-03-14 10:58:33] [0001.950] E> I2C: slave not found in slaves.
[2022-03-14 10:58:33] [0001.954] E> I2C: Could not write 0 bytes to slave: 0x00a2 with repeat start true.
[2022-03-14 10:58:33] [0001.961] E> I2C_DEV: Failed to send register address 0x00000000.
[2022-03-14 10:58:33] [0001.967] E> I2C_DEV: Could not read 256 registers of size 1 from slave 0xa2 at 0x00000000 via instance 1.
[2022-03-14 10:58:33] [0001.977] E> eeprom: Failed to read I2C slave device
[2022-03-14 10:58:33] [0001.982] I> Eeprom read failed 0x3526070d
[2022-03-14 10:58:33] [0001.986] I> Find /i2c@3160000's alias i2c0
[2022-03-14 10:58:33] [0001.990] I> Reading eeprom i2c=0 address=0x50
[2022-03-14 10:58:33] [0001.994] E> I2C: slave not found in slaves.
[2022-03-14 10:58:33] [0001.998] E> I2C: Could not write 0 bytes to slave: 0x00a0 with repeat start true.
[2022-03-14 10:58:33] [0002.006] E> I2C_DEV: Failed to send register address 0x00000000.
[2022-03-14 10:58:33] [0002.012] E> I2C_DEV: Could not read 256 registers of size 1 from slave 0xa0 at 0x00000000 via instance 0.
[2022-03-14 10:58:33] [0002.022] E> eeprom: Failed to read I2C slave device
[2022-03-14 10:58:33] [0002.026] I> Eeprom read failed 0x3526070d
[2022-03-14 10:58:33] [0002.031] I> Find /i2c@3180000's alias i2c2
[2022-03-14 10:58:33] [0002.035] I> Reading eeprom i2c=2 address=0x54
[2022-03-14 10:58:33] [0002.039] I> Enabling gpio chip_id = 2, gpio pin = 9
[2022-03-14 10:58:33] [0002.070] I> Disabling gpio chip_id = 2, gpio pin = 9
[2022-03-14 10:58:33] [0002.075] I> Device at /i2c@3180000:0x54
[2022-03-14 10:58:33] [0002.079] I> Reading eeprom i2c=2 address=0x57
[2022-03-14 10:58:33] [0002.083] I> Enabling gpio chip_id = 2, gpio pin = 9
[2022-03-14 10:58:33] [0002.089] E> I2C: slave not found in slaves.
[2022-03-14 10:58:33] [0002.093] E> I2C: Could not write 0 bytes to slave: 0x00ae with repeat start true.
[2022-03-14 10:58:33] [0002.101] E> I2C_DEV: Failed to send register address 0x00000000.
[2022-03-14 10:58:33] [0002.107] E> I2C_DEV: Could not read 256 registers of size 1 from slave 0xae at 0x00000000 via instance 2.
[2022-03-14 10:58:33] [0002.116] E> eeprom: Failed to read I2C slave device
[2022-03-14 10:58:33] [0002.121] I> Disabling gpio chip_id = 2, gpio pin = 9
[2022-03-14 10:58:33] [0002.126] I> Eeprom read failed 0x00000000
[2022-03-14 10:58:33] [0002.130] I> create_pm_ids: id: 3310-1000-D00-L, len: 15
[2022-03-14 10:58:33] [0002.135] I> config: mem-type:00,power-config:00,misc-config:00,modem-config:00,touch-config:00,display-config:00,, len: 93
[2022-03-14 10:58:33] [0002.146] I> create_pm_ids: id: 2597-0000-900-E, len: 15
[2022-03-14 10:58:33] [0002.151] I> config: mem-type:00,power-config:00,misc-config:00,modem-config:00,touch-config:00,display-config:00,, len: 93
[2022-03-14 10:58:33] [0002.162] I> create_pm_ids: id: 3326-1000-000-M, len: 15
[2022-03-14 10:58:33] [0002.167] I> config: mem-type:ff,power-config:ff,misc-config:ff,modem-config:ff,touch-config:ff,display-config:ff,, len: 93
[2022-03-14 10:58:33] [0002.202] I> enabling 'vdd-hdmi' regulator
[2022-03-14 10:58:33] [0002.218] I> regulator 'vdd-hdmi' already enabled
[2022-03-14 10:58:33] [0002.222] E> tegrabl_display_init_regulator: hdmi cable is not connected
[2022-03-14 10:58:33] [0002.229] E> tegrabl_display_get_pdata, failed to parse dtb settings
[2022-03-14 10:58:33] [0002.238] E> cannot find any other nvdisp nodes
[2022-03-14 10:58:33] [0002.242] E> no valid display unit config found in dtb
[2022-03-14 10:58:33] [0002.248] W> display init failed
[2022-03-14 10:58:33] [0002.251] initializing target
[2022-03-14 10:58:33] [0002.254] calling apps_init()
[2022-03-14 10:58:33] [0002.257] starting app kernel_boot_app
[2022-03-14 10:58:33] [0002.279] I> found decompressor handler: lz4-legacy
[2022-03-14 10:58:33] [0002.284] I> decompressing BMP blob ...
[2022-03-14 10:58:33] [0002.296] I> Kernel type = Normal
[2022-03-14 10:58:33] [0002.299] I> ########## Fixed storage boot ##########
[2022-03-14 10:58:33] [0002.304] I> Loading kernel-bootctrl from partition
[2022-03-14 10:58:33] [0002.309] I> Loading partition kernel-bootctrl at 0xa8000000 from device(0x1)
[2022-03-14 10:58:33] [0002.323] W> tegrabl_get_kernel_bootctrl: magic number(0x00000000) is invalid
[2022-03-14 10:58:33] [0002.330] W> tegrabl_get_kernel_bootctrl: use default dummy boot control data
[2022-03-14 10:58:33] [0002.337] W> No valid slot number is found in scratch register
[2022-03-14 10:58:33] [0002.343] W> Return default slot: _a
[2022-03-14 10:58:33] [0002.346] I> A/B: bin_type (24) slot 0
[2022-03-14 10:58:33] [0002.362] I> Boot image size read from image header: 9913d
[2022-03-14 10:58:33] [0002.367] I> Boot image load address: 0x80400000
[2022-03-14 10:58:33] [0002.372] I> Loading kernel from partition
[2022-03-14 10:58:33] [0002.376] I> Loading partition kernel at 0x80400000 from device(0x1)
[2022-03-14 10:58:34] [0003.318] I> Validate kernel ...
[2022-03-14 10:58:34] [0003.321] I> T18x: Authenticate kernel (bin_type 24), max size 0x4000000
[2022-03-14 10:58:34] [0003.329] I> Decrypt the buffer ... [0003.332] W> tegrabl_decrypt_block: fuse (0x0) is not burnt to do encryption (0x4); skip decryption.
[2022-03-14 10:58:34] [0003.341] I> done
[2022-03-14 10:58:34] [0003.343] I> Checking boot.img header magic ... [0003.347] I> [OK]
[2022-03-14 10:58:34] [0003.349] I> kernel-dtb is already loaded
[2022-03-14 10:58:34] [0003.352] I> Validate kernel-dtb ...
[2022-03-14 10:58:34] [0003.356] I> T18x: Authenticate kernel-dtb (bin_type 21), max size 0x100000
[2022-03-14 10:58:34] [0003.363] I> Decrypt the buffer ... [0003.367] W> tegrabl_decrypt_block: fuse (0x0) is not burnt to do encryption (0x4); skip decryption.
[2022-03-14 10:58:34] [0003.375] I> done
[2022-03-14 10:58:34] [0003.377] I> Kernel hdr @0x80400000
[2022-03-14 10:58:34] [0003.381] I> Kernel dtb @0x80000000
[2022-03-14 10:58:34] [0003.384] I> decompressor handler not found
[2022-03-14 10:58:34] [0003.388] I> Copying kernel image (627005 bytes) from 0x80400800 to 0x80600000 ... [0003.395] I> Done
[2022-03-14 10:58:34] [0003.397] I> Move ramdisk (len: 0) from 0x8049a000 to 0x947d0000
[2022-03-14 10:58:34] [0003.405] I> Updated bpmp info to DTB
[2022-03-14 10:58:34] [0003.411] I> Ramdisk: Base: 0x947d0000; Size: 0x0
[2022-03-14 10:58:34] [0003.415] I> Updated initrd info to DTB
[2022-03-14 10:58:34] [0003.419] W> WARN: Fail to override "console=none" in commandline
[2022-03-14 10:58:34] [0003.425] I> Active rootfs suffix: 
[2022-03-14 10:58:34] [0003.428] E> tegrabl_linuxboot_add_disp_param, du 0 failed to get display params
[2022-03-14 10:58:34] [0003.435] E> tegrabl_linuxboot_add_disp_param, du 0 failed to get display params
[2022-03-14 10:58:34] [0003.443] E> tegrabl_linuxboot_add_disp_param, du 0 failed to get display params
[2022-03-14 10:58:34] [0003.450] I> disabled_core_mask: 0xffffff0c
[2022-03-14 10:58:34] [0003.454] W> No valid slot number is found in scratch register
[2022-03-14 10:58:34] [0003.459] W> Return default slot: _a
[2022-03-14 10:58:34] [0003.463] I> Active slot suffix: 
[2022-03-14 10:58:34] [0003.466] I> add_boot_slot_suffix: slot_suffix = 
[2022-03-14 10:58:34] [0003.470] I> Linux Cmdline: console=ttyS0,115200 androidboot.presilicon=true firmware_class.path=/etc/firmware root=/dev/mmcblk0p1 rw rootwait rootfstype=ext4 console=ttyS0,115200n8 console=tty0 fbcon=map:0 net.ifnames=0 isolcpus=1-2  video=tegrafb earlycon=uart8250,mmio32,0x3100000 nvdumper_reserved=0x2772e0000 gpt rootfs.slot_suffix= usbcore.old_scheme_first=1 tegraid=18.1.2.0.0 maxcpus=6 no_console_suspend boot.slot_suffix= boot.ratchetvalues=0.2031647.1 vpr_resize bl_prof_dataptr=0x10000@0x275840000 sdhci_tegra.en_boot_part_access=1 
[2022-03-14 10:58:34] [0003.518] I> Updated bootarg info to DTB
[2022-03-14 10:58:34] [0003.522] I> eeprom_get_mac_addr: MAC (type: 0): 48:b0:2d:0f:11:c5
[2022-03-14 10:58:34] [0003.528] I> eeprom_get_mac_addr: MAC (type: 1): 48:b0:2d:0f:11:c6
[2022-03-14 10:58:34] [0003.534] I> eeprom_get_mac_addr: MAC (type: 2): 48:b0:2d:0f:11:c7
[2022-03-14 10:58:34] [0003.540] E> Found no plugin manager ids in source DT
[2022-03-14 10:58:34] [0003.545] W> Add plugin manager ids from board info
[2022-03-14 10:58:34] [0003.550] W> "plugin-manager" doesn't exist, creating
[2022-03-14 10:58:34] [0003.555] W> "ids" doesn't exist, creating
[2022-03-14 10:58:34] [0003.559] W> "connection" doesn't exist, creating
[2022-03-14 10:58:34] [0003.564] W> "configs" doesn't exist, creating
[2022-03-14 10:58:34] [0003.568] I> create_pm_ids: id: 3310-1000-D00-L, len: 15
[2022-03-14 10:58:34] [0003.573] I> config: mem-type:00,power-config:00,misc-config:00,modem-config:00,touch-config:00,display-config:00,, len: 93
[2022-03-14 10:58:34] [0003.584] I> create_pm_ids: id: 2597-0000-900-E, len: 15
[2022-03-14 10:58:34] [0003.589] I> config: mem-type:00,power-config:00,misc-config:00,modem-config:00,touch-config:00,display-config:00,, len: 93
[2022-03-14 10:58:35] [0003.600] I> create_pm_ids: id: 3326-1000-000-M, len: 15
[2022-03-14 10:58:35] [0003.605] I> config: mem-type:ff,power-config:ff,misc-config:ff,modem-config:ff,touch-config:ff,display-config:ff,, len: 93
[2022-03-14 10:58:35] [0003.616] I> Adding plugin-manager/ids/3310-1000-D00=/i2c@c250000:module@0x50
[2022-03-14 10:58:35] [0003.623] W> "i2c@c250000" doesn't exist, creating
[2022-03-14 10:58:35] [0003.628] W> "module@0x50" doesn't exist, creating
[2022-03-14 10:58:35] [0003.633] I> Adding plugin-manager/ids/2597-0000-900=/i2c@c250000:module@0x57
[2022-03-14 10:58:35] [0003.640] W> "module@0x57" doesn't exist, creating
[2022-03-14 10:58:35] [0003.645] I> Adding plugin-manager/ids/3326-1000-000=/i2c@3180000:module@0x54
[2022-03-14 10:58:35] [0003.652] W> "i2c@3180000" doesn't exist, creating
[2022-03-14 10:58:35] [0003.657] W> "module@0x54" doesn't exist, creating
[2022-03-14 10:58:35] [0003.664] I> Adding plugin-manager/ids/3310-1000-D00-L
[2022-03-14 10:58:35] [0003.671] I> Adding plugin-manager/configs/3310-mem-type 00
[2022-03-14 10:58:35] [0003.677] I> Adding plugin-manager/configs/3310-power-config 00
[2022-03-14 10:58:35] [0003.683] I> Adding plugin-manager/configs/3310-misc-config 00
[2022-03-14 10:58:35] [0003.688] I> Adding plugin-manager/configs/3310-modem-config 00
[2022-03-14 10:58:35] [0003.694] I> Adding plugin-manager/configs/3310-touch-config 00
[2022-03-14 10:58:35] [0003.700] I> Adding plugin-manager/configs/3310-display-config 00
[2022-03-14 10:58:35] [0003.707] I> Adding plugin-manager/cvm
[2022-03-14 10:58:35] [0003.710] W> "chip-id" doesn't exist, creating
[2022-03-14 10:58:35] [0003.715] I> Adding plugin-manager/chip-id/A02P
[2022-03-14 10:58:35] [0003.719] W> "odm-data" doesn't exist, creating
[2022-03-14 10:58:35] [0003.724] I> Adding /chosen/plugin-manager/odm-data
[2022-03-14 10:58:35] [0003.734] I> added [base:0x80000000, size:0x70000000] to /memory
[2022-03-14 10:58:35] [0003.740] I> added [base:0xf0200000, size:0x185600000] to /memory
[2022-03-14 10:58:35] [0003.745] I> added [base:0x275e00000, size:0x200000] to /memory
[2022-03-14 10:58:35] [0003.751] I> added [base:0x276600000, size:0x200000] to /memory
[2022-03-14 10:58:35] [0003.757] I> added [base:0x277000000, size:0x200000] to /memory
[2022-03-14 10:58:35] [0003.763] I> Updated memory info to DTB
[2022-03-14 10:58:35] [0003.767] E> add_disp_param: failed to get display params for du=0
[2022-03-14 10:58:35] [0003.775] W> "reset" doesn't exist, creating
